2026-07-03 11:54:06,591 [INFO] __main__ — config 검증 완료 ✓
2026-07-03 11:54:06,591 [INFO] __main__ — ============================================================
2026-07-03 11:54:06,591 [INFO] __main__ — AlphaRadar v3.3.1  |  기준일: 20260703
2026-07-03 11:54:06,591 [INFO] __main__ — S = T×0.3 + S_text×0.4 + D×0.3
2026-07-03 11:54:06,591 [INFO] __main__ — ============================================================
2026-07-03 11:54:06,591 [INFO] __main__ — ▶ Step 0: 유니버스 필터링
2026-07-03 11:54:06,854 [INFO] __main__ — FDR 데이터 수집: 20251228 ~ 20260703
2026-07-03 11:54:09,510 [INFO] __main__ — KOSPI: 945개 | 섹터정보 835개 (DART +835개 보완)
2026-07-03 11:54:09,511 [INFO] __main__ — KOSDAQ: 1821개 | 섹터정보 1821개
2026-07-03 11:54:09,511 [INFO] __main__ — 전체: 2766개
2026-07-03 11:54:11,425 [INFO] __main__ — KIS 토큰 발급 완료
2026-07-03 12:08:04,355 [INFO] __main__ — DART corp_code 매핑: 2164/2217개 (97%)
2026-07-03 12:08:04,356 [INFO] __main__ — 유효 유니버스: 2217개
2026-07-03 12:08:04,367 [INFO] __main__ —   → 2217개
2026-07-03 12:08:04,367 [INFO] __main__ — ▶ Step 1: 신호 탐지
2026-07-03 12:08:04,367 [INFO] __main__ — NaverClient: 3개 키 로드 (DataLab·검색 독립 회전)
2026-07-03 12:08:04,367 [INFO] __main__ — 관심 지수 및 부정 뉴스 비율 조회 중...
2026-07-03 12:11:14,116 [INFO] __main__ — 부정 키워드 감지: 36개 종목 (neg_ratio > 0)
2026-07-03 12:11:14,123 [INFO] __main__ — POOL_A: 1179개 (A:714 B:247 동시:218)
  대형:96 중형:237 소형:846
2026-07-03 12:11:14,131 [INFO] __main__ —   → POOL_A: 1179개
2026-07-03 12:11:14,132 [INFO] __main__ — ▶ Step 2: 하드 필터링
2026-07-03 12:11:14,133 [INFO] __main__ — 하드 필터 제거: 1139개 | 이격도상한 29 | 이격도하한 399 | MA추세 642 | RSI과열 3 | 거래대금 66
2026-07-03 12:11:14,133 [INFO] __main__ — POOL_B: 40개 | 대형:6 중형:14 소형:20
2026-07-03 12:11:14,133 [INFO] __main__ —   → POOL_B: 40개
2026-07-03 12:11:14,133 [INFO] __main__ — ▶ Step 3: 스코어링 (FinBERT 감성 분석)
2026-07-03 12:11:14,133 [INFO] __main__ — NaverClient: 3개 키 로드 (DataLab·검색 독립 회전)
2026-07-03 12:11:14,133 [INFO] __main__ — 텍스트 신규 수집: 40종목 (캐시 적중 0종목)
2026-07-03 12:12:01,046 [INFO] __main__ — 수집 완료: 뉴스 339건 | 공시 207건
2026-07-03 12:12:01,046 [INFO] __main__ — FinBERT 감성 분석 (finbert 모드)...
2026-07-03 12:12:01,046 [INFO] __main__ — FinBERT 로딩: snunlp/KR-FinBert-SC (CPU, batch=8)
2026-07-03 12:12:01,161 [INFO] httpx — HTTP Request: GET https://huggingface.co/api/agent-harnesses "HTTP/1.1 200 OK"
2026-07-03 12:12:01,236 [INFO] httpx — HTTP Request: HEAD https://huggingface.co/snunlp/KR-FinBert-SC/resolve/main/config.json "HTTP/1.1 307 Temporary Redirect"
2026-07-03 12:12:01,241 [INFO] httpx — HTTP Request: HEAD https://huggingface.co/api/resolve-cache/models/snunlp/KR-FinBert-SC/f8586286cc3161fb648e9fee09a456069fd846d0/config.json "HTTP/1.1 200 OK"
2026-07-03 12:12:01,326 [INFO] httpx — HTTP Request: HEAD https://huggingface.co/snunlp/KR-FinBert-SC/resolve/main/model.safetensors "HTTP/1.1 404 Not Found"
2026-07-03 12:12:01,408 [INFO] httpx — HTTP Request: GET https://huggingface.co/api/models/snunlp/KR-FinBert-SC "HTTP/1.1 200 OK"
2026-07-03 12:12:01,502 [INFO] httpx — HTTP Request: GET https://huggingface.co/api/models/snunlp/KR-FinBert-SC/commits/main "HTTP/1.1 200 OK"
2026-07-03 12:12:01,513 [INFO] httpx — HTTP Request: GET https://huggingface.co/api/models/snunlp/KR-FinBert-SC/tree/main/additional_chat_templates?recursive=false&expand=false "HTTP/1.1 404 Not Found"
2026-07-03 12:12:01,595 [INFO] httpx — HTTP Request: GET https://huggingface.co/api/models/snunlp/KR-FinBert-SC/tree/main?recursive=true&expand=false "HTTP/1.1 200 OK"
2026-07-03 12:12:01,627 [INFO] httpx — HTTP Request: GET https://huggingface.co/api/models/snunlp/KR-FinBert-SC/discussions?p=0 "HTTP/1.1 200 OK"
2026-07-03 12:12:01,687 [INFO] httpx — HTTP Request: HEAD https://huggingface.co/snunlp/KR-FinBert-SC/resolve/main/processor_config.json "HTTP/1.1 404 Not Found"
2026-07-03 12:12:01,688 [WARNING] huggingface_hub.utils._http — Warning: You are sending unauthenticated requests to the HF Hub. Please set a HF_TOKEN to enable higher rate limits and faster downloads.
2026-07-03 12:12:01,710 [INFO] httpx — HTTP Request: GET https://huggingface.co/api/models/snunlp/KR-FinBert-SC/commits/refs%2Fpr%2F3 "HTTP/1.1 200 OK"
2026-07-03 12:12:01,758 [INFO] httpx — HTTP Request: HEAD https://huggingface.co/snunlp/KR-FinBert-SC/resolve/main/video_preprocessor_config.json "HTTP/1.1 404 Not Found"
2026-07-03 12:12:01,783 [INFO] httpx — HTTP Request: HEAD https://huggingface.co/snunlp/KR-FinBert-SC/resolve/refs%2Fpr%2F3/model.safetensors.index.json "HTTP/1.1 404 Not Found"
2026-07-03 12:12:01,833 [INFO] httpx — HTTP Request: HEAD https://huggingface.co/snunlp/KR-FinBert-SC/resolve/main/preprocessor_config.json "HTTP/1.1 404 Not Found"
2026-07-03 12:12:01,834 [INFO] __main__ — FinBERT 로드 완료 (CPU)
2026-07-03 12:12:01,855 [INFO] httpx — HTTP Request: HEAD https://huggingface.co/snunlp/KR-FinBert-SC/resolve/refs%2Fpr%2F3/model.safetensors "HTTP/1.1 302 Found"
2026-07-03 12:12:12,494 [INFO] __main__ — Phase A.1: 매핑 신뢰도 < 0.5 → 감성 점수 폐기 32건
2026-07-03 12:12:12,495 [INFO] __main__ — 스코어링: 40개 | 집중:0 | FinBERT:finbert
2026-07-03 12:12:12,506 [INFO] __main__ —   → 40개
2026-07-03 12:12:12,506 [INFO] __main__ — ▶ Step 4: 발송
2026-07-03 12:12:16,516 [WARNING] __main__ — 텔레그램 발송 실패 그룹 → mark_sent skip 5개 (다음 실행 시 재발송 대상)
2026-07-03 12:12:16,517 [INFO] __main__ — DB 기록: 0개 / 전체 to_send 5개
2026-07-03 12:12:16,517 [INFO] __main__ — 발송: 집중 0 / 주시 0
2026-07-03 12:12:16,517 [INFO] __main__ — 완료  |  소요: 1089.9초
