2026-06-03 00:16:29,177 [INFO] __main__ — config 검증 완료 ✓
2026-06-03 00:16:29,177 [INFO] __main__ — ============================================================
2026-06-03 00:16:29,177 [INFO] __main__ — AlphaRadar v3.3.1  |  기준일: 20260603
2026-06-03 00:16:29,177 [INFO] __main__ — S = T×0.3 + S_text×0.4 + D×0.3
2026-06-03 00:16:29,177 [INFO] __main__ — ============================================================
2026-06-03 00:16:29,177 [INFO] __main__ — ▶ Step 0: 유니버스 필터링
2026-06-03 00:16:29,355 [INFO] __main__ — FDR 데이터 수집: 20251128 ~ 20260603
2026-06-03 00:16:30,599 [INFO] __main__ — KOSPI: 948개 | 섹터정보 838개 (DART +838개 보완)
2026-06-03 00:16:30,600 [INFO] __main__ — KOSDAQ: 1822개 | 섹터정보 1822개
2026-06-03 00:16:30,600 [INFO] __main__ — 전체: 2770개
2026-06-03 00:16:33,279 [INFO] __main__ — KIS 토큰 발급 완료
2026-06-03 00:32:39,601 [INFO] __main__ — DART corp_code 매핑: 2231/2285개 (97%)
2026-06-03 00:32:39,601 [INFO] __main__ — 유효 유니버스: 2285개
2026-06-03 00:32:39,611 [INFO] __main__ —   → 2285개
2026-06-03 00:32:39,612 [INFO] __main__ — ▶ Step 1: 신호 탐지
2026-06-03 00:32:39,612 [INFO] __main__ — NaverClient: 3개 키 로드 (DataLab·검색 독립 회전)
2026-06-03 00:32:39,612 [INFO] __main__ — 관심 지수 및 부정 뉴스 비율 조회 중...
2026-06-03 00:36:41,797 [INFO] __main__ — 부정 키워드 감지: 20개 종목 (neg_ratio > 0)
2026-06-03 00:36:41,805 [INFO] __main__ — POOL_A: 1072개 (A:963 B:31 동시:78)
  대형:81 중형:205 소형:786
2026-06-03 00:36:41,811 [INFO] __main__ —   → POOL_A: 1072개
2026-06-03 00:36:41,811 [INFO] __main__ — ▶ Step 2: 하드 필터링
2026-06-03 00:36:41,812 [INFO] __main__ — 하드 필터 제거: 990개 | 이격도상한 44 | 이격도하한 710 | MA추세 139 | RSI과열 6 | 거래대금 91
2026-06-03 00:36:41,813 [INFO] __main__ — POOL_B: 82개 | 대형:12 중형:25 소형:45
2026-06-03 00:36:41,813 [INFO] __main__ —   → POOL_B: 82개
2026-06-03 00:36:41,813 [INFO] __main__ — ▶ Step 3: 스코어링 (FinBERT 감성 분석)
2026-06-03 00:36:41,813 [INFO] __main__ — NaverClient: 3개 키 로드 (DataLab·검색 독립 회전)
2026-06-03 00:36:41,813 [INFO] __main__ — 텍스트 신규 수집: 82종목 (캐시 적중 0종목)
2026-06-03 00:38:47,729 [INFO] __main__ — 수집 완료: 뉴스 721건 | 공시 750건
2026-06-03 00:38:47,730 [INFO] __main__ — FinBERT 감성 분석 (finbert 모드)...
2026-06-03 00:38:47,730 [INFO] __main__ — FinBERT 로딩: snunlp/KR-FinBert-SC (CPU, batch=8)
2026-06-03 00:38:47,813 [INFO] httpx — HTTP Request: HEAD https://huggingface.co/snunlp/KR-FinBert-SC/resolve/main/config.json "HTTP/1.1 307 Temporary Redirect"
2026-06-03 00:38:47,814 [WARNING] huggingface_hub.utils._http — Warning: You are sending unauthenticated requests to the HF Hub. Please set a HF_TOKEN to enable higher rate limits and faster downloads.
2026-06-03 00:38:47,821 [INFO] httpx — HTTP Request: HEAD https://huggingface.co/api/resolve-cache/models/snunlp/KR-FinBert-SC/f8586286cc3161fb648e9fee09a456069fd846d0/config.json "HTTP/1.1 200 OK"
2026-06-03 00:38:47,860 [INFO] httpx — HTTP Request: HEAD https://huggingface.co/snunlp/KR-FinBert-SC/resolve/main/model.safetensors "HTTP/1.1 404 Not Found"
2026-06-03 00:38:47,886 [INFO] httpx — HTTP Request: GET https://huggingface.co/api/models/snunlp/KR-FinBert-SC "HTTP/1.1 200 OK"
2026-06-03 00:38:47,917 [INFO] httpx — HTTP Request: GET https://huggingface.co/api/models/snunlp/KR-FinBert-SC/commits/main "HTTP/1.1 200 OK"
2026-06-03 00:38:47,946 [INFO] httpx — HTTP Request: GET https://huggingface.co/api/models/snunlp/KR-FinBert-SC/discussions?p=0 "HTTP/1.1 200 OK"
2026-06-03 00:38:47,972 [INFO] httpx — HTTP Request: GET https://huggingface.co/api/models/snunlp/KR-FinBert-SC/commits/refs%2Fpr%2F3 "HTTP/1.1 200 OK"
2026-06-03 00:38:47,988 [INFO] httpx — HTTP Request: HEAD https://huggingface.co/snunlp/KR-FinBert-SC/resolve/refs%2Fpr%2F3/model.safetensors.index.json "HTTP/1.1 404 Not Found"
2026-06-03 00:38:47,992 [INFO] httpx — HTTP Request: GET https://huggingface.co/api/models/snunlp/KR-FinBert-SC/tree/main/additional_chat_templates?recursive=false&expand=false "HTTP/1.1 404 Not Found"
2026-06-03 00:38:48,005 [INFO] httpx — HTTP Request: HEAD https://huggingface.co/snunlp/KR-FinBert-SC/resolve/refs%2Fpr%2F3/model.safetensors "HTTP/1.1 302 Found"
2026-06-03 00:38:48,011 [INFO] httpx — HTTP Request: GET https://huggingface.co/api/models/snunlp/KR-FinBert-SC/tree/main?recursive=true&expand=false "HTTP/1.1 200 OK"
2026-06-03 00:38:48,031 [INFO] __main__ — FinBERT 로드 완료 (CPU)
2026-06-03 00:39:46,310 [INFO] __main__ — Phase A.1: 매핑 신뢰도 < 0.5 → 감성 점수 폐기 61건
2026-06-03 00:39:46,310 [INFO] __main__ — 스코어링: 82개 | 집중:1 | FinBERT:finbert
2026-06-03 00:39:46,328 [INFO] __main__ —   → 82개
2026-06-03 00:39:46,328 [INFO] __main__ — ▶ Step 4: 발송
2026-06-03 00:39:51,216 [INFO] __main__ — DB 기록: 16개 / 전체 to_send 16개
2026-06-03 00:39:51,216 [INFO] __main__ — 발송: 집중 1 / 주시 1
2026-06-03 00:39:51,216 [INFO] __main__ — 완료  |  소요: 1402.0초
