2026-07-27 12:44:23,327 [INFO] __main__ — config 검증 완료 ✓
2026-07-27 12:44:23,327 [INFO] __main__ — ============================================================
2026-07-27 12:44:23,327 [INFO] __main__ — AlphaRadar v3.3.1  |  기준일: 20260727
2026-07-27 12:44:23,327 [INFO] __main__ — S = T×0.3 + S_text×0.4 + D×0.3
2026-07-27 12:44:23,327 [INFO] __main__ — ============================================================
2026-07-27 12:44:23,327 [INFO] __main__ — ▶ Step 0: 유니버스 필터링
2026-07-27 12:44:23,475 [INFO] __main__ — FDR 데이터 수집: 20260121 ~ 20260727
2026-07-27 12:44:25,257 [INFO] __main__ — KOSPI: 943개 | 섹터정보 833개 (DART +833개 보완)
2026-07-27 12:44:25,258 [INFO] __main__ — KOSDAQ: 1822개 | 섹터정보 1822개
2026-07-27 12:44:25,258 [INFO] __main__ — 전체: 2765개
2026-07-27 12:44:27,698 [INFO] __main__ — KIS 토큰 발급 완료
2026-07-27 13:00:15,581 [INFO] __main__ — DART corp_code 매핑: 2159/2213개 (97%)
2026-07-27 13:00:15,581 [INFO] __main__ — 유효 유니버스: 2213개
2026-07-27 13:00:15,593 [INFO] __main__ —   → 2213개
2026-07-27 13:00:15,593 [INFO] __main__ — ▶ Step 1: 신호 탐지
2026-07-27 13:00:15,593 [INFO] __main__ — NaverClient: 3개 키 로드 (DataLab·검색 독립 회전)
2026-07-27 13:00:15,593 [INFO] __main__ — 관심 지수 및 부정 뉴스 비율 조회 중...
2026-07-27 13:01:09,836 [INFO] __main__ — 뉴스 시점 제외 [GRT]: 6건 (>14일/파싱실패)
2026-07-27 13:01:17,954 [INFO] __main__ — 뉴스 시점 제외 [남선알미늄]: 7건 (>14일/파싱실패)
2026-07-27 13:01:21,692 [INFO] __main__ — 뉴스 시점 제외 [맥쿼리인프라]: 12건 (>14일/파싱실패)
2026-07-27 13:01:22,019 [INFO] __main__ — 뉴스 시점 제외 [KX하이텍]: 10건 (>14일/파싱실패)
2026-07-27 13:01:23,395 [INFO] __main__ — 뉴스 시점 제외 [삼영엠텍]: 6건 (>14일/파싱실패)
2026-07-27 13:01:24,996 [INFO] __main__ — 뉴스 시점 제외 [에이팩트]: 3건 (>14일/파싱실패)
2026-07-27 13:01:27,728 [INFO] __main__ — 뉴스 시점 제외 [에코플라스틱]: 1건 (>14일/파싱실패)
2026-07-27 13:01:35,909 [INFO] __main__ — 뉴스 시점 제외 [한성크린텍]: 11건 (>14일/파싱실패)
2026-07-27 13:01:37,697 [INFO] __main__ — 뉴스 시점 제외 [솔디펜스]: 10건 (>14일/파싱실패)
2026-07-27 13:01:46,665 [INFO] __main__ — 뉴스 시점 제외 [하이드로리튬]: 14건 (>14일/파싱실패)
2026-07-27 13:01:48,246 [INFO] __main__ — 뉴스 시점 제외 [태양금속]: 12건 (>14일/파싱실패)
2026-07-27 13:01:49,407 [INFO] __main__ — 뉴스 시점 제외 [삼기에너지솔루션즈]: 10건 (>14일/파싱실패)
2026-07-27 13:01:50,543 [INFO] __main__ — 뉴스 시점 제외 [이수화학]: 8건 (>14일/파싱실패)
2026-07-27 13:01:57,715 [INFO] __main__ — 뉴스 시점 제외 [시선AI]: 4건 (>14일/파싱실패)
2026-07-27 13:02:01,821 [INFO] __main__ — 뉴스 시점 제외 [KBI동양철관]: 8건 (>14일/파싱실패)
2026-07-27 13:02:07,549 [INFO] __main__ — 뉴스 시점 제외 [선도전기]: 9건 (>14일/파싱실패)
2026-07-27 13:02:08,595 [INFO] __main__ — 뉴스 시점 제외 [LS머트리얼즈]: 9건 (>14일/파싱실패)
2026-07-27 13:02:08,709 [INFO] __main__ — 뉴스 시점 제외 [HB테크놀러지]: 10건 (>14일/파싱실패)
2026-07-27 13:02:11,516 [INFO] __main__ — 뉴스 시점 제외 [세미티에스]: 11건 (>14일/파싱실패)
2026-07-27 13:02:15,721 [INFO] __main__ — 뉴스 시점 제외 [글로벌텍스프리]: 7건 (>14일/파싱실패)
2026-07-27 13:02:24,075 [INFO] __main__ — 뉴스 시점 제외 [한국팩키지]: 2건 (>14일/파싱실패)
2026-07-27 13:02:25,439 [INFO] __main__ — 뉴스 시점 제외 [빅텍]: 1건 (>14일/파싱실패)
2026-07-27 13:02:30,968 [INFO] __main__ — 뉴스 시점 제외 [엘브이엠씨홀딩스]: 14건 (>14일/파싱실패)
2026-07-27 13:02:35,327 [INFO] __main__ — 뉴스 시점 제외 [대영포장]: 15건 (>14일/파싱실패)
2026-07-27 13:02:36,608 [INFO] __main__ — 뉴스 시점 제외 [티씨머티리얼즈]: 13건 (>14일/파싱실패)
2026-07-27 13:02:37,092 [INFO] __main__ — 뉴스 시점 제외 [한국특강]: 7건 (>14일/파싱실패)
2026-07-27 13:02:41,220 [INFO] __main__ — 뉴스 시점 제외 [성문전자]: 10건 (>14일/파싱실패)
2026-07-27 13:02:42,673 [INFO] __main__ — 뉴스 시점 제외 [청담글로벌]: 2건 (>14일/파싱실패)
2026-07-27 13:02:45,802 [INFO] __main__ — 뉴스 시점 제외 [KB스타리츠]: 6건 (>14일/파싱실패)
2026-07-27 13:02:47,416 [INFO] __main__ — 뉴스 시점 제외 [중앙첨단소재]: 12건 (>14일/파싱실패)
2026-07-27 13:02:48,915 [INFO] __main__ — 뉴스 시점 제외 [한일철강]: 10건 (>14일/파싱실패)
2026-07-27 13:02:55,225 [INFO] __main__ — 뉴스 시점 제외 [우리기술투자]: 11건 (>14일/파싱실패)
2026-07-27 13:02:56,772 [INFO] __main__ — 뉴스 시점 제외 [삼호개발]: 7건 (>14일/파싱실패)
2026-07-27 13:02:56,787 [INFO] __main__ — 뉴스 시점 제외 [일신석재]: 12건 (>14일/파싱실패)
2026-07-27 13:02:58,154 [INFO] __main__ — 뉴스 시점 제외 [한일단조]: 12건 (>14일/파싱실패)
2026-07-27 13:03:06,674 [INFO] __main__ — 뉴스 시점 제외 [대아티아이]: 12건 (>14일/파싱실패)
2026-07-27 13:03:13,937 [INFO] __main__ — 뉴스 시점 제외 [갤럭시아에스엠]: 14건 (>14일/파싱실패)
2026-07-27 13:03:15,373 [INFO] __main__ — 뉴스 시점 제외 [신화프리텍]: 11건 (>14일/파싱실패)
2026-07-27 13:03:18,196 [INFO] __main__ — 뉴스 시점 제외 [키스트론]: 12건 (>14일/파싱실패)
2026-07-27 13:03:18,239 [INFO] __main__ — 뉴스 시점 제외 [덕신이피씨]: 13건 (>14일/파싱실패)
2026-07-27 13:03:19,581 [INFO] __main__ — 뉴스 시점 제외 [HB솔루션]: 9건 (>14일/파싱실패)
2026-07-27 13:03:19,586 [INFO] __main__ — 뉴스 시점 제외 [엑스큐어]: 10건 (>14일/파싱실패)
2026-07-27 13:03:20,946 [INFO] __main__ — 뉴스 시점 제외 [에이치엠넥스]: 9건 (>14일/파싱실패)
2026-07-27 13:03:20,955 [INFO] __main__ — 뉴스 시점 제외 [서부T&D]: 9건 (>14일/파싱실패)
2026-07-27 13:03:26,514 [INFO] __main__ — 뉴스 시점 제외 [더즌]: 9건 (>14일/파싱실패)
2026-07-27 13:03:30,619 [INFO] __main__ — 뉴스 시점 제외 [디케이티]: 3건 (>14일/파싱실패)
2026-07-27 13:03:30,655 [INFO] __main__ — 뉴스 시점 제외 [레이저쎌]: 3건 (>14일/파싱실패)
2026-07-27 13:03:32,033 [INFO] __main__ — 뉴스 시점 제외 [알루코]: 5건 (>14일/파싱실패)
2026-07-27 13:03:33,418 [INFO] __main__ — 뉴스 시점 제외 [동양파일]: 6건 (>14일/파싱실패)
2026-07-27 13:03:35,301 [INFO] __main__ — 뉴스 시점 제외 [ESR켄달스퀘어리츠]: 5건 (>14일/파싱실패)
2026-07-27 13:03:40,577 [INFO] __main__ — 뉴스 시점 제외 [이뮨온시아]: 2건 (>14일/파싱실패)
2026-07-27 13:03:41,921 [INFO] __main__ — 뉴스 시점 제외 [케이사인]: 10건 (>14일/파싱실패)
2026-07-27 13:03:41,938 [INFO] __main__ — 뉴스 시점 제외 [에코프로머티]: 4건 (>14일/파싱실패)
2026-07-27 13:03:43,563 [INFO] __main__ — 뉴스 시점 제외 [멤레이비티]: 7건 (>14일/파싱실패)
2026-07-27 13:03:44,653 [INFO] __main__ — 뉴스 시점 제외 [비투엔]: 14건 (>14일/파싱실패)
2026-07-27 13:03:46,683 [INFO] __main__ — 뉴스 시점 제외 [부국철강]: 12건 (>14일/파싱실패)
2026-07-27 13:03:50,747 [INFO] __main__ — 뉴스 시점 제외 [HS애드]: 3건 (>14일/파싱실패)
2026-07-27 13:03:51,511 [INFO] __main__ — 뉴스 시점 제외 [SK리츠]: 4건 (>14일/파싱실패)
2026-07-27 13:03:52,124 [INFO] __main__ — 뉴스 시점 제외 [미래에셋증권2우B]: 2건 (>14일/파싱실패)
2026-07-27 13:03:53,491 [INFO] __main__ — 뉴스 시점 제외 [디와이에이]: 12건 (>14일/파싱실패)
2026-07-27 13:03:56,458 [INFO] __main__ — 뉴스 시점 제외 [티케이케미칼]: 2건 (>14일/파싱실패)
2026-07-27 13:04:00,562 [INFO] __main__ — 뉴스 시점 제외 [진양산업]: 9건 (>14일/파싱실패)
2026-07-27 13:04:01,721 [INFO] __main__ — 뉴스 시점 제외 [나우IB]: 7건 (>14일/파싱실패)
2026-07-27 13:04:01,911 [INFO] __main__ — 뉴스 시점 제외 [셀바스헬스케어]: 11건 (>14일/파싱실패)
2026-07-27 13:04:03,271 [INFO] __main__ — 뉴스 시점 제외 [오리엔트정공]: 15건 (>14일/파싱실패)
2026-07-27 13:04:06,431 [INFO] __main__ — 뉴스 시점 제외 [지앤비에스 에코]: 4건 (>14일/파싱실패)
2026-07-27 13:04:13,634 [INFO] __main__ — 뉴스 시점 제외 [포스코스틸리온]: 5건 (>14일/파싱실패)
2026-07-27 13:04:14,985 [INFO] __main__ — 뉴스 시점 제외 [대양금속]: 13건 (>14일/파싱실패)
2026-07-27 13:04:16,387 [INFO] __main__ — 뉴스 시점 제외 [에이티넘인베스트]: 14건 (>14일/파싱실패)
2026-07-27 13:04:18,023 [INFO] __main__ — 부정 키워드 감지: 29개 종목 (neg_ratio > 0)
2026-07-27 13:04:18,027 [INFO] __main__ — 수급일수충족·합계음수 제외: 121개
2026-07-27 13:04:24,997 [INFO] __main__ — 뉴스 시점 제외 [현대차우]: 14건 (>14일/파싱실패)
2026-07-27 13:04:33,214 [INFO] __main__ — 뉴스 시점 제외 [두산우]: 14건 (>14일/파싱실패)
2026-07-27 13:04:34,642 [INFO] __main__ — 뉴스 시점 제외 [KB발해인프라]: 14건 (>14일/파싱실패)
2026-07-27 13:04:36,723 [INFO] __main__ — 뉴스 시점 제외 [삼성화재우]: 14건 (>14일/파싱실패)
2026-07-27 13:04:39,131 [INFO] __main__ — 뉴스 시점 제외 [LG전자우]: 8건 (>14일/파싱실패)
2026-07-27 13:04:39,416 [INFO] __main__ — 뉴스 시점 제외 [LG화학우]: 13건 (>14일/파싱실패)
2026-07-27 13:04:42,597 [INFO] __main__ — 뉴스 시점 제외 [한국쉘석유]: 10건 (>14일/파싱실패)
2026-07-27 13:04:42,803 [INFO] __main__ — 뉴스 시점 제외 [한화3우B]: 15건 (>14일/파싱실패)
2026-07-27 13:04:44,068 [INFO] __main__ — 뉴스 시점 제외 [동원시스템즈]: 5건 (>14일/파싱실패)
2026-07-27 13:04:45,612 [INFO] __main__ — 뉴스 시점 제외 [세아홀딩스]: 5건 (>14일/파싱실패)
2026-07-27 13:04:46,329 [INFO] __main__ — 뉴스 시점 제외 [삼성FN리츠]: 9건 (>14일/파싱실패)
2026-07-27 13:04:47,791 [INFO] __main__ — 뉴스 시점 제외 [아모레퍼시픽우]: 11건 (>14일/파싱실패)
2026-07-27 13:04:47,843 [INFO] __main__ — 뉴스 시점 제외 [현대차3우B]: 15건 (>14일/파싱실패)
2026-07-27 13:04:48,534 [INFO] __main__ — 뉴스 시점 제외 [농심홀딩스]: 3건 (>14일/파싱실패)
2026-07-27 13:04:48,569 [INFO] __main__ — 뉴스 시점 제외 [신도리코]: 5건 (>14일/파싱실패)
2026-07-27 13:04:49,273 [INFO] __main__ — 뉴스 시점 제외 [INVENI]: 9건 (>14일/파싱실패)
2026-07-27 13:04:49,293 [INFO] __main__ — 뉴스 시점 제외 [일진하이솔루스]: 15건 (>14일/파싱실패)
2026-07-27 13:04:51,020 [INFO] __main__ — 뉴스 시점 제외 [코스모화학]: 5건 (>14일/파싱실패)
2026-07-27 13:04:52,472 [INFO] __main__ — 뉴스 시점 제외 [현대퓨처넷]: 10건 (>14일/파싱실패)
2026-07-27 13:04:53,747 [INFO] __main__ — 뉴스 시점 제외 [삼성물산우B]: 15건 (>14일/파싱실패)
2026-07-27 13:04:53,929 [INFO] __main__ — 뉴스 시점 제외 [아세아제지]: 6건 (>14일/파싱실패)
2026-07-27 13:04:54,451 [INFO] __main__ — 뉴스 시점 제외 [서연이화]: 4건 (>14일/파싱실패)
2026-07-27 13:04:54,664 [INFO] __main__ — 뉴스 시점 제외 [JW홀딩스]: 10건 (>14일/파싱실패)
2026-07-27 13:04:58,224 [INFO] __main__ — 뉴스 시점 제외 [미창석유]: 9건 (>14일/파싱실패)
2026-07-27 13:04:58,401 [INFO] __main__ — 뉴스 시점 제외 [아이마켓코리아]: 14건 (>14일/파싱실패)
2026-07-27 13:04:59,137 [INFO] __main__ — 뉴스 시점 제외 [이지스밸류플러스리츠]: 9건 (>14일/파싱실패)
2026-07-27 13:05:01,386 [INFO] __main__ — 뉴스 시점 제외 [YG PLUS]: 8건 (>14일/파싱실패)
2026-07-27 13:05:01,940 [INFO] __main__ — 뉴스 시점 제외 [DS단석]: 11건 (>14일/파싱실패)
2026-07-27 13:05:02,147 [INFO] __main__ — 뉴스 시점 제외 [LG생활건강우]: 14건 (>14일/파싱실패)
2026-07-27 13:05:04,180 [INFO] __main__ — 뉴스 시점 제외 [JW생명과학]: 8건 (>14일/파싱실패)
2026-07-27 13:05:04,382 [INFO] __main__ — 뉴스 시점 제외 [동성케미컬]: 5건 (>14일/파싱실패)
2026-07-27 13:05:04,395 [INFO] __main__ — 뉴스 시점 제외 [한세예스24홀딩스]: 3건 (>14일/파싱실패)
2026-07-27 13:05:05,124 [INFO] __main__ — 뉴스 시점 제외 [유화증권]: 10건 (>14일/파싱실패)
2026-07-27 13:05:05,660 [INFO] __main__ — 뉴스 시점 제외 [NH올원리츠]: 9건 (>14일/파싱실패)
2026-07-27 13:05:05,886 [INFO] __main__ — 뉴스 시점 제외 [CJ제일제당 우]: 15건 (>14일/파싱실패)
2026-07-27 13:05:06,600 [INFO] __main__ — 뉴스 시점 제외 [조선내화]: 10건 (>14일/파싱실패)
2026-07-27 13:05:06,616 [INFO] __main__ — 뉴스 시점 제외 [SYTS]: 13건 (>14일/파싱실패)
2026-07-27 13:05:07,111 [INFO] __main__ — 뉴스 시점 제외 [유수홀딩스]: 7건 (>14일/파싱실패)
2026-07-27 13:05:07,357 [INFO] __main__ — 뉴스 시점 제외 [금호석유화학우]: 14건 (>14일/파싱실패)
2026-07-27 13:05:08,102 [INFO] __main__ — 뉴스 시점 제외 [신라교역]: 10건 (>14일/파싱실패)
2026-07-27 13:05:08,105 [INFO] __main__ — 뉴스 시점 제외 [아모레퍼시픽홀딩스3우C]: 14건 (>14일/파싱실패)
2026-07-27 13:05:08,571 [INFO] __main__ — 뉴스 시점 제외 [한국주철관]: 7건 (>14일/파싱실패)
2026-07-27 13:05:08,854 [INFO] __main__ — 뉴스 시점 제외 [태경산업]: 10건 (>14일/파싱실패)
2026-07-27 13:05:09,314 [INFO] __main__ — 뉴스 시점 제외 [한진중공업홀딩스]: 14건 (>14일/파싱실패)
2026-07-27 13:05:09,590 [INFO] __main__ — 뉴스 시점 제외 [화승코퍼레이션]: 6건 (>14일/파싱실패)
2026-07-27 13:05:10,357 [INFO] __main__ — 뉴스 시점 제외 [이지스레지던스리츠]: 12건 (>14일/파싱실패)
2026-07-27 13:05:10,814 [INFO] __main__ — 뉴스 시점 제외 [일진다이아]: 12건 (>14일/파싱실패)
2026-07-27 13:05:11,035 [INFO] __main__ — 뉴스 시점 제외 [HDC현대EP]: 12건 (>14일/파싱실패)
2026-07-27 13:05:11,566 [INFO] __main__ — 뉴스 시점 제외 [인천도시가스]: 9건 (>14일/파싱실패)
2026-07-27 13:05:11,810 [INFO] __main__ — 뉴스 시점 제외 [제일파마홀딩스]: 10건 (>14일/파싱실패)
2026-07-27 13:05:12,305 [INFO] __main__ — 뉴스 시점 제외 [텔코웨어]: 11건 (>14일/파싱실패)
2026-07-27 13:05:13,022 [INFO] __main__ — 뉴스 시점 제외 [사조동아원]: 2건 (>14일/파싱실패)
2026-07-27 13:05:13,318 [INFO] __main__ — 뉴스 시점 제외 [경동인베스트]: 12건 (>14일/파싱실패)
2026-07-27 13:05:14,051 [INFO] __main__ — 뉴스 시점 제외 [티에이치엔]: 11건 (>14일/파싱실패)
2026-07-27 13:05:14,764 [INFO] __main__ — 뉴스 시점 제외 [GS우]: 15건 (>14일/파싱실패)
2026-07-27 13:05:15,963 [INFO] __main__ — 뉴스 시점 제외 [DL이앤씨2우(전환)]: 15건 (>14일/파싱실패)
2026-07-27 13:05:16,268 [INFO] __main__ — 뉴스 시점 제외 [황금에스티]: 11건 (>14일/파싱실패)
2026-07-27 13:05:16,295 [INFO] __main__ — 뉴스 시점 제외 [KTis]: 10건 (>14일/파싱실패)
2026-07-27 13:05:17,385 [INFO] __main__ — 뉴스 시점 제외 [아주스틸]: 10건 (>14일/파싱실패)
2026-07-27 13:05:17,445 [INFO] __main__ — 뉴스 시점 제외 [DRB동일]: 4건 (>14일/파싱실패)
2026-07-27 13:05:18,159 [INFO] __main__ — 뉴스 시점 제외 [티와이홀딩스]: 10건 (>14일/파싱실패)
2026-07-27 13:05:18,191 [INFO] __main__ — 뉴스 시점 제외 [한솔로지스틱스]: 3건 (>14일/파싱실패)
2026-07-27 13:05:18,903 [INFO] __main__ — 뉴스 시점 제외 [CS홀딩스]: 15건 (>14일/파싱실패)
2026-07-27 13:05:19,595 [INFO] __main__ — 뉴스 시점 제외 [지엠비코리아]: 12건 (>14일/파싱실패)
2026-07-27 13:05:19,653 [INFO] __main__ — 뉴스 시점 제외 [일동홀딩스]: 11건 (>14일/파싱실패)
2026-07-27 13:05:20,397 [INFO] __main__ — 뉴스 시점 제외 [NH프라임리츠]: 7건 (>14일/파싱실패)
2026-07-27 13:05:21,080 [INFO] __main__ — 뉴스 시점 제외 [페이퍼코리아]: 9건 (>14일/파싱실패)
2026-07-27 13:05:21,086 [INFO] __main__ — 뉴스 시점 제외 [삼정펄프]: 14건 (>14일/파싱실패)
2026-07-27 13:05:21,827 [INFO] __main__ — 뉴스 시점 제외 [휴니드]: 6건 (>14일/파싱실패)
2026-07-27 13:05:21,877 [INFO] __main__ — 뉴스 시점 제외 [호전실업]: 9건 (>14일/파싱실패)
2026-07-27 13:05:22,569 [INFO] __main__ — 뉴스 시점 제외 [화천기계]: 9건 (>14일/파싱실패)
2026-07-27 13:05:23,318 [INFO] __main__ — 뉴스 시점 제외 [하이스틸]: 9건 (>14일/파싱실패)
2026-07-27 13:05:24,072 [INFO] __main__ — 뉴스 시점 제외 [보락]: 1건 (>14일/파싱실패)
2026-07-27 13:05:24,768 [INFO] __main__ — 뉴스 시점 제외 [인바이오젠]: 6건 (>14일/파싱실패)
2026-07-27 13:05:24,825 [INFO] __main__ — 뉴스 시점 제외 [롯데칠성우]: 15건 (>14일/파싱실패)
2026-07-27 13:05:24,970 [INFO] __main__ — 뉴스 시점 제외 [SJM홀딩스]: 14건 (>14일/파싱실패)
2026-07-27 13:05:25,559 [INFO] __main__ — 뉴스 시점 제외 [현대건설우]: 15건 (>14일/파싱실패)
2026-07-27 13:05:25,738 [INFO] __main__ — 뉴스 시점 제외 [BYC우]: 15건 (>14일/파싱실패)
2026-07-27 13:05:26,249 [INFO] __main__ — 뉴스 시점 제외 [SG세계물산]: 7건 (>14일/파싱실패)
2026-07-27 13:05:26,266 [INFO] __main__ — 뉴스 시점 제외 [케이비아이동국실업]: 15건 (>14일/파싱실패)
2026-07-27 13:05:26,457 [INFO] __main__ — 뉴스 시점 제외 [대덕전자1우]: 15건 (>14일/파싱실패)
2026-07-27 13:05:27,016 [INFO] __main__ — 뉴스 시점 제외 [미래에셋맵스리츠]: 10건 (>14일/파싱실패)
2026-07-27 13:05:27,019 [INFO] __main__ — 뉴스 시점 제외 [SK케미칼우]: 14건 (>14일/파싱실패)
2026-07-27 13:05:27,761 [INFO] __main__ — 뉴스 시점 제외 [조광페인트]: 2건 (>14일/파싱실패)
2026-07-27 13:05:27,905 [INFO] __main__ — 뉴스 시점 제외 [SB성보]: 8건 (>14일/파싱실패)
2026-07-27 13:05:27,936 [INFO] __main__ — 뉴스 시점 제외 [DYP]: 15건 (>14일/파싱실패)
2026-07-27 13:05:28,658 [INFO] __main__ — 뉴스 시점 제외 [한화솔루션우]: 14건 (>14일/파싱실패)
2026-07-27 13:05:28,675 [INFO] __main__ — 뉴스 시점 제외 [문배철강]: 10건 (>14일/파싱실패)
2026-07-27 13:05:29,445 [INFO] __main__ — 뉴스 시점 제외 [신한글로벌액티브리츠]: 11건 (>14일/파싱실패)
2026-07-27 13:05:29,458 [INFO] __main__ — 뉴스 시점 제외 [영화금속]: 7건 (>14일/파싱실패)
2026-07-27 13:05:30,030 [INFO] __main__ — 뉴스 시점 제외 [유니온머티리얼]: 8건 (>14일/파싱실패)
2026-07-27 13:05:30,180 [INFO] __main__ — 뉴스 시점 제외 [에쓰씨엔지니어링]: 13건 (>14일/파싱실패)
2026-07-27 13:05:30,766 [INFO] __main__ — 뉴스 시점 제외 [한창제지]: 9건 (>14일/파싱실패)
2026-07-27 13:05:30,917 [INFO] __main__ — 뉴스 시점 제외 [DL우]: 15건 (>14일/파싱실패)
2026-07-27 13:05:31,668 [INFO] __main__ — 뉴스 시점 제외 [세방우]: 15건 (>14일/파싱실패)
2026-07-27 13:05:32,293 [INFO] __main__ — 뉴스 시점 제외 [WISCOM]: 8건 (>14일/파싱실패)
2026-07-27 13:05:38,780 [INFO] __main__ — 뉴스 시점 제외 [펌텍코리아]: 6건 (>14일/파싱실패)
2026-07-27 13:05:43,051 [INFO] __main__ — 뉴스 시점 제외 [네오셈]: 6건 (>14일/파싱실패)
2026-07-27 13:05:46,765 [INFO] __main__ — 뉴스 시점 제외 [인화정공]: 14건 (>14일/파싱실패)
2026-07-27 13:05:50,014 [INFO] __main__ — 뉴스 시점 제외 [한국알콜]: 4건 (>14일/파싱실패)
2026-07-27 13:05:51,653 [INFO] __main__ — 뉴스 시점 제외 [바이오다인]: 10건 (>14일/파싱실패)
2026-07-27 13:05:53,405 [INFO] __main__ — 뉴스 시점 제외 [폰드그룹]: 11건 (>14일/파싱실패)
2026-07-27 13:05:53,791 [INFO] __main__ — 뉴스 시점 제외 [우주일렉트로]: 7건 (>14일/파싱실패)
2026-07-27 13:05:55,680 [INFO] __main__ — 뉴스 시점 제외 [강원에너지]: 10건 (>14일/파싱실패)
2026-07-27 13:05:56,224 [INFO] __main__ — 뉴스 시점 제외 [에코아이]: 13건 (>14일/파싱실패)
2026-07-27 13:05:56,423 [INFO] __main__ — 뉴스 시점 제외 [코텍]: 5건 (>14일/파싱실패)
2026-07-27 13:05:56,969 [INFO] __main__ — 뉴스 시점 제외 [미래나노텍]: 7건 (>14일/파싱실패)
2026-07-27 13:05:57,458 [INFO] __main__ — 뉴스 시점 제외 [아스테라시스]: 11건 (>14일/파싱실패)
2026-07-27 13:05:58,452 [INFO] __main__ — 뉴스 시점 제외 [슈어소프트테크]: 7건 (>14일/파싱실패)
2026-07-27 13:05:58,961 [INFO] __main__ — 뉴스 시점 제외 [티이엠씨]: 4건 (>14일/파싱실패)
2026-07-27 13:06:00,115 [INFO] __main__ — 뉴스 시점 제외 [KZ정밀]: 13건 (>14일/파싱실패)
2026-07-27 13:06:00,685 [INFO] __main__ — 뉴스 시점 제외 [엠로]: 7건 (>14일/파싱실패)
2026-07-27 13:06:01,457 [INFO] __main__ — 뉴스 시점 제외 [메가터치]: 9건 (>14일/파싱실패)
2026-07-27 13:06:01,590 [INFO] __main__ — 뉴스 시점 제외 [이크레더블]: 14건 (>14일/파싱실패)
2026-07-27 13:06:02,321 [INFO] __main__ — 뉴스 시점 제외 [레드캡투어]: 12건 (>14일/파싱실패)
2026-07-27 13:06:02,978 [INFO] __main__ — 뉴스 시점 제외 [신성에스티]: 8건 (>14일/파싱실패)
2026-07-27 13:06:04,412 [INFO] __main__ — 뉴스 시점 제외 [동양이엔피]: 1건 (>14일/파싱실패)
2026-07-27 13:06:04,454 [INFO] __main__ — 뉴스 시점 제외 [유성티엔에스]: 15건 (>14일/파싱실패)
2026-07-27 13:06:04,551 [INFO] __main__ — 뉴스 시점 제외 [아이디스홀딩스]: 15건 (>14일/파싱실패)
2026-07-27 13:06:06,609 [INFO] __main__ — 뉴스 시점 제외 [유비쿼스홀딩스]: 15건 (>14일/파싱실패)
2026-07-27 13:06:06,872 [INFO] __main__ — 뉴스 시점 제외 [에스오에스랩]: 9건 (>14일/파싱실패)
2026-07-27 13:06:07,351 [INFO] __main__ — 뉴스 시점 제외 [아나패스]: 8건 (>14일/파싱실패)
2026-07-27 13:06:08,073 [INFO] __main__ — 뉴스 시점 제외 [재영솔루텍]: 9건 (>14일/파싱실패)
2026-07-27 13:06:09,030 [INFO] __main__ — 뉴스 시점 제외 [현대이지웰]: 11건 (>14일/파싱실패)
2026-07-27 13:06:09,118 [INFO] __main__ — 뉴스 시점 제외 [삼보판지]: 15건 (>14일/파싱실패)
2026-07-27 13:06:09,561 [INFO] __main__ — 뉴스 시점 제외 [인선이엔티]: 13건 (>14일/파싱실패)
2026-07-27 13:06:10,485 [INFO] __main__ — 뉴스 시점 제외 [슈프리마에이치큐]: 10건 (>14일/파싱실패)
2026-07-27 13:06:11,224 [INFO] __main__ — 뉴스 시점 제외 [제룡산업]: 9건 (>14일/파싱실패)
2026-07-27 13:06:12,502 [INFO] __main__ — 뉴스 시점 제외 [제노코]: 8건 (>14일/파싱실패)
2026-07-27 13:06:12,759 [INFO] __main__ — 뉴스 시점 제외 [윤성에프앤씨]: 13건 (>14일/파싱실패)
2026-07-27 13:06:13,994 [INFO] __main__ — 뉴스 시점 제외 [지어소프트]: 4건 (>14일/파싱실패)
2026-07-27 13:06:14,154 [INFO] __main__ — 뉴스 시점 제외 [이엘씨]: 7건 (>14일/파싱실패)
2026-07-27 13:06:14,268 [INFO] __main__ — 뉴스 시점 제외 [그린리소스]: 10건 (>14일/파싱실패)
2026-07-27 13:06:15,024 [INFO] __main__ — 뉴스 시점 제외 [풍원정밀]: 12건 (>14일/파싱실패)
2026-07-27 13:06:16,212 [INFO] __main__ — 뉴스 시점 제외 [현대에버다임]: 10건 (>14일/파싱실패)
2026-07-27 13:06:16,787 [INFO] __main__ — 뉴스 시점 제외 [톱텍]: 5건 (>14일/파싱실패)
2026-07-27 13:06:17,509 [INFO] __main__ — 뉴스 시점 제외 [엠에스씨]: 13건 (>14일/파싱실패)
2026-07-27 13:06:19,151 [INFO] __main__ — 뉴스 시점 제외 [우리손에프앤지]: 14건 (>14일/파싱실패)
2026-07-27 13:06:19,763 [INFO] __main__ — 뉴스 시점 제외 [세명전기]: 10건 (>14일/파싱실패)
2026-07-27 13:06:20,490 [INFO] __main__ — 뉴스 시점 제외 [하나기술]: 6건 (>14일/파싱실패)
2026-07-27 13:06:21,252 [INFO] __main__ — 뉴스 시점 제외 [스톰테크]: 14건 (>14일/파싱실패)
2026-07-27 13:06:21,403 [INFO] __main__ — 뉴스 시점 제외 [에이럭스]: 7건 (>14일/파싱실패)
2026-07-27 13:06:22,875 [INFO] __main__ — 뉴스 시점 제외 [디와이피엔에프]: 14건 (>14일/파싱실패)
2026-07-27 13:06:23,454 [INFO] __main__ — 뉴스 시점 제외 [풍국주정]: 14건 (>14일/파싱실패)
2026-07-27 13:06:23,467 [INFO] __main__ — 뉴스 시점 제외 [서원인텍]: 14건 (>14일/파싱실패)
2026-07-27 13:06:23,639 [INFO] __main__ — 뉴스 시점 제외 [동국S&C]: 12건 (>14일/파싱실패)
2026-07-27 13:06:24,374 [INFO] __main__ — 뉴스 시점 제외 [에이치피오]: 10건 (>14일/파싱실패)
2026-07-27 13:06:24,915 [INFO] __main__ — 뉴스 시점 제외 [동아엘텍]: 15건 (>14일/파싱실패)
2026-07-27 13:06:26,630 [INFO] __main__ — 뉴스 시점 제외 [원익피앤이]: 4건 (>14일/파싱실패)
2026-07-27 13:06:27,121 [INFO] __main__ — 뉴스 시점 제외 [금강철강]: 7건 (>14일/파싱실패)
2026-07-27 13:06:27,383 [INFO] __main__ — 뉴스 시점 제외 [나노팀]: 11건 (>14일/파싱실패)
2026-07-27 13:06:27,384 [INFO] __main__ — 뉴스 시점 제외 [중앙백신]: 4건 (>14일/파싱실패)
2026-07-27 13:06:28,583 [INFO] __main__ — 뉴스 시점 제외 [테라뷰]: 14건 (>14일/파싱실패)
2026-07-27 13:06:28,841 [INFO] __main__ — 뉴스 시점 제외 [나이스디앤비]: 11건 (>14일/파싱실패)
2026-07-27 13:06:29,344 [INFO] __main__ — 뉴스 시점 제외 [블루콤]: 10건 (>14일/파싱실패)
2026-07-27 13:06:29,584 [INFO] __main__ — 뉴스 시점 제외 [한빛레이저]: 7건 (>14일/파싱실패)
2026-07-27 13:06:31,789 [INFO] __main__ — 뉴스 시점 제외 [리드코프]: 14건 (>14일/파싱실패)
2026-07-27 13:06:31,946 [INFO] __main__ — 뉴스 시점 제외 [알서포트]: 12건 (>14일/파싱실패)
2026-07-27 13:06:32,322 [INFO] __main__ — 뉴스 시점 제외 [엑세스바이오]: 8건 (>14일/파싱실패)
2026-07-27 13:06:33,051 [INFO] __main__ — 뉴스 시점 제외 [초록뱀미디어]: 11건 (>14일/파싱실패)
2026-07-27 13:06:33,787 [INFO] __main__ — 뉴스 시점 제외 [양지사]: 14건 (>14일/파싱실패)
2026-07-27 13:06:34,303 [INFO] __main__ — 뉴스 시점 제외 [엠엑스온]: 13건 (>14일/파싱실패)
2026-07-27 13:06:34,537 [INFO] __main__ — 뉴스 시점 제외 [이상네트웍스]: 12건 (>14일/파싱실패)
2026-07-27 13:06:35,510 [INFO] __main__ — 뉴스 시점 제외 [삼현철강]: 11건 (>14일/파싱실패)
2026-07-27 13:06:35,771 [INFO] __main__ — 뉴스 시점 제외 [영화테크]: 13건 (>14일/파싱실패)
2026-07-27 13:06:36,027 [INFO] __main__ — 뉴스 시점 제외 [로스웰]: 12건 (>14일/파싱실패)
2026-07-27 13:06:36,267 [INFO] __main__ — 뉴스 시점 제외 [엠오티]: 7건 (>14일/파싱실패)
2026-07-27 13:06:36,520 [INFO] __main__ — 뉴스 시점 제외 [삐아]: 8건 (>14일/파싱실패)
2026-07-27 13:06:37,288 [INFO] __main__ — 뉴스 시점 제외 [현대공업]: 12건 (>14일/파싱실패)
2026-07-27 13:06:38,030 [INFO] __main__ — 뉴스 시점 제외 [엔브이에이치코리아]: 12건 (>14일/파싱실패)
2026-07-27 13:06:38,272 [INFO] __main__ — 뉴스 시점 제외 [시공테크]: 7건 (>14일/파싱실패)
2026-07-27 13:06:38,776 [INFO] __main__ — 뉴스 시점 제외 [피제이전자]: 11건 (>14일/파싱실패)
2026-07-27 13:06:39,003 [INFO] __main__ — 뉴스 시점 제외 [새빗켐]: 13건 (>14일/파싱실패)
2026-07-27 13:06:39,230 [INFO] __main__ — 뉴스 시점 제외 [바이오에프디엔씨]: 4건 (>14일/파싱실패)
2026-07-27 13:06:39,519 [INFO] __main__ — 뉴스 시점 제외 [페스카로]: 14건 (>14일/파싱실패)
2026-07-27 13:06:40,647 [INFO] __main__ — 뉴스 시점 제외 [피제이메탈]: 12건 (>14일/파싱실패)
2026-07-27 13:06:40,979 [INFO] __main__ — 뉴스 시점 제외 [앤디포스]: 10건 (>14일/파싱실패)
2026-07-27 13:06:41,717 [INFO] __main__ — 뉴스 시점 제외 [센코]: 11건 (>14일/파싱실패)
2026-07-27 13:06:42,128 [INFO] __main__ — 뉴스 시점 제외 [유라테크]: 15건 (>14일/파싱실패)
2026-07-27 13:06:43,217 [INFO] __main__ — 뉴스 시점 제외 [큐에스아이]: 11건 (>14일/파싱실패)
2026-07-27 13:06:43,843 [INFO] __main__ — 뉴스 시점 제외 [레뷰코퍼레이션]: 8건 (>14일/파싱실패)
2026-07-27 13:06:44,762 [INFO] __main__ — 뉴스 시점 제외 [고바이오랩]: 4건 (>14일/파싱실패)
2026-07-27 13:06:44,879 [INFO] __main__ — 뉴스 시점 제외 [제이엔케이글로벌]: 11건 (>14일/파싱실패)
2026-07-27 13:06:45,496 [INFO] __main__ — 뉴스 시점 제외 [신일제약]: 1건 (>14일/파싱실패)
2026-07-27 13:06:45,706 [INFO] __main__ — 뉴스 시점 제외 [아이티센엔텍]: 9건 (>14일/파싱실패)
2026-07-27 13:06:46,438 [INFO] __main__ — 뉴스 시점 제외 [잉크테크]: 13건 (>14일/파싱실패)
2026-07-27 13:06:46,496 [INFO] __main__ — 뉴스 시점 제외 [케이엘넷]: 11건 (>14일/파싱실패)
2026-07-27 13:06:48,133 [INFO] __main__ — 뉴스 시점 제외 [트루엔]: 14건 (>14일/파싱실패)
2026-07-27 13:06:48,135 [INFO] __main__ — 뉴스 시점 제외 [오리콤]: 7건 (>14일/파싱실패)
2026-07-27 13:06:48,862 [INFO] __main__ — 뉴스 시점 제외 [샌즈랩]: 10건 (>14일/파싱실패)
2026-07-27 13:06:48,887 [INFO] __main__ — 뉴스 시점 제외 [스마트레이더시스템]: 13건 (>14일/파싱실패)
2026-07-27 13:06:49,842 [INFO] __main__ — 뉴스 시점 제외 [케이피항공산업]: 8건 (>14일/파싱실패)
2026-07-27 13:06:50,538 [INFO] __main__ — 뉴스 시점 제외 [빛샘전자]: 8건 (>14일/파싱실패)
2026-07-27 13:06:50,568 [INFO] __main__ — 뉴스 시점 제외 [셀바이오휴먼텍]: 13건 (>14일/파싱실패)
2026-07-27 13:06:51,286 [INFO] __main__ — 뉴스 시점 제외 [코츠테크놀로지]: 4건 (>14일/파싱실패)
2026-07-27 13:06:51,838 [INFO] __main__ — 뉴스 시점 제외 [인지소프트]: 11건 (>14일/파싱실패)
2026-07-27 13:06:52,766 [INFO] __main__ — 뉴스 시점 제외 [한국선재]: 11건 (>14일/파싱실패)
2026-07-27 13:06:52,976 [INFO] __main__ — 뉴스 시점 제외 [이노메트리]: 5건 (>14일/파싱실패)
2026-07-27 13:06:53,896 [INFO] __main__ — 뉴스 시점 제외 [제이씨현시스템]: 14건 (>14일/파싱실패)
2026-07-27 13:06:53,908 [INFO] __main__ — 뉴스 시점 제외 [아셈스]: 12건 (>14일/파싱실패)
2026-07-27 13:06:54,229 [INFO] __main__ — 뉴스 시점 제외 [세코닉스]: 11건 (>14일/파싱실패)
2026-07-27 13:06:54,856 [INFO] __main__ — 뉴스 시점 제외 [엠투엔]: 14건 (>14일/파싱실패)
2026-07-27 13:06:54,971 [INFO] __main__ — 뉴스 시점 제외 [더블유에스아이]: 13건 (>14일/파싱실패)
2026-07-27 13:06:55,576 [INFO] __main__ — 뉴스 시점 제외 [SM Life Design]: 15건 (>14일/파싱실패)
2026-07-27 13:06:55,698 [INFO] __main__ — 뉴스 시점 제외 [에르코스]: 9건 (>14일/파싱실패)
2026-07-27 13:06:57,345 [INFO] __main__ — 뉴스 시점 제외 [홈캐스트]: 15건 (>14일/파싱실패)
2026-07-27 13:06:57,765 [INFO] __main__ — 뉴스 시점 제외 [구영테크]: 15건 (>14일/파싱실패)
2026-07-27 13:06:58,111 [INFO] __main__ — 뉴스 시점 제외 [엘컴텍]: 13건 (>14일/파싱실패)
2026-07-27 13:06:58,577 [INFO] __main__ — 뉴스 시점 제외 [애드바이오텍]: 5건 (>14일/파싱실패)
2026-07-27 13:06:58,847 [INFO] __main__ — 뉴스 시점 제외 [제일테크노스]: 4건 (>14일/파싱실패)
2026-07-27 13:06:59,487 [INFO] __main__ — 뉴스 시점 제외 [디티씨]: 14건 (>14일/파싱실패)
2026-07-27 13:07:00,304 [INFO] __main__ — 뉴스 시점 제외 [오상자이엘]: 10건 (>14일/파싱실패)
2026-07-27 13:07:01,278 [INFO] __main__ — 뉴스 시점 제외 [코콤]: 7건 (>14일/파싱실패)
2026-07-27 13:07:01,426 [INFO] __main__ — 뉴스 시점 제외 [현우산업]: 13건 (>14일/파싱실패)
2026-07-27 13:07:02,218 [INFO] __main__ — 뉴스 시점 제외 [프로이천]: 7건 (>14일/파싱실패)
2026-07-27 13:07:02,225 [INFO] __main__ — 뉴스 시점 제외 [씨유테크]: 15건 (>14일/파싱실패)
2026-07-27 13:07:02,969 [INFO] __main__ — 뉴스 시점 제외 [에어레인]: 9건 (>14일/파싱실패)
2026-07-27 13:07:02,973 [INFO] __main__ — 뉴스 시점 제외 [위너스일렉]: 13건 (>14일/파싱실패)
2026-07-27 13:07:03,901 [INFO] __main__ — 뉴스 시점 제외 [케이씨피드]: 10건 (>14일/파싱실패)
2026-07-27 13:07:05,070 [INFO] __main__ — 뉴스 시점 제외 [동방선기]: 11건 (>14일/파싱실패)
2026-07-27 13:07:05,418 [INFO] __main__ — 뉴스 시점 제외 [에이텍모빌리티]: 12건 (>14일/파싱실패)
2026-07-27 13:07:05,801 [INFO] __main__ — 뉴스 시점 제외 [상신전자]: 11건 (>14일/파싱실패)
2026-07-27 13:07:06,127 [INFO] __main__ — 뉴스 시점 제외 [파라텍]: 11건 (>14일/파싱실패)
2026-07-27 13:07:07,240 [INFO] __main__ — 뉴스 시점 제외 [사이냅소프트]: 8건 (>14일/파싱실패)
2026-07-27 13:07:07,598 [INFO] __main__ — 뉴스 시점 제외 [휴엠앤씨]: 12건 (>14일/파싱실패)
2026-07-27 13:07:07,822 [INFO] __main__ — 뉴스 시점 제외 [원바이오젠]: 13건 (>14일/파싱실패)
2026-07-27 13:07:08,368 [INFO] __main__ — 뉴스 시점 제외 [포스뱅크]: 15건 (>14일/파싱실패)
2026-07-27 13:07:08,553 [INFO] __main__ — 뉴스 시점 제외 [아세아텍]: 13건 (>14일/파싱실패)
2026-07-27 13:07:10,383 [INFO] __main__ — 뉴스 시점 제외 [씨앤투스]: 9건 (>14일/파싱실패)
2026-07-27 13:07:11,134 [INFO] __main__ — 뉴스 시점 제외 [백금T&A]: 9건 (>14일/파싱실패)
2026-07-27 13:07:11,331 [INFO] __main__ — 뉴스 시점 제외 [보라티알]: 12건 (>14일/파싱실패)
2026-07-27 13:07:11,556 [INFO] __main__ — 뉴스 시점 제외 [와이엠]: 1건 (>14일/파싱실패)
2026-07-27 13:07:12,077 [INFO] __main__ — 뉴스 시점 제외 [피엔에이치테크]: 15건 (>14일/파싱실패)
2026-07-27 13:07:13,034 [INFO] __main__ — 뉴스 시점 제외 [큐캐피탈]: 7건 (>14일/파싱실패)
2026-07-27 13:07:13,306 [INFO] __main__ — 뉴스 시점 제외 [삼화네트웍스]: 6건 (>14일/파싱실패)
2026-07-27 13:07:13,529 [INFO] __main__ — 뉴스 시점 제외 [에코캡]: 14건 (>14일/파싱실패)
2026-07-27 13:07:14,021 [INFO] __main__ — 뉴스 시점 제외 [스튜디오미르]: 6건 (>14일/파싱실패)
2026-07-27 13:07:14,505 [INFO] __main__ — 뉴스 시점 제외 [팬엔터테인먼트]: 7건 (>14일/파싱실패)
2026-07-27 13:07:14,753 [INFO] __main__ — 뉴스 시점 제외 [루멘스]: 9건 (>14일/파싱실패)
2026-07-27 13:07:15,005 [INFO] __main__ — 뉴스 시점 제외 [브리지텍]: 9건 (>14일/파싱실패)
2026-07-27 13:07:15,767 [INFO] __main__ — 뉴스 시점 제외 [미트박스]: 9건 (>14일/파싱실패)
2026-07-27 13:07:15,985 [INFO] __main__ — 뉴스 시점 제외 [지에프씨생명과학]: 6건 (>14일/파싱실패)
2026-07-27 13:07:16,428 [INFO] __main__ — 뉴스 시점 제외 [케이씨티]: 4건 (>14일/파싱실패)
2026-07-27 13:07:16,719 [INFO] __main__ — 뉴스 시점 제외 [에스프리즘]: 13건 (>14일/파싱실패)
2026-07-27 13:07:17,642 [INFO] __main__ — 뉴스 시점 제외 [이삭엔지니어링]: 8건 (>14일/파싱실패)
2026-07-27 13:07:17,662 [INFO] __main__ — 뉴스 시점 제외 [기산텔레콤]: 9건 (>14일/파싱실패)
2026-07-27 13:07:18,390 [INFO] __main__ — 뉴스 시점 제외 [메가엠디]: 14건 (>14일/파싱실패)
2026-07-27 13:07:18,392 [INFO] __main__ — 뉴스 시점 제외 [와토스코리아]: 10건 (>14일/파싱실패)
2026-07-27 13:07:19,140 [INFO] __main__ — 뉴스 시점 제외 [티비씨]: 10건 (>14일/파싱실패)
2026-07-27 13:07:19,148 [INFO] __main__ — 뉴스 시점 제외 [캡스톤파트너스]: 7건 (>14일/파싱실패)
2026-07-27 13:07:19,154 [INFO] __main__ — 뉴스 시점 제외 [LSK아이로봇]: 8건 (>14일/파싱실패)
2026-07-27 13:07:19,256 [INFO] __main__ — POOL_A 후보 부정뉴스 2차 조회: 702개
2026-07-27 13:07:19,260 [INFO] __main__ — POOL_A: 899개 (A:889 B:3 동시:7) | 부정게이트 제외:7
  대형:52 중형:152 소형:695
2026-07-27 13:07:19,265 [INFO] __main__ —   → POOL_A: 899개
2026-07-27 13:07:19,265 [INFO] __main__ — ▶ Step 2: 하드 필터링
2026-07-27 13:07:19,266 [INFO] __main__ — 하드 필터 제거: 891개 | 과열배제 48 | 이격도상한 3 | 이격도하한 118 | MA추세 671 | RSI과열 0 | 거래대금 51
2026-07-27 13:07:19,268 [INFO] __main__ — 과열 gated 기록: 48개 → gated_tickers
2026-07-27 13:07:19,268 [INFO] __main__ — POOL_B: 8개 | 대형:0 중형:4 소형:4
2026-07-27 13:07:19,268 [INFO] __main__ —   → POOL_B: 8개
2026-07-27 13:07:19,268 [INFO] __main__ — ▶ Step 3: 스코어링 (FinBERT 감성 분석)
2026-07-27 13:07:19,268 [INFO] __main__ — NaverClient: 3개 키 로드 (DataLab·검색 독립 회전)
2026-07-27 13:07:19,269 [INFO] __main__ — 텍스트 신규 수집: 8종목 (캐시 적중 0종목)
2026-07-27 13:07:30,639 [INFO] __main__ — 뉴스 시점 제외 [데이타솔루션]: 7건 (>14일/파싱실패)
2026-07-27 13:07:35,103 [INFO] __main__ — 수집 완료: 뉴스 71건 | 공시 36건
2026-07-27 13:07:35,104 [INFO] __main__ — FinBERT 감성 분석 (finbert 모드)...
2026-07-27 13:07:35,104 [INFO] __main__ — FinBERT 로딩: snunlp/KR-FinBert-SC (CPU, batch=8)
2026-07-27 13:07:35,228 [INFO] httpx — HTTP Request: GET https://huggingface.co/api/agent-harnesses "HTTP/1.1 200 OK"
2026-07-27 13:07:35,253 [INFO] httpx — HTTP Request: HEAD https://huggingface.co/snunlp/KR-FinBert-SC/resolve/main/config.json "HTTP/1.1 307 Temporary Redirect"
2026-07-27 13:07:35,254 [WARNING] huggingface_hub.utils._http — Warning: You are sending unauthenticated requests to the HF Hub. Please set a HF_TOKEN to enable higher rate limits and faster downloads.
2026-07-27 13:07:35,263 [INFO] httpx — HTTP Request: HEAD https://huggingface.co/api/resolve-cache/models/snunlp/KR-FinBert-SC/f8586286cc3161fb648e9fee09a456069fd846d0/config.json "HTTP/1.1 200 OK"
2026-07-27 13:07:35,304 [INFO] httpx — HTTP Request: HEAD https://huggingface.co/snunlp/KR-FinBert-SC/resolve/main/model.safetensors "HTTP/1.1 404 Not Found"
2026-07-27 13:07:35,334 [INFO] httpx — HTTP Request: GET https://huggingface.co/api/models/snunlp/KR-FinBert-SC "HTTP/1.1 200 OK"
2026-07-27 13:07:35,452 [INFO] httpx — HTTP Request: GET https://huggingface.co/api/models/snunlp/KR-FinBert-SC/commits/main "HTTP/1.1 200 OK"
2026-07-27 13:07:35,464 [INFO] httpx — HTTP Request: GET https://huggingface.co/api/models/snunlp/KR-FinBert-SC/tree/main/additional_chat_templates?recursive=false&expand=false "HTTP/1.1 404 Not Found"
2026-07-27 13:07:35,480 [INFO] httpx — HTTP Request: GET https://huggingface.co/api/models/snunlp/KR-FinBert-SC/discussions?p=0 "HTTP/1.1 200 OK"
2026-07-27 13:07:35,487 [INFO] httpx — HTTP Request: GET https://huggingface.co/api/models/snunlp/KR-FinBert-SC/tree/main?recursive=true&expand=false "HTTP/1.1 200 OK"
2026-07-27 13:07:35,515 [INFO] httpx — HTTP Request: GET https://huggingface.co/api/models/snunlp/KR-FinBert-SC/commits/refs%2Fpr%2F3 "HTTP/1.1 200 OK"
2026-07-27 13:07:35,527 [INFO] httpx — HTTP Request: HEAD https://huggingface.co/snunlp/KR-FinBert-SC/resolve/main/processor_config.json "HTTP/1.1 404 Not Found"
2026-07-27 13:07:35,536 [INFO] httpx — HTTP Request: HEAD https://huggingface.co/snunlp/KR-FinBert-SC/resolve/refs%2Fpr%2F3/model.safetensors.index.json "HTTP/1.1 404 Not Found"
2026-07-27 13:07:35,548 [INFO] httpx — HTTP Request: HEAD https://huggingface.co/snunlp/KR-FinBert-SC/resolve/main/video_preprocessor_config.json "HTTP/1.1 404 Not Found"
2026-07-27 13:07:35,560 [INFO] httpx — HTTP Request: HEAD https://huggingface.co/snunlp/KR-FinBert-SC/resolve/refs%2Fpr%2F3/model.safetensors "HTTP/1.1 302 Found"
2026-07-27 13:07:35,571 [INFO] httpx — HTTP Request: HEAD https://huggingface.co/snunlp/KR-FinBert-SC/resolve/main/preprocessor_config.json "HTTP/1.1 404 Not Found"
2026-07-27 13:07:35,572 [INFO] __main__ — FinBERT 로드 완료 (CPU)
2026-07-27 13:07:38,720 [INFO] __main__ — Phase A.1: 매핑 신뢰도 < 0.5 → 감성 점수 폐기 7건
2026-07-27 13:07:38,720 [INFO] __main__ — 스코어링: 8개 | 집중:0 | FinBERT:finbert
2026-07-27 13:07:38,736 [INFO] __main__ —   → 8개
2026-07-27 13:07:38,736 [INFO] __main__ — ▶ Step 4: 발송
2026-07-27 13:07:41,777 [WARNING] __main__ — 텔레그램 발송 실패 그룹 → mark_sent skip 1개 (다음 실행 시 재발송 대상)
2026-07-27 13:07:41,778 [INFO] __main__ — DB 기록: 0개 / 전체 to_send 1개
2026-07-27 13:07:41,778 [INFO] __main__ — 발송: 집중 0 / 주시 0
2026-07-27 13:07:41,778 [INFO] __main__ — 완료  |  소요: 1398.5초
