2026-08-19 21:37:35,676 [INFO] __main__ — config 검증 완료 ✓
2026-08-19 21:37:35,676 [INFO] __main__ — KIS 조회 도메인: 실전 (https://openapi.koreainvestment.com:9443)
2026-08-19 21:37:35,676 [INFO] __main__ — ============================================================
2026-08-19 21:37:35,676 [INFO] __main__ — AlphaRadar v3.3.1  |  기준일: 20260820
2026-08-19 21:37:35,676 [INFO] __main__ — S = T×0.3 + S_text×0.4 + D×0.3
2026-08-19 21:37:35,676 [INFO] __main__ — ============================================================
2026-08-19 21:37:35,676 [INFO] __main__ — ▶ Step 0: 유니버스 필터링
2026-08-19 21:37:35,832 [INFO] __main__ — FDR 데이터 수집: 20260214 ~ 20260820
2026-08-19 21:37:37,585 [INFO] __main__ — KOSPI: 942개 | 섹터정보 829개 (DART +829개 보완)
2026-08-19 21:37:37,586 [INFO] __main__ — KOSDAQ: 1821개 | 섹터정보 1821개
2026-08-19 21:37:37,586 [INFO] __main__ — 전체: 2763개
2026-08-19 21:37:39,500 [INFO] __main__ — KIS 토큰 발급 완료
2026-08-19 21:46:35,821 [INFO] __main__ — DART corp_code 매핑: 2183/2234개 (97%)
2026-08-19 21:46:35,821 [INFO] __main__ — 유효 유니버스: 2234개
2026-08-19 21:46:35,832 [INFO] __main__ —   → 2234개
2026-08-19 21:46:35,832 [INFO] __main__ — ▶ Step 1: 신호 탐지
2026-08-19 21:46:35,833 [INFO] __main__ — NaverClient: 3개 키 로드 (DataLab·검색 독립 회전)
2026-08-19 21:46:35,833 [INFO] __main__ — 관심 지수 및 부정 뉴스 비율 조회 중...
2026-08-19 21:46:38,436 [INFO] __main__ — 봇 주가요약 제외 [흥아해운]: 1건
2026-08-19 21:46:39,592 [INFO] __main__ — 봇 주가요약 제외 [KBI메탈]: 2건
2026-08-19 21:46:39,729 [INFO] __main__ — 봇 주가요약 제외 [대원전선]: 5건
2026-08-19 21:46:42,057 [INFO] __main__ — 봇 주가요약 제외 [PS일렉트로닉스]: 1건
2026-08-19 21:46:42,065 [INFO] __main__ — 봇 주가요약 제외 [일신석재]: 1건
2026-08-19 21:46:43,204 [INFO] __main__ — 봇 주가요약 제외 [금호전기]: 5건
2026-08-19 21:46:44,227 [INFO] __main__ — 봇 주가요약 제외 [대한광통신]: 2건
2026-08-19 21:46:45,366 [INFO] __main__ — 봇 주가요약 제외 [후성]: 1건
2026-08-19 21:46:46,530 [INFO] __main__ — 봇 주가요약 제외 [대아티아이]: 2건
2026-08-19 21:46:48,378 [INFO] __main__ — 봇 주가요약 제외 [아이로보틱스]: 1건
2026-08-19 21:46:48,584 [INFO] __main__ — 봇 주가요약 제외 [져스텍]: 3건
2026-08-19 21:46:49,386 [INFO] __main__ — 봇 주가요약 제외 [SK이터닉스]: 4건
2026-08-19 21:46:49,727 [INFO] __main__ — 봇 주가요약 제외 [코데즈컴바인]: 2건
2026-08-19 21:46:49,738 [INFO] __main__ — 봇 주가요약 제외 [세아메카닉스]: 1건
2026-08-19 21:46:51,767 [INFO] __main__ — 봇 주가요약 제외 [빛과전자]: 2건
2026-08-19 21:46:52,403 [INFO] __main__ — 봇 주가요약 제외 [해성옵틱스]: 1건
2026-08-19 21:46:54,998 [INFO] __main__ — 봇 주가요약 제외 [보성파워텍]: 1건
2026-08-19 21:46:56,024 [INFO] __main__ — 봇 주가요약 제외 [현대무벡스]: 2건
2026-08-19 21:46:56,046 [INFO] __main__ — 봇 주가요약 제외 [레몬헬스케어]: 1건
2026-08-19 21:46:56,500 [INFO] __main__ — 봇 주가요약 제외 [하나마이크론]: 1건
2026-08-19 21:46:57,061 [INFO] __main__ — 봇 주가요약 제외 [남화토건]: 1건
2026-08-19 21:46:59,054 [INFO] __main__ — 봇 주가요약 제외 [제주반도체]: 2건
2026-08-19 21:47:00,053 [INFO] __main__ — 봇 주가요약 제외 [코스모로보틱스]: 1건
2026-08-19 21:47:01,062 [INFO] __main__ — 뉴스 시점 제외 [앤로보틱스]: 7건 (>14일/파싱실패)
2026-08-19 21:47:01,062 [INFO] __main__ — 봇 주가요약 제외 [앤로보틱스]: 1건
2026-08-19 21:47:01,084 [INFO] __main__ — 뉴스 시점 제외 [하이드로리튬]: 4건 (>14일/파싱실패)
2026-08-19 21:47:01,563 [INFO] __main__ — 봇 주가요약 제외 [삼성공조]: 1건
2026-08-19 21:47:02,077 [INFO] __main__ — 봇 주가요약 제외 [성호전자]: 2건
2026-08-19 21:47:05,609 [INFO] __main__ — 봇 주가요약 제외 [대동]: 1건
2026-08-19 21:47:09,236 [INFO] __main__ — 봇 주가요약 제외 [대한전선]: 1건
2026-08-19 21:47:10,286 [INFO] __main__ — 봇 주가요약 제외 [우리기술]: 1건
2026-08-19 21:47:11,293 [INFO] __main__ — 봇 주가요약 제외 [코칩]: 3건
2026-08-19 21:47:12,300 [INFO] __main__ — 봇 주가요약 제외 [비보존 제약]: 1건
2026-08-19 21:47:12,831 [INFO] __main__ — 뉴스 시점 제외 [강동씨앤엘]: 7건 (>14일/파싱실패)
2026-08-19 21:47:13,306 [INFO] __main__ — 뉴스 시점 제외 [신스틸]: 3건 (>14일/파싱실패)
2026-08-19 21:47:13,306 [INFO] __main__ — 봇 주가요약 제외 [신스틸]: 1건
2026-08-19 21:47:13,849 [INFO] __main__ — 봇 주가요약 제외 [남해화학]: 3건
2026-08-19 21:47:14,863 [INFO] __main__ — 봇 주가요약 제외 [워트]: 1건
2026-08-19 21:47:16,342 [INFO] __main__ — 봇 주가요약 제외 [재영솔루텍]: 1건
2026-08-19 21:47:16,917 [INFO] __main__ — 봇 주가요약 제외 [이랜시스]: 1건
2026-08-19 21:47:17,942 [INFO] __main__ — 봇 주가요약 제외 [위메이드맥스]: 1건
2026-08-19 21:47:18,419 [INFO] __main__ — 봇 주가요약 제외 [흥구석유]: 1건
2026-08-19 21:47:18,947 [INFO] __main__ — 봇 주가요약 제외 [삼성E&A]: 1건
2026-08-19 21:47:19,452 [INFO] __main__ — 봇 주가요약 제외 [휴림로봇]: 2건
2026-08-19 21:47:20,487 [INFO] __main__ — 봇 주가요약 제외 [삼화콘덴서]: 3건
2026-08-19 21:47:20,488 [INFO] __main__ — 봇 주가요약 제외 [혜인]: 1건
2026-08-19 21:47:21,496 [INFO] __main__ — 봇 주가요약 제외 [LG씨엔에스]: 4건
2026-08-19 21:47:21,528 [INFO] __main__ — 봇 주가요약 제외 [제이에스티나]: 1건
2026-08-19 21:47:22,506 [INFO] __main__ — 봇 주가요약 제외 [마키나락스]: 1건
2026-08-19 21:47:24,509 [INFO] __main__ — 뉴스 시점 제외 [부국철강]: 12건 (>14일/파싱실패)
2026-08-19 21:47:24,543 [INFO] __main__ — 뉴스 시점 제외 [삼화전자]: 8건 (>14일/파싱실패)
2026-08-19 21:47:26,013 [INFO] __main__ — 봇 주가요약 제외 [일성건설]: 1건
2026-08-19 21:47:33,621 [INFO] __main__ — 봇 주가요약 제외 [SK오션플랜트]: 1건
2026-08-19 21:47:36,947 [INFO] __main__ — 뉴스 시점 제외 [고려산업]: 11건 (>14일/파싱실패)
2026-08-19 21:47:37,378 [INFO] __main__ — 봇 주가요약 제외 [이수페타시스]: 1건
2026-08-19 21:47:40,548 [INFO] __main__ — 봇 주가요약 제외 [두산퓨얼셀]: 2건
2026-08-19 21:47:42,824 [INFO] __main__ — 봇 주가요약 제외 [디앤디파마텍]: 1건
2026-08-19 21:47:43,835 [INFO] __main__ — 봇 주가요약 제외 [이노테크]: 1건
2026-08-19 21:47:44,425 [INFO] __main__ — 봇 주가요약 제외 [대덕전자]: 1건
2026-08-19 21:47:45,007 [INFO] __main__ — 봇 주가요약 제외 [희림]: 1건
2026-08-19 21:47:45,611 [INFO] __main__ — 봇 주가요약 제외 [파두]: 1건
2026-08-19 21:47:48,077 [INFO] __main__ — 뉴스 시점 제외 [서부T&D]: 2건 (>14일/파싱실패)
2026-08-19 21:47:48,628 [INFO] __main__ — 뉴스 시점 제외 [금강철강]: 6건 (>14일/파싱실패)
2026-08-19 21:47:50,690 [INFO] __main__ — 뉴스 시점 제외 [SKAI]: 4건 (>14일/파싱실패)
2026-08-19 21:47:51,072 [INFO] __main__ — 뉴스 시점 제외 [남선알미늄]: 12건 (>14일/파싱실패)
2026-08-19 21:47:53,232 [INFO] __main__ — 뉴스 시점 제외 [남화산업]: 8건 (>14일/파싱실패)
2026-08-19 21:47:56,249 [INFO] __main__ — 봇 주가요약 제외 [오킨스전자]: 2건
2026-08-19 21:47:57,419 [INFO] __main__ — 뉴스 시점 제외 [대원강업]: 7건 (>14일/파싱실패)
2026-08-19 21:47:58,281 [INFO] __main__ — 봇 주가요약 제외 [에스피지]: 2건
2026-08-19 21:47:59,881 [INFO] __main__ — 뉴스 시점 제외 [THE E&M]: 11건 (>14일/파싱실패)
2026-08-19 21:48:01,470 [INFO] __main__ — 봇 주가요약 제외 [일진전기]: 1건
2026-08-19 21:48:01,927 [INFO] __main__ — 봇 주가요약 제외 [와이씨]: 4건
2026-08-19 21:48:03,340 [INFO] __main__ — 봇 주가요약 제외 [JYP Ent.]: 1건
2026-08-19 21:48:07,372 [INFO] __main__ — 뉴스 시점 제외 [멤레이비티]: 10건 (>14일/파싱실패)
2026-08-19 21:48:10,627 [INFO] __main__ — 뉴스 시점 제외 [선도전기]: 3건 (>14일/파싱실패)
2026-08-19 21:48:14,082 [INFO] __main__ — 뉴스 시점 제외 [엠에스오토텍]: 8건 (>14일/파싱실패)
2026-08-19 21:48:16,884 [INFO] __main__ — 봇 주가요약 제외 [테크윙]: 2건
2026-08-19 21:48:19,485 [INFO] __main__ — 봇 주가요약 제외 [두산로보틱스]: 1건
2026-08-19 21:48:22,173 [INFO] __main__ — 뉴스 시점 제외 [한일철강]: 11건 (>14일/파싱실패)
2026-08-19 21:48:25,526 [INFO] __main__ — 봇 주가요약 제외 [비에이치아이]: 1건
2026-08-19 21:48:26,536 [INFO] __main__ — 뉴스 시점 제외 [키스트론]: 11건 (>14일/파싱실패)
2026-08-19 21:48:30,176 [INFO] __main__ — 뉴스 시점 제외 [KBI동양철관]: 10건 (>14일/파싱실패)
2026-08-19 21:48:31,602 [INFO] __main__ — 뉴스 시점 제외 [팬스타엔터프라이즈]: 12건 (>14일/파싱실패)
2026-08-19 21:48:31,992 [INFO] __main__ — 뉴스 시점 제외 [LS머트리얼즈]: 5건 (>14일/파싱실패)
2026-08-19 21:48:35,017 [INFO] __main__ — 뉴스 시점 제외 [한일사료]: 7건 (>14일/파싱실패)
2026-08-19 21:48:35,205 [INFO] __main__ — 뉴스 시점 제외 [세운메디칼]: 14건 (>14일/파싱실패)
2026-08-19 21:48:40,230 [INFO] __main__ — 뉴스 시점 제외 [한선엔지니어링]: 9건 (>14일/파싱실패)
2026-08-19 21:48:44,887 [INFO] __main__ — 뉴스 시점 제외 [바이오플러스]: 8건 (>14일/파싱실패)
2026-08-19 21:48:46,878 [INFO] __main__ — 봇 주가요약 제외 [한국카본]: 1건
2026-08-19 21:48:48,036 [INFO] __main__ — 뉴스 시점 제외 [ESR켄달스퀘어리츠]: 10건 (>14일/파싱실패)
2026-08-19 21:48:50,033 [INFO] __main__ — 뉴스 시점 제외 [알루코]: 2건 (>14일/파싱실패)
2026-08-19 21:48:53,502 [INFO] __main__ — 뉴스 시점 제외 [미래생명자원]: 4건 (>14일/파싱실패)
2026-08-19 21:48:55,299 [INFO] __main__ — 봇 주가요약 제외 [현대로템]: 1건
2026-08-19 21:48:55,506 [INFO] __main__ — 뉴스 시점 제외 [케이엔솔]: 5건 (>14일/파싱실패)
2026-08-19 21:48:57,530 [INFO] __main__ — 뉴스 시점 제외 [에스씨디]: 12건 (>14일/파싱실패)
2026-08-19 21:48:58,302 [INFO] __main__ — 봇 주가요약 제외 [인텍플러스]: 2건
2026-08-19 21:48:59,567 [INFO] __main__ — 봇 주가요약 제외 [원익QnC]: 1건
2026-08-19 21:49:00,587 [INFO] __main__ — 봇 주가요약 제외 [엑시콘]: 2건
2026-08-19 21:49:03,620 [INFO] __main__ — 뉴스 시점 제외 [퀀텀레일]: 2건 (>14일/파싱실패)
2026-08-19 21:49:06,656 [INFO] __main__ — 뉴스 시점 제외 [더블유에스아이]: 11건 (>14일/파싱실패)
2026-08-19 21:49:07,481 [INFO] __main__ — 봇 주가요약 제외 [OCI홀딩스]: 3건
2026-08-19 21:49:07,656 [INFO] __main__ — 뉴스 시점 제외 [KB스타리츠]: 13건 (>14일/파싱실패)
2026-08-19 21:49:09,483 [INFO] __main__ — 뉴스 시점 제외 [제룡산업]: 8건 (>14일/파싱실패)
2026-08-19 21:49:09,483 [INFO] __main__ — 봇 주가요약 제외 [제룡산업]: 2건
2026-08-19 21:49:10,476 [INFO] __main__ — 뉴스 시점 제외 [삼호개발]: 8건 (>14일/파싱실패)
2026-08-19 21:49:11,673 [INFO] __main__ — 뉴스 시점 제외 [에스와이스틸텍]: 11건 (>14일/파싱실패)
2026-08-19 21:49:15,506 [INFO] __main__ — 봇 주가요약 제외 [유니테스트]: 1건
2026-08-19 21:49:15,635 [INFO] __main__ — 뉴스 시점 제외 [로체시스템즈]: 9건 (>14일/파싱실패)
2026-08-19 21:49:16,823 [INFO] __main__ — 뉴스 시점 제외 [넥스틸]: 8건 (>14일/파싱실패)
2026-08-19 21:49:16,823 [INFO] __main__ — 봇 주가요약 제외 [넥스틸]: 1건
2026-08-19 21:49:17,658 [INFO] __main__ — 뉴스 시점 제외 [시너지이노베이션]: 10건 (>14일/파싱실패)
2026-08-19 21:49:22,565 [INFO] __main__ — 뉴스 시점 제외 [피제이메탈]: 8건 (>14일/파싱실패)
2026-08-19 21:49:22,801 [INFO] __main__ — 봇 주가요약 제외 [위메이드]: 1건
2026-08-19 21:49:22,839 [INFO] __main__ — 봇 주가요약 제외 [달바글로벌]: 1건
2026-08-19 21:49:23,809 [INFO] __main__ — 뉴스 시점 제외 [MDS테크]: 4건 (>14일/파싱실패)
2026-08-19 21:49:24,823 [INFO] __main__ — 봇 주가요약 제외 [더본코리아]: 1건
2026-08-19 21:49:26,830 [INFO] __main__ — 뉴스 시점 제외 [빅텍]: 5건 (>14일/파싱실패)
2026-08-19 21:49:28,579 [INFO] __main__ — 뉴스 시점 제외 [상신이디피]: 5건 (>14일/파싱실패)
2026-08-19 21:49:28,941 [INFO] __main__ — 부정 키워드 감지: 25개 종목 (neg_ratio > 0)
2026-08-19 21:49:28,944 [INFO] __main__ — 수급일수충족·합계음수 제외: 149개
2026-08-19 21:49:29,421 [INFO] __main__ — 봇 주가요약 제외 [삼성에스디에스]: 1건
2026-08-19 21:49:31,707 [INFO] __main__ — 봇 주가요약 제외 [가온전선]: 2건
2026-08-19 21:49:35,163 [INFO] __main__ — 봇 주가요약 제외 [풍산]: 1건
2026-08-19 21:49:36,415 [INFO] __main__ — 뉴스 시점 제외 [두산우]: 15건 (>14일/파싱실패)
2026-08-19 21:49:38,130 [INFO] __main__ — 뉴스 시점 제외 [LG전자우]: 11건 (>14일/파싱실패)
2026-08-19 21:49:39,267 [INFO] __main__ — 봇 주가요약 제외 [삼아알미늄]: 1건
2026-08-19 21:49:39,901 [INFO] __main__ — 뉴스 시점 제외 [맵스리얼티]: 15건 (>14일/파싱실패)
2026-08-19 21:49:40,620 [INFO] __main__ — 봇 주가요약 제외 [OCI]: 2건
2026-08-19 21:49:42,575 [INFO] __main__ — 뉴스 시점 제외 [한국단자]: 4건 (>14일/파싱실패)
2026-08-19 21:49:42,807 [INFO] __main__ — 뉴스 시점 제외 [아모레퍼시픽우]: 14건 (>14일/파싱실패)
2026-08-19 21:49:43,413 [INFO] __main__ — 뉴스 시점 제외 [KPX홀딩스]: 12건 (>14일/파싱실패)
2026-08-19 21:49:43,983 [INFO] __main__ — 뉴스 시점 제외 [KISCO홀딩스]: 2건 (>14일/파싱실패)
2026-08-19 21:49:45,517 [INFO] __main__ — 뉴스 시점 제외 [삼성물산우B]: 14건 (>14일/파싱실패)
2026-08-19 21:49:46,954 [INFO] __main__ — 뉴스 시점 제외 [S-Oil우]: 15건 (>14일/파싱실패)
2026-08-19 21:49:47,390 [INFO] __main__ — 봇 주가요약 제외 [서흥]: 1건
2026-08-19 21:49:48,078 [INFO] __main__ — 뉴스 시점 제외 [미창석유]: 11건 (>14일/파싱실패)
2026-08-19 21:49:48,884 [INFO] __main__ — 뉴스 시점 제외 [신한서부티엔디리츠]: 11건 (>14일/파싱실패)
2026-08-19 21:49:48,893 [INFO] __main__ — 뉴스 시점 제외 [미원화학]: 13건 (>14일/파싱실패)
2026-08-19 21:49:49,785 [INFO] __main__ — 뉴스 시점 제외 [노루홀딩스]: 13건 (>14일/파싱실패)
2026-08-19 21:49:50,352 [INFO] __main__ — 뉴스 시점 제외 [LG우]: 14건 (>14일/파싱실패)
2026-08-19 21:49:50,594 [INFO] __main__ — 뉴스 시점 제외 [SK우]: 13건 (>14일/파싱실패)
2026-08-19 21:49:51,168 [INFO] __main__ — 봇 주가요약 제외 [경농]: 2건
2026-08-19 21:49:51,481 [INFO] __main__ — 뉴스 시점 제외 [대창단조]: 11건 (>14일/파싱실패)
2026-08-19 21:49:51,742 [INFO] __main__ — 뉴스 시점 제외 [SYTS]: 10건 (>14일/파싱실패)
2026-08-19 21:49:52,609 [INFO] __main__ — 뉴스 시점 제외 [태경산업]: 7건 (>14일/파싱실패)
2026-08-19 21:49:52,891 [INFO] __main__ — 뉴스 시점 제외 [한진중공업홀딩스]: 13건 (>14일/파싱실패)
2026-08-19 21:49:53,819 [INFO] __main__ — 뉴스 시점 제외 [GS우]: 15건 (>14일/파싱실패)
2026-08-19 21:49:53,820 [INFO] __main__ — 뉴스 시점 제외 [미원홀딩스]: 15건 (>14일/파싱실패)
2026-08-19 21:49:54,395 [INFO] __main__ — 뉴스 시점 제외 [조선선재]: 9건 (>14일/파싱실패)
2026-08-19 21:49:54,406 [INFO] __main__ — 뉴스 시점 제외 [인천도시가스]: 8건 (>14일/파싱실패)
2026-08-19 21:49:54,966 [INFO] __main__ — 뉴스 시점 제외 [세원정공]: 12건 (>14일/파싱실패)
2026-08-19 21:49:54,987 [INFO] __main__ — 뉴스 시점 제외 [동남합성]: 3건 (>14일/파싱실패)
2026-08-19 21:49:55,525 [INFO] __main__ — 뉴스 시점 제외 [DL이앤씨2우(전환)]: 14건 (>14일/파싱실패)
2026-08-19 21:49:55,547 [INFO] __main__ — 뉴스 시점 제외 [영보화학]: 13건 (>14일/파싱실패)
2026-08-19 21:49:55,552 [INFO] __main__ — 뉴스 시점 제외 [NI스틸]: 12건 (>14일/파싱실패)
2026-08-19 21:49:56,089 [INFO] __main__ — 뉴스 시점 제외 [동인기연]: 11건 (>14일/파싱실패)
2026-08-19 21:49:56,120 [INFO] __main__ — 뉴스 시점 제외 [SK이노베이션우]: 14건 (>14일/파싱실패)
2026-08-19 21:49:56,645 [INFO] __main__ — 뉴스 시점 제외 [CS홀딩스]: 15건 (>14일/파싱실패)
2026-08-19 21:49:56,686 [INFO] __main__ — 뉴스 시점 제외 [대림바스]: 10건 (>14일/파싱실패)
2026-08-19 21:49:56,691 [INFO] __main__ — 뉴스 시점 제외 [동일고무벨트]: 9건 (>14일/파싱실패)
2026-08-19 21:49:57,263 [INFO] __main__ — 뉴스 시점 제외 [삼정펄프]: 13건 (>14일/파싱실패)
2026-08-19 21:49:57,804 [INFO] __main__ — 뉴스 시점 제외 [보락]: 4건 (>14일/파싱실패)
2026-08-19 21:49:58,378 [INFO] __main__ — 봇 주가요약 제외 [부산산업]: 2건
2026-08-19 21:49:58,507 [INFO] __main__ — 뉴스 시점 제외 [BYC우]: 6건 (>14일/파싱실패)
2026-08-19 21:49:58,510 [INFO] __main__ — 뉴스 시점 제외 [기신정기]: 15건 (>14일/파싱실패)
2026-08-19 21:49:58,940 [INFO] __main__ — 뉴스 시점 제외 [화승알앤에이]: 12건 (>14일/파싱실패)
2026-08-19 21:49:59,081 [INFO] __main__ — 뉴스 시점 제외 [삼화왕관]: 15건 (>14일/파싱실패)
2026-08-19 21:49:59,653 [INFO] __main__ — 뉴스 시점 제외 [DL이앤씨우]: 15건 (>14일/파싱실패)
2026-08-19 21:49:59,654 [INFO] __main__ — 뉴스 시점 제외 [대덕전자1우]: 15건 (>14일/파싱실패)
2026-08-19 21:50:00,220 [INFO] __main__ — 뉴스 시점 제외 [문배철강]: 13건 (>14일/파싱실패)
2026-08-19 21:50:00,236 [INFO] __main__ — 뉴스 시점 제외 [유성기업]: 13건 (>14일/파싱실패)
2026-08-19 21:50:00,647 [INFO] __main__ — 뉴스 시점 제외 [SB성보]: 10건 (>14일/파싱실패)
2026-08-19 21:50:00,800 [INFO] __main__ — 뉴스 시점 제외 [한화솔루션우]: 10건 (>14일/파싱실패)
2026-08-19 21:50:02,374 [INFO] __main__ — 뉴스 시점 제외 [세방우]: 15건 (>14일/파싱실패)
2026-08-19 21:50:02,534 [INFO] __main__ — 뉴스 시점 제외 [동일제강]: 8건 (>14일/파싱실패)
2026-08-19 21:50:02,953 [INFO] __main__ — 뉴스 시점 제외 [WISCOM]: 9건 (>14일/파싱실패)
2026-08-19 21:50:03,074 [INFO] __main__ — 뉴스 시점 제외 [경인전자]: 15건 (>14일/파싱실패)
2026-08-19 21:50:05,198 [INFO] __main__ — 봇 주가요약 제외 [유일로보틱스]: 1건
2026-08-19 21:50:10,253 [INFO] __main__ — 뉴스 시점 제외 [나이스정보통신]: 12건 (>14일/파싱실패)
2026-08-19 21:50:13,065 [INFO] __main__ — 뉴스 시점 제외 [피에이치에이]: 10건 (>14일/파싱실패)
2026-08-19 21:50:13,317 [INFO] __main__ — 뉴스 시점 제외 [우주일렉트로]: 9건 (>14일/파싱실패)
2026-08-19 21:50:13,623 [INFO] __main__ — 뉴스 시점 제외 [JTC]: 5건 (>14일/파싱실패)
2026-08-19 21:50:13,811 [INFO] __main__ — 뉴스 시점 제외 [필에너지]: 7건 (>14일/파싱실패)
2026-08-19 21:50:17,185 [INFO] __main__ — 뉴스 시점 제외 [빅솔론]: 15건 (>14일/파싱실패)
2026-08-19 21:50:17,819 [INFO] __main__ — 뉴스 시점 제외 [우양에이치씨]: 13건 (>14일/파싱실패)
2026-08-19 21:50:18,110 [INFO] __main__ — 뉴스 시점 제외 [코리아에프티]: 3건 (>14일/파싱실패)
2026-08-19 21:50:18,681 [INFO] __main__ — 뉴스 시점 제외 [삼보판지]: 14건 (>14일/파싱실패)
2026-08-19 21:50:18,938 [INFO] __main__ — 뉴스 시점 제외 [유성티엔에스]: 12건 (>14일/파싱실패)
2026-08-19 21:50:21,184 [INFO] __main__ — 뉴스 시점 제외 [비씨엔씨]: 4건 (>14일/파싱실패)
2026-08-19 21:50:21,475 [INFO] __main__ — 뉴스 시점 제외 [엠에스씨]: 10건 (>14일/파싱실패)
2026-08-19 21:50:21,686 [INFO] __main__ — 뉴스 시점 제외 [바이젠셀]: 7건 (>14일/파싱실패)
2026-08-19 21:50:21,751 [INFO] __main__ — 뉴스 시점 제외 [푸드나무]: 9건 (>14일/파싱실패)
2026-08-19 21:50:23,160 [INFO] __main__ — 뉴스 시점 제외 [탑런토탈솔루션]: 6건 (>14일/파싱실패)
2026-08-19 21:50:24,300 [INFO] __main__ — 뉴스 시점 제외 [동아엘텍]: 6건 (>14일/파싱실패)
2026-08-19 21:50:24,568 [INFO] __main__ — 뉴스 시점 제외 [대림제지]: 12건 (>14일/파싱실패)
2026-08-19 21:50:25,684 [INFO] __main__ — 뉴스 시점 제외 [쎄니트]: 11건 (>14일/파싱실패)
2026-08-19 21:50:26,170 [INFO] __main__ — 뉴스 시점 제외 [지니너스]: 12건 (>14일/파싱실패)
2026-08-19 21:50:27,487 [INFO] __main__ — 뉴스 시점 제외 [블루콤]: 9건 (>14일/파싱실패)
2026-08-19 21:50:27,676 [INFO] __main__ — 뉴스 시점 제외 [선바이오]: 14건 (>14일/파싱실패)
2026-08-19 21:50:28,613 [INFO] __main__ — 뉴스 시점 제외 [라이온켐텍]: 8건 (>14일/파싱실패)
2026-08-19 21:50:29,174 [INFO] __main__ — 뉴스 시점 제외 [동국생명과학]: 4건 (>14일/파싱실패)
2026-08-19 21:50:30,308 [INFO] __main__ — 뉴스 시점 제외 [아이디피]: 15건 (>14일/파싱실패)
2026-08-19 21:50:30,316 [INFO] __main__ — 뉴스 시점 제외 [잉크테크]: 11건 (>14일/파싱실패)
2026-08-19 21:50:31,064 [INFO] __main__ — 뉴스 시점 제외 [유라테크]: 12건 (>14일/파싱실패)
2026-08-19 21:50:31,447 [INFO] __main__ — 뉴스 시점 제외 [동일금속]: 12건 (>14일/파싱실패)
2026-08-19 21:50:31,627 [INFO] __main__ — 뉴스 시점 제외 [엔젯]: 11건 (>14일/파싱실패)
2026-08-19 21:50:32,572 [INFO] __main__ — 뉴스 시점 제외 [이건홀딩스]: 7건 (>14일/파싱실패)
2026-08-19 21:50:32,599 [INFO] __main__ — 뉴스 시점 제외 [푸드웰]: 9건 (>14일/파싱실패)
2026-08-19 21:50:32,747 [INFO] __main__ — 뉴스 시점 제외 [케이엘넷]: 11건 (>14일/파싱실패)
2026-08-19 21:50:33,129 [INFO] __main__ — 뉴스 시점 제외 [샌즈랩]: 11건 (>14일/파싱실패)
2026-08-19 21:50:33,176 [INFO] __main__ — 뉴스 시점 제외 [한국전자인증]: 6건 (>14일/파싱실패)
2026-08-19 21:50:33,863 [INFO] __main__ — 뉴스 시점 제외 [코스리거글로벌]: 14건 (>14일/파싱실패)
2026-08-19 21:50:34,260 [INFO] __main__ — 뉴스 시점 제외 [수산아이앤티]: 11건 (>14일/파싱실패)
2026-08-19 21:50:34,312 [INFO] __main__ — 뉴스 시점 제외 [코츠테크놀로지]: 9건 (>14일/파싱실패)
2026-08-19 21:50:34,876 [INFO] __main__ — 뉴스 시점 제외 [와이어블]: 7건 (>14일/파싱실패)
2026-08-19 21:50:34,998 [INFO] __main__ — 뉴스 시점 제외 [셀바이오휴먼텍]: 3건 (>14일/파싱실패)
2026-08-19 21:50:35,556 [INFO] __main__ — 뉴스 시점 제외 [토탈소프트]: 7건 (>14일/파싱실패)
2026-08-19 21:50:36,558 [INFO] __main__ — 봇 주가요약 제외 [유신]: 1건
2026-08-19 21:50:37,127 [INFO] __main__ — 뉴스 시점 제외 [홈캐스트]: 15건 (>14일/파싱실패)
2026-08-19 21:50:37,227 [INFO] __main__ — 뉴스 시점 제외 [코닉오토메이션]: 8건 (>14일/파싱실패)
2026-08-19 21:50:37,677 [INFO] __main__ — 뉴스 시점 제외 [에이테크솔루션]: 14건 (>14일/파싱실패)
2026-08-19 21:50:38,186 [INFO] __main__ — 뉴스 시점 제외 [HC홈센타]: 11건 (>14일/파싱실패)
2026-08-19 21:50:38,800 [INFO] __main__ — 뉴스 시점 제외 [모티브링크]: 9건 (>14일/파싱실패)
2026-08-19 21:50:38,928 [INFO] __main__ — 뉴스 시점 제외 [ES큐브]: 15건 (>14일/파싱실패)
2026-08-19 21:50:39,496 [INFO] __main__ — 뉴스 시점 제외 [에이텍모빌리티]: 7건 (>14일/파싱실패)
2026-08-19 21:50:39,882 [INFO] __main__ — 뉴스 시점 제외 [아셈스]: 9건 (>14일/파싱실패)
2026-08-19 21:50:39,919 [INFO] __main__ — 뉴스 시점 제외 [YW]: 14건 (>14일/파싱실패)
2026-08-19 21:50:40,057 [INFO] __main__ — 뉴스 시점 제외 [제노레이]: 13건 (>14일/파싱실패)
2026-08-19 21:50:42,184 [INFO] __main__ — 뉴스 시점 제외 [비아이매트릭스]: 13건 (>14일/파싱실패)
2026-08-19 21:50:42,432 [INFO] __main__ — 뉴스 시점 제외 [씨큐브]: 12건 (>14일/파싱실패)
2026-08-19 21:50:42,837 [INFO] __main__ — 뉴스 시점 제외 [한국팩키지]: 14건 (>14일/파싱실패)
2026-08-19 21:50:42,838 [INFO] __main__ — 뉴스 시점 제외 [상신전자]: 8건 (>14일/파싱실패)
2026-08-19 21:50:42,990 [INFO] __main__ — 뉴스 시점 제외 [효성오앤비]: 6건 (>14일/파싱실패)
2026-08-19 21:50:44,824 [INFO] __main__ — 뉴스 시점 제외 [백금T&A]: 5건 (>14일/파싱실패)
2026-08-19 21:50:45,526 [INFO] __main__ — 뉴스 시점 제외 [케이디켐]: 15건 (>14일/파싱실패)
2026-08-19 21:50:46,100 [INFO] __main__ — 뉴스 시점 제외 [하이즈항공]: 9건 (>14일/파싱실패)
2026-08-19 21:50:46,687 [INFO] __main__ — 뉴스 시점 제외 [에코캡]: 9건 (>14일/파싱실패)
2026-08-19 21:50:47,390 [INFO] __main__ — 뉴스 시점 제외 [다산디엠씨]: 8건 (>14일/파싱실패)
2026-08-19 21:50:47,394 [INFO] __main__ — 뉴스 시점 제외 [비비씨]: 10건 (>14일/파싱실패)
2026-08-19 21:50:47,401 [INFO] __main__ — 뉴스 시점 제외 [DH오토리드]: 12건 (>14일/파싱실패)
2026-08-19 21:50:47,951 [INFO] __main__ — 뉴스 시점 제외 [동일기연]: 9건 (>14일/파싱실패)
2026-08-19 21:50:48,088 [INFO] __main__ — 뉴스 시점 제외 [유니온바이오메트릭스]: 8건 (>14일/파싱실패)
2026-08-19 21:50:48,819 [INFO] __main__ — 뉴스 시점 제외 [삼화네트웍스]: 6건 (>14일/파싱실패)
2026-08-19 21:50:48,877 [INFO] __main__ — 뉴스 시점 제외 [DH오토웨어]: 13건 (>14일/파싱실패)
2026-08-19 21:50:49,648 [INFO] __main__ — 뉴스 시점 제외 [메가엠디]: 7건 (>14일/파싱실패)
2026-08-19 21:50:50,214 [INFO] __main__ — 뉴스 시점 제외 [코셈]: 15건 (>14일/파싱실패)
2026-08-19 21:50:51,244 [INFO] __main__ — 뉴스 시점 제외 [티디에스팜]: 8건 (>14일/파싱실패)
2026-08-19 21:50:51,777 [INFO] __main__ — 뉴스 시점 제외 [파인디지털]: 10건 (>14일/파싱실패)
2026-08-19 21:50:51,799 [INFO] __main__ — 뉴스 시점 제외 [모니터랩]: 11건 (>14일/파싱실패)
2026-08-19 21:50:52,490 [INFO] __main__ — 뉴스 시점 제외 [이삭엔지니어링]: 13건 (>14일/파싱실패)
2026-08-19 21:50:52,493 [INFO] __main__ — 뉴스 시점 제외 [솔디펜스]: 6건 (>14일/파싱실패)
2026-08-19 21:50:53,318 [INFO] __main__ — 뉴스 시점 제외 [케이씨티]: 13건 (>14일/파싱실패)
2026-08-19 21:50:53,894 [INFO] __main__ — 뉴스 시점 제외 [에스에이티]: 13건 (>14일/파싱실패)
2026-08-19 21:50:53,901 [INFO] __main__ — 뉴스 시점 제외 [와토스코리아]: 11건 (>14일/파싱실패)
2026-08-19 21:50:54,442 [INFO] __main__ — 뉴스 시점 제외 [시큐브]: 8건 (>14일/파싱실패)
2026-08-19 21:50:54,543 [INFO] __main__ — POOL_A 후보 부정뉴스 2차 조회: 435개
2026-08-19 21:50:54,546 [INFO] __main__ — POOL_A: 676개 (A:629 B:8 동시:39) | 부정게이트 제외:9
  대형:45 중형:121 소형:510
2026-08-19 21:50:54,552 [INFO] __main__ — 대조군 표본(무신호): 40개 / 모집단 1558개 → pool_history
2026-08-19 21:50:54,555 [INFO] __main__ —   → POOL_A: 676개
2026-08-19 21:50:54,555 [INFO] __main__ — ▶ Step 2: 하드 필터링
2026-08-19 21:50:54,556 [INFO] __main__ — 하드 필터 제거: 656개 | 과열배제 89 | 이격도상한 39 | 이격도하한 36 | MA추세 429 | RSI과열 17 | 거래대금 46
2026-08-19 21:50:54,558 [INFO] __main__ — 과열 gated 기록: 89개 → gated_tickers
2026-08-19 21:50:54,561 [INFO] __main__ — 대조군 표본(필터탈락): 212개 / 모집단 656개 → pool_history
2026-08-19 21:50:54,561 [INFO] __main__ — POOL_B: 20개 | 대형:0 중형:4 소형:16
2026-08-19 21:50:54,561 [INFO] __main__ —   → POOL_B: 20개
2026-08-19 21:50:54,561 [INFO] __main__ — ▶ Step 3: 스코어링 (FinBERT 감성 분석)
2026-08-19 21:50:54,561 [INFO] __main__ — NaverClient: 3개 키 로드 (DataLab·검색 독립 회전)
2026-08-19 21:50:54,561 [INFO] __main__ — 텍스트 신규 수집: 20종목 (캐시 적중 0종목)
2026-08-19 21:50:55,052 [INFO] __main__ — 봇 주가요약 제외 [금호타이어]: 1건
2026-08-19 21:50:59,066 [INFO] __main__ — 봇 주가요약 제외 [서흥]: 1건
2026-08-19 21:51:02,928 [INFO] __main__ — 뉴스 시점 제외 [코스맥스비티아이]: 11건 (>14일/파싱실패)
2026-08-19 21:51:06,587 [INFO] __main__ — 봇 주가요약 제외 [PS일렉트로닉스]: 3건
2026-08-19 21:51:13,899 [INFO] __main__ — 뉴스 시점 제외 [청담글로벌]: 18건 (>14일/파싱실패)
2026-08-19 21:51:13,930 [INFO] __main__ — 뉴스 시점 제외 [네오오토]: 16건 (>14일/파싱실패)
2026-08-19 21:51:17,183 [INFO] __main__ — 봇 주가요약 제외 [남화토건]: 2건
2026-08-19 21:51:17,475 [INFO] __main__ — 뉴스 시점 제외 [동양파일]: 7건 (>14일/파싱실패)
2026-08-19 21:51:20,442 [INFO] __main__ — 기사 보존(수집): 147건 (20종목) → news_articles
2026-08-19 21:51:20,444 [INFO] __main__ — 공시 보존(수집): 57건 (20종목) → dart_filings
2026-08-19 21:51:20,445 [INFO] __main__ — 수집 완료: 뉴스 147건 | 공시 57건
2026-08-19 21:51:20,445 [INFO] __main__ — FinBERT 감성 분석 (finbert 모드)...
2026-08-19 21:51:20,446 [INFO] __main__ — FinBERT 로딩: snunlp/KR-FinBert-SC (CPU, batch=8)
2026-08-19 21:51:20,564 [INFO] httpx — HTTP Request: GET https://huggingface.co/api/agent-harnesses "HTTP/1.1 200 OK"
2026-08-19 21:51:20,643 [INFO] httpx — HTTP Request: HEAD https://huggingface.co/snunlp/KR-FinBert-SC/resolve/main/config.json "HTTP/1.1 307 Temporary Redirect"
2026-08-19 21:51:20,649 [INFO] httpx — HTTP Request: HEAD https://huggingface.co/api/resolve-cache/models/snunlp/KR-FinBert-SC/f8586286cc3161fb648e9fee09a456069fd846d0/config.json "HTTP/1.1 200 OK"
2026-08-19 21:51:20,743 [INFO] httpx — HTTP Request: HEAD https://huggingface.co/snunlp/KR-FinBert-SC/resolve/main/model.safetensors "HTTP/1.1 404 Not Found"
2026-08-19 21:51:20,744 [WARNING] huggingface_hub.utils._http — Warning: You are sending unauthenticated requests to the HF Hub. Please set a HF_TOKEN to enable higher rate limits and faster downloads.
2026-08-19 21:51:20,821 [INFO] httpx — HTTP Request: GET https://huggingface.co/api/models/snunlp/KR-FinBert-SC "HTTP/1.1 200 OK"
2026-08-19 21:51:20,911 [INFO] httpx — HTTP Request: GET https://huggingface.co/api/models/snunlp/KR-FinBert-SC/commits/main "HTTP/1.1 200 OK"
2026-08-19 21:51:20,973 [INFO] httpx — HTTP Request: GET https://huggingface.co/api/models/snunlp/KR-FinBert-SC/tree/main/additional_chat_templates?recursive=false&expand=false "HTTP/1.1 404 Not Found"
2026-08-19 21:51:20,994 [INFO] httpx — HTTP Request: GET https://huggingface.co/api/models/snunlp/KR-FinBert-SC/discussions?p=0 "HTTP/1.1 200 OK"
2026-08-19 21:51:21,052 [INFO] httpx — HTTP Request: GET https://huggingface.co/api/models/snunlp/KR-FinBert-SC/tree/main?recursive=true&expand=false "HTTP/1.1 200 OK"
2026-08-19 21:51:21,085 [INFO] httpx — HTTP Request: GET https://huggingface.co/api/models/snunlp/KR-FinBert-SC/commits/refs%2Fpr%2F3 "HTTP/1.1 200 OK"
2026-08-19 21:51:21,152 [INFO] httpx — HTTP Request: HEAD https://huggingface.co/snunlp/KR-FinBert-SC/resolve/main/processor_config.json "HTTP/1.1 404 Not Found"
2026-08-19 21:51:21,188 [INFO] httpx — HTTP Request: HEAD https://huggingface.co/snunlp/KR-FinBert-SC/resolve/refs%2Fpr%2F3/model.safetensors.index.json "HTTP/1.1 404 Not Found"
2026-08-19 21:51:21,232 [INFO] httpx — HTTP Request: HEAD https://huggingface.co/snunlp/KR-FinBert-SC/resolve/main/video_preprocessor_config.json "HTTP/1.1 404 Not Found"
2026-08-19 21:51:21,269 [INFO] httpx — HTTP Request: HEAD https://huggingface.co/snunlp/KR-FinBert-SC/resolve/refs%2Fpr%2F3/model.safetensors "HTTP/1.1 302 Found"
2026-08-19 21:51:21,311 [INFO] httpx — HTTP Request: HEAD https://huggingface.co/snunlp/KR-FinBert-SC/resolve/main/preprocessor_config.json "HTTP/1.1 404 Not Found"
2026-08-19 21:51:21,312 [INFO] __main__ — FinBERT 로드 완료 (CPU)
2026-08-19 21:51:28,342 [INFO] __main__ — Phase A.1: 매핑 신뢰도 < 0.5 → 감성 점수 폐기 13건
2026-08-19 21:51:28,342 [INFO] __main__ — 스코어링: 20개 | 집중:0 | FinBERT:finbert
2026-08-19 21:51:28,358 [INFO] __main__ —   → 20개
2026-08-19 21:51:28,358 [INFO] __main__ — ▶ Step 4: 발송
2026-08-19 21:51:33,561 [INFO] __main__ — DB 기록: 14개 / 전체 to_send 14개
2026-08-19 21:51:33,561 [INFO] __main__ — 발송: 14종목 | 누적 4~10회 3 | 신규 0
2026-08-19 21:51:33,562 [INFO] __main__ — 완료  |  소요: 837.9초
