2026-10-05 18:48:42,769 [INFO] __main__ — config 검증 완료 ✓
2026-10-05 18:48:42,769 [INFO] __main__ — KIS 조회 도메인: 실전 (https://openapi.koreainvestment.com:9443)
2026-10-05 18:48:42,769 [INFO] __main__ — ============================================================
2026-10-05 18:48:42,769 [INFO] __main__ — AlphaRadar v3.3.1  |  기준일: 20261006  |  런: am
2026-10-05 18:48:42,769 [INFO] __main__ — S = T×0.3 + S_text×0.4 + D×0.3
2026-10-05 18:48:42,769 [INFO] __main__ — ============================================================
2026-10-05 18:48:42,769 [INFO] __main__ — ▶ Step 0: 유니버스 필터링
2026-10-05 18:48:43,091 [INFO] __main__ — FDR 데이터 수집: 20260402 ~ 20261006
2026-10-05 18:48:44,356 [INFO] __main__ — master universe 메타: 캐시 사용 2760개 (year=2026)
2026-10-05 18:48:44,358 [INFO] __main__ — master 보강: 등급 833개 | FnGuide/KSIC 2542개 | 섹터(fg_industry) 2542개
2026-10-05 18:48:44,359 [INFO] __main__ — KOSPI: 942개 | 섹터정보 830개 (DART +827개 보완)
2026-10-05 18:48:44,359 [INFO] __main__ — KOSDAQ: 1824개 | 섹터정보 1741개
2026-10-05 18:48:44,360 [INFO] __main__ — 전체: 2766개
2026-10-05 18:48:46,233 [INFO] __main__ — KIS 토큰 발급 완료
2026-10-05 18:54:49,911 [INFO] __main__ — DART corp_code 매핑: 896/920개 (97%)
2026-10-05 18:54:49,911 [INFO] __main__ — 유효 유니버스: 920개
2026-10-05 18:54:49,919 [INFO] __main__ —   → 920개
2026-10-05 18:54:49,919 [INFO] __main__ — ▶ Step 1: 신호 탐지
2026-10-05 18:54:49,919 [INFO] __main__ — NaverClient: 3개 키 로드 (DataLab·검색 독립 회전)
2026-10-05 18:54:49,919 [INFO] __main__ — 관심 지수 및 부정 뉴스 비율 조회 중...
2026-10-05 18:54:51,412 [INFO] __main__ — 봇 주가요약 제외 [한온시스템]: 1건
2026-10-05 18:54:54,861 [INFO] __main__ — 봇 주가요약 제외 [후성]: 2건
2026-10-05 18:54:55,958 [INFO] __main__ — 봇 주가요약 제외 [빛과전자]: 2건
2026-10-05 18:54:56,988 [INFO] __main__ — 봇 주가요약 제외 [드림시큐리티]: 1건
2026-10-05 18:54:57,301 [INFO] __main__ — 봇 주가요약 제외 [삼미금속]: 5건
2026-10-05 18:54:58,044 [INFO] __main__ — 봇 주가요약 제외 [엑스게이트]: 1건
2026-10-05 18:55:00,371 [INFO] __main__ — 봇 주가요약 제외 [나라스페이스테크놀로지]: 1건
2026-10-05 18:55:01,356 [INFO] __main__ — 봇 주가요약 제외 [우리기술투자]: 1건
2026-10-05 18:55:02,603 [INFO] __main__ — 봇 주가요약 제외 [동국산업]: 2건
2026-10-05 18:55:05,385 [INFO] __main__ — 봇 주가요약 제외 [서진시스템]: 1건
2026-10-05 18:55:05,399 [INFO] __main__ — 봇 주가요약 제외 [LS머트리얼즈]: 1건
2026-10-05 18:55:09,798 [INFO] __main__ — 뉴스 시점 제외 [PS일렉트로닉스]: 6건 (>14일/파싱실패)
2026-10-05 18:55:10,577 [INFO] __main__ — 봇 주가요약 제외 [에이팩트]: 2건
2026-10-05 18:55:11,606 [INFO] __main__ — 뉴스 시점 제외 [아주IB투자]: 4건 (>14일/파싱실패)
2026-10-05 18:55:11,606 [INFO] __main__ — 봇 주가요약 제외 [아주IB투자]: 2건
2026-10-05 18:55:13,666 [INFO] __main__ — 봇 주가요약 제외 [대원전선]: 4건
2026-10-05 18:55:14,949 [INFO] __main__ — 봇 주가요약 제외 [TCC스틸]: 1건
2026-10-05 18:55:15,692 [INFO] __main__ — 뉴스 시점 제외 [페니트리움바이오]: 3건 (>14일/파싱실패)
2026-10-05 18:55:15,692 [INFO] __main__ — 봇 주가요약 제외 [페니트리움바이오]: 2건
2026-10-05 18:55:15,964 [INFO] __main__ — 봇 주가요약 제외 [한선엔지니어링]: 1건
2026-10-05 18:55:18,753 [INFO] __main__ — 봇 주가요약 제외 [네오셈]: 1건
2026-10-05 18:55:18,998 [INFO] __main__ — 봇 주가요약 제외 [광전자]: 3건
2026-10-05 18:55:19,064 [INFO] __main__ — 봇 주가요약 제외 [원익홀딩스]: 2건
2026-10-05 18:55:20,017 [INFO] __main__ — 봇 주가요약 제외 [RF머트리얼즈]: 2건
2026-10-05 18:55:23,096 [INFO] __main__ — 봇 주가요약 제외 [뉴파워프라즈마]: 1건
2026-10-05 18:55:23,135 [INFO] __main__ — 봇 주가요약 제외 [저스템]: 1건
2026-10-05 18:55:23,949 [INFO] __main__ — 봇 주가요약 제외 [제이앤티씨]: 1건
2026-10-05 18:55:24,979 [INFO] __main__ — 봇 주가요약 제외 [디아이]: 2건
2026-10-05 18:55:26,180 [INFO] __main__ — 봇 주가요약 제외 [금호건설]: 1건
2026-10-05 18:55:26,201 [INFO] __main__ — 봇 주가요약 제외 [삼화콘덴서]: 1건
2026-10-05 18:55:27,007 [INFO] __main__ — 봇 주가요약 제외 [현대바이오]: 1건
2026-10-05 18:55:28,251 [INFO] __main__ — 봇 주가요약 제외 [필옵틱스]: 3건
2026-10-05 18:55:29,310 [INFO] __main__ — 봇 주가요약 제외 [테크윙]: 1건
2026-10-05 18:55:31,757 [INFO] __main__ — 봇 주가요약 제외 [아모텍]: 1건
2026-10-05 18:55:32,525 [INFO] __main__ — 뉴스 시점 제외 [엘브이엠씨홀딩스]: 9건 (>14일/파싱실패)
2026-10-05 18:55:33,542 [INFO] __main__ — 봇 주가요약 제외 [동진쎄미켐]: 2건
2026-10-05 18:55:34,583 [INFO] __main__ — 봇 주가요약 제외 [코오롱티슈진]: 2건
2026-10-05 18:55:36,926 [INFO] __main__ — 봇 주가요약 제외 [파인엠텍]: 1건
2026-10-05 18:55:37,683 [INFO] __main__ — 봇 주가요약 제외 [메가터치]: 2건
2026-10-05 18:55:38,708 [INFO] __main__ — 봇 주가요약 제외 [브이엠]: 1건
2026-10-05 18:55:39,740 [INFO] __main__ — 뉴스 시점 제외 [대아티아이]: 11건 (>14일/파싱실패)
2026-10-05 18:55:40,019 [INFO] __main__ — 봇 주가요약 제외 [이수페타시스]: 1건
2026-10-05 18:55:41,800 [INFO] __main__ — 봇 주가요약 제외 [티엘비]: 4건
2026-10-05 18:55:43,126 [INFO] __main__ — 봇 주가요약 제외 [두산퓨얼셀]: 1건
2026-10-05 18:55:44,146 [INFO] __main__ — 봇 주가요약 제외 [SK이터닉스]: 3건
2026-10-05 18:55:45,904 [INFO] __main__ — 봇 주가요약 제외 [태성]: 2건
2026-10-05 18:55:46,185 [INFO] __main__ — 봇 주가요약 제외 [에이프릴바이오]: 2건
2026-10-05 18:55:46,926 [INFO] __main__ — 뉴스 시점 제외 [보성파워텍]: 8건 (>14일/파싱실패)
2026-10-05 18:55:48,275 [INFO] __main__ — 봇 주가요약 제외 [마키나락스]: 2건
2026-10-05 18:55:49,162 [INFO] __main__ — 뉴스 시점 제외 [맥쿼리인프라]: 4건 (>14일/파싱실패)
2026-10-05 18:55:49,304 [INFO] __main__ — 봇 주가요약 제외 [DB하이텍]: 1건
2026-10-05 18:55:50,626 [INFO] __main__ — 뉴스 시점 제외 [글로벌텍스프리]: 12건 (>14일/파싱실패)
2026-10-05 18:55:51,673 [INFO] __main__ — 봇 주가요약 제외 [비에이치]: 2건
2026-10-05 18:55:51,676 [INFO] __main__ — 뉴스 시점 제외 [와이지-원]: 12건 (>14일/파싱실패)
2026-10-05 18:55:55,817 [INFO] __main__ — 봇 주가요약 제외 [유니셈]: 2건
2026-10-05 18:55:56,966 [INFO] __main__ — 봇 주가요약 제외 [롯데에너지머티리얼즈]: 1건
2026-10-05 18:55:57,985 [INFO] __main__ — 봇 주가요약 제외 [코미코]: 1건
2026-10-05 18:55:59,849 [INFO] __main__ — 뉴스 시점 제외 [티씨머티리얼즈]: 12건 (>14일/파싱실패)
2026-10-05 18:56:01,381 [INFO] __main__ — 뉴스 시점 제외 [에스에이엠티]: 8건 (>14일/파싱실패)
2026-10-05 18:56:04,331 [INFO] __main__ — 뉴스 시점 제외 [서부T&D]: 3건 (>14일/파싱실패)
2026-10-05 18:56:05,522 [INFO] __main__ — 뉴스 시점 제외 [동국홀딩스]: 10건 (>14일/파싱실패)
2026-10-05 18:56:07,843 [INFO] __main__ — 봇 주가요약 제외 [지엔씨에너지]: 4건
2026-10-05 18:56:09,529 [INFO] __main__ — 봇 주가요약 제외 [LG씨엔에스]: 1건
2026-10-05 18:56:09,629 [INFO] __main__ — 봇 주가요약 제외 [지아이이노베이션]: 1건
2026-10-05 18:56:09,852 [INFO] __main__ — 봇 주가요약 제외 [미래에셋벤처투자]: 1건
2026-10-05 18:56:10,543 [INFO] __main__ — 봇 주가요약 제외 [RFHIC]: 2건
2026-10-05 18:56:11,935 [INFO] __main__ — 봇 주가요약 제외 [켐트로닉스]: 2건
2026-10-05 18:56:16,477 [INFO] __main__ — 봇 주가요약 제외 [에스앤에스텍]: 1건
2026-10-05 18:56:19,700 [INFO] __main__ — 뉴스 시점 제외 [코칩]: 7건 (>14일/파싱실패)
2026-10-05 18:56:23,774 [INFO] __main__ — 봇 주가요약 제외 [코세스]: 1건
2026-10-05 18:56:24,788 [INFO] __main__ — 봇 주가요약 제외 [SNT다이내믹스]: 1건
2026-10-05 18:56:25,727 [INFO] __main__ — 봇 주가요약 제외 [네패스]: 1건
2026-10-05 18:56:25,831 [INFO] __main__ — 봇 주가요약 제외 [두산테스나]: 2건
2026-10-05 18:56:27,783 [INFO] __main__ — 봇 주가요약 제외 [네패스아크]: 1건
2026-10-05 18:56:27,855 [INFO] __main__ — 봇 주가요약 제외 [칩스앤미디어]: 3건
2026-10-05 18:56:28,826 [INFO] __main__ — 봇 주가요약 제외 [LS ELECTRIC]: 2건
2026-10-05 18:56:28,836 [INFO] __main__ — 봇 주가요약 제외 [이노스페이스]: 1건
2026-10-05 18:56:30,925 [INFO] __main__ — 뉴스 시점 제외 [미래에셋증권2우B]: 6건 (>14일/파싱실패)
2026-10-05 18:56:35,055 [INFO] __main__ — 봇 주가요약 제외 [한전기술]: 2건
2026-10-05 18:56:35,090 [INFO] __main__ — 봇 주가요약 제외 [산일전기]: 4건
2026-10-05 18:56:37,115 [INFO] __main__ — 봇 주가요약 제외 [원익QnC]: 3건
2026-10-05 18:56:38,135 [INFO] __main__ — 뉴스 시점 제외 [감성코퍼레이션]: 8건 (>14일/파싱실패)
2026-10-05 18:56:38,229 [INFO] __main__ — 봇 주가요약 제외 [비에이치아이]: 1건
2026-10-05 18:56:39,148 [INFO] __main__ — 봇 주가요약 제외 [케이엠더블유]: 1건
2026-10-05 18:56:39,277 [INFO] __main__ — 뉴스 시점 제외 [상신이디피]: 6건 (>14일/파싱실패)
2026-10-05 18:56:41,229 [INFO] __main__ — 뉴스 시점 제외 [엘티씨]: 2건 (>14일/파싱실패)
2026-10-05 18:56:41,387 [INFO] __main__ — 뉴스 시점 제외 [KB스타리츠]: 9건 (>14일/파싱실패)
2026-10-05 18:56:48,120 [INFO] __main__ — 뉴스 시점 제외 [ESR켄달스퀘어리츠]: 10건 (>14일/파싱실패)
2026-10-05 18:56:50,538 [INFO] __main__ — 봇 주가요약 제외 [한화비전]: 1건
2026-10-05 18:56:53,367 [INFO] __main__ — 뉴스 시점 제외 [베뉴지]: 12건 (>14일/파싱실패)
2026-10-05 18:56:55,458 [INFO] __main__ — 봇 주가요약 제외 [클로봇]: 1건
2026-10-05 18:56:59,646 [INFO] __main__ — 뉴스 시점 제외 [슈어소프트테크]: 7건 (>14일/파싱실패)
2026-10-05 18:57:02,940 [INFO] __main__ — 뉴스 시점 제외 [남해화학]: 4건 (>14일/파싱실패)
2026-10-05 18:57:07,119 [INFO] __main__ — 뉴스 시점 제외 [에스티큐브]: 9건 (>14일/파싱실패)
2026-10-05 18:57:08,054 [INFO] __main__ — 봇 주가요약 제외 [삼아알미늄]: 1건
2026-10-05 18:57:08,424 [INFO] __main__ — 봇 주가요약 제외 [엔켐]: 1건
2026-10-05 18:57:09,084 [INFO] __main__ — 봇 주가요약 제외 [해성디에스]: 1건
2026-10-05 18:57:09,442 [INFO] __main__ — 봇 주가요약 제외 [케이씨텍]: 1건
2026-10-05 18:57:10,193 [INFO] __main__ — 뉴스 시점 제외 [아스테라시스]: 6건 (>14일/파싱실패)
2026-10-05 18:57:14,949 [INFO] __main__ — 봇 주가요약 제외 [오픈엣지테크놀로지]: 3건
2026-10-05 18:57:15,667 [INFO] __main__ — 봇 주가요약 제외 [디지털대성]: 1건
2026-10-05 18:57:16,106 [INFO] __main__ — 봇 주가요약 제외 [명신산업]: 1건
2026-10-05 18:57:16,823 [INFO] __main__ — 뉴스 시점 제외 [포스코엠텍]: 1건 (>14일/파싱실패)
2026-10-05 18:57:16,823 [INFO] __main__ — 봇 주가요약 제외 [포스코엠텍]: 1건
2026-10-05 18:57:18,003 [INFO] __main__ — 뉴스 시점 제외 [코미팜]: 11건 (>14일/파싱실패)
2026-10-05 18:57:20,035 [INFO] __main__ — 봇 주가요약 제외 [비나텍]: 1건
2026-10-05 18:57:24,321 [INFO] __main__ — 뉴스 시점 제외 [신흥에스이씨]: 6건 (>14일/파싱실패)
2026-10-05 18:57:24,675 [INFO] __main__ — 뉴스 시점 제외 [이지홀딩스]: 11건 (>14일/파싱실패)
2026-10-05 18:57:29,492 [INFO] __main__ — 뉴스 시점 제외 [젬백스]: 6건 (>14일/파싱실패)
2026-10-05 18:57:30,960 [INFO] __main__ — 뉴스 시점 제외 [한국알콜]: 9건 (>14일/파싱실패)
2026-10-05 18:57:31,702 [INFO] __main__ — 뉴스 시점 제외 [현대차2우B]: 12건 (>14일/파싱실패)
2026-10-05 18:57:35,636 [INFO] __main__ — 봇 주가요약 제외 [가온칩스]: 2건
2026-10-05 18:57:36,798 [INFO] __main__ — 봇 주가요약 제외 [DSC인베스트먼트]: 1건
2026-10-05 18:57:37,117 [INFO] __main__ — 뉴스 시점 제외 [KG에코솔루션]: 14건 (>14일/파싱실패)
2026-10-05 18:57:38,680 [INFO] __main__ — 뉴스 시점 제외 [알멕]: 1건 (>14일/파싱실패)
2026-10-05 18:57:39,699 [INFO] __main__ — 봇 주가요약 제외 [하나머티리얼즈]: 2건
2026-10-05 18:57:40,881 [INFO] __main__ — 뉴스 시점 제외 [에이디테크놀로지]: 3건 (>14일/파싱실패)
2026-10-05 18:57:40,881 [INFO] __main__ — 봇 주가요약 제외 [에이디테크놀로지]: 1건
2026-10-05 18:57:43,819 [INFO] __main__ — 뉴스 시점 제외 [세보엠이씨]: 11건 (>14일/파싱실패)
2026-10-05 18:57:46,297 [INFO] __main__ — 뉴스 시점 제외 [신한알파리츠]: 11건 (>14일/파싱실패)
2026-10-05 18:57:48,335 [INFO] __main__ — 뉴스 시점 제외 [동성화인텍]: 6건 (>14일/파싱실패)
2026-10-05 18:57:48,437 [INFO] __main__ — 부정 키워드 감지: 20개 종목 (neg_ratio > 0)
2026-10-05 18:57:48,438 [INFO] __main__ — 수급일수충족·합계음수 제외: 66개
2026-10-05 18:57:52,399 [INFO] __main__ — 봇 주가요약 제외 [풍산]: 1건
2026-10-05 18:57:52,988 [INFO] __main__ — 뉴스 시점 제외 [삼성전기우]: 10건 (>14일/파싱실패)
2026-10-05 18:57:53,187 [INFO] __main__ — 뉴스 시점 제외 [LG전자우]: 11건 (>14일/파싱실패)
2026-10-05 18:57:54,148 [INFO] __main__ — 뉴스 시점 제외 [한화리츠]: 9건 (>14일/파싱실패)
2026-10-05 18:57:55,325 [INFO] __main__ — 뉴스 시점 제외 [맵스리얼티]: 15건 (>14일/파싱실패)
2026-10-05 18:57:57,049 [INFO] __main__ — 뉴스 시점 제외 [풍산홀딩스]: 12건 (>14일/파싱실패)
2026-10-05 18:57:57,166 [INFO] __main__ — 뉴스 시점 제외 [CJ4우(전환)]: 15건 (>14일/파싱실패)
2026-10-05 18:57:58,308 [INFO] __main__ — 뉴스 시점 제외 [조광피혁]: 11건 (>14일/파싱실패)
2026-10-05 18:57:59,124 [INFO] __main__ — 뉴스 시점 제외 [삼영무역]: 12건 (>14일/파싱실패)
2026-10-05 18:57:59,900 [INFO] __main__ — 뉴스 시점 제외 [일진홀딩스]: 2건 (>14일/파싱실패)
2026-10-05 18:58:00,470 [INFO] __main__ — 뉴스 시점 제외 [S-Oil우]: 8건 (>14일/파싱실패)
2026-10-05 18:58:02,279 [INFO] __main__ — 뉴스 시점 제외 [송원산업]: 8건 (>14일/파싱실패)
2026-10-05 18:58:02,775 [INFO] __main__ — 뉴스 시점 제외 [이지스밸류플러스리츠]: 10건 (>14일/파싱실패)
2026-10-05 18:58:03,357 [INFO] __main__ — 뉴스 시점 제외 [신한서부티엔디리츠]: 10건 (>14일/파싱실패)
2026-10-05 18:58:03,933 [INFO] __main__ — 뉴스 시점 제외 [대신밸류리츠]: 13건 (>14일/파싱실패)
2026-10-05 18:58:04,253 [INFO] __main__ — 뉴스 시점 제외 [잇츠한불]: 5건 (>14일/파싱실패)
2026-10-05 18:58:05,395 [INFO] __main__ — 뉴스 시점 제외 [모토닉]: 13건 (>14일/파싱실패)
2026-10-05 18:58:06,172 [INFO] __main__ — 뉴스 시점 제외 [동아지질]: 2건 (>14일/파싱실패)
2026-10-05 18:58:06,211 [INFO] __main__ — 뉴스 시점 제외 [LG우]: 14건 (>14일/파싱실패)
2026-10-05 18:58:07,105 [INFO] __main__ — 봇 주가요약 제외 [파크시스템스]: 1건
2026-10-05 18:58:07,336 [INFO] __main__ — 뉴스 시점 제외 [큐리옥스바이오시스템즈]: 9건 (>14일/파싱실패)
2026-10-05 18:58:08,493 [INFO] __main__ — 봇 주가요약 제외 [유일로보틱스]: 1건
2026-10-05 18:58:08,506 [INFO] __main__ — 뉴스 시점 제외 [제룡전기]: 6건 (>14일/파싱실패)
2026-10-05 18:58:08,506 [INFO] __main__ — 봇 주가요약 제외 [제룡전기]: 1건
2026-10-05 18:58:09,631 [INFO] __main__ — 봇 주가요약 제외 [타이거일렉]: 1건
2026-10-05 18:58:10,217 [INFO] __main__ — 뉴스 시점 제외 [삼지전자]: 8건 (>14일/파싱실패)
2026-10-05 18:58:11,068 [INFO] __main__ — 뉴스 시점 제외 [현대힘스]: 9건 (>14일/파싱실패)
2026-10-05 18:58:12,520 [INFO] __main__ — 봇 주가요약 제외 [매커스]: 1건
2026-10-05 18:58:12,771 [INFO] __main__ — 뉴스 시점 제외 [골프존홀딩스]: 11건 (>14일/파싱실패)
2026-10-05 18:58:13,323 [INFO] __main__ — 뉴스 시점 제외 [사피엔반도체]: 4건 (>14일/파싱실패)
2026-10-05 18:58:13,885 [INFO] __main__ — 봇 주가요약 제외 [에스비비테크]: 1건
2026-10-05 18:58:14,263 [INFO] __main__ — 뉴스 시점 제외 [인화정공]: 8건 (>14일/파싱실패)
2026-10-05 18:58:15,419 [INFO] __main__ — 뉴스 시점 제외 [필에너지]: 9건 (>14일/파싱실패)
2026-10-05 18:58:16,142 [INFO] __main__ — 봇 주가요약 제외 [덕산테코피아]: 1건
2026-10-05 18:58:16,882 [INFO] __main__ — 뉴스 시점 제외 [도우인시스]: 6건 (>14일/파싱실패)
2026-10-05 18:58:17,602 [INFO] __main__ — 뉴스 시점 제외 [케이티알파]: 8건 (>14일/파싱실패)
2026-10-05 18:58:18,009 [INFO] __main__ — 봇 주가요약 제외 [대명에너지]: 1건
2026-10-05 18:58:18,139 [INFO] __main__ — 뉴스 시점 제외 [신성에스티]: 2건 (>14일/파싱실패)
2026-10-05 18:58:18,165 [INFO] __main__ — 뉴스 시점 제외 [피에이치에이]: 9건 (>14일/파싱실패)
2026-10-05 18:58:19,140 [INFO] __main__ — 뉴스 시점 제외 [덕양에너젠]: 2건 (>14일/파싱실패)
2026-10-05 18:58:19,414 [INFO] __main__ — 뉴스 시점 제외 [삼목에스폼]: 1건 (>14일/파싱실패)
2026-10-05 18:58:20,113 [INFO] __main__ — 뉴스 시점 제외 [에스엔시스]: 9건 (>14일/파싱실패)
2026-10-05 18:58:20,412 [INFO] __main__ — 뉴스 시점 제외 [엠로]: 6건 (>14일/파싱실패)
2026-10-05 18:58:20,829 [INFO] __main__ — 뉴스 시점 제외 [JTC]: 7건 (>14일/파싱실패)
2026-10-05 18:58:20,830 [INFO] __main__ — 뉴스 시점 제외 [오리엔탈정공]: 8건 (>14일/파싱실패)
2026-10-05 18:58:20,985 [INFO] __main__ — 뉴스 시점 제외 [BGF에코머티리얼즈]: 9건 (>14일/파싱실패)
2026-10-05 18:58:21,426 [INFO] __main__ — 뉴스 시점 제외 [바이넥스]: 9건 (>14일/파싱실패)
2026-10-05 18:58:21,527 [INFO] __main__ — POOL_A 후보 부정뉴스 2차 조회: 168개
2026-10-05 18:58:21,529 [INFO] __main__ — POOL_A: 446개 (A:438 B:0 동시:8) | 부정게이트 제외:5
  대형:45 중형:187 소형:214
2026-10-05 18:58:21,533 [INFO] __main__ — 대조군 표본(무신호): 40개 / 모집단 474개 → pool_history
2026-10-05 18:58:21,535 [INFO] __main__ —   → POOL_A: 446개
2026-10-05 18:58:21,535 [INFO] __main__ — ▶ Step 2: 하드 필터링
2026-10-05 18:58:21,536 [INFO] __main__ — 하드 필터 제거: 431개 | 과열배제 91 | 이격도상한 34 | 이격도하한 4 | MA추세 231 | RSI과열 9 | 거래대금 62
2026-10-05 18:58:21,538 [INFO] __main__ — 과열 gated 기록: 91개 → gated_tickers
2026-10-05 18:58:21,540 [INFO] __main__ — 대조군 표본(필터탈락): 167개 / 모집단 431개 → pool_history
2026-10-05 18:58:21,541 [INFO] __main__ — POOL_B: 15개 | 대형:0 중형:8 소형:7
2026-10-05 18:58:21,541 [INFO] __main__ —   → POOL_B: 15개
2026-10-05 18:58:21,541 [INFO] __main__ — ▶ Step 3: 스코어링 (FinBERT 감성 분석)
2026-10-05 18:58:21,541 [INFO] __main__ — NaverClient: 3개 키 로드 (DataLab·검색 독립 회전)
2026-10-05 18:58:21,541 [INFO] __main__ — 텍스트 신규 수집: 15종목 (캐시 적중 0종목)
2026-10-05 18:58:22,032 [INFO] __main__ — 뉴스 시점 제외 [씨에스윈드]: 5건 (>14일/파싱실패)
2026-10-05 18:58:22,044 [INFO] __main__ — 봇 주가요약 제외 [광전자]: 5건
2026-10-05 18:58:22,051 [INFO] __main__ — 뉴스 시점 제외 [삼아알미늄]: 18건 (>14일/파싱실패)
2026-10-05 18:58:22,051 [INFO] __main__ — 봇 주가요약 제외 [삼아알미늄]: 1건
2026-10-05 18:58:30,069 [INFO] __main__ — 봇 주가요약 제외 [제이앤티씨]: 1건
2026-10-05 18:58:33,777 [INFO] __main__ — 봇 주가요약 제외 [우리기술투자]: 3건
2026-10-05 18:58:37,040 [INFO] __main__ — 뉴스 시점 제외 [파인엠텍]: 17건 (>14일/파싱실패)
2026-10-05 18:58:37,041 [INFO] __main__ — 봇 주가요약 제외 [파인엠텍]: 1건
2026-10-05 18:58:37,399 [INFO] __main__ — 뉴스 시점 제외 [상신이디피]: 21건 (>14일/파싱실패)
2026-10-05 18:58:37,410 [INFO] __main__ — 뉴스 시점 제외 [세보엠이씨]: 26건 (>14일/파싱실패)
2026-10-05 18:58:40,369 [INFO] __main__ — 기사 보존(수집): 115건 (15종목) → news_articles
2026-10-05 18:58:40,370 [INFO] __main__ — 공시 보존(수집): 16건 (15종목) → dart_filings
2026-10-05 18:58:40,371 [INFO] __main__ — 수집 완료: 뉴스 115건 | 공시 16건
2026-10-05 18:58:40,371 [INFO] __main__ — FinBERT 감성 분석 (finbert 모드)...
2026-10-05 18:58:40,371 [INFO] __main__ — FinBERT 로딩: snunlp/KR-FinBert-SC (CPU, batch=8)
2026-10-05 18:58:40,503 [INFO] httpx — HTTP Request: GET https://huggingface.co/api/agent-harnesses "HTTP/1.1 200 OK"
2026-10-05 18:58:40,576 [INFO] httpx — HTTP Request: GET https://huggingface.co/api/models/snunlp/KR-FinBert-SC "HTTP/1.1 200 OK"
2026-10-05 18:58:40,663 [INFO] httpx — HTTP Request: HEAD https://huggingface.co/snunlp/KR-FinBert-SC/resolve/main/model.safetensors "HTTP/1.1 404 Not Found"
2026-10-05 18:58:40,741 [INFO] httpx — HTTP Request: GET https://huggingface.co/api/models/snunlp/KR-FinBert-SC "HTTP/1.1 200 OK"
2026-10-05 18:58:40,822 [INFO] httpx — HTTP Request: GET https://huggingface.co/api/models/snunlp/KR-FinBert-SC/commits/main "HTTP/1.1 200 OK"
2026-10-05 18:58:40,901 [INFO] httpx — HTTP Request: GET https://huggingface.co/api/models/snunlp/KR-FinBert-SC/discussions?p=0 "HTTP/1.1 200 OK"
2026-10-05 18:58:40,968 [INFO] httpx — HTTP Request: GET https://huggingface.co/api/models/snunlp/KR-FinBert-SC/tree/main/additional_chat_templates?recursive=false&expand=false "HTTP/1.1 404 Not Found"
2026-10-05 18:58:40,985 [INFO] httpx — HTTP Request: GET https://huggingface.co/api/models/snunlp/KR-FinBert-SC/commits/refs%2Fpr%2F3 "HTTP/1.1 200 OK"
2026-10-05 18:58:41,054 [INFO] httpx — HTTP Request: HEAD https://huggingface.co/snunlp/KR-FinBert-SC/resolve/refs%2Fpr%2F3/model.safetensors.index.json "HTTP/1.1 404 Not Found"
2026-10-05 18:58:41,055 [WARNING] huggingface_hub.utils._http — Warning: You are sending unauthenticated requests to the HF Hub. Please set a HF_TOKEN to enable higher rate limits and faster downloads.
2026-10-05 18:58:41,106 [INFO] httpx — HTTP Request: GET https://huggingface.co/api/models/snunlp/KR-FinBert-SC/tree/main?recursive=true&expand=false "HTTP/1.1 200 OK"
2026-10-05 18:58:41,127 [INFO] httpx — HTTP Request: HEAD https://huggingface.co/snunlp/KR-FinBert-SC/resolve/refs%2Fpr%2F3/model.safetensors "HTTP/1.1 302 Found"
2026-10-05 18:58:41,193 [INFO] httpx — HTTP Request: HEAD https://huggingface.co/snunlp/KR-FinBert-SC/resolve/f8586286cc3161fb648e9fee09a456069fd846d0/processor_config.json "HTTP/1.1 404 Not Found"
2026-10-05 18:58:41,259 [INFO] httpx — HTTP Request: HEAD https://huggingface.co/snunlp/KR-FinBert-SC/resolve/f8586286cc3161fb648e9fee09a456069fd846d0/video_preprocessor_config.json "HTTP/1.1 404 Not Found"
2026-10-05 18:58:41,329 [INFO] httpx — HTTP Request: HEAD https://huggingface.co/snunlp/KR-FinBert-SC/resolve/f8586286cc3161fb648e9fee09a456069fd846d0/preprocessor_config.json "HTTP/1.1 404 Not Found"
2026-10-05 18:58:41,329 [INFO] __main__ — FinBERT 로드 완료 (CPU)
2026-10-05 18:58:50,596 [INFO] __main__ — Phase A.1: 매핑 신뢰도 < 0.5 → 감성 점수 폐기 11건
2026-10-05 18:58:50,596 [INFO] __main__ — [shadow] 필드별 검사 기준 폐기 0/15종목 (집행 11건 — 변동 없음)
2026-10-05 18:58:50,596 [INFO] __main__ — 스코어링: 15개 | 집중:0 | FinBERT:finbert
2026-10-05 18:58:50,607 [INFO] __main__ —   → 15개
2026-10-05 18:58:50,608 [INFO] __main__ — ▶ Step 4: 발송
2026-10-05 18:58:54,119 [INFO] __main__ — DB 기록: 9개 / 전체 to_send 9개
2026-10-05 18:58:54,119 [INFO] __main__ — 발송: 9종목 | 누적 4~10회 4 | 신규 0
2026-10-05 18:58:54,119 [INFO] __main__ — 완료  |  소요: 611.4초
2026-10-05 18:58:55,125 [INFO] track_outcomes — pool_history 대조군 11466건 추적 대상 포함
2026-10-05 18:58:55,212 [INFO] track_outcomes — 고아 행 133건 복원 (targets에서 탈락한 미완 키)
2026-10-05 18:58:55,212 [INFO] track_outcomes — 대상 22102건 | 갱신 필요 9099건 | 완료 스킵 13136건
2026-10-05 18:58:55,215 [INFO] track_outcomes —   가격 조회 고유 종목 952개 (기존 302 + 대조군 추가 650)
2026-10-05 18:58:55,217 [INFO] track_outcomes —   가격 조회 종료일 2026-10-05 (KST 오늘 2026-10-06 03:58 — 당일 바 제외)
2026-10-05 19:13:12,055 [INFO] track_outcomes — outcomes 적재: 신규 313건 | 갱신(신규+보완) 313건
