2026-09-29 16:06:39,070 [INFO] __main__ — config 검증 완료 ✓
2026-09-29 16:06:39,070 [INFO] __main__ — KIS 조회 도메인: 실전 (https://openapi.koreainvestment.com:9443)
2026-09-29 16:06:39,070 [INFO] __main__ — ============================================================
2026-09-29 16:06:39,070 [INFO] __main__ — AlphaRadar v3.3.1  |  기준일: 20260930  |  런: am
2026-09-29 16:06:39,070 [INFO] __main__ — S = T×0.3 + S_text×0.4 + D×0.3
2026-09-29 16:06:39,071 [INFO] __main__ — ============================================================
2026-09-29 16:06:39,071 [INFO] __main__ — ▶ Step 0: 유니버스 필터링
2026-09-29 16:06:39,351 [INFO] __main__ — FDR 데이터 수집: 20260327 ~ 20260930
2026-09-29 16:06:41,904 [INFO] __main__ — master universe 메타: 캐시 사용 2760개 (year=2026)
2026-09-29 16:06:41,906 [INFO] __main__ — master 보강: 등급 833개 | FnGuide/KSIC 2543개 | 섹터(fg_industry) 2543개
2026-09-29 16:06:41,906 [INFO] __main__ — KOSPI: 942개 | 섹터정보 830개 (DART +827개 보완)
2026-09-29 16:06:41,907 [INFO] __main__ — KOSDAQ: 1823개 | 섹터정보 1742개
2026-09-29 16:06:41,907 [INFO] __main__ — 전체: 2765개
2026-09-29 16:06:43,550 [INFO] __main__ — KIS 토큰 발급 완료
2026-09-29 16:12:47,145 [INFO] __main__ — DART corp_code 매핑: 886/910개 (97%)
2026-09-29 16:12:47,145 [INFO] __main__ — 유효 유니버스: 910개
2026-09-29 16:12:47,152 [INFO] __main__ —   → 910개
2026-09-29 16:12:47,152 [INFO] __main__ — ▶ Step 1: 신호 탐지
2026-09-29 16:12:47,152 [INFO] __main__ — NaverClient: 3개 키 로드 (DataLab·검색 독립 회전)
2026-09-29 16:12:47,152 [INFO] __main__ — 관심 지수 및 부정 뉴스 비율 조회 중...
2026-09-29 16:12:48,608 [INFO] __main__ — 봇 주가요약 제외 [대한광통신]: 1건
2026-09-29 16:12:48,609 [INFO] __main__ — 봇 주가요약 제외 [SFA반도체]: 2건
2026-09-29 16:12:49,932 [INFO] __main__ — 봇 주가요약 제외 [드림시큐리티]: 2건
2026-09-29 16:12:49,937 [INFO] __main__ — 봇 주가요약 제외 [한국비엔씨]: 2건
2026-09-29 16:12:51,228 [INFO] __main__ — 봇 주가요약 제외 [엑스게이트]: 2건
2026-09-29 16:12:51,242 [INFO] __main__ — 봇 주가요약 제외 [삼미금속]: 2건
2026-09-29 16:12:51,257 [INFO] __main__ — 봇 주가요약 제외 [우리기술투자]: 2건
2026-09-29 16:12:52,251 [INFO] __main__ — 봇 주가요약 제외 [빛과전자]: 3건
2026-09-29 16:12:52,626 [INFO] __main__ — 봇 주가요약 제외 [광전자]: 1건
2026-09-29 16:12:54,817 [INFO] __main__ — 봇 주가요약 제외 [우리로]: 3건
2026-09-29 16:12:55,850 [INFO] __main__ — 봇 주가요약 제외 [아주IB투자]: 3건
2026-09-29 16:12:55,865 [INFO] __main__ — 봇 주가요약 제외 [우리기술]: 2건
2026-09-29 16:12:57,015 [INFO] __main__ — 봇 주가요약 제외 [KBI메탈]: 2건
2026-09-29 16:12:57,020 [INFO] __main__ — 봇 주가요약 제외 [후성]: 1건
2026-09-29 16:12:59,052 [INFO] __main__ — 봇 주가요약 제외 [티이엠씨]: 2건
2026-09-29 16:12:59,060 [INFO] __main__ — 봇 주가요약 제외 [하나마이크론]: 1건
2026-09-29 16:13:00,077 [INFO] __main__ — 봇 주가요약 제외 [이뮨온시아]: 2건
2026-09-29 16:13:00,101 [INFO] __main__ — 봇 주가요약 제외 [대원전선]: 1건
2026-09-29 16:13:02,132 [INFO] __main__ — 봇 주가요약 제외 [쓰리빌리언]: 1건
2026-09-29 16:13:02,144 [INFO] __main__ — 봇 주가요약 제외 [현대약품]: 1건
2026-09-29 16:13:04,217 [INFO] __main__ — 봇 주가요약 제외 [루닛]: 2건
2026-09-29 16:13:08,332 [INFO] __main__ — 봇 주가요약 제외 [뉴파워프라즈마]: 1건
2026-09-29 16:13:08,845 [INFO] __main__ — 봇 주가요약 제외 [제이앤티씨]: 1건
2026-09-29 16:13:10,880 [INFO] __main__ — 봇 주가요약 제외 [서진시스템]: 2건
2026-09-29 16:13:11,419 [INFO] __main__ — 봇 주가요약 제외 [금호건설]: 2건
2026-09-29 16:13:11,425 [INFO] __main__ — 봇 주가요약 제외 [아이씨티케이]: 1건
2026-09-29 16:13:12,457 [INFO] __main__ — 봇 주가요약 제외 [휴림로봇]: 2건
2026-09-29 16:13:12,893 [INFO] __main__ — 봇 주가요약 제외 [코리아써키트]: 2건
2026-09-29 16:13:15,583 [INFO] __main__ — 봇 주가요약 제외 [메가터치]: 2건
2026-09-29 16:13:17,592 [INFO] __main__ — 봇 주가요약 제외 [노타]: 1건
2026-09-29 16:13:17,979 [INFO] __main__ — 봇 주가요약 제외 [스피어]: 1건
2026-09-29 16:13:18,649 [INFO] __main__ — 봇 주가요약 제외 [저스템]: 1건
2026-09-29 16:13:18,667 [INFO] __main__ — 봇 주가요약 제외 [한솔테크닉스]: 2건
2026-09-29 16:13:18,984 [INFO] __main__ — 봇 주가요약 제외 [고영]: 1건
2026-09-29 16:13:19,686 [INFO] __main__ — 봇 주가요약 제외 [티엠씨]: 1건
2026-09-29 16:13:20,700 [INFO] __main__ — 뉴스 시점 제외 [대아티아이]: 9건 (>14일/파싱실패)
2026-09-29 16:13:21,704 [INFO] __main__ — 봇 주가요약 제외 [페니트리움바이오]: 3건
2026-09-29 16:13:22,824 [INFO] __main__ — 봇 주가요약 제외 [HLB테라퓨틱스]: 1건
2026-09-29 16:13:23,065 [INFO] __main__ — 봇 주가요약 제외 [삼현]: 1건
2026-09-29 16:13:23,974 [INFO] __main__ — 봇 주가요약 제외 [티엘비]: 2건
2026-09-29 16:13:24,107 [INFO] __main__ — 봇 주가요약 제외 [제주반도체]: 4건
2026-09-29 16:13:25,145 [INFO] __main__ — 봇 주가요약 제외 [제우스]: 1건
2026-09-29 16:13:25,909 [INFO] __main__ — 봇 주가요약 제외 [이수페타시스]: 2건
2026-09-29 16:13:29,216 [INFO] __main__ — 봇 주가요약 제외 [코오롱티슈진]: 3건
2026-09-29 16:13:34,318 [INFO] __main__ — 봇 주가요약 제외 [HLB이노베이션]: 1건
2026-09-29 16:13:35,241 [INFO] __main__ — 봇 주가요약 제외 [테크윙]: 1건
2026-09-29 16:13:35,332 [INFO] __main__ — 뉴스 시점 제외 [엘브이엠씨홀딩스]: 11건 (>14일/파싱실패)
2026-09-29 16:13:36,259 [INFO] __main__ — 봇 주가요약 제외 [두산퓨얼셀]: 2건
2026-09-29 16:13:37,445 [INFO] __main__ — 봇 주가요약 제외 [한전기술]: 1건
2026-09-29 16:13:39,401 [INFO] __main__ — 봇 주가요약 제외 [실리콘투]: 1건
2026-09-29 16:13:40,519 [INFO] __main__ — 봇 주가요약 제외 [SK이터닉스]: 3건
2026-09-29 16:13:41,409 [INFO] __main__ — 뉴스 시점 제외 [맥쿼리인프라]: 5건 (>14일/파싱실패)
2026-09-29 16:13:41,509 [INFO] __main__ — 봇 주가요약 제외 [일진전기]: 2건
2026-09-29 16:13:42,543 [INFO] __main__ — 뉴스 시점 제외 [와이지-원]: 7건 (>14일/파싱실패)
2026-09-29 16:13:43,569 [INFO] __main__ — 봇 주가요약 제외 [한양디지텍]: 1건
2026-09-29 16:13:44,604 [INFO] __main__ — 봇 주가요약 제외 [서울반도체]: 2건
2026-09-29 16:13:45,614 [INFO] __main__ — 봇 주가요약 제외 [한화엔진]: 1건
2026-09-29 16:13:46,608 [INFO] __main__ — 봇 주가요약 제외 [디앤디파마텍]: 1건
2026-09-29 16:13:46,686 [INFO] __main__ — 봇 주가요약 제외 [RFHIC]: 1건
2026-09-29 16:13:49,336 [INFO] __main__ — 봇 주가요약 제외 [코미코]: 3건
2026-09-29 16:13:50,495 [INFO] __main__ — 봇 주가요약 제외 [LG씨엔에스]: 1건
2026-09-29 16:13:50,507 [INFO] __main__ — 뉴스 시점 제외 [글로벌텍스프리]: 12건 (>14일/파싱실패)
2026-09-29 16:13:51,806 [INFO] __main__ — 봇 주가요약 제외 [갤럭시아머니트리]: 1건
2026-09-29 16:13:55,405 [INFO] __main__ — 봇 주가요약 제외 [명신산업]: 1건
2026-09-29 16:13:55,414 [INFO] __main__ — 봇 주가요약 제외 [에이비엘바이오]: 1건
2026-09-29 16:13:56,459 [INFO] __main__ — 봇 주가요약 제외 [오이솔루션]: 2건
2026-09-29 16:13:57,647 [INFO] __main__ — 뉴스 시점 제외 [유니셈]: 6건 (>14일/파싱실패)
2026-09-29 16:13:57,647 [INFO] __main__ — 봇 주가요약 제외 [유니셈]: 2건
2026-09-29 16:13:57,648 [INFO] __main__ — 봇 주가요약 제외 [엘앤에프]: 1건
2026-09-29 16:13:58,655 [INFO] __main__ — 봇 주가요약 제외 [지엔씨에너지]: 1건
2026-09-29 16:13:58,671 [INFO] __main__ — 뉴스 시점 제외 [에스에이엠티]: 8건 (>14일/파싱실패)
2026-09-29 16:13:59,676 [INFO] __main__ — 봇 주가요약 제외 [태성]: 3건
2026-09-29 16:13:59,708 [INFO] __main__ — 뉴스 시점 제외 [KB스타리츠]: 9건 (>14일/파싱실패)
2026-09-29 16:14:00,852 [INFO] __main__ — 봇 주가요약 제외 [OCI홀딩스]: 1건
2026-09-29 16:14:03,018 [INFO] __main__ — 봇 주가요약 제외 [카페24]: 1건
2026-09-29 16:14:04,041 [INFO] __main__ — 뉴스 시점 제외 [동국홀딩스]: 8건 (>14일/파싱실패)
2026-09-29 16:14:06,035 [INFO] __main__ — 봇 주가요약 제외 [코칩]: 1건
2026-09-29 16:14:06,091 [INFO] __main__ — 봇 주가요약 제외 [포스코퓨처엠]: 1건
2026-09-29 16:14:08,057 [INFO] __main__ — 봇 주가요약 제외 [피에스케이]: 2건
2026-09-29 16:14:11,118 [INFO] __main__ — 뉴스 시점 제외 [서부T&D]: 5건 (>14일/파싱실패)
2026-09-29 16:14:12,311 [INFO] __main__ — 봇 주가요약 제외 [아스플로]: 3건
2026-09-29 16:14:17,501 [INFO] __main__ — 봇 주가요약 제외 [칩스앤미디어]: 1건
2026-09-29 16:14:17,635 [INFO] __main__ — 뉴스 시점 제외 [하림지주]: 3건 (>14일/파싱실패)
2026-09-29 16:14:19,619 [INFO] __main__ — 봇 주가요약 제외 [디지털대성]: 1건
2026-09-29 16:14:20,662 [INFO] __main__ — 봇 주가요약 제외 [테스]: 2건
2026-09-29 16:14:22,702 [INFO] __main__ — 봇 주가요약 제외 [두산로보틱스]: 1건
2026-09-29 16:14:25,877 [INFO] __main__ — 뉴스 시점 제외 [ESR켄달스퀘어리츠]: 11건 (>14일/파싱실패)
2026-09-29 16:14:26,868 [INFO] __main__ — 뉴스 시점 제외 [휴스틸]: 11건 (>14일/파싱실패)
2026-09-29 16:14:26,918 [INFO] __main__ — 뉴스 시점 제외 [코미팜]: 7건 (>14일/파싱실패)
2026-09-29 16:14:29,930 [INFO] __main__ — 봇 주가요약 제외 [알지노믹스]: 1건
2026-09-29 16:14:33,035 [INFO] __main__ — 뉴스 시점 제외 [이수화학]: 3건 (>14일/파싱실패)
2026-09-29 16:14:34,047 [INFO] __main__ — 봇 주가요약 제외 [유니테스트]: 1건
2026-09-29 16:14:36,139 [INFO] __main__ — 뉴스 시점 제외 [미래에셋증권2우B]: 4건 (>14일/파싱실패)
2026-09-29 16:14:37,178 [INFO] __main__ — 봇 주가요약 제외 [켐트로닉스]: 2건
2026-09-29 16:14:38,230 [INFO] __main__ — 봇 주가요약 제외 [SNT다이내믹스]: 1건
2026-09-29 16:14:42,329 [INFO] __main__ — 봇 주가요약 제외 [해성디에스]: 1건
2026-09-29 16:14:43,371 [INFO] __main__ — 봇 주가요약 제외 [에스앤에스텍]: 2건
2026-09-29 16:14:48,856 [INFO] __main__ — 봇 주가요약 제외 [서울바이오시스]: 1건
2026-09-29 16:14:49,853 [INFO] __main__ — 봇 주가요약 제외 [원익QnC]: 1건
2026-09-29 16:14:51,944 [INFO] __main__ — 봇 주가요약 제외 [가온칩스]: 1건
2026-09-29 16:14:51,958 [INFO] __main__ — 뉴스 시점 제외 [디아이씨]: 8건 (>14일/파싱실패)
2026-09-29 16:14:53,136 [INFO] __main__ — 봇 주가요약 제외 [산일전기]: 2건
2026-09-29 16:14:53,975 [INFO] __main__ — 봇 주가요약 제외 [파이버프로]: 1건
2026-09-29 16:14:56,756 [INFO] __main__ — 뉴스 시점 제외 [KB발해인프라]: 13건 (>14일/파싱실패)
2026-09-29 16:15:03,840 [INFO] __main__ — 봇 주가요약 제외 [리가켐바이오]: 1건
2026-09-29 16:15:04,851 [INFO] __main__ — 봇 주가요약 제외 [이수스페셜티케미컬]: 1건
2026-09-29 16:15:05,114 [INFO] __main__ — 봇 주가요약 제외 [코스모신소재]: 2건
2026-09-29 16:15:07,903 [INFO] __main__ — 뉴스 시점 제외 [슈어소프트테크]: 3건 (>14일/파싱실패)
2026-09-29 16:15:09,922 [INFO] __main__ — 봇 주가요약 제외 [대주전자재료]: 2건
2026-09-29 16:15:12,376 [INFO] __main__ — 봇 주가요약 제외 [GST]: 1건
2026-09-29 16:15:14,039 [INFO] __main__ — 뉴스 시점 제외 [한국알콜]: 11건 (>14일/파싱실패)
2026-09-29 16:15:15,398 [INFO] __main__ — 봇 주가요약 제외 [피에스케이홀딩스]: 1건
2026-09-29 16:15:16,431 [INFO] __main__ — 뉴스 시점 제외 [이지홀딩스]: 11건 (>14일/파싱실패)
2026-09-29 16:15:27,787 [INFO] __main__ — 뉴스 시점 제외 [현대차2우B]: 10건 (>14일/파싱실패)
2026-09-29 16:15:28,821 [INFO] __main__ — 뉴스 시점 제외 [젬백스]: 8건 (>14일/파싱실패)
2026-09-29 16:15:28,894 [INFO] __main__ — 봇 주가요약 제외 [범한퓨얼셀]: 1건
2026-09-29 16:15:29,888 [INFO] __main__ — 봇 주가요약 제외 [에스비비테크]: 1건
2026-09-29 16:15:30,931 [INFO] __main__ — 뉴스 시점 제외 [대원강업]: 4건 (>14일/파싱실패)
2026-09-29 16:15:31,971 [INFO] __main__ — 뉴스 시점 제외 [한화리츠]: 11건 (>14일/파싱실패)
2026-09-29 16:15:32,850 [INFO] __main__ — 봇 주가요약 제외 [피엔티]: 1건
2026-09-29 16:15:36,143 [INFO] __main__ — 봇 주가요약 제외 [하나머티리얼즈]: 1건
2026-09-29 16:15:38,221 [INFO] __main__ — 봇 주가요약 제외 [SFA]: 2건
2026-09-29 16:15:39,092 [INFO] __main__ — 뉴스 시점 제외 [신흥에스이씨]: 4건 (>14일/파싱실패)
2026-09-29 16:15:41,153 [INFO] __main__ — 뉴스 시점 제외 [신한알파리츠]: 11건 (>14일/파싱실패)
2026-09-29 16:15:42,150 [INFO] __main__ — 봇 주가요약 제외 [티에스이]: 1건
2026-09-29 16:15:45,560 [INFO] __main__ — 부정 키워드 감지: 13개 종목 (neg_ratio > 0)
2026-09-29 16:15:45,562 [INFO] __main__ — 수급일수충족·합계음수 제외: 59개
2026-09-29 16:15:48,937 [INFO] __main__ — 뉴스 시점 제외 [삼성전기우]: 8건 (>14일/파싱실패)
2026-09-29 16:15:50,862 [INFO] __main__ — 뉴스 시점 제외 [쿠쿠홀딩스]: 13건 (>14일/파싱실패)
2026-09-29 16:15:52,366 [INFO] __main__ — 뉴스 시점 제외 [미원에스씨]: 3건 (>14일/파싱실패)
2026-09-29 16:15:53,149 [INFO] __main__ — 뉴스 시점 제외 [한화3우B]: 14건 (>14일/파싱실패)
2026-09-29 16:15:53,512 [INFO] __main__ — 뉴스 시점 제외 [CJ4우(전환)]: 15건 (>14일/파싱실패)
2026-09-29 16:15:54,231 [INFO] __main__ — 뉴스 시점 제외 [풍산홀딩스]: 12건 (>14일/파싱실패)
2026-09-29 16:15:54,421 [INFO] __main__ — 봇 주가요약 제외 [케이씨]: 1건
2026-09-29 16:15:54,794 [INFO] __main__ — 뉴스 시점 제외 [아모레퍼시픽우]: 12건 (>14일/파싱실패)
2026-09-29 16:15:55,001 [INFO] __main__ — 뉴스 시점 제외 [조광피혁]: 8건 (>14일/파싱실패)
2026-09-29 16:15:55,488 [INFO] __main__ — 뉴스 시점 제외 [코람코라이프인프라리츠]: 6건 (>14일/파싱실패)
2026-09-29 16:15:55,580 [INFO] __main__ — 뉴스 시점 제외 [신대양제지]: 15건 (>14일/파싱실패)
2026-09-29 16:15:56,140 [INFO] __main__ — 뉴스 시점 제외 [S-Oil우]: 13건 (>14일/파싱실패)
2026-09-29 16:15:57,754 [INFO] __main__ — 뉴스 시점 제외 [이지스밸류플러스리츠]: 10건 (>14일/파싱실패)
2026-09-29 16:15:58,013 [INFO] __main__ — 뉴스 시점 제외 [삼영전자]: 11건 (>14일/파싱실패)
2026-09-29 16:15:58,909 [INFO] __main__ — 뉴스 시점 제외 [신한서부티엔디리츠]: 10건 (>14일/파싱실패)
2026-09-29 16:15:59,424 [INFO] __main__ — 뉴스 시점 제외 [대신밸류리츠]: 14건 (>14일/파싱실패)
2026-09-29 16:15:59,482 [INFO] __main__ — 뉴스 시점 제외 [미원화학]: 10건 (>14일/파싱실패)
2026-09-29 16:16:00,110 [INFO] __main__ — 뉴스 시점 제외 [모토닉]: 13건 (>14일/파싱실패)
2026-09-29 16:16:00,137 [INFO] __main__ — 뉴스 시점 제외 [LG우]: 14건 (>14일/파싱실패)
2026-09-29 16:16:00,829 [INFO] __main__ — 뉴스 시점 제외 [천일고속]: 12건 (>14일/파싱실패)
2026-09-29 16:16:02,233 [INFO] __main__ — 봇 주가요약 제외 [솔브레인홀딩스]: 1건
2026-09-29 16:16:02,235 [INFO] __main__ — 뉴스 시점 제외 [큐리옥스바이오시스템즈]: 10건 (>14일/파싱실패)
2026-09-29 16:16:03,366 [INFO] __main__ — 뉴스 시점 제외 [제룡전기]: 1건 (>14일/파싱실패)
2026-09-29 16:16:04,371 [INFO] __main__ — 뉴스 시점 제외 [삼지전자]: 4건 (>14일/파싱실패)
2026-09-29 16:16:04,935 [INFO] __main__ — 뉴스 시점 제외 [토모큐브]: 5건 (>14일/파싱실패)
2026-09-29 16:16:05,505 [INFO] __main__ — 뉴스 시점 제외 [에이디테크놀로지]: 1건 (>14일/파싱실패)
2026-09-29 16:16:05,505 [INFO] __main__ — 봇 주가요약 제외 [에이디테크놀로지]: 1건
2026-09-29 16:16:06,793 [INFO] __main__ — 뉴스 시점 제외 [골프존홀딩스]: 6건 (>14일/파싱실패)
2026-09-29 16:16:06,952 [INFO] __main__ — 봇 주가요약 제외 [매커스]: 1건
2026-09-29 16:16:08,119 [INFO] __main__ — 뉴스 시점 제외 [한라IMS]: 8건 (>14일/파싱실패)
2026-09-29 16:16:08,510 [INFO] __main__ — 뉴스 시점 제외 [넥스트바이오메디컬]: 2건 (>14일/파싱실패)
2026-09-29 16:16:09,088 [INFO] __main__ — 뉴스 시점 제외 [케이티알파]: 12건 (>14일/파싱실패)
2026-09-29 16:16:09,285 [INFO] __main__ — 뉴스 시점 제외 [피에이치에이]: 10건 (>14일/파싱실패)
2026-09-29 16:16:10,409 [INFO] __main__ — 뉴스 시점 제외 [아스테라시스]: 7건 (>14일/파싱실패)
2026-09-29 16:16:10,776 [INFO] __main__ — 뉴스 시점 제외 [JTC]: 5건 (>14일/파싱실패)
2026-09-29 16:16:10,980 [INFO] __main__ — 뉴스 시점 제외 [바이넥스]: 9건 (>14일/파싱실패)
2026-09-29 16:16:11,081 [INFO] __main__ — POOL_A 후보 부정뉴스 2차 조회: 127개
2026-09-29 16:16:11,083 [INFO] __main__ — POOL_A: 356개 (A:312 B:21 동시:23) | 부정게이트 제외:2
  대형:41 중형:162 소형:153
2026-09-29 16:16:11,087 [INFO] __main__ — 대조군 표본(무신호): 40개 / 모집단 554개 → pool_history
2026-09-29 16:16:11,089 [INFO] __main__ —   → POOL_A: 356개
2026-09-29 16:16:11,089 [INFO] __main__ — ▶ Step 2: 하드 필터링
2026-09-29 16:16:11,090 [INFO] __main__ — 하드 필터 제거: 343개 | 과열배제 73 | 이격도상한 15 | 이격도하한 15 | MA추세 162 | RSI과열 6 | 거래대금 72
2026-09-29 16:16:11,091 [INFO] __main__ — 과열 gated 기록: 73개 → gated_tickers
2026-09-29 16:16:11,093 [INFO] __main__ — 대조군 표본(필터탈락): 156개 / 모집단 343개 → pool_history
2026-09-29 16:16:11,093 [INFO] __main__ — POOL_B: 13개 | 대형:0 중형:5 소형:8
2026-09-29 16:16:11,093 [INFO] __main__ —   → POOL_B: 13개
2026-09-29 16:16:11,093 [INFO] __main__ — ▶ Step 3: 스코어링 (FinBERT 감성 분석)
2026-09-29 16:16:11,093 [INFO] __main__ — NaverClient: 3개 키 로드 (DataLab·검색 독립 회전)
2026-09-29 16:16:11,093 [INFO] __main__ — 텍스트 신규 수집: 13종목 (캐시 적중 0종목)
2026-09-29 16:16:11,567 [INFO] __main__ — 봇 주가요약 제외 [SK이터닉스]: 6건
2026-09-29 16:16:11,588 [INFO] __main__ — 뉴스 시점 제외 [삼성전기우]: 23건 (>14일/파싱실패)
2026-09-29 16:16:12,388 [INFO] __main__ — 뉴스 시점 제외 [키다리스튜디오]: 2건 (>14일/파싱실패)
2026-09-29 16:16:16,365 [INFO] __main__ — 봇 주가요약 제외 [현대약품]: 1건
2026-09-29 16:16:17,219 [INFO] __main__ — 봇 주가요약 제외 [제이앤티씨]: 1건
2026-09-29 16:16:21,442 [INFO] __main__ — 뉴스 시점 제외 [PS일렉트로닉스]: 5건 (>14일/파싱실패)
2026-09-29 16:16:21,442 [INFO] __main__ — 봇 주가요약 제외 [PS일렉트로닉스]: 2건
2026-09-29 16:16:21,479 [INFO] __main__ — 봇 주가요약 제외 [우리기술투자]: 2건
2026-09-29 16:16:24,835 [INFO] __main__ — 봇 주가요약 제외 [삼미금속]: 4건
2026-09-29 16:16:25,706 [INFO] __main__ — 봇 주가요약 제외 [더즌]: 2건
2026-09-29 16:16:28,797 [INFO] __main__ — 기사 보존(수집): 107건 (13종목) → news_articles
2026-09-29 16:16:28,798 [INFO] __main__ — 공시 보존(수집): 15건 (13종목) → dart_filings
2026-09-29 16:16:28,799 [INFO] __main__ — 수집 완료: 뉴스 107건 | 공시 15건
2026-09-29 16:16:28,799 [INFO] __main__ — FinBERT 감성 분석 (finbert 모드)...
2026-09-29 16:16:28,799 [INFO] __main__ — FinBERT 로딩: snunlp/KR-FinBert-SC (CPU, batch=8)
2026-09-29 16:16:28,904 [INFO] httpx — HTTP Request: GET https://huggingface.co/api/agent-harnesses "HTTP/1.1 200 OK"
2026-09-29 16:16:28,974 [INFO] httpx — HTTP Request: HEAD https://huggingface.co/snunlp/KR-FinBert-SC/resolve/main/config.json "HTTP/1.1 307 Temporary Redirect"
2026-09-29 16:16:28,975 [WARNING] huggingface_hub.utils._http — Warning: You are sending unauthenticated requests to the HF Hub. Please set a HF_TOKEN to enable higher rate limits and faster downloads.
2026-09-29 16:16:28,980 [INFO] httpx — HTTP Request: HEAD https://huggingface.co/api/resolve-cache/models/snunlp/KR-FinBert-SC/f8586286cc3161fb648e9fee09a456069fd846d0/config.json?%2Fsnunlp%2FKR-FinBert-SC%2Fresolve%2Fmain%2Fconfig.json=&etag=%22bd00b2460e394f69e29e6438699e074cbac9584e%22 "HTTP/1.1 200 OK"
2026-09-29 16:16:29,066 [INFO] httpx — HTTP Request: HEAD https://huggingface.co/snunlp/KR-FinBert-SC/resolve/main/model.safetensors "HTTP/1.1 404 Not Found"
2026-09-29 16:16:29,142 [INFO] httpx — HTTP Request: GET https://huggingface.co/api/models/snunlp/KR-FinBert-SC "HTTP/1.1 200 OK"
2026-09-29 16:16:29,225 [INFO] httpx — HTTP Request: GET https://huggingface.co/api/models/snunlp/KR-FinBert-SC/commits/main "HTTP/1.1 200 OK"
2026-09-29 16:16:29,239 [INFO] httpx — HTTP Request: GET https://huggingface.co/api/models/snunlp/KR-FinBert-SC/tree/main/additional_chat_templates?recursive=false&expand=false "HTTP/1.1 404 Not Found"
2026-09-29 16:16:29,302 [INFO] httpx — HTTP Request: GET https://huggingface.co/api/models/snunlp/KR-FinBert-SC/discussions?p=0 "HTTP/1.1 200 OK"
2026-09-29 16:16:29,320 [INFO] httpx — HTTP Request: GET https://huggingface.co/api/models/snunlp/KR-FinBert-SC/tree/main?recursive=true&expand=false "HTTP/1.1 200 OK"
2026-09-29 16:16:29,385 [INFO] httpx — HTTP Request: GET https://huggingface.co/api/models/snunlp/KR-FinBert-SC/commits/refs%2Fpr%2F3 "HTTP/1.1 200 OK"
2026-09-29 16:16:29,402 [INFO] httpx — HTTP Request: HEAD https://huggingface.co/snunlp/KR-FinBert-SC/resolve/main/processor_config.json "HTTP/1.1 404 Not Found"
2026-09-29 16:16:29,454 [INFO] httpx — HTTP Request: HEAD https://huggingface.co/snunlp/KR-FinBert-SC/resolve/refs%2Fpr%2F3/model.safetensors.index.json "HTTP/1.1 404 Not Found"
2026-09-29 16:16:29,470 [INFO] httpx — HTTP Request: HEAD https://huggingface.co/snunlp/KR-FinBert-SC/resolve/main/video_preprocessor_config.json "HTTP/1.1 404 Not Found"
2026-09-29 16:16:29,528 [INFO] httpx — HTTP Request: HEAD https://huggingface.co/snunlp/KR-FinBert-SC/resolve/refs%2Fpr%2F3/model.safetensors "HTTP/1.1 302 Found"
2026-09-29 16:16:29,539 [INFO] httpx — HTTP Request: HEAD https://huggingface.co/snunlp/KR-FinBert-SC/resolve/main/preprocessor_config.json "HTTP/1.1 404 Not Found"
2026-09-29 16:16:29,539 [INFO] __main__ — FinBERT 로드 완료 (CPU)
2026-09-29 16:16:42,133 [INFO] __main__ — Phase A.1: 매핑 신뢰도 < 0.5 → 감성 점수 폐기 11건
2026-09-29 16:16:42,133 [INFO] __main__ — [shadow] 필드별 검사 기준 폐기 1/13종목 (집행 11건 — 변동 없음)
2026-09-29 16:16:42,133 [INFO] __main__ — 스코어링: 13개 | 집중:0 | FinBERT:finbert
2026-09-29 16:16:42,147 [INFO] __main__ —   → 13개
2026-09-29 16:16:42,147 [INFO] __main__ — ▶ Step 4: 발송
2026-09-29 16:16:46,152 [INFO] __main__ — DB 기록: 6개 / 전체 to_send 6개
2026-09-29 16:16:46,152 [INFO] __main__ — 발송: 6종목 | 누적 4~10회 2 | 신규 0
2026-09-29 16:16:46,152 [INFO] __main__ — 완료  |  소요: 607.1초
2026-09-29 16:16:47,298 [INFO] track_outcomes — pool_history 대조군 10238건 추적 대상 포함
2026-09-29 16:16:47,357 [INFO] track_outcomes — 고아 행 150건 복원 (targets에서 탈락한 미완 키)
2026-09-29 16:16:47,357 [INFO] track_outcomes — 대상 20280건 | 갱신 필요 9038건 | 완료 스킵 11392건
2026-09-29 16:16:47,359 [INFO] track_outcomes —   가격 조회 고유 종목 948개 (기존 363 + 대조군 추가 585)
2026-09-29 16:31:06,827 [INFO] track_outcomes — outcomes 적재: 신규 282건 | 갱신(신규+보완) 2853건
2026-09-30 00:23:49,932 [INFO] __main__ — config 검증 완료 ✓
2026-09-30 00:23:49,932 [INFO] __main__ — KIS 조회 도메인: 실전 (https://openapi.koreainvestment.com:9443)
2026-09-30 00:23:49,932 [INFO] __main__ — ============================================================
2026-09-30 00:23:49,932 [INFO] __main__ — AlphaRadar v3.3.1  |  기준일: 20260930  |  런: am
2026-09-30 00:23:49,932 [INFO] __main__ — S = T×0.3 + S_text×0.4 + D×0.3
2026-09-30 00:23:49,932 [INFO] __main__ — ============================================================
2026-09-30 00:23:49,932 [INFO] __main__ — ▶ Step 0: 유니버스 필터링
2026-09-30 00:23:50,225 [INFO] __main__ — FDR 데이터 수집: 20260327 ~ 20260930
2026-09-30 00:23:51,518 [INFO] __main__ — master universe 메타: 캐시 사용 2760개 (year=2026)
2026-09-30 00:23:51,520 [INFO] __main__ — master 보강: 등급 833개 | FnGuide/KSIC 2543개 | 섹터(fg_industry) 2543개
2026-09-30 00:23:51,520 [INFO] __main__ — KOSPI: 942개 | 섹터정보 830개 (DART +827개 보완)
2026-09-30 00:23:51,521 [INFO] __main__ — KOSDAQ: 1824개 | 섹터정보 1742개
2026-09-30 00:23:51,521 [INFO] __main__ — 전체: 2766개
2026-09-30 00:27:56,806 [INFO] __main__ — DART corp_code 매핑: 0/0개 (0%)
2026-09-30 00:27:56,806 [INFO] __main__ — 유효 유니버스: 0개
2026-09-30 00:27:56,809 [INFO] __main__ —   → 0개
2026-09-30 00:27:56,809 [ERROR] __main__ — 유니버스가 비었다 — 종목 목록 조회 실패로 보인다. 위 '목록 조회 실패' 경고를 확인할 것. 스캔을 중단한다.
