2026-09-23 23:39:32,599 [INFO] __main__ — config 검증 완료 ✓
2026-09-23 23:39:32,599 [INFO] __main__ — KIS 조회 도메인: 실전 (https://openapi.koreainvestment.com:9443)
2026-09-23 23:39:32,599 [INFO] __main__ — ============================================================
2026-09-23 23:39:32,599 [INFO] __main__ — AlphaRadar v3.3.1  |  기준일: 20260924  |  런: am
2026-09-23 23:39:32,599 [INFO] __main__ — S = T×0.3 + S_text×0.4 + D×0.3
2026-09-23 23:39:32,599 [INFO] __main__ — ============================================================
2026-09-23 23:39:32,599 [INFO] __main__ — ▶ Step 0: 유니버스 필터링
2026-09-23 23:39:32,905 [INFO] __main__ — FDR 데이터 수집: 20260321 ~ 20260924
2026-09-23 23:39:34,770 [INFO] __main__ — master universe 메타: 캐시 사용 2760개 (year=2026)
2026-09-23 23:39:34,773 [INFO] __main__ — master 보강: 등급 833개 | FnGuide/KSIC 2543개 | 섹터(fg_industry) 2543개
2026-09-23 23:39:34,773 [INFO] __main__ — KOSPI: 942개 | 섹터정보 830개 (DART +827개 보완)
2026-09-23 23:39:34,774 [INFO] __main__ — KOSDAQ: 1821개 | 섹터정보 1742개
2026-09-23 23:39:34,774 [INFO] __main__ — 전체: 2763개
2026-09-23 23:39:37,113 [INFO] __main__ — KIS 토큰 발급 완료
2026-09-23 23:47:20,483 [INFO] __main__ — DART corp_code 매핑: 877/903개 (97%)
2026-09-23 23:47:20,483 [INFO] __main__ — 유효 유니버스: 903개
2026-09-23 23:47:20,490 [INFO] __main__ —   → 903개
2026-09-23 23:47:20,490 [INFO] __main__ — ▶ Step 1: 신호 탐지
2026-09-23 23:47:20,490 [INFO] __main__ — NaverClient: 3개 키 로드 (DataLab·검색 독립 회전)
2026-09-23 23:47:20,490 [INFO] __main__ — 관심 지수 및 부정 뉴스 비율 조회 중...
2026-09-23 23:47:22,598 [INFO] __main__ — 봇 주가요약 제외 [대한광통신]: 1건
2026-09-23 23:47:24,093 [INFO] __main__ — 봇 주가요약 제외 [빛과전자]: 2건
2026-09-23 23:47:24,335 [INFO] __main__ — 봇 주가요약 제외 [광전자]: 1건
2026-09-23 23:47:24,359 [INFO] __main__ — 봇 주가요약 제외 [아주IB투자]: 3건
2026-09-23 23:47:25,728 [INFO] __main__ — 봇 주가요약 제외 [성호전자]: 2건
2026-09-23 23:47:26,152 [INFO] __main__ — 봇 주가요약 제외 [우리로]: 1건
2026-09-23 23:47:27,643 [INFO] __main__ — 봇 주가요약 제외 [KBI메탈]: 2건
2026-09-23 23:47:27,699 [INFO] __main__ — 봇 주가요약 제외 [우리기술투자]: 2건
2026-09-23 23:47:28,964 [INFO] __main__ — 봇 주가요약 제외 [삼미금속]: 3건
2026-09-23 23:47:28,966 [INFO] __main__ — 봇 주가요약 제외 [드림시큐리티]: 2건
2026-09-23 23:47:30,729 [INFO] __main__ — 봇 주가요약 제외 [우리기술]: 2건
2026-09-23 23:47:32,138 [INFO] __main__ — 봇 주가요약 제외 [인제니아테라퓨틱스(Reg.S)]: 1건
2026-09-23 23:47:32,144 [INFO] __main__ — 봇 주가요약 제외 [와이씨]: 1건
2026-09-23 23:47:33,857 [INFO] __main__ — 봇 주가요약 제외 [후성]: 1건
2026-09-23 23:47:35,237 [INFO] __main__ — 봇 주가요약 제외 [에스엠벡셀]: 1건
2026-09-23 23:47:39,967 [INFO] __main__ — 봇 주가요약 제외 [원익홀딩스]: 1건
2026-09-23 23:47:41,490 [INFO] __main__ — 봇 주가요약 제외 [티이엠씨]: 2건
2026-09-23 23:47:44,343 [INFO] __main__ — 봇 주가요약 제외 [티엠씨]: 1건
2026-09-23 23:47:44,408 [INFO] __main__ — 봇 주가요약 제외 [현대무벡스]: 1건
2026-09-23 23:47:49,961 [INFO] __main__ — 봇 주가요약 제외 [뉴파워프라즈마]: 1건
2026-09-23 23:47:51,508 [INFO] __main__ — 봇 주가요약 제외 [아이씨티케이]: 1건
2026-09-23 23:47:52,950 [INFO] __main__ — 봇 주가요약 제외 [다날]: 1건
2026-09-23 23:47:52,968 [INFO] __main__ — 봇 주가요약 제외 [아모텍]: 2건
2026-09-23 23:47:54,498 [INFO] __main__ — 봇 주가요약 제외 [오름테라퓨틱]: 2건
2026-09-23 23:47:59,770 [INFO] __main__ — 봇 주가요약 제외 [한양디지텍]: 1건
2026-09-23 23:48:05,526 [INFO] __main__ — 봇 주가요약 제외 [삼화콘덴서]: 2건
2026-09-23 23:48:05,976 [INFO] __main__ — 봇 주가요약 제외 [메가터치]: 1건
2026-09-23 23:48:07,551 [INFO] __main__ — 봇 주가요약 제외 [페니트리움바이오]: 2건
2026-09-23 23:48:10,090 [INFO] __main__ — 봇 주가요약 제외 [저스템]: 1건
2026-09-23 23:48:10,575 [INFO] __main__ — 봇 주가요약 제외 [RF머트리얼즈]: 1건
2026-09-23 23:48:11,881 [INFO] __main__ — 봇 주가요약 제외 [엠케이전자]: 1건
2026-09-23 23:48:13,209 [INFO] __main__ — 봇 주가요약 제외 [피델릭스]: 1건
2026-09-23 23:48:14,553 [INFO] __main__ — 봇 주가요약 제외 [서진시스템]: 2건
2026-09-23 23:48:15,474 [INFO] __main__ — 봇 주가요약 제외 [비에이치]: 1건
2026-09-23 23:48:16,816 [INFO] __main__ — 봇 주가요약 제외 [지엔씨에너지]: 1건
2026-09-23 23:48:17,425 [INFO] __main__ — 봇 주가요약 제외 [제주반도체]: 1건
2026-09-23 23:48:17,678 [INFO] __main__ — 봇 주가요약 제외 [RFHIC]: 2건
2026-09-23 23:48:18,333 [INFO] __main__ — 봇 주가요약 제외 [코리아써키트]: 1건
2026-09-23 23:48:23,384 [INFO] __main__ — 봇 주가요약 제외 [한전기술]: 2건
2026-09-23 23:48:27,146 [INFO] __main__ — 봇 주가요약 제외 [SK이터닉스]: 2건
2026-09-23 23:48:30,467 [INFO] __main__ — 봇 주가요약 제외 [코미코]: 2건
2026-09-23 23:48:31,155 [INFO] __main__ — 봇 주가요약 제외 [일진전기]: 3건
2026-09-23 23:48:31,819 [INFO] __main__ — 봇 주가요약 제외 [테크윙]: 2건
2026-09-23 23:48:32,504 [INFO] __main__ — 봇 주가요약 제외 [두산퓨얼셀]: 2건
2026-09-23 23:48:34,488 [INFO] __main__ — 뉴스 시점 제외 [KB발해인프라]: 12건 (>14일/파싱실패)
2026-09-23 23:48:35,178 [INFO] __main__ — 봇 주가요약 제외 [DB하이텍]: 1건
2026-09-23 23:48:37,189 [INFO] __main__ — 봇 주가요약 제외 [HLB제약]: 2건
2026-09-23 23:48:38,517 [INFO] __main__ — 뉴스 시점 제외 [와이지-원]: 5건 (>14일/파싱실패)
2026-09-23 23:48:39,171 [INFO] __main__ — 봇 주가요약 제외 [심텍홀딩스]: 1건
2026-09-23 23:48:41,206 [INFO] __main__ — 봇 주가요약 제외 [디앤디파마텍]: 1건
2026-09-23 23:48:43,846 [INFO] __main__ — 봇 주가요약 제외 [미코]: 1건
2026-09-23 23:48:47,321 [INFO] __main__ — 봇 주가요약 제외 [서울반도체]: 2건
2026-09-23 23:48:49,908 [INFO] __main__ — 봇 주가요약 제외 [LS에코에너지]: 2건
2026-09-23 23:48:53,178 [INFO] __main__ — 뉴스 시점 제외 [동국홀딩스]: 8건 (>14일/파싱실패)
2026-09-23 23:48:55,870 [INFO] __main__ — 봇 주가요약 제외 [명신산업]: 1건
2026-09-23 23:48:57,186 [INFO] __main__ — 봇 주가요약 제외 [LS ELECTRIC]: 2건
2026-09-23 23:48:58,017 [INFO] __main__ — 봇 주가요약 제외 [두산테스나]: 2건
2026-09-23 23:49:01,372 [INFO] __main__ — 봇 주가요약 제외 [동진쎄미켐]: 1건
2026-09-23 23:49:03,960 [INFO] __main__ — 봇 주가요약 제외 [뉴로메카]: 1건
2026-09-23 23:49:07,021 [INFO] __main__ — 뉴스 시점 제외 [ESR켄달스퀘어리츠]: 10건 (>14일/파싱실패)
2026-09-23 23:49:08,564 [INFO] __main__ — 봇 주가요약 제외 [HLB생명과학]: 1건
2026-09-23 23:49:17,944 [INFO] __main__ — 봇 주가요약 제외 [유니셈]: 2건
2026-09-23 23:49:28,066 [INFO] __main__ — 뉴스 시점 제외 [휴스틸]: 8건 (>14일/파싱실패)
2026-09-23 23:49:29,373 [INFO] __main__ — 뉴스 시점 제외 [미래에셋증권2우B]: 2건 (>14일/파싱실패)
2026-09-23 23:49:30,759 [INFO] __main__ — 봇 주가요약 제외 [아스플로]: 1건
2026-09-23 23:49:32,100 [INFO] __main__ — 봇 주가요약 제외 [파이버프로]: 1건
2026-09-23 23:49:33,995 [INFO] __main__ — 봇 주가요약 제외 [유니테스트]: 1건
2026-09-23 23:49:36,100 [INFO] __main__ — 뉴스 시점 제외 [맵스리얼티]: 10건 (>14일/파싱실패)
2026-09-23 23:49:36,289 [INFO] __main__ — 봇 주가요약 제외 [에스피지]: 2건
2026-09-23 23:49:42,973 [INFO] __main__ — 봇 주가요약 제외 [해성디에스]: 1건
2026-09-23 23:49:44,307 [INFO] __main__ — 봇 주가요약 제외 [카페24]: 1건
2026-09-23 23:49:44,760 [INFO] __main__ — 봇 주가요약 제외 [서울바이오시스]: 1건
2026-09-23 23:49:45,651 [INFO] __main__ — 봇 주가요약 제외 [케이씨텍]: 1건
2026-09-23 23:49:48,796 [INFO] __main__ — 봇 주가요약 제외 [산일전기]: 3건
2026-09-23 23:49:53,643 [INFO] __main__ — 봇 주가요약 제외 [태성]: 1건
2026-09-23 23:49:54,965 [INFO] __main__ — 뉴스 시점 제외 [서부T&D]: 6건 (>14일/파싱실패)
2026-09-23 23:49:57,493 [INFO] __main__ — 뉴스 시점 제외 [이수화학]: 1건 (>14일/파싱실패)
2026-09-23 23:49:58,156 [INFO] __main__ — 봇 주가요약 제외 [비나텍]: 1건
2026-09-23 23:50:03,918 [INFO] __main__ — 봇 주가요약 제외 [티로보틱스]: 1건
2026-09-23 23:50:07,787 [INFO] __main__ — 봇 주가요약 제외 [원익QnC]: 1건
2026-09-23 23:50:10,406 [INFO] __main__ — 봇 주가요약 제외 [가온칩스]: 1건
2026-09-23 23:50:11,091 [INFO] __main__ — 뉴스 시점 제외 [엘브이엠씨홀딩스]: 15건 (>14일/파싱실패)
2026-09-23 23:50:15,049 [INFO] __main__ — 뉴스 시점 제외 [오리엔탈정공]: 7건 (>14일/파싱실패)
2026-09-23 23:50:16,596 [INFO] __main__ — 봇 주가요약 제외 [프로티나]: 1건
2026-09-23 23:50:19,646 [INFO] __main__ — 봇 주가요약 제외 [셀바스AI]: 1건
2026-09-23 23:50:24,031 [INFO] __main__ — 봇 주가요약 제외 [에스앤에스텍]: 2건
2026-09-23 23:50:26,406 [INFO] __main__ — 봇 주가요약 제외 [유진테크]: 1건
2026-09-23 23:50:37,768 [INFO] __main__ — 뉴스 시점 제외 [신한알파리츠]: 9건 (>14일/파싱실패)
2026-09-23 23:50:40,834 [INFO] __main__ — 뉴스 시점 제외 [현대차2우B]: 8건 (>14일/파싱실패)
2026-09-23 23:50:46,391 [INFO] __main__ — 봇 주가요약 제외 [피에스케이홀딩스]: 1건
2026-09-23 23:50:47,720 [INFO] __main__ — 뉴스 시점 제외 [칩스앤미디어]: 2건 (>14일/파싱실패)
2026-09-23 23:50:55,285 [INFO] __main__ — 봇 주가요약 제외 [상아프론테크]: 1건
2026-09-23 23:50:57,087 [INFO] __main__ — 봇 주가요약 제외 [에스비비테크]: 1건
2026-09-23 23:51:06,454 [INFO] __main__ — 뉴스 시점 제외 [젬백스]: 9건 (>14일/파싱실패)
2026-09-23 23:51:09,149 [INFO] __main__ — 뉴스 시점 제외 [나이스정보통신]: 2건 (>14일/파싱실패)
2026-09-23 23:51:11,425 [INFO] __main__ — 뉴스 시점 제외 [이지홀딩스]: 9건 (>14일/파싱실패)
2026-09-23 23:51:13,143 [INFO] __main__ — 봇 주가요약 제외 [하나머티리얼즈]: 1건
2026-09-23 23:51:14,114 [INFO] __main__ — 뉴스 시점 제외 [한화리츠]: 10건 (>14일/파싱실패)
2026-09-23 23:51:16,047 [INFO] __main__ — 봇 주가요약 제외 [GST]: 2건
2026-09-23 23:51:16,525 [INFO] __main__ — 뉴스 시점 제외 [신흥에스이씨]: 5건 (>14일/파싱실패)
2026-09-23 23:51:17,984 [INFO] __main__ — 부정 키워드 감지: 15개 종목 (neg_ratio > 0)
2026-09-23 23:51:17,986 [INFO] __main__ — 수급일수충족·합계음수 제외: 76개
2026-09-23 23:51:23,599 [INFO] __main__ — 봇 주가요약 제외 [경동나비엔]: 1건
2026-09-23 23:51:25,258 [INFO] __main__ — 뉴스 시점 제외 [CJ4우(전환)]: 14건 (>14일/파싱실패)
2026-09-23 23:51:25,272 [INFO] __main__ — 뉴스 시점 제외 [한화3우B]: 12건 (>14일/파싱실패)
2026-09-23 23:51:26,160 [INFO] __main__ — 뉴스 시점 제외 [풍산홀딩스]: 8건 (>14일/파싱실패)
2026-09-23 23:51:26,889 [INFO] __main__ — 봇 주가요약 제외 [케이씨]: 1건
2026-09-23 23:51:27,093 [INFO] __main__ — 뉴스 시점 제외 [아모레퍼시픽우]: 11건 (>14일/파싱실패)
2026-09-23 23:51:27,835 [INFO] __main__ — 뉴스 시점 제외 [조광피혁]: 7건 (>14일/파싱실패)
2026-09-23 23:51:28,355 [INFO] __main__ — 뉴스 시점 제외 [코람코라이프인프라리츠]: 6건 (>14일/파싱실패)
2026-09-23 23:51:28,530 [INFO] __main__ — 뉴스 시점 제외 [신대양제지]: 15건 (>14일/파싱실패)
2026-09-23 23:51:29,267 [INFO] __main__ — 뉴스 시점 제외 [삼성물산우B]: 13건 (>14일/파싱실패)
2026-09-23 23:51:29,987 [INFO] __main__ — 뉴스 시점 제외 [S-Oil우]: 12건 (>14일/파싱실패)
2026-09-23 23:51:30,928 [INFO] __main__ — 뉴스 시점 제외 [SIMPAC]: 12건 (>14일/파싱실패)
2026-09-23 23:51:30,929 [INFO] __main__ — 뉴스 시점 제외 [아세아제지]: 12건 (>14일/파싱실패)
2026-09-23 23:51:33,118 [INFO] __main__ — 뉴스 시점 제외 [삼영전자]: 9건 (>14일/파싱실패)
2026-09-23 23:51:33,852 [INFO] __main__ — 뉴스 시점 제외 [미원화학]: 9건 (>14일/파싱실패)
2026-09-23 23:51:33,875 [INFO] __main__ — 뉴스 시점 제외 [신한서부티엔디리츠]: 10건 (>14일/파싱실패)
2026-09-23 23:51:34,571 [INFO] __main__ — 뉴스 시점 제외 [대신밸류리츠]: 12건 (>14일/파싱실패)
2026-09-23 23:51:35,305 [INFO] __main__ — 뉴스 시점 제외 [LG생활건강우]: 10건 (>14일/파싱실패)
2026-09-23 23:51:35,495 [INFO] __main__ — 뉴스 시점 제외 [천일고속]: 13건 (>14일/파싱실패)
2026-09-23 23:51:36,944 [INFO] __main__ — 봇 주가요약 제외 [솔브레인홀딩스]: 1건
2026-09-23 23:51:37,172 [INFO] __main__ — 뉴스 시점 제외 [큐리옥스바이오시스템즈]: 9건 (>14일/파싱실패)
2026-09-23 23:51:42,838 [INFO] __main__ — 봇 주가요약 제외 [매커스]: 1건
2026-09-23 23:51:44,865 [INFO] __main__ — 뉴스 시점 제외 [에코아이]: 11건 (>14일/파싱실패)
2026-09-23 23:51:45,195 [INFO] __main__ — 뉴스 시점 제외 [한라IMS]: 4건 (>14일/파싱실패)
2026-09-23 23:51:45,945 [INFO] __main__ — 뉴스 시점 제외 [우주일렉트로]: 5건 (>14일/파싱실패)
2026-09-23 23:51:45,945 [INFO] __main__ — 봇 주가요약 제외 [우주일렉트로]: 1건
2026-09-23 23:51:46,650 [INFO] __main__ — 뉴스 시점 제외 [케이티알파]: 9건 (>14일/파싱실패)
2026-09-23 23:51:49,673 [INFO] __main__ — POOL_A 후보 부정뉴스 2차 조회: 120개
2026-09-23 23:51:49,676 [INFO] __main__ — POOL_A: 479개 (A:223 B:147 동시:109) | 부정게이트 제외:2
  대형:61 중형:213 소형:205
2026-09-23 23:51:49,683 [INFO] __main__ — 대조군 표본(무신호): 40개 / 모집단 424개 → pool_history
2026-09-23 23:51:49,686 [INFO] __main__ —   → POOL_A: 479개
2026-09-23 23:51:49,686 [INFO] __main__ — ▶ Step 2: 하드 필터링
2026-09-23 23:51:49,686 [INFO] __main__ — 하드 필터 제거: 464개 | 과열배제 71 | 이격도상한 24 | 이격도하한 30 | MA추세 255 | RSI과열 9 | 거래대금 75
2026-09-23 23:51:49,688 [INFO] __main__ — 과열 gated 기록: 71개 → gated_tickers
2026-09-23 23:51:49,691 [INFO] __main__ — 대조군 표본(필터탈락): 183개 / 모집단 464개 → pool_history
2026-09-23 23:51:49,691 [INFO] __main__ — POOL_B: 15개 | 대형:0 중형:7 소형:8
2026-09-23 23:51:49,691 [INFO] __main__ —   → POOL_B: 15개
2026-09-23 23:51:49,691 [INFO] __main__ — ▶ Step 3: 스코어링 (FinBERT 감성 분석)
2026-09-23 23:51:49,691 [INFO] __main__ — NaverClient: 3개 키 로드 (DataLab·검색 독립 회전)
2026-09-23 23:51:49,692 [INFO] __main__ — 텍스트 신규 수집: 15종목 (캐시 적중 0종목)
2026-09-23 23:51:50,306 [INFO] __main__ — 봇 주가요약 제외 [대원전선]: 3건
2026-09-23 23:51:50,370 [INFO] __main__ — 봇 주가요약 제외 [SK이터닉스]: 4건
2026-09-23 23:52:00,486 [INFO] __main__ — 봇 주가요약 제외 [테스]: 1건
2026-09-23 23:52:05,029 [INFO] __main__ — 봇 주가요약 제외 [우리기술투자]: 2건
2026-09-23 23:52:09,916 [INFO] __main__ — 뉴스 시점 제외 [심텍홀딩스]: 10건 (>14일/파싱실패)
2026-09-23 23:52:09,916 [INFO] __main__ — 봇 주가요약 제외 [심텍홀딩스]: 1건
2026-09-23 23:52:10,429 [INFO] __main__ — 뉴스 시점 제외 [티씨머티리얼즈]: 19건 (>14일/파싱실패)
2026-09-23 23:52:14,681 [INFO] __main__ — 기사 보존(수집): 128건 (15종목) → news_articles
2026-09-23 23:52:14,683 [INFO] __main__ — 공시 보존(수집): 22건 (15종목) → dart_filings
2026-09-23 23:52:14,684 [INFO] __main__ — 수집 완료: 뉴스 128건 | 공시 22건
2026-09-23 23:52:14,684 [INFO] __main__ — FinBERT 감성 분석 (finbert 모드)...
2026-09-23 23:52:14,684 [INFO] __main__ — FinBERT 로딩: snunlp/KR-FinBert-SC (CPU, batch=8)
2026-09-23 23:52:14,802 [INFO] httpx — HTTP Request: GET https://huggingface.co/api/agent-harnesses "HTTP/1.1 200 OK"
2026-09-23 23:52:14,818 [INFO] httpx — HTTP Request: HEAD https://huggingface.co/snunlp/KR-FinBert-SC/resolve/main/config.json "HTTP/1.1 307 Temporary Redirect"
2026-09-23 23:52:14,819 [WARNING] huggingface_hub.utils._http — Warning: You are sending unauthenticated requests to the HF Hub. Please set a HF_TOKEN to enable higher rate limits and faster downloads.
2026-09-23 23:52:14,825 [INFO] httpx — HTTP Request: HEAD https://huggingface.co/api/resolve-cache/models/snunlp/KR-FinBert-SC/f8586286cc3161fb648e9fee09a456069fd846d0/config.json?%2Fsnunlp%2FKR-FinBert-SC%2Fresolve%2Fmain%2Fconfig.json=&etag=%22bd00b2460e394f69e29e6438699e074cbac9584e%22 "HTTP/1.1 200 OK"
2026-09-23 23:52:14,867 [INFO] httpx — HTTP Request: HEAD https://huggingface.co/snunlp/KR-FinBert-SC/resolve/main/model.safetensors "HTTP/1.1 404 Not Found"
2026-09-23 23:52:14,889 [INFO] httpx — HTTP Request: GET https://huggingface.co/api/models/snunlp/KR-FinBert-SC "HTTP/1.1 200 OK"
2026-09-23 23:52:14,922 [INFO] httpx — HTTP Request: GET https://huggingface.co/api/models/snunlp/KR-FinBert-SC/commits/main "HTTP/1.1 200 OK"
2026-09-23 23:52:14,967 [INFO] httpx — HTTP Request: GET https://huggingface.co/api/models/snunlp/KR-FinBert-SC/discussions?p=0 "HTTP/1.1 200 OK"
2026-09-23 23:52:15,021 [INFO] httpx — HTTP Request: GET https://huggingface.co/api/models/snunlp/KR-FinBert-SC/commits/refs%2Fpr%2F3 "HTTP/1.1 200 OK"
2026-09-23 23:52:15,039 [INFO] httpx — HTTP Request: HEAD https://huggingface.co/snunlp/KR-FinBert-SC/resolve/refs%2Fpr%2F3/model.safetensors.index.json "HTTP/1.1 404 Not Found"
2026-09-23 23:52:15,050 [INFO] httpx — HTTP Request: GET https://huggingface.co/api/models/snunlp/KR-FinBert-SC/tree/main/additional_chat_templates?recursive=false&expand=false "HTTP/1.1 404 Not Found"
2026-09-23 23:52:15,055 [INFO] httpx — HTTP Request: HEAD https://huggingface.co/snunlp/KR-FinBert-SC/resolve/refs%2Fpr%2F3/model.safetensors "HTTP/1.1 302 Found"
2026-09-23 23:52:15,071 [INFO] httpx — HTTP Request: GET https://huggingface.co/api/models/snunlp/KR-FinBert-SC/tree/main?recursive=true&expand=false "HTTP/1.1 200 OK"
2026-09-23 23:52:15,110 [INFO] httpx — HTTP Request: HEAD https://huggingface.co/snunlp/KR-FinBert-SC/resolve/main/processor_config.json "HTTP/1.1 404 Not Found"
2026-09-23 23:52:15,130 [INFO] httpx — HTTP Request: HEAD https://huggingface.co/snunlp/KR-FinBert-SC/resolve/main/video_preprocessor_config.json "HTTP/1.1 404 Not Found"
2026-09-23 23:52:15,151 [INFO] httpx — HTTP Request: HEAD https://huggingface.co/snunlp/KR-FinBert-SC/resolve/main/preprocessor_config.json "HTTP/1.1 404 Not Found"
2026-09-23 23:52:15,152 [INFO] __main__ — FinBERT 로드 완료 (CPU)
2026-09-23 23:52:31,322 [INFO] __main__ — Phase A.1: 매핑 신뢰도 < 0.5 → 감성 점수 폐기 13건
2026-09-23 23:52:31,322 [INFO] __main__ — [shadow] 필드별 검사 기준 폐기 1/15종목 (집행 13건 — 변동 없음)
2026-09-23 23:52:31,322 [INFO] __main__ — 스코어링: 15개 | 집중:0 | FinBERT:finbert
2026-09-23 23:52:31,339 [INFO] __main__ —   → 15개
2026-09-23 23:52:31,339 [INFO] __main__ — ▶ Step 4: 발송
2026-09-23 23:52:34,355 [INFO] __main__ — DB 기록: 6개 / 전체 to_send 6개
2026-09-23 23:52:34,356 [INFO] __main__ — 발송: 6종목 | 누적 4~10회 1 | 신규 0
2026-09-23 23:52:34,356 [INFO] __main__ — 완료  |  소요: 781.8초
2026-09-23 23:52:35,571 [INFO] track_outcomes — pool_history 대조군 9250건 추적 대상 포함
2026-09-23 23:52:35,640 [INFO] track_outcomes — 고아 행 150건 복원 (targets에서 탈락한 미완 키)
2026-09-23 23:52:35,640 [INFO] track_outcomes — 대상 18970건 | 갱신 필요 8066건 | 완료 스킵 11054건
2026-09-23 23:52:35,642 [INFO] track_outcomes —   가격 조회 고유 종목 940개 (기존 350 + 대조군 추가 590)
2026-09-24 00:12:47,552 [INFO] track_outcomes — outcomes 적재: 신규 309건 | 갱신(신규+보완) 309건
2026-09-24 14:23:46,599 [INFO] __main__ — config 검증 완료 ✓
2026-09-24 14:23:46,599 [INFO] __main__ — KIS 조회 도메인: 실전 (https://openapi.koreainvestment.com:9443)
2026-09-24 14:23:46,600 [INFO] __main__ — ============================================================
2026-09-24 14:23:46,600 [INFO] __main__ — AlphaRadar v3.3.1  |  기준일: 20260924  |  런: pm
2026-09-24 14:23:46,600 [INFO] __main__ — S = T×0.3 + S_text×0.4 + D×0.3
2026-09-24 14:23:46,600 [INFO] __main__ — ============================================================
2026-09-24 14:23:46,600 [INFO] __main__ — ▶ Step 0: 유니버스 필터링
2026-09-24 14:23:46,858 [INFO] __main__ — FDR 데이터 수집: 20260321 ~ 20260924
2026-09-24 14:23:48,218 [INFO] __main__ — master universe 메타: 캐시 사용 2760개 (year=2026)
2026-09-24 14:23:48,220 [INFO] __main__ — master 보강: 등급 833개 | FnGuide/KSIC 2543개 | 섹터(fg_industry) 2543개
2026-09-24 14:23:48,220 [INFO] __main__ — KOSPI: 942개 | 섹터정보 830개 (DART +827개 보완)
2026-09-24 14:23:48,221 [INFO] __main__ — KOSDAQ: 1821개 | 섹터정보 1742개
2026-09-24 14:23:48,221 [INFO] __main__ — 전체: 2763개
2026-09-24 14:23:50,624 [INFO] __main__ — KIS 토큰 발급 완료
2026-09-24 14:31:33,731 [INFO] __main__ — DART corp_code 매핑: 877/903개 (97%)
2026-09-24 14:31:33,731 [INFO] __main__ — 유효 유니버스: 903개
2026-09-24 14:31:33,737 [INFO] __main__ —   → 903개
2026-09-24 14:31:33,737 [INFO] __main__ — ▶ Step 1: 신호 탐지
2026-09-24 14:31:33,737 [INFO] __main__ — NaverClient: 3개 키 로드 (DataLab·검색 독립 회전)
2026-09-24 14:31:33,738 [INFO] __main__ — 관심 지수 및 부정 뉴스 비율 조회 중...
2026-09-24 14:31:35,934 [INFO] __main__ — 봇 주가요약 제외 [대한광통신]: 1건
2026-09-24 14:31:37,622 [INFO] __main__ — 봇 주가요약 제외 [아주IB투자]: 3건
2026-09-24 14:31:37,626 [INFO] __main__ — 봇 주가요약 제외 [빛과전자]: 2건
2026-09-24 14:31:37,629 [INFO] __main__ — 봇 주가요약 제외 [광전자]: 1건
2026-09-24 14:31:39,504 [INFO] __main__ — 봇 주가요약 제외 [성호전자]: 2건
2026-09-24 14:31:39,512 [INFO] __main__ — 봇 주가요약 제외 [우리로]: 1건
2026-09-24 14:31:41,022 [INFO] __main__ — 봇 주가요약 제외 [우리기술투자]: 2건
2026-09-24 14:31:41,317 [INFO] __main__ — 봇 주가요약 제외 [KBI메탈]: 2건
2026-09-24 14:31:42,234 [INFO] __main__ — 봇 주가요약 제외 [드림시큐리티]: 2건
2026-09-24 14:31:42,353 [INFO] __main__ — 봇 주가요약 제외 [삼미금속]: 3건
2026-09-24 14:31:44,146 [INFO] __main__ — 봇 주가요약 제외 [우리기술]: 2건
2026-09-24 14:31:45,962 [INFO] __main__ — 봇 주가요약 제외 [인제니아테라퓨틱스(Reg.S)]: 1건
2026-09-24 14:31:47,518 [INFO] __main__ — 봇 주가요약 제외 [후성]: 1건
2026-09-24 14:31:49,031 [INFO] __main__ — 봇 주가요약 제외 [에스엠벡셀]: 1건
2026-09-24 14:31:53,983 [INFO] __main__ — 봇 주가요약 제외 [원익홀딩스]: 1건
2026-09-24 14:31:55,604 [INFO] __main__ — 봇 주가요약 제외 [티이엠씨]: 2건
2026-09-24 14:31:57,591 [INFO] __main__ — 봇 주가요약 제외 [티엠씨]: 1건
2026-09-24 14:32:03,479 [INFO] __main__ — 봇 주가요약 제외 [뉴파워프라즈마]: 1건
2026-09-24 14:32:06,477 [INFO] __main__ — 봇 주가요약 제외 [아이씨티케이]: 1건
2026-09-24 14:32:06,499 [INFO] __main__ — 봇 주가요약 제외 [다날]: 1건
2026-09-24 14:32:07,812 [INFO] __main__ — 봇 주가요약 제외 [아모텍]: 2건
2026-09-24 14:32:09,274 [INFO] __main__ — 봇 주가요약 제외 [오름테라퓨틱]: 2건
2026-09-24 14:32:13,479 [INFO] __main__ — 봇 주가요약 제외 [한양디지텍]: 1건
2026-09-24 14:32:17,988 [INFO] __main__ — 봇 주가요약 제외 [삼화콘덴서]: 2건
2026-09-24 14:32:18,985 [INFO] __main__ — 봇 주가요약 제외 [메가터치]: 1건
2026-09-24 14:32:20,251 [INFO] __main__ — 봇 주가요약 제외 [페니트리움바이오]: 2건
2026-09-24 14:32:22,982 [INFO] __main__ — 봇 주가요약 제외 [저스템]: 1건
2026-09-24 14:32:23,009 [INFO] __main__ — 봇 주가요약 제외 [RF머트리얼즈]: 1건
2026-09-24 14:32:24,328 [INFO] __main__ — 봇 주가요약 제외 [엠케이전자]: 1건
2026-09-24 14:32:25,682 [INFO] __main__ — 봇 주가요약 제외 [피델릭스]: 1건
2026-09-24 14:32:27,047 [INFO] __main__ — 봇 주가요약 제외 [서진시스템]: 2건
2026-09-24 14:32:28,378 [INFO] __main__ — 봇 주가요약 제외 [비에이치]: 1건
2026-09-24 14:32:29,694 [INFO] __main__ — 봇 주가요약 제외 [지엔씨에너지]: 1건
2026-09-24 14:32:29,739 [INFO] __main__ — 봇 주가요약 제외 [제주반도체]: 1건
2026-09-24 14:32:30,002 [INFO] __main__ — 봇 주가요약 제외 [RFHIC]: 2건
2026-09-24 14:32:31,033 [INFO] __main__ — 봇 주가요약 제외 [코리아써키트]: 1건
2026-09-24 14:32:35,671 [INFO] __main__ — 봇 주가요약 제외 [한전기술]: 2건
2026-09-24 14:32:39,168 [INFO] __main__ — 봇 주가요약 제외 [SK이터닉스]: 2건
2026-09-24 14:32:43,167 [INFO] __main__ — 봇 주가요약 제외 [코미코]: 2건
2026-09-24 14:32:43,231 [INFO] __main__ — 봇 주가요약 제외 [일진전기]: 3건
2026-09-24 14:32:44,467 [INFO] __main__ — 봇 주가요약 제외 [테크윙]: 2건
2026-09-24 14:32:44,580 [INFO] __main__ — 봇 주가요약 제외 [두산퓨얼셀]: 2건
2026-09-24 14:32:45,806 [INFO] __main__ — 뉴스 시점 제외 [맥쿼리인프라]: 3건 (>14일/파싱실패)
2026-09-24 14:32:47,161 [INFO] __main__ — 뉴스 시점 제외 [KB발해인프라]: 13건 (>14일/파싱실패)
2026-09-24 14:32:47,269 [INFO] __main__ — 봇 주가요약 제외 [DB하이텍]: 1건
2026-09-24 14:32:49,873 [INFO] __main__ — 봇 주가요약 제외 [HLB제약]: 2건
2026-09-24 14:32:51,226 [INFO] __main__ — 뉴스 시점 제외 [와이지-원]: 6건 (>14일/파싱실패)
2026-09-24 14:32:51,320 [INFO] __main__ — 봇 주가요약 제외 [심텍홀딩스]: 1건
2026-09-24 14:32:53,446 [INFO] __main__ — 뉴스 시점 제외 [글로벌텍스프리]: 7건 (>14일/파싱실패)
2026-09-24 14:32:54,031 [INFO] __main__ — 봇 주가요약 제외 [디앤디파마텍]: 1건
2026-09-24 14:33:01,010 [INFO] __main__ — 봇 주가요약 제외 [서울반도체]: 2건
2026-09-24 14:33:03,268 [INFO] __main__ — 봇 주가요약 제외 [LS에코에너지]: 2건
2026-09-24 14:33:06,762 [INFO] __main__ — 뉴스 시점 제외 [동국홀딩스]: 8건 (>14일/파싱실패)
2026-09-24 14:33:09,656 [INFO] __main__ — 봇 주가요약 제외 [명신산업]: 1건
2026-09-24 14:33:11,205 [INFO] __main__ — 봇 주가요약 제외 [LS ELECTRIC]: 2건
2026-09-24 14:33:12,180 [INFO] __main__ — 봇 주가요약 제외 [두산테스나]: 1건
2026-09-24 14:33:21,104 [INFO] __main__ — 뉴스 시점 제외 [ESR켄달스퀘어리츠]: 10건 (>14일/파싱실패)
2026-09-24 14:33:21,793 [INFO] __main__ — 봇 주가요약 제외 [HLB생명과학]: 1건
2026-09-24 14:33:30,320 [INFO] __main__ — 봇 주가요약 제외 [유니셈]: 2건
2026-09-24 14:33:39,966 [INFO] __main__ — 뉴스 시점 제외 [휴스틸]: 9건 (>14일/파싱실패)
2026-09-24 14:33:41,930 [INFO] __main__ — 뉴스 시점 제외 [미래에셋증권2우B]: 2건 (>14일/파싱실패)
2026-09-24 14:33:43,292 [INFO] __main__ — 봇 주가요약 제외 [아스플로]: 1건
2026-09-24 14:33:44,017 [INFO] __main__ — 봇 주가요약 제외 [파이버프로]: 1건
2026-09-24 14:33:46,610 [INFO] __main__ — 봇 주가요약 제외 [유니테스트]: 1건
2026-09-24 14:33:48,026 [INFO] __main__ — 뉴스 시점 제외 [맵스리얼티]: 10건 (>14일/파싱실패)
2026-09-24 14:33:48,734 [INFO] __main__ — 봇 주가요약 제외 [에스피지]: 2건
2026-09-24 14:33:55,615 [INFO] __main__ — 봇 주가요약 제외 [해성디에스]: 1건
2026-09-24 14:33:56,977 [INFO] __main__ — 봇 주가요약 제외 [카페24]: 1건
2026-09-24 14:33:57,532 [INFO] __main__ — 봇 주가요약 제외 [서울바이오시스]: 1건
2026-09-24 14:33:58,460 [INFO] __main__ — 봇 주가요약 제외 [케이씨텍]: 1건
2026-09-24 14:34:01,782 [INFO] __main__ — 봇 주가요약 제외 [산일전기]: 3건
2026-09-24 14:34:06,732 [INFO] __main__ — 봇 주가요약 제외 [태성]: 1건
2026-09-24 14:34:08,239 [INFO] __main__ — 뉴스 시점 제외 [서부T&D]: 6건 (>14일/파싱실패)
2026-09-24 14:34:10,764 [INFO] __main__ — 뉴스 시점 제외 [이수화학]: 3건 (>14일/파싱실패)
2026-09-24 14:34:11,490 [INFO] __main__ — 봇 주가요약 제외 [비나텍]: 1건
2026-09-24 14:34:17,388 [INFO] __main__ — 봇 주가요약 제외 [티로보틱스]: 1건
2026-09-24 14:34:20,747 [INFO] __main__ — 봇 주가요약 제외 [원익QnC]: 1건
2026-09-24 14:34:23,424 [INFO] __main__ — 봇 주가요약 제외 [가온칩스]: 1건
2026-09-24 14:34:24,320 [INFO] __main__ — 뉴스 시점 제외 [엘브이엠씨홀딩스]: 15건 (>14일/파싱실패)
2026-09-24 14:34:28,326 [INFO] __main__ — 뉴스 시점 제외 [오리엔탈정공]: 8건 (>14일/파싱실패)
2026-09-24 14:34:29,681 [INFO] __main__ — 봇 주가요약 제외 [프로티나]: 1건
2026-09-24 14:34:32,558 [INFO] __main__ — 봇 주가요약 제외 [셀바스AI]: 1건
2026-09-24 14:34:37,004 [INFO] __main__ — 봇 주가요약 제외 [에스앤에스텍]: 2건
2026-09-24 14:34:39,327 [INFO] __main__ — 봇 주가요약 제외 [유진테크]: 1건
2026-09-24 14:34:49,911 [INFO] __main__ — 뉴스 시점 제외 [신한알파리츠]: 9건 (>14일/파싱실패)
2026-09-24 14:34:52,717 [INFO] __main__ — 뉴스 시점 제외 [현대차2우B]: 8건 (>14일/파싱실패)
2026-09-24 14:34:58,930 [INFO] __main__ — 봇 주가요약 제외 [피에스케이홀딩스]: 1건
2026-09-24 14:34:59,416 [INFO] __main__ — 뉴스 시점 제외 [칩스앤미디어]: 4건 (>14일/파싱실패)
2026-09-24 14:35:07,839 [INFO] __main__ — 봇 주가요약 제외 [상아프론테크]: 1건
2026-09-24 14:35:09,398 [INFO] __main__ — 봇 주가요약 제외 [에스비비테크]: 1건
2026-09-24 14:35:12,036 [INFO] __main__ — 뉴스 시점 제외 [대원강업]: 2건 (>14일/파싱실패)
2026-09-24 14:35:18,903 [INFO] __main__ — 뉴스 시점 제외 [젬백스]: 9건 (>14일/파싱실패)
2026-09-24 14:35:22,162 [INFO] __main__ — 뉴스 시점 제외 [나이스정보통신]: 4건 (>14일/파싱실패)
2026-09-24 14:35:24,924 [INFO] __main__ — 뉴스 시점 제외 [이지홀딩스]: 9건 (>14일/파싱실패)
2026-09-24 14:35:26,480 [INFO] __main__ — 봇 주가요약 제외 [하나머티리얼즈]: 1건
2026-09-24 14:35:27,840 [INFO] __main__ — 뉴스 시점 제외 [한화리츠]: 10건 (>14일/파싱실패)
2026-09-24 14:35:29,551 [INFO] __main__ — 봇 주가요약 제외 [GST]: 2건
2026-09-24 14:35:30,260 [INFO] __main__ — 뉴스 시점 제외 [신흥에스이씨]: 5건 (>14일/파싱실패)
2026-09-24 14:35:31,702 [INFO] __main__ — 부정 키워드 감지: 15개 종목 (neg_ratio > 0)
2026-09-24 14:35:31,703 [INFO] __main__ — 수급일수충족·합계음수 제외: 76개
2026-09-24 14:35:37,303 [INFO] __main__ — 봇 주가요약 제외 [경동나비엔]: 1건
2026-09-24 14:35:38,718 [INFO] __main__ — 뉴스 시점 제외 [한화3우B]: 12건 (>14일/파싱실패)
2026-09-24 14:35:39,470 [INFO] __main__ — 뉴스 시점 제외 [풍산홀딩스]: 9건 (>14일/파싱실패)
2026-09-24 14:35:39,644 [INFO] __main__ — 뉴스 시점 제외 [CJ4우(전환)]: 14건 (>14일/파싱실패)
2026-09-24 14:35:41,068 [INFO] __main__ — 뉴스 시점 제외 [아모레퍼시픽우]: 11건 (>14일/파싱실패)
2026-09-24 14:35:41,111 [INFO] __main__ — 봇 주가요약 제외 [케이씨]: 1건
2026-09-24 14:35:41,150 [INFO] __main__ — 뉴스 시점 제외 [조광피혁]: 8건 (>14일/파싱실패)
2026-09-24 14:35:41,911 [INFO] __main__ — 뉴스 시점 제외 [코람코라이프인프라리츠]: 6건 (>14일/파싱실패)
2026-09-24 14:35:42,718 [INFO] __main__ — 뉴스 시점 제외 [삼성물산우B]: 13건 (>14일/파싱실패)
2026-09-24 14:35:42,719 [INFO] __main__ — 뉴스 시점 제외 [신대양제지]: 15건 (>14일/파싱실패)
2026-09-24 14:35:43,475 [INFO] __main__ — 뉴스 시점 제외 [S-Oil우]: 12건 (>14일/파싱실패)
2026-09-24 14:35:44,173 [INFO] __main__ — 뉴스 시점 제외 [아세아제지]: 12건 (>14일/파싱실패)
2026-09-24 14:35:44,218 [INFO] __main__ — 뉴스 시점 제외 [SIMPAC]: 12건 (>14일/파싱실패)
2026-09-24 14:35:47,263 [INFO] __main__ — 뉴스 시점 제외 [삼영전자]: 9건 (>14일/파싱실패)
2026-09-24 14:35:47,299 [INFO] __main__ — 뉴스 시점 제외 [신한서부티엔디리츠]: 10건 (>14일/파싱실패)
2026-09-24 14:35:47,969 [INFO] __main__ — 뉴스 시점 제외 [대신밸류리츠]: 12건 (>14일/파싱실패)
2026-09-24 14:35:48,044 [INFO] __main__ — 뉴스 시점 제외 [미원화학]: 10건 (>14일/파싱실패)
2026-09-24 14:35:48,987 [INFO] __main__ — 뉴스 시점 제외 [LG생활건강우]: 10건 (>14일/파싱실패)
2026-09-24 14:35:48,998 [INFO] __main__ — 뉴스 시점 제외 [천일고속]: 13건 (>14일/파싱실패)
2026-09-24 14:35:50,114 [INFO] __main__ — 뉴스 시점 제외 [큐리옥스바이오시스템즈]: 9건 (>14일/파싱실패)
2026-09-24 14:35:50,454 [INFO] __main__ — 봇 주가요약 제외 [솔브레인홀딩스]: 1건
2026-09-24 14:35:57,404 [INFO] __main__ — 봇 주가요약 제외 [매커스]: 1건
2026-09-24 14:36:00,308 [INFO] __main__ — 뉴스 시점 제외 [에코아이]: 11건 (>14일/파싱실패)
2026-09-24 14:36:01,282 [INFO] __main__ — 뉴스 시점 제외 [우주일렉트로]: 5건 (>14일/파싱실패)
2026-09-24 14:36:01,283 [INFO] __main__ — 봇 주가요약 제외 [우주일렉트로]: 1건
2026-09-24 14:36:02,347 [INFO] __main__ — 뉴스 시점 제외 [케이티알파]: 12건 (>14일/파싱실패)
2026-09-24 14:36:05,966 [INFO] __main__ — 뉴스 시점 제외 [엠로]: 1건 (>14일/파싱실패)
2026-09-24 14:36:06,067 [INFO] __main__ — POOL_A 후보 부정뉴스 2차 조회: 121개
2026-09-24 14:36:06,070 [INFO] __main__ — POOL_A: 526개 (A:193 B:193 동시:140) | 부정게이트 제외:2
  대형:80 중형:234 소형:212
2026-09-24 14:36:06,088 [INFO] __main__ — 대조군 표본(무신호): 40개 / 모집단 377개 → pool_history
2026-09-24 14:36:06,090 [INFO] __main__ —   → POOL_A: 526개
2026-09-24 14:36:06,090 [INFO] __main__ — ▶ Step 2: 하드 필터링
2026-09-24 14:36:06,091 [INFO] __main__ — 하드 필터 제거: 509개 | 과열배제 71 | 이격도상한 24 | 이격도하한 38 | MA추세 284 | RSI과열 10 | 거래대금 82
2026-09-24 14:36:06,093 [INFO] __main__ — 과열 gated 기록: 71개 → gated_tickers
2026-09-24 14:36:06,095 [INFO] __main__ — 대조군 표본(필터탈락): 192개 / 모집단 509개 → pool_history
2026-09-24 14:36:06,095 [INFO] __main__ — POOL_B: 17개 | 대형:0 중형:9 소형:8
2026-09-24 14:36:06,095 [INFO] __main__ —   → POOL_B: 17개
2026-09-24 14:36:06,095 [INFO] __main__ — ▶ Step 3: 스코어링 (FinBERT 감성 분석)
2026-09-24 14:36:06,095 [INFO] __main__ — NaverClient: 3개 키 로드 (DataLab·검색 독립 회전)
2026-09-24 14:36:06,096 [INFO] __main__ — 텍스트 신규 수집: 2종목 (캐시 적중 15종목)
2026-09-24 14:36:11,044 [INFO] __main__ — 기사 보존(수집): 148건 (17종목) → news_articles
2026-09-24 14:36:11,054 [INFO] __main__ — 공시 보존(수집): 27건 (17종목) → dart_filings
2026-09-24 14:36:11,056 [INFO] __main__ — 수집 완료: 뉴스 148건 | 공시 27건
2026-09-24 14:36:11,057 [INFO] __main__ — FinBERT 감성 분석 (finbert 모드)...
2026-09-24 14:36:11,057 [INFO] __main__ — FinBERT 로딩: snunlp/KR-FinBert-SC (CPU, batch=8)
2026-09-24 14:36:11,110 [INFO] httpx — HTTP Request: GET https://huggingface.co/api/agent-harnesses "HTTP/1.1 200 OK"
2026-09-24 14:36:11,135 [INFO] httpx — HTTP Request: HEAD https://huggingface.co/snunlp/KR-FinBert-SC/resolve/main/config.json "HTTP/1.1 307 Temporary Redirect"
2026-09-24 14:36:11,142 [INFO] httpx — HTTP Request: HEAD https://huggingface.co/api/resolve-cache/models/snunlp/KR-FinBert-SC/f8586286cc3161fb648e9fee09a456069fd846d0/config.json?%2Fsnunlp%2FKR-FinBert-SC%2Fresolve%2Fmain%2Fconfig.json=&etag=%22bd00b2460e394f69e29e6438699e074cbac9584e%22 "HTTP/1.1 200 OK"
2026-09-24 14:36:11,172 [INFO] httpx — HTTP Request: HEAD https://huggingface.co/snunlp/KR-FinBert-SC/resolve/main/model.safetensors "HTTP/1.1 404 Not Found"
2026-09-24 14:36:11,199 [INFO] httpx — HTTP Request: GET https://huggingface.co/api/models/snunlp/KR-FinBert-SC "HTTP/1.1 200 OK"
2026-09-24 14:36:11,248 [INFO] httpx — HTTP Request: GET https://huggingface.co/api/models/snunlp/KR-FinBert-SC/commits/main "HTTP/1.1 200 OK"
2026-09-24 14:36:11,276 [INFO] httpx — HTTP Request: GET https://huggingface.co/api/models/snunlp/KR-FinBert-SC/discussions?p=0 "HTTP/1.1 200 OK"
2026-09-24 14:36:11,311 [INFO] httpx — HTTP Request: GET https://huggingface.co/api/models/snunlp/KR-FinBert-SC/tree/main/additional_chat_templates?recursive=false&expand=false "HTTP/1.1 404 Not Found"
2026-09-24 14:36:11,318 [INFO] httpx — HTTP Request: GET https://huggingface.co/api/models/snunlp/KR-FinBert-SC/commits/refs%2Fpr%2F3 "HTTP/1.1 200 OK"
2026-09-24 14:36:11,334 [INFO] httpx — HTTP Request: GET https://huggingface.co/api/models/snunlp/KR-FinBert-SC/tree/main?recursive=true&expand=false "HTTP/1.1 200 OK"
2026-09-24 14:36:11,339 [INFO] httpx — HTTP Request: HEAD https://huggingface.co/snunlp/KR-FinBert-SC/resolve/refs%2Fpr%2F3/model.safetensors.index.json "HTTP/1.1 404 Not Found"
2026-09-24 14:36:11,340 [WARNING] huggingface_hub.utils._http — Warning: You are sending unauthenticated requests to the HF Hub. Please set a HF_TOKEN to enable higher rate limits and faster downloads.
2026-09-24 14:36:11,367 [INFO] httpx — HTTP Request: HEAD https://huggingface.co/snunlp/KR-FinBert-SC/resolve/main/processor_config.json "HTTP/1.1 404 Not Found"
2026-09-24 14:36:11,381 [INFO] httpx — HTTP Request: HEAD https://huggingface.co/snunlp/KR-FinBert-SC/resolve/refs%2Fpr%2F3/model.safetensors "HTTP/1.1 302 Found"
2026-09-24 14:36:11,385 [INFO] httpx — HTTP Request: HEAD https://huggingface.co/snunlp/KR-FinBert-SC/resolve/main/video_preprocessor_config.json "HTTP/1.1 404 Not Found"
2026-09-24 14:36:11,409 [INFO] httpx — HTTP Request: HEAD https://huggingface.co/snunlp/KR-FinBert-SC/resolve/main/preprocessor_config.json "HTTP/1.1 404 Not Found"
2026-09-24 14:36:11,409 [INFO] __main__ — FinBERT 로드 완료 (CPU)
2026-09-24 14:36:28,002 [INFO] __main__ — Phase A.1: 매핑 신뢰도 < 0.5 → 감성 점수 폐기 15건
2026-09-24 14:36:28,002 [INFO] __main__ — [shadow] 필드별 검사 기준 폐기 1/17종목 (집행 15건 — 변동 없음)
2026-09-24 14:36:28,002 [INFO] __main__ — 스코어링: 17개 | 집중:0 | FinBERT:finbert
2026-09-24 14:36:28,016 [INFO] __main__ —   → 17개
2026-09-24 14:36:28,016 [INFO] __main__ — ▶ Step 4: 발송
2026-09-24 14:36:31,043 [INFO] __main__ — DB 기록: 7개 / 전체 to_send 7개
2026-09-24 14:36:31,043 [INFO] __main__ — 발송: 7종목 | 누적 4~10회 1 | 신규 0
2026-09-24 14:36:31,043 [INFO] __main__ — 완료  |  소요: 764.4초
2026-09-24 14:36:32,048 [INFO] track_outcomes — pool_history 대조군 9349건 추적 대상 포함
2026-09-24 14:36:32,113 [INFO] track_outcomes — 고아 행 150건 복원 (targets에서 탈락한 미완 키)
2026-09-24 14:36:32,113 [INFO] track_outcomes — 대상 19071건 | 갱신 필요 8167건 | 완료 스킵 11054건
2026-09-24 14:36:32,115 [INFO] track_outcomes —   가격 조회 고유 종목 941개 (기존 351 + 대조군 추가 590)
2026-09-24 14:56:51,136 [INFO] track_outcomes — outcomes 적재: 신규 101건 | 갱신(신규+보완) 101건
