2026-09-27 23:48:34,273 [INFO] __main__ — config 검증 완료 ✓
2026-09-27 23:48:34,273 [INFO] __main__ — KIS 조회 도메인: 실전 (https://openapi.koreainvestment.com:9443)
2026-09-27 23:48:34,273 [INFO] __main__ — ============================================================
2026-09-27 23:48:34,273 [INFO] __main__ — AlphaRadar v3.3.1  |  기준일: 20260928  |  런: am
2026-09-27 23:48:34,274 [INFO] __main__ — S = T×0.3 + S_text×0.4 + D×0.3
2026-09-27 23:48:34,274 [INFO] __main__ — ============================================================
2026-09-27 23:48:34,274 [INFO] __main__ — ▶ Step 0: 유니버스 필터링
2026-09-27 23:48:34,583 [INFO] __main__ — FDR 데이터 수집: 20260325 ~ 20260928
2026-09-27 23:48:36,102 [INFO] __main__ — master universe 메타: 캐시 사용 2760개 (year=2026)
2026-09-27 23:48:36,105 [INFO] __main__ — master 보강: 등급 833개 | FnGuide/KSIC 2543개 | 섹터(fg_industry) 2543개
2026-09-27 23:48:36,106 [INFO] __main__ — KOSPI: 942개 | 섹터정보 830개 (DART +827개 보완)
2026-09-27 23:48:36,106 [INFO] __main__ — KOSDAQ: 1821개 | 섹터정보 1742개
2026-09-27 23:48:36,106 [INFO] __main__ — 전체: 2763개
2026-09-27 23:48:38,058 [INFO] __main__ — KIS 토큰 발급 완료
2026-09-27 23:54:34,598 [INFO] __main__ — DART corp_code 매핑: 877/903개 (97%)
2026-09-27 23:54:34,598 [INFO] __main__ — 유효 유니버스: 903개
2026-09-27 23:54:34,605 [INFO] __main__ —   → 903개
2026-09-27 23:54:34,605 [INFO] __main__ — ▶ Step 1: 신호 탐지
2026-09-27 23:54:34,605 [INFO] __main__ — NaverClient: 3개 키 로드 (DataLab·검색 독립 회전)
2026-09-27 23:54:34,605 [INFO] __main__ — 관심 지수 및 부정 뉴스 비율 조회 중...
2026-09-27 23:54:37,211 [INFO] __main__ — 봇 주가요약 제외 [빛과전자]: 2건
2026-09-27 23:54:37,354 [INFO] __main__ — 봇 주가요약 제외 [아주IB투자]: 3건
2026-09-27 23:54:38,229 [INFO] __main__ — 봇 주가요약 제외 [성호전자]: 2건
2026-09-27 23:54:39,644 [INFO] __main__ — 봇 주가요약 제외 [KBI메탈]: 2건
2026-09-27 23:54:39,953 [INFO] __main__ — 봇 주가요약 제외 [우리기술투자]: 2건
2026-09-27 23:54:40,377 [INFO] __main__ — 봇 주가요약 제외 [드림시큐리티]: 1건
2026-09-27 23:54:40,791 [INFO] __main__ — 봇 주가요약 제외 [삼미금속]: 3건
2026-09-27 23:54:42,883 [INFO] __main__ — 봇 주가요약 제외 [인제니아테라퓨틱스(Reg.S)]: 1건
2026-09-27 23:54:43,887 [INFO] __main__ — 봇 주가요약 제외 [후성]: 1건
2026-09-27 23:54:49,258 [INFO] __main__ — 봇 주가요약 제외 [티이엠씨]: 2건
2026-09-27 23:54:50,854 [INFO] __main__ — 봇 주가요약 제외 [티엠씨]: 1건
2026-09-27 23:54:55,353 [INFO] __main__ — 봇 주가요약 제외 [뉴파워프라즈마]: 1건
2026-09-27 23:54:57,404 [INFO] __main__ — 봇 주가요약 제외 [다날]: 1건
2026-09-27 23:54:58,012 [INFO] __main__ — 봇 주가요약 제외 [아모텍]: 1건
2026-09-27 23:55:02,099 [INFO] __main__ — 봇 주가요약 제외 [한양디지텍]: 1건
2026-09-27 23:55:03,629 [INFO] __main__ — 뉴스 시점 제외 [대아티아이]: 8건 (>14일/파싱실패)
2026-09-27 23:55:05,631 [INFO] __main__ — 봇 주가요약 제외 [삼화콘덴서]: 2건
2026-09-27 23:55:06,166 [INFO] __main__ — 봇 주가요약 제외 [메가터치]: 1건
2026-09-27 23:55:06,667 [INFO] __main__ — 봇 주가요약 제외 [페니트리움바이오]: 2건
2026-09-27 23:55:08,684 [INFO] __main__ — 봇 주가요약 제외 [저스템]: 1건
2026-09-27 23:55:10,227 [INFO] __main__ — 봇 주가요약 제외 [엠케이전자]: 1건
2026-09-27 23:55:11,239 [INFO] __main__ — 봇 주가요약 제외 [피델릭스]: 1건
2026-09-27 23:55:12,763 [INFO] __main__ — 봇 주가요약 제외 [비에이치]: 1건
2026-09-27 23:55:13,798 [INFO] __main__ — 봇 주가요약 제외 [제주반도체]: 1건
2026-09-27 23:55:14,365 [INFO] __main__ — 봇 주가요약 제외 [지엔씨에너지]: 1건
2026-09-27 23:55:14,769 [INFO] __main__ — 봇 주가요약 제외 [RFHIC]: 2건
2026-09-27 23:55:14,820 [INFO] __main__ — 봇 주가요약 제외 [코리아써키트]: 1건
2026-09-27 23:55:18,882 [INFO] __main__ — 뉴스 시점 제외 [KB스타리츠]: 8건 (>14일/파싱실패)
2026-09-27 23:55:23,962 [INFO] __main__ — 봇 주가요약 제외 [코미코]: 2건
2026-09-27 23:55:26,018 [INFO] __main__ — 뉴스 시점 제외 [맥쿼리인프라]: 5건 (>14일/파싱실패)
2026-09-27 23:55:27,024 [INFO] __main__ — 뉴스 시점 제외 [KB발해인프라]: 14건 (>14일/파싱실패)
2026-09-27 23:55:29,819 [INFO] __main__ — 봇 주가요약 제외 [HLB제약]: 2건
2026-09-27 23:55:30,824 [INFO] __main__ — 뉴스 시점 제외 [와이지-원]: 7건 (>14일/파싱실패)
2026-09-27 23:55:32,094 [INFO] __main__ — 뉴스 시점 제외 [글로벌텍스프리]: 10건 (>14일/파싱실패)
2026-09-27 23:55:32,104 [INFO] __main__ — 봇 주가요약 제외 [디앤디파마텍]: 1건
2026-09-27 23:55:37,053 [INFO] __main__ — 봇 주가요약 제외 [서울반도체]: 2건
2026-09-27 23:55:38,678 [INFO] __main__ — 봇 주가요약 제외 [LS에코에너지]: 2건
2026-09-27 23:55:41,406 [INFO] __main__ — 뉴스 시점 제외 [에스에이엠티]: 8건 (>14일/파싱실패)
2026-09-27 23:55:42,441 [INFO] __main__ — 뉴스 시점 제외 [동국홀딩스]: 9건 (>14일/파싱실패)
2026-09-27 23:55:44,467 [INFO] __main__ — 봇 주가요약 제외 [명신산업]: 1건
2026-09-27 23:55:52,559 [INFO] __main__ — 뉴스 시점 제외 [ESR켄달스퀘어리츠]: 11건 (>14일/파싱실패)
2026-09-27 23:55:53,485 [INFO] __main__ — 봇 주가요약 제외 [HLB생명과학]: 1건
2026-09-27 23:55:59,599 [INFO] __main__ — 뉴스 시점 제외 [유니셈]: 6건 (>14일/파싱실패)
2026-09-27 23:55:59,599 [INFO] __main__ — 봇 주가요약 제외 [유니셈]: 2건
2026-09-27 23:56:15,790 [INFO] __main__ — 뉴스 시점 제외 [휴스틸]: 12건 (>14일/파싱실패)
2026-09-27 23:56:16,890 [INFO] __main__ — 뉴스 시점 제외 [미래에셋증권2우B]: 4건 (>14일/파싱실패)
2026-09-27 23:56:17,859 [INFO] __main__ — 뉴스 시점 제외 [시노펙스]: 1건 (>14일/파싱실패)
2026-09-27 23:56:17,912 [INFO] __main__ — 봇 주가요약 제외 [아스플로]: 1건
2026-09-27 23:56:18,867 [INFO] __main__ — 봇 주가요약 제외 [파이버프로]: 1건
2026-09-27 23:56:20,899 [INFO] __main__ — 봇 주가요약 제외 [유니테스트]: 1건
2026-09-27 23:56:21,957 [INFO] __main__ — 뉴스 시점 제외 [맵스리얼티]: 13건 (>14일/파싱실패)
2026-09-27 23:56:22,489 [INFO] __main__ — 봇 주가요약 제외 [에스피지]: 2건
2026-09-27 23:56:24,991 [INFO] __main__ — 뉴스 시점 제외 [디아이씨]: 9건 (>14일/파싱실패)
2026-09-27 23:56:27,169 [INFO] __main__ — 봇 주가요약 제외 [해성디에스]: 1건
2026-09-27 23:56:28,819 [INFO] __main__ — 봇 주가요약 제외 [서울바이오시스]: 1건
2026-09-27 23:56:31,850 [INFO] __main__ — 봇 주가요약 제외 [산일전기]: 3건
2026-09-27 23:56:35,340 [INFO] __main__ — 봇 주가요약 제외 [태성]: 1건
2026-09-27 23:56:35,361 [INFO] __main__ — 뉴스 시점 제외 [남해화학]: 7건 (>14일/파싱실패)
2026-09-27 23:56:36,359 [INFO] __main__ — 뉴스 시점 제외 [서부T&D]: 9건 (>14일/파싱실패)
2026-09-27 23:56:38,409 [INFO] __main__ — 뉴스 시점 제외 [이수화학]: 3건 (>14일/파싱실패)
2026-09-27 23:56:43,343 [INFO] __main__ — 봇 주가요약 제외 [티로보틱스]: 1건
2026-09-27 23:56:46,072 [INFO] __main__ — 봇 주가요약 제외 [원익QnC]: 1건
2026-09-27 23:56:48,227 [INFO] __main__ — 봇 주가요약 제외 [가온칩스]: 1건
2026-09-27 23:56:48,678 [INFO] __main__ — 뉴스 시점 제외 [엘브이엠씨홀딩스]: 15건 (>14일/파싱실패)
2026-09-27 23:56:51,554 [INFO] __main__ — 뉴스 시점 제외 [오리엔탈정공]: 10건 (>14일/파싱실패)
2026-09-27 23:56:58,268 [INFO] __main__ — 봇 주가요약 제외 [에스앤에스텍]: 2건
2026-09-27 23:57:09,112 [INFO] __main__ — 뉴스 시점 제외 [신한알파리츠]: 11건 (>14일/파싱실패)
2026-09-27 23:57:11,140 [INFO] __main__ — 뉴스 시점 제외 [현대차2우B]: 11건 (>14일/파싱실패)
2026-09-27 23:57:16,226 [INFO] __main__ — 뉴스 시점 제외 [칩스앤미디어]: 4건 (>14일/파싱실패)
2026-09-27 23:57:23,346 [INFO] __main__ — 봇 주가요약 제외 [에스비비테크]: 1건
2026-09-27 23:57:25,145 [INFO] __main__ — 뉴스 시점 제외 [대원강업]: 5건 (>14일/파싱실패)
2026-09-27 23:57:30,596 [INFO] __main__ — 뉴스 시점 제외 [젬백스]: 11건 (>14일/파싱실패)
2026-09-27 23:57:33,000 [INFO] __main__ — 뉴스 시점 제외 [나이스정보통신]: 4건 (>14일/파싱실패)
2026-09-27 23:57:34,668 [INFO] __main__ — 뉴스 시점 제외 [이지홀딩스]: 10건 (>14일/파싱실패)
2026-09-27 23:57:36,056 [INFO] __main__ — 봇 주가요약 제외 [하나머티리얼즈]: 1건
2026-09-27 23:57:36,684 [INFO] __main__ — 뉴스 시점 제외 [한화리츠]: 11건 (>14일/파싱실패)
2026-09-27 23:57:38,278 [INFO] __main__ — 뉴스 시점 제외 [신흥에스이씨]: 6건 (>14일/파싱실패)
2026-09-27 23:57:39,198 [INFO] __main__ — 부정 키워드 감지: 15개 종목 (neg_ratio > 0)
2026-09-27 23:57:39,200 [INFO] __main__ — 수급일수충족·합계음수 제외: 75개
2026-09-27 23:57:43,870 [INFO] __main__ — 뉴스 시점 제외 [미원상사]: 5건 (>14일/파싱실패)
2026-09-27 23:57:44,388 [INFO] __main__ — 뉴스 시점 제외 [한화3우B]: 12건 (>14일/파싱실패)
2026-09-27 23:57:44,941 [INFO] __main__ — 뉴스 시점 제외 [풍산홀딩스]: 10건 (>14일/파싱실패)
2026-09-27 23:57:44,994 [INFO] __main__ — 뉴스 시점 제외 [CJ4우(전환)]: 14건 (>14일/파싱실패)
2026-09-27 23:57:45,512 [INFO] __main__ — 봇 주가요약 제외 [케이씨]: 1건
2026-09-27 23:57:46,078 [INFO] __main__ — 뉴스 시점 제외 [아모레퍼시픽우]: 12건 (>14일/파싱실패)
2026-09-27 23:57:46,646 [INFO] __main__ — 뉴스 시점 제외 [조광피혁]: 9건 (>14일/파싱실패)
2026-09-27 23:57:46,659 [INFO] __main__ — 뉴스 시점 제외 [코람코라이프인프라리츠]: 7건 (>14일/파싱실패)
2026-09-27 23:57:47,209 [INFO] __main__ — 뉴스 시점 제외 [신대양제지]: 15건 (>14일/파싱실패)
2026-09-27 23:57:47,265 [INFO] __main__ — 뉴스 시점 제외 [S-Oil우]: 13건 (>14일/파싱실패)
2026-09-27 23:57:47,784 [INFO] __main__ — 뉴스 시점 제외 [일진홀딩스]: 3건 (>14일/파싱실패)
2026-09-27 23:57:48,347 [INFO] __main__ — 뉴스 시점 제외 [삼성물산우B]: 13건 (>14일/파싱실패)
2026-09-27 23:57:48,356 [INFO] __main__ — 뉴스 시점 제외 [SIMPAC]: 12건 (>14일/파싱실패)
2026-09-27 23:57:48,398 [INFO] __main__ — 뉴스 시점 제외 [아세아제지]: 13건 (>14일/파싱실패)
2026-09-27 23:57:50,083 [INFO] __main__ — 뉴스 시점 제외 [삼영전자]: 10건 (>14일/파싱실패)
2026-09-27 23:57:50,643 [INFO] __main__ — 뉴스 시점 제외 [신한서부티엔디리츠]: 11건 (>14일/파싱실패)
2026-09-27 23:57:51,212 [INFO] __main__ — 뉴스 시점 제외 [대신밸류리츠]: 14건 (>14일/파싱실패)
2026-09-27 23:57:51,216 [INFO] __main__ — 뉴스 시점 제외 [미원화학]: 10건 (>14일/파싱실패)
2026-09-27 23:57:51,783 [INFO] __main__ — 뉴스 시점 제외 [천일고속]: 12건 (>14일/파싱실패)
2026-09-27 23:57:51,806 [INFO] __main__ — 뉴스 시점 제외 [LG생활건강우]: 12건 (>14일/파싱실패)
2026-09-27 23:57:52,932 [INFO] __main__ — 뉴스 시점 제외 [큐리옥스바이오시스템즈]: 11건 (>14일/파싱실패)
2026-09-27 23:57:52,946 [INFO] __main__ — 봇 주가요약 제외 [솔브레인홀딩스]: 1건
2026-09-27 23:57:56,932 [INFO] __main__ — 뉴스 시점 제외 [토모큐브]: 5건 (>14일/파싱실패)
2026-09-27 23:57:57,466 [INFO] __main__ — 봇 주가요약 제외 [매커스]: 1건
2026-09-27 23:57:58,072 [INFO] __main__ — 뉴스 시점 제외 [한국알콜]: 8건 (>14일/파싱실패)
2026-09-27 23:57:58,636 [INFO] __main__ — 뉴스 시점 제외 [한라IMS]: 8건 (>14일/파싱실패)
2026-09-27 23:57:58,678 [INFO] __main__ — 뉴스 시점 제외 [에코아이]: 12건 (>14일/파싱실패)
2026-09-27 23:57:59,860 [INFO] __main__ — 봇 주가요약 제외 [우주일렉트로]: 1건
2026-09-27 23:58:00,839 [INFO] __main__ — 뉴스 시점 제외 [대명에너지]: 7건 (>14일/파싱실패)
2026-09-27 23:58:01,136 [INFO] __main__ — 뉴스 시점 제외 [케이티알파]: 12건 (>14일/파싱실패)
2026-09-27 23:58:02,271 [INFO] __main__ — 뉴스 시점 제외 [JTC]: 6건 (>14일/파싱실패)
2026-09-27 23:58:02,844 [INFO] __main__ — 뉴스 시점 제외 [엠로]: 5건 (>14일/파싱실패)
2026-09-27 23:58:02,951 [INFO] __main__ — POOL_A 후보 부정뉴스 2차 조회: 121개
2026-09-27 23:58:02,952 [INFO] __main__ — POOL_A: 334개 (A:333 B:1 동시:0) | 부정게이트 제외:3
  대형:36 중형:144 소형:154
2026-09-27 23:58:02,958 [INFO] __main__ — 대조군 표본(무신호): 40개 / 모집단 569개 → pool_history
2026-09-27 23:58:02,959 [INFO] __main__ —   → POOL_A: 334개
2026-09-27 23:58:02,959 [INFO] __main__ — ▶ Step 2: 하드 필터링
2026-09-27 23:58:02,960 [INFO] __main__ — 하드 필터 제거: 324개 | 과열배제 67 | 이격도상한 19 | 이격도하한 7 | MA추세 159 | RSI과열 9 | 거래대금 63
2026-09-27 23:58:02,962 [INFO] __main__ — 과열 gated 기록: 67개 → gated_tickers
2026-09-27 23:58:02,964 [INFO] __main__ — 대조군 표본(필터탈락): 155개 / 모집단 324개 → pool_history
2026-09-27 23:58:02,964 [INFO] __main__ — POOL_B: 10개 | 대형:0 중형:4 소형:6
2026-09-27 23:58:02,965 [INFO] __main__ —   → POOL_B: 10개
2026-09-27 23:58:02,965 [INFO] __main__ — ▶ Step 3: 스코어링 (FinBERT 감성 분석)
2026-09-27 23:58:02,965 [INFO] __main__ — NaverClient: 3개 키 로드 (DataLab·검색 독립 회전)
2026-09-27 23:58:02,965 [INFO] __main__ — 텍스트 신규 수집: 10종목 (캐시 적중 0종목)
2026-09-27 23:58:03,572 [INFO] __main__ — 봇 주가요약 제외 [SK이터닉스]: 4건
2026-09-27 23:58:08,193 [INFO] __main__ — 봇 주가요약 제외 [우리기술투자]: 2건
2026-09-27 23:58:11,726 [INFO] __main__ — 뉴스 시점 제외 [심텍홀딩스]: 12건 (>14일/파싱실패)
2026-09-27 23:58:11,726 [INFO] __main__ — 봇 주가요약 제외 [심텍홀딩스]: 1건
2026-09-27 23:58:14,386 [INFO] __main__ — 뉴스 시점 제외 [티씨머티리얼즈]: 21건 (>14일/파싱실패)
2026-09-27 23:58:17,275 [INFO] __main__ — 기사 보존(수집): 84건 (10종목) → news_articles
2026-09-27 23:58:17,276 [INFO] __main__ — 공시 보존(수집): 16건 (10종목) → dart_filings
2026-09-27 23:58:17,277 [INFO] __main__ — 수집 완료: 뉴스 84건 | 공시 16건
2026-09-27 23:58:17,277 [INFO] __main__ — FinBERT 감성 분석 (finbert 모드)...
2026-09-27 23:58:17,277 [INFO] __main__ — FinBERT 로딩: snunlp/KR-FinBert-SC (CPU, batch=8)
2026-09-27 23:58:17,396 [INFO] httpx — HTTP Request: GET https://huggingface.co/api/agent-harnesses "HTTP/1.1 200 OK"
2026-09-27 23:58:17,477 [INFO] httpx — HTTP Request: HEAD https://huggingface.co/snunlp/KR-FinBert-SC/resolve/main/config.json "HTTP/1.1 307 Temporary Redirect"
2026-09-27 23:58:17,478 [WARNING] huggingface_hub.utils._http — Warning: You are sending unauthenticated requests to the HF Hub. Please set a HF_TOKEN to enable higher rate limits and faster downloads.
2026-09-27 23:58:17,483 [INFO] httpx — HTTP Request: HEAD https://huggingface.co/api/resolve-cache/models/snunlp/KR-FinBert-SC/f8586286cc3161fb648e9fee09a456069fd846d0/config.json?%2Fsnunlp%2FKR-FinBert-SC%2Fresolve%2Fmain%2Fconfig.json=&etag=%22bd00b2460e394f69e29e6438699e074cbac9584e%22 "HTTP/1.1 200 OK"
2026-09-27 23:58:17,578 [INFO] httpx — HTTP Request: HEAD https://huggingface.co/snunlp/KR-FinBert-SC/resolve/main/model.safetensors "HTTP/1.1 404 Not Found"
2026-09-27 23:58:17,669 [INFO] httpx — HTTP Request: GET https://huggingface.co/api/models/snunlp/KR-FinBert-SC "HTTP/1.1 200 OK"
2026-09-27 23:58:17,755 [INFO] httpx — HTTP Request: GET https://huggingface.co/api/models/snunlp/KR-FinBert-SC/commits/main "HTTP/1.1 200 OK"
2026-09-27 23:58:17,814 [INFO] httpx — HTTP Request: GET https://huggingface.co/api/models/snunlp/KR-FinBert-SC/tree/main/additional_chat_templates?recursive=false&expand=false "HTTP/1.1 404 Not Found"
2026-09-27 23:58:17,841 [INFO] httpx — HTTP Request: GET https://huggingface.co/api/models/snunlp/KR-FinBert-SC/discussions?p=0 "HTTP/1.1 200 OK"
2026-09-27 23:58:17,894 [INFO] httpx — HTTP Request: GET https://huggingface.co/api/models/snunlp/KR-FinBert-SC/tree/main?recursive=true&expand=false "HTTP/1.1 200 OK"
2026-09-27 23:58:17,933 [INFO] httpx — HTTP Request: GET https://huggingface.co/api/models/snunlp/KR-FinBert-SC/commits/refs%2Fpr%2F3 "HTTP/1.1 200 OK"
2026-09-27 23:58:17,984 [INFO] httpx — HTTP Request: HEAD https://huggingface.co/snunlp/KR-FinBert-SC/resolve/main/processor_config.json "HTTP/1.1 404 Not Found"
2026-09-27 23:58:18,007 [INFO] httpx — HTTP Request: HEAD https://huggingface.co/snunlp/KR-FinBert-SC/resolve/refs%2Fpr%2F3/model.safetensors.index.json "HTTP/1.1 404 Not Found"
2026-09-27 23:58:18,060 [INFO] httpx — HTTP Request: HEAD https://huggingface.co/snunlp/KR-FinBert-SC/resolve/main/video_preprocessor_config.json "HTTP/1.1 404 Not Found"
2026-09-27 23:58:18,085 [INFO] httpx — HTTP Request: HEAD https://huggingface.co/snunlp/KR-FinBert-SC/resolve/refs%2Fpr%2F3/model.safetensors "HTTP/1.1 302 Found"
2026-09-27 23:58:18,144 [INFO] httpx — HTTP Request: HEAD https://huggingface.co/snunlp/KR-FinBert-SC/resolve/main/preprocessor_config.json "HTTP/1.1 404 Not Found"
2026-09-27 23:58:18,145 [INFO] __main__ — FinBERT 로드 완료 (CPU)
2026-09-27 23:58:28,190 [INFO] __main__ — Phase A.1: 매핑 신뢰도 < 0.5 → 감성 점수 폐기 10건
2026-09-27 23:58:28,190 [INFO] __main__ — [shadow] 필드별 검사 기준 폐기 1/10종목 (집행 10건 — 변동 없음)
2026-09-27 23:58:28,190 [INFO] __main__ — 스코어링: 10개 | 집중:0 | FinBERT:finbert
2026-09-27 23:58:28,207 [INFO] __main__ —   → 10개
2026-09-27 23:58:28,207 [INFO] __main__ — ▶ Step 4: 발송
2026-09-27 23:58:32,211 [INFO] __main__ — DB 기록: 4개 / 전체 to_send 4개
2026-09-27 23:58:32,211 [INFO] __main__ — 발송: 4종목 | 누적 4~10회 0 | 신규 0
2026-09-27 23:58:32,211 [INFO] __main__ — 완료  |  소요: 597.9초
2026-09-27 23:58:33,349 [INFO] track_outcomes — pool_history 대조군 9861건 추적 대상 포함
2026-09-27 23:58:33,421 [INFO] track_outcomes — 고아 행 150건 복원 (targets에서 탈락한 미완 키)
2026-09-27 23:58:33,421 [INFO] track_outcomes — 대상 19744건 | 갱신 필요 8840건 | 완료 스킵 11054건
2026-09-27 23:58:33,424 [INFO] track_outcomes —   가격 조회 고유 종목 941개 (기존 352 + 대조군 추가 589)
2026-09-28 00:12:31,369 [INFO] track_outcomes — outcomes 적재: 신규 272건 | 갱신(신규+보완) 1752건
