2026-08-25 21:40:30,102 [INFO] __main__ — config 검증 완료 ✓
2026-08-25 21:40:30,102 [INFO] __main__ — KIS 조회 도메인: 실전 (https://openapi.koreainvestment.com:9443)
2026-08-25 21:40:30,102 [INFO] __main__ — ============================================================
2026-08-25 21:40:30,102 [INFO] __main__ — AlphaRadar v3.3.1  |  기준일: 20260826
2026-08-25 21:40:30,102 [INFO] __main__ — S = T×0.3 + S_text×0.4 + D×0.3
2026-08-25 21:40:30,102 [INFO] __main__ — ============================================================
2026-08-25 21:40:30,102 [INFO] __main__ — ▶ Step 0: 유니버스 필터링
2026-08-25 21:40:30,252 [INFO] __main__ — FDR 데이터 수집: 20260220 ~ 20260826
2026-08-25 21:40:31,922 [INFO] __main__ — master universe 메타: 캐시 사용 2760개 (year=2026)
2026-08-25 21:40:31,924 [INFO] __main__ — master 보강: 등급 836개 | FnGuide/KSIC 2553개 | 섹터(fg_industry) 2553개
2026-08-25 21:40:31,925 [INFO] __main__ — KOSPI: 944개 | 섹터정보 832개 (DART +829개 보완)
2026-08-25 21:40:31,925 [INFO] __main__ — KOSDAQ: 1823개 | 섹터정보 1750개
2026-08-25 21:40:31,925 [INFO] __main__ — 전체: 2767개
2026-08-25 21:40:33,872 [INFO] __main__ — KIS 토큰 발급 완료
2026-08-25 21:47:37,048 [INFO] __main__ — DART corp_code 매핑: 875/898개 (97%)
2026-08-25 21:47:37,048 [INFO] __main__ — 유효 유니버스: 898개
2026-08-25 21:47:37,055 [INFO] __main__ —   → 898개
2026-08-25 21:47:37,055 [INFO] __main__ — ▶ Step 1: 신호 탐지
2026-08-25 21:47:37,056 [INFO] __main__ — NaverClient: 3개 키 로드 (DataLab·검색 독립 회전)
2026-08-25 21:47:37,056 [INFO] __main__ — 관심 지수 및 부정 뉴스 비율 조회 중...
2026-08-25 21:47:40,197 [INFO] __main__ — 봇 주가요약 제외 [더즌]: 1건
2026-08-25 21:47:43,001 [INFO] __main__ — 봇 주가요약 제외 [팬오션]: 1건
2026-08-25 21:47:44,391 [INFO] __main__ — 봇 주가요약 제외 [PS일렉트로닉스]: 3건
2026-08-25 21:47:45,481 [INFO] __main__ — 봇 주가요약 제외 [갤럭시아머니트리]: 1건
2026-08-25 21:47:45,918 [INFO] __main__ — 봇 주가요약 제외 [대한광통신]: 4건
2026-08-25 21:47:48,263 [INFO] __main__ — 봇 주가요약 제외 [SK이터닉스]: 5건
2026-08-25 21:47:48,735 [INFO] __main__ — 봇 주가요약 제외 [코오롱티슈진]: 4건
2026-08-25 21:47:48,744 [INFO] __main__ — 봇 주가요약 제외 [빛과전자]: 3건
2026-08-25 21:47:50,733 [INFO] __main__ — 봇 주가요약 제외 [파미셀]: 1건
2026-08-25 21:47:51,505 [INFO] __main__ — 봇 주가요약 제외 [대원전선]: 10건
2026-08-25 21:47:51,507 [INFO] __main__ — 봇 주가요약 제외 [한국화장품제조]: 2건
2026-08-25 21:47:51,995 [INFO] __main__ — 봇 주가요약 제외 [후성]: 4건
2026-08-25 21:47:52,902 [INFO] __main__ — 봇 주가요약 제외 [한온시스템]: 1건
2026-08-25 21:47:55,793 [INFO] __main__ — 봇 주가요약 제외 [남해화학]: 1건
2026-08-25 21:47:58,299 [INFO] __main__ — 봇 주가요약 제외 [키다리스튜디오]: 1건
2026-08-25 21:47:58,364 [INFO] __main__ — 봇 주가요약 제외 [우리기술]: 1건
2026-08-25 21:47:59,717 [INFO] __main__ — 봇 주가요약 제외 [마키나락스]: 2건
2026-08-25 21:48:01,138 [INFO] __main__ — 봇 주가요약 제외 [하나마이크론]: 2건
2026-08-25 21:48:02,381 [INFO] __main__ — 봇 주가요약 제외 [아이티센글로벌]: 2건
2026-08-25 21:48:03,634 [INFO] __main__ — 봇 주가요약 제외 [SFA반도체]: 1건
2026-08-25 21:48:05,931 [INFO] __main__ — 봇 주가요약 제외 [광전자]: 1건
2026-08-25 21:48:06,415 [INFO] __main__ — 봇 주가요약 제외 [디앤디파마텍]: 1건
2026-08-25 21:48:07,473 [INFO] __main__ — 봇 주가요약 제외 [두산퓨얼셀]: 3건
2026-08-25 21:48:08,280 [INFO] __main__ — 봇 주가요약 제외 [제주반도체]: 4건
2026-08-25 21:48:11,526 [INFO] __main__ — 봇 주가요약 제외 [미래에셋벤처투자]: 1건
2026-08-25 21:48:17,623 [INFO] __main__ — 봇 주가요약 제외 [보성파워텍]: 1건
2026-08-25 21:48:20,349 [INFO] __main__ — 봇 주가요약 제외 [현대무벡스]: 1건
2026-08-25 21:48:23,815 [INFO] __main__ — 봇 주가요약 제외 [이수페타시스]: 2건
2026-08-25 21:48:26,144 [INFO] __main__ — 봇 주가요약 제외 [신풍제약]: 1건
2026-08-25 21:48:27,501 [INFO] __main__ — 봇 주가요약 제외 [성호전자]: 4건
2026-08-25 21:48:28,910 [INFO] __main__ — 봇 주가요약 제외 [지엔씨에너지]: 3건
2026-08-25 21:48:30,038 [INFO] __main__ — 봇 주가요약 제외 [와이씨]: 1건
2026-08-25 21:48:31,847 [INFO] __main__ — 봇 주가요약 제외 [휴림로봇]: 3건
2026-08-25 21:48:32,268 [INFO] __main__ — 봇 주가요약 제외 [대덕전자]: 2건
2026-08-25 21:48:33,375 [INFO] __main__ — 봇 주가요약 제외 [LG씨엔에스]: 4건
2026-08-25 21:48:36,823 [INFO] __main__ — 뉴스 시점 제외 [ESR켄달스퀘어리츠]: 12건 (>14일/파싱실패)
2026-08-25 21:48:38,080 [INFO] __main__ — 봇 주가요약 제외 [LS ELECTRIC]: 1건
2026-08-25 21:48:39,143 [INFO] __main__ — 봇 주가요약 제외 [엘앤에프]: 1건
2026-08-25 21:48:40,241 [INFO] __main__ — 봇 주가요약 제외 [티엑스알로보틱스]: 1건
2026-08-25 21:48:41,448 [INFO] __main__ — 봇 주가요약 제외 [한미반도체]: 2건
2026-08-25 21:48:45,126 [INFO] __main__ — 봇 주가요약 제외 [한화엔진]: 1건
2026-08-25 21:48:45,169 [INFO] __main__ — 뉴스 시점 제외 [아리바이오홀딩스]: 6건 (>14일/파싱실패)
2026-08-25 21:48:46,570 [INFO] __main__ — 봇 주가요약 제외 [삼화콘덴서]: 2건
2026-08-25 21:48:58,611 [INFO] __main__ — 봇 주가요약 제외 [테크윙]: 5건
2026-08-25 21:48:59,741 [INFO] __main__ — 봇 주가요약 제외 [씨젠]: 2건
2026-08-25 21:49:02,609 [INFO] __main__ — 뉴스 시점 제외 [티엠씨]: 6건 (>14일/파싱실패)
2026-08-25 21:49:03,252 [INFO] __main__ — 봇 주가요약 제외 [동진쎄미켐]: 1건
2026-08-25 21:49:05,458 [INFO] __main__ — 봇 주가요약 제외 [에스피지]: 1건
2026-08-25 21:49:07,922 [INFO] __main__ — 봇 주가요약 제외 [비에이치아이]: 2건
2026-08-25 21:49:09,501 [INFO] __main__ — 뉴스 시점 제외 [유니셈]: 8건 (>14일/파싱실패)
2026-08-25 21:49:16,925 [INFO] __main__ — 봇 주가요약 제외 [코리아써키트]: 2건
2026-08-25 21:49:18,016 [INFO] __main__ — 봇 주가요약 제외 [뉴로메카]: 1건
2026-08-25 21:49:22,150 [INFO] __main__ — 봇 주가요약 제외 [클로봇]: 1건
2026-08-25 21:49:23,593 [INFO] __main__ — 봇 주가요약 제외 [포스코엠텍]: 1건
2026-08-25 21:49:24,940 [INFO] __main__ — 봇 주가요약 제외 [두산로보틱스]: 2건
2026-08-25 21:49:27,487 [INFO] __main__ — 봇 주가요약 제외 [엑시콘]: 2건
2026-08-25 21:49:33,284 [INFO] __main__ — 봇 주가요약 제외 [일진전기]: 1건
2026-08-25 21:49:36,277 [INFO] __main__ — 봇 주가요약 제외 [OCI홀딩스]: 2건
2026-08-25 21:49:39,380 [INFO] __main__ — 뉴스 시점 제외 [한선엔지니어링]: 8건 (>14일/파싱실패)
2026-08-25 21:49:41,723 [INFO] __main__ — 봇 주가요약 제외 [POSCO홀딩스]: 1건
2026-08-25 21:49:42,818 [INFO] __main__ — 뉴스 시점 제외 [엘티씨]: 7건 (>14일/파싱실패)
2026-08-25 21:49:46,376 [INFO] __main__ — 봇 주가요약 제외 [로보티즈]: 2건
2026-08-25 21:49:51,903 [INFO] __main__ — 뉴스 시점 제외 [심텍홀딩스]: 7건 (>14일/파싱실패)
2026-08-25 21:49:53,790 [INFO] __main__ — 봇 주가요약 제외 [한전산업]: 1건
2026-08-25 21:49:55,976 [INFO] __main__ — 뉴스 시점 제외 [YG PLUS]: 8건 (>14일/파싱실패)
2026-08-25 21:49:57,633 [INFO] __main__ — 뉴스 시점 제외 [KB스타리츠]: 12건 (>14일/파싱실패)
2026-08-25 21:49:58,461 [INFO] __main__ — 봇 주가요약 제외 [한국카본]: 1건
2026-08-25 21:49:59,960 [INFO] __main__ — 뉴스 시점 제외 [휴스틸]: 6건 (>14일/파싱실패)
2026-08-25 21:50:05,342 [INFO] __main__ — 봇 주가요약 제외 [오름테라퓨틱]: 1건
2026-08-25 21:50:05,388 [INFO] __main__ — 봇 주가요약 제외 [바이넥스]: 1건
2026-08-25 21:50:06,761 [INFO] __main__ — 뉴스 시점 제외 [네패스아크]: 3건 (>14일/파싱실패)
2026-08-25 21:50:08,351 [INFO] __main__ — 봇 주가요약 제외 [유진로봇]: 1건
2026-08-25 21:50:11,925 [INFO] __main__ — 봇 주가요약 제외 [산일전기]: 2건
2026-08-25 21:50:20,057 [INFO] __main__ — 뉴스 시점 제외 [넥스틸]: 5건 (>14일/파싱실패)
2026-08-25 21:50:22,537 [INFO] __main__ — 뉴스 시점 제외 [미래에셋증권2우B]: 14건 (>14일/파싱실패)
2026-08-25 21:50:23,664 [INFO] __main__ — 봇 주가요약 제외 [에프에스티]: 1건
2026-08-25 21:50:25,492 [INFO] __main__ — 뉴스 시점 제외 [이지홀딩스]: 8건 (>14일/파싱실패)
2026-08-25 21:50:26,740 [INFO] __main__ — 봇 주가요약 제외 [피에스케이홀딩스]: 1건
2026-08-25 21:50:29,446 [INFO] __main__ — 봇 주가요약 제외 [티에스이]: 1건
2026-08-25 21:50:31,584 [INFO] __main__ — 뉴스 시점 제외 [대원강업]: 6건 (>14일/파싱실패)
2026-08-25 21:50:32,738 [INFO] __main__ — 뉴스 시점 제외 [오리엔탈정공]: 12건 (>14일/파싱실패)
2026-08-25 21:50:34,137 [INFO] __main__ — 봇 주가요약 제외 [강원에너지]: 1건
2026-08-25 21:50:36,807 [INFO] __main__ — 뉴스 시점 제외 [아이마켓코리아]: 13건 (>14일/파싱실패)
2026-08-25 21:50:38,009 [INFO] __main__ — 봇 주가요약 제외 [하이젠알앤엠]: 1건
2026-08-25 21:50:40,323 [INFO] __main__ — 봇 주가요약 제외 [로킷헬스케어]: 1건
2026-08-25 21:50:41,450 [INFO] __main__ — 뉴스 시점 제외 [맵스리얼티]: 15건 (>14일/파싱실패)
2026-08-25 21:50:46,510 [INFO] __main__ — 뉴스 시점 제외 [KH바텍]: 5건 (>14일/파싱실패)
2026-08-25 21:50:47,611 [INFO] __main__ — 뉴스 시점 제외 [STX엔진]: 1건 (>14일/파싱실패)
2026-08-25 21:50:49,139 [INFO] __main__ — 뉴스 시점 제외 [아세아제지]: 5건 (>14일/파싱실패)
2026-08-25 21:50:53,739 [INFO] __main__ — 봇 주가요약 제외 [달바글로벌]: 3건
2026-08-25 21:50:54,974 [INFO] __main__ — 뉴스 시점 제외 [SIMPAC]: 10건 (>14일/파싱실패)
2026-08-25 21:50:54,974 [INFO] __main__ — 봇 주가요약 제외 [SIMPAC]: 1건
2026-08-25 21:50:56,381 [INFO] __main__ — 봇 주가요약 제외 [삼현]: 1건
2026-08-25 21:50:56,399 [INFO] __main__ — 봇 주가요약 제외 [AJ네트웍스]: 1건
2026-08-25 21:50:57,454 [INFO] __main__ — 뉴스 시점 제외 [KB발해인프라]: 15건 (>14일/파싱실패)
2026-08-25 21:50:58,561 [INFO] __main__ — 뉴스 시점 제외 [신한알파리츠]: 13건 (>14일/파싱실패)
2026-08-25 21:50:59,078 [INFO] __main__ — 뉴스 시점 제외 [롯데리츠]: 1건 (>14일/파싱실패)
2026-08-25 21:51:03,121 [INFO] __main__ — 봇 주가요약 제외 [에스비비테크]: 1건
2026-08-25 21:51:03,298 [INFO] __main__ — 뉴스 시점 제외 [송원산업]: 8건 (>14일/파싱실패)
2026-08-25 21:51:07,609 [INFO] __main__ — 봇 주가요약 제외 [대주전자재료]: 1건
2026-08-25 21:51:10,967 [INFO] __main__ — 뉴스 시점 제외 [한양디지텍]: 6건 (>14일/파싱실패)
2026-08-25 21:51:11,068 [INFO] __main__ — 부정 키워드 감지: 28개 종목 (neg_ratio > 0)
2026-08-25 21:51:11,070 [INFO] __main__ — 수급일수충족·합계음수 제외: 105개
2026-08-25 21:51:14,847 [INFO] __main__ — 뉴스 시점 제외 [두산우]: 15건 (>14일/파싱실패)
2026-08-25 21:51:15,613 [INFO] __main__ — 뉴스 시점 제외 [코스모신소재]: 4건 (>14일/파싱실패)
2026-08-25 21:51:15,613 [INFO] __main__ — 봇 주가요약 제외 [코스모신소재]: 1건
2026-08-25 21:51:16,229 [INFO] __main__ — 뉴스 시점 제외 [LG전자우]: 13건 (>14일/파싱실패)
2026-08-25 21:51:18,490 [INFO] __main__ — 뉴스 시점 제외 [GS피앤엘]: 11건 (>14일/파싱실패)
2026-08-25 21:51:19,245 [INFO] __main__ — 봇 주가요약 제외 [OCI]: 1건
2026-08-25 21:51:19,615 [INFO] __main__ — 뉴스 시점 제외 [한국쉘석유]: 11건 (>14일/파싱실패)
2026-08-25 21:51:21,082 [INFO] __main__ — 뉴스 시점 제외 [한일홀딩스]: 12건 (>14일/파싱실패)
2026-08-25 21:51:21,698 [INFO] __main__ — 뉴스 시점 제외 [CJ4우(전환)]: 15건 (>14일/파싱실패)
2026-08-25 21:51:22,303 [INFO] __main__ — 뉴스 시점 제외 [아모레퍼시픽우]: 15건 (>14일/파싱실패)
2026-08-25 21:51:23,067 [INFO] __main__ — 뉴스 시점 제외 [조광피혁]: 11건 (>14일/파싱실패)
2026-08-25 21:51:23,671 [INFO] __main__ — 뉴스 시점 제외 [KPX홀딩스]: 10건 (>14일/파싱실패)
2026-08-25 21:51:23,991 [INFO] __main__ — 뉴스 시점 제외 [코람코라이프인프라리츠]: 9건 (>14일/파싱실패)
2026-08-25 21:51:24,431 [INFO] __main__ — 뉴스 시점 제외 [신대양제지]: 13건 (>14일/파싱실패)
2026-08-25 21:51:25,210 [INFO] __main__ — 뉴스 시점 제외 [코스모화학]: 7건 (>14일/파싱실패)
2026-08-25 21:51:25,345 [INFO] __main__ — 뉴스 시점 제외 [일진하이솔루스]: 10건 (>14일/파싱실패)
2026-08-25 21:51:26,412 [INFO] __main__ — 뉴스 시점 제외 [삼성물산우B]: 14건 (>14일/파싱실패)
2026-08-25 21:51:27,632 [INFO] __main__ — 뉴스 시점 제외 [두산2우B]: 15건 (>14일/파싱실패)
2026-08-25 21:51:28,988 [INFO] __main__ — 뉴스 시점 제외 [이지스밸류플러스리츠]: 14건 (>14일/파싱실패)
2026-08-25 21:51:30,596 [INFO] __main__ — 뉴스 시점 제외 [미원화학]: 13건 (>14일/파싱실패)
2026-08-25 21:51:30,947 [INFO] __main__ — 뉴스 시점 제외 [노루홀딩스]: 12건 (>14일/파싱실패)
2026-08-25 21:51:31,210 [INFO] __main__ — 뉴스 시점 제외 [LG우]: 15건 (>14일/파싱실패)
2026-08-25 21:51:31,989 [INFO] __main__ — 뉴스 시점 제외 [SK우]: 13건 (>14일/파싱실패)
2026-08-25 21:51:33,223 [INFO] __main__ — 봇 주가요약 제외 [로보스타]: 1건
2026-08-25 21:51:33,522 [INFO] __main__ — 뉴스 시점 제외 [제룡전기]: 2건 (>14일/파싱실패)
2026-08-25 21:51:33,522 [INFO] __main__ — 봇 주가요약 제외 [제룡전기]: 3건
2026-08-25 21:51:38,398 [INFO] __main__ — 뉴스 시점 제외 [티로보틱스]: 1건 (>14일/파싱실패)
2026-08-25 21:51:38,398 [INFO] __main__ — 봇 주가요약 제외 [티로보틱스]: 1건
2026-08-25 21:51:40,073 [INFO] __main__ — 뉴스 시점 제외 [피에이치에이]: 9건 (>14일/파싱실패)
2026-08-25 21:51:40,542 [INFO] __main__ — 뉴스 시점 제외 [필에너지]: 9건 (>14일/파싱실패)
2026-08-25 21:51:41,003 [INFO] __main__ — 뉴스 시점 제외 [서호전기]: 11건 (>14일/파싱실패)
2026-08-25 21:51:41,171 [INFO] __main__ — 뉴스 시점 제외 [대원산업]: 13건 (>14일/파싱실패)
2026-08-25 21:51:41,762 [INFO] __main__ — 뉴스 시점 제외 [미래나노텍]: 11건 (>14일/파싱실패)
2026-08-25 21:51:41,785 [INFO] __main__ — 뉴스 시점 제외 [금화피에스시]: 4건 (>14일/파싱실패)
2026-08-25 21:51:42,021 [INFO] __main__ — 뉴스 시점 제외 [아스테라시스]: 5건 (>14일/파싱실패)
2026-08-25 21:51:42,122 [INFO] __main__ — POOL_A 후보 부정뉴스 2차 조회: 140개
2026-08-25 21:51:42,124 [INFO] __main__ — POOL_A: 369개 (A:340 B:8 동시:21) | 부정게이트 제외:5
  대형:42 중형:172 소형:155
2026-08-25 21:51:42,128 [INFO] __main__ — 대조군 표본(무신호): 40개 / 모집단 529개 → pool_history
2026-08-25 21:51:42,130 [INFO] __main__ —   → POOL_A: 369개
2026-08-25 21:51:42,130 [INFO] __main__ — ▶ Step 2: 하드 필터링
2026-08-25 21:51:42,130 [INFO] __main__ — 하드 필터 제거: 363개 | 과열배제 45 | 이격도상한 27 | 이격도하한 8 | MA추세 230 | RSI과열 4 | 거래대금 49
2026-08-25 21:51:42,132 [INFO] __main__ — 과열 gated 기록: 45개 → gated_tickers
2026-08-25 21:51:42,134 [INFO] __main__ — 대조군 표본(필터탈락): 159개 / 모집단 363개 → pool_history
2026-08-25 21:51:42,134 [INFO] __main__ — POOL_B: 6개 | 대형:0 중형:4 소형:2
2026-08-25 21:51:42,135 [INFO] __main__ —   → POOL_B: 6개
2026-08-25 21:51:42,135 [INFO] __main__ — ▶ Step 3: 스코어링 (FinBERT 감성 분석)
2026-08-25 21:51:42,135 [INFO] __main__ — NaverClient: 3개 키 로드 (DataLab·검색 독립 회전)
2026-08-25 21:51:42,135 [INFO] __main__ — 텍스트 신규 수집: 6종목 (캐시 적중 0종목)
2026-08-25 21:51:47,182 [INFO] __main__ — 봇 주가요약 제외 [제주반도체]: 8건
2026-08-25 21:51:47,335 [INFO] __main__ — 뉴스 시점 제외 [티엑스알로보틱스]: 8건 (>14일/파싱실패)
2026-08-25 21:51:47,335 [INFO] __main__ — 봇 주가요약 제외 [티엑스알로보틱스]: 1건
2026-08-25 21:51:50,995 [INFO] __main__ — 기사 보존(수집): 58건 (6종목) → news_articles
2026-08-25 21:51:50,997 [INFO] __main__ — 공시 보존(수집): 24건 (6종목) → dart_filings
2026-08-25 21:51:50,997 [INFO] __main__ — 수집 완료: 뉴스 58건 | 공시 24건
2026-08-25 21:51:50,997 [INFO] __main__ — FinBERT 감성 분석 (finbert 모드)...
2026-08-25 21:51:50,998 [INFO] __main__ — FinBERT 로딩: snunlp/KR-FinBert-SC (CPU, batch=8)
2026-08-25 21:51:51,161 [INFO] httpx — HTTP Request: GET https://huggingface.co/api/agent-harnesses "HTTP/1.1 200 OK"
2026-08-25 21:51:51,224 [INFO] httpx — HTTP Request: HEAD https://huggingface.co/snunlp/KR-FinBert-SC/resolve/main/config.json "HTTP/1.1 307 Temporary Redirect"
2026-08-25 21:51:51,224 [WARNING] huggingface_hub.utils._http — Warning: You are sending unauthenticated requests to the HF Hub. Please set a HF_TOKEN to enable higher rate limits and faster downloads.
2026-08-25 21:51:51,282 [INFO] httpx — HTTP Request: HEAD https://huggingface.co/api/resolve-cache/models/snunlp/KR-FinBert-SC/f8586286cc3161fb648e9fee09a456069fd846d0/config.json "HTTP/1.1 200 OK"
2026-08-25 21:51:51,391 [INFO] httpx — HTTP Request: HEAD https://huggingface.co/snunlp/KR-FinBert-SC/resolve/main/model.safetensors "HTTP/1.1 404 Not Found"
2026-08-25 21:51:51,456 [INFO] httpx — HTTP Request: GET https://huggingface.co/api/models/snunlp/KR-FinBert-SC "HTTP/1.1 200 OK"
2026-08-25 21:51:51,606 [INFO] httpx — HTTP Request: GET https://huggingface.co/api/models/snunlp/KR-FinBert-SC/commits/main "HTTP/1.1 200 OK"
2026-08-25 21:51:51,645 [INFO] httpx — HTTP Request: GET https://huggingface.co/api/models/snunlp/KR-FinBert-SC/tree/main/additional_chat_templates?recursive=false&expand=false "HTTP/1.1 404 Not Found"
2026-08-25 21:51:51,678 [INFO] httpx — HTTP Request: GET https://huggingface.co/api/models/snunlp/KR-FinBert-SC/discussions?p=0 "HTTP/1.1 200 OK"
2026-08-25 21:51:51,711 [INFO] httpx — HTTP Request: GET https://huggingface.co/api/models/snunlp/KR-FinBert-SC/tree/main?recursive=true&expand=false "HTTP/1.1 200 OK"
2026-08-25 21:51:51,794 [INFO] httpx — HTTP Request: HEAD https://huggingface.co/snunlp/KR-FinBert-SC/resolve/main/processor_config.json "HTTP/1.1 404 Not Found"
2026-08-25 21:51:51,823 [INFO] httpx — HTTP Request: GET https://huggingface.co/api/models/snunlp/KR-FinBert-SC/commits/refs%2Fpr%2F3 "HTTP/1.1 200 OK"
2026-08-25 21:51:51,862 [INFO] httpx — HTTP Request: HEAD https://huggingface.co/snunlp/KR-FinBert-SC/resolve/main/video_preprocessor_config.json "HTTP/1.1 404 Not Found"
2026-08-25 21:51:51,886 [INFO] httpx — HTTP Request: HEAD https://huggingface.co/snunlp/KR-FinBert-SC/resolve/refs%2Fpr%2F3/model.safetensors.index.json "HTTP/1.1 404 Not Found"
2026-08-25 21:51:51,928 [INFO] httpx — HTTP Request: HEAD https://huggingface.co/snunlp/KR-FinBert-SC/resolve/main/preprocessor_config.json "HTTP/1.1 404 Not Found"
2026-08-25 21:51:51,930 [INFO] __main__ — FinBERT 로드 완료 (CPU)
2026-08-25 21:51:51,951 [INFO] httpx — HTTP Request: HEAD https://huggingface.co/snunlp/KR-FinBert-SC/resolve/refs%2Fpr%2F3/model.safetensors "HTTP/1.1 302 Found"
2026-08-25 21:52:00,130 [INFO] __main__ — Phase A.1: 매핑 신뢰도 < 0.5 → 감성 점수 폐기 4건
2026-08-25 21:52:00,130 [INFO] __main__ — [shadow] 필드별 검사 기준 폐기 0/6종목 (집행 4건 — 변동 없음)
2026-08-25 21:52:00,130 [INFO] __main__ — 스코어링: 6개 | 집중:0 | FinBERT:finbert
2026-08-25 21:52:00,147 [INFO] __main__ —   → 6개
2026-08-25 21:52:00,147 [INFO] __main__ — ▶ Step 4: 발송
2026-08-25 21:52:03,468 [INFO] __main__ — DB 기록: 4개 / 전체 to_send 4개
2026-08-25 21:52:03,468 [INFO] __main__ — 발송: 4종목 | 누적 4~10회 0 | 신규 0
2026-08-25 21:52:03,469 [INFO] __main__ — 완료  |  소요: 693.4초
2026-08-25 21:52:04,501 [INFO] track_outcomes — pool_history 대조군 3337건 추적 대상 포함
2026-08-25 21:52:04,539 [INFO] track_outcomes — 고아 행 125건 복원 (targets에서 탈락한 미완 키)
2026-08-25 21:52:04,539 [INFO] track_outcomes — 대상 10927건 | 갱신 필요 7133건 | 완료 스킵 3919건
2026-08-25 21:52:04,541 [INFO] track_outcomes —   가격 조회 고유 종목 1679개 (기존 951 + 대조군 추가 728)
2026-08-25 22:20:22,389 [INFO] track_outcomes — outcomes 적재: 신규 250건 | 갱신(신규+보완) 250건
2026-08-26 10:09:47,216 [INFO] __main__ — DB 마이그레이션: prev_change_pct 컬럼 추가 완료
2026-08-26 10:09:47,218 [INFO] __main__ — DB 마이그레이션: prev_spike_flag 컬럼 추가 완료
2026-08-26 10:09:47,229 [INFO] __main__ — config 검증 완료 ✓
2026-08-26 10:09:47,229 [INFO] __main__ — KIS 조회 도메인: 실전 (https://openapi.koreainvestment.com:9443)
2026-08-26 10:09:47,229 [INFO] __main__ — ============================================================
2026-08-26 10:09:47,229 [INFO] __main__ — AlphaRadar v3.3.1  |  기준일: 20260826
2026-08-26 10:09:47,229 [INFO] __main__ — S = T×0.3 + S_text×0.4 + D×0.3
2026-08-26 10:09:47,229 [INFO] __main__ — ============================================================
2026-08-26 10:09:47,230 [INFO] __main__ — ▶ Step 0: 유니버스 필터링
2026-08-26 10:09:47,374 [INFO] __main__ — FDR 데이터 수집: 20260220 ~ 20260826
2026-08-26 10:09:48,884 [INFO] __main__ — master universe 메타: 캐시 사용 2760개 (year=2026)
2026-08-26 10:09:48,886 [INFO] __main__ — master 보강: 등급 836개 | FnGuide/KSIC 2553개 | 섹터(fg_industry) 2553개
2026-08-26 10:09:48,887 [INFO] __main__ — KOSPI: 944개 | 섹터정보 832개 (DART +829개 보완)
2026-08-26 10:09:48,887 [INFO] __main__ — KOSDAQ: 1823개 | 섹터정보 1750개
2026-08-26 10:09:48,887 [INFO] __main__ — 전체: 2767개
2026-08-26 10:09:50,798 [INFO] __main__ — KIS 토큰 발급 완료
2026-08-26 10:16:46,173 [INFO] __main__ — DART corp_code 매핑: 876/899개 (97%)
2026-08-26 10:16:46,173 [INFO] __main__ — 유효 유니버스: 899개
2026-08-26 10:16:46,180 [INFO] __main__ —   → 899개
2026-08-26 10:16:46,180 [INFO] __main__ — ▶ Step 1: 신호 탐지
2026-08-26 10:16:46,180 [INFO] __main__ — NaverClient: 3개 키 로드 (DataLab·검색 독립 회전)
2026-08-26 10:16:46,180 [INFO] __main__ — 관심 지수 및 부정 뉴스 비율 조회 중...
2026-08-26 10:16:47,846 [INFO] __main__ — 봇 주가요약 제외 [우리기술투자]: 1건
2026-08-26 10:16:49,261 [INFO] __main__ — 봇 주가요약 제외 [금호건설]: 2건
2026-08-26 10:16:50,662 [INFO] __main__ — 봇 주가요약 제외 [신라젠]: 2건
2026-08-26 10:16:51,928 [INFO] __main__ — 봇 주가요약 제외 [빛과전자]: 3건
2026-08-26 10:16:51,935 [INFO] __main__ — 봇 주가요약 제외 [대한광통신]: 2건
2026-08-26 10:16:53,168 [INFO] __main__ — 봇 주가요약 제외 [갤럭시아머니트리]: 1건
2026-08-26 10:16:53,459 [INFO] __main__ — 봇 주가요약 제외 [PS일렉트로닉스]: 4건
2026-08-26 10:16:56,633 [INFO] __main__ — 봇 주가요약 제외 [코오롱티슈진]: 4건
2026-08-26 10:16:57,398 [INFO] __main__ — 봇 주가요약 제외 [파미셀]: 1건
2026-08-26 10:16:57,899 [INFO] __main__ — 봇 주가요약 제외 [HPSP]: 1건
2026-08-26 10:16:58,654 [INFO] __main__ — 봇 주가요약 제외 [금호타이어]: 1건
2026-08-26 10:16:59,145 [INFO] __main__ — 봇 주가요약 제외 [SK이터닉스]: 6건
2026-08-26 10:17:00,668 [INFO] __main__ — 봇 주가요약 제외 [대원전선]: 10건
2026-08-26 10:17:02,101 [INFO] __main__ — 봇 주가요약 제외 [후성]: 5건
2026-08-26 10:17:04,187 [INFO] __main__ — 봇 주가요약 제외 [우리기술]: 3건
2026-08-26 10:17:07,409 [INFO] __main__ — 봇 주가요약 제외 [아이티센글로벌]: 2건
2026-08-26 10:17:10,522 [INFO] __main__ — 봇 주가요약 제외 [삼성E&A]: 1건
2026-08-26 10:17:11,942 [INFO] __main__ — 봇 주가요약 제외 [보성파워텍]: 1건
2026-08-26 10:17:13,353 [INFO] __main__ — 봇 주가요약 제외 [광전자]: 2건
2026-08-26 10:17:13,361 [INFO] __main__ — 봇 주가요약 제외 [한미사이언스]: 1건
2026-08-26 10:17:13,364 [INFO] __main__ — 봇 주가요약 제외 [SFA반도체]: 1건
2026-08-26 10:17:14,491 [INFO] __main__ — 봇 주가요약 제외 [하나마이크론]: 3건
2026-08-26 10:17:15,938 [INFO] __main__ — 봇 주가요약 제외 [디앤디파마텍]: 1건
2026-08-26 10:17:17,376 [INFO] __main__ — 봇 주가요약 제외 [페니트리움바이오]: 1건
2026-08-26 10:17:18,955 [INFO] __main__ — 봇 주가요약 제외 [두산퓨얼셀]: 5건
2026-08-26 10:17:21,612 [INFO] __main__ — 봇 주가요약 제외 [대한전선]: 2건
2026-08-26 10:17:22,841 [INFO] __main__ — 봇 주가요약 제외 [제주반도체]: 4건
2026-08-26 10:17:23,945 [INFO] __main__ — 봇 주가요약 제외 [와이씨]: 1건
2026-08-26 10:17:24,159 [INFO] __main__ — 봇 주가요약 제외 [신풍제약]: 2건
2026-08-26 10:17:26,529 [INFO] __main__ — 봇 주가요약 제외 [현대무벡스]: 2건
2026-08-26 10:17:26,687 [INFO] __main__ — 봇 주가요약 제외 [티엘비]: 1건
2026-08-26 10:17:34,870 [INFO] __main__ — 뉴스 시점 제외 [ESR켄달스퀘어리츠]: 8건 (>14일/파싱실패)
2026-08-26 10:17:37,320 [INFO] __main__ — 봇 주가요약 제외 [성호전자]: 6건
2026-08-26 10:17:38,437 [INFO] __main__ — 봇 주가요약 제외 [휴림로봇]: 4건
2026-08-26 10:17:38,462 [INFO] __main__ — 봇 주가요약 제외 [티엑스알로보틱스]: 1건
2026-08-26 10:17:39,572 [INFO] __main__ — 봇 주가요약 제외 [삼화콘덴서]: 3건
2026-08-26 10:17:39,743 [INFO] __main__ — 봇 주가요약 제외 [LS ELECTRIC]: 1건
2026-08-26 10:17:42,374 [INFO] __main__ — 봇 주가요약 제외 [남해화학]: 1건
2026-08-26 10:17:42,988 [INFO] __main__ — 봇 주가요약 제외 [엘앤에프]: 1건
2026-08-26 10:17:48,152 [INFO] __main__ — 봇 주가요약 제외 [LG씨엔에스]: 3건
2026-08-26 10:17:48,158 [INFO] __main__ — 봇 주가요약 제외 [지엔씨에너지]: 1건
2026-08-26 10:17:49,443 [INFO] __main__ — 봇 주가요약 제외 [스피어]: 1건
2026-08-26 10:17:53,263 [INFO] __main__ — 봇 주가요약 제외 [한미반도체]: 2건
2026-08-26 10:17:54,342 [INFO] __main__ — 봇 주가요약 제외 [한화엔진]: 2건
2026-08-26 10:17:56,703 [INFO] __main__ — 봇 주가요약 제외 [씨젠]: 1건
2026-08-26 10:17:57,944 [INFO] __main__ — 봇 주가요약 제외 [비에이치아이]: 2건
2026-08-26 10:18:00,456 [INFO] __main__ — 뉴스 시점 제외 [티엠씨]: 6건 (>14일/파싱실패)
2026-08-26 10:18:01,704 [INFO] __main__ — 봇 주가요약 제외 [테크윙]: 5건
2026-08-26 10:18:02,841 [INFO] __main__ — 봇 주가요약 제외 [포스코엠텍]: 1건
2026-08-26 10:18:05,169 [INFO] __main__ — 봇 주가요약 제외 [동진쎄미켐]: 2건
2026-08-26 10:18:20,728 [INFO] __main__ — 봇 주가요약 제외 [에스피지]: 2건
2026-08-26 10:18:24,104 [INFO] __main__ — 봇 주가요약 제외 [코리아써키트]: 3건
2026-08-26 10:18:29,003 [INFO] __main__ — 봇 주가요약 제외 [클로봇]: 1건
2026-08-26 10:18:33,881 [INFO] __main__ — 봇 주가요약 제외 [두산로보틱스]: 2건
2026-08-26 10:18:35,326 [INFO] __main__ — 봇 주가요약 제외 [일진전기]: 1건
2026-08-26 10:18:45,111 [INFO] __main__ — 뉴스 시점 제외 [유니셈]: 8건 (>14일/파싱실패)
2026-08-26 10:18:46,493 [INFO] __main__ — 봇 주가요약 제외 [피에스케이]: 1건
2026-08-26 10:18:46,671 [INFO] __main__ — 뉴스 시점 제외 [엘티씨]: 7건 (>14일/파싱실패)
2026-08-26 10:18:47,619 [INFO] __main__ — 봇 주가요약 제외 [POSCO홀딩스]: 1건
2026-08-26 10:18:49,401 [INFO] __main__ — 뉴스 시점 제외 [한선엔지니어링]: 8건 (>14일/파싱실패)
2026-08-26 10:18:52,640 [INFO] __main__ — 봇 주가요약 제외 [SNT에너지]: 2건
2026-08-26 10:18:53,266 [INFO] __main__ — 봇 주가요약 제외 [OCI홀딩스]: 3건
2026-08-26 10:19:02,019 [INFO] __main__ — 뉴스 시점 제외 [심텍홀딩스]: 7건 (>14일/파싱실패)
2026-08-26 10:19:03,167 [INFO] __main__ — 봇 주가요약 제외 [바이넥스]: 1건
2026-08-26 10:19:04,285 [INFO] __main__ — 뉴스 시점 제외 [넥스틸]: 6건 (>14일/파싱실패)
2026-08-26 10:19:04,295 [INFO] __main__ — 뉴스 시점 제외 [네패스아크]: 5건 (>14일/파싱실패)
2026-08-26 10:19:06,741 [INFO] __main__ — 뉴스 시점 제외 [YG PLUS]: 5건 (>14일/파싱실패)
2026-08-26 10:19:07,493 [INFO] __main__ — 봇 주가요약 제외 [원익QnC]: 1건
2026-08-26 10:19:09,274 [INFO] __main__ — 봇 주가요약 제외 [한전KPS]: 1건
2026-08-26 10:19:10,061 [INFO] __main__ — 뉴스 시점 제외 [휴스틸]: 6건 (>14일/파싱실패)
2026-08-26 10:19:12,998 [INFO] __main__ — 봇 주가요약 제외 [산일전기]: 3건
2026-08-26 10:19:14,675 [INFO] __main__ — 봇 주가요약 제외 [에프에스티]: 1건
2026-08-26 10:19:17,105 [INFO] __main__ — 봇 주가요약 제외 [유진로봇]: 1건
2026-08-26 10:19:23,810 [INFO] __main__ — 뉴스 시점 제외 [KB스타리츠]: 8건 (>14일/파싱실패)
2026-08-26 10:19:23,819 [INFO] __main__ — 봇 주가요약 제외 [ISC]: 1건
2026-08-26 10:19:26,260 [INFO] __main__ — 뉴스 시점 제외 [대원강업]: 7건 (>14일/파싱실패)
2026-08-26 10:19:28,132 [INFO] __main__ — 봇 주가요약 제외 [로보티즈]: 3건
2026-08-26 10:19:28,807 [INFO] __main__ — 봇 주가요약 제외 [강원에너지]: 1건
2026-08-26 10:19:31,965 [INFO] __main__ — 뉴스 시점 제외 [아이마켓코리아]: 12건 (>14일/파싱실패)
2026-08-26 10:19:32,473 [INFO] __main__ — 뉴스 시점 제외 [이지홀딩스]: 9건 (>14일/파싱실패)
2026-08-26 10:19:35,117 [INFO] __main__ — 뉴스 시점 제외 [미래에셋증권2우B]: 13건 (>14일/파싱실패)
2026-08-26 10:19:37,585 [INFO] __main__ — 봇 주가요약 제외 [에스앤에스텍]: 1건
2026-08-26 10:19:42,279 [INFO] __main__ — 뉴스 시점 제외 [신한알파리츠]: 9건 (>14일/파싱실패)
2026-08-26 10:19:42,346 [INFO] __main__ — 뉴스 시점 제외 [KB발해인프라]: 15건 (>14일/파싱실패)
2026-08-26 10:19:46,158 [INFO] __main__ — 봇 주가요약 제외 [피에스케이홀딩스]: 2건
2026-08-26 10:19:49,163 [INFO] __main__ — 뉴스 시점 제외 [아세아제지]: 5건 (>14일/파싱실패)
2026-08-26 10:19:52,661 [INFO] __main__ — 뉴스 시점 제외 [맵스리얼티]: 15건 (>14일/파싱실패)
2026-08-26 10:19:54,531 [INFO] __main__ — 봇 주가요약 제외 [달바글로벌]: 4건
2026-08-26 10:19:55,837 [INFO] __main__ — 뉴스 시점 제외 [STX엔진]: 1건 (>14일/파싱실패)
2026-08-26 10:19:58,380 [INFO] __main__ — 봇 주가요약 제외 [현대오토에버]: 1건
2026-08-26 10:19:59,381 [INFO] __main__ — 뉴스 시점 제외 [오리엔탈정공]: 11건 (>14일/파싱실패)
2026-08-26 10:19:59,633 [INFO] __main__ — 봇 주가요약 제외 [삼천당제약]: 1건
2026-08-26 10:20:00,753 [INFO] __main__ — 뉴스 시점 제외 [현대차2우B]: 10건 (>14일/파싱실패)
2026-08-26 10:20:02,878 [INFO] __main__ — 봇 주가요약 제외 [SKC]: 1건
2026-08-26 10:20:05,375 [INFO] __main__ — 봇 주가요약 제외 [삼현]: 1건
2026-08-26 10:20:07,991 [INFO] __main__ — 뉴스 시점 제외 [KH바텍]: 5건 (>14일/파싱실패)
2026-08-26 10:20:09,094 [INFO] __main__ — 봇 주가요약 제외 [로킷헬스케어]: 1건
2026-08-26 10:20:09,251 [INFO] __main__ — 뉴스 시점 제외 [SIMPAC]: 11건 (>14일/파싱실패)
2026-08-26 10:20:10,669 [INFO] __main__ — 봇 주가요약 제외 [대주전자재료]: 1건
2026-08-26 10:20:11,448 [INFO] __main__ — 봇 주가요약 제외 [AJ네트웍스]: 1건
2026-08-26 10:20:11,607 [INFO] __main__ — 봇 주가요약 제외 [하이젠알앤엠]: 1건
2026-08-26 10:20:13,021 [INFO] __main__ — 뉴스 시점 제외 [이지스밸류플러스리츠]: 12건 (>14일/파싱실패)
2026-08-26 10:20:13,831 [INFO] __main__ — 봇 주가요약 제외 [에스비비테크]: 1건
2026-08-26 10:20:14,440 [INFO] __main__ — 봇 주가요약 제외 [가온전선]: 1건
2026-08-26 10:20:14,954 [INFO] __main__ — 뉴스 시점 제외 [신한서부티엔디리츠]: 9건 (>14일/파싱실패)
2026-08-26 10:20:15,818 [INFO] __main__ — 부정 키워드 감지: 27개 종목 (neg_ratio > 0)
2026-08-26 10:20:15,819 [INFO] __main__ — 수급일수충족·합계음수 제외: 108개
2026-08-26 10:20:20,062 [INFO] __main__ — 뉴스 시점 제외 [두산우]: 15건 (>14일/파싱실패)
2026-08-26 10:20:20,690 [INFO] __main__ — 뉴스 시점 제외 [삼성전기우]: 5건 (>14일/파싱실패)
2026-08-26 10:20:20,690 [INFO] __main__ — 봇 주가요약 제외 [삼성전기우]: 1건
2026-08-26 10:20:21,278 [INFO] __main__ — 뉴스 시점 제외 [코스모신소재]: 4건 (>14일/파싱실패)
2026-08-26 10:20:21,278 [INFO] __main__ — 봇 주가요약 제외 [코스모신소재]: 1건
2026-08-26 10:20:22,123 [INFO] __main__ — 뉴스 시점 제외 [LG전자우]: 15건 (>14일/파싱실패)
2026-08-26 10:20:23,449 [INFO] __main__ — 뉴스 시점 제외 [GS피앤엘]: 11건 (>14일/파싱실패)
2026-08-26 10:20:24,223 [INFO] __main__ — 봇 주가요약 제외 [OCI]: 2건
2026-08-26 10:20:24,838 [INFO] __main__ — 뉴스 시점 제외 [한국쉘석유]: 12건 (>14일/파싱실패)
2026-08-26 10:20:25,714 [INFO] __main__ — 뉴스 시점 제외 [한일홀딩스]: 11건 (>14일/파싱실패)
2026-08-26 10:20:26,424 [INFO] __main__ — 뉴스 시점 제외 [한화3우B]: 9건 (>14일/파싱실패)
2026-08-26 10:20:26,694 [INFO] __main__ — 뉴스 시점 제외 [CJ4우(전환)]: 15건 (>14일/파싱실패)
2026-08-26 10:20:28,078 [INFO] __main__ — 뉴스 시점 제외 [아모레퍼시픽우]: 15건 (>14일/파싱실패)
2026-08-26 10:20:28,657 [INFO] __main__ — 뉴스 시점 제외 [조광피혁]: 11건 (>14일/파싱실패)
2026-08-26 10:20:29,256 [INFO] __main__ — 뉴스 시점 제외 [코스모화학]: 7건 (>14일/파싱실패)
2026-08-26 10:20:29,444 [INFO] __main__ — 뉴스 시점 제외 [KPX홀딩스]: 10건 (>14일/파싱실패)
2026-08-26 10:20:30,038 [INFO] __main__ — 뉴스 시점 제외 [신대양제지]: 13건 (>14일/파싱실패)
2026-08-26 10:20:30,654 [INFO] __main__ — 뉴스 시점 제외 [삼성물산우B]: 15건 (>14일/파싱실패)
2026-08-26 10:20:30,899 [INFO] __main__ — 뉴스 시점 제외 [일진하이솔루스]: 10건 (>14일/파싱실패)
2026-08-26 10:20:32,137 [INFO] __main__ — 뉴스 시점 제외 [두산2우B]: 15건 (>14일/파싱실패)
2026-08-26 10:20:33,410 [INFO] __main__ — 뉴스 시점 제외 [TCC스틸]: 8건 (>14일/파싱실패)
2026-08-26 10:20:35,282 [INFO] __main__ — 뉴스 시점 제외 [미원화학]: 13건 (>14일/파싱실패)
2026-08-26 10:20:35,400 [INFO] __main__ — 뉴스 시점 제외 [노루홀딩스]: 12건 (>14일/파싱실패)
2026-08-26 10:20:36,056 [INFO] __main__ — 뉴스 시점 제외 [천일고속]: 14건 (>14일/파싱실패)
2026-08-26 10:20:36,062 [INFO] __main__ — 뉴스 시점 제외 [LG우]: 15건 (>14일/파싱실패)
2026-08-26 10:20:36,866 [INFO] __main__ — 뉴스 시점 제외 [SK우]: 14건 (>14일/파싱실패)
2026-08-26 10:20:38,119 [INFO] __main__ — 봇 주가요약 제외 [로보스타]: 1건
2026-08-26 10:20:38,647 [INFO] __main__ — 뉴스 시점 제외 [제룡전기]: 2건 (>14일/파싱실패)
2026-08-26 10:20:38,648 [INFO] __main__ — 봇 주가요약 제외 [제룡전기]: 3건
2026-08-26 10:20:42,820 [INFO] __main__ — 뉴스 시점 제외 [한양디지텍]: 6건 (>14일/파싱실패)
2026-08-26 10:20:44,964 [INFO] __main__ — 뉴스 시점 제외 [티로보틱스]: 2건 (>14일/파싱실패)
2026-08-26 10:20:44,964 [INFO] __main__ — 봇 주가요약 제외 [티로보틱스]: 1건
2026-08-26 10:20:46,490 [INFO] __main__ — 뉴스 시점 제외 [피에이치에이]: 11건 (>14일/파싱실패)
2026-08-26 10:20:47,106 [INFO] __main__ — 뉴스 시점 제외 [서호전기]: 11건 (>14일/파싱실패)
2026-08-26 10:20:47,124 [INFO] __main__ — 뉴스 시점 제외 [필에너지]: 9건 (>14일/파싱실패)
2026-08-26 10:20:48,209 [INFO] __main__ — 뉴스 시점 제외 [대원산업]: 10건 (>14일/파싱실패)
2026-08-26 10:20:48,212 [INFO] __main__ — 뉴스 시점 제외 [미래나노텍]: 11건 (>14일/파싱실패)
2026-08-26 10:20:48,819 [INFO] __main__ — 뉴스 시점 제외 [아스테라시스]: 5건 (>14일/파싱실패)
2026-08-26 10:20:48,929 [INFO] __main__ — POOL_A 후보 부정뉴스 2차 조회: 146개
2026-08-26 10:20:48,931 [INFO] __main__ — POOL_A: 415개 (A:306 B:48 동시:61) | 부정게이트 제외:3
  대형:54 중형:191 소형:170
2026-08-26 10:20:48,938 [INFO] __main__ — 대조군 표본(무신호): 40개 / 모집단 484개 → pool_history
2026-08-26 10:20:48,940 [INFO] __main__ —   → POOL_A: 415개
2026-08-26 10:20:48,940 [INFO] __main__ — ▶ Step 2: 하드 필터링
2026-08-26 10:20:48,940 [INFO] __main__ — 하드 필터 제거: 409개 | 과열배제 82 | 이격도상한 11 | 이격도하한 11 | MA추세 249 | RSI과열 5 | 거래대금 51
2026-08-26 10:20:48,942 [INFO] __main__ — 과열 gated 기록: 82개 → gated_tickers
2026-08-26 10:20:48,945 [INFO] __main__ — 대조군 표본(필터탈락): 147개 / 모집단 409개 → pool_history
2026-08-26 10:20:48,945 [INFO] __main__ — POOL_B: 6개 | 대형:0 중형:5 소형:1
2026-08-26 10:20:48,945 [INFO] __main__ —   → POOL_B: 6개
2026-08-26 10:20:48,945 [INFO] __main__ — ▶ Step 3: 스코어링 (FinBERT 감성 분석)
2026-08-26 10:20:48,945 [INFO] __main__ — NaverClient: 3개 키 로드 (DataLab·검색 독립 회전)
2026-08-26 10:20:48,946 [INFO] __main__ — 텍스트 신규 수집: 2종목 (캐시 적중 4종목)
2026-08-26 10:20:49,611 [INFO] __main__ — 뉴스 시점 제외 [삼성전기우]: 20건 (>14일/파싱실패)
2026-08-26 10:20:49,611 [INFO] __main__ — 봇 주가요약 제외 [삼성전기우]: 1건
2026-08-26 10:20:49,616 [INFO] __main__ — 봇 주가요약 제외 [팬오션]: 1건
2026-08-26 10:20:53,238 [INFO] __main__ — 기사 보존(수집): 51건 (6종목) → news_articles
2026-08-26 10:20:53,239 [INFO] __main__ — 공시 보존(수집): 23건 (6종목) → dart_filings
2026-08-26 10:20:53,240 [INFO] __main__ — 수집 완료: 뉴스 69건 | 공시 29건
2026-08-26 10:20:53,240 [INFO] __main__ — FinBERT 감성 분석 (finbert 모드)...
2026-08-26 10:20:53,240 [INFO] __main__ — FinBERT 로딩: snunlp/KR-FinBert-SC (CPU, batch=8)
2026-08-26 10:20:53,410 [INFO] httpx — HTTP Request: GET https://huggingface.co/api/agent-harnesses "HTTP/1.1 200 OK"
2026-08-26 10:20:53,471 [INFO] httpx — HTTP Request: HEAD https://huggingface.co/snunlp/KR-FinBert-SC/resolve/main/config.json "HTTP/1.1 307 Temporary Redirect"
2026-08-26 10:20:53,492 [INFO] httpx — HTTP Request: HEAD https://huggingface.co/api/resolve-cache/models/snunlp/KR-FinBert-SC/f8586286cc3161fb648e9fee09a456069fd846d0/config.json "HTTP/1.1 200 OK"
2026-08-26 10:20:53,574 [INFO] httpx — HTTP Request: HEAD https://huggingface.co/snunlp/KR-FinBert-SC/resolve/main/model.safetensors "HTTP/1.1 404 Not Found"
2026-08-26 10:20:53,574 [WARNING] huggingface_hub.utils._http — Warning: You are sending unauthenticated requests to the HF Hub. Please set a HF_TOKEN to enable higher rate limits and faster downloads.
2026-08-26 10:20:53,638 [INFO] httpx — HTTP Request: GET https://huggingface.co/api/models/snunlp/KR-FinBert-SC "HTTP/1.1 200 OK"
2026-08-26 10:20:53,721 [INFO] httpx — HTTP Request: GET https://huggingface.co/api/models/snunlp/KR-FinBert-SC/commits/main "HTTP/1.1 200 OK"
2026-08-26 10:20:53,796 [INFO] httpx — HTTP Request: GET https://huggingface.co/api/models/snunlp/KR-FinBert-SC/discussions?p=0 "HTTP/1.1 200 OK"
2026-08-26 10:20:53,822 [INFO] httpx — HTTP Request: GET https://huggingface.co/api/models/snunlp/KR-FinBert-SC/tree/main/additional_chat_templates?recursive=false&expand=false "HTTP/1.1 404 Not Found"
2026-08-26 10:20:53,875 [INFO] httpx — HTTP Request: GET https://huggingface.co/api/models/snunlp/KR-FinBert-SC/commits/refs%2Fpr%2F3 "HTTP/1.1 200 OK"
2026-08-26 10:20:53,888 [INFO] httpx — HTTP Request: GET https://huggingface.co/api/models/snunlp/KR-FinBert-SC/tree/main?recursive=true&expand=false "HTTP/1.1 200 OK"
2026-08-26 10:20:53,941 [INFO] httpx — HTTP Request: HEAD https://huggingface.co/snunlp/KR-FinBert-SC/resolve/refs%2Fpr%2F3/model.safetensors.index.json "HTTP/1.1 404 Not Found"
2026-08-26 10:20:53,972 [INFO] httpx — HTTP Request: HEAD https://huggingface.co/snunlp/KR-FinBert-SC/resolve/main/processor_config.json "HTTP/1.1 404 Not Found"
2026-08-26 10:20:54,010 [INFO] httpx — HTTP Request: HEAD https://huggingface.co/snunlp/KR-FinBert-SC/resolve/refs%2Fpr%2F3/model.safetensors "HTTP/1.1 302 Found"
2026-08-26 10:20:54,037 [INFO] httpx — HTTP Request: HEAD https://huggingface.co/snunlp/KR-FinBert-SC/resolve/main/video_preprocessor_config.json "HTTP/1.1 404 Not Found"
2026-08-26 10:20:54,101 [INFO] httpx — HTTP Request: HEAD https://huggingface.co/snunlp/KR-FinBert-SC/resolve/main/preprocessor_config.json "HTTP/1.1 404 Not Found"
2026-08-26 10:20:54,102 [INFO] __main__ — FinBERT 로드 완료 (CPU)
2026-08-26 10:21:01,995 [INFO] __main__ — Phase A.1: 매핑 신뢰도 < 0.5 → 감성 점수 폐기 3건
2026-08-26 10:21:01,995 [INFO] __main__ — [shadow] 필드별 검사 기준 폐기 0/6종목 (집행 3건 — 변동 없음)
2026-08-26 10:21:01,995 [INFO] __main__ — 스코어링: 6개 | 집중:0 | FinBERT:finbert
2026-08-26 10:21:02,011 [INFO] __main__ —   → 6개
2026-08-26 10:21:02,011 [INFO] __main__ — ▶ Step 4: 발송
2026-08-26 10:21:06,039 [INFO] __main__ — DB 기록: 4개 / 전체 to_send 4개
2026-08-26 10:21:06,039 [INFO] __main__ — 발송: 4종목 | 누적 4~10회 0 | 신규 1
2026-08-26 10:21:06,039 [INFO] __main__ — 완료  |  소요: 678.8초
2026-08-26 10:21:07,108 [INFO] track_outcomes — pool_history 대조군 3441건 추적 대상 포함
2026-08-26 10:21:07,149 [INFO] track_outcomes — 고아 행 139건 복원 (targets에서 탈락한 미완 키)
2026-08-26 10:21:07,149 [INFO] track_outcomes — 대상 11076건 | 갱신 필요 7296건 | 완료 스킵 3919건
2026-08-26 10:21:07,151 [INFO] track_outcomes —   가격 조회 고유 종목 1692개 (기존 958 + 대조군 추가 734)
2026-08-26 10:50:00,786 [INFO] track_outcomes — outcomes 적재: 신규 163건 | 갱신(신규+보완) 1335건
