2026-09-14 15:59:44,385 [INFO] __main__ — config 검증 완료 ✓
2026-09-14 15:59:44,385 [INFO] __main__ — KIS 조회 도메인: 실전 (https://openapi.koreainvestment.com:9443)
2026-09-14 15:59:44,385 [INFO] __main__ — ============================================================
2026-09-14 15:59:44,385 [INFO] __main__ — AlphaRadar v3.3.1  |  기준일: 20260915  |  런: am
2026-09-14 15:59:44,385 [INFO] __main__ — S = T×0.3 + S_text×0.4 + D×0.3
2026-09-14 15:59:44,385 [INFO] __main__ — ============================================================
2026-09-14 15:59:44,386 [INFO] __main__ — ▶ Step 0: 유니버스 필터링
2026-09-14 15:59:44,682 [INFO] __main__ — FDR 데이터 수집: 20260312 ~ 20260915
2026-09-14 15:59:45,975 [INFO] __main__ — master universe 메타: 캐시 사용 2760개 (year=2026)
2026-09-14 15:59:45,977 [INFO] __main__ — master 보강: 등급 836개 | FnGuide/KSIC 2548개 | 섹터(fg_industry) 2548개
2026-09-14 15:59:45,978 [INFO] __main__ — KOSPI: 943개 | 섹터정보 831개 (DART +828개 보완)
2026-09-14 15:59:45,979 [INFO] __main__ — KOSDAQ: 1821개 | 섹터정보 1746개
2026-09-14 15:59:45,979 [INFO] __main__ — 전체: 2764개
2026-09-14 15:59:48,381 [INFO] __main__ — KIS 토큰 발급 완료
2026-09-14 16:07:22,673 [INFO] __main__ — DART corp_code 매핑: 873/897개 (97%)
2026-09-14 16:07:22,674 [INFO] __main__ — 유효 유니버스: 897개
2026-09-14 16:07:22,680 [INFO] __main__ —   → 897개
2026-09-14 16:07:22,680 [INFO] __main__ — ▶ Step 1: 신호 탐지
2026-09-14 16:07:22,681 [INFO] __main__ — NaverClient: 3개 키 로드 (DataLab·검색 독립 회전)
2026-09-14 16:07:22,681 [INFO] __main__ — 관심 지수 및 부정 뉴스 비율 조회 중...
2026-09-14 16:07:24,614 [INFO] __main__ — 봇 주가요약 제외 [흥아해운]: 2건
2026-09-14 16:07:26,225 [INFO] __main__ — 봇 주가요약 제외 [우리기술]: 1건
2026-09-14 16:07:27,922 [INFO] __main__ — 봇 주가요약 제외 [현대약품]: 1건
2026-09-14 16:07:29,251 [INFO] __main__ — 봇 주가요약 제외 [우리로]: 2건
2026-09-14 16:07:29,725 [INFO] __main__ — 봇 주가요약 제외 [흥구석유]: 2건
2026-09-14 16:07:30,831 [INFO] __main__ — 봇 주가요약 제외 [삼미금속]: 1건
2026-09-14 16:07:31,261 [INFO] __main__ — 봇 주가요약 제외 [SFA반도체]: 2건
2026-09-14 16:07:33,927 [INFO] __main__ — 봇 주가요약 제외 [한국화장품제조]: 2건
2026-09-14 16:07:34,623 [INFO] __main__ — 봇 주가요약 제외 [후성]: 2건
2026-09-14 16:07:36,195 [INFO] __main__ — 봇 주가요약 제외 [더즌]: 1건
2026-09-14 16:07:41,921 [INFO] __main__ — 봇 주가요약 제외 [HPSP]: 1건
2026-09-14 16:07:43,243 [INFO] __main__ — 봇 주가요약 제외 [성호전자]: 2건
2026-09-14 16:07:44,774 [INFO] __main__ — 봇 주가요약 제외 [원익홀딩스]: 2건
2026-09-14 16:07:46,018 [INFO] __main__ — 봇 주가요약 제외 [파인엠텍]: 1건
2026-09-14 16:07:47,604 [INFO] __main__ — 봇 주가요약 제외 [대한전선]: 2건
2026-09-14 16:07:49,153 [INFO] __main__ — 봇 주가요약 제외 [PS일렉트로닉스]: 1건
2026-09-14 16:07:49,158 [INFO] __main__ — 봇 주가요약 제외 [대원전선]: 4건
2026-09-14 16:07:50,484 [INFO] __main__ — 봇 주가요약 제외 [티엠씨]: 1건
2026-09-14 16:07:53,163 [INFO] __main__ — 봇 주가요약 제외 [RF머트리얼즈]: 3건
2026-09-14 16:07:53,169 [INFO] __main__ — 봇 주가요약 제외 [한전산업]: 2건
2026-09-14 16:07:54,564 [INFO] __main__ — 뉴스 시점 제외 [동국홀딩스]: 9건 (>14일/파싱실패)
2026-09-14 16:07:57,208 [INFO] __main__ — 봇 주가요약 제외 [삼화콘덴서]: 2건
2026-09-14 16:07:57,247 [INFO] __main__ — 봇 주가요약 제외 [두산퓨얼셀]: 3건
2026-09-14 16:07:57,359 [INFO] __main__ — 봇 주가요약 제외 [제주반도체]: 1건
2026-09-14 16:08:01,292 [INFO] __main__ — 봇 주가요약 제외 [한전기술]: 1건
2026-09-14 16:08:01,384 [INFO] __main__ — 봇 주가요약 제외 [DB하이텍]: 2건
2026-09-14 16:08:06,817 [INFO] __main__ — 봇 주가요약 제외 [한화엔진]: 1건
2026-09-14 16:08:08,195 [INFO] __main__ — 봇 주가요약 제외 [실리콘투]: 1건
2026-09-14 16:08:08,202 [INFO] __main__ — 봇 주가요약 제외 [아이씨티케이]: 1건
2026-09-14 16:08:09,559 [INFO] __main__ — 봇 주가요약 제외 [위메이드맥스]: 2건
2026-09-14 16:08:09,564 [INFO] __main__ — 봇 주가요약 제외 [지엔씨에너지]: 1건
2026-09-14 16:08:12,292 [INFO] __main__ — 봇 주가요약 제외 [대덕전자]: 3건
2026-09-14 16:08:13,593 [INFO] __main__ — 뉴스 시점 제외 [맥쿼리인프라]: 10건 (>14일/파싱실패)
2026-09-14 16:08:13,645 [INFO] __main__ — 봇 주가요약 제외 [코스모로보틱스]: 1건
2026-09-14 16:08:15,016 [INFO] __main__ — 봇 주가요약 제외 [쏠리드]: 1건
2026-09-14 16:08:20,537 [INFO] __main__ — 봇 주가요약 제외 [파두]: 1건
2026-09-14 16:08:21,822 [INFO] __main__ — 봇 주가요약 제외 [브이엠]: 2건
2026-09-14 16:08:23,245 [INFO] __main__ — 봇 주가요약 제외 [엘앤에프]: 1건
2026-09-14 16:08:24,602 [INFO] __main__ — 봇 주가요약 제외 [휴스틸]: 1건
2026-09-14 16:08:25,985 [INFO] __main__ — 봇 주가요약 제외 [필옵틱스]: 1건
2026-09-14 16:08:27,328 [INFO] __main__ — 봇 주가요약 제외 [테스]: 1건
2026-09-14 16:08:36,428 [INFO] __main__ — 봇 주가요약 제외 [비에이치아이]: 1건
2026-09-14 16:08:45,256 [INFO] __main__ — 봇 주가요약 제외 [범한퓨얼셀]: 2건
2026-09-14 16:08:47,991 [INFO] __main__ — 봇 주가요약 제외 [태웅]: 2건
2026-09-14 16:08:57,551 [INFO] __main__ — 봇 주가요약 제외 [한화시스템]: 1건
2026-09-14 16:08:59,276 [INFO] __main__ — 뉴스 시점 제외 [와이지-원]: 7건 (>14일/파싱실패)
2026-09-14 16:09:04,454 [INFO] __main__ — 봇 주가요약 제외 [LS ELECTRIC]: 2건
2026-09-14 16:09:07,423 [INFO] __main__ — 봇 주가요약 제외 [삼현]: 1건
2026-09-14 16:09:07,439 [INFO] __main__ — 봇 주가요약 제외 [퍼스텍]: 1건
2026-09-14 16:09:10,526 [INFO] __main__ — 봇 주가요약 제외 [오이솔루션]: 3건
2026-09-14 16:09:11,429 [INFO] __main__ — 뉴스 시점 제외 [LS머트리얼즈]: 3건 (>14일/파싱실패)
2026-09-14 16:09:15,150 [INFO] __main__ — 봇 주가요약 제외 [산일전기]: 2건
2026-09-14 16:09:18,200 [INFO] __main__ — 뉴스 시점 제외 [KB스타리츠]: 10건 (>14일/파싱실패)
2026-09-14 16:09:21,047 [INFO] __main__ — 뉴스 시점 제외 [에스에이엠티]: 7건 (>14일/파싱실패)
2026-09-14 16:09:21,049 [INFO] __main__ — 봇 주가요약 제외 [신세계 I&C]: 1건
2026-09-14 16:09:22,615 [INFO] __main__ — 봇 주가요약 제외 [두산로보틱스]: 1건
2026-09-14 16:09:28,564 [INFO] __main__ — 뉴스 시점 제외 [엘브이엠씨홀딩스]: 10건 (>14일/파싱실패)
2026-09-14 16:09:39,580 [INFO] __main__ — 뉴스 시점 제외 [에코프로머티]: 3건 (>14일/파싱실패)
2026-09-14 16:09:39,580 [INFO] __main__ — 봇 주가요약 제외 [에코프로머티]: 1건
2026-09-14 16:09:39,583 [INFO] __main__ — 봇 주가요약 제외 [나우로보틱스]: 1건
2026-09-14 16:09:42,228 [INFO] __main__ — 봇 주가요약 제외 [씨메스로보틱스]: 1건
2026-09-14 16:09:43,611 [INFO] __main__ — 봇 주가요약 제외 [일진전기]: 1건
2026-09-14 16:09:46,387 [INFO] __main__ — 봇 주가요약 제외 [유진로봇]: 1건
2026-09-14 16:09:48,923 [INFO] __main__ — 봇 주가요약 제외 [엑시콘]: 1건
2026-09-14 16:09:51,738 [INFO] __main__ — 뉴스 시점 제외 [서부T&D]: 3건 (>14일/파싱실패)
2026-09-14 16:09:52,917 [INFO] __main__ — 봇 주가요약 제외 [덕산테코피아]: 1건
2026-09-14 16:09:56,986 [INFO] __main__ — 봇 주가요약 제외 [OCI홀딩스]: 3건
2026-09-14 16:09:56,988 [INFO] __main__ — 봇 주가요약 제외 [엔켐]: 1건
2026-09-14 16:10:03,662 [INFO] __main__ — 뉴스 시점 제외 [ESR켄달스퀘어리츠]: 11건 (>14일/파싱실패)
2026-09-14 16:10:07,374 [INFO] __main__ — 봇 주가요약 제외 [로킷헬스케어]: 1건
2026-09-14 16:10:08,284 [INFO] __main__ — 봇 주가요약 제외 [삼아알미늄]: 1건
2026-09-14 16:10:12,544 [INFO] __main__ — 봇 주가요약 제외 [명신산업]: 1건
2026-09-14 16:10:18,299 [INFO] __main__ — 뉴스 시점 제외 [현대힘스]: 6건 (>14일/파싱실패)
2026-09-14 16:10:24,605 [INFO] __main__ — 봇 주가요약 제외 [달바글로벌]: 1건
2026-09-14 16:10:31,447 [INFO] __main__ — 봇 주가요약 제외 [신흥에스이씨]: 1건
2026-09-14 16:10:31,734 [INFO] __main__ — 뉴스 시점 제외 [KB발해인프라]: 12건 (>14일/파싱실패)
2026-09-14 16:10:32,980 [INFO] __main__ — 뉴스 시점 제외 [나이스정보통신]: 1건 (>14일/파싱실패)
2026-09-14 16:10:39,297 [INFO] __main__ — 뉴스 시점 제외 [미래에셋증권2우B]: 9건 (>14일/파싱실패)
2026-09-14 16:10:41,775 [INFO] __main__ — 봇 주가요약 제외 [코리아써키트]: 1건
2026-09-14 16:10:41,976 [INFO] __main__ — 봇 주가요약 제외 [펩트론]: 2건
2026-09-14 16:10:50,017 [INFO] __main__ — 봇 주가요약 제외 [세방전지]: 1건
2026-09-14 16:10:51,271 [INFO] __main__ — 뉴스 시점 제외 [한양디지텍]: 5건 (>14일/파싱실패)
2026-09-14 16:10:52,698 [INFO] __main__ — 봇 주가요약 제외 [전진건설로봇]: 2건
2026-09-14 16:10:56,668 [INFO] __main__ — 봇 주가요약 제외 [파이버프로]: 1건
2026-09-14 16:10:57,995 [INFO] __main__ — 뉴스 시점 제외 [DS단석]: 6건 (>14일/파싱실패)
2026-09-14 16:11:08,895 [INFO] __main__ — 뉴스 시점 제외 [롯데리츠]: 2건 (>14일/파싱실패)
2026-09-14 16:11:12,068 [INFO] __main__ — 봇 주가요약 제외 [한국정보인증]: 1건
2026-09-14 16:11:13,830 [INFO] __main__ — 뉴스 시점 제외 [싸이맥스]: 3건 (>14일/파싱실패)
2026-09-14 16:11:19,713 [INFO] __main__ — 봇 주가요약 제외 [비나텍]: 1건
2026-09-14 16:11:22,586 [INFO] __main__ — 봇 주가요약 제외 [로보스타]: 1건
2026-09-14 16:11:24,033 [INFO] __main__ — 부정 키워드 감지: 19개 종목 (neg_ratio > 0)
2026-09-14 16:11:24,034 [INFO] __main__ — 수급일수충족·합계음수 제외: 61개
2026-09-14 16:11:28,755 [INFO] __main__ — 뉴스 시점 제외 [두산우]: 13건 (>14일/파싱실패)
2026-09-14 16:11:30,418 [INFO] __main__ — 뉴스 시점 제외 [삼성전기우]: 10건 (>14일/파싱실패)
2026-09-14 16:11:34,435 [INFO] __main__ — 뉴스 시점 제외 [한국금융지주우]: 11건 (>14일/파싱실패)
2026-09-14 16:11:35,892 [INFO] __main__ — 뉴스 시점 제외 [신한알파리츠]: 10건 (>14일/파싱실패)
2026-09-14 16:11:36,628 [INFO] __main__ — 뉴스 시점 제외 [한화3우B]: 9건 (>14일/파싱실패)
2026-09-14 16:11:36,725 [INFO] __main__ — 뉴스 시점 제외 [TKG휴켐스]: 2건 (>14일/파싱실패)
2026-09-14 16:11:38,090 [INFO] __main__ — 봇 주가요약 제외 [풍산홀딩스]: 1건
2026-09-14 16:11:38,099 [INFO] __main__ — 뉴스 시점 제외 [CJ4우(전환)]: 13건 (>14일/파싱실패)
2026-09-14 16:11:38,893 [INFO] __main__ — 뉴스 시점 제외 [대신증권우]: 10건 (>14일/파싱실패)
2026-09-14 16:11:40,008 [INFO] __main__ — 뉴스 시점 제외 [아모레퍼시픽우]: 9건 (>14일/파싱실패)
2026-09-14 16:11:40,529 [INFO] __main__ — 뉴스 시점 제외 [삼성FN리츠]: 9건 (>14일/파싱실패)
2026-09-14 16:11:41,229 [INFO] __main__ — 뉴스 시점 제외 [바이오노트]: 4건 (>14일/파싱실패)
2026-09-14 16:11:41,448 [INFO] __main__ — 뉴스 시점 제외 [NH투자증권우]: 10건 (>14일/파싱실패)
2026-09-14 16:11:42,744 [INFO] __main__ — 뉴스 시점 제외 [삼영무역]: 12건 (>14일/파싱실패)
2026-09-14 16:11:43,465 [INFO] __main__ — 뉴스 시점 제외 [INVENI]: 6건 (>14일/파싱실패)
2026-09-14 16:11:44,920 [INFO] __main__ — 뉴스 시점 제외 [아세아제지]: 11건 (>14일/파싱실패)
2026-09-14 16:11:45,105 [INFO] __main__ — 뉴스 시점 제외 [삼성물산우B]: 14건 (>14일/파싱실패)
2026-09-14 16:11:45,642 [INFO] __main__ — 뉴스 시점 제외 [일진홀딩스]: 3건 (>14일/파싱실패)
2026-09-14 16:11:46,572 [INFO] __main__ — 뉴스 시점 제외 [두산2우B]: 12건 (>14일/파싱실패)
2026-09-14 16:11:48,556 [INFO] __main__ — 뉴스 시점 제외 [서울가스]: 10건 (>14일/파싱실패)
2026-09-14 16:11:48,767 [INFO] __main__ — 뉴스 시점 제외 [S-Oil우]: 10건 (>14일/파싱실패)
2026-09-14 16:11:48,914 [INFO] __main__ — 뉴스 시점 제외 [이지스밸류플러스리츠]: 10건 (>14일/파싱실패)
2026-09-14 16:11:50,235 [INFO] __main__ — 뉴스 시점 제외 [아이마켓코리아]: 13건 (>14일/파싱실패)
2026-09-14 16:11:51,826 [INFO] __main__ — 뉴스 시점 제외 [CR홀딩스]: 10건 (>14일/파싱실패)
2026-09-14 16:11:52,425 [INFO] __main__ — 뉴스 시점 제외 [LG우]: 14건 (>14일/파싱실패)
2026-09-14 16:11:53,987 [INFO] __main__ — 봇 주가요약 제외 [제룡전기]: 4건
2026-09-14 16:11:54,534 [INFO] __main__ — 봇 주가요약 제외 [안랩]: 1건
2026-09-14 16:12:00,774 [INFO] __main__ — 뉴스 시점 제외 [KH바텍]: 2건 (>14일/파싱실패)
2026-09-14 16:12:01,054 [INFO] __main__ — 뉴스 시점 제외 [파트론]: 2건 (>14일/파싱실패)
2026-09-14 16:12:01,779 [INFO] __main__ — 뉴스 시점 제외 [디지털대성]: 7건 (>14일/파싱실패)
2026-09-14 16:12:02,645 [INFO] __main__ — 봇 주가요약 제외 [칩스앤미디어]: 1건
2026-09-14 16:12:03,676 [INFO] __main__ — 뉴스 시점 제외 [오리엔탈정공]: 3건 (>14일/파싱실패)
2026-09-14 16:12:04,101 [INFO] __main__ — 뉴스 시점 제외 [우주일렉트로]: 13건 (>14일/파싱실패)
2026-09-14 16:12:04,202 [INFO] __main__ — POOL_A 후보 부정뉴스 2차 조회: 159개
2026-09-14 16:12:04,204 [INFO] __main__ — POOL_A: 405개 (A:395 B:2 동시:8) | 부정게이트 제외:4
  대형:42 중형:186 소형:177
2026-09-14 16:12:04,208 [INFO] __main__ — 대조군 표본(무신호): 40개 / 모집단 492개 → pool_history
2026-09-14 16:12:04,210 [INFO] __main__ —   → POOL_A: 405개
2026-09-14 16:12:04,210 [INFO] __main__ — ▶ Step 2: 하드 필터링
2026-09-14 16:12:04,210 [INFO] __main__ — 하드 필터 제거: 386개 | 과열배제 49 | 이격도상한 9 | 이격도하한 27 | MA추세 227 | RSI과열 6 | 거래대금 68
2026-09-14 16:12:04,212 [INFO] __main__ — 과열 gated 기록: 49개 → gated_tickers
2026-09-14 16:12:04,214 [INFO] __main__ — 대조군 표본(필터탈락): 162개 / 모집단 386개 → pool_history
2026-09-14 16:12:04,214 [INFO] __main__ — POOL_B: 19개 | 대형:0 중형:11 소형:8
2026-09-14 16:12:04,214 [INFO] __main__ —   → POOL_B: 19개
2026-09-14 16:12:04,215 [INFO] __main__ — ▶ Step 3: 스코어링 (FinBERT 감성 분석)
2026-09-14 16:12:04,215 [INFO] __main__ — NaverClient: 3개 키 로드 (DataLab·검색 독립 회전)
2026-09-14 16:12:04,215 [INFO] __main__ — 텍스트 신규 수집: 19종목 (캐시 적중 0종목)
2026-09-14 16:12:04,871 [INFO] __main__ — 봇 주가요약 제외 [후성]: 2건
2026-09-14 16:12:09,499 [INFO] __main__ — 봇 주가요약 제외 [대원전선]: 6건
2026-09-14 16:12:10,764 [INFO] __main__ — 봇 주가요약 제외 [한국화장품제조]: 4건
2026-09-14 16:12:14,126 [INFO] __main__ — 봇 주가요약 제외 [심텍]: 1건
2026-09-14 16:12:15,459 [INFO] __main__ — 봇 주가요약 제외 [HPSP]: 1건
2026-09-14 16:12:20,233 [INFO] __main__ — 봇 주가요약 제외 [지엔씨에너지]: 2건
2026-09-14 16:12:24,657 [INFO] __main__ — 뉴스 시점 제외 [오킨스전자]: 15건 (>14일/파싱실패)
2026-09-14 16:12:24,986 [INFO] __main__ — 봇 주가요약 제외 [PS일렉트로닉스]: 4건
2026-09-14 16:12:29,553 [INFO] __main__ — 뉴스 시점 제외 [메가터치]: 16건 (>14일/파싱실패)
2026-09-14 16:12:32,679 [INFO] __main__ — 봇 주가요약 제외 [바이오니아]: 1건
2026-09-14 16:12:36,915 [INFO] __main__ — 기사 보존(수집): 158건 (19종목) → news_articles
2026-09-14 16:12:36,917 [INFO] __main__ — 공시 보존(수집): 33건 (19종목) → dart_filings
2026-09-14 16:12:36,918 [INFO] __main__ — 수집 완료: 뉴스 158건 | 공시 33건
2026-09-14 16:12:36,918 [INFO] __main__ — FinBERT 감성 분석 (finbert 모드)...
2026-09-14 16:12:36,918 [INFO] __main__ — FinBERT 로딩: snunlp/KR-FinBert-SC (CPU, batch=8)
2026-09-14 16:12:36,992 [INFO] httpx — HTTP Request: GET https://huggingface.co/api/agent-harnesses "HTTP/1.1 200 OK"
2026-09-14 16:12:37,014 [INFO] httpx — HTTP Request: HEAD https://huggingface.co/snunlp/KR-FinBert-SC/resolve/main/config.json "HTTP/1.1 307 Temporary Redirect"
2026-09-14 16:12:37,020 [INFO] httpx — HTTP Request: HEAD https://huggingface.co/api/resolve-cache/models/snunlp/KR-FinBert-SC/f8586286cc3161fb648e9fee09a456069fd846d0/config.json?%2Fsnunlp%2FKR-FinBert-SC%2Fresolve%2Fmain%2Fconfig.json=&etag=%22bd00b2460e394f69e29e6438699e074cbac9584e%22 "HTTP/1.1 200 OK"
2026-09-14 16:12:37,061 [INFO] httpx — HTTP Request: HEAD https://huggingface.co/snunlp/KR-FinBert-SC/resolve/main/model.safetensors "HTTP/1.1 404 Not Found"
2026-09-14 16:12:37,061 [WARNING] huggingface_hub.utils._http — Warning: You are sending unauthenticated requests to the HF Hub. Please set a HF_TOKEN to enable higher rate limits and faster downloads.
2026-09-14 16:12:37,080 [INFO] httpx — HTTP Request: GET https://huggingface.co/api/models/snunlp/KR-FinBert-SC "HTTP/1.1 200 OK"
2026-09-14 16:12:37,120 [INFO] httpx — HTTP Request: GET https://huggingface.co/api/models/snunlp/KR-FinBert-SC/commits/main "HTTP/1.1 200 OK"
2026-09-14 16:12:37,159 [INFO] httpx — HTTP Request: GET https://huggingface.co/api/models/snunlp/KR-FinBert-SC/discussions?p=0 "HTTP/1.1 200 OK"
2026-09-14 16:12:37,195 [INFO] httpx — HTTP Request: GET https://huggingface.co/api/models/snunlp/KR-FinBert-SC/commits/refs%2Fpr%2F3 "HTTP/1.1 200 OK"
2026-09-14 16:12:37,220 [INFO] httpx — HTTP Request: HEAD https://huggingface.co/snunlp/KR-FinBert-SC/resolve/refs%2Fpr%2F3/model.safetensors.index.json "HTTP/1.1 404 Not Found"
2026-09-14 16:12:37,243 [INFO] httpx — HTTP Request: HEAD https://huggingface.co/snunlp/KR-FinBert-SC/resolve/refs%2Fpr%2F3/model.safetensors "HTTP/1.1 302 Found"
2026-09-14 16:12:37,253 [INFO] httpx — HTTP Request: GET https://huggingface.co/api/models/snunlp/KR-FinBert-SC/tree/main/additional_chat_templates?recursive=false&expand=false "HTTP/1.1 404 Not Found"
2026-09-14 16:12:37,283 [INFO] httpx — HTTP Request: GET https://huggingface.co/api/models/snunlp/KR-FinBert-SC/tree/main?recursive=true&expand=false "HTTP/1.1 200 OK"
2026-09-14 16:12:37,320 [INFO] httpx — HTTP Request: HEAD https://huggingface.co/snunlp/KR-FinBert-SC/resolve/main/processor_config.json "HTTP/1.1 404 Not Found"
2026-09-14 16:12:37,341 [INFO] httpx — HTTP Request: HEAD https://huggingface.co/snunlp/KR-FinBert-SC/resolve/main/video_preprocessor_config.json "HTTP/1.1 404 Not Found"
2026-09-14 16:12:37,357 [INFO] httpx — HTTP Request: HEAD https://huggingface.co/snunlp/KR-FinBert-SC/resolve/main/preprocessor_config.json "HTTP/1.1 404 Not Found"
2026-09-14 16:12:37,358 [INFO] __main__ — FinBERT 로드 완료 (CPU)
2026-09-14 16:12:57,906 [INFO] __main__ — Phase A.1: 매핑 신뢰도 < 0.5 → 감성 점수 폐기 17건
2026-09-14 16:12:57,906 [INFO] __main__ — [shadow] 필드별 검사 기준 폐기 1/19종목 (집행 17건 — 변동 없음)
2026-09-14 16:12:57,906 [INFO] __main__ — 스코어링: 19개 | 집중:0 | FinBERT:finbert
2026-09-14 16:12:57,923 [INFO] __main__ —   → 19개
2026-09-14 16:12:57,923 [INFO] __main__ — ▶ Step 4: 발송
2026-09-14 16:13:03,191 [INFO] __main__ — DB 기록: 15개 / 전체 to_send 15개
2026-09-14 16:13:03,191 [INFO] __main__ — 발송: 15종목 | 누적 4~10회 4 | 신규 0
2026-09-14 16:13:03,191 [INFO] __main__ — 완료  |  소요: 798.8초
2026-09-14 16:13:04,292 [INFO] track_outcomes — pool_history 대조군 7100건 추적 대상 포함
2026-09-14 16:13:04,350 [INFO] track_outcomes — 고아 행 191건 복원 (targets에서 탈락한 미완 키)
2026-09-14 16:13:04,350 [INFO] track_outcomes — 대상 16139건 | 갱신 필요 9504건 | 완료 스킵 6826건
2026-09-14 16:13:04,352 [INFO] track_outcomes —   가격 조회 고유 종목 1506개 (기존 484 + 대조군 추가 1022)
2026-09-14 16:44:32,881 [INFO] track_outcomes — outcomes 적재: 신규 270건 | 갱신(신규+보완) 1747건
