2026-10-04 23:57:12,528 [INFO] __main__ — config 검증 완료 ✓
2026-10-04 23:57:12,528 [INFO] __main__ — KIS 조회 도메인: 실전 (https://openapi.koreainvestment.com:9443)
2026-10-04 23:57:12,528 [INFO] __main__ — ============================================================
2026-10-04 23:57:12,528 [INFO] __main__ — AlphaRadar v3.3.1  |  기준일: 20261005  |  런: am
2026-10-04 23:57:12,528 [INFO] __main__ — S = T×0.3 + S_text×0.4 + D×0.3
2026-10-04 23:57:12,528 [INFO] __main__ — ============================================================
2026-10-04 23:57:12,528 [INFO] __main__ — ▶ Step 0: 유니버스 필터링
2026-10-04 23:57:12,751 [INFO] __main__ — FDR 데이터 수집: 20260401 ~ 20261005
2026-10-04 23:57:14,306 [INFO] __main__ — master universe 메타: 캐시 사용 2760개 (year=2026)
2026-10-04 23:57:14,308 [INFO] __main__ — master 보강: 등급 833개 | FnGuide/KSIC 2542개 | 섹터(fg_industry) 2542개
2026-10-04 23:57:14,309 [INFO] __main__ — KOSPI: 942개 | 섹터정보 830개 (DART +827개 보완)
2026-10-04 23:57:14,309 [INFO] __main__ — KOSDAQ: 1824개 | 섹터정보 1741개
2026-10-04 23:57:14,309 [INFO] __main__ — 전체: 2766개
2026-10-04 23:57:16,046 [INFO] __main__ — KIS 토큰 발급 완료
2026-10-05 00:03:34,999 [INFO] __main__ — DART corp_code 매핑: 896/920개 (97%)
2026-10-05 00:03:34,999 [INFO] __main__ — 유효 유니버스: 920개
2026-10-05 00:03:35,006 [INFO] __main__ —   → 920개
2026-10-05 00:03:35,006 [INFO] __main__ — ▶ Step 1: 신호 탐지
2026-10-05 00:03:35,006 [INFO] __main__ — NaverClient: 3개 키 로드 (DataLab·검색 독립 회전)
2026-10-05 00:03:35,006 [INFO] __main__ — 관심 지수 및 부정 뉴스 비율 조회 중...
2026-10-05 00:03:36,744 [INFO] __main__ — 봇 주가요약 제외 [한온시스템]: 1건
2026-10-05 00:03:41,008 [INFO] __main__ — 봇 주가요약 제외 [후성]: 2건
2026-10-05 00:03:42,082 [INFO] __main__ — 봇 주가요약 제외 [빛과전자]: 2건
2026-10-05 00:03:43,164 [INFO] __main__ — 봇 주가요약 제외 [드림시큐리티]: 2건
2026-10-05 00:03:43,625 [INFO] __main__ — 봇 주가요약 제외 [삼미금속]: 5건
2026-10-05 00:03:44,399 [INFO] __main__ — 봇 주가요약 제외 [엑스게이트]: 1건
2026-10-05 00:03:45,748 [INFO] __main__ — 봇 주가요약 제외 [와이씨]: 1건
2026-10-05 00:03:47,176 [INFO] __main__ — 봇 주가요약 제외 [나라스페이스테크놀로지]: 1건
2026-10-05 00:03:47,962 [INFO] __main__ — 봇 주가요약 제외 [우리기술투자]: 1건
2026-10-05 00:03:49,389 [INFO] __main__ — 봇 주가요약 제외 [피노]: 1건
2026-10-05 00:03:49,462 [INFO] __main__ — 봇 주가요약 제외 [동국산업]: 2건
2026-10-05 00:03:52,368 [INFO] __main__ — 봇 주가요약 제외 [서진시스템]: 2건
2026-10-05 00:03:52,575 [INFO] __main__ — 봇 주가요약 제외 [LS머트리얼즈]: 1건
2026-10-05 00:03:57,058 [INFO] __main__ — 뉴스 시점 제외 [PS일렉트로닉스]: 7건 (>14일/파싱실패)
2026-10-05 00:03:57,784 [INFO] __main__ — 봇 주가요약 제외 [에이팩트]: 2건
2026-10-05 00:03:59,025 [INFO] __main__ — 뉴스 시점 제외 [아주IB투자]: 5건 (>14일/파싱실패)
2026-10-05 00:03:59,025 [INFO] __main__ — 봇 주가요약 제외 [아주IB투자]: 2건
2026-10-05 00:04:01,416 [INFO] __main__ — 봇 주가요약 제외 [대원전선]: 4건
2026-10-05 00:04:02,547 [INFO] __main__ — 봇 주가요약 제외 [TCC스틸]: 1건
2026-10-05 00:04:03,563 [INFO] __main__ — 뉴스 시점 제외 [페니트리움바이오]: 3건 (>14일/파싱실패)
2026-10-05 00:04:03,564 [INFO] __main__ — 봇 주가요약 제외 [페니트리움바이오]: 2건
2026-10-05 00:04:03,613 [INFO] __main__ — 봇 주가요약 제외 [한선엔지니어링]: 1건
2026-10-05 00:04:07,780 [INFO] __main__ — 봇 주가요약 제외 [네오셈]: 1건
2026-10-05 00:04:07,852 [INFO] __main__ — 봇 주가요약 제외 [원익홀딩스]: 2건
2026-10-05 00:04:07,949 [INFO] __main__ — 봇 주가요약 제외 [광전자]: 3건
2026-10-05 00:04:08,940 [INFO] __main__ — 봇 주가요약 제외 [RF머트리얼즈]: 2건
2026-10-05 00:04:12,207 [INFO] __main__ — 봇 주가요약 제외 [뉴파워프라즈마]: 1건
2026-10-05 00:04:12,222 [INFO] __main__ — 봇 주가요약 제외 [저스템]: 2건
2026-10-05 00:04:13,201 [INFO] __main__ — 봇 주가요약 제외 [제이앤티씨]: 1건
2026-10-05 00:04:14,269 [INFO] __main__ — 봇 주가요약 제외 [디아이]: 2건
2026-10-05 00:04:15,374 [INFO] __main__ — 봇 주가요약 제외 [삼화콘덴서]: 1건
2026-10-05 00:04:15,375 [INFO] __main__ — 봇 주가요약 제외 [금호건설]: 1건
2026-10-05 00:04:16,511 [INFO] __main__ — 봇 주가요약 제외 [현대바이오]: 1건
2026-10-05 00:04:17,652 [INFO] __main__ — 봇 주가요약 제외 [필옵틱스]: 3건
2026-10-05 00:04:18,707 [INFO] __main__ — 봇 주가요약 제외 [테크윙]: 1건
2026-10-05 00:04:20,944 [INFO] __main__ — 봇 주가요약 제외 [아모텍]: 1건
2026-10-05 00:04:21,909 [INFO] __main__ — 뉴스 시점 제외 [엘브이엠씨홀딩스]: 9건 (>14일/파싱실패)
2026-10-05 00:04:22,953 [INFO] __main__ — 봇 주가요약 제외 [동진쎄미켐]: 2건
2026-10-05 00:04:24,039 [INFO] __main__ — 봇 주가요약 제외 [코오롱티슈진]: 2건
2026-10-05 00:04:26,395 [INFO] __main__ — 봇 주가요약 제외 [파인엠텍]: 1건
2026-10-05 00:04:27,257 [INFO] __main__ — 봇 주가요약 제외 [메가터치]: 2건
2026-10-05 00:04:28,303 [INFO] __main__ — 봇 주가요약 제외 [브이엠]: 1건
2026-10-05 00:04:29,352 [INFO] __main__ — 뉴스 시점 제외 [대아티아이]: 12건 (>14일/파싱실패)
2026-10-05 00:04:29,524 [INFO] __main__ — 봇 주가요약 제외 [이수페타시스]: 2건
2026-10-05 00:04:31,523 [INFO] __main__ — 봇 주가요약 제외 [티엘비]: 4건
2026-10-05 00:04:33,873 [INFO] __main__ — 봇 주가요약 제외 [두산퓨얼셀]: 1건
2026-10-05 00:04:34,942 [INFO] __main__ — 봇 주가요약 제외 [SK이터닉스]: 3건
2026-10-05 00:04:36,264 [INFO] __main__ — 봇 주가요약 제외 [태성]: 2건
2026-10-05 00:04:36,288 [INFO] __main__ — 봇 주가요약 제외 [에이프릴바이오]: 2건
2026-10-05 00:04:37,306 [INFO] __main__ — 뉴스 시점 제외 [보성파워텍]: 9건 (>14일/파싱실패)
2026-10-05 00:04:39,301 [INFO] __main__ — 봇 주가요약 제외 [마키나락스]: 2건
2026-10-05 00:04:39,590 [INFO] __main__ — 뉴스 시점 제외 [맥쿼리인프라]: 6건 (>14일/파싱실패)
2026-10-05 00:04:39,628 [INFO] __main__ — 봇 주가요약 제외 [DB하이텍]: 1건
2026-10-05 00:04:40,963 [INFO] __main__ — 뉴스 시점 제외 [글로벌텍스프리]: 12건 (>14일/파싱실패)
2026-10-05 00:04:42,060 [INFO] __main__ — 뉴스 시점 제외 [와이지-원]: 13건 (>14일/파싱실패)
2026-10-05 00:04:42,811 [INFO] __main__ — 봇 주가요약 제외 [비에이치]: 2건
2026-10-05 00:04:46,461 [INFO] __main__ — 봇 주가요약 제외 [유니셈]: 2건
2026-10-05 00:04:47,585 [INFO] __main__ — 봇 주가요약 제외 [롯데에너지머티리얼즈]: 1건
2026-10-05 00:04:48,683 [INFO] __main__ — 봇 주가요약 제외 [코미코]: 1건
2026-10-05 00:04:50,816 [INFO] __main__ — 뉴스 시점 제외 [티씨머티리얼즈]: 13건 (>14일/파싱실패)
2026-10-05 00:04:52,047 [INFO] __main__ — 뉴스 시점 제외 [에스에이엠티]: 8건 (>14일/파싱실패)
2026-10-05 00:04:54,994 [INFO] __main__ — 뉴스 시점 제외 [서부T&D]: 3건 (>14일/파싱실패)
2026-10-05 00:04:56,451 [INFO] __main__ — 뉴스 시점 제외 [동국홀딩스]: 11건 (>14일/파싱실패)
2026-10-05 00:04:58,955 [INFO] __main__ — 봇 주가요약 제외 [지엔씨에너지]: 4건
2026-10-05 00:05:00,339 [INFO] __main__ — 봇 주가요약 제외 [LG씨엔에스]: 1건
2026-10-05 00:05:00,507 [INFO] __main__ — 봇 주가요약 제외 [지아이이노베이션]: 1건
2026-10-05 00:05:01,081 [INFO] __main__ — 봇 주가요약 제외 [미래에셋벤처투자]: 1건
2026-10-05 00:05:01,408 [INFO] __main__ — 봇 주가요약 제외 [RFHIC]: 2건
2026-10-05 00:05:02,477 [INFO] __main__ — 봇 주가요약 제외 [켐트로닉스]: 2건
2026-10-05 00:05:08,234 [INFO] __main__ — 봇 주가요약 제외 [에스앤에스텍]: 1건
2026-10-05 00:05:11,925 [INFO] __main__ — 뉴스 시점 제외 [코칩]: 7건 (>14일/파싱실패)
2026-10-05 00:05:16,841 [INFO] __main__ — 봇 주가요약 제외 [코세스]: 1건
2026-10-05 00:05:18,057 [INFO] __main__ — 봇 주가요약 제외 [SNT다이내믹스]: 1건
2026-10-05 00:05:18,136 [INFO] __main__ — 봇 주가요약 제외 [네패스]: 1건
2026-10-05 00:05:19,248 [INFO] __main__ — 봇 주가요약 제외 [두산테스나]: 3건
2026-10-05 00:05:20,613 [INFO] __main__ — 봇 주가요약 제외 [네패스아크]: 1건
2026-10-05 00:05:21,553 [INFO] __main__ — 봇 주가요약 제외 [칩스앤미디어]: 3건
2026-10-05 00:05:21,692 [INFO] __main__ — 봇 주가요약 제외 [LS ELECTRIC]: 2건
2026-10-05 00:05:21,700 [INFO] __main__ — 봇 주가요약 제외 [이노스페이스]: 1건
2026-10-05 00:05:23,777 [INFO] __main__ — 봇 주가요약 제외 [두산로보틱스]: 2건
2026-10-05 00:05:23,818 [INFO] __main__ — 뉴스 시점 제외 [미래에셋증권2우B]: 6건 (>14일/파싱실패)
2026-10-05 00:05:24,882 [INFO] __main__ — 뉴스 시점 제외 [하림지주]: 7건 (>14일/파싱실패)
2026-10-05 00:05:28,194 [INFO] __main__ — 봇 주가요약 제외 [한전기술]: 2건
2026-10-05 00:05:29,276 [INFO] __main__ — 봇 주가요약 제외 [산일전기]: 4건
2026-10-05 00:05:30,351 [INFO] __main__ — 봇 주가요약 제외 [원익QnC]: 3건
2026-10-05 00:05:30,565 [INFO] __main__ — 봇 주가요약 제외 [갤럭시아머니트리]: 1건
2026-10-05 00:05:31,417 [INFO] __main__ — 뉴스 시점 제외 [감성코퍼레이션]: 9건 (>14일/파싱실패)
2026-10-05 00:05:32,486 [INFO] __main__ — 봇 주가요약 제외 [비에이치아이]: 1건
2026-10-05 00:05:32,516 [INFO] __main__ — 봇 주가요약 제외 [케이엠더블유]: 1건
2026-10-05 00:05:33,567 [INFO] __main__ — 뉴스 시점 제외 [상신이디피]: 6건 (>14일/파싱실패)
2026-10-05 00:05:34,646 [INFO] __main__ — 뉴스 시점 제외 [엘티씨]: 2건 (>14일/파싱실패)
2026-10-05 00:05:35,716 [INFO] __main__ — 뉴스 시점 제외 [KB스타리츠]: 9건 (>14일/파싱실패)
2026-10-05 00:05:40,766 [INFO] __main__ — 봇 주가요약 제외 [리가켐바이오]: 1건
2026-10-05 00:05:41,782 [INFO] __main__ — 뉴스 시점 제외 [ESR켄달스퀘어리츠]: 10건 (>14일/파싱실패)
2026-10-05 00:05:44,025 [INFO] __main__ — 봇 주가요약 제외 [한화비전]: 1건
2026-10-05 00:05:47,293 [INFO] __main__ — 뉴스 시점 제외 [베뉴지]: 12건 (>14일/파싱실패)
2026-10-05 00:05:49,663 [INFO] __main__ — 봇 주가요약 제외 [클로봇]: 1건
2026-10-05 00:05:53,791 [INFO] __main__ — 뉴스 시점 제외 [슈어소프트테크]: 7건 (>14일/파싱실패)
2026-10-05 00:05:57,154 [INFO] __main__ — 뉴스 시점 제외 [남해화학]: 4건 (>14일/파싱실패)
2026-10-05 00:06:01,366 [INFO] __main__ — 봇 주가요약 제외 [성광벤드]: 1건
2026-10-05 00:06:01,392 [INFO] __main__ — 뉴스 시점 제외 [에스티큐브]: 9건 (>14일/파싱실패)
2026-10-05 00:06:02,478 [INFO] __main__ — 봇 주가요약 제외 [삼아알미늄]: 1건
2026-10-05 00:06:02,740 [INFO] __main__ — 봇 주가요약 제외 [엔켐]: 1건
2026-10-05 00:06:03,586 [INFO] __main__ — 봇 주가요약 제외 [해성디에스]: 1건
2026-10-05 00:06:03,824 [INFO] __main__ — 봇 주가요약 제외 [케이씨텍]: 1건
2026-10-05 00:06:04,661 [INFO] __main__ — 뉴스 시점 제외 [아스테라시스]: 7건 (>14일/파싱실패)
2026-10-05 00:06:09,185 [INFO] __main__ — 봇 주가요약 제외 [오픈엣지테크놀로지]: 3건
2026-10-05 00:06:10,137 [INFO] __main__ — 봇 주가요약 제외 [디지털대성]: 1건
2026-10-05 00:06:10,240 [INFO] __main__ — 봇 주가요약 제외 [명신산업]: 1건
2026-10-05 00:06:11,145 [INFO] __main__ — 뉴스 시점 제외 [포스코엠텍]: 3건 (>14일/파싱실패)
2026-10-05 00:06:11,146 [INFO] __main__ — 봇 주가요약 제외 [포스코엠텍]: 1건
2026-10-05 00:06:12,263 [INFO] __main__ — 뉴스 시점 제외 [코미팜]: 11건 (>14일/파싱실패)
2026-10-05 00:06:14,375 [INFO] __main__ — 봇 주가요약 제외 [비나텍]: 1건
2026-10-05 00:06:19,078 [INFO] __main__ — 뉴스 시점 제외 [신흥에스이씨]: 6건 (>14일/파싱실패)
2026-10-05 00:06:19,526 [INFO] __main__ — 뉴스 시점 제외 [이지홀딩스]: 12건 (>14일/파싱실패)
2026-10-05 00:06:25,097 [INFO] __main__ — 뉴스 시점 제외 [젬백스]: 6건 (>14일/파싱실패)
2026-10-05 00:06:26,662 [INFO] __main__ — 뉴스 시점 제외 [한국알콜]: 10건 (>14일/파싱실패)
2026-10-05 00:06:27,403 [INFO] __main__ — 뉴스 시점 제외 [현대차2우B]: 12건 (>14일/파싱실패)
2026-10-05 00:06:31,902 [INFO] __main__ — 봇 주가요약 제외 [가온칩스]: 2건
2026-10-05 00:06:32,995 [INFO] __main__ — 봇 주가요약 제외 [DSC인베스트먼트]: 1건
2026-10-05 00:06:33,349 [INFO] __main__ — 뉴스 시점 제외 [KG에코솔루션]: 14건 (>14일/파싱실패)
2026-10-05 00:06:36,238 [INFO] __main__ — 봇 주가요약 제외 [하나머티리얼즈]: 2건
2026-10-05 00:06:37,594 [INFO] __main__ — 뉴스 시점 제외 [에이디테크놀로지]: 4건 (>14일/파싱실패)
2026-10-05 00:06:37,594 [INFO] __main__ — 봇 주가요약 제외 [에이디테크놀로지]: 1건
2026-10-05 00:06:40,499 [INFO] __main__ — 뉴스 시점 제외 [세보엠이씨]: 11건 (>14일/파싱실패)
2026-10-05 00:06:43,315 [INFO] __main__ — 뉴스 시점 제외 [신한알파리츠]: 11건 (>14일/파싱실패)
2026-10-05 00:06:45,520 [INFO] __main__ — 뉴스 시점 제외 [동성화인텍]: 6건 (>14일/파싱실패)
2026-10-05 00:06:45,621 [INFO] __main__ — 부정 키워드 감지: 18개 종목 (neg_ratio > 0)
2026-10-05 00:06:45,623 [INFO] __main__ — 수급일수충족·합계음수 제외: 67개
2026-10-05 00:06:50,046 [INFO] __main__ — 봇 주가요약 제외 [풍산]: 1건
2026-10-05 00:06:50,597 [INFO] __main__ — 뉴스 시점 제외 [삼성전기우]: 10건 (>14일/파싱실패)
2026-10-05 00:06:50,653 [INFO] __main__ — 뉴스 시점 제외 [LG전자우]: 11건 (>14일/파싱실패)
2026-10-05 00:06:51,283 [INFO] __main__ — 뉴스 시점 제외 [한화리츠]: 9건 (>14일/파싱실패)
2026-10-05 00:06:53,592 [INFO] __main__ — 뉴스 시점 제외 [맵스리얼티]: 15건 (>14일/파싱실패)
2026-10-05 00:06:54,762 [INFO] __main__ — 뉴스 시점 제외 [CJ4우(전환)]: 15건 (>14일/파싱실패)
2026-10-05 00:06:54,869 [INFO] __main__ — 뉴스 시점 제외 [풍산홀딩스]: 12건 (>14일/파싱실패)
2026-10-05 00:06:55,360 [INFO] __main__ — 뉴스 시점 제외 [세아홀딩스]: 13건 (>14일/파싱실패)
2026-10-05 00:06:56,677 [INFO] __main__ — 뉴스 시점 제외 [조광피혁]: 12건 (>14일/파싱실패)
2026-10-05 00:06:57,247 [INFO] __main__ — 뉴스 시점 제외 [삼영무역]: 12건 (>14일/파싱실패)
2026-10-05 00:06:58,443 [INFO] __main__ — 뉴스 시점 제외 [일진홀딩스]: 2건 (>14일/파싱실패)
2026-10-05 00:06:58,993 [INFO] __main__ — 뉴스 시점 제외 [S-Oil우]: 8건 (>14일/파싱실패)
2026-10-05 00:07:00,271 [INFO] __main__ — 뉴스 시점 제외 [송원산업]: 8건 (>14일/파싱실패)
2026-10-05 00:07:00,779 [INFO] __main__ — 뉴스 시점 제외 [이지스밸류플러스리츠]: 10건 (>14일/파싱실패)
2026-10-05 00:07:02,087 [INFO] __main__ — 뉴스 시점 제외 [대신밸류리츠]: 13건 (>14일/파싱실패)
2026-10-05 00:07:02,663 [INFO] __main__ — 뉴스 시점 제외 [잇츠한불]: 5건 (>14일/파싱실패)
2026-10-05 00:07:03,096 [INFO] __main__ — 뉴스 시점 제외 [모토닉]: 13건 (>14일/파싱실패)
2026-10-05 00:07:03,672 [INFO] __main__ — 뉴스 시점 제외 [동아지질]: 1건 (>14일/파싱실패)
2026-10-05 00:07:04,448 [INFO] __main__ — 뉴스 시점 제외 [LG우]: 14건 (>14일/파싱실패)
2026-10-05 00:07:05,013 [INFO] __main__ — 봇 주가요약 제외 [티에스이]: 1건
2026-10-05 00:07:05,030 [INFO] __main__ — 봇 주가요약 제외 [파크시스템스]: 1건
2026-10-05 00:07:05,404 [INFO] __main__ — 뉴스 시점 제외 [큐리옥스바이오시스템즈]: 9건 (>14일/파싱실패)
2026-10-05 00:07:06,217 [INFO] __main__ — 봇 주가요약 제외 [유일로보틱스]: 1건
2026-10-05 00:07:06,651 [INFO] __main__ — 뉴스 시점 제외 [제룡전기]: 7건 (>14일/파싱실패)
2026-10-05 00:07:06,651 [INFO] __main__ — 봇 주가요약 제외 [제룡전기]: 1건
2026-10-05 00:07:07,839 [INFO] __main__ — 봇 주가요약 제외 [타이거일렉]: 1건
2026-10-05 00:07:08,580 [INFO] __main__ — 뉴스 시점 제외 [삼지전자]: 8건 (>14일/파싱실패)
2026-10-05 00:07:09,019 [INFO] __main__ — 뉴스 시점 제외 [현대힘스]: 9건 (>14일/파싱실패)
2026-10-05 00:07:10,995 [INFO] __main__ — 뉴스 시점 제외 [골프존홀딩스]: 7건 (>14일/파싱실패)
2026-10-05 00:07:11,376 [INFO] __main__ — 뉴스 시점 제외 [사피엔반도체]: 4건 (>14일/파싱실패)
2026-10-05 00:07:12,081 [INFO] __main__ — 봇 주가요약 제외 [에스비비테크]: 1건
2026-10-05 00:07:12,554 [INFO] __main__ — 뉴스 시점 제외 [인화정공]: 8건 (>14일/파싱실패)
2026-10-05 00:07:13,148 [INFO] __main__ — 뉴스 시점 제외 [필에너지]: 9건 (>14일/파싱실패)
2026-10-05 00:07:13,933 [INFO] __main__ — 뉴스 시점 제외 [인투셀]: 5건 (>14일/파싱실패)
2026-10-05 00:07:14,442 [INFO] __main__ — 봇 주가요약 제외 [덕산테코피아]: 1건
2026-10-05 00:07:15,028 [INFO] __main__ — 뉴스 시점 제외 [도우인시스]: 7건 (>14일/파싱실패)
2026-10-05 00:07:15,512 [INFO] __main__ — 뉴스 시점 제외 [케이티알파]: 8건 (>14일/파싱실패)
2026-10-05 00:07:15,741 [INFO] __main__ — 봇 주가요약 제외 [대명에너지]: 1건
2026-10-05 00:07:16,194 [INFO] __main__ — 뉴스 시점 제외 [신성에스티]: 2건 (>14일/파싱실패)
2026-10-05 00:07:16,315 [INFO] __main__ — 뉴스 시점 제외 [피에이치에이]: 9건 (>14일/파싱실패)
2026-10-05 00:07:16,905 [INFO] __main__ — 뉴스 시점 제외 [에스엔시스]: 9건 (>14일/파싱실패)
2026-10-05 00:07:17,288 [INFO] __main__ — 뉴스 시점 제외 [삼목에스폼]: 1건 (>14일/파싱실패)
2026-10-05 00:07:17,487 [INFO] __main__ — 뉴스 시점 제외 [덕양에너젠]: 2건 (>14일/파싱실패)
2026-10-05 00:07:18,459 [INFO] __main__ — 뉴스 시점 제외 [오리엔탈정공]: 7건 (>14일/파싱실패)
2026-10-05 00:07:18,633 [INFO] __main__ — 뉴스 시점 제외 [엠로]: 6건 (>14일/파싱실패)
2026-10-05 00:07:19,043 [INFO] __main__ — 뉴스 시점 제외 [JTC]: 6건 (>14일/파싱실패)
2026-10-05 00:07:19,232 [INFO] __main__ — 뉴스 시점 제외 [BGF에코머티리얼즈]: 9건 (>14일/파싱실패)
2026-10-05 00:07:19,333 [INFO] __main__ — POOL_A 후보 부정뉴스 2차 조회: 168개
2026-10-05 00:07:19,335 [INFO] __main__ — POOL_A: 436개 (A:428 B:0 동시:8) | 부정게이트 제외:8
  대형:43 중형:181 소형:212
2026-10-05 00:07:19,339 [INFO] __main__ — 대조군 표본(무신호): 40개 / 모집단 484개 → pool_history
2026-10-05 00:07:19,340 [INFO] __main__ —   → POOL_A: 436개
2026-10-05 00:07:19,340 [INFO] __main__ — ▶ Step 2: 하드 필터링
2026-10-05 00:07:19,341 [INFO] __main__ — 하드 필터 제거: 423개 | 과열배제 90 | 이격도상한 32 | 이격도하한 3 | MA추세 228 | RSI과열 9 | 거래대금 61
2026-10-05 00:07:19,343 [INFO] __main__ — 과열 gated 기록: 90개 → gated_tickers
2026-10-05 00:07:19,345 [INFO] __main__ — 대조군 표본(필터탈락): 164개 / 모집단 423개 → pool_history
2026-10-05 00:07:19,345 [INFO] __main__ — POOL_B: 13개 | 대형:0 중형:7 소형:6
2026-10-05 00:07:19,345 [INFO] __main__ —   → POOL_B: 13개
2026-10-05 00:07:19,346 [INFO] __main__ — ▶ Step 3: 스코어링 (FinBERT 감성 분석)
2026-10-05 00:07:19,346 [INFO] __main__ — NaverClient: 3개 키 로드 (DataLab·검색 독립 회전)
2026-10-05 00:07:19,346 [INFO] __main__ — 텍스트 신규 수집: 13종목 (캐시 적중 0종목)
2026-10-05 00:07:19,859 [INFO] __main__ — 봇 주가요약 제외 [광전자]: 5건
2026-10-05 00:07:19,865 [INFO] __main__ — 뉴스 시점 제외 [삼아알미늄]: 18건 (>14일/파싱실패)
2026-10-05 00:07:19,865 [INFO] __main__ — 봇 주가요약 제외 [삼아알미늄]: 1건
2026-10-05 00:07:27,527 [INFO] __main__ — 봇 주가요약 제외 [제이앤티씨]: 1건
2026-10-05 00:07:31,169 [INFO] __main__ — 뉴스 시점 제외 [상신이디피]: 21건 (>14일/파싱실패)
2026-10-05 00:07:31,213 [INFO] __main__ — 봇 주가요약 제외 [우리기술투자]: 3건
2026-10-05 00:07:35,081 [INFO] __main__ — 뉴스 시점 제외 [세보엠이씨]: 26건 (>14일/파싱실패)
2026-10-05 00:07:38,873 [INFO] __main__ — 기사 보존(수집): 99건 (13종목) → news_articles
2026-10-05 00:07:38,875 [INFO] __main__ — 공시 보존(수집): 14건 (13종목) → dart_filings
2026-10-05 00:07:38,876 [INFO] __main__ — 수집 완료: 뉴스 99건 | 공시 14건
2026-10-05 00:07:38,876 [INFO] __main__ — FinBERT 감성 분석 (finbert 모드)...
2026-10-05 00:07:38,876 [INFO] __main__ — FinBERT 로딩: snunlp/KR-FinBert-SC (CPU, batch=8)
2026-10-05 00:07:38,987 [INFO] httpx — HTTP Request: GET https://huggingface.co/api/agent-harnesses "HTTP/1.1 200 OK"
2026-10-05 00:07:39,059 [INFO] httpx — HTTP Request: GET https://huggingface.co/api/models/snunlp/KR-FinBert-SC "HTTP/1.1 200 OK"
2026-10-05 00:07:39,146 [INFO] httpx — HTTP Request: HEAD https://huggingface.co/snunlp/KR-FinBert-SC/resolve/main/model.safetensors "HTTP/1.1 404 Not Found"
2026-10-05 00:07:39,146 [WARNING] huggingface_hub.utils._http — Warning: You are sending unauthenticated requests to the HF Hub. Please set a HF_TOKEN to enable higher rate limits and faster downloads.
2026-10-05 00:07:39,342 [INFO] httpx — HTTP Request: GET https://huggingface.co/api/models/snunlp/KR-FinBert-SC "HTTP/1.1 200 OK"
2026-10-05 00:07:39,441 [INFO] httpx — HTTP Request: GET https://huggingface.co/api/models/snunlp/KR-FinBert-SC/tree/main/additional_chat_templates?recursive=false&expand=false "HTTP/1.1 404 Not Found"
2026-10-05 00:07:39,443 [INFO] httpx — HTTP Request: GET https://huggingface.co/api/models/snunlp/KR-FinBert-SC/commits/main "HTTP/1.1 200 OK"
2026-10-05 00:07:39,515 [INFO] httpx — HTTP Request: GET https://huggingface.co/api/models/snunlp/KR-FinBert-SC/tree/main?recursive=true&expand=false "HTTP/1.1 200 OK"
2026-10-05 00:07:39,543 [INFO] httpx — HTTP Request: GET https://huggingface.co/api/models/snunlp/KR-FinBert-SC/discussions?p=0 "HTTP/1.1 200 OK"
2026-10-05 00:07:39,599 [INFO] httpx — HTTP Request: HEAD https://huggingface.co/snunlp/KR-FinBert-SC/resolve/f8586286cc3161fb648e9fee09a456069fd846d0/processor_config.json "HTTP/1.1 404 Not Found"
2026-10-05 00:07:39,632 [INFO] httpx — HTTP Request: GET https://huggingface.co/api/models/snunlp/KR-FinBert-SC/commits/refs%2Fpr%2F3 "HTTP/1.1 200 OK"
2026-10-05 00:07:39,668 [INFO] httpx — HTTP Request: HEAD https://huggingface.co/snunlp/KR-FinBert-SC/resolve/f8586286cc3161fb648e9fee09a456069fd846d0/video_preprocessor_config.json "HTTP/1.1 404 Not Found"
2026-10-05 00:07:39,705 [INFO] httpx — HTTP Request: HEAD https://huggingface.co/snunlp/KR-FinBert-SC/resolve/refs%2Fpr%2F3/model.safetensors.index.json "HTTP/1.1 404 Not Found"
2026-10-05 00:07:39,735 [INFO] httpx — HTTP Request: HEAD https://huggingface.co/snunlp/KR-FinBert-SC/resolve/f8586286cc3161fb648e9fee09a456069fd846d0/preprocessor_config.json "HTTP/1.1 404 Not Found"
2026-10-05 00:07:39,736 [INFO] __main__ — FinBERT 로드 완료 (CPU)
2026-10-05 00:07:39,776 [INFO] httpx — HTTP Request: HEAD https://huggingface.co/snunlp/KR-FinBert-SC/resolve/refs%2Fpr%2F3/model.safetensors "HTTP/1.1 302 Found"
2026-10-05 00:07:46,709 [INFO] __main__ — Phase A.1: 매핑 신뢰도 < 0.5 → 감성 점수 폐기 10건
2026-10-05 00:07:46,709 [INFO] __main__ — [shadow] 필드별 검사 기준 폐기 0/13종목 (집행 10건 — 변동 없음)
2026-10-05 00:07:46,709 [INFO] __main__ — 스코어링: 13개 | 집중:0 | FinBERT:finbert
2026-10-05 00:07:46,721 [INFO] __main__ —   → 13개
2026-10-05 00:07:46,721 [INFO] __main__ — ▶ Step 4: 발송
2026-10-05 00:07:53,854 [INFO] __main__ — DB 기록: 8개 / 전체 to_send 8개
2026-10-05 00:07:53,854 [INFO] __main__ — 발송: 8종목 | 누적 4~10회 4 | 신규 0
2026-10-05 00:07:53,854 [INFO] __main__ — 완료  |  소요: 641.3초
2026-10-05 00:07:54,618 [INFO] track_outcomes — pool_history 대조군 11259건 추적 대상 포함
2026-10-05 00:07:54,696 [INFO] track_outcomes — 고아 행 133건 복원 (targets에서 탈락한 미완 키)
2026-10-05 00:07:54,696 [INFO] track_outcomes — 대상 21789건 | 갱신 필요 8786건 | 완료 스킵 13136건
2026-10-05 00:07:54,698 [INFO] track_outcomes —   가격 조회 고유 종목 952개 (기존 301 + 대조군 추가 651)
2026-10-05 00:07:54,699 [INFO] track_outcomes —   가격 조회 종료일 2026-10-04 (KST 오늘 2026-10-05 09:07 — 당일 바 제외)
2026-10-05 00:22:57,849 [INFO] track_outcomes — outcomes 적재: 신규 307건 | 갱신(신규+보완) 307건
