2026-09-22 23:36:15,774 [INFO] __main__ — config 검증 완료 ✓
2026-09-22 23:36:15,774 [INFO] __main__ — KIS 조회 도메인: 실전 (https://openapi.koreainvestment.com:9443)
2026-09-22 23:36:15,774 [INFO] __main__ — ============================================================
2026-09-22 23:36:15,774 [INFO] __main__ — AlphaRadar v3.3.1  |  기준일: 20260923  |  런: am
2026-09-22 23:36:15,774 [INFO] __main__ — S = T×0.3 + S_text×0.4 + D×0.3
2026-09-22 23:36:15,774 [INFO] __main__ — ============================================================
2026-09-22 23:36:15,775 [INFO] __main__ — ▶ Step 0: 유니버스 필터링
2026-09-22 23:36:16,062 [INFO] __main__ — FDR 데이터 수집: 20260320 ~ 20260923
2026-09-22 23:36:17,164 [INFO] __main__ — master universe 메타: 캐시 사용 2760개 (year=2026)
2026-09-22 23:36:17,167 [INFO] __main__ — master 보강: 등급 833개 | FnGuide/KSIC 2543개 | 섹터(fg_industry) 2543개
2026-09-22 23:36:17,167 [INFO] __main__ — KOSPI: 942개 | 섹터정보 830개 (DART +827개 보완)
2026-09-22 23:36:17,168 [INFO] __main__ — KOSDAQ: 1820개 | 섹터정보 1742개
2026-09-22 23:36:17,168 [INFO] __main__ — 전체: 2762개
2026-09-22 23:36:19,066 [INFO] __main__ — KIS 토큰 발급 완료
2026-09-22 23:42:21,919 [INFO] __main__ — DART corp_code 매핑: 880/905개 (97%)
2026-09-22 23:42:21,920 [INFO] __main__ — 유효 유니버스: 905개
2026-09-22 23:42:21,928 [INFO] __main__ —   → 905개
2026-09-22 23:42:21,928 [INFO] __main__ — ▶ Step 1: 신호 탐지
2026-09-22 23:42:21,929 [INFO] __main__ — NaverClient: 3개 키 로드 (DataLab·검색 독립 회전)
2026-09-22 23:42:21,929 [INFO] __main__ — 관심 지수 및 부정 뉴스 비율 조회 중...
2026-09-22 23:42:23,438 [INFO] __main__ — 봇 주가요약 제외 [대한광통신]: 2건
2026-09-22 23:42:23,443 [INFO] __main__ — 봇 주가요약 제외 [빛과전자]: 3건
2026-09-22 23:42:24,841 [INFO] __main__ — 봇 주가요약 제외 [성호전자]: 1건
2026-09-22 23:42:26,012 [INFO] __main__ — 봇 주가요약 제외 [우리로]: 3건
2026-09-22 23:42:26,021 [INFO] __main__ — 봇 주가요약 제외 [아주IB투자]: 3건
2026-09-22 23:42:27,352 [INFO] __main__ — 봇 주가요약 제외 [KBI메탈]: 2건
2026-09-22 23:42:27,402 [INFO] __main__ — 봇 주가요약 제외 [우리기술투자]: 2건
2026-09-22 23:42:28,438 [INFO] __main__ — 봇 주가요약 제외 [삼미금속]: 2건
2026-09-22 23:42:29,591 [INFO] __main__ — 봇 주가요약 제외 [엑스게이트]: 5건
2026-09-22 23:42:29,636 [INFO] __main__ — 봇 주가요약 제외 [대원전선]: 3건
2026-09-22 23:42:30,639 [INFO] __main__ — 봇 주가요약 제외 [와이씨]: 1건
2026-09-22 23:42:31,707 [INFO] __main__ — 봇 주가요약 제외 [후성]: 4건
2026-09-22 23:42:31,770 [INFO] __main__ — 봇 주가요약 제외 [PS일렉트로닉스]: 2건
2026-09-22 23:42:32,976 [INFO] __main__ — 봇 주가요약 제외 [에스엠벡셀]: 2건
2026-09-22 23:42:33,851 [INFO] __main__ — 봇 주가요약 제외 [드림시큐리티]: 1건
2026-09-22 23:42:34,052 [INFO] __main__ — 봇 주가요약 제외 [티엠씨]: 1건
2026-09-22 23:42:38,090 [INFO] __main__ — 봇 주가요약 제외 [드림텍]: 1건
2026-09-22 23:42:38,181 [INFO] __main__ — 봇 주가요약 제외 [티이엠씨]: 2건
2026-09-22 23:42:39,314 [INFO] __main__ — 봇 주가요약 제외 [현대무벡스]: 1건
2026-09-22 23:42:41,414 [INFO] __main__ — 봇 주가요약 제외 [원익홀딩스]: 2건
2026-09-22 23:42:42,379 [INFO] __main__ — 봇 주가요약 제외 [다날]: 1건
2026-09-22 23:42:44,556 [INFO] __main__ — 봇 주가요약 제외 [아모텍]: 2건
2026-09-22 23:42:45,579 [INFO] __main__ — 봇 주가요약 제외 [뉴파워프라즈마]: 1건
2026-09-22 23:42:46,574 [INFO] __main__ — 봇 주가요약 제외 [코칩]: 1건
2026-09-22 23:42:46,637 [INFO] __main__ — 봇 주가요약 제외 [아이씨티케이]: 1건
2026-09-22 23:42:47,576 [INFO] __main__ — 봇 주가요약 제외 [페니트리움바이오]: 2건
2026-09-22 23:42:48,650 [INFO] __main__ — 봇 주가요약 제외 [오름테라퓨틱]: 1건
2026-09-22 23:42:49,744 [INFO] __main__ — 봇 주가요약 제외 [한양디지텍]: 1건
2026-09-22 23:42:50,844 [INFO] __main__ — 봇 주가요약 제외 [휴림로봇]: 2건
2026-09-22 23:42:51,847 [INFO] __main__ — 봇 주가요약 제외 [삼화콘덴서]: 1건
2026-09-22 23:42:54,033 [INFO] __main__ — 봇 주가요약 제외 [RF머트리얼즈]: 1건
2026-09-22 23:42:54,926 [INFO] __main__ — 봇 주가요약 제외 [RFHIC]: 1건
2026-09-22 23:42:58,305 [INFO] __main__ — 봇 주가요약 제외 [서진시스템]: 3건
2026-09-22 23:42:58,326 [INFO] __main__ — 봇 주가요약 제외 [비에이치]: 1건
2026-09-22 23:42:59,157 [INFO] __main__ — 봇 주가요약 제외 [엠케이전자]: 1건
2026-09-22 23:42:59,387 [INFO] __main__ — 봇 주가요약 제외 [미래에셋벤처투자]: 1건
2026-09-22 23:43:01,544 [INFO] __main__ — 봇 주가요약 제외 [지엔씨에너지]: 1건
2026-09-22 23:43:05,765 [INFO] __main__ — 봇 주가요약 제외 [피델릭스]: 1건
2026-09-22 23:43:07,883 [INFO] __main__ — 봇 주가요약 제외 [SK이터닉스]: 2건
2026-09-22 23:43:08,925 [INFO] __main__ — 봇 주가요약 제외 [저스템]: 1건
2026-09-22 23:43:11,046 [INFO] __main__ — 봇 주가요약 제외 [두산퓨얼셀]: 2건
2026-09-22 23:43:12,909 [INFO] __main__ — 뉴스 시점 제외 [동국홀딩스]: 8건 (>14일/파싱실패)
2026-09-22 23:43:13,986 [INFO] __main__ — 봇 주가요약 제외 [브이엠]: 1건
2026-09-22 23:43:14,241 [INFO] __main__ — 봇 주가요약 제외 [코미코]: 2건
2026-09-22 23:43:17,309 [INFO] __main__ — 뉴스 시점 제외 [KB발해인프라]: 12건 (>14일/파싱실패)
2026-09-22 23:43:18,158 [INFO] __main__ — 봇 주가요약 제외 [가온전선]: 2건
2026-09-22 23:43:19,202 [INFO] __main__ — 봇 주가요약 제외 [테크윙]: 1건
2026-09-22 23:43:20,527 [INFO] __main__ — 봇 주가요약 제외 [HLB제약]: 2건
2026-09-22 23:43:23,678 [INFO] __main__ — 봇 주가요약 제외 [인텍플러스]: 1건
2026-09-22 23:43:23,849 [INFO] __main__ — 뉴스 시점 제외 [와이지-원]: 5건 (>14일/파싱실패)
2026-09-22 23:43:24,695 [INFO] __main__ — 봇 주가요약 제외 [에이비엘바이오]: 1건
2026-09-22 23:43:25,044 [INFO] __main__ — 봇 주가요약 제외 [디앤디파마텍]: 1건
2026-09-22 23:43:25,178 [INFO] __main__ — 봇 주가요약 제외 [일진전기]: 2건
2026-09-22 23:43:28,558 [INFO] __main__ — 봇 주가요약 제외 [미코]: 1건
2026-09-22 23:43:29,758 [INFO] __main__ — 봇 주가요약 제외 [LG씨엔에스]: 1건
2026-09-22 23:43:30,767 [INFO] __main__ — 봇 주가요약 제외 [서울반도체]: 2건
2026-09-22 23:43:31,876 [INFO] __main__ — 봇 주가요약 제외 [두산테스나]: 2건
2026-09-22 23:43:33,166 [INFO] __main__ — 봇 주가요약 제외 [명신산업]: 1건
2026-09-22 23:43:35,103 [INFO] __main__ — 봇 주가요약 제외 [한국정보인증]: 1건
2026-09-22 23:43:38,458 [INFO] __main__ — 봇 주가요약 제외 [심텍홀딩스]: 1건
2026-09-22 23:43:43,767 [INFO] __main__ — 봇 주가요약 제외 [HLB생명과학]: 1건
2026-09-22 23:43:43,770 [INFO] __main__ — 뉴스 시점 제외 [ESR켄달스퀘어리츠]: 12건 (>14일/파싱실패)
2026-09-22 23:43:44,818 [INFO] __main__ — 봇 주가요약 제외 [뉴로메카]: 1건
2026-09-22 23:43:51,247 [INFO] __main__ — 뉴스 시점 제외 [맵스리얼티]: 9건 (>14일/파싱실패)
2026-09-22 23:43:51,841 [INFO] __main__ — 봇 주가요약 제외 [비나텍]: 1건
2026-09-22 23:43:52,104 [INFO] __main__ — 뉴스 시점 제외 [서부T&D]: 6건 (>14일/파싱실패)
2026-09-22 23:43:53,380 [INFO] __main__ — 봇 주가요약 제외 [유니셈]: 2건
2026-09-22 23:43:55,465 [INFO] __main__ — 봇 주가요약 제외 [네오티스]: 1건
2026-09-22 23:43:56,255 [INFO] __main__ — 뉴스 시점 제외 [휴스틸]: 6건 (>14일/파싱실패)
2026-09-22 23:43:58,575 [INFO] __main__ — 뉴스 시점 제외 [미래에셋증권2우B]: 4건 (>14일/파싱실패)
2026-09-22 23:44:01,712 [INFO] __main__ — 봇 주가요약 제외 [산일전기]: 3건
2026-09-22 23:44:01,734 [INFO] __main__ — 뉴스 시점 제외 [서울바이오시스]: 2건 (>14일/파싱실패)
2026-09-22 23:44:04,904 [INFO] __main__ — 봇 주가요약 제외 [에스피지]: 1건
2026-09-22 23:44:08,097 [INFO] __main__ — 뉴스 시점 제외 [이수화학]: 1건 (>14일/파싱실패)
2026-09-22 23:44:11,191 [INFO] __main__ — 봇 주가요약 제외 [유니테스트]: 1건
2026-09-22 23:44:12,234 [INFO] __main__ — 봇 주가요약 제외 [기가비스]: 1건
2026-09-22 23:44:15,434 [INFO] __main__ — 봇 주가요약 제외 [OCI홀딩스]: 1건
2026-09-22 23:44:17,519 [INFO] __main__ — 봇 주가요약 제외 [태웅]: 1건
2026-09-22 23:44:17,532 [INFO] __main__ — 봇 주가요약 제외 [동진쎄미켐]: 1건
2026-09-22 23:44:20,414 [INFO] __main__ — 뉴스 시점 제외 [엘브이엠씨홀딩스]: 15건 (>14일/파싱실패)
2026-09-22 23:44:25,151 [INFO] __main__ — 봇 주가요약 제외 [케이씨텍]: 1건
2026-09-22 23:44:29,346 [INFO] __main__ — 봇 주가요약 제외 [태성]: 1건
2026-09-22 23:44:29,644 [INFO] __main__ — 뉴스 시점 제외 [오리엔탈정공]: 6건 (>14일/파싱실패)
2026-09-22 23:44:33,613 [INFO] __main__ — 봇 주가요약 제외 [원익QnC]: 1건
2026-09-22 23:44:37,244 [INFO] __main__ — 봇 주가요약 제외 [셀바스AI]: 1건
2026-09-22 23:44:42,524 [INFO] __main__ — 봇 주가요약 제외 [가온칩스]: 1건
2026-09-22 23:44:48,365 [INFO] __main__ — 봇 주가요약 제외 [에스앤에스텍]: 2건
2026-09-22 23:44:51,932 [INFO] __main__ — 뉴스 시점 제외 [현대차2우B]: 9건 (>14일/파싱실패)
2026-09-22 23:44:53,640 [INFO] __main__ — 뉴스 시점 제외 [신한알파리츠]: 11건 (>14일/파싱실패)
2026-09-22 23:44:53,989 [INFO] __main__ — 봇 주가요약 제외 [유진테크]: 2건
2026-09-22 23:44:55,025 [INFO] __main__ — 봇 주가요약 제외 [피에스케이홀딩스]: 1건
2026-09-22 23:44:59,463 [INFO] __main__ — 봇 주가요약 제외 [케이엔알시스템]: 1건
2026-09-22 23:45:05,453 [INFO] __main__ — 봇 주가요약 제외 [에스비비테크]: 1건
2026-09-22 23:45:07,587 [INFO] __main__ — 봇 주가요약 제외 [상아프론테크]: 1건
2026-09-22 23:45:13,527 [INFO] __main__ — 뉴스 시점 제외 [신흥에스이씨]: 6건 (>14일/파싱실패)
2026-09-22 23:45:13,889 [INFO] __main__ — 뉴스 시점 제외 [이지홀딩스]: 7건 (>14일/파싱실패)
2026-09-22 23:45:18,216 [INFO] __main__ — 뉴스 시점 제외 [젬백스]: 8건 (>14일/파싱실패)
2026-09-22 23:45:21,109 [INFO] __main__ — 뉴스 시점 제외 [현대힘스]: 5건 (>14일/파싱실패)
2026-09-22 23:45:21,867 [INFO] __main__ — 부정 키워드 감지: 15개 종목 (neg_ratio > 0)
2026-09-22 23:45:21,869 [INFO] __main__ — 수급일수충족·합계음수 제외: 80개
2026-09-22 23:45:24,444 [INFO] __main__ — 뉴스 시점 제외 [삼성전기우]: 9건 (>14일/파싱실패)
2026-09-22 23:45:25,610 [INFO] __main__ — 뉴스 시점 제외 [한화리츠]: 10건 (>14일/파싱실패)
2026-09-22 23:45:26,172 [INFO] __main__ — 봇 주가요약 제외 [경동나비엔]: 1건
2026-09-22 23:45:27,341 [INFO] __main__ — 뉴스 시점 제외 [풍산홀딩스]: 6건 (>14일/파싱실패)
2026-09-22 23:45:27,977 [INFO] __main__ — 뉴스 시점 제외 [CJ4우(전환)]: 14건 (>14일/파싱실패)
2026-09-22 23:45:28,053 [INFO] __main__ — 봇 주가요약 제외 [케이씨]: 1건
2026-09-22 23:45:28,624 [INFO] __main__ — 뉴스 시점 제외 [아모레퍼시픽우]: 11건 (>14일/파싱실패)
2026-09-22 23:45:29,082 [INFO] __main__ — 뉴스 시점 제외 [조광피혁]: 7건 (>14일/파싱실패)
2026-09-22 23:45:29,211 [INFO] __main__ — 뉴스 시점 제외 [코람코라이프인프라리츠]: 8건 (>14일/파싱실패)
2026-09-22 23:45:29,784 [INFO] __main__ — 뉴스 시점 제외 [신대양제지]: 15건 (>14일/파싱실패)
2026-09-22 23:45:30,233 [INFO] __main__ — 뉴스 시점 제외 [INVENI]: 9건 (>14일/파싱실패)
2026-09-22 23:45:30,797 [INFO] __main__ — 뉴스 시점 제외 [삼성SDI우]: 10건 (>14일/파싱실패)
2026-09-22 23:45:31,377 [INFO] __main__ — 뉴스 시점 제외 [아세아제지]: 12건 (>14일/파싱실패)
2026-09-22 23:45:31,485 [INFO] __main__ — 뉴스 시점 제외 [S-Oil우]: 13건 (>14일/파싱실패)
2026-09-22 23:45:32,550 [INFO] __main__ — 뉴스 시점 제외 [신한서부티엔디리츠]: 11건 (>14일/파싱실패)
2026-09-22 23:45:33,242 [INFO] __main__ — 뉴스 시점 제외 [대신밸류리츠]: 12건 (>14일/파싱실패)
2026-09-22 23:45:33,313 [INFO] __main__ — 뉴스 시점 제외 [미원화학]: 9건 (>14일/파싱실패)
2026-09-22 23:45:33,885 [INFO] __main__ — 뉴스 시점 제외 [LG생활건강우]: 10건 (>14일/파싱실패)
2026-09-22 23:45:34,285 [INFO] __main__ — 뉴스 시점 제외 [LG우]: 13건 (>14일/파싱실패)
2026-09-22 23:45:34,410 [INFO] __main__ — 뉴스 시점 제외 [천일고속]: 14건 (>14일/파싱실패)
2026-09-22 23:45:34,893 [INFO] __main__ — 봇 주가요약 제외 [티씨케이]: 2건
2026-09-22 23:45:35,043 [INFO] __main__ — 봇 주가요약 제외 [GST]: 2건
2026-09-22 23:45:35,626 [INFO] __main__ — 봇 주가요약 제외 [제룡전기]: 1건
2026-09-22 23:45:39,118 [INFO] __main__ — 봇 주가요약 제외 [매커스]: 1건
2026-09-22 23:45:39,596 [INFO] __main__ — 뉴스 시점 제외 [나이스정보통신]: 2건 (>14일/파싱실패)
2026-09-22 23:45:40,877 [INFO] __main__ — 뉴스 시점 제외 [한라IMS]: 5건 (>14일/파싱실패)
2026-09-22 23:45:41,416 [INFO] __main__ — 뉴스 시점 제외 [필에너지]: 4건 (>14일/파싱실패)
2026-09-22 23:45:42,097 [INFO] __main__ — 뉴스 시점 제외 [우주일렉트로]: 5건 (>14일/파싱실패)
2026-09-22 23:45:42,097 [INFO] __main__ — 봇 주가요약 제외 [우주일렉트로]: 1건
2026-09-22 23:45:42,635 [INFO] __main__ — 뉴스 시점 제외 [케이티알파]: 9건 (>14일/파싱실패)
2026-09-22 23:45:43,264 [INFO] __main__ — 뉴스 시점 제외 [뷰웍스]: 3건 (>14일/파싱실패)
2026-09-22 23:45:44,420 [INFO] __main__ — 뉴스 시점 제외 [이지바이오]: 10건 (>14일/파싱실패)
2026-09-22 23:45:44,552 [INFO] __main__ — POOL_A 후보 부정뉴스 2차 조회: 114개
2026-09-22 23:45:44,554 [INFO] __main__ — POOL_A: 389개 (A:256 B:48 동시:85) | 부정게이트 제외:4
  대형:47 중형:157 소형:185
2026-09-22 23:45:44,564 [INFO] __main__ — 대조군 표본(무신호): 40개 / 모집단 516개 → pool_history
2026-09-22 23:45:44,566 [INFO] __main__ —   → POOL_A: 389개
2026-09-22 23:45:44,566 [INFO] __main__ — ▶ Step 2: 하드 필터링
2026-09-22 23:45:44,568 [INFO] __main__ — 하드 필터 제거: 366개 | 과열배제 63 | 이격도상한 15 | 이격도하한 15 | MA추세 203 | RSI과열 6 | 거래대금 64
2026-09-22 23:45:44,573 [INFO] __main__ — 과열 gated 기록: 63개 → gated_tickers
2026-09-22 23:45:44,578 [INFO] __main__ — 대조군 표본(필터탈락): 156개 / 모집단 366개 → pool_history
2026-09-22 23:45:44,579 [INFO] __main__ — POOL_B: 23개 | 대형:0 중형:8 소형:15
2026-09-22 23:45:44,579 [INFO] __main__ —   → POOL_B: 23개
2026-09-22 23:45:44,579 [INFO] __main__ — ▶ Step 3: 스코어링 (FinBERT 감성 분석)
2026-09-22 23:45:44,579 [INFO] __main__ — NaverClient: 3개 키 로드 (DataLab·검색 독립 회전)
2026-09-22 23:45:44,579 [INFO] __main__ — 텍스트 신규 수집: 23종목 (캐시 적중 0종목)
2026-09-22 23:45:45,084 [INFO] __main__ — 봇 주가요약 제외 [SK이터닉스]: 3건
2026-09-22 23:45:45,122 [INFO] __main__ — 뉴스 시점 제외 [삼성전기우]: 24건 (>14일/파싱실패)
2026-09-22 23:45:45,716 [INFO] __main__ — 봇 주가요약 제외 [대원전선]: 3건
2026-09-22 23:45:52,557 [INFO] __main__ — 뉴스 시점 제외 [동아지질]: 2건 (>14일/파싱실패)
2026-09-22 23:45:56,015 [INFO] __main__ — 봇 주가요약 제외 [미코]: 1건
2026-09-22 23:45:59,486 [INFO] __main__ — 봇 주가요약 제외 [우리기술투자]: 2건
2026-09-22 23:45:59,952 [INFO] __main__ — 봇 주가요약 제외 [코스모로보틱스]: 1건
2026-09-22 23:46:02,960 [INFO] __main__ — 봇 주가요약 제외 [저스템]: 1건
2026-09-22 23:46:06,596 [INFO] __main__ — 봇 주가요약 제외 [더즌]: 2건
2026-09-22 23:46:06,747 [INFO] __main__ — 봇 주가요약 제외 [코칩]: 3건
2026-09-22 23:46:09,800 [INFO] __main__ — 봇 주가요약 제외 [지투파워]: 1건
2026-09-22 23:46:12,750 [INFO] __main__ — 기사 보존(수집): 189건 (23종목) → news_articles
2026-09-22 23:46:12,753 [INFO] __main__ — 공시 보존(수집): 34건 (23종목) → dart_filings
2026-09-22 23:46:12,754 [INFO] __main__ — 수집 완료: 뉴스 189건 | 공시 34건
2026-09-22 23:46:12,754 [INFO] __main__ — FinBERT 감성 분석 (finbert 모드)...
2026-09-22 23:46:12,754 [INFO] __main__ — FinBERT 로딩: snunlp/KR-FinBert-SC (CPU, batch=8)
2026-09-22 23:46:12,885 [INFO] httpx — HTTP Request: GET https://huggingface.co/api/agent-harnesses "HTTP/1.1 200 OK"
2026-09-22 23:46:12,958 [INFO] httpx — HTTP Request: HEAD https://huggingface.co/snunlp/KR-FinBert-SC/resolve/main/config.json "HTTP/1.1 307 Temporary Redirect"
2026-09-22 23:46:12,964 [INFO] httpx — HTTP Request: HEAD https://huggingface.co/api/resolve-cache/models/snunlp/KR-FinBert-SC/f8586286cc3161fb648e9fee09a456069fd846d0/config.json?%2Fsnunlp%2FKR-FinBert-SC%2Fresolve%2Fmain%2Fconfig.json=&etag=%22bd00b2460e394f69e29e6438699e074cbac9584e%22 "HTTP/1.1 200 OK"
2026-09-22 23:46:13,063 [INFO] httpx — HTTP Request: HEAD https://huggingface.co/snunlp/KR-FinBert-SC/resolve/main/model.safetensors "HTTP/1.1 404 Not Found"
2026-09-22 23:46:13,063 [WARNING] huggingface_hub.utils._http — Warning: You are sending unauthenticated requests to the HF Hub. Please set a HF_TOKEN to enable higher rate limits and faster downloads.
2026-09-22 23:46:13,134 [INFO] httpx — HTTP Request: GET https://huggingface.co/api/models/snunlp/KR-FinBert-SC "HTTP/1.1 200 OK"
2026-09-22 23:46:13,217 [INFO] httpx — HTTP Request: GET https://huggingface.co/api/models/snunlp/KR-FinBert-SC/commits/main "HTTP/1.1 200 OK"
2026-09-22 23:46:13,291 [INFO] httpx — HTTP Request: GET https://huggingface.co/api/models/snunlp/KR-FinBert-SC/tree/main/additional_chat_templates?recursive=false&expand=false "HTTP/1.1 404 Not Found"
2026-09-22 23:46:13,306 [INFO] httpx — HTTP Request: GET https://huggingface.co/api/models/snunlp/KR-FinBert-SC/discussions?p=0 "HTTP/1.1 200 OK"
2026-09-22 23:46:13,368 [INFO] httpx — HTTP Request: GET https://huggingface.co/api/models/snunlp/KR-FinBert-SC/tree/main?recursive=true&expand=false "HTTP/1.1 200 OK"
2026-09-22 23:46:13,393 [INFO] httpx — HTTP Request: GET https://huggingface.co/api/models/snunlp/KR-FinBert-SC/commits/refs%2Fpr%2F3 "HTTP/1.1 200 OK"
2026-09-22 23:46:13,465 [INFO] httpx — HTTP Request: HEAD https://huggingface.co/snunlp/KR-FinBert-SC/resolve/main/processor_config.json "HTTP/1.1 404 Not Found"
2026-09-22 23:46:13,466 [INFO] httpx — HTTP Request: HEAD https://huggingface.co/snunlp/KR-FinBert-SC/resolve/refs%2Fpr%2F3/model.safetensors.index.json "HTTP/1.1 404 Not Found"
2026-09-22 23:46:13,539 [INFO] httpx — HTTP Request: HEAD https://huggingface.co/snunlp/KR-FinBert-SC/resolve/main/video_preprocessor_config.json "HTTP/1.1 404 Not Found"
2026-09-22 23:46:13,542 [INFO] httpx — HTTP Request: HEAD https://huggingface.co/snunlp/KR-FinBert-SC/resolve/refs%2Fpr%2F3/model.safetensors "HTTP/1.1 302 Found"
2026-09-22 23:46:13,609 [INFO] httpx — HTTP Request: HEAD https://huggingface.co/snunlp/KR-FinBert-SC/resolve/main/preprocessor_config.json "HTTP/1.1 404 Not Found"
2026-09-22 23:46:13,610 [INFO] __main__ — FinBERT 로드 완료 (CPU)
2026-09-22 23:46:34,080 [INFO] __main__ — Phase A.1: 매핑 신뢰도 < 0.5 → 감성 점수 폐기 21건
2026-09-22 23:46:34,080 [INFO] __main__ — [shadow] 필드별 검사 기준 폐기 2/22종목 (집행 21건 — 변동 없음)
2026-09-22 23:46:34,080 [INFO] __main__ — 스코어링: 23개 | 집중:0 | FinBERT:finbert
2026-09-22 23:46:34,093 [INFO] __main__ —   → 23개
2026-09-22 23:46:34,093 [INFO] __main__ — ▶ Step 4: 발송
2026-09-22 23:46:39,363 [INFO] __main__ — DB 기록: 13개 / 전체 to_send 13개
2026-09-22 23:46:39,363 [INFO] __main__ — 발송: 13종목 | 누적 4~10회 3 | 신규 0
2026-09-22 23:46:39,363 [INFO] __main__ — 완료  |  소요: 623.6초
2026-09-22 23:46:40,810 [INFO] track_outcomes — pool_history 대조군 8924건 추적 대상 포함
2026-09-22 23:46:40,892 [INFO] track_outcomes — 고아 행 141건 복원 (targets에서 탈락한 미완 키)
2026-09-22 23:46:40,892 [INFO] track_outcomes — 대상 18534건 | 갱신 필요 8018건 | 완료 스킵 10657건
2026-09-22 23:46:40,894 [INFO] track_outcomes —   가격 조회 고유 종목 938개 (기존 347 + 대조군 추가 591)
2026-09-23 00:01:03,450 [INFO] track_outcomes — outcomes 적재: 신규 282건 | 갱신(신규+보완) 425건
