2026-07-04 13:07:18,458 [INFO] __main__ — DB 마이그레이션: rating_bond 컬럼 추가 완료
2026-07-04 13:07:18,458 [INFO] __main__ — DB 마이그레이션: rating_cp 컬럼 추가 완료
2026-07-04 13:07:18,459 [INFO] __main__ — DB 마이그레이션: fg_sector 컬럼 추가 완료
2026-07-04 13:07:18,459 [INFO] __main__ — DB 마이그레이션: fg_industry 컬럼 추가 완료
2026-07-04 13:07:18,459 [INFO] __main__ — DB 마이그레이션: ksic 컬럼 추가 완료
2026-07-04 13:07:18,460 [INFO] __main__ — DB 마이그레이션: largest_holder 컬럼 추가 완료
2026-07-04 13:07:18,461 [INFO] __main__ — config 검증 완료 ✓
2026-07-04 13:07:18,461 [INFO] __main__ — ============================================================
2026-07-04 13:07:18,461 [INFO] __main__ — AlphaRadar v3.3.1  |  기준일: 20260704
2026-07-04 13:07:18,461 [INFO] __main__ — S = T×0.3 + S_text×0.4 + D×0.3
2026-07-04 13:07:18,461 [INFO] __main__ — ============================================================
2026-07-04 13:07:18,461 [INFO] __main__ — ▶ Step 0: 유니버스 필터링
2026-07-04 13:07:18,461 [INFO] __main__ — DART API로 KOSPI 업종 정보 수집 중...
2026-07-04 13:07:20,218 [INFO] __main__ — DART 업종 조회 대상: 835개 KOSPI 종목 (약 41초 소요)
2026-07-04 13:10:38,779 [INFO] __main__ — DART 업종 수집 완료: 825개
2026-07-04 13:10:38,782 [INFO] __main__ — 날짜 조정: 20260704 → 20260703
2026-07-04 13:10:38,782 [INFO] __main__ — FDR 데이터 수집: 20251228 ~ 20260703
2026-07-04 13:10:39,362 [INFO] __main__ — master universe 메타 로드: 2760개 (year=2026)
2026-07-04 13:10:39,363 [INFO] __main__ — master 보강: 등급 839개 | FnGuide/KSIC 2564개 | 섹터 gap-fill 10개
2026-07-04 13:10:39,363 [INFO] __main__ — KOSPI: 945개 | 섹터정보 835개 (DART +825개 보완)
2026-07-04 13:10:39,364 [INFO] __main__ — KOSDAQ: 1821개 | 섹터정보 1821개
2026-07-04 13:10:39,364 [INFO] __main__ — 전체: 2766개
2026-07-04 13:10:39,364 [INFO] __main__ — 제한: 50개
2026-07-04 13:10:39,507 [WARNING] __main__ — KIS 토큰 발급 실패: HTTPSConnectionPool(host='openapi.koreainvestment.com', port=9443): Max retries exceeded with url: /oauth2/tokenP (Caused by NewConnectionError("HTTPSConnection(host='openapi.koreainvestment.com', port=9443): Failed to establish a new connection: [Errno 61] Connection refused"))
2026-07-04 13:10:39,569 [WARNING] __main__ — KIS 토큰 발급 실패: HTTPSConnectionPool(host='openapi.koreainvestment.com', port=9443): Max retries exceeded with url: /oauth2/tokenP (Caused by NewConnectionError("HTTPSConnection(host='openapi.koreainvestment.com', port=9443): Failed to establish a new connection: [Errno 61] Connection refused"))
2026-07-04 13:10:39,593 [WARNING] __main__ — KIS 토큰 발급 실패: HTTPSConnectionPool(host='openapi.koreainvestment.com', port=9443): Max retries exceeded with url: /oauth2/tokenP (Caused by NewConnectionError("HTTPSConnection(host='openapi.koreainvestment.com', port=9443): Failed to establish a new connection: [Errno 61] Connection refused"))
2026-07-04 13:10:39,612 [WARNING] __main__ — KIS 토큰 발급 실패: HTTPSConnectionPool(host='openapi.koreainvestment.com', port=9443): Max retries exceeded with url: /oauth2/tokenP (Caused by NewConnectionError("HTTPSConnection(host='openapi.koreainvestment.com', port=9443): Failed to establish a new connection: [Errno 61] Connection refused"))
2026-07-04 13:10:39,629 [WARNING] __main__ — KIS 토큰 발급 실패: HTTPSConnectionPool(host='openapi.koreainvestment.com', port=9443): Max retries exceeded with url: /oauth2/tokenP (Caused by NewConnectionError("HTTPSConnection(host='openapi.koreainvestment.com', port=9443): Failed to establish a new connection: [Errno 61] Connection refused"))
2026-07-04 13:10:39,646 [WARNING] __main__ — KIS 토큰 발급 실패: HTTPSConnectionPool(host='openapi.koreainvestment.com', port=9443): Max retries exceeded with url: /oauth2/tokenP (Caused by NewConnectionError("HTTPSConnection(host='openapi.koreainvestment.com', port=9443): Failed to establish a new connection: [Errno 61] Connection refused"))
2026-07-04 13:10:39,660 [WARNING] __main__ — KIS 토큰 발급 실패: HTTPSConnectionPool(host='openapi.koreainvestment.com', port=9443): Max retries exceeded with url: /oauth2/tokenP (Caused by NewConnectionError("HTTPSConnection(host='openapi.koreainvestment.com', port=9443): Failed to establish a new connection: [Errno 61] Connection refused"))
2026-07-04 13:10:39,678 [WARNING] __main__ — KIS 토큰 발급 실패: HTTPSConnectionPool(host='openapi.koreainvestment.com', port=9443): Max retries exceeded with url: /oauth2/tokenP (Caused by NewConnectionError("HTTPSConnection(host='openapi.koreainvestment.com', port=9443): Failed to establish a new connection: [Errno 61] Connection refused"))
2026-07-04 13:10:39,698 [WARNING] __main__ — KIS 토큰 발급 실패: HTTPSConnectionPool(host='openapi.koreainvestment.com', port=9443): Max retries exceeded with url: /oauth2/tokenP (Caused by NewConnectionError("HTTPSConnection(host='openapi.koreainvestment.com', port=9443): Failed to establish a new connection: [Errno 61] Connection refused"))
2026-07-04 13:10:39,718 [WARNING] __main__ — KIS 토큰 발급 실패: HTTPSConnectionPool(host='openapi.koreainvestment.com', port=9443): Max retries exceeded with url: /oauth2/tokenP (Caused by NewConnectionError("HTTPSConnection(host='openapi.koreainvestment.com', port=9443): Failed to establish a new connection: [Errno 61] Connection refused"))
2026-07-04 13:10:39,739 [WARNING] __main__ — KIS 토큰 발급 실패: HTTPSConnectionPool(host='openapi.koreainvestment.com', port=9443): Max retries exceeded with url: /oauth2/tokenP (Caused by NewConnectionError("HTTPSConnection(host='openapi.koreainvestment.com', port=9443): Failed to establish a new connection: [Errno 61] Connection refused"))
2026-07-04 13:10:39,762 [WARNING] __main__ — KIS 토큰 발급 실패: HTTPSConnectionPool(host='openapi.koreainvestment.com', port=9443): Max retries exceeded with url: /oauth2/tokenP (Caused by NewConnectionError("HTTPSConnection(host='openapi.koreainvestment.com', port=9443): Failed to establish a new connection: [Errno 61] Connection refused"))
2026-07-04 13:10:39,778 [WARNING] __main__ — KIS 토큰 발급 실패: HTTPSConnectionPool(host='openapi.koreainvestment.com', port=9443): Max retries exceeded with url: /oauth2/tokenP (Caused by NewConnectionError("HTTPSConnection(host='openapi.koreainvestment.com', port=9443): Failed to establish a new connection: [Errno 61] Connection refused"))
2026-07-04 13:10:39,795 [WARNING] __main__ — KIS 토큰 발급 실패: HTTPSConnectionPool(host='openapi.koreainvestment.com', port=9443): Max retries exceeded with url: /oauth2/tokenP (Caused by NewConnectionError("HTTPSConnection(host='openapi.koreainvestment.com', port=9443): Failed to establish a new connection: [Errno 61] Connection refused"))
2026-07-04 13:10:39,814 [WARNING] __main__ — KIS 토큰 발급 실패: HTTPSConnectionPool(host='openapi.koreainvestment.com', port=9443): Max retries exceeded with url: /oauth2/tokenP (Caused by NewConnectionError("HTTPSConnection(host='openapi.koreainvestment.com', port=9443): Failed to establish a new connection: [Errno 61] Connection refused"))
2026-07-04 13:10:39,834 [WARNING] __main__ — KIS 토큰 발급 실패: HTTPSConnectionPool(host='openapi.koreainvestment.com', port=9443): Max retries exceeded with url: /oauth2/tokenP (Caused by NewConnectionError("HTTPSConnection(host='openapi.koreainvestment.com', port=9443): Failed to establish a new connection: [Errno 61] Connection refused"))
2026-07-04 13:10:39,857 [WARNING] __main__ — KIS 토큰 발급 실패: HTTPSConnectionPool(host='openapi.koreainvestment.com', port=9443): Max retries exceeded with url: /oauth2/tokenP (Caused by NewConnectionError("HTTPSConnection(host='openapi.koreainvestment.com', port=9443): Failed to establish a new connection: [Errno 61] Connection refused"))
2026-07-04 13:10:39,872 [WARNING] __main__ — KIS 토큰 발급 실패: HTTPSConnectionPool(host='openapi.koreainvestment.com', port=9443): Max retries exceeded with url: /oauth2/tokenP (Caused by NewConnectionError("HTTPSConnection(host='openapi.koreainvestment.com', port=9443): Failed to establish a new connection: [Errno 61] Connection refused"))
2026-07-04 13:10:39,891 [WARNING] __main__ — KIS 토큰 발급 실패: HTTPSConnectionPool(host='openapi.koreainvestment.com', port=9443): Max retries exceeded with url: /oauth2/tokenP (Caused by NewConnectionError("HTTPSConnection(host='openapi.koreainvestment.com', port=9443): Failed to establish a new connection: [Errno 61] Connection refused"))
2026-07-04 13:10:39,906 [WARNING] __main__ — KIS 토큰 발급 실패: HTTPSConnectionPool(host='openapi.koreainvestment.com', port=9443): Max retries exceeded with url: /oauth2/tokenP (Caused by NewConnectionError("HTTPSConnection(host='openapi.koreainvestment.com', port=9443): Failed to establish a new connection: [Errno 61] Connection refused"))
2026-07-04 13:10:39,923 [WARNING] __main__ — KIS 토큰 발급 실패: HTTPSConnectionPool(host='openapi.koreainvestment.com', port=9443): Max retries exceeded with url: /oauth2/tokenP (Caused by NewConnectionError("HTTPSConnection(host='openapi.koreainvestment.com', port=9443): Failed to establish a new connection: [Errno 61] Connection refused"))
2026-07-04 13:10:39,945 [WARNING] __main__ — KIS 토큰 발급 실패: HTTPSConnectionPool(host='openapi.koreainvestment.com', port=9443): Max retries exceeded with url: /oauth2/tokenP (Caused by NewConnectionError("HTTPSConnection(host='openapi.koreainvestment.com', port=9443): Failed to establish a new connection: [Errno 61] Connection refused"))
2026-07-04 13:10:40,967 [WARNING] __main__ — KIS 토큰 발급 실패: HTTPSConnectionPool(host='openapi.koreainvestment.com', port=9443): Max retries exceeded with url: /oauth2/tokenP (Caused by NewConnectionError("HTTPSConnection(host='openapi.koreainvestment.com', port=9443): Failed to establish a new connection: [Errno 61] Connection refused"))
2026-07-04 13:10:40,987 [WARNING] __main__ — KIS 토큰 발급 실패: HTTPSConnectionPool(host='openapi.koreainvestment.com', port=9443): Max retries exceeded with url: /oauth2/tokenP (Caused by NewConnectionError("HTTPSConnection(host='openapi.koreainvestment.com', port=9443): Failed to establish a new connection: [Errno 61] Connection refused"))
2026-07-04 13:10:44,027 [WARNING] __main__ — KIS 토큰 발급 실패: HTTPSConnectionPool(host='openapi.koreainvestment.com', port=9443): Max retries exceeded with url: /oauth2/tokenP (Caused by NewConnectionError("HTTPSConnection(host='openapi.koreainvestment.com', port=9443): Failed to establish a new connection: [Errno 61] Connection refused"))
2026-07-04 13:10:54,042 [WARNING] __main__ — KIS 토큰 발급 실패: HTTPSConnectionPool(host='openapi.koreainvestment.com', port=9443): Max retries exceeded with url: /oauth2/tokenP (Caused by ConnectTimeoutError(<HTTPSConnection(host='openapi.koreainvestment.com', port=9443) at 0x11dad02c0>, 'Connection to openapi.koreainvestment.com timed out. (connect timeout=10)'))
2026-07-04 13:11:04,056 [WARNING] __main__ — KIS 토큰 발급 실패: HTTPSConnectionPool(host='openapi.koreainvestment.com', port=9443): Max retries exceeded with url: /oauth2/tokenP (Caused by ConnectTimeoutError(<HTTPSConnection(host='openapi.koreainvestment.com', port=9443) at 0x11da3a7b0>, 'Connection to openapi.koreainvestment.com timed out. (connect timeout=10)'))
2026-07-04 13:11:14,073 [WARNING] __main__ — KIS 토큰 발급 실패: HTTPSConnectionPool(host='openapi.koreainvestment.com', port=9443): Max retries exceeded with url: /oauth2/tokenP (Caused by ConnectTimeoutError(<HTTPSConnection(host='openapi.koreainvestment.com', port=9443) at 0x11dad2450>, 'Connection to openapi.koreainvestment.com timed out. (connect timeout=10)'))
2026-07-04 13:11:24,091 [WARNING] __main__ — KIS 토큰 발급 실패: HTTPSConnectionPool(host='openapi.koreainvestment.com', port=9443): Max retries exceeded with url: /oauth2/tokenP (Caused by ConnectTimeoutError(<HTTPSConnection(host='openapi.koreainvestment.com', port=9443) at 0x11da3bd70>, 'Connection to openapi.koreainvestment.com timed out. (connect timeout=10)'))
2026-07-04 13:11:34,105 [WARNING] __main__ — KIS 토큰 발급 실패: HTTPSConnectionPool(host='openapi.koreainvestment.com', port=9443): Max retries exceeded with url: /oauth2/tokenP (Caused by ConnectTimeoutError(<HTTPSConnection(host='openapi.koreainvestment.com', port=9443) at 0x11db5d070>, 'Connection to openapi.koreainvestment.com timed out. (connect timeout=10)'))
2026-07-04 13:11:44,119 [WARNING] __main__ — KIS 토큰 발급 실패: HTTPSConnectionPool(host='openapi.koreainvestment.com', port=9443): Max retries exceeded with url: /oauth2/tokenP (Caused by ConnectTimeoutError(<HTTPSConnection(host='openapi.koreainvestment.com', port=9443) at 0x11da3aae0>, 'Connection to openapi.koreainvestment.com timed out. (connect timeout=10)'))
2026-07-04 13:11:54,133 [WARNING] __main__ — KIS 토큰 발급 실패: HTTPSConnectionPool(host='openapi.koreainvestment.com', port=9443): Max retries exceeded with url: /oauth2/tokenP (Caused by ConnectTimeoutError(<HTTPSConnection(host='openapi.koreainvestment.com', port=9443) at 0x11dad2000>, 'Connection to openapi.koreainvestment.com timed out. (connect timeout=10)'))
2026-07-04 13:12:04,147 [WARNING] __main__ — KIS 토큰 발급 실패: HTTPSConnectionPool(host='openapi.koreainvestment.com', port=9443): Max retries exceeded with url: /oauth2/tokenP (Caused by ConnectTimeoutError(<HTTPSConnection(host='openapi.koreainvestment.com', port=9443) at 0x11da38830>, 'Connection to openapi.koreainvestment.com timed out. (connect timeout=10)'))
2026-07-04 13:12:14,164 [WARNING] __main__ — KIS 토큰 발급 실패: HTTPSConnectionPool(host='openapi.koreainvestment.com', port=9443): Max retries exceeded with url: /oauth2/tokenP (Caused by ConnectTimeoutError(<HTTPSConnection(host='openapi.koreainvestment.com', port=9443) at 0x11dba28d0>, 'Connection to openapi.koreainvestment.com timed out. (connect timeout=10)'))
2026-07-04 13:12:19,190 [WARNING] __main__ — KIS 토큰 발급 실패: HTTPSConnectionPool(host='openapi.koreainvestment.com', port=9443): Max retries exceeded with url: /oauth2/tokenP (Caused by NewConnectionError("HTTPSConnection(host='openapi.koreainvestment.com', port=9443): Failed to establish a new connection: [Errno 61] Connection refused"))
2026-07-04 13:12:29,207 [WARNING] __main__ — KIS 토큰 발급 실패: HTTPSConnectionPool(host='openapi.koreainvestment.com', port=9443): Max retries exceeded with url: /oauth2/tokenP (Caused by ConnectTimeoutError(<HTTPSConnection(host='openapi.koreainvestment.com', port=9443) at 0x11da88230>, 'Connection to openapi.koreainvestment.com timed out. (connect timeout=10)'))
2026-07-04 13:12:39,222 [WARNING] __main__ — KIS 토큰 발급 실패: HTTPSConnectionPool(host='openapi.koreainvestment.com', port=9443): Max retries exceeded with url: /oauth2/tokenP (Caused by ConnectTimeoutError(<HTTPSConnection(host='openapi.koreainvestment.com', port=9443) at 0x11d9f2ff0>, 'Connection to openapi.koreainvestment.com timed out. (connect timeout=10)'))
2026-07-04 13:12:49,239 [WARNING] __main__ — KIS 토큰 발급 실패: HTTPSConnectionPool(host='openapi.koreainvestment.com', port=9443): Max retries exceeded with url: /oauth2/tokenP (Caused by ConnectTimeoutError(<HTTPSConnection(host='openapi.koreainvestment.com', port=9443) at 0x11da391c0>, 'Connection to openapi.koreainvestment.com timed out. (connect timeout=10)'))
2026-07-04 13:12:59,251 [WARNING] __main__ — KIS 토큰 발급 실패: HTTPSConnectionPool(host='openapi.koreainvestment.com', port=9443): Max retries exceeded with url: /oauth2/tokenP (Caused by ConnectTimeoutError(<HTTPSConnection(host='openapi.koreainvestment.com', port=9443) at 0x11d9f2480>, 'Connection to openapi.koreainvestment.com timed out. (connect timeout=10)'))
2026-07-04 13:13:09,265 [WARNING] __main__ — KIS 토큰 발급 실패: HTTPSConnectionPool(host='openapi.koreainvestment.com', port=9443): Max retries exceeded with url: /oauth2/tokenP (Caused by ConnectTimeoutError(<HTTPSConnection(host='openapi.koreainvestment.com', port=9443) at 0x11dad0da0>, 'Connection to openapi.koreainvestment.com timed out. (connect timeout=10)'))
2026-07-04 13:13:19,274 [WARNING] __main__ — KIS 토큰 발급 실패: HTTPSConnectionPool(host='openapi.koreainvestment.com', port=9443): Max retries exceeded with url: /oauth2/tokenP (Caused by ConnectTimeoutError(<HTTPSConnection(host='openapi.koreainvestment.com', port=9443) at 0x11d9f1400>, 'Connection to openapi.koreainvestment.com timed out. (connect timeout=10)'))
2026-07-04 13:13:29,317 [WARNING] __main__ — KIS 토큰 발급 실패: HTTPSConnectionPool(host='openapi.koreainvestment.com', port=9443): Max retries exceeded with url: /oauth2/tokenP (Caused by ConnectTimeoutError(<HTTPSConnection(host='openapi.koreainvestment.com', port=9443) at 0x11dba23c0>, 'Connection to openapi.koreainvestment.com timed out. (connect timeout=10)'))
2026-07-04 13:13:39,330 [WARNING] __main__ — KIS 토큰 발급 실패: HTTPSConnectionPool(host='openapi.koreainvestment.com', port=9443): Max retries exceeded with url: /oauth2/tokenP (Caused by ConnectTimeoutError(<HTTPSConnection(host='openapi.koreainvestment.com', port=9443) at 0x11dba3b90>, 'Connection to openapi.koreainvestment.com timed out. (connect timeout=10)'))
2026-07-04 13:13:40,359 [WARNING] __main__ — KIS 토큰 발급 실패: HTTPSConnectionPool(host='openapi.koreainvestment.com', port=9443): Max retries exceeded with url: /oauth2/tokenP (Caused by NewConnectionError("HTTPSConnection(host='openapi.koreainvestment.com', port=9443): Failed to establish a new connection: [Errno 61] Connection refused"))
2026-07-04 13:13:50,373 [WARNING] __main__ — KIS 토큰 발급 실패: HTTPSConnectionPool(host='openapi.koreainvestment.com', port=9443): Max retries exceeded with url: /oauth2/tokenP (Caused by ConnectTimeoutError(<HTTPSConnection(host='openapi.koreainvestment.com', port=9443) at 0x11dba33b0>, 'Connection to openapi.koreainvestment.com timed out. (connect timeout=10)'))
2026-07-04 13:14:00,388 [WARNING] __main__ — KIS 토큰 발급 실패: HTTPSConnectionPool(host='openapi.koreainvestment.com', port=9443): Max retries exceeded with url: /oauth2/tokenP (Caused by ConnectTimeoutError(<HTTPSConnection(host='openapi.koreainvestment.com', port=9443) at 0x11f5c0410>, 'Connection to openapi.koreainvestment.com timed out. (connect timeout=10)'))
2026-07-04 13:14:10,400 [WARNING] __main__ — KIS 토큰 발급 실패: HTTPSConnectionPool(host='openapi.koreainvestment.com', port=9443): Max retries exceeded with url: /oauth2/tokenP (Caused by ConnectTimeoutError(<HTTPSConnection(host='openapi.koreainvestment.com', port=9443) at 0x11db5dfd0>, 'Connection to openapi.koreainvestment.com timed out. (connect timeout=10)'))
2026-07-04 13:14:20,412 [WARNING] __main__ — KIS 토큰 발급 실패: HTTPSConnectionPool(host='openapi.koreainvestment.com', port=9443): Max retries exceeded with url: /oauth2/tokenP (Caused by ConnectTimeoutError(<HTTPSConnection(host='openapi.koreainvestment.com', port=9443) at 0x11f5761b0>, 'Connection to openapi.koreainvestment.com timed out. (connect timeout=10)'))
2026-07-04 13:14:30,425 [WARNING] __main__ — KIS 토큰 발급 실패: HTTPSConnectionPool(host='openapi.koreainvestment.com', port=9443): Max retries exceeded with url: /oauth2/tokenP (Caused by ConnectTimeoutError(<HTTPSConnection(host='openapi.koreainvestment.com', port=9443) at 0x11db5fec0>, 'Connection to openapi.koreainvestment.com timed out. (connect timeout=10)'))
2026-07-04 13:14:40,437 [WARNING] __main__ — KIS 토큰 발급 실패: HTTPSConnectionPool(host='openapi.koreainvestment.com', port=9443): Max retries exceeded with url: /oauth2/tokenP (Caused by ConnectTimeoutError(<HTTPSConnection(host='openapi.koreainvestment.com', port=9443) at 0x11dba32f0>, 'Connection to openapi.koreainvestment.com timed out. (connect timeout=10)'))
2026-07-04 13:14:40,444 [INFO] __main__ — DART corp_code 캐시 42일 경과 → 재다운로드
2026-07-04 13:14:41,711 [INFO] __main__ — DART corp_code 캐시 갱신 완료: 3975개
2026-07-04 13:14:41,730 [INFO] __main__ — DART corp_code 매핑: 49/50개 (98%)
2026-07-04 13:14:41,730 [INFO] __main__ — 유효 유니버스: 50개
2026-07-04 13:14:41,734 [INFO] __main__ —   → 50개
2026-07-04 13:14:41,734 [INFO] __main__ — ▶ Step 1: 신호 탐지
2026-07-04 13:14:41,734 [INFO] __main__ — NaverClient: 3개 키 로드 (DataLab·검색 독립 회전)
2026-07-04 13:14:41,734 [INFO] __main__ — 관심 지수 및 부정 뉴스 비율 조회 중...
2026-07-04 13:15:21,789 [INFO] __main__ — 부정 키워드 감지: 0개 종목 (neg_ratio > 0)
2026-07-04 13:15:21,790 [INFO] __main__ — POOL_A: 50개 (A:0 B:50 동시:0)
  대형:50 중형:0 소형:0
2026-07-04 13:15:21,793 [INFO] __main__ —   → POOL_A: 50개
2026-07-04 13:15:21,793 [INFO] __main__ — ▶ Step 2: 하드 필터링
2026-07-04 13:15:21,793 [INFO] __main__ — 하드 필터 제거: 48개 | 이격도상한 0 | 이격도하한 16 | MA추세 19 | RSI과열 0 | 거래대금 13
2026-07-04 13:15:21,794 [INFO] __main__ — POOL_B: 2개 | 대형:2 중형:0 소형:0
2026-07-04 13:15:21,794 [INFO] __main__ —   → POOL_B: 2개
2026-07-04 13:15:21,794 [INFO] __main__ — ▶ Step 3: 스코어링 (FinBERT 감성 분석)
2026-07-04 13:15:21,794 [INFO] __main__ — NaverClient: 3개 키 로드 (DataLab·검색 독립 회전)
2026-07-04 13:15:21,794 [WARNING] __main__ — transformers 미설치 → 키워드 폴백 모드
  설치: pip install transformers torch
2026-07-04 13:15:21,794 [INFO] __main__ — 텍스트 신규 수집: 2종목 (캐시 적중 0종목)
2026-07-04 13:15:24,180 [INFO] __main__ — 수집 완료: 뉴스 20건 | 공시 25건
2026-07-04 13:15:24,180 [INFO] __main__ — FinBERT 감성 분석 (keyword 모드)...
2026-07-04 13:15:24,181 [INFO] __main__ — Phase A.1: 매핑 신뢰도 < 0.5 → 감성 점수 폐기 2건
2026-07-04 13:15:24,181 [INFO] __main__ — 스코어링: 2개 | 집중:0 | FinBERT:keyword
2026-07-04 13:15:24,184 [INFO] __main__ —   → 2개
2026-07-04 13:15:24,184 [INFO] __main__ — ▶ Step 4: 발송
2026-07-04 13:15:24,184 [INFO] __main__ — ▶ [DRY RUN] 콘솔 출력
2026-07-04 13:15:24,185 [INFO] __main__ — 발송: 집중 0 / 주시 0
2026-07-04 13:15:24,185 [INFO] __main__ — 완료  |  소요: 485.7초
