2026-07-29 11:48:28,942 [INFO] __main__ — config 검증 완료 ✓
2026-07-29 11:48:28,942 [INFO] __main__ — ============================================================
2026-07-29 11:48:28,942 [INFO] __main__ — AlphaRadar v3.3.1  |  기준일: 20260729
2026-07-29 11:48:28,942 [INFO] __main__ — S = T×0.3 + S_text×0.4 + D×0.3
2026-07-29 11:48:28,942 [INFO] __main__ — ============================================================
2026-07-29 11:48:28,942 [INFO] __main__ — ▶ Step 0: 유니버스 필터링
2026-07-29 11:48:29,059 [INFO] __main__ — FDR 데이터 수집: 20260123 ~ 20260729
2026-07-29 11:48:30,678 [INFO] __main__ — KOSPI: 943개 | 섹터정보 833개 (DART +833개 보완)
2026-07-29 11:48:30,679 [INFO] __main__ — KOSDAQ: 1821개 | 섹터정보 1821개
2026-07-29 11:48:30,679 [INFO] __main__ — 전체: 2764개
2026-07-29 11:48:32,790 [INFO] __main__ — KIS 토큰 발급 완료
2026-07-29 12:03:14,007 [INFO] __main__ — DART corp_code 매핑: 2101/2157개 (97%)
2026-07-29 12:03:14,007 [INFO] __main__ — 유효 유니버스: 2157개
2026-07-29 12:03:14,015 [INFO] __main__ —   → 2157개
2026-07-29 12:03:14,016 [INFO] __main__ — ▶ Step 1: 신호 탐지
2026-07-29 12:03:14,016 [INFO] __main__ — NaverClient: 3개 키 로드 (DataLab·검색 독립 회전)
2026-07-29 12:03:14,016 [INFO] __main__ — 관심 지수 및 부정 뉴스 비율 조회 중...
2026-07-29 12:03:42,732 [INFO] __main__ — 뉴스 시점 제외 [삼화전자]: 5건 (>14일/파싱실패)
2026-07-29 12:03:56,553 [INFO] __main__ — 뉴스 시점 제외 [맥쿼리인프라]: 13건 (>14일/파싱실패)
2026-07-29 12:03:57,742 [INFO] __main__ — 뉴스 시점 제외 [삼영엠텍]: 6건 (>14일/파싱실패)
2026-07-29 12:04:00,216 [INFO] __main__ — 뉴스 시점 제외 [KX하이텍]: 11건 (>14일/파싱실패)
2026-07-29 12:04:00,984 [INFO] __main__ — 뉴스 시점 제외 [GRT]: 4건 (>14일/파싱실패)
2026-07-29 12:04:08,107 [INFO] __main__ — 뉴스 시점 제외 [남선알미늄]: 9건 (>14일/파싱실패)
2026-07-29 12:04:23,630 [INFO] __main__ — 뉴스 시점 제외 [에코플라스틱]: 1건 (>14일/파싱실패)
2026-07-29 12:04:24,805 [INFO] __main__ — 뉴스 시점 제외 [한성크린텍]: 14건 (>14일/파싱실패)
2026-07-29 12:04:29,545 [INFO] __main__ — 뉴스 시점 제외 [HB테크놀러지]: 9건 (>14일/파싱실패)
2026-07-29 12:04:35,242 [INFO] __main__ — 뉴스 시점 제외 [이수화학]: 8건 (>14일/파싱실패)
2026-07-29 12:04:37,633 [INFO] __main__ — 뉴스 시점 제외 [LS머트리얼즈]: 8건 (>14일/파싱실패)
2026-07-29 12:04:38,342 [INFO] __main__ — 뉴스 시점 제외 [아리바이오홀딩스]: 5건 (>14일/파싱실패)
2026-07-29 12:04:42,999 [INFO] __main__ — 뉴스 시점 제외 [강동씨앤엘]: 11건 (>14일/파싱실패)
2026-07-29 12:04:46,951 [INFO] __main__ — 뉴스 시점 제외 [글로벌텍스프리]: 7건 (>14일/파싱실패)
2026-07-29 12:04:56,641 [INFO] __main__ — 뉴스 시점 제외 [세미티에스]: 11건 (>14일/파싱실패)
2026-07-29 12:05:01,707 [INFO] __main__ — 뉴스 시점 제외 [티씨머티리얼즈]: 12건 (>14일/파싱실패)
2026-07-29 12:05:01,935 [INFO] __main__ — 뉴스 시점 제외 [엘브이엠씨홀딩스]: 14건 (>14일/파싱실패)
2026-07-29 12:05:04,091 [INFO] __main__ — 뉴스 시점 제외 [삼기에너지솔루션즈]: 11건 (>14일/파싱실패)
2026-07-29 12:05:06,683 [INFO] __main__ — 뉴스 시점 제외 [중앙첨단소재]: 9건 (>14일/파싱실패)
2026-07-29 12:05:11,118 [INFO] __main__ — 뉴스 시점 제외 [대아티아이]: 11건 (>14일/파싱실패)
2026-07-29 12:05:11,446 [INFO] __main__ — 뉴스 시점 제외 [태양금속]: 11건 (>14일/파싱실패)
2026-07-29 12:05:13,807 [INFO] __main__ — 뉴스 시점 제외 [빅텍]: 2건 (>14일/파싱실패)
2026-07-29 12:05:17,032 [INFO] __main__ — 뉴스 시점 제외 [한국팩키지]: 2건 (>14일/파싱실패)
2026-07-29 12:05:18,833 [INFO] __main__ — 뉴스 시점 제외 [우리기술투자]: 11건 (>14일/파싱실패)
2026-07-29 12:05:25,129 [INFO] __main__ — 뉴스 시점 제외 [대영포장]: 12건 (>14일/파싱실패)
2026-07-29 12:05:26,150 [INFO] __main__ — 뉴스 시점 제외 [하이드로리튬]: 12건 (>14일/파싱실패)
2026-07-29 12:05:27,475 [INFO] __main__ — 뉴스 시점 제외 [엑스페릭스]: 7건 (>14일/파싱실패)
2026-07-29 12:05:29,866 [INFO] __main__ — 뉴스 시점 제외 [한일철강]: 6건 (>14일/파싱실패)
2026-07-29 12:05:30,876 [INFO] __main__ — 뉴스 시점 제외 [한국특강]: 7건 (>14일/파싱실패)
2026-07-29 12:05:31,042 [INFO] __main__ — 뉴스 시점 제외 [한일단조]: 10건 (>14일/파싱실패)
2026-07-29 12:05:33,248 [INFO] __main__ — 뉴스 시점 제외 [성문전자]: 11건 (>14일/파싱실패)
2026-07-29 12:05:37,690 [INFO] __main__ — 뉴스 시점 제외 [셀바스헬스케어]: 8건 (>14일/파싱실패)
2026-07-29 12:05:39,023 [INFO] __main__ — 뉴스 시점 제외 [HB솔루션]: 8건 (>14일/파싱실패)
2026-07-29 12:05:40,363 [INFO] __main__ — 뉴스 시점 제외 [에이치엠넥스]: 9건 (>14일/파싱실패)
2026-07-29 12:05:43,066 [INFO] __main__ — 뉴스 시점 제외 [서부T&D]: 12건 (>14일/파싱실패)
2026-07-29 12:05:47,271 [INFO] __main__ — 뉴스 시점 제외 [위지트]: 10건 (>14일/파싱실패)
2026-07-29 12:05:50,148 [INFO] __main__ — 뉴스 시점 제외 [알루코]: 5건 (>14일/파싱실패)
2026-07-29 12:05:52,154 [INFO] __main__ — 뉴스 시점 제외 [삼호개발]: 6건 (>14일/파싱실패)
2026-07-29 12:05:56,147 [INFO] __main__ — 뉴스 시점 제외 [에코프로머티]: 3건 (>14일/파싱실패)
2026-07-29 12:05:57,071 [INFO] __main__ — 뉴스 시점 제외 [에이티넘인베스트]: 14건 (>14일/파싱실패)
2026-07-29 12:05:58,608 [INFO] __main__ — 뉴스 시점 제외 [갤럭시아에스엠]: 13건 (>14일/파싱실패)
2026-07-29 12:05:59,755 [INFO] __main__ — 뉴스 시점 제외 [일신석재]: 12건 (>14일/파싱실패)
2026-07-29 12:06:02,109 [INFO] __main__ — 뉴스 시점 제외 [송원산업]: 9건 (>14일/파싱실패)
2026-07-29 12:06:03,351 [INFO] __main__ — 뉴스 시점 제외 [네오셈]: 6건 (>14일/파싱실패)
2026-07-29 12:06:08,727 [INFO] __main__ — 뉴스 시점 제외 [디케이티]: 3건 (>14일/파싱실패)
2026-07-29 12:06:13,142 [INFO] __main__ — 뉴스 시점 제외 [미래에셋증권2우B]: 3건 (>14일/파싱실패)
2026-07-29 12:06:18,038 [INFO] __main__ — 뉴스 시점 제외 [YG PLUS]: 9건 (>14일/파싱실패)
2026-07-29 12:06:19,191 [INFO] __main__ — 뉴스 시점 제외 [제이앤티씨]: 8건 (>14일/파싱실패)
2026-07-29 12:06:20,380 [INFO] __main__ — 뉴스 시점 제외 [원익피앤이]: 5건 (>14일/파싱실패)
2026-07-29 12:06:23,985 [INFO] __main__ — 뉴스 시점 제외 [엑스큐어]: 10건 (>14일/파싱실패)
2026-07-29 12:06:30,417 [INFO] __main__ — 뉴스 시점 제외 [에스엠씨지]: 11건 (>14일/파싱실패)
2026-07-29 12:06:32,826 [INFO] __main__ — 뉴스 시점 제외 [지앤비에스 에코]: 1건 (>14일/파싱실패)
2026-07-29 12:06:34,027 [INFO] __main__ — 뉴스 시점 제외 [대양금속]: 14건 (>14일/파싱실패)
2026-07-29 12:06:35,232 [INFO] __main__ — 뉴스 시점 제외 [케이에스피]: 9건 (>14일/파싱실패)
2026-07-29 12:06:36,407 [INFO] __main__ — 뉴스 시점 제외 [신화프리텍]: 9건 (>14일/파싱실패)
2026-07-29 12:06:38,922 [INFO] __main__ — 뉴스 시점 제외 [포스코스틸리온]: 3건 (>14일/파싱실패)
2026-07-29 12:06:38,927 [INFO] __main__ — 뉴스 시점 제외 [나우IB]: 9건 (>14일/파싱실패)
2026-07-29 12:06:42,500 [INFO] __main__ — 뉴스 시점 제외 [부국철강]: 10건 (>14일/파싱실패)
2026-07-29 12:06:45,029 [INFO] __main__ — 뉴스 시점 제외 [비투엔]: 12건 (>14일/파싱실패)
2026-07-29 12:06:46,219 [INFO] __main__ — 뉴스 시점 제외 [레이저쎌]: 4건 (>14일/파싱실패)
2026-07-29 12:06:51,601 [INFO] __main__ — 뉴스 시점 제외 [경인양행]: 3건 (>14일/파싱실패)
2026-07-29 12:06:51,709 [INFO] __main__ — 부정 키워드 감지: 35개 종목 (neg_ratio > 0)
2026-07-29 12:06:51,713 [INFO] __main__ — 수급일수충족·합계음수 제외: 96개
2026-07-29 12:06:58,506 [INFO] __main__ — 뉴스 시점 제외 [DN오토모티브]: 4건 (>14일/파싱실패)
2026-07-29 12:07:01,832 [INFO] __main__ — 뉴스 시점 제외 [삼성화재우]: 15건 (>14일/파싱실패)
2026-07-29 12:07:02,471 [INFO] __main__ — 뉴스 시점 제외 [삼성전기우]: 8건 (>14일/파싱실패)
2026-07-29 12:07:03,281 [INFO] __main__ — 뉴스 시점 제외 [쿠쿠홀딩스]: 10건 (>14일/파싱실패)
2026-07-29 12:07:05,074 [INFO] __main__ — 뉴스 시점 제외 [GS피앤엘]: 12건 (>14일/파싱실패)
2026-07-29 12:07:05,715 [INFO] __main__ — 뉴스 시점 제외 [신한알파리츠]: 7건 (>14일/파싱실패)
2026-07-29 12:07:05,916 [INFO] __main__ — 뉴스 시점 제외 [한국쉘석유]: 12건 (>14일/파싱실패)
2026-07-29 12:07:06,581 [INFO] __main__ — 뉴스 시점 제외 [미원에스씨]: 1건 (>14일/파싱실패)
2026-07-29 12:07:08,544 [INFO] __main__ — 뉴스 시점 제외 [맵스리얼티]: 15건 (>14일/파싱실패)
2026-07-29 12:07:08,549 [INFO] __main__ — 뉴스 시점 제외 [F&F홀딩스]: 5건 (>14일/파싱실패)
2026-07-29 12:07:08,947 [INFO] __main__ — 뉴스 시점 제외 [한일홀딩스]: 12건 (>14일/파싱실패)
2026-07-29 12:07:09,193 [INFO] __main__ — 뉴스 시점 제외 [세아홀딩스]: 7건 (>14일/파싱실패)
2026-07-29 12:07:09,852 [INFO] __main__ — 뉴스 시점 제외 [바이오노트]: 11건 (>14일/파싱실패)
2026-07-29 12:07:10,673 [INFO] __main__ — 뉴스 시점 제외 [풍산홀딩스]: 4건 (>14일/파싱실패)
2026-07-29 12:07:10,682 [INFO] __main__ — 뉴스 시점 제외 [아모레퍼시픽우]: 11건 (>14일/파싱실패)
2026-07-29 12:07:11,314 [INFO] __main__ — 뉴스 시점 제외 [삼영무역]: 9건 (>14일/파싱실패)
2026-07-29 12:07:11,970 [INFO] __main__ — 뉴스 시점 제외 [농심홀딩스]: 5건 (>14일/파싱실패)
2026-07-29 12:07:12,775 [INFO] __main__ — 뉴스 시점 제외 [신대양제지]: 14건 (>14일/파싱실패)
2026-07-29 12:07:13,230 [INFO] __main__ — 뉴스 시점 제외 [INVENI]: 11건 (>14일/파싱실패)
2026-07-29 12:07:13,447 [INFO] __main__ — 뉴스 시점 제외 [KISCO홀딩스]: 3건 (>14일/파싱실패)
2026-07-29 12:07:15,202 [INFO] __main__ — 뉴스 시점 제외 [KPX홀딩스]: 11건 (>14일/파싱실패)
2026-07-29 12:07:15,383 [INFO] __main__ — 뉴스 시점 제외 [일진하이솔루스]: 15건 (>14일/파싱실패)
2026-07-29 12:07:18,791 [INFO] __main__ — 뉴스 시점 제외 [아세아제지]: 6건 (>14일/파싱실패)
2026-07-29 12:07:19,459 [INFO] __main__ — 뉴스 시점 제외 [삼성물산우B]: 15건 (>14일/파싱실패)
2026-07-29 12:07:19,893 [INFO] __main__ — 뉴스 시점 제외 [JW홀딩스]: 8건 (>14일/파싱실패)
2026-07-29 12:07:21,210 [INFO] __main__ — 뉴스 시점 제외 [삼영전자]: 14건 (>14일/파싱실패)
2026-07-29 12:07:21,411 [INFO] __main__ — 뉴스 시점 제외 [S-Oil우]: 14건 (>14일/파싱실패)
2026-07-29 12:07:22,050 [INFO] __main__ — 뉴스 시점 제외 [미창석유]: 11건 (>14일/파싱실패)
2026-07-29 12:07:22,521 [INFO] __main__ — 뉴스 시점 제외 [아이마켓코리아]: 15건 (>14일/파싱실패)
2026-07-29 12:07:24,024 [INFO] __main__ — 뉴스 시점 제외 [CR홀딩스]: 10건 (>14일/파싱실패)
2026-07-29 12:07:24,701 [INFO] __main__ — 뉴스 시점 제외 [PKC]: 8건 (>14일/파싱실패)
2026-07-29 12:07:25,309 [INFO] __main__ — 뉴스 시점 제외 [잇츠한불]: 4건 (>14일/파싱실패)
2026-07-29 12:07:25,768 [INFO] __main__ — 뉴스 시점 제외 [천일고속]: 12건 (>14일/파싱실패)
2026-07-29 12:07:25,946 [INFO] __main__ — 뉴스 시점 제외 [진양홀딩스]: 9건 (>14일/파싱실패)
2026-07-29 12:07:25,996 [INFO] __main__ — 뉴스 시점 제외 [LG우]: 15건 (>14일/파싱실패)
2026-07-29 12:07:28,633 [INFO] __main__ — 뉴스 시점 제외 [조선내화]: 8건 (>14일/파싱실패)
2026-07-29 12:07:28,968 [INFO] __main__ — 뉴스 시점 제외 [유수홀딩스]: 14건 (>14일/파싱실패)
2026-07-29 12:07:29,279 [INFO] __main__ — 뉴스 시점 제외 [대창단조]: 11건 (>14일/파싱실패)
2026-07-29 12:07:29,923 [INFO] __main__ — 뉴스 시점 제외 [금호석유화학우]: 14건 (>14일/파싱실패)
2026-07-29 12:07:30,512 [INFO] __main__ — 뉴스 시점 제외 [아모레퍼시픽홀딩스3우C]: 14건 (>14일/파싱실패)
2026-07-29 12:07:30,569 [INFO] __main__ — 뉴스 시점 제외 [화승인더]: 10건 (>14일/파싱실패)
2026-07-29 12:07:30,923 [INFO] __main__ — 뉴스 시점 제외 [태경산업]: 7건 (>14일/파싱실패)
2026-07-29 12:07:31,235 [INFO] __main__ — 뉴스 시점 제외 [삼양패키징]: 10건 (>14일/파싱실패)
2026-07-29 12:07:31,892 [INFO] __main__ — 뉴스 시점 제외 [디씨엠]: 13건 (>14일/파싱실패)
2026-07-29 12:07:32,527 [INFO] __main__ — 뉴스 시점 제외 [이지스레지던스리츠]: 11건 (>14일/파싱실패)
2026-07-29 12:07:33,526 [INFO] __main__ — 뉴스 시점 제외 [인천도시가스]: 9건 (>14일/파싱실패)
2026-07-29 12:07:33,829 [INFO] __main__ — 뉴스 시점 제외 [HDC현대EP]: 9건 (>14일/파싱실패)
2026-07-29 12:07:34,178 [INFO] __main__ — 뉴스 시점 제외 [텔코웨어]: 8건 (>14일/파싱실패)
2026-07-29 12:07:34,408 [INFO] __main__ — 뉴스 시점 제외 [현대코퍼레이션홀딩스]: 12건 (>14일/파싱실패)
2026-07-29 12:07:34,823 [INFO] __main__ — 뉴스 시점 제외 [그린케미칼]: 6건 (>14일/파싱실패)
2026-07-29 12:07:35,121 [INFO] __main__ — 뉴스 시점 제외 [태경비케이]: 1건 (>14일/파싱실패)
2026-07-29 12:07:35,462 [INFO] __main__ — 뉴스 시점 제외 [HS애드]: 3건 (>14일/파싱실패)
2026-07-29 12:07:35,825 [INFO] __main__ — 뉴스 시점 제외 [한국무브넥스]: 13건 (>14일/파싱실패)
2026-07-29 12:07:37,767 [INFO] __main__ — 뉴스 시점 제외 [동일산업]: 6건 (>14일/파싱실패)
2026-07-29 12:07:38,118 [INFO] __main__ — 뉴스 시점 제외 [KTis]: 10건 (>14일/파싱실패)
2026-07-29 12:07:38,434 [INFO] __main__ — 뉴스 시점 제외 [크라운해태홀딩스]: 8건 (>14일/파싱실패)
2026-07-29 12:07:38,772 [INFO] __main__ — 뉴스 시점 제외 [DRB동일]: 6건 (>14일/파싱실패)
2026-07-29 12:07:38,888 [INFO] __main__ — 뉴스 시점 제외 [티와이홀딩스]: 11건 (>14일/파싱실패)
2026-07-29 12:07:39,065 [INFO] __main__ — 뉴스 시점 제외 [DSR제강]: 9건 (>14일/파싱실패)
2026-07-29 12:07:39,431 [INFO] __main__ — 뉴스 시점 제외 [아주스틸]: 8건 (>14일/파싱실패)
2026-07-29 12:07:39,536 [INFO] __main__ — 뉴스 시점 제외 [한솔로지스틱스]: 7건 (>14일/파싱실패)
2026-07-29 12:07:40,082 [INFO] __main__ — 뉴스 시점 제외 [동인기연]: 13건 (>14일/파싱실패)
2026-07-29 12:07:40,177 [INFO] __main__ — 뉴스 시점 제외 [DL이앤씨2우(전환)]: 15건 (>14일/파싱실패)
2026-07-29 12:07:40,368 [INFO] __main__ — 뉴스 시점 제외 [한국수출포장]: 15건 (>14일/파싱실패)
2026-07-29 12:07:40,738 [INFO] __main__ — 뉴스 시점 제외 [CS홀딩스]: 14건 (>14일/파싱실패)
2026-07-29 12:07:40,816 [INFO] __main__ — 뉴스 시점 제외 [SK이노베이션우]: 15건 (>14일/파싱실패)
2026-07-29 12:07:41,384 [INFO] __main__ — 뉴스 시점 제외 [유한양행우]: 9건 (>14일/파싱실패)
2026-07-29 12:07:42,100 [INFO] __main__ — 뉴스 시점 제외 [성창기업지주]: 9건 (>14일/파싱실패)
2026-07-29 12:07:42,851 [INFO] __main__ — 뉴스 시점 제외 [일동홀딩스]: 10건 (>14일/파싱실패)
2026-07-29 12:07:42,854 [INFO] __main__ — 뉴스 시점 제외 [삼정펄프]: 14건 (>14일/파싱실패)
2026-07-29 12:07:42,965 [INFO] __main__ — 뉴스 시점 제외 [제일연마]: 12건 (>14일/파싱실패)
2026-07-29 12:07:43,506 [INFO] __main__ — 뉴스 시점 제외 [미래에셋글로벌리츠]: 7건 (>14일/파싱실패)
2026-07-29 12:07:44,165 [INFO] __main__ — 뉴스 시점 제외 [코오롱인더우]: 14건 (>14일/파싱실패)
2026-07-29 12:07:44,422 [INFO] __main__ — 뉴스 시점 제외 [태경케미컬]: 9건 (>14일/파싱실패)
2026-07-29 12:07:44,812 [INFO] __main__ — 뉴스 시점 제외 [삼일씨엔에스]: 11건 (>14일/파싱실패)
2026-07-29 12:07:44,818 [INFO] __main__ — 뉴스 시점 제외 [남양유업우]: 13건 (>14일/파싱실패)
2026-07-29 12:07:45,467 [INFO] __main__ — 뉴스 시점 제외 [화천기계]: 7건 (>14일/파싱실패)
2026-07-29 12:07:45,477 [INFO] __main__ — 뉴스 시점 제외 [호전실업]: 9건 (>14일/파싱실패)
2026-07-29 12:07:46,279 [INFO] __main__ — 뉴스 시점 제외 [인바이오젠]: 6건 (>14일/파싱실패)
2026-07-29 12:07:46,290 [INFO] __main__ — 뉴스 시점 제외 [보락]: 1건 (>14일/파싱실패)
2026-07-29 12:07:46,942 [INFO] __main__ — 뉴스 시점 제외 [유안타증권우]: 15건 (>14일/파싱실패)
2026-07-29 12:07:47,574 [INFO] __main__ — 뉴스 시점 제외 [BYC우]: 15건 (>14일/파싱실패)
2026-07-29 12:07:47,750 [INFO] __main__ — 뉴스 시점 제외 [SG세계물산]: 1건 (>14일/파싱실패)
2026-07-29 12:07:48,228 [INFO] __main__ — 뉴스 시점 제외 [SK케미칼우]: 14건 (>14일/파싱실패)
2026-07-29 12:07:48,404 [INFO] __main__ — 뉴스 시점 제외 [조광페인트]: 4건 (>14일/파싱실패)
2026-07-29 12:07:48,411 [INFO] __main__ — 뉴스 시점 제외 [SB성보]: 8건 (>14일/파싱실패)
2026-07-29 12:07:49,062 [INFO] __main__ — 뉴스 시점 제외 [DYP]: 14건 (>14일/파싱실패)
2026-07-29 12:07:49,536 [INFO] __main__ — 뉴스 시점 제외 [에쓰씨엔지니어링]: 13건 (>14일/파싱실패)
2026-07-29 12:07:49,714 [INFO] __main__ — 뉴스 시점 제외 [대덕전자1우]: 15건 (>14일/파싱실패)
2026-07-29 12:07:50,184 [INFO] __main__ — 뉴스 시점 제외 [한창제지]: 12건 (>14일/파싱실패)
2026-07-29 12:07:50,346 [INFO] __main__ — 뉴스 시점 제외 [유니온머티리얼]: 11건 (>14일/파싱실패)
2026-07-29 12:07:50,510 [INFO] __main__ — 뉴스 시점 제외 [DL우]: 15건 (>14일/파싱실패)
2026-07-29 12:07:51,007 [INFO] __main__ — 뉴스 시점 제외 [세방우]: 15건 (>14일/파싱실패)
2026-07-29 12:08:00,447 [INFO] __main__ — 뉴스 시점 제외 [에스티큐브]: 12건 (>14일/파싱실패)
2026-07-29 12:08:01,370 [INFO] __main__ — 뉴스 시점 제외 [토모큐브]: 1건 (>14일/파싱실패)
2026-07-29 12:08:08,558 [INFO] __main__ — 뉴스 시점 제외 [바이오다인]: 6건 (>14일/파싱실패)
2026-07-29 12:08:09,850 [INFO] __main__ — 뉴스 시점 제외 [서호전기]: 15건 (>14일/파싱실패)
2026-07-29 12:08:10,813 [INFO] __main__ — 뉴스 시점 제외 [디지털대성]: 13건 (>14일/파싱실패)
2026-07-29 12:08:11,465 [INFO] __main__ — 뉴스 시점 제외 [아스테라시스]: 13건 (>14일/파싱실패)
2026-07-29 12:08:11,812 [INFO] __main__ — 뉴스 시점 제외 [삼목에스폼]: 4건 (>14일/파싱실패)
2026-07-29 12:08:12,457 [INFO] __main__ — 뉴스 시점 제외 [KZ정밀]: 11건 (>14일/파싱실패)
2026-07-29 12:08:14,054 [INFO] __main__ — 뉴스 시점 제외 [코메론]: 5건 (>14일/파싱실패)
2026-07-29 12:08:15,389 [INFO] __main__ — 뉴스 시점 제외 [강원에너지]: 8건 (>14일/파싱실패)
2026-07-29 12:08:15,400 [INFO] __main__ — 뉴스 시점 제외 [BGF에코머티리얼즈]: 15건 (>14일/파싱실패)
2026-07-29 12:08:16,207 [INFO] __main__ — 뉴스 시점 제외 [레드캡투어]: 12건 (>14일/파싱실패)
2026-07-29 12:08:16,836 [INFO] __main__ — 뉴스 시점 제외 [빅솔론]: 14건 (>14일/파싱실패)
2026-07-29 12:08:18,158 [INFO] __main__ — 뉴스 시점 제외 [티이엠씨]: 4건 (>14일/파싱실패)
2026-07-29 12:08:18,968 [INFO] __main__ — 뉴스 시점 제외 [동양이엔피]: 7건 (>14일/파싱실패)
2026-07-29 12:08:18,978 [INFO] __main__ — 뉴스 시점 제외 [안트로젠]: 2건 (>14일/파싱실패)
2026-07-29 12:08:19,619 [INFO] __main__ — 뉴스 시점 제외 [나이벡]: 8건 (>14일/파싱실패)
2026-07-29 12:08:20,251 [INFO] __main__ — 뉴스 시점 제외 [현대이지웰]: 10건 (>14일/파싱실패)
2026-07-29 12:08:21,414 [INFO] __main__ — 뉴스 시점 제외 [삼보판지]: 15건 (>14일/파싱실패)
2026-07-29 12:08:22,055 [INFO] __main__ — 뉴스 시점 제외 [인선이엔티]: 13건 (>14일/파싱실패)
2026-07-29 12:08:22,218 [INFO] __main__ — 뉴스 시점 제외 [크레오에스지]: 12건 (>14일/파싱실패)
2026-07-29 12:08:22,698 [INFO] __main__ — 뉴스 시점 제외 [아이비김영]: 4건 (>14일/파싱실패)
2026-07-29 12:08:23,990 [INFO] __main__ — 뉴스 시점 제외 [재영솔루텍]: 8건 (>14일/파싱실패)
2026-07-29 12:08:24,952 [INFO] __main__ — 뉴스 시점 제외 [KX]: 2건 (>14일/파싱실패)
2026-07-29 12:08:27,276 [INFO] __main__ — 뉴스 시점 제외 [대정화금]: 10건 (>14일/파싱실패)
2026-07-29 12:08:27,452 [INFO] __main__ — 뉴스 시점 제외 [우리손에프앤지]: 14건 (>14일/파싱실패)
2026-07-29 12:08:27,548 [INFO] __main__ — 뉴스 시점 제외 [윤성에프앤씨]: 12건 (>14일/파싱실패)
2026-07-29 12:08:27,941 [INFO] __main__ — 뉴스 시점 제외 [이엘씨]: 5건 (>14일/파싱실패)
2026-07-29 12:08:28,193 [INFO] __main__ — 뉴스 시점 제외 [현대에버다임]: 8건 (>14일/파싱실패)
2026-07-29 12:08:28,838 [INFO] __main__ — 뉴스 시점 제외 [풍원정밀]: 11건 (>14일/파싱실패)
2026-07-29 12:08:29,392 [INFO] __main__ — 뉴스 시점 제외 [성도이엔지]: 8건 (>14일/파싱실패)
2026-07-29 12:08:29,882 [INFO] __main__ — 뉴스 시점 제외 [스톰테크]: 11건 (>14일/파싱실패)
2026-07-29 12:08:30,030 [INFO] __main__ — 뉴스 시점 제외 [오스테오닉]: 8건 (>14일/파싱실패)
2026-07-29 12:08:30,122 [INFO] __main__ — 뉴스 시점 제외 [엠에스오토텍]: 13건 (>14일/파싱실패)
2026-07-29 12:08:30,670 [INFO] __main__ — 뉴스 시점 제외 [탑런토탈솔루션]: 10건 (>14일/파싱실패)
2026-07-29 12:08:31,828 [INFO] __main__ — 뉴스 시점 제외 [풍국주정]: 13건 (>14일/파싱실패)
2026-07-29 12:08:32,465 [INFO] __main__ — 뉴스 시점 제외 [나이스디앤비]: 1건 (>14일/파싱실패)
2026-07-29 12:08:32,680 [INFO] __main__ — 뉴스 시점 제외 [서원인텍]: 13건 (>14일/파싱실패)
2026-07-29 12:08:33,236 [INFO] __main__ — 뉴스 시점 제외 [중앙백신]: 4건 (>14일/파싱실패)
2026-07-29 12:08:33,329 [INFO] __main__ — 뉴스 시점 제외 [루미르]: 10건 (>14일/파싱실패)
2026-07-29 12:08:33,756 [INFO] __main__ — 뉴스 시점 제외 [에이치피오]: 11건 (>14일/파싱실패)
2026-07-29 12:08:33,871 [INFO] __main__ — 뉴스 시점 제외 [디와이피엔에프]: 13건 (>14일/파싱실패)
2026-07-29 12:08:33,970 [INFO] __main__ — 뉴스 시점 제외 [동국S&C]: 13건 (>14일/파싱실패)
2026-07-29 12:08:34,408 [INFO] __main__ — 뉴스 시점 제외 [금강철강]: 5건 (>14일/파싱실패)
2026-07-29 12:08:35,322 [INFO] __main__ — 뉴스 시점 제외 [디앤씨미디어]: 11건 (>14일/파싱실패)
2026-07-29 12:08:37,028 [INFO] __main__ — 뉴스 시점 제외 [블루콤]: 7건 (>14일/파싱실패)
2026-07-29 12:08:37,940 [INFO] __main__ — 뉴스 시점 제외 [한국파마]: 4건 (>14일/파싱실패)
2026-07-29 12:08:38,348 [INFO] __main__ — 뉴스 시점 제외 [이상네트웍스]: 12건 (>14일/파싱실패)
2026-07-29 12:08:38,756 [INFO] __main__ — 뉴스 시점 제외 [선바이오]: 11건 (>14일/파싱실패)
2026-07-29 12:08:39,224 [INFO] __main__ — 뉴스 시점 제외 [엔브이에이치코리아]: 11건 (>14일/파싱실패)
2026-07-29 12:08:39,629 [INFO] __main__ — 뉴스 시점 제외 [삼현철강]: 9건 (>14일/파싱실패)
2026-07-29 12:08:39,862 [INFO] __main__ — 뉴스 시점 제외 [초록뱀미디어]: 7건 (>14일/파싱실패)
2026-07-29 12:08:40,280 [INFO] __main__ — 뉴스 시점 제외 [엠엑스온]: 11건 (>14일/파싱실패)
2026-07-29 12:08:40,522 [INFO] __main__ — 뉴스 시점 제외 [휴비츠]: 7건 (>14일/파싱실패)
2026-07-29 12:08:40,929 [INFO] __main__ — 뉴스 시점 제외 [라이온켐텍]: 9건 (>14일/파싱실패)
2026-07-29 12:08:41,179 [INFO] __main__ — 뉴스 시점 제외 [양지사]: 14건 (>14일/파싱실패)
2026-07-29 12:08:41,839 [INFO] __main__ — 뉴스 시점 제외 [시공테크]: 8건 (>14일/파싱실패)
2026-07-29 12:08:42,499 [INFO] __main__ — 뉴스 시점 제외 [현대공업]: 12건 (>14일/파싱실패)
2026-07-29 12:08:42,629 [INFO] __main__ — 뉴스 시점 제외 [드림씨아이에스]: 5건 (>14일/파싱실패)
2026-07-29 12:08:43,516 [INFO] __main__ — 뉴스 시점 제외 [피제이전자]: 9건 (>14일/파싱실패)
2026-07-29 12:08:43,902 [INFO] __main__ — 뉴스 시점 제외 [제이씨케미칼]: 11건 (>14일/파싱실패)
2026-07-29 12:08:45,088 [INFO] __main__ — 뉴스 시점 제외 [잉크테크]: 11건 (>14일/파싱실패)
2026-07-29 12:08:45,728 [INFO] __main__ — 뉴스 시점 제외 [지구홀딩스]: 11건 (>14일/파싱실패)
2026-07-29 12:08:46,271 [INFO] __main__ — 뉴스 시점 제외 [새빗켐]: 12건 (>14일/파싱실패)
2026-07-29 12:08:46,534 [INFO] __main__ — 뉴스 시점 제외 [케이엘넷]: 12건 (>14일/파싱실패)
2026-07-29 12:08:47,208 [INFO] __main__ — 뉴스 시점 제외 [센코]: 8건 (>14일/파싱실패)
2026-07-29 12:08:47,556 [INFO] __main__ — 뉴스 시점 제외 [오리콤]: 7건 (>14일/파싱실패)
2026-07-29 12:08:47,847 [INFO] __main__ — 뉴스 시점 제외 [트루엔]: 10건 (>14일/파싱실패)
2026-07-29 12:08:49,159 [INFO] __main__ — 뉴스 시점 제외 [삼양케이씨아이]: 13건 (>14일/파싱실패)
2026-07-29 12:08:49,821 [INFO] __main__ — 뉴스 시점 제외 [동우팜투테이블]: 3건 (>14일/파싱실패)
2026-07-29 12:08:50,463 [INFO] __main__ — 뉴스 시점 제외 [셀바이오휴먼텍]: 13건 (>14일/파싱실패)
2026-07-29 12:08:51,770 [INFO] __main__ — 뉴스 시점 제외 [지에스이]: 10건 (>14일/파싱실패)
2026-07-29 12:08:51,779 [INFO] __main__ — 뉴스 시점 제외 [샌즈랩]: 10건 (>14일/파싱실패)
2026-07-29 12:08:52,411 [INFO] __main__ — 뉴스 시점 제외 [경남스틸]: 8건 (>14일/파싱실패)
2026-07-29 12:08:53,222 [INFO] __main__ — 뉴스 시점 제외 [구영테크]: 14건 (>14일/파싱실패)
2026-07-29 12:08:53,857 [INFO] __main__ — 뉴스 시점 제외 [SM Life Design]: 15건 (>14일/파싱실패)
2026-07-29 12:08:53,872 [INFO] __main__ — 뉴스 시점 제외 [제일테크노스]: 9건 (>14일/파싱실패)
2026-07-29 12:08:54,507 [INFO] __main__ — 뉴스 시점 제외 [케이피항공산업]: 7건 (>14일/파싱실패)
2026-07-29 12:08:54,689 [INFO] __main__ — 뉴스 시점 제외 [디티씨]: 14건 (>14일/파싱실패)
2026-07-29 12:08:54,864 [INFO] __main__ — 뉴스 시점 제외 [세코닉스]: 9건 (>14일/파싱실패)
2026-07-29 12:08:55,669 [INFO] __main__ — 뉴스 시점 제외 [더블유에스아이]: 11건 (>14일/파싱실패)
2026-07-29 12:08:55,980 [INFO] __main__ — 뉴스 시점 제외 [경창산업]: 11건 (>14일/파싱실패)
2026-07-29 12:08:56,618 [INFO] __main__ — 뉴스 시점 제외 [엘컴텍]: 13건 (>14일/파싱실패)
2026-07-29 12:08:57,762 [INFO] __main__ — 뉴스 시점 제외 [네오이뮨텍]: 8건 (>14일/파싱실패)
2026-07-29 12:08:57,795 [INFO] __main__ — 뉴스 시점 제외 [흥국에프엔비]: 9건 (>14일/파싱실패)
2026-07-29 12:08:58,569 [INFO] __main__ — 뉴스 시점 제외 [씨유테크]: 13건 (>14일/파싱실패)
2026-07-29 12:08:58,572 [INFO] __main__ — 뉴스 시점 제외 [에이텍모빌리티]: 9건 (>14일/파싱실패)
2026-07-29 12:08:59,213 [INFO] __main__ — 뉴스 시점 제외 [모티브링크]: 10건 (>14일/파싱실패)
2026-07-29 12:08:59,862 [INFO] __main__ — 뉴스 시점 제외 [상신전자]: 11건 (>14일/파싱실패)
2026-07-29 12:08:59,863 [INFO] __main__ — 뉴스 시점 제외 [제이피아이헬스케어]: 11건 (>14일/파싱실패)
2026-07-29 12:09:00,521 [INFO] __main__ — 뉴스 시점 제외 [디에이피]: 10건 (>14일/파싱실패)
2026-07-29 12:09:00,522 [INFO] __main__ — 뉴스 시점 제외 [삼천리자전거]: 9건 (>14일/파싱실패)
2026-07-29 12:09:01,331 [INFO] __main__ — 뉴스 시점 제외 [이글벳]: 11건 (>14일/파싱실패)
2026-07-29 12:09:02,643 [INFO] __main__ — 뉴스 시점 제외 [이엠넷]: 8건 (>14일/파싱실패)
2026-07-29 12:09:02,645 [INFO] __main__ — 뉴스 시점 제외 [위너스일렉]: 11건 (>14일/파싱실패)
2026-07-29 12:09:03,303 [INFO] __main__ — 뉴스 시점 제외 [오리엔트정공]: 14건 (>14일/파싱실패)
2026-07-29 12:09:03,313 [INFO] __main__ — 뉴스 시점 제외 [쎄노텍]: 12건 (>14일/파싱실패)
2026-07-29 12:09:03,971 [INFO] __main__ — 뉴스 시점 제외 [코아시아씨엠]: 13건 (>14일/파싱실패)
2026-07-29 12:09:04,624 [INFO] __main__ — 뉴스 시점 제외 [서연탑메탈]: 12건 (>14일/파싱실패)
2026-07-29 12:09:04,634 [INFO] __main__ — 뉴스 시점 제외 [포스뱅크]: 15건 (>14일/파싱실패)
2026-07-29 12:09:05,295 [INFO] __main__ — 뉴스 시점 제외 [나라엠앤디]: 10건 (>14일/파싱실패)
2026-07-29 12:09:05,302 [INFO] __main__ — 뉴스 시점 제외 [와이엠]: 1건 (>14일/파싱실패)
2026-07-29 12:09:05,908 [INFO] __main__ — 뉴스 시점 제외 [NHN벅스]: 9건 (>14일/파싱실패)
2026-07-29 12:09:05,950 [INFO] __main__ — 뉴스 시점 제외 [인지디스플레]: 10건 (>14일/파싱실패)
2026-07-29 12:09:06,545 [INFO] __main__ — 뉴스 시점 제외 [엔투텍]: 9건 (>14일/파싱실패)
2026-07-29 12:09:06,601 [INFO] __main__ — 뉴스 시점 제외 [쓰리에이로직스]: 13건 (>14일/파싱실패)
2026-07-29 12:09:07,833 [INFO] __main__ — 뉴스 시점 제외 [크리스탈신소재]: 7건 (>14일/파싱실패)
2026-07-29 12:09:07,906 [INFO] __main__ — 뉴스 시점 제외 [엔바이오니아]: 8건 (>14일/파싱실패)
2026-07-29 12:09:08,063 [INFO] __main__ — 뉴스 시점 제외 [폴라리스세원]: 14건 (>14일/파싱실패)
2026-07-29 12:09:08,635 [INFO] __main__ — 뉴스 시점 제외 [삼화네트웍스]: 4건 (>14일/파싱실패)
2026-07-29 12:09:10,112 [INFO] __main__ — 뉴스 시점 제외 [백금T&A]: 8건 (>14일/파싱실패)
2026-07-29 12:09:10,874 [INFO] __main__ — POOL_A 후보 부정뉴스 2차 조회: 623개
2026-07-29 12:09:10,877 [INFO] __main__ — POOL_A: 834개 (A:754 B:27 동시:53) | 부정게이트 제외:23
  대형:41 중형:153 소형:640
2026-07-29 12:09:10,883 [INFO] __main__ —   → POOL_A: 834개
2026-07-29 12:09:10,883 [INFO] __main__ — ▶ Step 2: 하드 필터링
2026-07-29 12:09:10,884 [INFO] __main__ — 하드 필터 제거: 832개 | 과열배제 21 | 이격도상한 4 | 이격도하한 403 | MA추세 355 | RSI과열 1 | 거래대금 48
2026-07-29 12:09:10,886 [INFO] __main__ — 과열 gated 기록: 21개 → gated_tickers
2026-07-29 12:09:10,886 [INFO] __main__ — POOL_B: 2개 | 대형:0 중형:0 소형:2
2026-07-29 12:09:10,886 [INFO] __main__ —   → POOL_B: 2개
2026-07-29 12:09:10,886 [INFO] __main__ — ▶ Step 3: 스코어링 (FinBERT 감성 분석)
2026-07-29 12:09:10,886 [INFO] __main__ — NaverClient: 3개 키 로드 (DataLab·검색 독립 회전)
2026-07-29 12:09:10,886 [INFO] __main__ — 텍스트 신규 수집: 2종목 (캐시 적중 0종목)
2026-07-29 12:09:15,642 [INFO] __main__ — 수집 완료: 뉴스 14건 | 공시 6건
2026-07-29 12:09:15,642 [INFO] __main__ — FinBERT 감성 분석 (finbert 모드)...
2026-07-29 12:09:15,642 [INFO] __main__ — FinBERT 로딩: snunlp/KR-FinBert-SC (CPU, batch=8)
2026-07-29 12:09:15,781 [INFO] httpx — HTTP Request: GET https://huggingface.co/api/agent-harnesses "HTTP/1.1 200 OK"
2026-07-29 12:09:15,833 [INFO] httpx — HTTP Request: HEAD https://huggingface.co/snunlp/KR-FinBert-SC/resolve/main/config.json "HTTP/1.1 307 Temporary Redirect"
2026-07-29 12:09:15,833 [WARNING] huggingface_hub.utils._http — Warning: You are sending unauthenticated requests to the HF Hub. Please set a HF_TOKEN to enable higher rate limits and faster downloads.
2026-07-29 12:09:15,852 [INFO] httpx — HTTP Request: HEAD https://huggingface.co/api/resolve-cache/models/snunlp/KR-FinBert-SC/f8586286cc3161fb648e9fee09a456069fd846d0/config.json "HTTP/1.1 200 OK"
2026-07-29 12:09:15,919 [INFO] httpx — HTTP Request: HEAD https://huggingface.co/snunlp/KR-FinBert-SC/resolve/main/model.safetensors "HTTP/1.1 404 Not Found"
2026-07-29 12:09:15,973 [INFO] httpx — HTTP Request: GET https://huggingface.co/api/models/snunlp/KR-FinBert-SC "HTTP/1.1 200 OK"
2026-07-29 12:09:16,041 [INFO] httpx — HTTP Request: GET https://huggingface.co/api/models/snunlp/KR-FinBert-SC/commits/main "HTTP/1.1 200 OK"
2026-07-29 12:09:16,090 [INFO] httpx — HTTP Request: GET https://huggingface.co/api/models/snunlp/KR-FinBert-SC/tree/main/additional_chat_templates?recursive=false&expand=false "HTTP/1.1 404 Not Found"
2026-07-29 12:09:16,102 [INFO] httpx — HTTP Request: GET https://huggingface.co/api/models/snunlp/KR-FinBert-SC/discussions?p=0 "HTTP/1.1 200 OK"
2026-07-29 12:09:16,139 [INFO] httpx — HTTP Request: GET https://huggingface.co/api/models/snunlp/KR-FinBert-SC/tree/main?recursive=true&expand=false "HTTP/1.1 200 OK"
2026-07-29 12:09:16,170 [INFO] httpx — HTTP Request: GET https://huggingface.co/api/models/snunlp/KR-FinBert-SC/commits/refs%2Fpr%2F3 "HTTP/1.1 200 OK"
2026-07-29 12:09:16,204 [INFO] httpx — HTTP Request: HEAD https://huggingface.co/snunlp/KR-FinBert-SC/resolve/main/processor_config.json "HTTP/1.1 404 Not Found"
2026-07-29 12:09:16,223 [INFO] httpx — HTTP Request: HEAD https://huggingface.co/snunlp/KR-FinBert-SC/resolve/refs%2Fpr%2F3/model.safetensors.index.json "HTTP/1.1 404 Not Found"
2026-07-29 12:09:16,248 [INFO] httpx — HTTP Request: HEAD https://huggingface.co/snunlp/KR-FinBert-SC/resolve/main/video_preprocessor_config.json "HTTP/1.1 404 Not Found"
2026-07-29 12:09:16,293 [INFO] httpx — HTTP Request: HEAD https://huggingface.co/snunlp/KR-FinBert-SC/resolve/main/preprocessor_config.json "HTTP/1.1 404 Not Found"
2026-07-29 12:09:16,293 [INFO] __main__ — FinBERT 로드 완료 (CPU)
2026-07-29 12:09:16,305 [INFO] httpx — HTTP Request: HEAD https://huggingface.co/snunlp/KR-FinBert-SC/resolve/refs%2Fpr%2F3/model.safetensors "HTTP/1.1 302 Found"
2026-07-29 12:09:16,994 [INFO] __main__ — Phase A.1: 매핑 신뢰도 < 0.5 → 감성 점수 폐기 1건
2026-07-29 12:09:16,994 [INFO] __main__ — 스코어링: 2개 | 집중:0 | FinBERT:finbert
2026-07-29 12:09:17,004 [INFO] __main__ —   → 2개
2026-07-29 12:09:17,004 [INFO] __main__ — ▶ Step 4: 발송
2026-07-29 12:09:19,131 [INFO] __main__ — DB 기록: 0개 / 전체 to_send 0개
2026-07-29 12:09:19,131 [INFO] __main__ — 발송: 집중 0 / 주시 0
2026-07-29 12:09:19,131 [INFO] __main__ — 완료  |  소요: 1250.2초
2026-07-29 23:39:51,813 [INFO] __main__ — config 검증 완료 ✓
2026-07-29 23:39:51,814 [INFO] __main__ — ============================================================
2026-07-29 23:39:51,814 [INFO] __main__ — AlphaRadar v3.3.1  |  기준일: 20260729
2026-07-29 23:39:51,814 [INFO] __main__ — S = T×0.3 + S_text×0.4 + D×0.3
2026-07-29 23:39:51,814 [INFO] __main__ — ============================================================
2026-07-29 23:39:51,814 [INFO] __main__ — ▶ Step 0: 유니버스 필터링
2026-07-29 23:39:51,966 [INFO] __main__ — FDR 데이터 수집: 20260123 ~ 20260729
2026-07-29 23:39:53,996 [INFO] __main__ — KOSPI: 943개 | 섹터정보 833개 (DART +833개 보완)
2026-07-29 23:39:53,996 [INFO] __main__ — KOSDAQ: 1821개 | 섹터정보 1821개
2026-07-29 23:39:53,997 [INFO] __main__ — 전체: 2764개
2026-07-29 23:39:56,479 [INFO] __main__ — KIS 토큰 발급 완료
2026-07-29 23:55:13,936 [INFO] __main__ — DART corp_code 매핑: 2101/2157개 (97%)
2026-07-29 23:55:13,936 [INFO] __main__ — 유효 유니버스: 2157개
2026-07-29 23:55:13,946 [INFO] __main__ —   → 2157개
2026-07-29 23:55:13,946 [INFO] __main__ — ▶ Step 1: 신호 탐지
2026-07-29 23:55:13,946 [INFO] __main__ — NaverClient: 3개 키 로드 (DataLab·검색 독립 회전)
2026-07-29 23:55:13,946 [INFO] __main__ — 관심 지수 및 부정 뉴스 비율 조회 중...
2026-07-29 23:55:45,945 [INFO] __main__ — 뉴스 시점 제외 [삼화전자]: 5건 (>14일/파싱실패)
2026-07-29 23:56:01,728 [INFO] __main__ — 뉴스 시점 제외 [맥쿼리인프라]: 13건 (>14일/파싱실패)
2026-07-29 23:56:02,011 [INFO] __main__ — 뉴스 시점 제외 [삼영엠텍]: 6건 (>14일/파싱실패)
2026-07-29 23:56:05,723 [INFO] __main__ — 뉴스 시점 제외 [KX하이텍]: 11건 (>14일/파싱실패)
2026-07-29 23:56:06,088 [INFO] __main__ — 뉴스 시점 제외 [GRT]: 3건 (>14일/파싱실패)
2026-07-29 23:56:14,147 [INFO] __main__ — 뉴스 시점 제외 [남선알미늄]: 10건 (>14일/파싱실패)
2026-07-29 23:56:31,386 [INFO] __main__ — 뉴스 시점 제외 [에코플라스틱]: 1건 (>14일/파싱실패)
2026-07-29 23:56:32,725 [INFO] __main__ — 뉴스 시점 제외 [한성크린텍]: 14건 (>14일/파싱실패)
2026-07-29 23:56:38,071 [INFO] __main__ — 뉴스 시점 제외 [HB테크놀러지]: 9건 (>14일/파싱실패)
2026-07-29 23:56:44,240 [INFO] __main__ — 뉴스 시점 제외 [이수화학]: 8건 (>14일/파싱실패)
2026-07-29 23:56:47,128 [INFO] __main__ — 뉴스 시점 제외 [LS머트리얼즈]: 8건 (>14일/파싱실패)
2026-07-29 23:56:48,274 [INFO] __main__ — 뉴스 시점 제외 [아리바이오홀딩스]: 5건 (>14일/파싱실패)
2026-07-29 23:56:49,600 [INFO] __main__ — 뉴스 시점 제외 [강동씨앤엘]: 11건 (>14일/파싱실패)
2026-07-29 23:56:55,265 [INFO] __main__ — 뉴스 시점 제외 [글로벌텍스프리]: 7건 (>14일/파싱실패)
2026-07-29 23:57:01,381 [INFO] __main__ — 뉴스 시점 제외 [세미티에스]: 11건 (>14일/파싱실패)
2026-07-29 23:57:06,712 [INFO] __main__ — 뉴스 시점 제외 [티씨머티리얼즈]: 12건 (>14일/파싱실패)
2026-07-29 23:57:07,027 [INFO] __main__ — 뉴스 시점 제외 [엘브이엠씨홀딩스]: 14건 (>14일/파싱실패)
2026-07-29 23:57:09,888 [INFO] __main__ — 뉴스 시점 제외 [삼기에너지솔루션즈]: 11건 (>14일/파싱실패)
2026-07-29 23:57:13,400 [INFO] __main__ — 뉴스 시점 제외 [중앙첨단소재]: 9건 (>14일/파싱실패)
2026-07-29 23:57:17,384 [INFO] __main__ — 뉴스 시점 제외 [대아티아이]: 11건 (>14일/파싱실패)
2026-07-29 23:57:18,748 [INFO] __main__ — 뉴스 시점 제외 [태양금속]: 11건 (>14일/파싱실패)
2026-07-29 23:57:21,387 [INFO] __main__ — 뉴스 시점 제외 [빅텍]: 2건 (>14일/파싱실패)
2026-07-29 23:57:24,577 [INFO] __main__ — 뉴스 시점 제외 [한국팩키지]: 3건 (>14일/파싱실패)
2026-07-29 23:57:27,224 [INFO] __main__ — 뉴스 시점 제외 [우리기술투자]: 11건 (>14일/파싱실패)
2026-07-29 23:57:34,538 [INFO] __main__ — 뉴스 시점 제외 [하이드로리튬]: 12건 (>14일/파싱실패)
2026-07-29 23:57:34,762 [INFO] __main__ — 뉴스 시점 제외 [대영포장]: 12건 (>14일/파싱실패)
2026-07-29 23:57:37,415 [INFO] __main__ — 뉴스 시점 제외 [엑스페릭스]: 7건 (>14일/파싱실패)
2026-07-29 23:57:40,691 [INFO] __main__ — 뉴스 시점 제외 [한일철강]: 6건 (>14일/파싱실패)
2026-07-29 23:57:41,354 [INFO] __main__ — 뉴스 시점 제외 [한국특강]: 7건 (>14일/파싱실패)
2026-07-29 23:57:42,231 [INFO] __main__ — 뉴스 시점 제외 [한일단조]: 10건 (>14일/파싱실패)
2026-07-29 23:57:44,186 [INFO] __main__ — 뉴스 시점 제외 [성문전자]: 7건 (>14일/파싱실패)
2026-07-29 23:57:48,281 [INFO] __main__ — 뉴스 시점 제외 [HB솔루션]: 8건 (>14일/파싱실패)
2026-07-29 23:57:49,619 [INFO] __main__ — 뉴스 시점 제외 [셀바스헬스케어]: 8건 (>14일/파싱실패)
2026-07-29 23:57:52,987 [INFO] __main__ — 뉴스 시점 제외 [에이치엠넥스]: 9건 (>14일/파싱실패)
2026-07-29 23:57:55,464 [INFO] __main__ — 뉴스 시점 제외 [서부T&D]: 13건 (>14일/파싱실패)
2026-07-29 23:57:59,493 [INFO] __main__ — 뉴스 시점 제외 [위지트]: 10건 (>14일/파싱실패)
2026-07-29 23:58:02,192 [INFO] __main__ — 뉴스 시점 제외 [알루코]: 6건 (>14일/파싱실패)
2026-07-29 23:58:04,907 [INFO] __main__ — 뉴스 시점 제외 [삼호개발]: 6건 (>14일/파싱실패)
2026-07-29 23:58:09,159 [INFO] __main__ — 뉴스 시점 제외 [에코프로머티]: 3건 (>14일/파싱실패)
2026-07-29 23:58:10,783 [INFO] __main__ — 뉴스 시점 제외 [에이티넘인베스트]: 14건 (>14일/파싱실패)
2026-07-29 23:58:12,930 [INFO] __main__ — 뉴스 시점 제외 [갤럭시아에스엠]: 13건 (>14일/파싱실패)
2026-07-29 23:58:13,525 [INFO] __main__ — 뉴스 시점 제외 [일신석재]: 12건 (>14일/파싱실패)
2026-07-29 23:58:16,401 [INFO] __main__ — 뉴스 시점 제외 [송원산업]: 8건 (>14일/파싱실패)
2026-07-29 23:58:17,755 [INFO] __main__ — 뉴스 시점 제외 [네오셈]: 7건 (>14일/파싱실패)
2026-07-29 23:58:25,790 [INFO] __main__ — 뉴스 시점 제외 [미래에셋증권2우B]: 3건 (>14일/파싱실패)
2026-07-29 23:58:32,157 [INFO] __main__ — 뉴스 시점 제외 [YG PLUS]: 9건 (>14일/파싱실패)
2026-07-29 23:58:40,500 [INFO] __main__ — 뉴스 시점 제외 [엑스큐어]: 10건 (>14일/파싱실패)
2026-07-29 23:58:47,989 [INFO] __main__ — 뉴스 시점 제외 [에스엠씨지]: 11건 (>14일/파싱실패)
2026-07-29 23:58:49,327 [INFO] __main__ — 뉴스 시점 제외 [SV인베스트먼트]: 3건 (>14일/파싱실패)
2026-07-29 23:58:52,194 [INFO] __main__ — 뉴스 시점 제외 [대양금속]: 14건 (>14일/파싱실패)
2026-07-29 23:58:53,548 [INFO] __main__ — 뉴스 시점 제외 [케이에스피]: 9건 (>14일/파싱실패)
2026-07-29 23:58:54,898 [INFO] __main__ — 뉴스 시점 제외 [신화프리텍]: 9건 (>14일/파싱실패)
2026-07-29 23:58:57,257 [INFO] __main__ — 뉴스 시점 제외 [나우IB]: 9건 (>14일/파싱실패)
2026-07-29 23:58:57,582 [INFO] __main__ — 뉴스 시점 제외 [포스코스틸리온]: 3건 (>14일/파싱실패)
2026-07-29 23:59:01,266 [INFO] __main__ — 뉴스 시점 제외 [부국철강]: 10건 (>14일/파싱실패)
2026-07-29 23:59:04,509 [INFO] __main__ — 뉴스 시점 제외 [비투엔]: 12건 (>14일/파싱실패)
2026-07-29 23:59:05,842 [INFO] __main__ — 뉴스 시점 제외 [레이저쎌]: 4건 (>14일/파싱실패)
2026-07-29 23:59:09,895 [INFO] __main__ — 뉴스 시점 제외 [경인양행]: 2건 (>14일/파싱실패)
2026-07-29 23:59:11,307 [INFO] __main__ — 부정 키워드 감지: 38개 종목 (neg_ratio > 0)
2026-07-29 23:59:11,311 [INFO] __main__ — 수급일수충족·합계음수 제외: 93개
2026-07-29 23:59:24,127 [INFO] __main__ — 뉴스 시점 제외 [삼성화재우]: 15건 (>14일/파싱실패)
2026-07-29 23:59:24,870 [INFO] __main__ — 뉴스 시점 제외 [삼성전기우]: 8건 (>14일/파싱실패)
2026-07-29 23:59:25,983 [INFO] __main__ — 뉴스 시점 제외 [쿠쿠홀딩스]: 10건 (>14일/파싱실패)
2026-07-29 23:59:27,747 [INFO] __main__ — 뉴스 시점 제외 [GS피앤엘]: 10건 (>14일/파싱실패)
2026-07-29 23:59:28,902 [INFO] __main__ — 뉴스 시점 제외 [미원에스씨]: 1건 (>14일/파싱실패)
2026-07-29 23:59:29,194 [INFO] __main__ — 뉴스 시점 제외 [신한알파리츠]: 8건 (>14일/파싱실패)
2026-07-29 23:59:30,652 [INFO] __main__ — 뉴스 시점 제외 [동원시스템즈]: 2건 (>14일/파싱실패)
2026-07-29 23:59:30,884 [INFO] __main__ — 뉴스 시점 제외 [CJ4우(전환)]: 15건 (>14일/파싱실패)
2026-07-29 23:59:31,071 [INFO] __main__ — 뉴스 시점 제외 [한일홀딩스]: 12건 (>14일/파싱실패)
2026-07-29 23:59:31,610 [INFO] __main__ — 뉴스 시점 제외 [F&F홀딩스]: 4건 (>14일/파싱실패)
2026-07-29 23:59:32,819 [INFO] __main__ — 뉴스 시점 제외 [바이오노트]: 11건 (>14일/파싱실패)
2026-07-29 23:59:33,437 [INFO] __main__ — 뉴스 시점 제외 [아모레퍼시픽우]: 11건 (>14일/파싱실패)
2026-07-29 23:59:33,800 [INFO] __main__ — 뉴스 시점 제외 [삼영무역]: 9건 (>14일/파싱실패)
2026-07-29 23:59:34,274 [INFO] __main__ — 뉴스 시점 제외 [농심홀딩스]: 5건 (>14일/파싱실패)
2026-07-29 23:59:35,789 [INFO] __main__ — 뉴스 시점 제외 [INVENI]: 11건 (>14일/파싱실패)
2026-07-29 23:59:36,529 [INFO] __main__ — 뉴스 시점 제외 [KISCO홀딩스]: 3건 (>14일/파싱실패)
2026-07-29 23:59:39,086 [INFO] __main__ — 뉴스 시점 제외 [일진하이솔루스]: 14건 (>14일/파싱실패)
2026-07-29 23:59:39,676 [INFO] __main__ — 뉴스 시점 제외 [명신산업]: 14건 (>14일/파싱실패)
2026-07-29 23:59:42,831 [INFO] __main__ — 뉴스 시점 제외 [아세아제지]: 6건 (>14일/파싱실패)
2026-07-29 23:59:44,260 [INFO] __main__ — 뉴스 시점 제외 [JW홀딩스]: 8건 (>14일/파싱실패)
2026-07-29 23:59:44,301 [INFO] __main__ — 뉴스 시점 제외 [삼양바이오팜]: 5건 (>14일/파싱실패)
2026-07-29 23:59:45,185 [INFO] __main__ — 뉴스 시점 제외 [삼성물산우B]: 15건 (>14일/파싱실패)
2026-07-29 23:59:47,737 [INFO] __main__ — 뉴스 시점 제외 [S-Oil우]: 14건 (>14일/파싱실패)
2026-07-29 23:59:47,951 [INFO] __main__ — 뉴스 시점 제외 [아이마켓코리아]: 15건 (>14일/파싱실패)
2026-07-29 23:59:50,330 [INFO] __main__ — 뉴스 시점 제외 [CR홀딩스]: 9건 (>14일/파싱실패)
2026-07-29 23:59:51,064 [INFO] __main__ — 뉴스 시점 제외 [PKC]: 8건 (>14일/파싱실패)
2026-07-29 23:59:52,000 [INFO] __main__ — 뉴스 시점 제외 [잇츠한불]: 4건 (>14일/파싱실패)
2026-07-29 23:59:52,722 [INFO] __main__ — 뉴스 시점 제외 [천일고속]: 12건 (>14일/파싱실패)
2026-07-29 23:59:52,922 [INFO] __main__ — 뉴스 시점 제외 [진양홀딩스]: 9건 (>14일/파싱실패)
2026-07-29 23:59:53,459 [INFO] __main__ — 뉴스 시점 제외 [하이트진로홀딩스]: 11건 (>14일/파싱실패)
2026-07-29 23:59:55,094 [INFO] __main__ — 뉴스 시점 제외 [JW생명과학]: 8건 (>14일/파싱실패)
2026-07-29 23:59:56,742 [INFO] __main__ — 뉴스 시점 제외 [SYTS]: 11건 (>14일/파싱실패)
2026-07-29 23:59:56,806 [INFO] __main__ — 뉴스 시점 제외 [해태제과식품]: 9건 (>14일/파싱실패)
2026-07-29 23:59:57,527 [INFO] __main__ — 뉴스 시점 제외 [유수홀딩스]: 14건 (>14일/파싱실패)
2026-07-29 23:59:58,434 [INFO] __main__ — 뉴스 시점 제외 [대창단조]: 12건 (>14일/파싱실패)
2026-07-29 23:59:59,139 [INFO] __main__ — 뉴스 시점 제외 [금호석유화학우]: 14건 (>14일/파싱실패)
2026-07-29 23:59:59,875 [INFO] __main__ — 뉴스 시점 제외 [아모레퍼시픽홀딩스3우C]: 14건 (>14일/파싱실패)
2026-07-30 00:00:00,613 [INFO] __main__ — 뉴스 시점 제외 [삼양패키징]: 10건 (>14일/파싱실패)
2026-07-30 00:00:00,648 [INFO] __main__ — 뉴스 시점 제외 [디씨엠]: 14건 (>14일/파싱실패)
2026-07-30 00:00:01,348 [INFO] __main__ — 뉴스 시점 제외 [태경산업]: 8건 (>14일/파싱실패)
2026-07-30 00:00:02,101 [INFO] __main__ — 뉴스 시점 제외 [이지스레지던스리츠]: 11건 (>14일/파싱실패)
2026-07-30 00:00:02,114 [INFO] __main__ — 뉴스 시점 제외 [인천도시가스]: 8건 (>14일/파싱실패)
2026-07-30 00:00:03,533 [INFO] __main__ — 뉴스 시점 제외 [현대코퍼레이션홀딩스]: 12건 (>14일/파싱실패)
2026-07-30 00:00:03,573 [INFO] __main__ — 뉴스 시점 제외 [태경비케이]: 2건 (>14일/파싱실패)
2026-07-30 00:00:03,578 [INFO] __main__ — 뉴스 시점 제외 [KCTC]: 4건 (>14일/파싱실패)
2026-07-30 00:00:04,254 [INFO] __main__ — 뉴스 시점 제외 [HS애드]: 5건 (>14일/파싱실패)
2026-07-30 00:00:05,022 [INFO] __main__ — 뉴스 시점 제외 [GS우]: 15건 (>14일/파싱실패)
2026-07-30 00:00:05,051 [INFO] __main__ — 뉴스 시점 제외 [한국무브넥스]: 13건 (>14일/파싱실패)
2026-07-30 00:00:05,914 [INFO] __main__ — 뉴스 시점 제외 [영보화학]: 12건 (>14일/파싱실패)
2026-07-30 00:00:06,649 [INFO] __main__ — 뉴스 시점 제외 [황금에스티]: 12건 (>14일/파싱실패)
2026-07-30 00:00:07,398 [INFO] __main__ — 뉴스 시점 제외 [동일산업]: 6건 (>14일/파싱실패)
2026-07-30 00:00:07,403 [INFO] __main__ — 뉴스 시점 제외 [AK홀딩스]: 5건 (>14일/파싱실패)
2026-07-30 00:00:08,143 [INFO] __main__ — 뉴스 시점 제외 [KTis]: 10건 (>14일/파싱실패)
2026-07-30 00:00:08,165 [INFO] __main__ — 뉴스 시점 제외 [크라운해태홀딩스]: 8건 (>14일/파싱실패)
2026-07-30 00:00:08,864 [INFO] __main__ — 뉴스 시점 제외 [티와이홀딩스]: 11건 (>14일/파싱실패)
2026-07-30 00:00:08,901 [INFO] __main__ — 뉴스 시점 제외 [사조오양]: 11건 (>14일/파싱실패)
2026-07-30 00:00:08,903 [INFO] __main__ — 뉴스 시점 제외 [DSR제강]: 9건 (>14일/파싱실패)
2026-07-30 00:00:09,782 [INFO] __main__ — 뉴스 시점 제외 [아주스틸]: 8건 (>14일/파싱실패)
2026-07-30 00:00:09,811 [INFO] __main__ — 뉴스 시점 제외 [동방아그로]: 12건 (>14일/파싱실패)
2026-07-30 00:00:09,811 [INFO] __main__ — 뉴스 시점 제외 [SK이노베이션우]: 15건 (>14일/파싱실패)
2026-07-30 00:00:10,516 [INFO] __main__ — 뉴스 시점 제외 [한국수출포장]: 15건 (>14일/파싱실패)
2026-07-30 00:00:11,249 [INFO] __main__ — 뉴스 시점 제외 [한솔로지스틱스]: 6건 (>14일/파싱실패)
2026-07-30 00:00:11,281 [INFO] __main__ — 뉴스 시점 제외 [CS홀딩스]: 14건 (>14일/파싱실패)
2026-07-30 00:00:12,184 [INFO] __main__ — 뉴스 시점 제외 [DL이앤씨2우(전환)]: 15건 (>14일/파싱실패)
2026-07-30 00:00:12,187 [INFO] __main__ — 뉴스 시점 제외 [성창기업지주]: 9건 (>14일/파싱실패)
2026-07-30 00:00:12,919 [INFO] __main__ — 뉴스 시점 제외 [삼정펄프]: 14건 (>14일/파싱실패)
2026-07-30 00:00:12,925 [INFO] __main__ — 뉴스 시점 제외 [아모레퍼시픽홀딩스우]: 14건 (>14일/파싱실패)
2026-07-30 00:00:13,646 [INFO] __main__ — 뉴스 시점 제외 [일동홀딩스]: 9건 (>14일/파싱실패)
2026-07-30 00:00:14,370 [INFO] __main__ — 뉴스 시점 제외 [코오롱인더우]: 14건 (>14일/파싱실패)
2026-07-30 00:00:15,470 [INFO] __main__ — 뉴스 시점 제외 [미래에셋글로벌리츠]: 8건 (>14일/파싱실패)
2026-07-30 00:00:15,479 [INFO] __main__ — 뉴스 시점 제외 [동양고속]: 10건 (>14일/파싱실패)
2026-07-30 00:00:16,212 [INFO] __main__ — 뉴스 시점 제외 [삼일씨엔에스]: 11건 (>14일/파싱실패)
2026-07-30 00:00:16,227 [INFO] __main__ — 뉴스 시점 제외 [남양유업우]: 13건 (>14일/파싱실패)
2026-07-30 00:00:16,233 [INFO] __main__ — 뉴스 시점 제외 [호전실업]: 9건 (>14일/파싱실패)
2026-07-30 00:00:16,965 [INFO] __main__ — 뉴스 시점 제외 [롯데칠성우]: 14건 (>14일/파싱실패)
2026-07-30 00:00:17,685 [INFO] __main__ — 뉴스 시점 제외 [SJM홀딩스]: 12건 (>14일/파싱실패)
2026-07-30 00:00:17,698 [INFO] __main__ — 뉴스 시점 제외 [인바이오젠]: 6건 (>14일/파싱실패)
2026-07-30 00:00:18,593 [INFO] __main__ — 뉴스 시점 제외 [BYC우]: 15건 (>14일/파싱실패)
2026-07-30 00:00:19,325 [INFO] __main__ — 뉴스 시점 제외 [SJM]: 9건 (>14일/파싱실패)
2026-07-30 00:00:20,050 [INFO] __main__ — 뉴스 시점 제외 [SK케미칼우]: 14건 (>14일/파싱실패)
2026-07-30 00:00:20,087 [INFO] __main__ — 뉴스 시점 제외 [SB성보]: 8건 (>14일/파싱실패)
2026-07-30 00:00:20,091 [INFO] __main__ — 뉴스 시점 제외 [조광페인트]: 4건 (>14일/파싱실패)
2026-07-30 00:00:20,835 [INFO] __main__ — 뉴스 시점 제외 [대덕전자1우]: 15건 (>14일/파싱실패)
2026-07-30 00:00:21,498 [INFO] __main__ — 뉴스 시점 제외 [DYP]: 14건 (>14일/파싱실패)
2026-07-30 00:00:21,565 [INFO] __main__ — 뉴스 시점 제외 [유니온머티리얼]: 11건 (>14일/파싱실패)
2026-07-30 00:00:22,233 [INFO] __main__ — 뉴스 시점 제외 [한창제지]: 12건 (>14일/파싱실패)
2026-07-30 00:00:22,319 [INFO] __main__ — 뉴스 시점 제외 [에쓰씨엔지니어링]: 13건 (>14일/파싱실패)
2026-07-30 00:00:22,963 [INFO] __main__ — 뉴스 시점 제외 [세방우]: 15건 (>14일/파싱실패)
2026-07-30 00:00:34,276 [INFO] __main__ — 뉴스 시점 제외 [에스티큐브]: 12건 (>14일/파싱실패)
2026-07-30 00:00:35,563 [INFO] __main__ — 뉴스 시점 제외 [토모큐브]: 1건 (>14일/파싱실패)
2026-07-30 00:00:41,457 [INFO] __main__ — 뉴스 시점 제외 [한국알콜]: 6건 (>14일/파싱실패)
2026-07-30 00:00:46,206 [INFO] __main__ — 뉴스 시점 제외 [서호전기]: 15건 (>14일/파싱실패)
2026-07-30 00:00:47,325 [INFO] __main__ — 뉴스 시점 제외 [디지털대성]: 13건 (>14일/파싱실패)
2026-07-30 00:00:48,616 [INFO] __main__ — 뉴스 시점 제외 [아스테라시스]: 13건 (>14일/파싱실패)
2026-07-30 00:00:48,779 [INFO] __main__ — 뉴스 시점 제외 [KZ정밀]: 11건 (>14일/파싱실패)
2026-07-30 00:00:50,451 [INFO] __main__ — 뉴스 시점 제외 [코메론]: 5건 (>14일/파싱실패)
2026-07-30 00:00:51,039 [INFO] __main__ — 뉴스 시점 제외 [강원에너지]: 8건 (>14일/파싱실패)
2026-07-30 00:00:51,777 [INFO] __main__ — 뉴스 시점 제외 [BGF에코머티리얼즈]: 15건 (>14일/파싱실패)
2026-07-30 00:00:51,907 [INFO] __main__ — 뉴스 시점 제외 [석경에이티]: 8건 (>14일/파싱실패)
2026-07-30 00:00:52,697 [INFO] __main__ — 뉴스 시점 제외 [레드캡투어]: 12건 (>14일/파싱실패)
2026-07-30 00:00:52,721 [INFO] __main__ — 뉴스 시점 제외 [빅솔론]: 14건 (>14일/파싱실패)
2026-07-30 00:00:54,209 [INFO] __main__ — 뉴스 시점 제외 [대한약품]: 4건 (>14일/파싱실패)
2026-07-30 00:00:54,866 [INFO] __main__ — 뉴스 시점 제외 [안트로젠]: 2건 (>14일/파싱실패)
2026-07-30 00:00:55,803 [INFO] __main__ — 뉴스 시점 제외 [티이엠씨]: 4건 (>14일/파싱실패)
2026-07-30 00:00:56,866 [INFO] __main__ — 뉴스 시점 제외 [나이벡]: 8건 (>14일/파싱실패)
2026-07-30 00:00:57,436 [INFO] __main__ — 뉴스 시점 제외 [현대이지웰]: 10건 (>14일/파싱실패)
2026-07-30 00:00:59,076 [INFO] __main__ — 뉴스 시점 제외 [삼보판지]: 15건 (>14일/파싱실패)
2026-07-30 00:00:59,129 [INFO] __main__ — 뉴스 시점 제외 [인선이엔티]: 14건 (>14일/파싱실패)
2026-07-30 00:00:59,798 [INFO] __main__ — 뉴스 시점 제외 [크레오에스지]: 12건 (>14일/파싱실패)
2026-07-30 00:01:02,250 [INFO] __main__ — 뉴스 시점 제외 [KX]: 2건 (>14일/파싱실패)
2026-07-30 00:01:02,773 [INFO] __main__ — 뉴스 시점 제외 [유아이엘]: 9건 (>14일/파싱실패)
2026-07-30 00:01:05,292 [INFO] __main__ — 뉴스 시점 제외 [우리손에프앤지]: 14건 (>14일/파싱실패)
2026-07-30 00:01:05,318 [INFO] __main__ — 뉴스 시점 제외 [대정화금]: 10건 (>14일/파싱실패)
2026-07-30 00:01:05,323 [INFO] __main__ — 뉴스 시점 제외 [NICE인프라]: 15건 (>14일/파싱실패)
2026-07-30 00:01:06,014 [INFO] __main__ — 뉴스 시점 제외 [윤성에프앤씨]: 12건 (>14일/파싱실패)
2026-07-30 00:01:06,237 [INFO] __main__ — 뉴스 시점 제외 [이엘씨]: 5건 (>14일/파싱실패)
2026-07-30 00:01:06,252 [INFO] __main__ — 뉴스 시점 제외 [현대에버다임]: 6건 (>14일/파싱실패)
2026-07-30 00:01:06,963 [INFO] __main__ — 뉴스 시점 제외 [세운메디칼]: 10건 (>14일/파싱실패)
2026-07-30 00:01:06,978 [INFO] __main__ — 뉴스 시점 제외 [성도이엔지]: 8건 (>14일/파싱실패)
2026-07-30 00:01:07,691 [INFO] __main__ — 뉴스 시점 제외 [레이언스]: 11건 (>14일/파싱실패)
2026-07-30 00:01:07,883 [INFO] __main__ — 뉴스 시점 제외 [풍원정밀]: 11건 (>14일/파싱실패)
2026-07-30 00:01:08,613 [INFO] __main__ — 뉴스 시점 제외 [스톰테크]: 11건 (>14일/파싱실패)
2026-07-30 00:01:08,917 [INFO] __main__ — 뉴스 시점 제외 [오스테오닉]: 8건 (>14일/파싱실패)
2026-07-30 00:01:09,144 [INFO] __main__ — 뉴스 시점 제외 [엠에스오토텍]: 13건 (>14일/파싱실패)
2026-07-30 00:01:09,348 [INFO] __main__ — 뉴스 시점 제외 [탑런토탈솔루션]: 10건 (>14일/파싱실패)
2026-07-30 00:01:10,804 [INFO] __main__ — 뉴스 시점 제외 [서원인텍]: 13건 (>14일/파싱실패)
2026-07-30 00:01:11,543 [INFO] __main__ — 뉴스 시점 제외 [중앙백신]: 4건 (>14일/파싱실패)
2026-07-30 00:01:12,256 [INFO] __main__ — 뉴스 시점 제외 [에이치피오]: 11건 (>14일/파싱실패)
2026-07-30 00:01:12,271 [INFO] __main__ — 뉴스 시점 제외 [나이스디앤비]: 1건 (>14일/파싱실패)
2026-07-30 00:01:12,732 [INFO] __main__ — 뉴스 시점 제외 [창해에탄올]: 9건 (>14일/파싱실패)
2026-07-30 00:01:13,000 [INFO] __main__ — 뉴스 시점 제외 [루미르]: 10건 (>14일/파싱실패)
2026-07-30 00:01:13,460 [INFO] __main__ — 뉴스 시점 제외 [디와이피엔에프]: 13건 (>14일/파싱실패)
2026-07-30 00:01:13,715 [INFO] __main__ — 뉴스 시점 제외 [대림제지]: 11건 (>14일/파싱실패)
2026-07-30 00:01:14,189 [INFO] __main__ — 뉴스 시점 제외 [동국S&C]: 13건 (>14일/파싱실패)
2026-07-30 00:01:15,104 [INFO] __main__ — 뉴스 시점 제외 [디앤씨미디어]: 11건 (>14일/파싱실패)
2026-07-30 00:01:15,186 [INFO] __main__ — 뉴스 시점 제외 [삼아제약]: 6건 (>14일/파싱실패)
2026-07-30 00:01:18,019 [INFO] __main__ — 뉴스 시점 제외 [한국파마]: 5건 (>14일/파싱실패)
2026-07-30 00:01:18,285 [INFO] __main__ — 뉴스 시점 제외 [로스웰]: 11건 (>14일/파싱실패)
2026-07-30 00:01:19,743 [INFO] __main__ — 뉴스 시점 제외 [선바이오]: 11건 (>14일/파싱실패)
2026-07-30 00:01:19,773 [INFO] __main__ — 뉴스 시점 제외 [엔브이에이치코리아]: 11건 (>14일/파싱실패)
2026-07-30 00:01:20,195 [INFO] __main__ — 뉴스 시점 제외 [삼현철강]: 9건 (>14일/파싱실패)
2026-07-30 00:01:20,930 [INFO] __main__ — 뉴스 시점 제외 [엠엑스온]: 11건 (>14일/파싱실패)
2026-07-30 00:01:21,188 [INFO] __main__ — 뉴스 시점 제외 [휴비츠]: 7건 (>14일/파싱실패)
2026-07-30 00:01:21,656 [INFO] __main__ — 뉴스 시점 제외 [초록뱀미디어]: 7건 (>14일/파싱실패)
2026-07-30 00:01:21,911 [INFO] __main__ — 뉴스 시점 제외 [영화테크]: 13건 (>14일/파싱실패)
2026-07-30 00:01:21,937 [INFO] __main__ — 뉴스 시점 제외 [라이온켐텍]: 9건 (>14일/파싱실패)
2026-07-30 00:01:22,388 [INFO] __main__ — 뉴스 시점 제외 [아이디피]: 14건 (>14일/파싱실패)
2026-07-30 00:01:22,633 [INFO] __main__ — 뉴스 시점 제외 [양지사]: 14건 (>14일/파싱실패)
2026-07-30 00:01:23,570 [INFO] __main__ — 뉴스 시점 제외 [시공테크]: 8건 (>14일/파싱실패)
2026-07-30 00:01:25,026 [INFO] __main__ — 뉴스 시점 제외 [피제이전자]: 9건 (>14일/파싱실패)
2026-07-30 00:01:26,026 [INFO] __main__ — 뉴스 시점 제외 [엠오티]: 7건 (>14일/파싱실패)
2026-07-30 00:01:26,474 [INFO] __main__ — 뉴스 시점 제외 [신일제약]: 1건 (>14일/파싱실패)
2026-07-30 00:01:26,755 [INFO] __main__ — 뉴스 시점 제외 [블랙야크아이앤씨]: 9건 (>14일/파싱실패)
2026-07-30 00:01:27,205 [INFO] __main__ — 뉴스 시점 제외 [잉크테크]: 11건 (>14일/파싱실패)
2026-07-30 00:01:27,872 [INFO] __main__ — 뉴스 시점 제외 [지구홀딩스]: 11건 (>14일/파싱실패)
2026-07-30 00:01:27,936 [INFO] __main__ — 뉴스 시점 제외 [푸드웰]: 15건 (>14일/파싱실패)
2026-07-30 00:01:28,212 [INFO] __main__ — 뉴스 시점 제외 [케이엘넷]: 12건 (>14일/파싱실패)
2026-07-30 00:01:28,605 [INFO] __main__ — 뉴스 시점 제외 [특수건설]: 13건 (>14일/파싱실패)
2026-07-30 00:01:28,665 [INFO] __main__ — 뉴스 시점 제외 [에이에스텍]: 11건 (>14일/파싱실패)
2026-07-30 00:01:30,056 [INFO] __main__ — 뉴스 시점 제외 [센코]: 8건 (>14일/파싱실패)
2026-07-30 00:01:30,136 [INFO] __main__ — 뉴스 시점 제외 [트루엔]: 10건 (>14일/파싱실패)
2026-07-30 00:01:32,567 [INFO] __main__ — 뉴스 시점 제외 [삼양케이씨아이]: 13건 (>14일/파싱실패)
2026-07-30 00:01:33,126 [INFO] __main__ — 뉴스 시점 제외 [동우팜투테이블]: 3건 (>14일/파싱실패)
2026-07-30 00:01:33,681 [INFO] __main__ — 뉴스 시점 제외 [셀바이오휴먼텍]: 13건 (>14일/파싱실패)
2026-07-30 00:01:34,052 [INFO] __main__ — 뉴스 시점 제외 [진양제약]: 5건 (>14일/파싱실패)
2026-07-30 00:01:35,124 [INFO] __main__ — 뉴스 시점 제외 [지에스이]: 9건 (>14일/파싱실패)
2026-07-30 00:01:35,540 [INFO] __main__ — 뉴스 시점 제외 [엠투엔]: 12건 (>14일/파싱실패)
2026-07-30 00:01:35,846 [INFO] __main__ — 뉴스 시점 제외 [포인트엔지니어링]: 5건 (>14일/파싱실패)
2026-07-30 00:01:36,287 [INFO] __main__ — 뉴스 시점 제외 [샌즈랩]: 10건 (>14일/파싱실패)
2026-07-30 00:01:36,571 [INFO] __main__ — 뉴스 시점 제외 [경남스틸]: 7건 (>14일/파싱실패)
2026-07-30 00:01:37,753 [INFO] __main__ — 뉴스 시점 제외 [동양파일]: 5건 (>14일/파싱실패)
2026-07-30 00:01:37,762 [INFO] __main__ — 뉴스 시점 제외 [구영테크]: 14건 (>14일/파싱실패)
2026-07-30 00:01:38,019 [INFO] __main__ — 뉴스 시점 제외 [SM Life Design]: 15건 (>14일/파싱실패)
2026-07-30 00:01:38,481 [INFO] __main__ — 뉴스 시점 제외 [제일테크노스]: 9건 (>14일/파싱실패)
2026-07-30 00:01:39,204 [INFO] __main__ — 뉴스 시점 제외 [케이피항공산업]: 7건 (>14일/파싱실패)
2026-07-30 00:01:39,476 [INFO] __main__ — 뉴스 시점 제외 [더블유에스아이]: 11건 (>14일/파싱실패)
2026-07-30 00:01:39,942 [INFO] __main__ — 뉴스 시점 제외 [디티씨]: 13건 (>14일/파싱실패)
2026-07-30 00:01:39,949 [INFO] __main__ — 뉴스 시점 제외 [오상자이엘]: 6건 (>14일/파싱실패)
2026-07-30 00:01:40,699 [INFO] __main__ — 뉴스 시점 제외 [경창산업]: 11건 (>14일/파싱실패)
2026-07-30 00:01:41,607 [INFO] __main__ — 뉴스 시점 제외 [코콤]: 8건 (>14일/파싱실패)
2026-07-30 00:01:42,132 [INFO] __main__ — 뉴스 시점 제외 [흥국에프엔비]: 9건 (>14일/파싱실패)
2026-07-30 00:01:43,119 [INFO] __main__ — 뉴스 시점 제외 [에이텍모빌리티]: 9건 (>14일/파싱실패)
2026-07-30 00:01:43,792 [INFO] __main__ — 뉴스 시점 제외 [씨유테크]: 12건 (>14일/파싱실패)
2026-07-30 00:01:43,851 [INFO] __main__ — 뉴스 시점 제외 [상신전자]: 11건 (>14일/파싱실패)
2026-07-30 00:01:44,324 [INFO] __main__ — 뉴스 시점 제외 [제이피아이헬스케어]: 11건 (>14일/파싱실패)
2026-07-30 00:01:45,066 [INFO] __main__ — 뉴스 시점 제외 [삼천리자전거]: 10건 (>14일/파싱실패)
2026-07-30 00:01:45,780 [INFO] __main__ — 뉴스 시점 제외 [효성오앤비]: 11건 (>14일/파싱실패)
2026-07-30 00:01:46,512 [INFO] __main__ — 뉴스 시점 제외 [이글벳]: 11건 (>14일/파싱실패)
2026-07-30 00:01:46,910 [INFO] __main__ — 뉴스 시점 제외 [이엠넷]: 10건 (>14일/파싱실패)
2026-07-30 00:01:46,918 [INFO] __main__ — 뉴스 시점 제외 [아이엠비디엑스]: 11건 (>14일/파싱실패)
2026-07-30 00:01:47,642 [INFO] __main__ — 뉴스 시점 제외 [쎄노텍]: 12건 (>14일/파싱실패)
2026-07-30 00:01:47,966 [INFO] __main__ — 뉴스 시점 제외 [오리엔트정공]: 14건 (>14일/파싱실패)
2026-07-30 00:01:48,368 [INFO] __main__ — 뉴스 시점 제외 [코아시아씨엠]: 13건 (>14일/파싱실패)
2026-07-30 00:01:48,684 [INFO] __main__ — 뉴스 시점 제외 [위너스일렉]: 11건 (>14일/파싱실패)
2026-07-30 00:01:50,322 [INFO] __main__ — 뉴스 시점 제외 [서연탑메탈]: 12건 (>14일/파싱실패)
2026-07-30 00:01:50,545 [INFO] __main__ — 뉴스 시점 제외 [포스뱅크]: 15건 (>14일/파싱실패)
2026-07-30 00:01:50,721 [INFO] __main__ — 뉴스 시점 제외 [보라티알]: 12건 (>14일/파싱실패)
2026-07-30 00:01:51,047 [INFO] __main__ — 뉴스 시점 제외 [엔투텍]: 9건 (>14일/파싱실패)
2026-07-30 00:01:51,476 [INFO] __main__ — 뉴스 시점 제외 [나라엠앤디]: 10건 (>14일/파싱실패)
2026-07-30 00:01:52,206 [INFO] __main__ — 뉴스 시점 제외 [인지디스플레]: 10건 (>14일/파싱실패)
2026-07-30 00:01:53,131 [INFO] __main__ — 뉴스 시점 제외 [쓰리에이로직스]: 13건 (>14일/파싱실패)
2026-07-30 00:01:53,132 [INFO] __main__ — 뉴스 시점 제외 [폴라리스세원]: 14건 (>14일/파싱실패)
2026-07-30 00:01:53,424 [INFO] __main__ — 뉴스 시점 제외 [NHN벅스]: 9건 (>14일/파싱실패)
2026-07-30 00:01:54,386 [INFO] __main__ — 뉴스 시점 제외 [삼화네트웍스]: 4건 (>14일/파싱실패)
2026-07-30 00:01:54,591 [INFO] __main__ — 뉴스 시점 제외 [엔바이오니아]: 8건 (>14일/파싱실패)
2026-07-30 00:01:55,840 [INFO] __main__ — 뉴스 시점 제외 [메가엠디]: 14건 (>14일/파싱실패)
2026-07-30 00:01:56,245 [INFO] __main__ — 뉴스 시점 제외 [베노티앤알]: 11건 (>14일/파싱실패)
2026-07-30 00:01:57,098 [INFO] __main__ — POOL_A 후보 부정뉴스 2차 조회: 651개
2026-07-30 00:01:57,102 [INFO] __main__ — POOL_A: 1018개 (A:725 B:163 동시:130) | 부정게이트 제외:17
  대형:68 중형:193 소형:757
2026-07-30 00:01:57,111 [INFO] __main__ —   → POOL_A: 1018개
2026-07-30 00:01:57,111 [INFO] __main__ — ▶ Step 2: 하드 필터링
2026-07-30 00:01:57,112 [INFO] __main__ — 하드 필터 제거: 1013개 | 과열배제 21 | 이격도상한 5 | 이격도하한 535 | MA추세 405 | RSI과열 1 | 거래대금 46
2026-07-30 00:01:57,114 [INFO] __main__ — 과열 gated 기록: 21개 → gated_tickers
2026-07-30 00:01:57,115 [INFO] __main__ — POOL_B: 5개 | 대형:0 중형:0 소형:5
2026-07-30 00:01:57,115 [INFO] __main__ —   → POOL_B: 5개
2026-07-30 00:01:57,115 [INFO] __main__ — ▶ Step 3: 스코어링 (FinBERT 감성 분석)
2026-07-30 00:01:57,115 [INFO] __main__ — NaverClient: 3개 키 로드 (DataLab·검색 독립 회전)
2026-07-30 00:01:57,115 [INFO] __main__ — 텍스트 신규 수집: 3종목 (캐시 적중 2종목)
2026-07-30 00:01:57,767 [INFO] __main__ — 뉴스 시점 제외 [송원산업]: 23건 (>14일/파싱실패)
2026-07-30 00:01:57,784 [INFO] __main__ — 뉴스 시점 제외 [화신정공]: 18건 (>14일/파싱실패)
2026-07-30 00:02:01,844 [INFO] __main__ — 수집 완료: 뉴스 35건 | 공시 7건
2026-07-30 00:02:01,844 [INFO] __main__ — FinBERT 감성 분석 (finbert 모드)...
2026-07-30 00:02:01,844 [INFO] __main__ — FinBERT 로딩: snunlp/KR-FinBert-SC (CPU, batch=8)
2026-07-30 00:02:01,964 [INFO] httpx — HTTP Request: GET https://huggingface.co/api/agent-harnesses "HTTP/1.1 200 OK"
2026-07-30 00:02:01,982 [INFO] httpx — HTTP Request: HEAD https://huggingface.co/snunlp/KR-FinBert-SC/resolve/main/config.json "HTTP/1.1 307 Temporary Redirect"
2026-07-30 00:02:01,990 [INFO] httpx — HTTP Request: HEAD https://huggingface.co/api/resolve-cache/models/snunlp/KR-FinBert-SC/f8586286cc3161fb648e9fee09a456069fd846d0/config.json "HTTP/1.1 200 OK"
2026-07-30 00:02:02,033 [INFO] httpx — HTTP Request: HEAD https://huggingface.co/snunlp/KR-FinBert-SC/resolve/main/model.safetensors "HTTP/1.1 404 Not Found"
2026-07-30 00:02:02,034 [WARNING] huggingface_hub.utils._http — Warning: You are sending unauthenticated requests to the HF Hub. Please set a HF_TOKEN to enable higher rate limits and faster downloads.
2026-07-30 00:02:02,057 [INFO] httpx — HTTP Request: GET https://huggingface.co/api/models/snunlp/KR-FinBert-SC "HTTP/1.1 200 OK"
2026-07-30 00:02:02,096 [INFO] httpx — HTTP Request: GET https://huggingface.co/api/models/snunlp/KR-FinBert-SC/commits/main "HTTP/1.1 200 OK"
2026-07-30 00:02:02,134 [INFO] httpx — HTTP Request: GET https://huggingface.co/api/models/snunlp/KR-FinBert-SC/discussions?p=0 "HTTP/1.1 200 OK"
2026-07-30 00:02:02,190 [INFO] httpx — HTTP Request: GET https://huggingface.co/api/models/snunlp/KR-FinBert-SC/commits/refs%2Fpr%2F3 "HTTP/1.1 200 OK"
2026-07-30 00:02:02,209 [INFO] httpx — HTTP Request: HEAD https://huggingface.co/snunlp/KR-FinBert-SC/resolve/refs%2Fpr%2F3/model.safetensors.index.json "HTTP/1.1 404 Not Found"
2026-07-30 00:02:02,213 [INFO] httpx — HTTP Request: GET https://huggingface.co/api/models/snunlp/KR-FinBert-SC/tree/main/additional_chat_templates?recursive=false&expand=false "HTTP/1.1 404 Not Found"
2026-07-30 00:02:02,234 [INFO] httpx — HTTP Request: HEAD https://huggingface.co/snunlp/KR-FinBert-SC/resolve/refs%2Fpr%2F3/model.safetensors "HTTP/1.1 302 Found"
2026-07-30 00:02:02,236 [INFO] httpx — HTTP Request: GET https://huggingface.co/api/models/snunlp/KR-FinBert-SC/tree/main?recursive=true&expand=false "HTTP/1.1 200 OK"
2026-07-30 00:02:02,273 [INFO] httpx — HTTP Request: HEAD https://huggingface.co/snunlp/KR-FinBert-SC/resolve/main/processor_config.json "HTTP/1.1 404 Not Found"
2026-07-30 00:02:02,291 [INFO] httpx — HTTP Request: HEAD https://huggingface.co/snunlp/KR-FinBert-SC/resolve/main/video_preprocessor_config.json "HTTP/1.1 404 Not Found"
2026-07-30 00:02:02,316 [INFO] httpx — HTTP Request: HEAD https://huggingface.co/snunlp/KR-FinBert-SC/resolve/main/preprocessor_config.json "HTTP/1.1 404 Not Found"
2026-07-30 00:02:02,317 [INFO] __main__ — FinBERT 로드 완료 (CPU)
2026-07-30 00:02:04,354 [INFO] __main__ — Phase A.1: 매핑 신뢰도 < 0.5 → 감성 점수 폐기 3건
2026-07-30 00:02:04,355 [INFO] __main__ — 스코어링: 5개 | 집중:0 | FinBERT:finbert
2026-07-30 00:02:04,369 [INFO] __main__ —   → 5개
2026-07-30 00:02:04,370 [INFO] __main__ — ▶ Step 4: 발송
2026-07-30 00:02:06,334 [INFO] __main__ — DB 기록: 0개 / 전체 to_send 0개
2026-07-30 00:02:06,335 [INFO] __main__ — 발송: 집중 0 / 주시 0
2026-07-30 00:02:06,335 [INFO] __main__ — 완료  |  소요: 1334.5초
