2026-09-01 23:17:14,678 [INFO] __main__ — config 검증 완료 ✓
2026-09-01 23:17:14,678 [INFO] __main__ — KIS 조회 도메인: 실전 (https://openapi.koreainvestment.com:9443)
2026-09-01 23:17:14,679 [INFO] __main__ — ============================================================
2026-09-01 23:17:14,679 [INFO] __main__ — AlphaRadar v3.3.1  |  기준일: 20260902
2026-09-01 23:17:14,679 [INFO] __main__ — S = T×0.3 + S_text×0.4 + D×0.3
2026-09-01 23:17:14,679 [INFO] __main__ — ============================================================
2026-09-01 23:17:14,679 [INFO] __main__ — ▶ Step 0: 유니버스 필터링
2026-09-01 23:17:14,987 [INFO] __main__ — FDR 데이터 수집: 20260227 ~ 20260902
2026-09-01 23:17:16,206 [INFO] __main__ — master universe 메타: 캐시 사용 2760개 (year=2026)
2026-09-01 23:17:16,208 [INFO] __main__ — master 보강: 등급 836개 | FnGuide/KSIC 2551개 | 섹터(fg_industry) 2551개
2026-09-01 23:17:16,209 [INFO] __main__ — KOSPI: 943개 | 섹터정보 831개 (DART +828개 보완)
2026-09-01 23:17:16,209 [INFO] __main__ — KOSDAQ: 1822개 | 섹터정보 1749개
2026-09-01 23:17:16,209 [INFO] __main__ — 전체: 2765개
2026-09-01 23:17:18,397 [INFO] __main__ — KIS 토큰 발급 완료
2026-09-01 23:24:20,238 [INFO] __main__ — DART corp_code 매핑: 878/901개 (97%)
2026-09-01 23:24:20,238 [INFO] __main__ — 유효 유니버스: 901개
2026-09-01 23:24:20,245 [INFO] __main__ —   → 901개
2026-09-01 23:24:20,245 [INFO] __main__ — ▶ Step 1: 신호 탐지
2026-09-01 23:24:20,245 [INFO] __main__ — NaverClient: 3개 키 로드 (DataLab·검색 독립 회전)
2026-09-01 23:24:20,245 [INFO] __main__ — 관심 지수 및 부정 뉴스 비율 조회 중...
2026-09-01 23:24:22,139 [INFO] __main__ — 봇 주가요약 제외 [금호건설]: 2건
2026-09-01 23:24:23,743 [INFO] __main__ — 봇 주가요약 제외 [빛과전자]: 4건
2026-09-01 23:24:25,365 [INFO] __main__ — 봇 주가요약 제외 [KBI메탈]: 3건
2026-09-01 23:24:25,403 [INFO] __main__ — 봇 주가요약 제외 [우리기술투자]: 2건
2026-09-01 23:24:26,429 [INFO] __main__ — 봇 주가요약 제외 [신라젠]: 1건
2026-09-01 23:24:28,101 [INFO] __main__ — 봇 주가요약 제외 [우리기술]: 1건
2026-09-01 23:24:33,261 [INFO] __main__ — 봇 주가요약 제외 [PS일렉트로닉스]: 3건
2026-09-01 23:24:33,648 [INFO] __main__ — 봇 주가요약 제외 [대원전선]: 6건
2026-09-01 23:24:34,858 [INFO] __main__ — 봇 주가요약 제외 [피노]: 1건
2026-09-01 23:24:36,688 [INFO] __main__ — 봇 주가요약 제외 [원익홀딩스]: 2건
2026-09-01 23:24:37,563 [INFO] __main__ — 봇 주가요약 제외 [페니트리움바이오]: 1건
2026-09-01 23:24:39,544 [INFO] __main__ — 봇 주가요약 제외 [후성]: 4건
2026-09-01 23:24:40,983 [INFO] __main__ — 봇 주가요약 제외 [온코닉테라퓨틱스]: 1건
2026-09-01 23:24:42,829 [INFO] __main__ — 봇 주가요약 제외 [대아티아이]: 1건
2026-09-01 23:24:45,394 [INFO] __main__ — 봇 주가요약 제외 [삼성E&A]: 1건
2026-09-01 23:24:47,351 [INFO] __main__ — 봇 주가요약 제외 [코오롱티슈진]: 1건
2026-09-01 23:24:48,455 [INFO] __main__ — 봇 주가요약 제외 [보성파워텍]: 2건
2026-09-01 23:24:48,601 [INFO] __main__ — 봇 주가요약 제외 [서진시스템]: 2건
2026-09-01 23:24:49,144 [INFO] __main__ — 봇 주가요약 제외 [바이오니아]: 1건
2026-09-01 23:24:49,719 [INFO] __main__ — 봇 주가요약 제외 [우리로]: 1건
2026-09-01 23:24:51,086 [INFO] __main__ — 봇 주가요약 제외 [SK이터닉스]: 2건
2026-09-01 23:24:52,898 [INFO] __main__ — 뉴스 시점 제외 [ESR켄달스퀘어리츠]: 11건 (>14일/파싱실패)
2026-09-01 23:24:53,483 [INFO] __main__ — 봇 주가요약 제외 [제주반도체]: 2건
2026-09-01 23:24:54,835 [INFO] __main__ — 봇 주가요약 제외 [엑스게이트]: 1건
2026-09-01 23:24:55,974 [INFO] __main__ — 봇 주가요약 제외 [한미글로벌]: 1건
2026-09-01 23:25:03,437 [INFO] __main__ — 뉴스 시점 제외 [맥쿼리인프라]: 11건 (>14일/파싱실패)
2026-09-01 23:25:04,662 [INFO] __main__ — 봇 주가요약 제외 [성호전자]: 2건
2026-09-01 23:25:05,918 [INFO] __main__ — 봇 주가요약 제외 [현대무벡스]: 1건
2026-09-01 23:25:07,163 [INFO] __main__ — 봇 주가요약 제외 [삼화콘덴서]: 6건
2026-09-01 23:25:08,655 [INFO] __main__ — 봇 주가요약 제외 [애경케미칼]: 2건
2026-09-01 23:25:09,881 [INFO] __main__ — 봇 주가요약 제외 [휴림로봇]: 1건
2026-09-01 23:25:10,403 [INFO] __main__ — 봇 주가요약 제외 [RF머트리얼즈]: 1건
2026-09-01 23:25:11,131 [INFO] __main__ — 봇 주가요약 제외 [대덕전자]: 1건
2026-09-01 23:25:12,280 [INFO] __main__ — 봇 주가요약 제외 [한전기술]: 3건
2026-09-01 23:25:12,402 [INFO] __main__ — 뉴스 시점 제외 [티엠씨]: 9건 (>14일/파싱실패)
2026-09-01 23:25:14,889 [INFO] __main__ — 봇 주가요약 제외 [두산퓨얼셀]: 4건
2026-09-01 23:25:15,375 [INFO] __main__ — 봇 주가요약 제외 [LG씨엔에스]: 3건
2026-09-01 23:25:17,382 [INFO] __main__ — 봇 주가요약 제외 [LS ELECTRIC]: 2건
2026-09-01 23:25:17,873 [INFO] __main__ — 봇 주가요약 제외 [한화엔진]: 1건
2026-09-01 23:25:19,876 [INFO] __main__ — 뉴스 시점 제외 [제이앤티씨]: 7건 (>14일/파싱실패)
2026-09-01 23:25:23,672 [INFO] __main__ — 봇 주가요약 제외 [이수페타시스]: 1건
2026-09-01 23:25:28,692 [INFO] __main__ — 봇 주가요약 제외 [신흥에스이씨]: 1건
2026-09-01 23:25:29,938 [INFO] __main__ — 봇 주가요약 제외 [지엔씨에너지]: 3건
2026-09-01 23:25:32,402 [INFO] __main__ — 봇 주가요약 제외 [지아이이노베이션]: 1건
2026-09-01 23:25:48,137 [INFO] __main__ — 봇 주가요약 제외 [SNT에너지]: 4건
2026-09-01 23:25:49,643 [INFO] __main__ — 뉴스 시점 제외 [엘브이엠씨홀딩스]: 11건 (>14일/파싱실패)
2026-09-01 23:25:49,680 [INFO] __main__ — 뉴스 시점 제외 [샘씨엔에스]: 2건 (>14일/파싱실패)
2026-09-01 23:25:50,636 [INFO] __main__ — 봇 주가요약 제외 [산일전기]: 1건
2026-09-01 23:25:54,520 [INFO] __main__ — 뉴스 시점 제외 [와이지-원]: 3건 (>14일/파싱실패)
2026-09-01 23:25:55,773 [INFO] __main__ — 뉴스 시점 제외 [에스에이엠티]: 4건 (>14일/파싱실패)
2026-09-01 23:25:57,210 [INFO] __main__ — 봇 주가요약 제외 [테크윙]: 7건
2026-09-01 23:25:57,216 [INFO] __main__ — 봇 주가요약 제외 [엠앤씨솔루션]: 1건
2026-09-01 23:26:09,648 [INFO] __main__ — 봇 주가요약 제외 [케이엔알시스템]: 2건
2026-09-01 23:26:09,761 [INFO] __main__ — 봇 주가요약 제외 [삼표시멘트]: 1건
2026-09-01 23:26:10,984 [INFO] __main__ — 봇 주가요약 제외 [코리아써키트]: 1건
2026-09-01 23:26:13,369 [INFO] __main__ — 봇 주가요약 제외 [클로봇]: 1건
2026-09-01 23:26:17,298 [INFO] __main__ — 봇 주가요약 제외 [HLB제약]: 1건
2026-09-01 23:26:18,553 [INFO] __main__ — 봇 주가요약 제외 [두산로보틱스]: 2건
2026-09-01 23:26:19,791 [INFO] __main__ — 봇 주가요약 제외 [POSCO홀딩스]: 2건
2026-09-01 23:26:23,577 [INFO] __main__ — 봇 주가요약 제외 [한국카본]: 1건
2026-09-01 23:26:23,592 [INFO] __main__ — 봇 주가요약 제외 [디아이]: 1건
2026-09-01 23:26:26,241 [INFO] __main__ — 뉴스 시점 제외 [서부T&D]: 4건 (>14일/파싱실패)
2026-09-01 23:26:28,605 [INFO] __main__ — 봇 주가요약 제외 [삼아알미늄]: 2건
2026-09-01 23:26:28,722 [INFO] __main__ — 봇 주가요약 제외 [삼성에스디에스]: 2건
2026-09-01 23:26:31,201 [INFO] __main__ — 뉴스 시점 제외 [엘티씨]: 8건 (>14일/파싱실패)
2026-09-01 23:26:32,378 [INFO] __main__ — 뉴스 시점 제외 [넥스틸]: 7건 (>14일/파싱실패)
2026-09-01 23:26:33,681 [INFO] __main__ — 봇 주가요약 제외 [에스피지]: 1건
2026-09-01 23:26:36,361 [INFO] __main__ — 봇 주가요약 제외 [에스앤에스텍]: 1건
2026-09-01 23:26:41,632 [INFO] __main__ — 뉴스 시점 제외 [삼양컴텍]: 10건 (>14일/파싱실패)
2026-09-01 23:26:46,960 [INFO] __main__ — 뉴스 시점 제외 [명신산업]: 11건 (>14일/파싱실패)
2026-09-01 23:26:50,107 [INFO] __main__ — 봇 주가요약 제외 [대주전자재료]: 1건
2026-09-01 23:26:53,231 [INFO] __main__ — 봇 주가요약 제외 [이수스페셜티케미컬]: 1건
2026-09-01 23:26:53,841 [INFO] __main__ — 봇 주가요약 제외 [OCI홀딩스]: 1건
2026-09-01 23:26:56,337 [INFO] __main__ — 봇 주가요약 제외 [원익QnC]: 1건
2026-09-01 23:27:00,086 [INFO] __main__ — 봇 주가요약 제외 [HD현대일렉트릭]: 1건
2026-09-01 23:27:01,250 [INFO] __main__ — 뉴스 시점 제외 [KB스타리츠]: 7건 (>14일/파싱실패)
2026-09-01 23:27:03,196 [INFO] __main__ — 봇 주가요약 제외 [유진로봇]: 1건
2026-09-01 23:27:05,688 [INFO] __main__ — 뉴스 시점 제외 [송원산업]: 11건 (>14일/파싱실패)
2026-09-01 23:27:07,494 [INFO] __main__ — 봇 주가요약 제외 [한전KPS]: 1건
2026-09-01 23:27:09,988 [INFO] __main__ — 뉴스 시점 제외 [KB발해인프라]: 14건 (>14일/파싱실패)
2026-09-01 23:27:11,244 [INFO] __main__ — 봇 주가요약 제외 [케이씨텍]: 1건
2026-09-01 23:27:12,505 [INFO] __main__ — 뉴스 시점 제외 [네패스아크]: 4건 (>14일/파싱실패)
2026-09-01 23:27:12,568 [INFO] __main__ — 뉴스 시점 제외 [미래에셋증권2우B]: 12건 (>14일/파싱실패)
2026-09-01 23:27:13,823 [INFO] __main__ — 뉴스 시점 제외 [현대차2우B]: 3건 (>14일/파싱실패)
2026-09-01 23:27:15,082 [INFO] __main__ — 뉴스 시점 제외 [대원강업]: 10건 (>14일/파싱실패)
2026-09-01 23:27:25,248 [INFO] __main__ — 봇 주가요약 제외 [달바글로벌]: 2건
2026-09-01 23:27:26,263 [INFO] __main__ — 봇 주가요약 제외 [제룡전기]: 1건
2026-09-01 23:27:31,247 [INFO] __main__ — 뉴스 시점 제외 [신한알파리츠]: 8건 (>14일/파싱실패)
2026-09-01 23:27:33,744 [INFO] __main__ — 봇 주가요약 제외 [강원에너지]: 1건
2026-09-01 23:27:39,894 [INFO] __main__ — 뉴스 시점 제외 [코스모화학]: 4건 (>14일/파싱실패)
2026-09-01 23:27:41,322 [INFO] __main__ — 봇 주가요약 제외 [휴온스]: 1건
2026-09-01 23:27:45,106 [INFO] __main__ — 뉴스 시점 제외 [현대차우]: 5건 (>14일/파싱실패)
2026-09-01 23:27:46,719 [INFO] __main__ — 봇 주가요약 제외 [에스엠]: 1건
2026-09-01 23:27:47,594 [INFO] __main__ — 뉴스 시점 제외 [세보엠이씨]: 9건 (>14일/파싱실패)
2026-09-01 23:27:49,423 [INFO] __main__ — 뉴스 시점 제외 [이지스밸류플러스리츠]: 10건 (>14일/파싱실패)
2026-09-01 23:27:49,548 [INFO] __main__ — 뉴스 시점 제외 [오리엔탈정공]: 8건 (>14일/파싱실패)
2026-09-01 23:27:50,286 [INFO] __main__ — 봇 주가요약 제외 [LIG디펜스앤에어로스페이스]: 2건
2026-09-01 23:27:50,859 [INFO] __main__ — 봇 주가요약 제외 [휴온스글로벌]: 1건
2026-09-01 23:27:54,617 [INFO] __main__ — 봇 주가요약 제외 [비츠로테크]: 1건
2026-09-01 23:27:56,146 [INFO] __main__ — 부정 키워드 감지: 25개 종목 (neg_ratio > 0)
2026-09-01 23:27:56,148 [INFO] __main__ — 수급일수충족·합계음수 제외: 54개
2026-09-01 23:28:01,478 [INFO] __main__ — 봇 주가요약 제외 [SK가스]: 1건
2026-09-01 23:28:02,440 [INFO] __main__ — 뉴스 시점 제외 [두산우]: 14건 (>14일/파싱실패)
2026-09-01 23:28:02,895 [INFO] __main__ — 뉴스 시점 제외 [삼성전기우]: 9건 (>14일/파싱실패)
2026-09-01 23:28:04,258 [INFO] __main__ — 뉴스 시점 제외 [LG전자우]: 9건 (>14일/파싱실패)
2026-09-01 23:28:05,170 [INFO] __main__ — 뉴스 시점 제외 [삼성화재우]: 14건 (>14일/파싱실패)
2026-09-01 23:28:05,629 [INFO] __main__ — 뉴스 시점 제외 [LG화학우]: 12건 (>14일/파싱실패)
2026-09-01 23:28:07,871 [INFO] __main__ — 뉴스 시점 제외 [미원에스씨]: 3건 (>14일/파싱실패)
2026-09-01 23:28:09,679 [INFO] __main__ — 뉴스 시점 제외 [한화3우B]: 3건 (>14일/파싱실패)
2026-09-01 23:28:09,710 [INFO] __main__ — 뉴스 시점 제외 [한일홀딩스]: 11건 (>14일/파싱실패)
2026-09-01 23:28:11,495 [INFO] __main__ — 뉴스 시점 제외 [대신증권우]: 15건 (>14일/파싱실패)
2026-09-01 23:28:11,724 [INFO] __main__ — 뉴스 시점 제외 [CJ4우(전환)]: 14건 (>14일/파싱실패)
2026-09-01 23:28:13,802 [INFO] __main__ — 뉴스 시점 제외 [신대양제지]: 13건 (>14일/파싱실패)
2026-09-01 23:28:15,172 [INFO] __main__ — 뉴스 시점 제외 [국도화학]: 11건 (>14일/파싱실패)
2026-09-01 23:28:15,802 [INFO] __main__ — 뉴스 시점 제외 [삼성물산우B]: 15건 (>14일/파싱실패)
2026-09-01 23:28:16,268 [INFO] __main__ — 뉴스 시점 제외 [SIMPAC]: 13건 (>14일/파싱실패)
2026-09-01 23:28:17,184 [INFO] __main__ — 뉴스 시점 제외 [서연이화]: 1건 (>14일/파싱실패)
2026-09-01 23:28:17,636 [INFO] __main__ — 뉴스 시점 제외 [두산2우B]: 13건 (>14일/파싱실패)
2026-09-01 23:28:18,562 [INFO] __main__ — 뉴스 시점 제외 [수산인더스트리]: 8건 (>14일/파싱실패)
2026-09-01 23:28:19,262 [INFO] __main__ — 뉴스 시점 제외 [서울가스]: 12건 (>14일/파싱실패)
2026-09-01 23:28:22,623 [INFO] __main__ — 뉴스 시점 제외 [PKC]: 9건 (>14일/파싱실패)
2026-09-01 23:28:22,694 [INFO] __main__ — 뉴스 시점 제외 [노루홀딩스]: 12건 (>14일/파싱실패)
2026-09-01 23:28:23,303 [INFO] __main__ — 뉴스 시점 제외 [LG우]: 15건 (>14일/파싱실패)
2026-09-01 23:28:23,374 [INFO] __main__ — 뉴스 시점 제외 [천일고속]: 13건 (>14일/파싱실패)
2026-09-01 23:28:24,671 [INFO] __main__ — 봇 주가요약 제외 [솔브레인]: 1건
2026-09-01 23:28:30,196 [INFO] __main__ — 뉴스 시점 제외 [한국알콜]: 6건 (>14일/파싱실패)
2026-09-01 23:28:30,988 [INFO] __main__ — 뉴스 시점 제외 [덕양에너젠]: 5건 (>14일/파싱실패)
2026-09-01 23:28:31,623 [INFO] __main__ — 뉴스 시점 제외 [서호전기]: 10건 (>14일/파싱실패)
2026-09-01 23:28:31,713 [INFO] __main__ — 봇 주가요약 제외 [오픈엣지테크놀로지]: 1건
2026-09-01 23:28:32,308 [INFO] __main__ — 봇 주가요약 제외 [칩스앤미디어]: 1건
2026-09-01 23:28:32,920 [INFO] __main__ — 뉴스 시점 제외 [미래나노텍]: 6건 (>14일/파싱실패)
2026-09-01 23:28:32,990 [INFO] __main__ — 뉴스 시점 제외 [이지바이오]: 6건 (>14일/파싱실패)
2026-09-01 23:28:34,912 [INFO] __main__ — POOL_A 후보 부정뉴스 2차 조회: 167개
2026-09-01 23:28:34,913 [INFO] __main__ — POOL_A: 389개 (A:365 B:5 동시:19) | 부정게이트 제외:4
  대형:58 중형:165 소형:166
2026-09-01 23:28:34,918 [INFO] __main__ — 대조군 표본(무신호): 40개 / 모집단 512개 → pool_history
2026-09-01 23:28:34,919 [INFO] __main__ —   → POOL_A: 389개
2026-09-01 23:28:34,920 [INFO] __main__ — ▶ Step 2: 하드 필터링
2026-09-01 23:28:34,920 [INFO] __main__ — 하드 필터 제거: 382개 | 과열배제 61 | 이격도상한 7 | 이격도하한 13 | MA추세 232 | RSI과열 1 | 거래대금 68
2026-09-01 23:28:34,922 [INFO] __main__ — 과열 gated 기록: 61개 → gated_tickers
2026-09-01 23:28:34,924 [INFO] __main__ — 대조군 표본(필터탈락): 141개 / 모집단 382개 → pool_history
2026-09-01 23:28:34,924 [INFO] __main__ — POOL_B: 7개 | 대형:0 중형:4 소형:3
2026-09-01 23:28:34,924 [INFO] __main__ —   → POOL_B: 7개
2026-09-01 23:28:34,924 [INFO] __main__ — ▶ Step 3: 스코어링 (FinBERT 감성 분석)
2026-09-01 23:28:34,924 [INFO] __main__ — NaverClient: 3개 키 로드 (DataLab·검색 독립 회전)
2026-09-01 23:28:34,924 [INFO] __main__ — 텍스트 신규 수집: 7종목 (캐시 적중 0종목)
2026-09-01 23:28:35,500 [INFO] __main__ — 봇 주가요약 제외 [테스]: 2건
2026-09-01 23:33:03,063 [INFO] __main__ — 뉴스 시점 제외 [세보엠이씨]: 24건 (>14일/파싱실패)
2026-09-01 23:35:17,150 [INFO] __main__ — 기사 보존(수집): 63건 (7종목) → news_articles
2026-09-01 23:35:17,150 [INFO] __main__ — 공시 보존(수집): 0건 (7종목) → dart_filings
2026-09-01 23:35:17,151 [INFO] __main__ — 수집 완료: 뉴스 63건 | 공시 0건
2026-09-01 23:35:17,151 [INFO] __main__ — FinBERT 감성 분석 (finbert 모드)...
2026-09-01 23:35:17,151 [INFO] __main__ — FinBERT 로딩: snunlp/KR-FinBert-SC (CPU, batch=8)
2026-09-01 23:35:17,225 [INFO] httpx — HTTP Request: GET https://huggingface.co/api/agent-harnesses "HTTP/1.1 200 OK"
2026-09-01 23:35:17,261 [INFO] httpx — HTTP Request: HEAD https://huggingface.co/snunlp/KR-FinBert-SC/resolve/main/config.json "HTTP/1.1 307 Temporary Redirect"
2026-09-01 23:35:17,268 [INFO] httpx — HTTP Request: HEAD https://huggingface.co/api/resolve-cache/models/snunlp/KR-FinBert-SC/f8586286cc3161fb648e9fee09a456069fd846d0/config.json "HTTP/1.1 200 OK"
2026-09-01 23:35:17,325 [INFO] httpx — HTTP Request: HEAD https://huggingface.co/snunlp/KR-FinBert-SC/resolve/main/model.safetensors "HTTP/1.1 404 Not Found"
2026-09-01 23:35:17,325 [WARNING] huggingface_hub.utils._http — Warning: You are sending unauthenticated requests to the HF Hub. Please set a HF_TOKEN to enable higher rate limits and faster downloads.
2026-09-01 23:35:17,368 [INFO] httpx — HTTP Request: GET https://huggingface.co/api/models/snunlp/KR-FinBert-SC "HTTP/1.1 200 OK"
2026-09-01 23:35:17,428 [INFO] httpx — HTTP Request: GET https://huggingface.co/api/models/snunlp/KR-FinBert-SC/commits/main "HTTP/1.1 200 OK"
2026-09-01 23:35:17,488 [INFO] httpx — HTTP Request: GET https://huggingface.co/api/models/snunlp/KR-FinBert-SC/discussions?p=0 "HTTP/1.1 200 OK"
2026-09-01 23:35:17,496 [INFO] httpx — HTTP Request: GET https://huggingface.co/api/models/snunlp/KR-FinBert-SC/tree/main/additional_chat_templates?recursive=false&expand=false "HTTP/1.1 404 Not Found"
2026-09-01 23:35:17,538 [INFO] httpx — HTTP Request: GET https://huggingface.co/api/models/snunlp/KR-FinBert-SC/tree/main?recursive=true&expand=false "HTTP/1.1 200 OK"
2026-09-01 23:35:17,555 [INFO] httpx — HTTP Request: GET https://huggingface.co/api/models/snunlp/KR-FinBert-SC/commits/refs%2Fpr%2F3 "HTTP/1.1 200 OK"
2026-09-01 23:35:17,598 [INFO] httpx — HTTP Request: HEAD https://huggingface.co/snunlp/KR-FinBert-SC/resolve/main/processor_config.json "HTTP/1.1 404 Not Found"
2026-09-01 23:35:17,603 [INFO] httpx — HTTP Request: HEAD https://huggingface.co/snunlp/KR-FinBert-SC/resolve/refs%2Fpr%2F3/model.safetensors.index.json "HTTP/1.1 404 Not Found"
2026-09-01 23:35:17,637 [INFO] httpx — HTTP Request: HEAD https://huggingface.co/snunlp/KR-FinBert-SC/resolve/main/video_preprocessor_config.json "HTTP/1.1 404 Not Found"
2026-09-01 23:35:17,642 [INFO] httpx — HTTP Request: HEAD https://huggingface.co/snunlp/KR-FinBert-SC/resolve/refs%2Fpr%2F3/model.safetensors "HTTP/1.1 302 Found"
2026-09-01 23:35:17,684 [INFO] httpx — HTTP Request: HEAD https://huggingface.co/snunlp/KR-FinBert-SC/resolve/main/preprocessor_config.json "HTTP/1.1 404 Not Found"
2026-09-01 23:35:17,685 [INFO] __main__ — FinBERT 로드 완료 (CPU)
2026-09-01 23:35:25,527 [INFO] __main__ — Phase A.1: 매핑 신뢰도 < 0.5 → 감성 점수 폐기 5건
2026-09-01 23:35:25,527 [INFO] __main__ — [shadow] 필드별 검사 기준 폐기 1/7종목 (집행 5건 — 변동 없음)
2026-09-01 23:35:25,527 [INFO] __main__ — 스코어링: 7개 | 집중:0 | FinBERT:finbert
2026-09-01 23:35:25,544 [INFO] __main__ —   → 7개
2026-09-01 23:35:25,544 [INFO] __main__ — ▶ Step 4: 발송
2026-09-01 23:35:28,593 [INFO] __main__ — DB 기록: 5개 / 전체 to_send 5개
2026-09-01 23:35:28,593 [INFO] __main__ — 발송: 5종목 | 누적 4~10회 2 | 신규 0
2026-09-01 23:35:28,593 [INFO] __main__ — 완료  |  소요: 1093.9초
2026-09-01 23:35:29,970 [INFO] track_outcomes — pool_history 대조군 4685건 추적 대상 포함
2026-09-01 23:35:30,020 [INFO] track_outcomes — 고아 행 162건 복원 (targets에서 탈락한 미완 키)
2026-09-01 23:35:30,020 [INFO] track_outcomes — 대상 13031건 | 갱신 필요 9080건 | 완료 스킵 4113건
2026-09-01 23:35:30,022 [INFO] track_outcomes —   가격 조회 고유 종목 1751개 (기존 977 + 대조군 추가 774)
2026-09-02 00:08:19,575 [INFO] track_outcomes — outcomes 적재: 신규 249건 | 갱신(신규+보완) 679건
