2026-08-12 22:00:09,538 [INFO] __main__ — config 검증 완료 ✓
2026-08-12 22:00:09,539 [INFO] __main__ — ============================================================
2026-08-12 22:00:09,539 [INFO] __main__ — AlphaRadar v3.3.1  |  기준일: 20260813
2026-08-12 22:00:09,539 [INFO] __main__ — S = T×0.3 + S_text×0.4 + D×0.3
2026-08-12 22:00:09,539 [INFO] __main__ — ============================================================
2026-08-12 22:00:09,539 [INFO] __main__ — ▶ Step 0: 유니버스 필터링
2026-08-12 22:00:09,686 [INFO] __main__ — FDR 데이터 수집: 20260207 ~ 20260813
2026-08-12 22:00:12,001 [INFO] __main__ — KOSPI: 942개 | 섹터정보 829개 (DART +829개 보완)
2026-08-12 22:00:12,002 [INFO] __main__ — KOSDAQ: 1820개 | 섹터정보 1820개
2026-08-12 22:00:12,002 [INFO] __main__ — 전체: 2762개
2026-08-12 22:00:14,195 [INFO] __main__ — KIS 토큰 발급 완료
2026-08-12 22:15:49,731 [INFO] __main__ — DART corp_code 매핑: 2206/2257개 (97%)
2026-08-12 22:15:49,732 [INFO] __main__ — 유효 유니버스: 2257개
2026-08-12 22:15:49,743 [INFO] __main__ —   → 2257개
2026-08-12 22:15:49,743 [INFO] __main__ — ▶ Step 1: 신호 탐지
2026-08-12 22:15:49,743 [INFO] __main__ — NaverClient: 3개 키 로드 (DataLab·검색 독립 회전)
2026-08-12 22:15:49,744 [INFO] __main__ — 관심 지수 및 부정 뉴스 비율 조회 중...
2026-08-12 22:15:51,617 [INFO] __main__ — 봇 주가요약 제외 [빛과전자]: 5건
2026-08-12 22:15:51,629 [INFO] __main__ — 봇 주가요약 제외 [대한광통신]: 2건
2026-08-12 22:15:53,275 [INFO] __main__ — 봇 주가요약 제외 [KBI메탈]: 3건
2026-08-12 22:15:54,536 [INFO] __main__ — 봇 주가요약 제외 [레몬헬스케어]: 1건
2026-08-12 22:15:54,700 [INFO] __main__ — 봇 주가요약 제외 [광전자]: 2건
2026-08-12 22:15:55,970 [INFO] __main__ — 봇 주가요약 제외 [LK삼양]: 1건
2026-08-12 22:16:00,350 [INFO] __main__ — 뉴스 시점 제외 [신스틸]: 2건 (>14일/파싱실패)
2026-08-12 22:16:00,350 [INFO] __main__ — 봇 주가요약 제외 [신스틸]: 1건
2026-08-12 22:16:01,367 [INFO] __main__ — 봇 주가요약 제외 [이랜시스]: 1건
2026-08-12 22:16:03,885 [INFO] __main__ — 봇 주가요약 제외 [혜인]: 1건
2026-08-12 22:16:05,171 [INFO] __main__ — 봇 주가요약 제외 [센서뷰]: 1건
2026-08-12 22:16:06,880 [INFO] __main__ — 봇 주가요약 제외 [코스모로보틱스]: 3건
2026-08-12 22:16:08,122 [INFO] __main__ — 봇 주가요약 제외 [마키나락스]: 1건
2026-08-12 22:16:08,148 [INFO] __main__ — 봇 주가요약 제외 [져스텍]: 2건
2026-08-12 22:16:08,957 [INFO] __main__ — 봇 주가요약 제외 [폴라리스AI]: 2건
2026-08-12 22:16:09,385 [INFO] __main__ — 봇 주가요약 제외 [코오롱티슈진]: 1건
2026-08-12 22:16:10,222 [INFO] __main__ — 뉴스 시점 제외 [한켐]: 2건 (>14일/파싱실패)
2026-08-12 22:16:12,762 [INFO] __main__ — 봇 주가요약 제외 [성호전자]: 3건
2026-08-12 22:16:13,232 [INFO] __main__ — 봇 주가요약 제외 [SFA반도체]: 1건
2026-08-12 22:16:15,354 [INFO] __main__ — 봇 주가요약 제외 [우리기술]: 2건
2026-08-12 22:16:16,633 [INFO] __main__ — 봇 주가요약 제외 [아진엑스텍]: 1건
2026-08-12 22:16:17,918 [INFO] __main__ — 봇 주가요약 제외 [후성]: 1건
2026-08-12 22:16:20,932 [INFO] __main__ — 봇 주가요약 제외 [스피어]: 1건
2026-08-12 22:16:20,939 [INFO] __main__ — 봇 주가요약 제외 [코칩]: 1건
2026-08-12 22:16:24,249 [INFO] __main__ — 봇 주가요약 제외 [대한전선]: 2건
2026-08-12 22:16:24,821 [INFO] __main__ — 봇 주가요약 제외 [휴림로봇]: 4건
2026-08-12 22:16:26,812 [INFO] __main__ — 봇 주가요약 제외 [디앤디파마텍]: 1건
2026-08-12 22:16:29,980 [INFO] __main__ — 봇 주가요약 제외 [HPSP]: 1건
2026-08-12 22:16:33,851 [INFO] __main__ — 봇 주가요약 제외 [삼성E&A]: 1건
2026-08-12 22:16:37,060 [INFO] __main__ — 봇 주가요약 제외 [흥구석유]: 1건
2026-08-12 22:16:39,026 [INFO] __main__ — 뉴스 시점 제외 [하이드로리튬]: 7건 (>14일/파싱실패)
2026-08-12 22:16:39,034 [INFO] __main__ — 뉴스 시점 제외 [넥스틸]: 4건 (>14일/파싱실패)
2026-08-12 22:16:39,034 [INFO] __main__ — 봇 주가요약 제외 [넥스틸]: 1건
2026-08-12 22:16:40,911 [INFO] __main__ — 봇 주가요약 제외 [현대무벡스]: 2건
2026-08-12 22:16:41,573 [INFO] __main__ — 봇 주가요약 제외 [미래에셋벤처투자]: 1건
2026-08-12 22:16:42,868 [INFO] __main__ — 뉴스 시점 제외 [부국철강]: 6건 (>14일/파싱실패)
2026-08-12 22:16:44,091 [INFO] __main__ — 봇 주가요약 제외 [하나마이크론]: 1건
2026-08-12 22:16:45,418 [INFO] __main__ — 봇 주가요약 제외 [마녀공장]: 1건
2026-08-12 22:16:48,596 [INFO] __main__ — 뉴스 시점 제외 [한성크린텍]: 10건 (>14일/파싱실패)
2026-08-12 22:16:49,243 [INFO] __main__ — 뉴스 시점 제외 [화신정공]: 6건 (>14일/파싱실패)
2026-08-12 22:16:50,460 [INFO] __main__ — 뉴스 시점 제외 [맥쿼리인프라]: 6건 (>14일/파싱실패)
2026-08-12 22:16:53,028 [INFO] __main__ — 뉴스 시점 제외 [KX하이텍]: 5건 (>14일/파싱실패)
2026-08-12 22:16:53,164 [INFO] __main__ — 봇 주가요약 제외 [셀바스AI]: 5건
2026-08-12 22:16:54,673 [INFO] __main__ — 봇 주가요약 제외 [LG씨엔에스]: 2건
2026-08-12 22:16:54,909 [INFO] __main__ — 봇 주가요약 제외 [오이솔루션]: 2건
2026-08-12 22:16:56,293 [INFO] __main__ — 뉴스 시점 제외 [키스트론]: 11건 (>14일/파싱실패)
2026-08-12 22:17:01,578 [INFO] __main__ — 뉴스 시점 제외 [피제이메탈]: 9건 (>14일/파싱실패)
2026-08-12 22:17:02,139 [INFO] __main__ — 뉴스 시점 제외 [보해양조]: 5건 (>14일/파싱실패)
2026-08-12 22:17:02,872 [INFO] __main__ — 봇 주가요약 제외 [지엔씨에너지]: 2건
2026-08-12 22:17:03,399 [INFO] __main__ — 봇 주가요약 제외 [두산퓨얼셀]: 1건
2026-08-12 22:17:06,817 [INFO] __main__ — 봇 주가요약 제외 [기가레인]: 1건
2026-08-12 22:17:07,436 [INFO] __main__ — 봇 주가요약 제외 [삼화콘덴서]: 3건
2026-08-12 22:17:08,111 [INFO] __main__ — 뉴스 시점 제외 [삼화전자]: 6건 (>14일/파싱실패)
2026-08-12 22:17:10,701 [INFO] __main__ — 봇 주가요약 제외 [에스피지]: 1건
2026-08-12 22:17:15,103 [INFO] __main__ — 봇 주가요약 제외 [현대힘스]: 1건
2026-08-12 22:17:19,116 [INFO] __main__ — 봇 주가요약 제외 [서진시스템]: 1건
2026-08-12 22:17:22,315 [INFO] __main__ — 봇 주가요약 제외 [브이엠]: 1건
2026-08-12 22:17:24,298 [INFO] __main__ — 봇 주가요약 제외 [일승]: 2건
2026-08-12 22:17:24,327 [INFO] __main__ — 봇 주가요약 제외 [오리엔트바이오]: 1건
2026-08-12 22:17:28,583 [INFO] __main__ — 봇 주가요약 제외 [보성파워텍]: 6건
2026-08-12 22:17:29,773 [INFO] __main__ — 봇 주가요약 제외 [엘앤에프]: 2건
2026-08-12 22:17:35,213 [INFO] __main__ — 뉴스 시점 제외 [와이지-원]: 6건 (>14일/파싱실패)
2026-08-12 22:17:38,960 [INFO] __main__ — 봇 주가요약 제외 [티엘비]: 1건
2026-08-12 22:17:44,315 [INFO] __main__ — 봇 주가요약 제외 [OCI홀딩스]: 2건
2026-08-12 22:17:45,595 [INFO] __main__ — 뉴스 시점 제외 [LS머트리얼즈]: 4건 (>14일/파싱실패)
2026-08-12 22:17:46,598 [INFO] __main__ — 뉴스 시점 제외 [한일사료]: 10건 (>14일/파싱실패)
2026-08-12 22:17:46,867 [INFO] __main__ — 봇 주가요약 제외 [두산로보틱스]: 2건
2026-08-12 22:17:50,657 [INFO] __main__ — 봇 주가요약 제외 [와이씨]: 4건
2026-08-12 22:17:50,702 [INFO] __main__ — 봇 주가요약 제외 [테크윙]: 1건
2026-08-12 22:17:53,029 [INFO] __main__ — 봇 주가요약 제외 [LS ELECTRIC]: 3건
2026-08-12 22:17:54,813 [INFO] __main__ — 뉴스 시점 제외 [서부T&D]: 5건 (>14일/파싱실패)
2026-08-12 22:18:12,019 [INFO] __main__ — 뉴스 시점 제외 [HB솔루션]: 7건 (>14일/파싱실패)
2026-08-12 22:18:15,596 [INFO] __main__ — 봇 주가요약 제외 [동진쎄미켐]: 2건
2026-08-12 22:18:15,848 [INFO] __main__ — 뉴스 시점 제외 [앤로보틱스]: 7건 (>14일/파싱실패)
2026-08-12 22:18:22,691 [INFO] __main__ — 뉴스 시점 제외 [KBI동양철관]: 4건 (>14일/파싱실패)
2026-08-12 22:18:23,378 [INFO] __main__ — 봇 주가요약 제외 [테스]: 1건
2026-08-12 22:18:24,773 [INFO] __main__ — 뉴스 시점 제외 [THE E&M]: 13건 (>14일/파싱실패)
2026-08-12 22:18:32,524 [INFO] __main__ — 봇 주가요약 제외 [코리아써키트]: 1건
2026-08-12 22:18:33,559 [INFO] __main__ — 뉴스 시점 제외 [더블유에스아이]: 5건 (>14일/파싱실패)
2026-08-12 22:18:33,953 [INFO] __main__ — 뉴스 시점 제외 [퀀텀레일]: 2건 (>14일/파싱실패)
2026-08-12 22:18:35,659 [INFO] __main__ — 뉴스 시점 제외 [비투엔]: 14건 (>14일/파싱실패)
2026-08-12 22:18:37,366 [INFO] __main__ — 뉴스 시점 제외 [로체시스템즈]: 11건 (>14일/파싱실패)
2026-08-12 22:18:44,289 [INFO] __main__ — 뉴스 시점 제외 [감성코퍼레이션]: 11건 (>14일/파싱실패)
2026-08-12 22:18:44,591 [INFO] __main__ — 뉴스 시점 제외 [우리기술투자]: 7건 (>14일/파싱실패)
2026-08-12 22:18:45,853 [INFO] __main__ — 뉴스 시점 제외 [수산세보틱스]: 2건 (>14일/파싱실패)
2026-08-12 22:18:46,836 [INFO] __main__ — 봇 주가요약 제외 [산일전기]: 1건
2026-08-12 22:18:48,390 [INFO] __main__ — 뉴스 시점 제외 [에스와이스틸텍]: 11건 (>14일/파싱실패)
2026-08-12 22:18:48,992 [INFO] __main__ — 뉴스 시점 제외 [KB스타리츠]: 14건 (>14일/파싱실패)
2026-08-12 22:18:57,884 [INFO] __main__ — 봇 주가요약 제외 [삼성에스디에스]: 2건
2026-08-12 22:19:00,190 [INFO] __main__ — 뉴스 시점 제외 [성문전자]: 5건 (>14일/파싱실패)
2026-08-12 22:19:02,288 [INFO] __main__ — 봇 주가요약 제외 [두산테스나]: 1건
2026-08-12 22:19:03,181 [INFO] __main__ — 뉴스 시점 제외 [이구산업]: 11건 (>14일/파싱실패)
2026-08-12 22:19:04,454 [INFO] __main__ — 뉴스 시점 제외 [코데즈컴바인]: 4건 (>14일/파싱실패)
2026-08-12 22:19:14,744 [INFO] __main__ — 뉴스 시점 제외 [SV인베스트먼트]: 8건 (>14일/파싱실패)
2026-08-12 22:19:24,035 [INFO] __main__ — 뉴스 시점 제외 [대주산업]: 11건 (>14일/파싱실패)
2026-08-12 22:19:29,070 [INFO] __main__ — 부정 키워드 감지: 26개 종목 (neg_ratio > 0)
2026-08-12 22:19:29,074 [INFO] __main__ — 수급일수충족·합계음수 제외: 147개
2026-08-12 22:19:34,592 [INFO] __main__ — 뉴스 시점 제외 [DN오토모티브]: 6건 (>14일/파싱실패)
2026-08-12 22:19:37,365 [INFO] __main__ — 뉴스 시점 제외 [두산우]: 10건 (>14일/파싱실패)
2026-08-12 22:19:40,407 [INFO] __main__ — 뉴스 시점 제외 [LG전자우]: 10건 (>14일/파싱실패)
2026-08-12 22:19:40,938 [INFO] __main__ — 뉴스 시점 제외 [삼성화재우]: 15건 (>14일/파싱실패)
2026-08-12 22:19:45,939 [INFO] __main__ — 뉴스 시점 제외 [맵스리얼티]: 15건 (>14일/파싱실패)
2026-08-12 22:19:47,225 [INFO] __main__ — 뉴스 시점 제외 [세아홀딩스]: 5건 (>14일/파싱실패)
2026-08-12 22:19:47,298 [INFO] __main__ — 뉴스 시점 제외 [대신증권우]: 14건 (>14일/파싱실패)
2026-08-12 22:19:47,316 [INFO] __main__ — 뉴스 시점 제외 [삼성FN리츠]: 13건 (>14일/파싱실패)
2026-08-12 22:19:47,995 [INFO] __main__ — 뉴스 시점 제외 [아모레퍼시픽우]: 11건 (>14일/파싱실패)
2026-08-12 22:19:49,385 [INFO] __main__ — 뉴스 시점 제외 [코람코더원리츠]: 11건 (>14일/파싱실패)
2026-08-12 22:19:50,083 [INFO] __main__ — 뉴스 시점 제외 [농심홀딩스]: 13건 (>14일/파싱실패)
2026-08-12 22:19:50,787 [INFO] __main__ — 뉴스 시점 제외 [KISCO홀딩스]: 1건 (>14일/파싱실패)
2026-08-12 22:19:52,175 [INFO] __main__ — 뉴스 시점 제외 [KPX홀딩스]: 14건 (>14일/파싱실패)
2026-08-12 22:19:54,912 [INFO] __main__ — 봇 주가요약 제외 [서흥]: 1건
2026-08-12 22:19:55,606 [INFO] __main__ — 뉴스 시점 제외 [두산2우B]: 14건 (>14일/파싱실패)
2026-08-12 22:19:56,298 [INFO] __main__ — 뉴스 시점 제외 [삼영전자]: 10건 (>14일/파싱실패)
2026-08-12 22:19:57,011 [INFO] __main__ — 뉴스 시점 제외 [서울가스]: 8건 (>14일/파싱실패)
2026-08-12 22:20:00,000 [INFO] __main__ — 뉴스 시점 제외 [LG생활건강우]: 10건 (>14일/파싱실패)
2026-08-12 22:20:01,595 [INFO] __main__ — 뉴스 시점 제외 [노루홀딩스]: 12건 (>14일/파싱실패)
2026-08-12 22:20:02,125 [INFO] __main__ — 뉴스 시점 제외 [모토닉]: 13건 (>14일/파싱실패)
2026-08-12 22:20:03,515 [INFO] __main__ — 뉴스 시점 제외 [LG우]: 14건 (>14일/파싱실패)
2026-08-12 22:20:04,984 [INFO] __main__ — 뉴스 시점 제외 [유화증권]: 6건 (>14일/파싱실패)
2026-08-12 22:20:06,645 [INFO] __main__ — 뉴스 시점 제외 [유수홀딩스]: 12건 (>14일/파싱실패)
2026-08-12 22:20:07,511 [INFO] __main__ — 뉴스 시점 제외 [CJ우]: 14건 (>14일/파싱실패)
2026-08-12 22:20:07,535 [INFO] __main__ — 뉴스 시점 제외 [대창단조]: 9건 (>14일/파싱실패)
2026-08-12 22:20:08,225 [INFO] __main__ — 뉴스 시점 제외 [조선내화]: 10건 (>14일/파싱실패)
2026-08-12 22:20:08,227 [INFO] __main__ — 뉴스 시점 제외 [SYTS]: 6건 (>14일/파싱실패)
2026-08-12 22:20:08,252 [INFO] __main__ — 뉴스 시점 제외 [해태제과식품]: 12건 (>14일/파싱실패)
2026-08-12 22:20:08,944 [INFO] __main__ — 뉴스 시점 제외 [금호석유화학우]: 14건 (>14일/파싱실패)
2026-08-12 22:20:09,659 [INFO] __main__ — 뉴스 시점 제외 [한국주철관]: 6건 (>14일/파싱실패)
2026-08-12 22:20:09,676 [INFO] __main__ — 뉴스 시점 제외 [신라교역]: 11건 (>14일/파싱실패)
2026-08-12 22:20:10,579 [INFO] __main__ — 뉴스 시점 제외 [일진다이아]: 6건 (>14일/파싱실패)
2026-08-12 22:20:11,272 [INFO] __main__ — 뉴스 시점 제외 [태경산업]: 3건 (>14일/파싱실패)
2026-08-12 22:20:12,629 [INFO] __main__ — 뉴스 시점 제외 [태림포장]: 12건 (>14일/파싱실패)
2026-08-12 22:20:14,027 [INFO] __main__ — 뉴스 시점 제외 [티에이치엔]: 12건 (>14일/파싱실패)
2026-08-12 22:20:14,073 [INFO] __main__ — 뉴스 시점 제외 [대성홀딩스]: 9건 (>14일/파싱실패)
2026-08-12 22:20:14,708 [INFO] __main__ — 뉴스 시점 제외 [현대코퍼레이션홀딩스]: 11건 (>14일/파싱실패)
2026-08-12 22:20:14,920 [INFO] __main__ — 뉴스 시점 제외 [GS우]: 14건 (>14일/파싱실패)
2026-08-12 22:20:14,932 [INFO] __main__ — 뉴스 시점 제외 [태경비케이]: 9건 (>14일/파싱실패)
2026-08-12 22:20:16,343 [INFO] __main__ — 뉴스 시점 제외 [아시아나IDT]: 12건 (>14일/파싱실패)
2026-08-12 22:20:16,518 [INFO] __main__ — 뉴스 시점 제외 [세원정공]: 12건 (>14일/파싱실패)
2026-08-12 22:20:16,799 [INFO] __main__ — 뉴스 시점 제외 [DL이앤씨2우(전환)]: 14건 (>14일/파싱실패)
2026-08-12 22:20:17,502 [INFO] __main__ — 뉴스 시점 제외 [영보화학]: 13건 (>14일/파싱실패)
2026-08-12 22:20:17,733 [INFO] __main__ — 뉴스 시점 제외 [NI스틸]: 14건 (>14일/파싱실패)
2026-08-12 22:20:18,207 [INFO] __main__ — 뉴스 시점 제외 [삼원강재]: 12건 (>14일/파싱실패)
2026-08-12 22:20:18,440 [INFO] __main__ — 뉴스 시점 제외 [DKME]: 12건 (>14일/파싱실패)
2026-08-12 22:20:19,132 [INFO] __main__ — 뉴스 시점 제외 [DRB동일]: 9건 (>14일/파싱실패)
2026-08-12 22:20:19,291 [INFO] __main__ — 뉴스 시점 제외 [유한양행우]: 14건 (>14일/파싱실패)
2026-08-12 22:20:19,836 [INFO] __main__ — 뉴스 시점 제외 [SK이노베이션우]: 12건 (>14일/파싱실패)
2026-08-12 22:20:19,989 [INFO] __main__ — 뉴스 시점 제외 [사조오양]: 8건 (>14일/파싱실패)
2026-08-12 22:20:20,279 [INFO] __main__ — 뉴스 시점 제외 [CS홀딩스]: 13건 (>14일/파싱실패)
2026-08-12 22:20:20,963 [INFO] __main__ — 뉴스 시점 제외 [일동홀딩스]: 8건 (>14일/파싱실패)
2026-08-12 22:20:21,215 [INFO] __main__ — 뉴스 시점 제외 [대림바스]: 10건 (>14일/파싱실패)
2026-08-12 22:20:22,335 [INFO] __main__ — 뉴스 시점 제외 [아모레퍼시픽홀딩스우]: 13건 (>14일/파싱실패)
2026-08-12 22:20:22,776 [INFO] __main__ — 뉴스 시점 제외 [두산퓨얼셀1우]: 13건 (>14일/파싱실패)
2026-08-12 22:20:22,787 [INFO] __main__ — 뉴스 시점 제외 [동원모빌리티]: 6건 (>14일/파싱실패)
2026-08-12 22:20:23,037 [INFO] __main__ — 뉴스 시점 제외 [삼정펄프]: 14건 (>14일/파싱실패)
2026-08-12 22:20:23,561 [INFO] __main__ — 뉴스 시점 제외 [한국내화]: 11건 (>14일/파싱실패)
2026-08-12 22:20:23,738 [INFO] __main__ — 뉴스 시점 제외 [태경케미컬]: 9건 (>14일/파싱실패)
2026-08-12 22:20:24,975 [INFO] __main__ — 뉴스 시점 제외 [써니전자]: 12건 (>14일/파싱실패)
2026-08-12 22:20:25,578 [INFO] __main__ — 뉴스 시점 제외 [삼화왕관]: 13건 (>14일/파싱실패)
2026-08-12 22:20:25,873 [INFO] __main__ — 뉴스 시점 제외 [평화산업]: 4건 (>14일/파싱실패)
2026-08-12 22:20:26,286 [INFO] __main__ — 뉴스 시점 제외 [SJM]: 7건 (>14일/파싱실패)
2026-08-12 22:20:26,576 [INFO] __main__ — 뉴스 시점 제외 [진양산업]: 13건 (>14일/파싱실패)
2026-08-12 22:20:27,459 [INFO] __main__ — 뉴스 시점 제외 [상신브레이크]: 7건 (>14일/파싱실패)
2026-08-12 22:20:27,670 [INFO] __main__ — 뉴스 시점 제외 [SB성보]: 10건 (>14일/파싱실패)
2026-08-12 22:20:27,949 [INFO] __main__ — 뉴스 시점 제외 [문배철강]: 10건 (>14일/파싱실패)
2026-08-12 22:20:28,148 [INFO] __main__ — 뉴스 시점 제외 [한화솔루션우]: 10건 (>14일/파싱실패)
2026-08-12 22:20:28,357 [INFO] __main__ — 뉴스 시점 제외 [미래에셋맵스리츠]: 15건 (>14일/파싱실패)
2026-08-12 22:20:28,643 [INFO] __main__ — 뉴스 시점 제외 [DYP]: 11건 (>14일/파싱실패)
2026-08-12 22:20:29,690 [INFO] __main__ — 뉴스 시점 제외 [화인베스틸]: 10건 (>14일/파싱실패)
2026-08-12 22:20:29,759 [INFO] __main__ — 뉴스 시점 제외 [우진플라임]: 8건 (>14일/파싱실패)
2026-08-12 22:20:30,709 [INFO] __main__ — 뉴스 시점 제외 [동일제강]: 8건 (>14일/파싱실패)
2026-08-12 22:20:31,188 [INFO] __main__ — 뉴스 시점 제외 [한익스프레스]: 1건 (>14일/파싱실패)
2026-08-12 22:20:31,423 [INFO] __main__ — 뉴스 시점 제외 [에이프로젠바이오로직스]: 1건 (>14일/파싱실패)
2026-08-12 22:20:32,100 [INFO] __main__ — 봇 주가요약 제외 [펩트론]: 1건
2026-08-12 22:20:36,652 [INFO] __main__ — 뉴스 시점 제외 [동성화인텍]: 5건 (>14일/파싱실패)
2026-08-12 22:20:42,426 [INFO] __main__ — 뉴스 시점 제외 [한국알콜]: 6건 (>14일/파싱실패)
2026-08-12 22:20:44,487 [INFO] __main__ — 뉴스 시점 제외 [필에너지]: 1건 (>14일/파싱실패)
2026-08-12 22:20:44,663 [INFO] __main__ — 봇 주가요약 제외 [칩스앤미디어]: 1건
2026-08-12 22:20:45,190 [INFO] __main__ — 뉴스 시점 제외 [대원산업]: 5건 (>14일/파싱실패)
2026-08-12 22:20:45,364 [INFO] __main__ — 뉴스 시점 제외 [서호전기]: 12건 (>14일/파싱실패)
2026-08-12 22:20:46,580 [INFO] __main__ — 뉴스 시점 제외 [도우인시스]: 1건 (>14일/파싱실패)
2026-08-12 22:20:47,978 [INFO] __main__ — 뉴스 시점 제외 [해성산업]: 9건 (>14일/파싱실패)
2026-08-12 22:20:51,821 [INFO] __main__ — 뉴스 시점 제외 [아이디스]: 2건 (>14일/파싱실패)
2026-08-12 22:20:53,210 [INFO] __main__ — 뉴스 시점 제외 [아이패밀리에스씨]: 2건 (>14일/파싱실패)
2026-08-12 22:20:55,958 [INFO] __main__ — 뉴스 시점 제외 [시너지이노베이션]: 8건 (>14일/파싱실패)
2026-08-12 22:20:56,053 [INFO] __main__ — 뉴스 시점 제외 [우양에이치씨]: 14건 (>14일/파싱실패)
2026-08-12 22:20:56,668 [INFO] __main__ — 뉴스 시점 제외 [인선이엔티]: 9건 (>14일/파싱실패)
2026-08-12 22:20:56,674 [INFO] __main__ — 뉴스 시점 제외 [퓨릿]: 10건 (>14일/파싱실패)
2026-08-12 22:20:56,763 [INFO] __main__ — 뉴스 시점 제외 [동방메디컬]: 2건 (>14일/파싱실패)
2026-08-12 22:20:58,147 [INFO] __main__ — 뉴스 시점 제외 [지씨지놈]: 8건 (>14일/파싱실패)
2026-08-12 22:20:59,483 [INFO] __main__ — 뉴스 시점 제외 [신화프리텍]: 8건 (>14일/파싱실패)
2026-08-12 22:21:00,177 [INFO] __main__ — 뉴스 시점 제외 [성도이엔지]: 4건 (>14일/파싱실패)
2026-08-12 22:21:01,616 [INFO] __main__ — 뉴스 시점 제외 [유아이엘]: 12건 (>14일/파싱실패)
2026-08-12 22:21:02,478 [INFO] __main__ — 뉴스 시점 제외 [엠에스씨]: 13건 (>14일/파싱실패)
2026-08-12 22:21:03,172 [INFO] __main__ — 뉴스 시점 제외 [와이엔텍]: 11건 (>14일/파싱실패)
2026-08-12 22:21:03,223 [INFO] __main__ — 뉴스 시점 제외 [푸드나무]: 10건 (>14일/파싱실패)
2026-08-12 22:21:03,859 [INFO] __main__ — 뉴스 시점 제외 [우리손에프앤지]: 12건 (>14일/파싱실패)
2026-08-12 22:21:03,911 [INFO] __main__ — 뉴스 시점 제외 [옵투스제약]: 9건 (>14일/파싱실패)
2026-08-12 22:21:04,556 [INFO] __main__ — 뉴스 시점 제외 [스모트로닉]: 8건 (>14일/파싱실패)
2026-08-12 22:21:04,592 [INFO] __main__ — 뉴스 시점 제외 [대정화금]: 11건 (>14일/파싱실패)
2026-08-12 22:21:05,965 [INFO] __main__ — 뉴스 시점 제외 [나인앤컴퍼니]: 10건 (>14일/파싱실패)
2026-08-12 22:21:08,434 [INFO] __main__ — 뉴스 시점 제외 [스톰테크]: 10건 (>14일/파싱실패)
2026-08-12 22:21:09,162 [INFO] __main__ — 뉴스 시점 제외 [디와이피엔에프]: 13건 (>14일/파싱실패)
2026-08-12 22:21:09,828 [INFO] __main__ — 뉴스 시점 제외 [서원인텍]: 8건 (>14일/파싱실패)
2026-08-12 22:21:10,706 [INFO] __main__ — 뉴스 시점 제외 [일지테크]: 6건 (>14일/파싱실패)
2026-08-12 22:21:11,402 [INFO] __main__ — 뉴스 시점 제외 [동국S&C]: 7건 (>14일/파싱실패)
2026-08-12 22:21:12,286 [INFO] __main__ — 뉴스 시점 제외 [삼아제약]: 7건 (>14일/파싱실패)
2026-08-12 22:21:12,290 [INFO] __main__ — 뉴스 시점 제외 [중앙백신]: 8건 (>14일/파싱실패)
2026-08-12 22:21:12,988 [INFO] __main__ — 뉴스 시점 제외 [대림제지]: 13건 (>14일/파싱실패)
2026-08-12 22:21:14,427 [INFO] __main__ — 뉴스 시점 제외 [대한뉴팜]: 12건 (>14일/파싱실패)
2026-08-12 22:21:16,527 [INFO] __main__ — 뉴스 시점 제외 [동국생명과학]: 11건 (>14일/파싱실패)
2026-08-12 22:21:16,798 [INFO] __main__ — 뉴스 시점 제외 [리드코프]: 11건 (>14일/파싱실패)
2026-08-12 22:21:17,407 [INFO] __main__ — 뉴스 시점 제외 [앱튼]: 11건 (>14일/파싱실패)
2026-08-12 22:21:17,504 [INFO] __main__ — 뉴스 시점 제외 [이상네트웍스]: 15건 (>14일/파싱실패)
2026-08-12 22:21:18,096 [INFO] __main__ — 뉴스 시점 제외 [블루콤]: 3건 (>14일/파싱실패)
2026-08-12 22:21:18,780 [INFO] __main__ — 뉴스 시점 제외 [엔브이에이치코리아]: 14건 (>14일/파싱실패)
2026-08-12 22:21:19,499 [INFO] __main__ — 뉴스 시점 제외 [삼현철강]: 10건 (>14일/파싱실패)
2026-08-12 22:21:20,358 [INFO] __main__ — 뉴스 시점 제외 [피제이전자]: 8건 (>14일/파싱실패)
2026-08-12 22:21:20,438 [INFO] __main__ — 뉴스 시점 제외 [양지사]: 14건 (>14일/파싱실패)
2026-08-12 22:21:21,064 [INFO] __main__ — 뉴스 시점 제외 [시공테크]: 5건 (>14일/파싱실패)
2026-08-12 22:21:21,140 [INFO] __main__ — 뉴스 시점 제외 [라이온켐텍]: 6건 (>14일/파싱실패)
2026-08-12 22:21:21,732 [INFO] __main__ — 뉴스 시점 제외 [아이디피]: 11건 (>14일/파싱실패)
2026-08-12 22:21:22,542 [INFO] __main__ — 뉴스 시점 제외 [한일단조]: 7건 (>14일/파싱실패)
2026-08-12 22:21:23,239 [INFO] __main__ — 뉴스 시점 제외 [셀바이오휴먼텍]: 8건 (>14일/파싱실패)
2026-08-12 22:21:24,635 [INFO] __main__ — 뉴스 시점 제외 [센코]: 4건 (>14일/파싱실패)
2026-08-12 22:21:25,225 [INFO] __main__ — 뉴스 시점 제외 [레뷰코퍼레이션]: 7건 (>14일/파싱실패)
2026-08-12 22:21:25,334 [INFO] __main__ — 뉴스 시점 제외 [팬젠]: 10건 (>14일/파싱실패)
2026-08-12 22:21:25,899 [INFO] __main__ — 뉴스 시점 제외 [샌즈랩]: 8건 (>14일/파싱실패)
2026-08-12 22:21:26,599 [INFO] __main__ — 뉴스 시점 제외 [케이엘넷]: 10건 (>14일/파싱실패)
2026-08-12 22:21:28,027 [INFO] __main__ — 뉴스 시점 제외 [와이어블]: 6건 (>14일/파싱실패)
2026-08-12 22:21:28,919 [INFO] __main__ — 뉴스 시점 제외 [대륙제관]: 1건 (>14일/파싱실패)
2026-08-12 22:21:29,621 [INFO] __main__ — 뉴스 시점 제외 [나래나노텍]: 10건 (>14일/파싱실패)
2026-08-12 22:21:29,631 [INFO] __main__ — 뉴스 시점 제외 [에스엠씨지]: 9건 (>14일/파싱실패)
2026-08-12 22:21:30,519 [INFO] __main__ — 뉴스 시점 제외 [엔젯]: 10건 (>14일/파싱실패)
2026-08-12 22:21:30,537 [INFO] __main__ — 뉴스 시점 제외 [에이에스텍]: 10건 (>14일/파싱실패)
2026-08-12 22:21:32,622 [INFO] __main__ — 뉴스 시점 제외 [토탈소프트]: 9건 (>14일/파싱실패)
2026-08-12 22:21:32,629 [INFO] __main__ — 뉴스 시점 제외 [디알젬]: 10건 (>14일/파싱실패)
2026-08-12 22:21:34,728 [INFO] __main__ — 뉴스 시점 제외 [동우팜투테이블]: 8건 (>14일/파싱실패)
2026-08-12 22:21:35,186 [INFO] __main__ — 뉴스 시점 제외 [디티씨]: 4건 (>14일/파싱실패)
2026-08-12 22:21:35,421 [INFO] __main__ — 뉴스 시점 제외 [진양제약]: 6건 (>14일/파싱실패)
2026-08-12 22:21:35,875 [INFO] __main__ — 뉴스 시점 제외 [알피바이오]: 7건 (>14일/파싱실패)
2026-08-12 22:21:36,131 [INFO] __main__ — 뉴스 시점 제외 [에르코스]: 10건 (>14일/파싱실패)
2026-08-12 22:21:36,136 [INFO] __main__ — 뉴스 시점 제외 [엠투엔]: 10건 (>14일/파싱실패)
2026-08-12 22:21:37,263 [INFO] __main__ — 뉴스 시점 제외 [SG&G]: 11건 (>14일/파싱실패)
2026-08-12 22:21:37,524 [INFO] __main__ — 뉴스 시점 제외 [푸른로보틱스]: 1건 (>14일/파싱실패)
2026-08-12 22:21:37,547 [INFO] __main__ — 뉴스 시점 제외 [홈캐스트]: 10건 (>14일/파싱실패)
2026-08-12 22:21:38,940 [INFO] __main__ — 뉴스 시점 제외 [경창산업]: 6건 (>14일/파싱실패)
2026-08-12 22:21:38,954 [INFO] __main__ — 뉴스 시점 제외 [SM Life Design]: 12건 (>14일/파싱실패)
2026-08-12 22:21:39,619 [INFO] __main__ — 뉴스 시점 제외 [윈팩]: 8건 (>14일/파싱실패)
2026-08-12 22:21:40,340 [INFO] __main__ — 뉴스 시점 제외 [제노레이]: 11건 (>14일/파싱실패)
2026-08-12 22:21:41,414 [INFO] __main__ — 뉴스 시점 제외 [프로이천]: 10건 (>14일/파싱실패)
2026-08-12 22:21:42,124 [INFO] __main__ — 뉴스 시점 제외 [YW]: 15건 (>14일/파싱실패)
2026-08-12 22:21:42,637 [INFO] __main__ — 뉴스 시점 제외 [셀로맥스사이언스]: 7건 (>14일/파싱실패)
2026-08-12 22:21:43,343 [INFO] __main__ — 뉴스 시점 제외 [ES큐브]: 14건 (>14일/파싱실패)
2026-08-12 22:21:44,243 [INFO] __main__ — 뉴스 시점 제외 [오비고]: 15건 (>14일/파싱실패)
2026-08-12 22:21:44,739 [INFO] __main__ — 뉴스 시점 제외 [엔투텍]: 10건 (>14일/파싱실패)
2026-08-12 22:21:45,446 [INFO] __main__ — 뉴스 시점 제외 [한국팩키지]: 13건 (>14일/파싱실패)
2026-08-12 22:21:46,349 [INFO] __main__ — 뉴스 시점 제외 [상신전자]: 8건 (>14일/파싱실패)
2026-08-12 22:21:46,847 [INFO] __main__ — 뉴스 시점 제외 [대창스틸]: 7건 (>14일/파싱실패)
2026-08-12 22:21:47,053 [INFO] __main__ — 뉴스 시점 제외 [쓰리에이로직스]: 12건 (>14일/파싱실패)
2026-08-12 22:21:47,765 [INFO] __main__ — 뉴스 시점 제외 [콜마바이오텍]: 7건 (>14일/파싱실패)
2026-08-12 22:21:48,229 [INFO] __main__ — 뉴스 시점 제외 [보라티알]: 10건 (>14일/파싱실패)
2026-08-12 22:21:48,484 [INFO] __main__ — 뉴스 시점 제외 [효성오앤비]: 10건 (>14일/파싱실패)
2026-08-12 22:21:48,929 [INFO] __main__ — 뉴스 시점 제외 [케일럼]: 14건 (>14일/파싱실패)
2026-08-12 22:21:48,937 [INFO] __main__ — 뉴스 시점 제외 [고려제약]: 5건 (>14일/파싱실패)
2026-08-12 22:21:49,626 [INFO] __main__ — 뉴스 시점 제외 [백금T&A]: 4건 (>14일/파싱실패)
2026-08-12 22:21:49,639 [INFO] __main__ — 뉴스 시점 제외 [서연탑메탈]: 8건 (>14일/파싱실패)
2026-08-12 22:21:50,517 [INFO] __main__ — 뉴스 시점 제외 [씨앤투스]: 10건 (>14일/파싱실패)
2026-08-12 22:21:50,575 [INFO] __main__ — 뉴스 시점 제외 [지슨]: 8건 (>14일/파싱실패)
2026-08-12 22:21:51,189 [INFO] __main__ — 뉴스 시점 제외 [하이즈항공]: 6건 (>14일/파싱실패)
2026-08-12 22:21:51,890 [INFO] __main__ — 뉴스 시점 제외 [마이크로디지탈]: 11건 (>14일/파싱실패)
2026-08-12 22:21:51,899 [INFO] __main__ — 뉴스 시점 제외 [이엠넷]: 13건 (>14일/파싱실패)
2026-08-12 22:21:54,044 [INFO] __main__ — 뉴스 시점 제외 [유니온바이오메트릭스]: 8건 (>14일/파싱실패)
2026-08-12 22:21:54,065 [INFO] __main__ — 뉴스 시점 제외 [에코캡]: 9건 (>14일/파싱실패)
2026-08-12 22:21:54,712 [INFO] __main__ — 뉴스 시점 제외 [코셈]: 12건 (>14일/파싱실패)
2026-08-12 22:21:54,764 [INFO] __main__ — 뉴스 시점 제외 [다산디엠씨]: 13건 (>14일/파싱실패)
2026-08-12 22:21:55,399 [INFO] __main__ — 뉴스 시점 제외 [큐캐피탈]: 3건 (>14일/파싱실패)
2026-08-12 22:21:55,444 [INFO] __main__ — 뉴스 시점 제외 [케이씨티]: 8건 (>14일/파싱실패)
2026-08-12 22:21:56,848 [INFO] __main__ — 뉴스 시점 제외 [와토스코리아]: 10건 (>14일/파싱실패)
2026-08-12 22:21:57,532 [INFO] __main__ — 뉴스 시점 제외 [멤레이비티]: 13건 (>14일/파싱실패)
2026-08-12 22:21:58,237 [INFO] __main__ — 뉴스 시점 제외 [베노티앤알]: 6건 (>14일/파싱실패)
2026-08-12 22:21:58,894 [INFO] __main__ — 뉴스 시점 제외 [아이즈비전]: 9건 (>14일/파싱실패)
2026-08-12 22:21:59,646 [INFO] __main__ — 뉴스 시점 제외 [시큐브]: 5건 (>14일/파싱실패)
2026-08-12 22:21:59,747 [INFO] __main__ — POOL_A 후보 부정뉴스 2차 조회: 632개
2026-08-12 22:21:59,751 [INFO] __main__ — POOL_A: 919개 (A:733 B:83 동시:103) | 부정게이트 제외:11
  대형:47 중형:154 소형:718
2026-08-12 22:21:59,758 [INFO] __main__ — 대조군 표본(무신호): 40개 / 모집단 1338개 → pool_history
2026-08-12 22:21:59,761 [INFO] __main__ —   → POOL_A: 919개
2026-08-12 22:21:59,761 [INFO] __main__ — ▶ Step 2: 하드 필터링
2026-08-12 22:21:59,762 [INFO] __main__ — 하드 필터 제거: 909개 | 과열배제 133 | 이격도상한 52 | 이격도하한 17 | MA추세 664 | RSI과열 4 | 거래대금 39
2026-08-12 22:21:59,764 [INFO] __main__ — 과열 gated 기록: 133개 → gated_tickers
2026-08-12 22:21:59,767 [INFO] __main__ — 대조군 표본(필터탈락): 180개 / 모집단 909개 → pool_history
2026-08-12 22:21:59,767 [INFO] __main__ — POOL_B: 10개 | 대형:0 중형:2 소형:8
2026-08-12 22:21:59,767 [INFO] __main__ —   → POOL_B: 10개
2026-08-12 22:21:59,767 [INFO] __main__ — ▶ Step 3: 스코어링 (FinBERT 감성 분석)
2026-08-12 22:21:59,767 [INFO] __main__ — NaverClient: 3개 키 로드 (DataLab·검색 독립 회전)
2026-08-12 22:21:59,767 [INFO] __main__ — 텍스트 신규 수집: 10종목 (캐시 적중 0종목)
2026-08-12 22:22:00,385 [INFO] __main__ — 뉴스 시점 제외 [이수화학]: 24건 (>14일/파싱실패)
2026-08-12 22:22:05,180 [INFO] __main__ — 뉴스 시점 제외 [한국알콜]: 21건 (>14일/파싱실패)
2026-08-12 22:22:09,757 [INFO] __main__ — 뉴스 시점 제외 [청담글로벌]: 18건 (>14일/파싱실패)
2026-08-12 22:22:17,790 [INFO] __main__ — 기사 보존(수집): 76건 (10종목) → news_articles
2026-08-12 22:22:17,791 [INFO] __main__ — 공시 보존(수집): 17건 (10종목) → dart_filings
2026-08-12 22:22:17,792 [INFO] __main__ — 수집 완료: 뉴스 76건 | 공시 17건
2026-08-12 22:22:17,792 [INFO] __main__ — FinBERT 감성 분석 (finbert 모드)...
2026-08-12 22:22:17,792 [INFO] __main__ — FinBERT 로딩: snunlp/KR-FinBert-SC (CPU, batch=8)
2026-08-12 22:22:17,887 [INFO] httpx — HTTP Request: GET https://huggingface.co/api/agent-harnesses "HTTP/1.1 200 OK"
2026-08-12 22:22:17,928 [INFO] httpx — HTTP Request: HEAD https://huggingface.co/snunlp/KR-FinBert-SC/resolve/main/config.json "HTTP/1.1 307 Temporary Redirect"
2026-08-12 22:22:17,929 [WARNING] huggingface_hub.utils._http — Warning: You are sending unauthenticated requests to the HF Hub. Please set a HF_TOKEN to enable higher rate limits and faster downloads.
2026-08-12 22:22:17,935 [INFO] httpx — HTTP Request: HEAD https://huggingface.co/api/resolve-cache/models/snunlp/KR-FinBert-SC/f8586286cc3161fb648e9fee09a456069fd846d0/config.json "HTTP/1.1 200 OK"
2026-08-12 22:22:17,997 [INFO] httpx — HTTP Request: HEAD https://huggingface.co/snunlp/KR-FinBert-SC/resolve/main/model.safetensors "HTTP/1.1 404 Not Found"
2026-08-12 22:22:18,045 [INFO] httpx — HTTP Request: GET https://huggingface.co/api/models/snunlp/KR-FinBert-SC "HTTP/1.1 200 OK"
2026-08-12 22:22:18,103 [INFO] httpx — HTTP Request: GET https://huggingface.co/api/models/snunlp/KR-FinBert-SC/commits/main "HTTP/1.1 200 OK"
2026-08-12 22:22:18,162 [INFO] httpx — HTTP Request: GET https://huggingface.co/api/models/snunlp/KR-FinBert-SC/discussions?p=0 "HTTP/1.1 200 OK"
2026-08-12 22:22:18,171 [INFO] httpx — HTTP Request: GET https://huggingface.co/api/models/snunlp/KR-FinBert-SC/tree/main/additional_chat_templates?recursive=false&expand=false "HTTP/1.1 404 Not Found"
2026-08-12 22:22:18,217 [INFO] httpx — HTTP Request: GET https://huggingface.co/api/models/snunlp/KR-FinBert-SC/commits/refs%2Fpr%2F3 "HTTP/1.1 200 OK"
2026-08-12 22:22:18,218 [INFO] httpx — HTTP Request: GET https://huggingface.co/api/models/snunlp/KR-FinBert-SC/tree/main?recursive=true&expand=false "HTTP/1.1 200 OK"
2026-08-12 22:22:18,259 [INFO] httpx — HTTP Request: HEAD https://huggingface.co/snunlp/KR-FinBert-SC/resolve/refs%2Fpr%2F3/model.safetensors.index.json "HTTP/1.1 404 Not Found"
2026-08-12 22:22:18,280 [INFO] httpx — HTTP Request: HEAD https://huggingface.co/snunlp/KR-FinBert-SC/resolve/main/processor_config.json "HTTP/1.1 404 Not Found"
2026-08-12 22:22:18,302 [INFO] httpx — HTTP Request: HEAD https://huggingface.co/snunlp/KR-FinBert-SC/resolve/refs%2Fpr%2F3/model.safetensors "HTTP/1.1 302 Found"
2026-08-12 22:22:18,325 [INFO] httpx — HTTP Request: HEAD https://huggingface.co/snunlp/KR-FinBert-SC/resolve/main/video_preprocessor_config.json "HTTP/1.1 404 Not Found"
2026-08-12 22:22:18,364 [INFO] httpx — HTTP Request: HEAD https://huggingface.co/snunlp/KR-FinBert-SC/resolve/main/preprocessor_config.json "HTTP/1.1 404 Not Found"
2026-08-12 22:22:18,365 [INFO] __main__ — FinBERT 로드 완료 (CPU)
2026-08-12 22:22:24,064 [INFO] __main__ — Phase A.1: 매핑 신뢰도 < 0.5 → 감성 점수 폐기 9건
2026-08-12 22:22:24,064 [INFO] __main__ — 스코어링: 10개 | 집중:0 | FinBERT:finbert
2026-08-12 22:22:24,080 [INFO] __main__ —   → 10개
2026-08-12 22:22:24,080 [INFO] __main__ — ▶ Step 4: 발송
2026-08-12 22:22:27,604 [INFO] __main__ — DB 기록: 5개 / 전체 to_send 5개
2026-08-12 22:22:27,604 [INFO] __main__ — 발송: 5종목 | 누적 4~10회 2 | 신규 0
2026-08-12 22:22:27,604 [INFO] __main__ — 완료  |  소요: 1338.1초
