2026-09-03 23:15:26,723 [INFO] __main__ — config 검증 완료 ✓
2026-09-03 23:15:26,724 [INFO] __main__ — KIS 조회 도메인: 실전 (https://openapi.koreainvestment.com:9443)
2026-09-03 23:15:26,724 [INFO] __main__ — ============================================================
2026-09-03 23:15:26,724 [INFO] __main__ — AlphaRadar v3.3.1  |  기준일: 20260904
2026-09-03 23:15:26,724 [INFO] __main__ — S = T×0.3 + S_text×0.4 + D×0.3
2026-09-03 23:15:26,724 [INFO] __main__ — ============================================================
2026-09-03 23:15:26,724 [INFO] __main__ — ▶ Step 0: 유니버스 필터링
2026-09-03 23:15:26,936 [INFO] __main__ — FDR 데이터 수집: 20260301 ~ 20260904
2026-09-03 23:15:28,774 [INFO] __main__ — master universe 메타: 캐시 사용 2760개 (year=2026)
2026-09-03 23:15:28,777 [INFO] __main__ — master 보강: 등급 836개 | FnGuide/KSIC 2550개 | 섹터(fg_industry) 2550개
2026-09-03 23:15:28,777 [INFO] __main__ — KOSPI: 943개 | 섹터정보 831개 (DART +828개 보완)
2026-09-03 23:15:28,778 [INFO] __main__ — KOSDAQ: 1821개 | 섹터정보 1748개
2026-09-03 23:15:28,778 [INFO] __main__ — 전체: 2764개
2026-09-03 23:15:30,923 [INFO] __main__ — KIS 토큰 발급 완료
2026-09-03 23:22:15,807 [INFO] __main__ — DART corp_code 매핑: 866/889개 (97%)
2026-09-03 23:22:15,807 [INFO] __main__ — 유효 유니버스: 889개
2026-09-03 23:22:15,814 [INFO] __main__ —   → 889개
2026-09-03 23:22:15,814 [INFO] __main__ — ▶ Step 1: 신호 탐지
2026-09-03 23:22:15,814 [INFO] __main__ — NaverClient: 3개 키 로드 (DataLab·검색 독립 회전)
2026-09-03 23:22:15,814 [INFO] __main__ — 관심 지수 및 부정 뉴스 비율 조회 중...
2026-09-03 23:22:17,395 [INFO] __main__ — 봇 주가요약 제외 [금호건설]: 1건
2026-09-03 23:22:18,937 [INFO] __main__ — 봇 주가요약 제외 [흥아해운]: 2건
2026-09-03 23:22:20,464 [INFO] __main__ — 봇 주가요약 제외 [KBI메탈]: 1건
2026-09-03 23:22:20,501 [INFO] __main__ — 봇 주가요약 제외 [우리기술투자]: 2건
2026-09-03 23:22:21,848 [INFO] __main__ — 봇 주가요약 제외 [더즌]: 1건
2026-09-03 23:22:22,968 [INFO] __main__ — 봇 주가요약 제외 [아난티]: 1건
2026-09-03 23:22:23,194 [INFO] __main__ — 봇 주가요약 제외 [빛과전자]: 7건
2026-09-03 23:22:24,418 [INFO] __main__ — 봇 주가요약 제외 [대아티아이]: 3건
2026-09-03 23:22:25,552 [INFO] __main__ — 봇 주가요약 제외 [팬오션]: 1건
2026-09-03 23:22:26,782 [INFO] __main__ — 봇 주가요약 제외 [와이씨]: 1건
2026-09-03 23:22:28,094 [INFO] __main__ — 봇 주가요약 제외 [원익홀딩스]: 2건
2026-09-03 23:22:29,472 [INFO] __main__ — 봇 주가요약 제외 [PS일렉트로닉스]: 2건
2026-09-03 23:22:31,690 [INFO] __main__ — 봇 주가요약 제외 [비에이치]: 2건
2026-09-03 23:22:32,909 [INFO] __main__ — 봇 주가요약 제외 [페니트리움바이오]: 1건
2026-09-03 23:22:33,014 [INFO] __main__ — 봇 주가요약 제외 [후성]: 2건
2026-09-03 23:22:34,063 [INFO] __main__ — 봇 주가요약 제외 [HPSP]: 1건
2026-09-03 23:22:34,092 [INFO] __main__ — 봇 주가요약 제외 [신라젠]: 1건
2026-09-03 23:22:36,387 [INFO] __main__ — 봇 주가요약 제외 [파인엠텍]: 2건
2026-09-03 23:22:36,439 [INFO] __main__ — 봇 주가요약 제외 [대원전선]: 1건
2026-09-03 23:22:41,166 [INFO] __main__ — 봇 주가요약 제외 [한솔테크닉스]: 3건
2026-09-03 23:22:42,574 [INFO] __main__ — 봇 주가요약 제외 [제주반도체]: 2건
2026-09-03 23:22:44,679 [INFO] __main__ — 봇 주가요약 제외 [코오롱티슈진]: 4건
2026-09-03 23:22:45,838 [INFO] __main__ — 봇 주가요약 제외 [SK이터닉스]: 2건
2026-09-03 23:22:45,922 [INFO] __main__ — 봇 주가요약 제외 [일동제약]: 1건
2026-09-03 23:22:48,181 [INFO] __main__ — 봇 주가요약 제외 [삼성E&A]: 1건
2026-09-03 23:22:48,268 [INFO] __main__ — 봇 주가요약 제외 [엑스게이트]: 1건
2026-09-03 23:22:48,482 [INFO] __main__ — 뉴스 시점 제외 [ESR켄달스퀘어리츠]: 9건 (>14일/파싱실패)
2026-09-03 23:22:49,366 [INFO] __main__ — 봇 주가요약 제외 [서진시스템]: 1건
2026-09-03 23:22:49,448 [INFO] __main__ — 봇 주가요약 제외 [대한전선]: 1건
2026-09-03 23:22:53,182 [INFO] __main__ — 봇 주가요약 제외 [저스템]: 1건
2026-09-03 23:22:54,364 [INFO] __main__ — 봇 주가요약 제외 [성호전자]: 2건
2026-09-03 23:22:56,342 [INFO] __main__ — 봇 주가요약 제외 [삼화콘덴서]: 5건
2026-09-03 23:22:57,509 [INFO] __main__ — 뉴스 시점 제외 [맥쿼리인프라]: 12건 (>14일/파싱실패)
2026-09-03 23:23:01,394 [INFO] __main__ — 봇 주가요약 제외 [코스모로보틱스]: 1건
2026-09-03 23:23:02,425 [INFO] __main__ — 봇 주가요약 제외 [보성파워텍]: 2건
2026-09-03 23:23:04,765 [INFO] __main__ — 봇 주가요약 제외 [대덕전자]: 2건
2026-09-03 23:23:07,104 [INFO] __main__ — 봇 주가요약 제외 [LG씨엔에스]: 1건
2026-09-03 23:23:08,268 [INFO] __main__ — 봇 주가요약 제외 [넥스틸]: 1건
2026-09-03 23:23:09,577 [INFO] __main__ — 봇 주가요약 제외 [디앤디파마텍]: 2건
2026-09-03 23:23:11,836 [INFO] __main__ — 뉴스 시점 제외 [와이지-원]: 4건 (>14일/파싱실패)
2026-09-03 23:23:12,948 [INFO] __main__ — 봇 주가요약 제외 [브이엠]: 2건
2026-09-03 23:23:18,196 [INFO] __main__ — 뉴스 시점 제외 [제이앤티씨]: 8건 (>14일/파싱실패)
2026-09-03 23:23:19,425 [INFO] __main__ — 봇 주가요약 제외 [지아이이노베이션]: 1건
2026-09-03 23:23:20,699 [INFO] __main__ — 봇 주가요약 제외 [휴스틸]: 1건
2026-09-03 23:23:20,705 [INFO] __main__ — 봇 주가요약 제외 [이수페타시스]: 1건
2026-09-03 23:23:23,416 [INFO] __main__ — 뉴스 시점 제외 [샘씨엔에스]: 4건 (>14일/파싱실패)
2026-09-03 23:23:26,049 [INFO] __main__ — 봇 주가요약 제외 [네오셈]: 1건
2026-09-03 23:23:30,571 [INFO] __main__ — 봇 주가요약 제외 [포스코퓨처엠]: 1건
2026-09-03 23:23:31,230 [INFO] __main__ — 봇 주가요약 제외 [태웅]: 1건
2026-09-03 23:23:35,558 [INFO] __main__ — 뉴스 시점 제외 [에스에이엠티]: 8건 (>14일/파싱실패)
2026-09-03 23:23:37,567 [INFO] __main__ — 봇 주가요약 제외 [SNT에너지]: 2건
2026-09-03 23:23:41,714 [INFO] __main__ — 봇 주가요약 제외 [한미글로벌]: 2건
2026-09-03 23:23:42,298 [INFO] __main__ — 뉴스 시점 제외 [엘브이엠씨홀딩스]: 9건 (>14일/파싱실패)
2026-09-03 23:23:42,932 [INFO] __main__ — 봇 주가요약 제외 [신흥에스이씨]: 1건
2026-09-03 23:23:45,500 [INFO] __main__ — 뉴스 시점 제외 [서부T&D]: 1건 (>14일/파싱실패)
2026-09-03 23:23:49,112 [INFO] __main__ — 봇 주가요약 제외 [RFHIC]: 1건
2026-09-03 23:23:53,813 [INFO] __main__ — 봇 주가요약 제외 [HLB제약]: 1건
2026-09-03 23:23:54,543 [INFO] __main__ — 봇 주가요약 제외 [클로봇]: 2건
2026-09-03 23:23:57,268 [INFO] __main__ — 봇 주가요약 제외 [한전기술]: 2건
2026-09-03 23:23:58,503 [INFO] __main__ — 봇 주가요약 제외 [한화시스템]: 1건
2026-09-03 23:24:03,138 [INFO] __main__ — 봇 주가요약 제외 [코리아써키트]: 1건
2026-09-03 23:24:03,152 [INFO] __main__ — 봇 주가요약 제외 [HLB이노베이션]: 1건
2026-09-03 23:24:04,167 [INFO] __main__ — 봇 주가요약 제외 [한국카본]: 1건
2026-09-03 23:24:05,529 [INFO] __main__ — 봇 주가요약 제외 [전진건설로봇]: 2건
2026-09-03 23:24:11,128 [INFO] __main__ — 봇 주가요약 제외 [POSCO홀딩스]: 1건
2026-09-03 23:24:11,491 [INFO] __main__ — 봇 주가요약 제외 [산일전기]: 1건
2026-09-03 23:24:14,029 [INFO] __main__ — 뉴스 시점 제외 [송원산업]: 10건 (>14일/파싱실패)
2026-09-03 23:24:16,448 [INFO] __main__ — 봇 주가요약 제외 [성광벤드]: 1건
2026-09-03 23:24:18,306 [INFO] __main__ — 뉴스 시점 제외 [베뉴지]: 6건 (>14일/파싱실패)
2026-09-03 23:24:20,714 [INFO] __main__ — 뉴스 시점 제외 [KB스타리츠]: 7건 (>14일/파싱실패)
2026-09-03 23:24:29,147 [INFO] __main__ — 봇 주가요약 제외 [삼아알미늄]: 1건
2026-09-03 23:24:32,633 [INFO] __main__ — 뉴스 시점 제외 [한솔아이원스]: 1건 (>14일/파싱실패)
2026-09-03 23:24:33,060 [INFO] __main__ — 봇 주가요약 제외 [에스앤에스텍]: 1건
2026-09-03 23:24:35,393 [INFO] __main__ — 뉴스 시점 제외 [명신산업]: 10건 (>14일/파싱실패)
2026-09-03 23:24:37,309 [INFO] __main__ — 봇 주가요약 제외 [동국제강]: 1건
2026-09-03 23:24:37,793 [INFO] __main__ — 봇 주가요약 제외 [이수스페셜티케미컬]: 1건
2026-09-03 23:24:38,959 [INFO] __main__ — 뉴스 시점 제외 [엘티씨]: 9건 (>14일/파싱실패)
2026-09-03 23:24:48,029 [INFO] __main__ — 뉴스 시점 제외 [삼양컴텍]: 12건 (>14일/파싱실패)
2026-09-03 23:24:48,525 [INFO] __main__ — 뉴스 시점 제외 [싸이맥스]: 6건 (>14일/파싱실패)
2026-09-03 23:24:49,189 [INFO] __main__ — 뉴스 시점 제외 [미래에셋증권2우B]: 12건 (>14일/파싱실패)
2026-09-03 23:24:51,556 [INFO] __main__ — 봇 주가요약 제외 [에스피지]: 1건
2026-09-03 23:24:54,708 [INFO] __main__ — 뉴스 시점 제외 [KB발해인프라]: 14건 (>14일/파싱실패)
2026-09-03 23:24:56,433 [INFO] __main__ — 봇 주가요약 제외 [펩트론]: 1건
2026-09-03 23:24:57,664 [INFO] __main__ — 뉴스 시점 제외 [네패스아크]: 7건 (>14일/파싱실패)
2026-09-03 23:25:05,471 [INFO] __main__ — 뉴스 시점 제외 [유니셈]: 5건 (>14일/파싱실패)
2026-09-03 23:25:08,020 [INFO] __main__ — 뉴스 시점 제외 [현대차2우B]: 1건 (>14일/파싱실패)
2026-09-03 23:25:09,213 [INFO] __main__ — 봇 주가요약 제외 [달바글로벌]: 2건
2026-09-03 23:25:17,136 [INFO] __main__ — 뉴스 시점 제외 [이뮨온시아]: 8건 (>14일/파싱실패)
2026-09-03 23:25:22,510 [INFO] __main__ — 봇 주가요약 제외 [휴온스글로벌]: 1건
2026-09-03 23:25:25,240 [INFO] __main__ — 봇 주가요약 제외 [삼현]: 1건
2026-09-03 23:25:34,318 [INFO] __main__ — 봇 주가요약 제외 [동성화인텍]: 1건
2026-09-03 23:25:35,760 [INFO] __main__ — 뉴스 시점 제외 [디어유]: 4건 (>14일/파싱실패)
2026-09-03 23:25:36,920 [INFO] __main__ — 뉴스 시점 제외 [오리엔탈정공]: 8건 (>14일/파싱실패)
2026-09-03 23:25:38,049 [INFO] __main__ — 뉴스 시점 제외 [이지스밸류플러스리츠]: 10건 (>14일/파싱실패)
2026-09-03 23:25:39,259 [INFO] __main__ — 뉴스 시점 제외 [신한알파리츠]: 8건 (>14일/파싱실패)
2026-09-03 23:25:43,004 [INFO] __main__ — 부정 키워드 감지: 29개 종목 (neg_ratio > 0)
2026-09-03 23:25:43,006 [INFO] __main__ — 수급일수충족·합계음수 제외: 48개
2026-09-03 23:25:47,552 [INFO] __main__ — 봇 주가요약 제외 [세아베스틸지주]: 1건
2026-09-03 23:25:48,148 [INFO] __main__ — 뉴스 시점 제외 [삼성전기우]: 11건 (>14일/파싱실패)
2026-09-03 23:25:48,814 [INFO] __main__ — 뉴스 시점 제외 [삼성화재우]: 14건 (>14일/파싱실패)
2026-09-03 23:25:49,444 [INFO] __main__ — 뉴스 시점 제외 [LG전자우]: 7건 (>14일/파싱실패)
2026-09-03 23:25:50,090 [INFO] __main__ — 뉴스 시점 제외 [LG화학우]: 13건 (>14일/파싱실패)
2026-09-03 23:25:50,735 [INFO] __main__ — 뉴스 시점 제외 [GS피앤엘]: 5건 (>14일/파싱실패)
2026-09-03 23:25:52,128 [INFO] __main__ — 뉴스 시점 제외 [미원에스씨]: 5건 (>14일/파싱실패)
2026-09-03 23:25:52,763 [INFO] __main__ — 봇 주가요약 제외 [대한유화]: 1건
2026-09-03 23:25:53,421 [INFO] __main__ — 뉴스 시점 제외 [한화3우B]: 3건 (>14일/파싱실패)
2026-09-03 23:25:54,097 [INFO] __main__ — 뉴스 시점 제외 [CJ4우(전환)]: 14건 (>14일/파싱실패)
2026-09-03 23:25:54,739 [INFO] __main__ — 뉴스 시점 제외 [대신증권우]: 15건 (>14일/파싱실패)
2026-09-03 23:25:56,667 [INFO] __main__ — 봇 주가요약 제외 [세아제강지주]: 1건
2026-09-03 23:25:57,352 [INFO] __main__ — 뉴스 시점 제외 [신대양제지]: 13건 (>14일/파싱실패)
2026-09-03 23:25:58,651 [INFO] __main__ — 봇 주가요약 제외 [세아제강]: 2건
2026-09-03 23:25:59,306 [INFO] __main__ — 봇 주가요약 제외 [한국철강]: 1건
2026-09-03 23:25:59,988 [INFO] __main__ — 뉴스 시점 제외 [삼성물산우B]: 15건 (>14일/파싱실패)
2026-09-03 23:26:00,574 [INFO] __main__ — 뉴스 시점 제외 [아세아제지]: 12건 (>14일/파싱실패)
2026-09-03 23:26:01,230 [INFO] __main__ — 뉴스 시점 제외 [서연이화]: 8건 (>14일/파싱실패)
2026-09-03 23:26:02,698 [INFO] __main__ — 뉴스 시점 제외 [서울가스]: 11건 (>14일/파싱실패)
2026-09-03 23:26:04,515 [INFO] __main__ — 뉴스 시점 제외 [대신밸류리츠]: 12건 (>14일/파싱실패)
2026-09-03 23:26:04,635 [INFO] __main__ — 뉴스 시점 제외 [미원화학]: 14건 (>14일/파싱실패)
2026-09-03 23:26:05,155 [INFO] __main__ — 뉴스 시점 제외 [노루홀딩스]: 10건 (>14일/파싱실패)
2026-09-03 23:26:05,284 [INFO] __main__ — 뉴스 시점 제외 [천일고속]: 13건 (>14일/파싱실패)
2026-09-03 23:26:08,479 [INFO] __main__ — 뉴스 시점 제외 [국일제지]: 2건 (>14일/파싱실패)
2026-09-03 23:26:09,797 [INFO] __main__ — 봇 주가요약 제외 [마이크로컨텍솔]: 1건
2026-09-03 23:26:10,435 [INFO] __main__ — 뉴스 시점 제외 [한국알콜]: 8건 (>14일/파싱실패)
2026-09-03 23:26:11,090 [INFO] __main__ — 뉴스 시점 제외 [에코아이]: 12건 (>14일/파싱실패)
2026-09-03 23:26:11,578 [INFO] __main__ — 뉴스 시점 제외 [한양디지텍]: 6건 (>14일/파싱실패)
2026-09-03 23:26:12,331 [INFO] __main__ — 뉴스 시점 제외 [세보엠이씨]: 11건 (>14일/파싱실패)
2026-09-03 23:26:13,160 [INFO] __main__ — 봇 주가요약 제외 [도우인시스]: 1건
2026-09-03 23:26:14,728 [INFO] __main__ — POOL_A 후보 부정뉴스 2차 조회: 144개
2026-09-03 23:26:14,730 [INFO] __main__ — POOL_A: 500개 (A:210 B:152 동시:138) | 부정게이트 제외:4
  대형:76 중형:216 소형:208
2026-09-03 23:26:14,747 [INFO] __main__ — 대조군 표본(무신호): 40개 / 모집단 389개 → pool_history
2026-09-03 23:26:14,748 [INFO] __main__ —   → POOL_A: 500개
2026-09-03 23:26:14,748 [INFO] __main__ — ▶ Step 2: 하드 필터링
2026-09-03 23:26:14,749 [INFO] __main__ — 하드 필터 제거: 487개 | 과열배제 51 | 이격도상한 4 | 이격도하한 89 | MA추세 264 | RSI과열 8 | 거래대금 71
2026-09-03 23:26:14,751 [INFO] __main__ — 과열 gated 기록: 51개 → gated_tickers
2026-09-03 23:26:14,755 [INFO] __main__ — 대조군 표본(필터탈락): 172개 / 모집단 487개 → pool_history
2026-09-03 23:26:14,755 [INFO] __main__ — POOL_B: 13개 | 대형:1 중형:7 소형:5
2026-09-03 23:26:14,755 [INFO] __main__ —   → POOL_B: 13개
2026-09-03 23:26:14,755 [INFO] __main__ — ▶ Step 3: 스코어링 (FinBERT 감성 분석)
2026-09-03 23:26:14,755 [INFO] __main__ — NaverClient: 3개 키 로드 (DataLab·검색 독립 회전)
2026-09-03 23:26:14,755 [INFO] __main__ — 텍스트 신규 수집: 13종목 (캐시 적중 0종목)
2026-09-03 23:26:15,335 [INFO] __main__ — 봇 주가요약 제외 [삼화콘덴서]: 10건
2026-09-03 23:26:20,275 [INFO] __main__ — 뉴스 시점 제외 [송원산업]: 25건 (>14일/파싱실패)
2026-09-03 23:26:36,463 [INFO] __main__ — 기사 보존(수집): 113건 (13종목) → news_articles
2026-09-03 23:26:36,465 [INFO] __main__ — 공시 보존(수집): 38건 (13종목) → dart_filings
2026-09-03 23:26:36,465 [INFO] __main__ — 수집 완료: 뉴스 113건 | 공시 38건
2026-09-03 23:26:36,465 [INFO] __main__ — FinBERT 감성 분석 (finbert 모드)...
2026-09-03 23:26:36,465 [INFO] __main__ — FinBERT 로딩: snunlp/KR-FinBert-SC (CPU, batch=8)
2026-09-03 23:26:36,580 [INFO] httpx — HTTP Request: GET https://huggingface.co/api/agent-harnesses "HTTP/1.1 200 OK"
2026-09-03 23:26:36,626 [INFO] httpx — HTTP Request: HEAD https://huggingface.co/snunlp/KR-FinBert-SC/resolve/main/config.json "HTTP/1.1 307 Temporary Redirect"
2026-09-03 23:26:36,627 [WARNING] huggingface_hub.utils._http — Warning: You are sending unauthenticated requests to the HF Hub. Please set a HF_TOKEN to enable higher rate limits and faster downloads.
2026-09-03 23:26:36,643 [INFO] httpx — HTTP Request: HEAD https://huggingface.co/api/resolve-cache/models/snunlp/KR-FinBert-SC/f8586286cc3161fb648e9fee09a456069fd846d0/config.json?%2Fsnunlp%2FKR-FinBert-SC%2Fresolve%2Fmain%2Fconfig.json=&etag=%22bd00b2460e394f69e29e6438699e074cbac9584e%22 "HTTP/1.1 200 OK"
2026-09-03 23:26:36,728 [INFO] httpx — HTTP Request: HEAD https://huggingface.co/snunlp/KR-FinBert-SC/resolve/main/model.safetensors "HTTP/1.1 404 Not Found"
2026-09-03 23:26:36,776 [INFO] httpx — HTTP Request: GET https://huggingface.co/api/models/snunlp/KR-FinBert-SC "HTTP/1.1 200 OK"
2026-09-03 23:26:36,839 [INFO] httpx — HTTP Request: GET https://huggingface.co/api/models/snunlp/KR-FinBert-SC/commits/main "HTTP/1.1 200 OK"
2026-09-03 23:26:36,893 [INFO] httpx — HTTP Request: GET https://huggingface.co/api/models/snunlp/KR-FinBert-SC/discussions?p=0 "HTTP/1.1 200 OK"
2026-09-03 23:26:36,905 [INFO] httpx — HTTP Request: GET https://huggingface.co/api/models/snunlp/KR-FinBert-SC/tree/main/additional_chat_templates?recursive=false&expand=false "HTTP/1.1 404 Not Found"
2026-09-03 23:26:36,955 [INFO] httpx — HTTP Request: GET https://huggingface.co/api/models/snunlp/KR-FinBert-SC/commits/refs%2Fpr%2F3 "HTTP/1.1 200 OK"
2026-09-03 23:26:36,956 [INFO] httpx — HTTP Request: GET https://huggingface.co/api/models/snunlp/KR-FinBert-SC/tree/main?recursive=true&expand=false "HTTP/1.1 200 OK"
2026-09-03 23:26:37,020 [INFO] httpx — HTTP Request: HEAD https://huggingface.co/snunlp/KR-FinBert-SC/resolve/main/processor_config.json "HTTP/1.1 404 Not Found"
2026-09-03 23:26:37,029 [INFO] httpx — HTTP Request: HEAD https://huggingface.co/snunlp/KR-FinBert-SC/resolve/refs%2Fpr%2F3/model.safetensors.index.json "HTTP/1.1 404 Not Found"
2026-09-03 23:26:37,098 [INFO] httpx — HTTP Request: HEAD https://huggingface.co/snunlp/KR-FinBert-SC/resolve/main/video_preprocessor_config.json "HTTP/1.1 404 Not Found"
2026-09-03 23:26:37,101 [INFO] httpx — HTTP Request: HEAD https://huggingface.co/snunlp/KR-FinBert-SC/resolve/refs%2Fpr%2F3/model.safetensors "HTTP/1.1 302 Found"
2026-09-03 23:26:37,143 [INFO] httpx — HTTP Request: HEAD https://huggingface.co/snunlp/KR-FinBert-SC/resolve/main/preprocessor_config.json "HTTP/1.1 404 Not Found"
2026-09-03 23:26:37,144 [INFO] __main__ — FinBERT 로드 완료 (CPU)
2026-09-03 23:26:45,053 [INFO] __main__ — Phase A.1: 매핑 신뢰도 < 0.5 → 감성 점수 폐기 7건
2026-09-03 23:26:45,053 [INFO] __main__ — [shadow] 필드별 검사 기준 폐기 0/13종목 (집행 7건 — 변동 없음)
2026-09-03 23:26:45,053 [INFO] __main__ — 스코어링: 13개 | 집중:0 | FinBERT:finbert
2026-09-03 23:26:45,064 [INFO] __main__ —   → 13개
2026-09-03 23:26:45,064 [INFO] __main__ — ▶ Step 4: 발송
2026-09-03 23:26:48,267 [INFO] __main__ — DB 기록: 9개 / 전체 to_send 9개
2026-09-03 23:26:48,267 [INFO] __main__ — 발송: 9종목 | 누적 4~10회 3 | 신규 0
2026-09-03 23:26:48,267 [INFO] __main__ — 완료  |  소요: 681.5초
2026-09-03 23:26:49,002 [INFO] track_outcomes — pool_history 대조군 5232건 추적 대상 포함
2026-09-03 23:26:49,044 [INFO] track_outcomes — 고아 행 174건 복원 (targets에서 탈락한 미완 키)
2026-09-03 23:26:49,044 [INFO] track_outcomes — 대상 13717건 | 갱신 필요 9065건 | 완료 스킵 4826건
2026-09-03 23:26:49,045 [INFO] track_outcomes —   가격 조회 고유 종목 1732개 (기존 911 + 대조군 추가 821)
2026-09-03 23:57:38,348 [INFO] track_outcomes — outcomes 적재: 신규 276건 | 갱신(신규+보완) 277건
2026-09-04 13:44:41,137 [INFO] __main__ — config 검증 완료 ✓
2026-09-04 13:44:41,137 [INFO] __main__ — KIS 조회 도메인: 실전 (https://openapi.koreainvestment.com:9443)
2026-09-04 13:44:41,137 [INFO] __main__ — ============================================================
2026-09-04 13:44:41,137 [INFO] __main__ — AlphaRadar v3.3.1  |  기준일: 20260904
2026-09-04 13:44:41,137 [INFO] __main__ — S = T×0.3 + S_text×0.4 + D×0.3
2026-09-04 13:44:41,138 [INFO] __main__ — ============================================================
2026-09-04 13:44:41,138 [INFO] __main__ — ▶ Step 0: 유니버스 필터링
2026-09-04 13:44:41,449 [INFO] __main__ — FDR 데이터 수집: 20260301 ~ 20260904
2026-09-04 13:44:43,016 [INFO] __main__ — master universe 메타: 캐시 사용 2760개 (year=2026)
2026-09-04 13:44:43,019 [INFO] __main__ — master 보강: 등급 836개 | FnGuide/KSIC 2550개 | 섹터(fg_industry) 2550개
2026-09-04 13:44:43,019 [INFO] __main__ — KOSPI: 943개 | 섹터정보 831개 (DART +828개 보완)
2026-09-04 13:44:43,020 [INFO] __main__ — KOSDAQ: 1822개 | 섹터정보 1748개
2026-09-04 13:44:43,020 [INFO] __main__ — 전체: 2765개
2026-09-04 13:44:44,764 [INFO] __main__ — KIS 토큰 발급 완료
2026-09-04 13:50:52,294 [INFO] __main__ — DART corp_code 매핑: 874/897개 (97%)
2026-09-04 13:50:52,294 [INFO] __main__ — 유효 유니버스: 897개
2026-09-04 13:50:52,302 [INFO] __main__ —   → 897개
2026-09-04 13:50:52,302 [INFO] __main__ — ▶ Step 1: 신호 탐지
2026-09-04 13:50:52,302 [INFO] __main__ — NaverClient: 3개 키 로드 (DataLab·검색 독립 회전)
2026-09-04 13:50:52,302 [INFO] __main__ — 관심 지수 및 부정 뉴스 비율 조회 중...
2026-09-04 13:50:53,807 [INFO] __main__ — 봇 주가요약 제외 [현대약품]: 1건
2026-09-04 13:50:55,120 [INFO] __main__ — 봇 주가요약 제외 [금호건설]: 2건
2026-09-04 13:50:55,133 [INFO] __main__ — 봇 주가요약 제외 [흥아해운]: 2건
2026-09-04 13:50:56,433 [INFO] __main__ — 봇 주가요약 제외 [아난티]: 1건
2026-09-04 13:50:56,439 [INFO] __main__ — 봇 주가요약 제외 [우리금융지주]: 1건
2026-09-04 13:50:57,778 [INFO] __main__ — 봇 주가요약 제외 [KBI메탈]: 1건
2026-09-04 13:50:59,107 [INFO] __main__ — 봇 주가요약 제외 [대한광통신]: 1건
2026-09-04 13:51:00,147 [INFO] __main__ — 봇 주가요약 제외 [HLB]: 1건
2026-09-04 13:51:00,306 [INFO] __main__ — 봇 주가요약 제외 [더즌]: 1건
2026-09-04 13:51:00,311 [INFO] __main__ — 봇 주가요약 제외 [대아티아이]: 3건
2026-09-04 13:51:01,512 [INFO] __main__ — 봇 주가요약 제외 [빛과전자]: 7건
2026-09-04 13:51:03,733 [INFO] __main__ — 봇 주가요약 제외 [와이씨]: 1건
2026-09-04 13:51:04,742 [INFO] __main__ — 봇 주가요약 제외 [비에이치]: 3건
2026-09-04 13:51:05,962 [INFO] __main__ — 봇 주가요약 제외 [페니트리움바이오]: 1건
2026-09-04 13:51:05,963 [INFO] __main__ — 봇 주가요약 제외 [PS일렉트로닉스]: 1건
2026-09-04 13:51:08,206 [INFO] __main__ — 봇 주가요약 제외 [파인엠텍]: 1건
2026-09-04 13:51:11,293 [INFO] __main__ — 봇 주가요약 제외 [한화솔루션]: 2건
2026-09-04 13:51:11,520 [INFO] __main__ — 봇 주가요약 제외 [후성]: 1건
2026-09-04 13:51:12,481 [INFO] __main__ — 봇 주가요약 제외 [HPSP]: 2건
2026-09-04 13:51:12,703 [INFO] __main__ — 봇 주가요약 제외 [대원전선]: 2건
2026-09-04 13:51:15,994 [INFO] __main__ — 봇 주가요약 제외 [신라젠]: 1건
2026-09-04 13:51:17,142 [INFO] __main__ — 봇 주가요약 제외 [제주반도체]: 3건
2026-09-04 13:51:18,916 [INFO] __main__ — 봇 주가요약 제외 [헥토파이낸셜]: 1건
2026-09-04 13:51:19,469 [INFO] __main__ — 봇 주가요약 제외 [일동제약]: 1건
2026-09-04 13:51:21,813 [INFO] __main__ — 뉴스 시점 제외 [ESR켄달스퀘어리츠]: 9건 (>14일/파싱실패)
2026-09-04 13:51:22,897 [INFO] __main__ — 봇 주가요약 제외 [삼성E&A]: 1건
2026-09-04 13:51:23,351 [INFO] __main__ — 봇 주가요약 제외 [코오롱티슈진]: 3건
2026-09-04 13:51:25,437 [INFO] __main__ — 봇 주가요약 제외 [저스템]: 1건
2026-09-04 13:51:26,608 [INFO] __main__ — 봇 주가요약 제외 [대한전선]: 1건
2026-09-04 13:51:26,994 [INFO] __main__ — 봇 주가요약 제외 [휴림로봇]: 1건
2026-09-04 13:51:27,035 [INFO] __main__ — 봇 주가요약 제외 [코스모로보틱스]: 2건
2026-09-04 13:51:27,787 [INFO] __main__ — 봇 주가요약 제외 [성호전자]: 3건
2026-09-04 13:51:30,088 [INFO] __main__ — 봇 주가요약 제외 [엘앤에프]: 1건
2026-09-04 13:51:30,562 [INFO] __main__ — 봇 주가요약 제외 [현대무벡스]: 1건
2026-09-04 13:51:31,404 [INFO] __main__ — 봇 주가요약 제외 [대덕전자]: 3건
2026-09-04 13:51:32,455 [INFO] __main__ — 봇 주가요약 제외 [티엑스알로보틱스]: 1건
2026-09-04 13:51:34,544 [INFO] __main__ — 뉴스 시점 제외 [맥쿼리인프라]: 12건 (>14일/파싱실패)
2026-09-04 13:51:34,843 [INFO] __main__ — 봇 주가요약 제외 [스피어]: 2건
2026-09-04 13:51:36,907 [INFO] __main__ — 봇 주가요약 제외 [넥스틸]: 1건
2026-09-04 13:51:37,886 [INFO] __main__ — 뉴스 시점 제외 [와이지-원]: 7건 (>14일/파싱실패)
2026-09-04 13:51:39,059 [INFO] __main__ — 봇 주가요약 제외 [삼화콘덴서]: 4건
2026-09-04 13:51:40,106 [INFO] __main__ — 봇 주가요약 제외 [디앤디파마텍]: 1건
2026-09-04 13:51:45,869 [INFO] __main__ — 뉴스 시점 제외 [샘씨엔에스]: 4건 (>14일/파싱실패)
2026-09-04 13:51:46,908 [INFO] __main__ — 봇 주가요약 제외 [LG씨엔에스]: 3건
2026-09-04 13:51:49,390 [INFO] __main__ — 뉴스 시점 제외 [제이앤티씨]: 7건 (>14일/파싱실패)
2026-09-04 13:51:50,235 [INFO] __main__ — 봇 주가요약 제외 [지엔씨에너지]: 1건
2026-09-04 13:51:50,939 [INFO] __main__ — 봇 주가요약 제외 [지아이이노베이션]: 1건
2026-09-04 13:51:52,190 [INFO] __main__ — 봇 주가요약 제외 [휴스틸]: 1건
2026-09-04 13:51:52,918 [INFO] __main__ — 봇 주가요약 제외 [보성파워텍]: 2건
2026-09-04 13:51:54,724 [INFO] __main__ — 봇 주가요약 제외 [네오셈]: 1건
2026-09-04 13:51:57,986 [INFO] __main__ — 봇 주가요약 제외 [명신산업]: 1건
2026-09-04 13:51:59,172 [INFO] __main__ — 봇 주가요약 제외 [이수페타시스]: 2건
2026-09-04 13:52:02,472 [INFO] __main__ — 봇 주가요약 제외 [카카오페이]: 1건
2026-09-04 13:52:02,904 [INFO] __main__ — 봇 주가요약 제외 [LS ELECTRIC]: 1건
2026-09-04 13:52:06,746 [INFO] __main__ — 봇 주가요약 제외 [SNT에너지]: 2건
2026-09-04 13:52:07,520 [INFO] __main__ — 봇 주가요약 제외 [케이엔알시스템]: 1건
2026-09-04 13:52:09,698 [INFO] __main__ — 뉴스 시점 제외 [에스에이엠티]: 8건 (>14일/파싱실패)
2026-09-04 13:52:13,565 [INFO] __main__ — 뉴스 시점 제외 [서부T&D]: 3건 (>14일/파싱실패)
2026-09-04 13:52:14,594 [INFO] __main__ — 봇 주가요약 제외 [클로봇]: 2건
2026-09-04 13:52:18,017 [INFO] __main__ — 봇 주가요약 제외 [RFHIC]: 1건
2026-09-04 13:52:20,096 [INFO] __main__ — 봇 주가요약 제외 [HLB제약]: 1건
2026-09-04 13:52:23,359 [INFO] __main__ — 봇 주가요약 제외 [신흥에스이씨]: 1건
2026-09-04 13:52:24,605 [INFO] __main__ — 봇 주가요약 제외 [파두]: 1건
2026-09-04 13:52:25,600 [INFO] __main__ — 뉴스 시점 제외 [엘브이엠씨홀딩스]: 9건 (>14일/파싱실패)
2026-09-04 13:52:31,129 [INFO] __main__ — 봇 주가요약 제외 [두산로보틱스]: 2건
2026-09-04 13:52:32,203 [INFO] __main__ — 봇 주가요약 제외 [쿠콘]: 1건
2026-09-04 13:52:34,136 [INFO] __main__ — 봇 주가요약 제외 [한전기술]: 2건
2026-09-04 13:52:34,403 [INFO] __main__ — 봇 주가요약 제외 [OCI홀딩스]: 2건
2026-09-04 13:52:36,635 [INFO] __main__ — 봇 주가요약 제외 [전진건설로봇]: 2건
2026-09-04 13:52:39,491 [INFO] __main__ — 봇 주가요약 제외 [가온전선]: 1건
2026-09-04 13:52:41,218 [INFO] __main__ — 뉴스 시점 제외 [송원산업]: 10건 (>14일/파싱실패)
2026-09-04 13:52:42,261 [INFO] __main__ — 봇 주가요약 제외 [산일전기]: 1건
2026-09-04 13:52:44,326 [INFO] __main__ — 봇 주가요약 제외 [삼성에스디에스]: 1건
2026-09-04 13:52:51,085 [INFO] __main__ — 뉴스 시점 제외 [한솔아이원스]: 1건 (>14일/파싱실패)
2026-09-04 13:52:57,922 [INFO] __main__ — 뉴스 시점 제외 [KB스타리츠]: 7건 (>14일/파싱실패)
2026-09-04 13:52:59,161 [INFO] __main__ — 봇 주가요약 제외 [한국카본]: 1건
2026-09-04 13:53:00,393 [INFO] __main__ — 뉴스 시점 제외 [베뉴지]: 5건 (>14일/파싱실패)
2026-09-04 13:53:02,521 [INFO] __main__ — 봇 주가요약 제외 [이수스페셜티케미컬]: 1건
2026-09-04 13:53:02,626 [INFO] __main__ — 봇 주가요약 제외 [삼아알미늄]: 1건
2026-09-04 13:53:08,865 [INFO] __main__ — 봇 주가요약 제외 [동국제강]: 1건
2026-09-04 13:53:10,181 [INFO] __main__ — 뉴스 시점 제외 [미래에셋증권2우B]: 11건 (>14일/파싱실패)
2026-09-04 13:53:11,236 [INFO] __main__ — 봇 주가요약 제외 [성광벤드]: 1건
2026-09-04 13:53:12,283 [INFO] __main__ — 뉴스 시점 제외 [엘티씨]: 10건 (>14일/파싱실패)
2026-09-04 13:53:20,112 [INFO] __main__ — 뉴스 시점 제외 [삼양컴텍]: 10건 (>14일/파싱실패)
2026-09-04 13:53:20,602 [INFO] __main__ — 봇 주가요약 제외 [삼현]: 1건
2026-09-04 13:53:24,377 [INFO] __main__ — 뉴스 시점 제외 [KB발해인프라]: 14건 (>14일/파싱실패)
2026-09-04 13:53:24,872 [INFO] __main__ — 뉴스 시점 제외 [네패스아크]: 10건 (>14일/파싱실패)
2026-09-04 13:53:27,806 [INFO] __main__ — 뉴스 시점 제외 [싸이맥스]: 6건 (>14일/파싱실패)
2026-09-04 13:53:28,024 [INFO] __main__ — 뉴스 시점 제외 [큐리옥스바이오시스템즈]: 4건 (>14일/파싱실패)
2026-09-04 13:53:31,367 [INFO] __main__ — 봇 주가요약 제외 [달바글로벌]: 1건
2026-09-04 13:53:33,996 [INFO] __main__ — 뉴스 시점 제외 [이지스밸류플러스리츠]: 10건 (>14일/파싱실패)
2026-09-04 13:53:37,131 [INFO] __main__ — 봇 주가요약 제외 [로보스타]: 2건
2026-09-04 13:53:40,101 [INFO] __main__ — 뉴스 시점 제외 [이뮨온시아]: 10건 (>14일/파싱실패)
2026-09-04 13:53:41,576 [INFO] __main__ — 뉴스 시점 제외 [유니셈]: 4건 (>14일/파싱실패)
2026-09-04 13:53:51,546 [INFO] __main__ — 뉴스 시점 제외 [디어유]: 3건 (>14일/파싱실패)
2026-09-04 13:53:54,528 [INFO] __main__ — 봇 주가요약 제외 [동성화인텍]: 1건
2026-09-04 13:53:57,081 [INFO] __main__ — 뉴스 시점 제외 [오리엔탈정공]: 8건 (>14일/파싱실패)
2026-09-04 13:54:01,139 [INFO] __main__ — 부정 키워드 감지: 17개 종목 (neg_ratio > 0)
2026-09-04 13:54:01,141 [INFO] __main__ — 수급일수충족·합계음수 제외: 48개
2026-09-04 13:54:05,681 [INFO] __main__ — 봇 주가요약 제외 [세아베스틸지주]: 1건
2026-09-04 13:54:06,581 [INFO] __main__ — 뉴스 시점 제외 [삼성전기우]: 10건 (>14일/파싱실패)
2026-09-04 13:54:07,132 [INFO] __main__ — 뉴스 시점 제외 [LG전자우]: 7건 (>14일/파싱실패)
2026-09-04 13:54:07,422 [INFO] __main__ — 뉴스 시점 제외 [삼성화재우]: 14건 (>14일/파싱실패)
2026-09-04 13:54:07,865 [INFO] __main__ — 뉴스 시점 제외 [LG화학우]: 13건 (>14일/파싱실패)
2026-09-04 13:54:08,447 [INFO] __main__ — 뉴스 시점 제외 [GS피앤엘]: 5건 (>14일/파싱실패)
2026-09-04 13:54:09,715 [INFO] __main__ — 봇 주가요약 제외 [OCI]: 2건
2026-09-04 13:54:10,436 [INFO] __main__ — 뉴스 시점 제외 [미원에스씨]: 5건 (>14일/파싱실패)
2026-09-04 13:54:11,147 [INFO] __main__ — 뉴스 시점 제외 [한일홀딩스]: 11건 (>14일/파싱실패)
2026-09-04 13:54:11,709 [INFO] __main__ — 뉴스 시점 제외 [한화3우B]: 3건 (>14일/파싱실패)
2026-09-04 13:54:12,293 [INFO] __main__ — 뉴스 시점 제외 [CJ4우(전환)]: 14건 (>14일/파싱실패)
2026-09-04 13:54:12,892 [INFO] __main__ — 뉴스 시점 제외 [대신증권우]: 14건 (>14일/파싱실패)
2026-09-04 13:54:14,757 [INFO] __main__ — 뉴스 시점 제외 [신대양제지]: 14건 (>14일/파싱실패)
2026-09-04 13:54:14,961 [INFO] __main__ — 봇 주가요약 제외 [세아제강지주]: 1건
2026-09-04 13:54:15,883 [INFO] __main__ — 봇 주가요약 제외 [세아제강]: 1건
2026-09-04 13:54:17,272 [INFO] __main__ — 봇 주가요약 제외 [한국철강]: 1건
2026-09-04 13:54:17,875 [INFO] __main__ — 뉴스 시점 제외 [삼성물산우B]: 15건 (>14일/파싱실패)
2026-09-04 13:54:17,897 [INFO] __main__ — 뉴스 시점 제외 [아세아제지]: 11건 (>14일/파싱실패)
2026-09-04 13:54:19,208 [INFO] __main__ — 뉴스 시점 제외 [서연이화]: 8건 (>14일/파싱실패)
2026-09-04 13:54:20,307 [INFO] __main__ — 뉴스 시점 제외 [서울가스]: 12건 (>14일/파싱실패)
2026-09-04 13:54:21,496 [INFO] __main__ — 뉴스 시점 제외 [대신밸류리츠]: 11건 (>14일/파싱실패)
2026-09-04 13:54:22,374 [INFO] __main__ — 뉴스 시점 제외 [미원화학]: 13건 (>14일/파싱실패)
2026-09-04 13:54:22,697 [INFO] __main__ — 뉴스 시점 제외 [노루홀딩스]: 10건 (>14일/파싱실패)
2026-09-04 13:54:23,075 [INFO] __main__ — 뉴스 시점 제외 [천일고속]: 13건 (>14일/파싱실패)
2026-09-04 13:54:26,893 [INFO] __main__ — 봇 주가요약 제외 [마이크로컨텍솔]: 1건
2026-09-04 13:54:27,476 [INFO] __main__ — 봇 주가요약 제외 [휴온스글로벌]: 1건
2026-09-04 13:54:27,481 [INFO] __main__ — 뉴스 시점 제외 [한국알콜]: 7건 (>14일/파싱실패)
2026-09-04 13:54:28,197 [INFO] __main__ — 뉴스 시점 제외 [한양디지텍]: 7건 (>14일/파싱실패)
2026-09-04 13:54:28,444 [INFO] __main__ — 뉴스 시점 제외 [에코아이]: 12건 (>14일/파싱실패)
2026-09-04 13:54:29,315 [INFO] __main__ — 뉴스 시점 제외 [필에너지]: 3건 (>14일/파싱실패)
2026-09-04 13:54:29,578 [INFO] __main__ — 봇 주가요약 제외 [칩스앤미디어]: 1건
2026-09-04 13:54:29,928 [INFO] __main__ — 봇 주가요약 제외 [도우인시스]: 1건
2026-09-04 13:54:31,669 [INFO] __main__ — POOL_A 후보 부정뉴스 2차 조회: 148개
2026-09-04 13:54:31,672 [INFO] __main__ — POOL_A: 631개 (A:162 B:281 동시:188) | 부정게이트 제외:2
  대형:99 중형:290 소형:242
2026-09-04 13:54:31,680 [INFO] __main__ — 대조군 표본(무신호): 40개 / 모집단 266개 → pool_history
2026-09-04 13:54:31,682 [INFO] __main__ —   → POOL_A: 631개
2026-09-04 13:54:31,683 [INFO] __main__ — ▶ Step 2: 하드 필터링
2026-09-04 13:54:31,683 [INFO] __main__ — 하드 필터 제거: 609개 | 과열배제 51 | 이격도상한 6 | 이격도하한 81 | MA추세 366 | RSI과열 5 | 거래대금 100
2026-09-04 13:54:31,685 [INFO] __main__ — 과열 gated 기록: 51개 → gated_tickers
2026-09-04 13:54:31,688 [INFO] __main__ — 대조군 표본(필터탈락): 171개 / 모집단 609개 → pool_history
2026-09-04 13:54:31,688 [INFO] __main__ — POOL_B: 22개 | 대형:1 중형:15 소형:6
2026-09-04 13:54:31,688 [INFO] __main__ —   → POOL_B: 22개
2026-09-04 13:54:31,688 [INFO] __main__ — ▶ Step 3: 스코어링 (FinBERT 감성 분석)
2026-09-04 13:54:31,688 [INFO] __main__ — NaverClient: 3개 키 로드 (DataLab·검색 독립 회전)
2026-09-04 13:54:31,689 [INFO] __main__ — 텍스트 신규 수집: 13종목 (캐시 적중 9종목)
2026-09-04 13:54:32,304 [INFO] __main__ — 봇 주가요약 제외 [SK이터닉스]: 1건
2026-09-04 13:54:35,898 [INFO] __main__ — 봇 주가요약 제외 [후성]: 4건
2026-09-04 13:54:36,263 [INFO] __main__ — 봇 주가요약 제외 [대원전선]: 3건
2026-09-04 13:54:39,883 [INFO] __main__ — 봇 주가요약 제외 [심텍]: 2건
2026-09-04 13:54:43,390 [INFO] __main__ — 봇 주가요약 제외 [테스]: 2건
2026-09-04 13:54:43,526 [INFO] __main__ — 봇 주가요약 제외 [로보스타]: 2건
2026-09-04 13:54:43,537 [INFO] __main__ — 봇 주가요약 제외 [저스템]: 1건
2026-09-04 13:54:46,806 [INFO] __main__ — 봇 주가요약 제외 [KBI메탈]: 5건
2026-09-04 13:54:49,744 [INFO] __main__ — 기사 보존(수집): 189건 (22종목) → news_articles
2026-09-04 13:54:49,746 [INFO] __main__ — 공시 보존(수집): 68건 (22종목) → dart_filings
2026-09-04 13:54:49,747 [INFO] __main__ — 수집 완료: 뉴스 226건 | 공시 82건
2026-09-04 13:54:49,747 [INFO] __main__ — FinBERT 감성 분석 (finbert 모드)...
2026-09-04 13:54:49,748 [INFO] __main__ — FinBERT 로딩: snunlp/KR-FinBert-SC (CPU, batch=8)
2026-09-04 13:54:49,861 [INFO] httpx — HTTP Request: GET https://huggingface.co/api/agent-harnesses "HTTP/1.1 200 OK"
2026-09-04 13:54:49,935 [INFO] httpx — HTTP Request: HEAD https://huggingface.co/snunlp/KR-FinBert-SC/resolve/main/config.json "HTTP/1.1 307 Temporary Redirect"
2026-09-04 13:54:49,936 [WARNING] huggingface_hub.utils._http — Warning: You are sending unauthenticated requests to the HF Hub. Please set a HF_TOKEN to enable higher rate limits and faster downloads.
2026-09-04 13:54:49,941 [INFO] httpx — HTTP Request: HEAD https://huggingface.co/api/resolve-cache/models/snunlp/KR-FinBert-SC/f8586286cc3161fb648e9fee09a456069fd846d0/config.json?%2Fsnunlp%2FKR-FinBert-SC%2Fresolve%2Fmain%2Fconfig.json=&etag=%22bd00b2460e394f69e29e6438699e074cbac9584e%22 "HTTP/1.1 200 OK"
2026-09-04 13:54:50,039 [INFO] httpx — HTTP Request: HEAD https://huggingface.co/snunlp/KR-FinBert-SC/resolve/main/model.safetensors "HTTP/1.1 404 Not Found"
2026-09-04 13:54:50,110 [INFO] httpx — HTTP Request: GET https://huggingface.co/api/models/snunlp/KR-FinBert-SC "HTTP/1.1 200 OK"
2026-09-04 13:54:50,198 [INFO] httpx — HTTP Request: GET https://huggingface.co/api/models/snunlp/KR-FinBert-SC/commits/main "HTTP/1.1 200 OK"
2026-09-04 13:54:50,265 [INFO] httpx — HTTP Request: GET https://huggingface.co/api/models/snunlp/KR-FinBert-SC/tree/main/additional_chat_templates?recursive=false&expand=false "HTTP/1.1 404 Not Found"
2026-09-04 13:54:50,276 [INFO] httpx — HTTP Request: GET https://huggingface.co/api/models/snunlp/KR-FinBert-SC/discussions?p=0 "HTTP/1.1 200 OK"
2026-09-04 13:54:50,342 [INFO] httpx — HTTP Request: GET https://huggingface.co/api/models/snunlp/KR-FinBert-SC/tree/main?recursive=true&expand=false "HTTP/1.1 200 OK"
2026-09-04 13:54:50,360 [INFO] httpx — HTTP Request: GET https://huggingface.co/api/models/snunlp/KR-FinBert-SC/commits/refs%2Fpr%2F3 "HTTP/1.1 200 OK"
2026-09-04 13:54:50,433 [INFO] httpx — HTTP Request: HEAD https://huggingface.co/snunlp/KR-FinBert-SC/resolve/refs%2Fpr%2F3/model.safetensors.index.json "HTTP/1.1 404 Not Found"
2026-09-04 13:54:50,435 [INFO] httpx — HTTP Request: HEAD https://huggingface.co/snunlp/KR-FinBert-SC/resolve/main/processor_config.json "HTTP/1.1 404 Not Found"
2026-09-04 13:54:50,508 [INFO] httpx — HTTP Request: HEAD https://huggingface.co/snunlp/KR-FinBert-SC/resolve/main/video_preprocessor_config.json "HTTP/1.1 404 Not Found"
2026-09-04 13:54:50,511 [INFO] httpx — HTTP Request: HEAD https://huggingface.co/snunlp/KR-FinBert-SC/resolve/refs%2Fpr%2F3/model.safetensors "HTTP/1.1 302 Found"
2026-09-04 13:54:50,583 [INFO] httpx — HTTP Request: HEAD https://huggingface.co/snunlp/KR-FinBert-SC/resolve/main/preprocessor_config.json "HTTP/1.1 404 Not Found"
2026-09-04 13:54:50,584 [INFO] __main__ — FinBERT 로드 완료 (CPU)
2026-09-04 13:55:16,482 [INFO] __main__ — Phase A.1: 매핑 신뢰도 < 0.5 → 감성 점수 폐기 15건
2026-09-04 13:55:16,482 [INFO] __main__ — [shadow] 필드별 검사 기준 폐기 1/22종목 (집행 15건 — 변동 없음)
2026-09-04 13:55:16,482 [INFO] __main__ — 스코어링: 22개 | 집중:0 | FinBERT:finbert
2026-09-04 13:55:16,500 [INFO] __main__ —   → 22개
2026-09-04 13:55:16,500 [INFO] __main__ — ▶ Step 4: 발송
2026-09-04 13:55:22,634 [INFO] __main__ — DB 기록: 15개 / 전체 to_send 15개
2026-09-04 13:55:22,634 [INFO] __main__ — 발송: 15종목 | 누적 4~10회 3 | 신규 1
2026-09-04 13:55:22,634 [INFO] __main__ — 완료  |  소요: 641.5초
2026-09-04 13:55:23,811 [INFO] track_outcomes — pool_history 대조군 5362건 추적 대상 포함
2026-09-04 13:55:23,863 [INFO] track_outcomes — 고아 행 186건 복원 (targets에서 탈락한 미완 키)
2026-09-04 13:55:23,863 [INFO] track_outcomes — 대상 13877건 | 갱신 필요 9237건 | 완료 스킵 4826건
2026-09-04 13:55:23,866 [INFO] track_outcomes —   가격 조회 고유 종목 1737개 (기존 913 + 대조군 추가 824)
2026-09-04 14:21:50,815 [INFO] track_outcomes — outcomes 적재: 신규 172건 | 갱신(신규+보완) 2218건
