2026-08-05 04:32:04,962 [INFO] __main__ — config 검증 완료 ✓
2026-08-05 04:32:04,962 [INFO] __main__ — ============================================================
2026-08-05 04:32:04,962 [INFO] __main__ — AlphaRadar v3.3.1  |  기준일: 20260805
2026-08-05 04:32:04,962 [INFO] __main__ — S = T×0.3 + S_text×0.4 + D×0.3
2026-08-05 04:32:04,962 [INFO] __main__ — ============================================================
2026-08-05 04:32:04,962 [INFO] __main__ — ▶ Step 0: 유니버스 필터링
2026-08-05 04:32:05,115 [INFO] __main__ — FDR 데이터 수집: 20260130 ~ 20260805
2026-08-05 04:32:06,441 [INFO] __main__ — KOSPI: 943개 | 섹터정보 833개 (DART +833개 보완)
2026-08-05 04:32:06,441 [INFO] __main__ — KOSDAQ: 1820개 | 섹터정보 1820개
2026-08-05 04:32:06,442 [INFO] __main__ — 전체: 2763개
2026-08-05 04:32:13,348 [INFO] __main__ — KIS 토큰 발급 완료
2026-08-05 04:58:39,018 [INFO] __main__ — DART corp_code 매핑: 2169/2226개 (97%)
2026-08-05 04:58:39,018 [INFO] __main__ — 유효 유니버스: 2226개
2026-08-05 04:58:39,029 [INFO] __main__ —   → 2226개
2026-08-05 04:58:39,030 [INFO] __main__ — ▶ Step 1: 신호 탐지
2026-08-05 04:58:39,030 [INFO] __main__ — NaverClient: 3개 키 로드 (DataLab·검색 독립 회전)
2026-08-05 04:58:39,030 [INFO] __main__ — 관심 지수 및 부정 뉴스 비율 조회 중...
2026-08-05 04:59:11,752 [INFO] __main__ — 뉴스 시점 제외 [금호전기]: 1건 (>14일/파싱실패)
2026-08-05 04:59:20,679 [INFO] __main__ — 뉴스 시점 제외 [강동씨앤엘]: 9건 (>14일/파싱실패)
2026-08-05 04:59:24,721 [INFO] __main__ — 뉴스 시점 제외 [맥쿼리인프라]: 11건 (>14일/파싱실패)
2026-08-05 04:59:39,681 [INFO] __main__ — 뉴스 시점 제외 [화신정공]: 10건 (>14일/파싱실패)
2026-08-05 04:59:42,052 [INFO] __main__ — 뉴스 시점 제외 [동양파일]: 9건 (>14일/파싱실패)
2026-08-05 04:59:49,614 [INFO] __main__ — 뉴스 시점 제외 [와이지-원]: 1건 (>14일/파싱실패)
2026-08-05 05:00:07,507 [INFO] __main__ — 뉴스 시점 제외 [HB테크놀러지]: 2건 (>14일/파싱실패)
2026-08-05 05:00:12,898 [INFO] __main__ — 뉴스 시점 제외 [글로벌텍스프리]: 2건 (>14일/파싱실패)
2026-08-05 05:00:25,076 [INFO] __main__ — 뉴스 시점 제외 [중앙첨단소재]: 4건 (>14일/파싱실패)
2026-08-05 05:00:27,189 [INFO] __main__ — 뉴스 시점 제외 [세미티에스]: 7건 (>14일/파싱실패)
2026-08-05 05:00:28,994 [INFO] __main__ — 뉴스 시점 제외 [대양금속]: 10건 (>14일/파싱실패)
2026-08-05 05:00:29,886 [INFO] __main__ — 뉴스 시점 제외 [LS머트리얼즈]: 3건 (>14일/파싱실패)
2026-08-05 05:00:34,577 [INFO] __main__ — 뉴스 시점 제외 [엘브이엠씨홀딩스]: 14건 (>14일/파싱실패)
2026-08-05 05:00:39,317 [INFO] __main__ — 뉴스 시점 제외 [한성크린텍]: 15건 (>14일/파싱실패)
2026-08-05 05:00:48,195 [INFO] __main__ — 뉴스 시점 제외 [레이저쎌]: 2건 (>14일/파싱실패)
2026-08-05 05:00:56,410 [INFO] __main__ — 뉴스 시점 제외 [우리기술투자]: 8건 (>14일/파싱실패)
2026-08-05 05:00:57,905 [INFO] __main__ — 뉴스 시점 제외 [비투엔]: 13건 (>14일/파싱실패)
2026-08-05 05:00:59,124 [INFO] __main__ — 뉴스 시점 제외 [삼성공조]: 14건 (>14일/파싱실패)
2026-08-05 05:01:01,877 [INFO] __main__ — 뉴스 시점 제외 [THE E&M]: 9건 (>14일/파싱실패)
2026-08-05 05:01:03,302 [INFO] __main__ — 뉴스 시점 제외 [서부T&D]: 10건 (>14일/파싱실패)
2026-08-05 05:01:04,474 [INFO] __main__ — 뉴스 시점 제외 [남화산업]: 9건 (>14일/파싱실패)
2026-08-05 05:01:04,566 [INFO] __main__ — 뉴스 시점 제외 [이수화학]: 7건 (>14일/파싱실패)
2026-08-05 05:01:05,838 [INFO] __main__ — 뉴스 시점 제외 [KB스타리츠]: 8건 (>14일/파싱실패)
2026-08-05 05:01:12,812 [INFO] __main__ — 뉴스 시점 제외 [에이치엠넥스]: 5건 (>14일/파싱실패)
2026-08-05 05:01:19,518 [INFO] __main__ — 뉴스 시점 제외 [알루코]: 5건 (>14일/파싱실패)
2026-08-05 05:01:22,071 [INFO] __main__ — 뉴스 시점 제외 [성문전자]: 4건 (>14일/파싱실패)
2026-08-05 05:01:33,677 [INFO] __main__ — 뉴스 시점 제외 [제이엠티]: 8건 (>14일/파싱실패)
2026-08-05 05:01:36,423 [INFO] __main__ — 뉴스 시점 제외 [엠에스오토텍]: 10건 (>14일/파싱실패)
2026-08-05 05:01:36,625 [INFO] __main__ — 뉴스 시점 제외 [대주산업]: 9건 (>14일/파싱실패)
2026-08-05 05:01:45,746 [INFO] __main__ — 뉴스 시점 제외 [하이드로리튬]: 12건 (>14일/파싱실패)
2026-08-05 05:01:52,260 [INFO] __main__ — 뉴스 시점 제외 [이구산업]: 9건 (>14일/파싱실패)
2026-08-05 05:01:56,730 [INFO] __main__ — 뉴스 시점 제외 [태양금속]: 10건 (>14일/파싱실패)
2026-08-05 05:01:57,774 [INFO] __main__ — 뉴스 시점 제외 [에이티넘인베스트]: 13건 (>14일/파싱실패)
2026-08-05 05:02:03,728 [INFO] __main__ — 뉴스 시점 제외 [나우IB]: 6건 (>14일/파싱실패)
2026-08-05 05:02:06,620 [INFO] __main__ — 뉴스 시점 제외 [YG PLUS]: 5건 (>14일/파싱실패)
2026-08-05 05:02:09,324 [INFO] __main__ — 뉴스 시점 제외 [HDC현대EP]: 9건 (>14일/파싱실패)
2026-08-05 05:02:11,774 [INFO] __main__ — 뉴스 시점 제외 [SV인베스트먼트]: 4건 (>14일/파싱실패)
2026-08-05 05:02:17,257 [INFO] __main__ — 뉴스 시점 제외 [빅텍]: 3건 (>14일/파싱실패)
2026-08-05 05:02:25,321 [INFO] __main__ — 뉴스 시점 제외 [대영포장]: 12건 (>14일/파싱실패)
2026-08-05 05:02:28,015 [INFO] __main__ — 뉴스 시점 제외 [일신석재]: 10건 (>14일/파싱실패)
2026-08-05 05:02:28,091 [INFO] __main__ — 뉴스 시점 제외 [송원산업]: 8건 (>14일/파싱실패)
2026-08-05 05:02:30,916 [INFO] __main__ — 뉴스 시점 제외 [키스트론]: 10건 (>14일/파싱실패)
2026-08-05 05:02:32,275 [INFO] __main__ — 뉴스 시점 제외 [심텍홀딩스]: 8건 (>14일/파싱실패)
2026-08-05 05:02:32,483 [INFO] __main__ — 뉴스 시점 제외 [디앤디플랫폼리츠]: 6건 (>14일/파싱실패)
2026-08-05 05:02:36,577 [INFO] __main__ — 부정 키워드 감지: 27개 종목 (neg_ratio > 0)
2026-08-05 05:02:36,581 [INFO] __main__ — 수급일수충족·합계음수 제외: 108개
2026-08-05 05:02:51,568 [INFO] __main__ — 뉴스 시점 제외 [미래에셋증권2우B]: 3건 (>14일/파싱실패)
2026-08-05 05:02:52,768 [INFO] __main__ — 뉴스 시점 제외 [삼성전기우]: 3건 (>14일/파싱실패)
2026-08-05 05:02:57,419 [INFO] __main__ — 뉴스 시점 제외 [LG전자우]: 10건 (>14일/파싱실패)
2026-08-05 05:02:58,192 [INFO] __main__ — 뉴스 시점 제외 [LG화학우]: 15건 (>14일/파싱실패)
2026-08-05 05:02:58,960 [INFO] __main__ — 뉴스 시점 제외 [쿠쿠홀딩스]: 9건 (>14일/파싱실패)
2026-08-05 05:03:05,456 [INFO] __main__ — 뉴스 시점 제외 [맵스리얼티]: 15건 (>14일/파싱실패)
2026-08-05 05:03:06,374 [INFO] __main__ — 뉴스 시점 제외 [F&F홀딩스]: 6건 (>14일/파싱실패)
2026-08-05 05:03:06,402 [INFO] __main__ — 뉴스 시점 제외 [CJ4우(전환)]: 15건 (>14일/파싱실패)
2026-08-05 05:03:06,919 [INFO] __main__ — 뉴스 시점 제외 [세아홀딩스]: 3건 (>14일/파싱실패)
2026-08-05 05:03:07,149 [INFO] __main__ — 뉴스 시점 제외 [삼성FN리츠]: 10건 (>14일/파싱실패)
2026-08-05 05:03:07,658 [INFO] __main__ — 뉴스 시점 제외 [한일홀딩스]: 13건 (>14일/파싱실패)
2026-08-05 05:03:10,797 [INFO] __main__ — 뉴스 시점 제외 [아모레퍼시픽우]: 11건 (>14일/파싱실패)
2026-08-05 05:03:11,337 [INFO] __main__ — 뉴스 시점 제외 [농심홀딩스]: 9건 (>14일/파싱실패)
2026-08-05 05:03:11,622 [INFO] __main__ — 뉴스 시점 제외 [신대양제지]: 15건 (>14일/파싱실패)
2026-08-05 05:03:13,028 [INFO] __main__ — 뉴스 시점 제외 [KISCO홀딩스]: 2건 (>14일/파싱실패)
2026-08-05 05:03:13,722 [INFO] __main__ — 뉴스 시점 제외 [일진하이솔루스]: 13건 (>14일/파싱실패)
2026-08-05 05:03:14,473 [INFO] __main__ — 뉴스 시점 제외 [KPX홀딩스]: 13건 (>14일/파싱실패)
2026-08-05 05:03:14,583 [INFO] __main__ — 뉴스 시점 제외 [명신산업]: 10건 (>14일/파싱실패)
2026-08-05 05:03:15,931 [INFO] __main__ — 뉴스 시점 제외 [율촌화학]: 5건 (>14일/파싱실패)
2026-08-05 05:03:20,604 [INFO] __main__ — 뉴스 시점 제외 [두산2우B]: 12건 (>14일/파싱실패)
2026-08-05 05:03:21,303 [INFO] __main__ — 뉴스 시점 제외 [삼성물산우B]: 15건 (>14일/파싱실패)
2026-08-05 05:03:22,754 [INFO] __main__ — 뉴스 시점 제외 [아세아제지]: 5건 (>14일/파싱실패)
2026-08-05 05:03:25,008 [INFO] __main__ — 뉴스 시점 제외 [삼영전자]: 11건 (>14일/파싱실패)
2026-08-05 05:03:26,576 [INFO] __main__ — 뉴스 시점 제외 [서울가스]: 6건 (>14일/파싱실패)
2026-08-05 05:03:29,470 [INFO] __main__ — 뉴스 시점 제외 [아이마켓코리아]: 8건 (>14일/파싱실패)
2026-08-05 05:03:29,537 [INFO] __main__ — 뉴스 시점 제외 [LG생활건강우]: 12건 (>14일/파싱실패)
2026-08-05 05:03:30,916 [INFO] __main__ — 뉴스 시점 제외 [천일고속]: 14건 (>14일/파싱실패)
2026-08-05 05:03:30,950 [INFO] __main__ — 뉴스 시점 제외 [대원강업]: 8건 (>14일/파싱실패)
2026-08-05 05:03:31,748 [INFO] __main__ — 뉴스 시점 제외 [노루홀딩스]: 8건 (>14일/파싱실패)
2026-08-05 05:03:33,159 [INFO] __main__ — 뉴스 시점 제외 [LG우]: 15건 (>14일/파싱실패)
2026-08-05 05:03:33,917 [INFO] __main__ — 뉴스 시점 제외 [SK우]: 15건 (>14일/파싱실패)
2026-08-05 05:03:36,965 [INFO] __main__ — 뉴스 시점 제외 [화승엔터프라이즈]: 14건 (>14일/파싱실패)
2026-08-05 05:03:37,593 [INFO] __main__ — 뉴스 시점 제외 [하이트진로홀딩스]: 13건 (>14일/파싱실패)
2026-08-05 05:03:39,445 [INFO] __main__ — 뉴스 시점 제외 [미래에셋증권우]: 2건 (>14일/파싱실패)
2026-08-05 05:03:40,388 [INFO] __main__ — 뉴스 시점 제외 [유수홀딩스]: 14건 (>14일/파싱실패)
2026-08-05 05:03:40,957 [INFO] __main__ — 뉴스 시점 제외 [해태제과식품]: 12건 (>14일/파싱실패)
2026-08-05 05:03:41,101 [INFO] __main__ — 뉴스 시점 제외 [CJ제일제당 우]: 15건 (>14일/파싱실패)
2026-08-05 05:03:41,674 [INFO] __main__ — 뉴스 시점 제외 [대창단조]: 10건 (>14일/파싱실패)
2026-08-05 05:03:41,686 [INFO] __main__ — 뉴스 시점 제외 [NH올원리츠]: 5건 (>14일/파싱실패)
2026-08-05 05:03:43,906 [INFO] __main__ — 뉴스 시점 제외 [아모레퍼시픽홀딩스3우C]: 14건 (>14일/파싱실패)
2026-08-05 05:03:44,763 [INFO] __main__ — 뉴스 시점 제외 [금호석유화학우]: 14건 (>14일/파싱실패)
2026-08-05 05:03:45,371 [INFO] __main__ — 뉴스 시점 제외 [화승인더]: 12건 (>14일/파싱실패)
2026-08-05 05:03:45,609 [INFO] __main__ — 뉴스 시점 제외 [태경산업]: 7건 (>14일/파싱실패)
2026-08-05 05:03:46,113 [INFO] __main__ — 뉴스 시점 제외 [한진중공업홀딩스]: 13건 (>14일/파싱실패)
2026-08-05 05:03:48,608 [INFO] __main__ — 뉴스 시점 제외 [디씨엠]: 13건 (>14일/파싱실패)
2026-08-05 05:03:49,067 [INFO] __main__ — 뉴스 시점 제외 [이지스레지던스리츠]: 11건 (>14일/파싱실패)
2026-08-05 05:03:49,365 [INFO] __main__ — 뉴스 시점 제외 [일진다이아]: 12건 (>14일/파싱실패)
2026-08-05 05:03:50,299 [INFO] __main__ — 뉴스 시점 제외 [KCTC]: 8건 (>14일/파싱실패)
2026-08-05 05:03:51,215 [INFO] __main__ — 뉴스 시점 제외 [현대코퍼레이션홀딩스]: 12건 (>14일/파싱실패)
2026-08-05 05:03:51,236 [INFO] __main__ — 뉴스 시점 제외 [한국무브넥스]: 14건 (>14일/파싱실패)
2026-08-05 05:03:51,948 [INFO] __main__ — 뉴스 시점 제외 [인천도시가스]: 11건 (>14일/파싱실패)
2026-08-05 05:03:52,144 [INFO] __main__ — 뉴스 시점 제외 [태경비케이]: 7건 (>14일/파싱실패)
2026-08-05 05:03:53,139 [INFO] __main__ — 뉴스 시점 제외 [대성홀딩스]: 10건 (>14일/파싱실패)
2026-08-05 05:03:53,424 [INFO] __main__ — 뉴스 시점 제외 [티에이치엔]: 12건 (>14일/파싱실패)
2026-08-05 05:03:54,533 [INFO] __main__ — 뉴스 시점 제외 [DL이앤씨2우(전환)]: 15건 (>14일/파싱실패)
2026-08-05 05:03:55,815 [INFO] __main__ — 뉴스 시점 제외 [황금에스티]: 8건 (>14일/파싱실패)
2026-08-05 05:03:56,305 [INFO] __main__ — 뉴스 시점 제외 [NI스틸]: 11건 (>14일/파싱실패)
2026-08-05 05:03:56,563 [INFO] __main__ — 뉴스 시점 제외 [세이브존I&C]: 13건 (>14일/파싱실패)
2026-08-05 05:03:57,050 [INFO] __main__ — 뉴스 시점 제외 [아주스틸]: 6건 (>14일/파싱실패)
2026-08-05 05:03:57,299 [INFO] __main__ — 뉴스 시점 제외 [영보화학]: 12건 (>14일/파싱실패)
2026-08-05 05:03:57,772 [INFO] __main__ — 뉴스 시점 제외 [까뮤이앤씨]: 7건 (>14일/파싱실패)
2026-08-05 05:03:58,611 [INFO] __main__ — 뉴스 시점 제외 [티와이홀딩스]: 7건 (>14일/파싱실패)
2026-08-05 05:03:58,616 [INFO] __main__ — 뉴스 시점 제외 [KTis]: 10건 (>14일/파싱실패)
2026-08-05 05:03:58,994 [INFO] __main__ — 뉴스 시점 제외 [한신기계]: 8건 (>14일/파싱실패)
2026-08-05 05:03:59,343 [INFO] __main__ — 뉴스 시점 제외 [DRB동일]: 7건 (>14일/파싱실패)
2026-08-05 05:03:59,918 [INFO] __main__ — 뉴스 시점 제외 [크라운해태홀딩스]: 8건 (>14일/파싱실패)
2026-08-05 05:04:00,083 [INFO] __main__ — 뉴스 시점 제외 [사조오양]: 11건 (>14일/파싱실패)
2026-08-05 05:04:00,160 [INFO] __main__ — 뉴스 시점 제외 [유한양행우]: 9건 (>14일/파싱실패)
2026-08-05 05:04:00,672 [INFO] __main__ — 뉴스 시점 제외 [한국수출포장]: 15건 (>14일/파싱실패)
2026-08-05 05:04:00,799 [INFO] __main__ — 뉴스 시점 제외 [주성코퍼레이션]: 7건 (>14일/파싱실패)
2026-08-05 05:04:00,891 [INFO] __main__ — 뉴스 시점 제외 [동인기연]: 15건 (>14일/파싱실패)
2026-08-05 05:04:01,595 [INFO] __main__ — 뉴스 시점 제외 [CS홀딩스]: 13건 (>14일/파싱실패)
2026-08-05 05:04:01,604 [INFO] __main__ — 뉴스 시점 제외 [지엠비코리아]: 9건 (>14일/파싱실패)
2026-08-05 05:04:01,605 [INFO] __main__ — 뉴스 시점 제외 [DSR제강]: 10건 (>14일/파싱실패)
2026-08-05 05:04:02,345 [INFO] __main__ — 뉴스 시점 제외 [SK이노베이션우]: 13건 (>14일/파싱실패)
2026-08-05 05:04:03,102 [INFO] __main__ — 뉴스 시점 제외 [성창기업지주]: 9건 (>14일/파싱실패)
2026-08-05 05:04:04,788 [INFO] __main__ — 뉴스 시점 제외 [동양고속]: 14건 (>14일/파싱실패)
2026-08-05 05:04:05,272 [INFO] __main__ — 뉴스 시점 제외 [삼정펄프]: 15건 (>14일/파싱실패)
2026-08-05 05:04:05,986 [INFO] __main__ — 뉴스 시점 제외 [동원모빌리티]: 4건 (>14일/파싱실패)
2026-08-05 05:04:06,938 [INFO] __main__ — 뉴스 시점 제외 [삼일씨엔에스]: 8건 (>14일/파싱실패)
2026-08-05 05:04:08,603 [INFO] __main__ — 뉴스 시점 제외 [호전실업]: 12건 (>14일/파싱실패)
2026-08-05 05:04:08,604 [INFO] __main__ — 뉴스 시점 제외 [남양유업우]: 13건 (>14일/파싱실패)
2026-08-05 05:04:08,827 [INFO] __main__ — 뉴스 시점 제외 [써니전자]: 14건 (>14일/파싱실패)
2026-08-05 05:04:10,307 [INFO] __main__ — 뉴스 시점 제외 [화천기계]: 9건 (>14일/파싱실패)
2026-08-05 05:04:10,829 [INFO] __main__ — 뉴스 시점 제외 [금호에이치티]: 6건 (>14일/파싱실패)
2026-08-05 05:04:10,849 [INFO] __main__ — 뉴스 시점 제외 [현대건설우]: 14건 (>14일/파싱실패)
2026-08-05 05:04:11,566 [INFO] __main__ — 뉴스 시점 제외 [유안타증권우]: 15건 (>14일/파싱실패)
2026-08-05 05:04:11,580 [INFO] __main__ — 뉴스 시점 제외 [롯데칠성우]: 14건 (>14일/파싱실패)
2026-08-05 05:04:11,989 [INFO] __main__ — 뉴스 시점 제외 [SJM]: 8건 (>14일/파싱실패)
2026-08-05 05:04:12,301 [INFO] __main__ — 뉴스 시점 제외 [BYC우]: 15건 (>14일/파싱실패)
2026-08-05 05:04:13,048 [INFO] __main__ — 뉴스 시점 제외 [기신정기]: 13건 (>14일/파싱실패)
2026-08-05 05:04:13,049 [INFO] __main__ — 뉴스 시점 제외 [인팩]: 11건 (>14일/파싱실패)
2026-08-05 05:04:14,521 [INFO] __main__ — 뉴스 시점 제외 [진양산업]: 8건 (>14일/파싱실패)
2026-08-05 05:04:14,532 [INFO] __main__ — 뉴스 시점 제외 [케이비아이동국실업]: 14건 (>14일/파싱실패)
2026-08-05 05:04:14,964 [INFO] __main__ — 뉴스 시점 제외 [대덕전자1우]: 15건 (>14일/파싱실패)
2026-08-05 05:04:16,029 [INFO] __main__ — 뉴스 시점 제외 [SB성보]: 12건 (>14일/파싱실패)
2026-08-05 05:04:16,769 [INFO] __main__ — 뉴스 시점 제외 [영화금속]: 6건 (>14일/파싱실패)
2026-08-05 05:04:17,357 [INFO] __main__ — 뉴스 시점 제외 [문배철강]: 9건 (>14일/파싱실패)
2026-08-05 05:04:18,091 [INFO] __main__ — 뉴스 시점 제외 [DL우]: 15건 (>14일/파싱실패)
2026-08-05 05:04:18,830 [INFO] __main__ — 뉴스 시점 제외 [우진플라임]: 7건 (>14일/파싱실패)
2026-08-05 05:04:19,028 [INFO] __main__ — 뉴스 시점 제외 [금비]: 12건 (>14일/파싱실패)
2026-08-05 05:04:19,742 [INFO] __main__ — 뉴스 시점 제외 [한창제지]: 12건 (>14일/파싱실패)
2026-08-05 05:04:19,779 [INFO] __main__ — 뉴스 시점 제외 [세방우]: 15건 (>14일/파싱실패)
2026-08-05 05:04:20,516 [INFO] __main__ — 뉴스 시점 제외 [에쓰씨엔지니어링]: 14건 (>14일/파싱실패)
2026-08-05 05:04:21,198 [INFO] __main__ — 뉴스 시점 제외 [SG글로벌]: 14건 (>14일/파싱실패)
2026-08-05 05:04:22,196 [INFO] __main__ — 뉴스 시점 제외 [MH에탄올]: 10건 (>14일/파싱실패)
2026-08-05 05:04:28,803 [INFO] __main__ — 뉴스 시점 제외 [큐리옥스바이오시스템즈]: 11건 (>14일/파싱실패)
2026-08-05 05:04:29,556 [INFO] __main__ — 뉴스 시점 제외 [다우데이타]: 10건 (>14일/파싱실패)
2026-08-05 05:04:43,026 [INFO] __main__ — 뉴스 시점 제외 [인화정공]: 7건 (>14일/파싱실패)
2026-08-05 05:04:49,686 [INFO] __main__ — 뉴스 시점 제외 [한국알콜]: 11건 (>14일/파싱실패)
2026-08-05 05:04:57,009 [INFO] __main__ — 뉴스 시점 제외 [유니셈]: 9건 (>14일/파싱실패)
2026-08-05 05:04:57,889 [INFO] __main__ — 뉴스 시점 제외 [리파인]: 7건 (>14일/파싱실패)
2026-08-05 05:04:57,925 [INFO] __main__ — 뉴스 시점 제외 [피에이치에이]: 11건 (>14일/파싱실패)
2026-08-05 05:04:58,863 [INFO] __main__ — 뉴스 시점 제외 [서호전기]: 15건 (>14일/파싱실패)
2026-08-05 05:04:59,802 [INFO] __main__ — 뉴스 시점 제외 [에스엔시스]: 4건 (>14일/파싱실패)
2026-08-05 05:05:01,298 [INFO] __main__ — 뉴스 시점 제외 [미래나노텍]: 3건 (>14일/파싱실패)
2026-08-05 05:05:02,089 [INFO] __main__ — 뉴스 시점 제외 [필에너지]: 3건 (>14일/파싱실패)
2026-08-05 05:05:02,821 [INFO] __main__ — 뉴스 시점 제외 [아스플로]: 7건 (>14일/파싱실패)
2026-08-05 05:05:03,684 [INFO] __main__ — 뉴스 시점 제외 [해성산업]: 12건 (>14일/파싱실패)
2026-08-05 05:05:04,115 [INFO] __main__ — 뉴스 시점 제외 [삼목에스폼]: 8건 (>14일/파싱실패)
2026-08-05 05:05:04,856 [INFO] __main__ — 뉴스 시점 제외 [엠로]: 4건 (>14일/파싱실패)
2026-08-05 05:05:06,311 [INFO] __main__ — 뉴스 시점 제외 [도우인시스]: 7건 (>14일/파싱실패)
2026-08-05 05:05:07,323 [INFO] __main__ — 뉴스 시점 제외 [상신이디피]: 6건 (>14일/파싱실패)
2026-08-05 05:05:08,785 [INFO] __main__ — 뉴스 시점 제외 [베뉴지]: 14건 (>14일/파싱실패)
2026-08-05 05:05:12,190 [INFO] __main__ — 뉴스 시점 제외 [레드캡투어]: 11건 (>14일/파싱실패)
2026-08-05 05:05:17,356 [INFO] __main__ — 뉴스 시점 제외 [유비쿼스홀딩스]: 12건 (>14일/파싱실패)
2026-08-05 05:05:19,513 [INFO] __main__ — 뉴스 시점 제외 [유성티엔에스]: 12건 (>14일/파싱실패)
2026-08-05 05:05:20,494 [INFO] __main__ — 뉴스 시점 제외 [슈프리마에이치큐]: 7건 (>14일/파싱실패)
2026-08-05 05:05:21,796 [INFO] __main__ — 뉴스 시점 제외 [인선이엔티]: 12건 (>14일/파싱실패)
2026-08-05 05:05:23,202 [INFO] __main__ — 뉴스 시점 제외 [아이패밀리에스씨]: 2건 (>14일/파싱실패)
2026-08-05 05:05:23,254 [INFO] __main__ — 뉴스 시점 제외 [삼보판지]: 15건 (>14일/파싱실패)
2026-08-05 05:05:24,735 [INFO] __main__ — 뉴스 시점 제외 [모다이노칩]: 10건 (>14일/파싱실패)
2026-08-05 05:05:26,219 [INFO] __main__ — 뉴스 시점 제외 [이엘씨]: 5건 (>14일/파싱실패)
2026-08-05 05:05:26,985 [INFO] __main__ — 뉴스 시점 제외 [지씨지놈]: 6건 (>14일/파싱실패)
2026-08-05 05:05:28,601 [INFO] __main__ — 뉴스 시점 제외 [신화프리텍]: 10건 (>14일/파싱실패)
2026-08-05 05:05:31,960 [INFO] __main__ — 뉴스 시점 제외 [동방메디컬]: 9건 (>14일/파싱실패)
2026-08-05 05:05:33,422 [INFO] __main__ — 뉴스 시점 제외 [유아이엘]: 13건 (>14일/파싱실패)
2026-08-05 05:05:34,879 [INFO] __main__ — 뉴스 시점 제외 [풍원정밀]: 10건 (>14일/파싱실패)
2026-08-05 05:05:37,823 [INFO] __main__ — 뉴스 시점 제외 [엠에스씨]: 13건 (>14일/파싱실패)
2026-08-05 05:05:38,022 [INFO] __main__ — 뉴스 시점 제외 [현대에버다임]: 5건 (>14일/파싱실패)
2026-08-05 05:05:40,448 [INFO] __main__ — 뉴스 시점 제외 [NICE인프라]: 8건 (>14일/파싱실패)
2026-08-05 05:05:40,756 [INFO] __main__ — 뉴스 시점 제외 [세경하이테크]: 9건 (>14일/파싱실패)
2026-08-05 05:05:41,936 [INFO] __main__ — 뉴스 시점 제외 [제이아이테크]: 10건 (>14일/파싱실패)
2026-08-05 05:05:42,961 [INFO] __main__ — 뉴스 시점 제외 [대정화금]: 9건 (>14일/파싱실패)
2026-08-05 05:05:43,979 [INFO] __main__ — 뉴스 시점 제외 [케이엔더블유]: 14건 (>14일/파싱실패)
2026-08-05 05:05:44,162 [INFO] __main__ — 뉴스 시점 제외 [디에스케이]: 9건 (>14일/파싱실패)
2026-08-05 05:05:45,156 [INFO] __main__ — 뉴스 시점 제외 [레이언스]: 9건 (>14일/파싱실패)
2026-08-05 05:05:45,890 [INFO] __main__ — 뉴스 시점 제외 [세운메디칼]: 11건 (>14일/파싱실패)
2026-08-05 05:05:48,091 [INFO] __main__ — 뉴스 시점 제외 [동아엘텍]: 12건 (>14일/파싱실패)
2026-08-05 05:05:48,966 [INFO] __main__ — 뉴스 시점 제외 [탑런토탈솔루션]: 8건 (>14일/파싱실패)
2026-08-05 05:05:49,704 [INFO] __main__ — 뉴스 시점 제외 [컴퍼니케이]: 2건 (>14일/파싱실패)
2026-08-05 05:05:50,446 [INFO] __main__ — 뉴스 시점 제외 [와이제이링크]: 9건 (>14일/파싱실패)
2026-08-05 05:05:51,134 [INFO] __main__ — 뉴스 시점 제외 [스톰테크]: 11건 (>14일/파싱실패)
2026-08-05 05:05:53,360 [INFO] __main__ — 뉴스 시점 제외 [아미노로직스]: 10건 (>14일/파싱실패)
2026-08-05 05:05:53,903 [INFO] __main__ — 뉴스 시점 제외 [정상제이엘에스]: 10건 (>14일/파싱실패)
2026-08-05 05:05:55,459 [INFO] __main__ — 뉴스 시점 제외 [서원인텍]: 11건 (>14일/파싱실패)
2026-08-05 05:05:55,677 [INFO] __main__ — 뉴스 시점 제외 [디와이피엔에프]: 11건 (>14일/파싱실패)
2026-08-05 05:05:56,172 [INFO] __main__ — 뉴스 시점 제외 [에이치피오]: 13건 (>14일/파싱실패)
2026-08-05 05:05:57,092 [INFO] __main__ — 뉴스 시점 제외 [일지테크]: 7건 (>14일/파싱실패)
2026-08-05 05:05:59,033 [INFO] __main__ — 뉴스 시점 제외 [동신건설]: 6건 (>14일/파싱실패)
2026-08-05 05:06:00,506 [INFO] __main__ — 뉴스 시점 제외 [동국S&C]: 9건 (>14일/파싱실패)
2026-08-05 05:06:00,678 [INFO] __main__ — 뉴스 시점 제외 [창해에탄올]: 10건 (>14일/파싱실패)
2026-08-05 05:06:01,425 [INFO] __main__ — 뉴스 시점 제외 [지니너스]: 9건 (>14일/파싱실패)
2026-08-05 05:06:01,441 [INFO] __main__ — 뉴스 시점 제외 [로보로보]: 10건 (>14일/파싱실패)
2026-08-05 05:06:02,366 [INFO] __main__ — 뉴스 시점 제외 [중앙백신]: 7건 (>14일/파싱실패)
2026-08-05 05:06:02,370 [INFO] __main__ — 뉴스 시점 제외 [테라뷰]: 13건 (>14일/파싱실패)
2026-08-05 05:06:02,444 [INFO] __main__ — 뉴스 시점 제외 [대림제지]: 10건 (>14일/파싱실패)
2026-08-05 05:06:06,437 [INFO] __main__ — 뉴스 시점 제외 [쎄니트]: 13건 (>14일/파싱실패)
2026-08-05 05:06:07,384 [INFO] __main__ — 뉴스 시점 제외 [에코플라스틱]: 5건 (>14일/파싱실패)
2026-08-05 05:06:08,102 [INFO] __main__ — 뉴스 시점 제외 [동국생명과학]: 13건 (>14일/파싱실패)
2026-08-05 05:06:08,135 [INFO] __main__ — 뉴스 시점 제외 [지에프아이]: 6건 (>14일/파싱실패)
2026-08-05 05:06:08,863 [INFO] __main__ — 뉴스 시점 제외 [삼아제약]: 9건 (>14일/파싱실패)
2026-08-05 05:06:09,592 [INFO] __main__ — 뉴스 시점 제외 [초록뱀미디어]: 7건 (>14일/파싱실패)
2026-08-05 05:06:09,614 [INFO] __main__ — 뉴스 시점 제외 [한국가구]: 2건 (>14일/파싱실패)
2026-08-05 05:06:09,620 [INFO] __main__ — 뉴스 시점 제외 [이상네트웍스]: 15건 (>14일/파싱실패)
2026-08-05 05:06:10,332 [INFO] __main__ — 뉴스 시점 제외 [새빗켐]: 8건 (>14일/파싱실패)
2026-08-05 05:06:10,369 [INFO] __main__ — 뉴스 시점 제외 [로스웰]: 9건 (>14일/파싱실패)
2026-08-05 05:06:12,074 [INFO] __main__ — 뉴스 시점 제외 [선바이오]: 11건 (>14일/파싱실패)
2026-08-05 05:06:13,469 [INFO] __main__ — 뉴스 시점 제외 [영화테크]: 7건 (>14일/파싱실패)
2026-08-05 05:06:13,559 [INFO] __main__ — 뉴스 시점 제외 [뉴프렉스]: 2건 (>14일/파싱실패)
2026-08-05 05:06:14,303 [INFO] __main__ — 뉴스 시점 제외 [엠엑스온]: 11건 (>14일/파싱실패)
2026-08-05 05:06:15,155 [INFO] __main__ — 뉴스 시점 제외 [현대공업]: 1건 (>14일/파싱실패)
2026-08-05 05:06:15,671 [INFO] __main__ — 뉴스 시점 제외 [엔브이에이치코리아]: 11건 (>14일/파싱실패)
2026-08-05 05:06:15,906 [INFO] __main__ — 뉴스 시점 제외 [아이디피]: 10건 (>14일/파싱실패)
2026-08-05 05:06:15,912 [INFO] __main__ — 뉴스 시점 제외 [시공테크]: 8건 (>14일/파싱실패)
2026-08-05 05:06:16,667 [INFO] __main__ — 뉴스 시점 제외 [삼현철강]: 9건 (>14일/파싱실패)
2026-08-05 05:06:17,405 [INFO] __main__ — 뉴스 시점 제외 [라이온켐텍]: 8건 (>14일/파싱실패)
2026-08-05 05:06:17,416 [INFO] __main__ — 뉴스 시점 제외 [양지사]: 14건 (>14일/파싱실패)
2026-08-05 05:06:19,376 [INFO] __main__ — 뉴스 시점 제외 [한일단조]: 9건 (>14일/파싱실패)
2026-08-05 05:06:19,830 [INFO] __main__ — 뉴스 시점 제외 [APS이노베이션]: 6건 (>14일/파싱실패)
2026-08-05 05:06:20,818 [INFO] __main__ — 뉴스 시점 제외 [이엠텍]: 7건 (>14일/파싱실패)
2026-08-05 05:06:21,558 [INFO] __main__ — 뉴스 시점 제외 [HC보광산업]: 12건 (>14일/파싱실패)
2026-08-05 05:06:22,763 [INFO] __main__ — 뉴스 시점 제외 [네오리진]: 3건 (>14일/파싱실패)
2026-08-05 05:06:23,043 [INFO] __main__ — 뉴스 시점 제외 [탑머티리얼]: 10건 (>14일/파싱실패)
2026-08-05 05:06:23,508 [INFO] __main__ — 뉴스 시점 제외 [쿼드메디슨]: 7건 (>14일/파싱실패)
2026-08-05 05:06:23,779 [INFO] __main__ — 뉴스 시점 제외 [비트컴퓨터]: 1건 (>14일/파싱실패)
2026-08-05 05:06:24,496 [INFO] __main__ — 뉴스 시점 제외 [팬젠]: 7건 (>14일/파싱실패)
2026-08-05 05:06:24,988 [INFO] __main__ — 뉴스 시점 제외 [블랙야크아이앤씨]: 10건 (>14일/파싱실패)
2026-08-05 05:06:25,519 [INFO] __main__ — 뉴스 시점 제외 [동일금속]: 11건 (>14일/파싱실패)
2026-08-05 05:06:25,736 [INFO] __main__ — 뉴스 시점 제외 [지구홀딩스]: 10건 (>14일/파싱실패)
2026-08-05 05:06:26,462 [INFO] __main__ — 뉴스 시점 제외 [잉크테크]: 6건 (>14일/파싱실패)
2026-08-05 05:06:26,705 [INFO] __main__ — 뉴스 시점 제외 [앤디포스]: 9건 (>14일/파싱실패)
2026-08-05 05:06:27,004 [INFO] __main__ — 뉴스 시점 제외 [피제이메탈]: 14건 (>14일/파싱실패)
2026-08-05 05:06:27,441 [INFO] __main__ — 뉴스 시점 제외 [유라테크]: 13건 (>14일/파싱실패)
2026-08-05 05:06:28,483 [INFO] __main__ — 뉴스 시점 제외 [엠엑스로보틱스]: 11건 (>14일/파싱실패)
2026-08-05 05:06:29,430 [INFO] __main__ — 뉴스 시점 제외 [페스카로]: 9건 (>14일/파싱실패)
2026-08-05 05:06:29,641 [INFO] __main__ — 뉴스 시점 제외 [티플랙스]: 5건 (>14일/파싱실패)
2026-08-05 05:06:30,218 [INFO] __main__ — 뉴스 시점 제외 [센코]: 6건 (>14일/파싱실패)
2026-08-05 05:06:30,709 [INFO] __main__ — 뉴스 시점 제외 [프로티아]: 12건 (>14일/파싱실패)
2026-08-05 05:06:31,701 [INFO] __main__ — 뉴스 시점 제외 [케이엘넷]: 10건 (>14일/파싱실패)
2026-08-05 05:06:33,923 [INFO] __main__ — 뉴스 시점 제외 [푸드웰]: 14건 (>14일/파싱실패)
2026-08-05 05:06:34,087 [INFO] __main__ — 뉴스 시점 제외 [제이엔케이글로벌]: 8건 (>14일/파싱실패)
2026-08-05 05:06:34,655 [INFO] __main__ — 뉴스 시점 제외 [스마트레이더시스템]: 10건 (>14일/파싱실패)
2026-08-05 05:06:35,130 [INFO] __main__ — 뉴스 시점 제외 [에이에스텍]: 11건 (>14일/파싱실패)
2026-08-05 05:06:35,846 [INFO] __main__ — 뉴스 시점 제외 [코츠테크놀로지]: 1건 (>14일/파싱실패)
2026-08-05 05:06:36,106 [INFO] __main__ — 뉴스 시점 제외 [트루엔]: 7건 (>14일/파싱실패)
2026-08-05 05:06:38,049 [INFO] __main__ — 뉴스 시점 제외 [코스리거글로벌]: 10건 (>14일/파싱실패)
2026-08-05 05:06:38,350 [INFO] __main__ — 뉴스 시점 제외 [셀바이오휴먼텍]: 13건 (>14일/파싱실패)
2026-08-05 05:06:38,495 [INFO] __main__ — 뉴스 시점 제외 [SCL사이언스]: 9건 (>14일/파싱실패)
2026-08-05 05:06:39,218 [INFO] __main__ — 뉴스 시점 제외 [오리콤]: 11건 (>14일/파싱실패)
2026-08-05 05:06:39,543 [INFO] __main__ — 뉴스 시점 제외 [케이피항공산업]: 6건 (>14일/파싱실패)
2026-08-05 05:06:39,957 [INFO] __main__ — 뉴스 시점 제외 [토탈소프트]: 14건 (>14일/파싱실패)
2026-08-05 05:06:40,281 [INFO] __main__ — 뉴스 시점 제외 [에스엠씨지]: 11건 (>14일/파싱실패)
2026-08-05 05:06:42,124 [INFO] __main__ — 뉴스 시점 제외 [화성밸브]: 10건 (>14일/파싱실패)
2026-08-05 05:06:42,479 [INFO] __main__ — 뉴스 시점 제외 [동우팜투테이블]: 4건 (>14일/파싱실패)
2026-08-05 05:06:42,865 [INFO] __main__ — 뉴스 시점 제외 [덕우전자]: 8건 (>14일/파싱실패)
2026-08-05 05:06:43,954 [INFO] __main__ — 뉴스 시점 제외 [디와이디]: 8건 (>14일/파싱실패)
2026-08-05 05:06:44,337 [INFO] __main__ — 뉴스 시점 제외 [제이씨현시스템]: 10건 (>14일/파싱실패)
2026-08-05 05:06:44,380 [INFO] __main__ — 뉴스 시점 제외 [SG&G]: 12건 (>14일/파싱실패)
2026-08-05 05:06:44,714 [INFO] __main__ — 뉴스 시점 제외 [제이투케이바이오]: 11건 (>14일/파싱실패)
2026-08-05 05:06:45,098 [INFO] __main__ — 뉴스 시점 제외 [삼양케이씨아이]: 13건 (>14일/파싱실패)
2026-08-05 05:06:46,515 [INFO] __main__ — 뉴스 시점 제외 [에르코스]: 13건 (>14일/파싱실패)
2026-08-05 05:06:46,578 [INFO] __main__ — 뉴스 시점 제외 [서울평가정보]: 3건 (>14일/파싱실패)
2026-08-05 05:06:46,932 [INFO] __main__ — 뉴스 시점 제외 [엠투엔]: 11건 (>14일/파싱실패)
2026-08-05 05:06:47,654 [INFO] __main__ — 뉴스 시점 제외 [테고사이언스]: 10건 (>14일/파싱실패)
2026-08-05 05:06:48,395 [INFO] __main__ — 뉴스 시점 제외 [푸른로보틱스]: 1건 (>14일/파싱실패)
2026-08-05 05:06:48,809 [INFO] __main__ — 뉴스 시점 제외 [지에스이]: 11건 (>14일/파싱실패)
2026-08-05 05:06:49,126 [INFO] __main__ — 뉴스 시점 제외 [에이테크솔루션]: 10건 (>14일/파싱실패)
2026-08-05 05:06:49,466 [INFO] __main__ — 뉴스 시점 제외 [구영테크]: 14건 (>14일/파싱실패)
2026-08-05 05:06:49,553 [INFO] __main__ — 뉴스 시점 제외 [아셈스]: 13건 (>14일/파싱실패)
2026-08-05 05:06:50,179 [INFO] __main__ — 뉴스 시점 제외 [세코닉스]: 5건 (>14일/파싱실패)
2026-08-05 05:06:50,924 [INFO] __main__ — 뉴스 시점 제외 [SM Life Design]: 13건 (>14일/파싱실패)
2026-08-05 05:06:51,318 [INFO] __main__ — 뉴스 시점 제외 [경창산업]: 10건 (>14일/파싱실패)
2026-08-05 05:06:51,662 [INFO] __main__ — 뉴스 시점 제외 [홈캐스트]: 10건 (>14일/파싱실패)
2026-08-05 05:06:51,960 [INFO] __main__ — 뉴스 시점 제외 [씨티케이]: 12건 (>14일/파싱실패)
2026-08-05 05:06:52,702 [INFO] __main__ — 뉴스 시점 제외 [모티브링크]: 11건 (>14일/파싱실패)
2026-08-05 05:06:53,434 [INFO] __main__ — 뉴스 시점 제외 [캐프]: 13건 (>14일/파싱실패)
2026-08-05 05:06:54,457 [INFO] __main__ — 뉴스 시점 제외 [프로이천]: 10건 (>14일/파싱실패)
2026-08-05 05:06:54,784 [INFO] __main__ — 뉴스 시점 제외 [삼진식품]: 14건 (>14일/파싱실패)
2026-08-05 05:06:55,095 [INFO] __main__ — 뉴스 시점 제외 [YW]: 15건 (>14일/파싱실패)
2026-08-05 05:06:55,203 [INFO] __main__ — 뉴스 시점 제외 [오상자이엘]: 5건 (>14일/파싱실패)
2026-08-05 05:06:55,519 [INFO] __main__ — 뉴스 시점 제외 [제일테크노스]: 11건 (>14일/파싱실패)
2026-08-05 05:06:57,543 [INFO] __main__ — 뉴스 시점 제외 [윈팩]: 7건 (>14일/파싱실패)
2026-08-05 05:06:57,762 [INFO] __main__ — 뉴스 시점 제외 [네오이뮨텍]: 10건 (>14일/파싱실패)
2026-08-05 05:06:58,281 [INFO] __main__ — 뉴스 시점 제외 [HC홈센타]: 12건 (>14일/파싱실패)
2026-08-05 05:06:58,680 [INFO] __main__ — 뉴스 시점 제외 [HB인베스트먼트]: 9건 (>14일/파싱실패)
2026-08-05 05:06:59,022 [INFO] __main__ — 뉴스 시점 제외 [제이피아이헬스케어]: 7건 (>14일/파싱실패)
2026-08-05 05:07:00,154 [INFO] __main__ — 뉴스 시점 제외 [나노실리칸첨단소재]: 9건 (>14일/파싱실패)
2026-08-05 05:07:01,838 [INFO] __main__ — 뉴스 시점 제외 [오리엔트정공]: 7건 (>14일/파싱실패)
2026-08-05 05:07:03,496 [INFO] __main__ — 뉴스 시점 제외 [오비고]: 12건 (>14일/파싱실패)
2026-08-05 05:07:04,982 [INFO] __main__ — 뉴스 시점 제외 [디케이앤디]: 14건 (>14일/파싱실패)
2026-08-05 05:07:05,907 [INFO] __main__ — 뉴스 시점 제외 [코아시아씨엠]: 10건 (>14일/파싱실패)
2026-08-05 05:07:05,926 [INFO] __main__ — 뉴스 시점 제외 [진바이오텍]: 12건 (>14일/파싱실패)
2026-08-05 05:07:06,655 [INFO] __main__ — 뉴스 시점 제외 [한국팩키지]: 9건 (>14일/파싱실패)
2026-08-05 05:07:08,572 [INFO] __main__ — 뉴스 시점 제외 [서진오토모티브]: 11건 (>14일/파싱실패)
2026-08-05 05:07:09,068 [INFO] __main__ — 뉴스 시점 제외 [린드먼아시아]: 15건 (>14일/파싱실패)
2026-08-05 05:07:09,083 [INFO] __main__ — 뉴스 시점 제외 [대창스틸]: 8건 (>14일/파싱실패)
2026-08-05 05:07:09,804 [INFO] __main__ — 뉴스 시점 제외 [링크제니시스]: 6건 (>14일/파싱실패)
2026-08-05 05:07:10,048 [INFO] __main__ — 뉴스 시점 제외 [쓰리에이로직스]: 10건 (>14일/파싱실패)
2026-08-05 05:07:10,547 [INFO] __main__ — 뉴스 시점 제외 [대보마그네틱]: 6건 (>14일/파싱실패)
2026-08-05 05:07:11,297 [INFO] __main__ — 뉴스 시점 제외 [디에이피]: 10건 (>14일/파싱실패)
2026-08-05 05:07:11,506 [INFO] __main__ — 뉴스 시점 제외 [포스뱅크]: 13건 (>14일/파싱실패)
2026-08-05 05:07:12,028 [INFO] __main__ — 뉴스 시점 제외 [원바이오젠]: 11건 (>14일/파싱실패)
2026-08-05 05:07:12,785 [INFO] __main__ — 뉴스 시점 제외 [폴라리스세원]: 10건 (>14일/파싱실패)
2026-08-05 05:07:12,786 [INFO] __main__ — 뉴스 시점 제외 [효성오앤비]: 14건 (>14일/파싱실패)
2026-08-05 05:07:13,692 [INFO] __main__ — 뉴스 시점 제외 [크리스탈신소재]: 9건 (>14일/파싱실패)
2026-08-05 05:07:14,451 [INFO] __main__ — 뉴스 시점 제외 [케어랩스]: 7건 (>14일/파싱실패)
2026-08-05 05:07:14,455 [INFO] __main__ — 뉴스 시점 제외 [이엠넷]: 12건 (>14일/파싱실패)
2026-08-05 05:07:14,464 [INFO] __main__ — 뉴스 시점 제외 [보라티알]: 13건 (>14일/파싱실패)
2026-08-05 05:07:15,180 [INFO] __main__ — 뉴스 시점 제외 [바이오톡스텍]: 9건 (>14일/파싱실패)
2026-08-05 05:07:15,943 [INFO] __main__ — 뉴스 시점 제외 [백금T&A]: 6건 (>14일/파싱실패)
2026-08-05 05:07:16,144 [INFO] __main__ — 뉴스 시점 제외 [씨앤투스]: 11건 (>14일/파싱실패)
2026-08-05 05:07:17,434 [INFO] __main__ — 뉴스 시점 제외 [마이크로디지탈]: 8건 (>14일/파싱실패)
2026-08-05 05:07:18,318 [INFO] __main__ — 뉴스 시점 제외 [씨큐브]: 10건 (>14일/파싱실패)
2026-08-05 05:07:18,856 [INFO] __main__ — 뉴스 시점 제외 [한네트]: 14건 (>14일/파싱실패)
2026-08-05 05:07:19,102 [INFO] __main__ — 뉴스 시점 제외 [모헨즈]: 13건 (>14일/파싱실패)
2026-08-05 05:07:19,110 [INFO] __main__ — 뉴스 시점 제외 [화인써키트]: 10건 (>14일/파싱실패)
2026-08-05 05:07:19,594 [INFO] __main__ — 뉴스 시점 제외 [스튜디오미르]: 6건 (>14일/파싱실패)
2026-08-05 05:07:20,324 [INFO] __main__ — 뉴스 시점 제외 [인지디스플레]: 10건 (>14일/파싱실패)
2026-08-05 05:07:20,594 [INFO] __main__ — 뉴스 시점 제외 [피엔에이치테크]: 14건 (>14일/파싱실패)
2026-08-05 05:07:21,320 [INFO] __main__ — 뉴스 시점 제외 [유니온바이오메트릭스]: 9건 (>14일/파싱실패)
2026-08-05 05:07:21,349 [INFO] __main__ — 뉴스 시점 제외 [한국큐빅]: 12건 (>14일/파싱실패)
2026-08-05 05:07:21,776 [INFO] __main__ — 뉴스 시점 제외 [에이치와이티씨]: 1건 (>14일/파싱실패)
2026-08-05 05:07:22,514 [INFO] __main__ — 뉴스 시점 제외 [에이아이코리아]: 9건 (>14일/파싱실패)
2026-08-05 05:07:23,569 [INFO] __main__ — 뉴스 시점 제외 [티케이지애강]: 6건 (>14일/파싱실패)
2026-08-05 05:07:23,574 [INFO] __main__ — 뉴스 시점 제외 [멤레이비티]: 15건 (>14일/파싱실패)
2026-08-05 05:07:24,325 [INFO] __main__ — 뉴스 시점 제외 [에코캡]: 12건 (>14일/파싱실패)
2026-08-05 05:07:25,435 [INFO] __main__ — 뉴스 시점 제외 [미트박스]: 10건 (>14일/파싱실패)
2026-08-05 05:07:26,166 [INFO] __main__ — 뉴스 시점 제외 [비비씨]: 9건 (>14일/파싱실패)
2026-08-05 05:07:26,904 [INFO] __main__ — 뉴스 시점 제외 [큐캐피탈]: 7건 (>14일/파싱실패)
2026-08-05 05:07:28,556 [INFO] __main__ — 뉴스 시점 제외 [메가엠디]: 15건 (>14일/파싱실패)
2026-08-05 05:07:28,748 [INFO] __main__ — 뉴스 시점 제외 [와토스코리아]: 11건 (>14일/파싱실패)
2026-08-05 05:07:28,773 [INFO] __main__ — 뉴스 시점 제외 [아이퀘스트]: 10건 (>14일/파싱실패)
2026-08-05 05:07:29,302 [INFO] __main__ — 뉴스 시점 제외 [캡스톤파트너스]: 11건 (>14일/파싱실패)
2026-08-05 05:07:29,511 [INFO] __main__ — 뉴스 시점 제외 [인스피언]: 8건 (>14일/파싱실패)
2026-08-05 05:07:30,027 [INFO] __main__ — 뉴스 시점 제외 [이삭엔지니어링]: 10건 (>14일/파싱실패)
2026-08-05 05:07:30,249 [INFO] __main__ — 뉴스 시점 제외 [팸텍]: 1건 (>14일/파싱실패)
2026-08-05 05:07:30,350 [INFO] __main__ — POOL_A 후보 부정뉴스 2차 조회: 1141개
2026-08-05 05:07:30,357 [INFO] __main__ — POOL_A: 1506개 (A:1354 B:44 동시:108) | 부정게이트 제외:19
  대형:74 중형:246 소형:1186
2026-08-05 05:07:30,367 [INFO] __main__ —   → POOL_A: 1506개
2026-08-05 05:07:30,367 [INFO] __main__ — ▶ Step 2: 하드 필터링
2026-08-05 05:07:30,369 [INFO] __main__ — 하드 필터 제거: 1498개 | 과열배제 522 | 이격도상한 16 | 이격도하한 37 | MA추세 860 | RSI과열 2 | 거래대금 61
2026-08-05 05:07:30,373 [INFO] __main__ — 과열 gated 기록: 522개 → gated_tickers
2026-08-05 05:07:30,373 [INFO] __main__ — POOL_B: 8개 | 대형:0 중형:3 소형:5
2026-08-05 05:07:30,373 [INFO] __main__ —   → POOL_B: 8개
2026-08-05 05:07:30,373 [INFO] __main__ — ▶ Step 3: 스코어링 (FinBERT 감성 분석)
2026-08-05 05:07:30,373 [INFO] __main__ — NaverClient: 3개 키 로드 (DataLab·검색 독립 회전)
2026-08-05 05:07:30,373 [INFO] __main__ — 텍스트 신규 수집: 8종목 (캐시 적중 0종목)
2026-08-05 05:07:31,034 [INFO] __main__ — 뉴스 시점 제외 [삼화전자]: 16건 (>14일/파싱실패)
2026-08-05 05:07:41,366 [INFO] __main__ — 뉴스 시점 제외 [화신정공]: 25건 (>14일/파싱실패)
2026-08-05 05:07:41,483 [INFO] __main__ — 뉴스 시점 제외 [데이타솔루션]: 14건 (>14일/파싱실패)
2026-08-05 05:07:45,849 [INFO] __main__ — 기사 보존: 57건 (8종목) → news_articles
2026-08-05 05:07:45,849 [INFO] __main__ — 수집 완료: 뉴스 57건 | 공시 14건
2026-08-05 05:07:45,849 [INFO] __main__ — FinBERT 감성 분석 (finbert 모드)...
2026-08-05 05:07:45,849 [INFO] __main__ — FinBERT 로딩: snunlp/KR-FinBert-SC (CPU, batch=8)
2026-08-05 05:07:45,987 [INFO] httpx — HTTP Request: GET https://huggingface.co/api/agent-harnesses "HTTP/1.1 200 OK"
2026-08-05 05:07:46,010 [INFO] httpx — HTTP Request: HEAD https://huggingface.co/snunlp/KR-FinBert-SC/resolve/main/config.json "HTTP/1.1 307 Temporary Redirect"
2026-08-05 05:07:46,011 [WARNING] huggingface_hub.utils._http — Warning: You are sending unauthenticated requests to the HF Hub. Please set a HF_TOKEN to enable higher rate limits and faster downloads.
2026-08-05 05:07:46,022 [INFO] httpx — HTTP Request: HEAD https://huggingface.co/api/resolve-cache/models/snunlp/KR-FinBert-SC/f8586286cc3161fb648e9fee09a456069fd846d0/config.json "HTTP/1.1 200 OK"
2026-08-05 05:07:46,175 [INFO] httpx — HTTP Request: HEAD https://huggingface.co/snunlp/KR-FinBert-SC/resolve/main/model.safetensors "HTTP/1.1 404 Not Found"
2026-08-05 05:07:46,201 [INFO] httpx — HTTP Request: GET https://huggingface.co/api/models/snunlp/KR-FinBert-SC "HTTP/1.1 200 OK"
2026-08-05 05:07:46,264 [INFO] httpx — HTTP Request: GET https://huggingface.co/api/models/snunlp/KR-FinBert-SC/commits/main "HTTP/1.1 200 OK"
2026-08-05 05:07:46,296 [INFO] httpx — HTTP Request: GET https://huggingface.co/api/models/snunlp/KR-FinBert-SC/discussions?p=0 "HTTP/1.1 200 OK"
2026-08-05 05:07:46,342 [INFO] httpx — HTTP Request: GET https://huggingface.co/api/models/snunlp/KR-FinBert-SC/commits/refs%2Fpr%2F3 "HTTP/1.1 200 OK"
2026-08-05 05:07:46,358 [INFO] httpx — HTTP Request: GET https://huggingface.co/api/models/snunlp/KR-FinBert-SC/tree/main/additional_chat_templates?recursive=false&expand=false "HTTP/1.1 404 Not Found"
2026-08-05 05:07:46,364 [INFO] httpx — HTTP Request: HEAD https://huggingface.co/snunlp/KR-FinBert-SC/resolve/refs%2Fpr%2F3/model.safetensors.index.json "HTTP/1.1 404 Not Found"
2026-08-05 05:07:46,383 [INFO] httpx — HTTP Request: GET https://huggingface.co/api/models/snunlp/KR-FinBert-SC/tree/main?recursive=true&expand=false "HTTP/1.1 200 OK"
2026-08-05 05:07:46,391 [INFO] httpx — HTTP Request: HEAD https://huggingface.co/snunlp/KR-FinBert-SC/resolve/refs%2Fpr%2F3/model.safetensors "HTTP/1.1 302 Found"
2026-08-05 05:07:46,427 [INFO] httpx — HTTP Request: HEAD https://huggingface.co/snunlp/KR-FinBert-SC/resolve/main/processor_config.json "HTTP/1.1 404 Not Found"
2026-08-05 05:07:46,450 [INFO] httpx — HTTP Request: HEAD https://huggingface.co/snunlp/KR-FinBert-SC/resolve/main/video_preprocessor_config.json "HTTP/1.1 404 Not Found"
2026-08-05 05:07:46,474 [INFO] httpx — HTTP Request: HEAD https://huggingface.co/snunlp/KR-FinBert-SC/resolve/main/preprocessor_config.json "HTTP/1.1 404 Not Found"
2026-08-05 05:07:46,475 [INFO] __main__ — FinBERT 로드 완료 (CPU)
2026-08-05 05:07:48,857 [INFO] __main__ — Phase A.1: 매핑 신뢰도 < 0.5 → 감성 점수 폐기 6건
2026-08-05 05:07:48,857 [INFO] __main__ — 스코어링: 8개 | 집중:0 | FinBERT:finbert
2026-08-05 05:07:48,873 [INFO] __main__ —   → 8개
2026-08-05 05:07:48,873 [INFO] __main__ — ▶ Step 4: 발송
2026-08-05 05:07:48,873 [INFO] __main__ — ▶ [DRY RUN] 콘솔 출력
2026-08-05 05:07:48,873 [INFO] __main__ — 발송: 집중 0 / 주시 0
2026-08-05 05:07:48,873 [INFO] __main__ — 완료  |  소요: 2143.9초
