2026-06-04 00:18:21,130 [INFO] __main__ — config 검증 완료 ✓
2026-06-04 00:18:21,130 [INFO] __main__ — ============================================================
2026-06-04 00:18:21,130 [INFO] __main__ — AlphaRadar v3.3.1  |  기준일: 20260604
2026-06-04 00:18:21,130 [INFO] __main__ — S = T×0.3 + S_text×0.4 + D×0.3
2026-06-04 00:18:21,130 [INFO] __main__ — ============================================================
2026-06-04 00:18:21,130 [INFO] __main__ — ▶ Step 0: 유니버스 필터링
2026-06-04 00:18:21,317 [INFO] __main__ — FDR 데이터 수집: 20251129 ~ 20260604
2026-06-04 00:18:22,545 [INFO] __main__ — KOSPI: 948개 | 섹터정보 838개 (DART +838개 보완)
2026-06-04 00:18:22,546 [INFO] __main__ — KOSDAQ: 1822개 | 섹터정보 1822개
2026-06-04 00:18:22,546 [INFO] __main__ — 전체: 2770개
2026-06-04 00:18:25,464 [INFO] __main__ — KIS 토큰 발급 완료
2026-06-04 00:37:49,751 [INFO] __main__ — DART corp_code 매핑: 2230/2284개 (97%)
2026-06-04 00:37:49,751 [INFO] __main__ — 유효 유니버스: 2284개
2026-06-04 00:37:49,761 [INFO] __main__ —   → 2284개
2026-06-04 00:37:49,762 [INFO] __main__ — ▶ Step 1: 신호 탐지
2026-06-04 00:37:49,762 [INFO] __main__ — NaverClient: 3개 키 로드 (DataLab·검색 독립 회전)
2026-06-04 00:37:49,762 [INFO] __main__ — 관심 지수 및 부정 뉴스 비율 조회 중...
2026-06-04 00:42:00,566 [INFO] __main__ — 부정 키워드 감지: 23개 종목 (neg_ratio > 0)
2026-06-04 00:42:00,572 [INFO] __main__ — POOL_A: 1030개 (A:967 B:13 동시:50)
  대형:71 중형:187 소형:772
2026-06-04 00:42:00,577 [INFO] __main__ —   → POOL_A: 1030개
2026-06-04 00:42:00,577 [INFO] __main__ — ▶ Step 2: 하드 필터링
2026-06-04 00:42:00,578 [INFO] __main__ — 하드 필터 제거: 957개 | 이격도상한 38 | 이격도하한 687 | MA추세 126 | RSI과열 7 | 거래대금 99
2026-06-04 00:42:00,579 [INFO] __main__ — POOL_B: 73개 | 대형:14 중형:19 소형:40
2026-06-04 00:42:00,579 [INFO] __main__ —   → POOL_B: 73개
2026-06-04 00:42:00,579 [INFO] __main__ — ▶ Step 3: 스코어링 (FinBERT 감성 분석)
2026-06-04 00:42:00,579 [INFO] __main__ — NaverClient: 3개 키 로드 (DataLab·검색 독립 회전)
2026-06-04 00:42:00,579 [INFO] __main__ — 텍스트 신규 수집: 73종목 (캐시 적중 0종목)
2026-06-04 00:43:55,528 [INFO] __main__ — 수집 완료: 뉴스 636건 | 공시 642건
2026-06-04 00:43:55,528 [INFO] __main__ — FinBERT 감성 분석 (finbert 모드)...
2026-06-04 00:43:55,528 [INFO] __main__ — FinBERT 로딩: snunlp/KR-FinBert-SC (CPU, batch=8)
2026-06-04 00:43:55,648 [INFO] httpx — HTTP Request: HEAD https://huggingface.co/snunlp/KR-FinBert-SC/resolve/main/config.json "HTTP/1.1 307 Temporary Redirect"
2026-06-04 00:43:55,649 [WARNING] huggingface_hub.utils._http — Warning: You are sending unauthenticated requests to the HF Hub. Please set a HF_TOKEN to enable higher rate limits and faster downloads.
2026-06-04 00:43:55,657 [INFO] httpx — HTTP Request: HEAD https://huggingface.co/api/resolve-cache/models/snunlp/KR-FinBert-SC/f8586286cc3161fb648e9fee09a456069fd846d0/config.json "HTTP/1.1 200 OK"
2026-06-04 00:43:55,703 [INFO] httpx — HTTP Request: HEAD https://huggingface.co/snunlp/KR-FinBert-SC/resolve/main/model.safetensors "HTTP/1.1 404 Not Found"
2026-06-04 00:43:55,719 [INFO] httpx — HTTP Request: GET https://huggingface.co/api/models/snunlp/KR-FinBert-SC "HTTP/1.1 200 OK"
2026-06-04 00:43:55,752 [INFO] httpx — HTTP Request: GET https://huggingface.co/api/models/snunlp/KR-FinBert-SC/commits/main "HTTP/1.1 200 OK"
2026-06-04 00:43:55,782 [INFO] httpx — HTTP Request: GET https://huggingface.co/api/models/snunlp/KR-FinBert-SC/discussions?p=0 "HTTP/1.1 200 OK"
2026-06-04 00:43:55,836 [INFO] httpx — HTTP Request: GET https://huggingface.co/api/models/snunlp/KR-FinBert-SC/commits/refs%2Fpr%2F3 "HTTP/1.1 200 OK"
2026-06-04 00:43:55,851 [INFO] httpx — HTTP Request: GET https://huggingface.co/api/models/snunlp/KR-FinBert-SC/tree/main/additional_chat_templates?recursive=false&expand=false "HTTP/1.1 404 Not Found"
2026-06-04 00:43:55,854 [INFO] httpx — HTTP Request: HEAD https://huggingface.co/snunlp/KR-FinBert-SC/resolve/refs%2Fpr%2F3/model.safetensors.index.json "HTTP/1.1 404 Not Found"
2026-06-04 00:43:55,869 [INFO] httpx — HTTP Request: GET https://huggingface.co/api/models/snunlp/KR-FinBert-SC/tree/main?recursive=true&expand=false "HTTP/1.1 200 OK"
2026-06-04 00:43:55,889 [INFO] __main__ — FinBERT 로드 완료 (CPU)
2026-06-04 00:43:55,895 [INFO] httpx — HTTP Request: HEAD https://huggingface.co/snunlp/KR-FinBert-SC/resolve/refs%2Fpr%2F3/model.safetensors "HTTP/1.1 302 Found"
2026-06-04 00:44:40,033 [INFO] __main__ — Phase A.1: 매핑 신뢰도 < 0.5 → 감성 점수 폐기 54건
2026-06-04 00:44:40,033 [INFO] __main__ — 스코어링: 73개 | 집중:0 | FinBERT:finbert
2026-06-04 00:44:40,051 [INFO] __main__ —   → 73개
2026-06-04 00:44:40,051 [INFO] __main__ — ▶ Step 4: 발송
2026-06-04 00:44:44,007 [INFO] __main__ — DB 기록: 21개 / 전체 to_send 21개
2026-06-04 00:44:44,007 [INFO] __main__ — 발송: 집중 0 / 주시 1
2026-06-04 00:44:44,007 [INFO] __main__ — 완료  |  소요: 1582.9초
2026-06-04 12:32:05,765 [INFO] __main__ — config 검증 완료 ✓
2026-06-04 12:32:05,766 [INFO] __main__ — ============================================================
2026-06-04 12:32:05,766 [INFO] __main__ — AlphaRadar v3.3.1  |  기준일: 20260604
2026-06-04 12:32:05,766 [INFO] __main__ — S = T×0.3 + S_text×0.4 + D×0.3
2026-06-04 12:32:05,766 [INFO] __main__ — ============================================================
2026-06-04 12:32:05,766 [INFO] __main__ — ▶ Step 0: 유니버스 필터링
2026-06-04 12:32:05,945 [INFO] __main__ — FDR 데이터 수집: 20251129 ~ 20260604
2026-06-04 12:32:07,398 [INFO] __main__ — KOSPI: 948개 | 섹터정보 838개 (DART +838개 보완)
2026-06-04 12:32:07,398 [INFO] __main__ — KOSDAQ: 1822개 | 섹터정보 1822개
2026-06-04 12:32:07,399 [INFO] __main__ — 전체: 2770개
2026-06-04 12:32:10,045 [INFO] __main__ — KIS 토큰 발급 완료
2026-06-04 12:48:20,616 [INFO] __main__ — DART corp_code 매핑: 2234/2287개 (97%)
2026-06-04 12:48:20,616 [INFO] __main__ — 유효 유니버스: 2287개
2026-06-04 12:48:20,627 [INFO] __main__ —   → 2287개
2026-06-04 12:48:20,627 [INFO] __main__ — ▶ Step 1: 신호 탐지
2026-06-04 12:48:20,628 [INFO] __main__ — NaverClient: 3개 키 로드 (DataLab·검색 독립 회전)
2026-06-04 12:48:20,628 [INFO] __main__ — 관심 지수 및 부정 뉴스 비율 조회 중...
2026-06-04 12:52:28,602 [INFO] __main__ — 부정 키워드 감지: 25개 종목 (neg_ratio > 0)
2026-06-04 12:52:28,609 [INFO] __main__ — POOL_A: 1050개 (A:984 B:14 동시:52)
  대형:86 중형:206 소형:758
2026-06-04 12:52:28,615 [INFO] __main__ —   → POOL_A: 1050개
2026-06-04 12:52:28,615 [INFO] __main__ — ▶ Step 2: 하드 필터링
2026-06-04 12:52:28,616 [INFO] __main__ — 하드 필터 제거: 966개 | 이격도상한 44 | 이격도하한 669 | MA추세 148 | RSI과열 5 | 거래대금 100
2026-06-04 12:52:28,617 [INFO] __main__ — POOL_B: 84개 | 대형:16 중형:19 소형:49
2026-06-04 12:52:28,617 [INFO] __main__ —   → POOL_B: 84개
2026-06-04 12:52:28,617 [INFO] __main__ — ▶ Step 3: 스코어링 (FinBERT 감성 분석)
2026-06-04 12:52:28,617 [INFO] __main__ — NaverClient: 3개 키 로드 (DataLab·검색 독립 회전)
2026-06-04 12:52:28,618 [INFO] __main__ — 텍스트 신규 수집: 26종목 (캐시 적중 58종목)
2026-06-04 12:53:13,899 [INFO] __main__ — 수집 완료: 뉴스 866건 | 공시 894건
2026-06-04 12:53:13,900 [INFO] __main__ — FinBERT 감성 분석 (finbert 모드)...
2026-06-04 12:53:13,900 [INFO] __main__ — FinBERT 로딩: snunlp/KR-FinBert-SC (CPU, batch=8)
2026-06-04 12:53:13,955 [INFO] httpx — HTTP Request: HEAD https://huggingface.co/snunlp/KR-FinBert-SC/resolve/main/config.json "HTTP/1.1 307 Temporary Redirect"
2026-06-04 12:53:13,956 [WARNING] huggingface_hub.utils._http — Warning: You are sending unauthenticated requests to the HF Hub. Please set a HF_TOKEN to enable higher rate limits and faster downloads.
2026-06-04 12:53:13,961 [INFO] httpx — HTTP Request: HEAD https://huggingface.co/api/resolve-cache/models/snunlp/KR-FinBert-SC/f8586286cc3161fb648e9fee09a456069fd846d0/config.json "HTTP/1.1 200 OK"
2026-06-04 12:53:14,004 [INFO] httpx — HTTP Request: HEAD https://huggingface.co/snunlp/KR-FinBert-SC/resolve/main/model.safetensors "HTTP/1.1 404 Not Found"
2026-06-04 12:53:14,022 [INFO] httpx — HTTP Request: GET https://huggingface.co/api/models/snunlp/KR-FinBert-SC "HTTP/1.1 200 OK"
2026-06-04 12:53:14,059 [INFO] httpx — HTTP Request: GET https://huggingface.co/api/models/snunlp/KR-FinBert-SC/commits/main "HTTP/1.1 200 OK"
2026-06-04 12:53:14,088 [INFO] httpx — HTTP Request: GET https://huggingface.co/api/models/snunlp/KR-FinBert-SC/discussions?p=0 "HTTP/1.1 200 OK"
2026-06-04 12:53:14,124 [INFO] httpx — HTTP Request: GET https://huggingface.co/api/models/snunlp/KR-FinBert-SC/commits/refs%2Fpr%2F3 "HTTP/1.1 200 OK"
2026-06-04 12:53:14,142 [INFO] httpx — HTTP Request: HEAD https://huggingface.co/snunlp/KR-FinBert-SC/resolve/refs%2Fpr%2F3/model.safetensors.index.json "HTTP/1.1 404 Not Found"
2026-06-04 12:53:14,152 [INFO] httpx — HTTP Request: GET https://huggingface.co/api/models/snunlp/KR-FinBert-SC/tree/main/additional_chat_templates?recursive=false&expand=false "HTTP/1.1 404 Not Found"
2026-06-04 12:53:14,160 [INFO] httpx — HTTP Request: HEAD https://huggingface.co/snunlp/KR-FinBert-SC/resolve/refs%2Fpr%2F3/model.safetensors "HTTP/1.1 302 Found"
2026-06-04 12:53:14,173 [INFO] httpx — HTTP Request: GET https://huggingface.co/api/models/snunlp/KR-FinBert-SC/tree/main?recursive=true&expand=false "HTTP/1.1 200 OK"
2026-06-04 12:53:14,194 [INFO] __main__ — FinBERT 로드 완료 (CPU)
2026-06-04 12:54:21,830 [INFO] __main__ — Phase A.1: 매핑 신뢰도 < 0.5 → 감성 점수 폐기 62건
2026-06-04 12:54:21,830 [INFO] __main__ — 스코어링: 84개 | 집중:0 | FinBERT:finbert
2026-06-04 12:54:21,849 [INFO] __main__ —   → 84개
2026-06-04 12:54:21,849 [INFO] __main__ — ▶ Step 4: 발송
2026-06-04 12:54:24,865 [WARNING] __main__ — 텔레그램 발송 실패 그룹 → mark_sent skip 21개 (다음 실행 시 재발송 대상)
2026-06-04 12:54:24,866 [INFO] __main__ — DB 기록: 0개 / 전체 to_send 21개
2026-06-04 12:54:24,866 [INFO] __main__ — 발송: 집중 0 / 주시 0
2026-06-04 12:54:24,866 [INFO] __main__ — 완료  |  소요: 1339.1초
2026-06-04 23:50:04,372 [INFO] __main__ — config 검증 완료 ✓
2026-06-04 23:50:04,373 [INFO] __main__ — ============================================================
2026-06-04 23:50:04,373 [INFO] __main__ — AlphaRadar v3.3.1  |  기준일: 20260604
2026-06-04 23:50:04,373 [INFO] __main__ — S = T×0.3 + S_text×0.4 + D×0.3
2026-06-04 23:50:04,373 [INFO] __main__ — ============================================================
2026-06-04 23:50:04,373 [INFO] __main__ — ▶ Step 0: 유니버스 필터링
2026-06-04 23:50:04,543 [INFO] __main__ — FDR 데이터 수집: 20251129 ~ 20260604
2026-06-04 23:50:07,059 [INFO] __main__ — KOSPI: 948개 | 섹터정보 838개 (DART +838개 보완)
2026-06-04 23:50:07,060 [INFO] __main__ — KOSDAQ: 1822개 | 섹터정보 1822개
2026-06-04 23:50:07,060 [INFO] __main__ — 전체: 2770개
2026-06-04 23:50:09,234 [INFO] __main__ — KIS 토큰 발급 완료
2026-06-05 00:05:09,483 [INFO] __main__ — DART corp_code 매핑: 2234/2287개 (97%)
2026-06-05 00:05:09,483 [INFO] __main__ — 유효 유니버스: 2287개
2026-06-05 00:05:09,493 [INFO] __main__ —   → 2287개
2026-06-05 00:05:09,493 [INFO] __main__ — ▶ Step 1: 신호 탐지
2026-06-05 00:05:09,493 [INFO] __main__ — NaverClient: 3개 키 로드 (DataLab·검색 독립 회전)
2026-06-05 00:05:09,493 [INFO] __main__ — 관심 지수 및 부정 뉴스 비율 조회 중...
2026-06-05 00:08:15,698 [INFO] __main__ — 부정 키워드 감지: 26개 종목 (neg_ratio > 0)
2026-06-05 00:08:15,707 [INFO] __main__ — POOL_A: 1115개 (A:804 B:129 동시:182)
  대형:100 중형:222 소형:793
2026-06-05 00:08:15,715 [INFO] __main__ —   → POOL_A: 1115개
2026-06-05 00:08:15,715 [INFO] __main__ — ▶ Step 2: 하드 필터링
2026-06-05 00:08:15,717 [INFO] __main__ — 하드 필터 제거: 1020개 | 이격도상한 48 | 이격도하한 724 | MA추세 146 | RSI과열 4 | 거래대금 98
2026-06-05 00:08:15,717 [INFO] __main__ — POOL_B: 95개 | 대형:17 중형:28 소형:50
2026-06-05 00:08:15,717 [INFO] __main__ —   → POOL_B: 95개
2026-06-05 00:08:15,717 [INFO] __main__ — ▶ Step 3: 스코어링 (FinBERT 감성 분석)
2026-06-05 00:08:15,717 [INFO] __main__ — NaverClient: 3개 키 로드 (DataLab·검색 독립 회전)
2026-06-05 00:08:15,719 [INFO] __main__ — 텍스트 신규 수집: 14종목 (캐시 적중 81종목)
2026-06-05 00:08:34,462 [INFO] __main__ — 수집 완료: 뉴스 998건 | 공시 1021건
2026-06-05 00:08:34,462 [INFO] __main__ — FinBERT 감성 분석 (finbert 모드)...
2026-06-05 00:08:34,462 [INFO] __main__ — FinBERT 로딩: snunlp/KR-FinBert-SC (CPU, batch=8)
2026-06-05 00:08:34,642 [INFO] httpx — HTTP Request: HEAD https://huggingface.co/snunlp/KR-FinBert-SC/resolve/main/config.json "HTTP/1.1 307 Temporary Redirect"
2026-06-05 00:08:34,643 [WARNING] huggingface_hub.utils._http — Warning: You are sending unauthenticated requests to the HF Hub. Please set a HF_TOKEN to enable higher rate limits and faster downloads.
2026-06-05 00:08:34,656 [INFO] httpx — HTTP Request: HEAD https://huggingface.co/api/resolve-cache/models/snunlp/KR-FinBert-SC/f8586286cc3161fb648e9fee09a456069fd846d0/config.json "HTTP/1.1 200 OK"
2026-06-05 00:08:34,758 [INFO] httpx — HTTP Request: HEAD https://huggingface.co/snunlp/KR-FinBert-SC/resolve/main/model.safetensors "HTTP/1.1 404 Not Found"
2026-06-05 00:08:34,850 [INFO] httpx — HTTP Request: GET https://huggingface.co/api/models/snunlp/KR-FinBert-SC "HTTP/1.1 200 OK"
2026-06-05 00:08:34,949 [INFO] httpx — HTTP Request: GET https://huggingface.co/api/models/snunlp/KR-FinBert-SC/commits/main "HTTP/1.1 200 OK"
2026-06-05 00:08:35,029 [INFO] httpx — HTTP Request: GET https://huggingface.co/api/models/snunlp/KR-FinBert-SC/tree/main/additional_chat_templates?recursive=false&expand=false "HTTP/1.1 404 Not Found"
2026-06-05 00:08:35,044 [INFO] httpx — HTTP Request: GET https://huggingface.co/api/models/snunlp/KR-FinBert-SC/discussions?p=0 "HTTP/1.1 200 OK"
2026-06-05 00:08:35,124 [INFO] httpx — HTTP Request: GET https://huggingface.co/api/models/snunlp/KR-FinBert-SC/tree/main?recursive=true&expand=false "HTTP/1.1 200 OK"
2026-06-05 00:08:35,145 [INFO] __main__ — FinBERT 로드 완료 (CPU)
2026-06-05 00:08:35,146 [INFO] httpx — HTTP Request: GET https://huggingface.co/api/models/snunlp/KR-FinBert-SC/commits/refs%2Fpr%2F3 "HTTP/1.1 200 OK"
2026-06-05 00:08:35,237 [INFO] httpx — HTTP Request: HEAD https://huggingface.co/snunlp/KR-FinBert-SC/resolve/refs%2Fpr%2F3/model.safetensors.index.json "HTTP/1.1 404 Not Found"
2026-06-05 00:08:35,329 [INFO] httpx — HTTP Request: HEAD https://huggingface.co/snunlp/KR-FinBert-SC/resolve/refs%2Fpr%2F3/model.safetensors "HTTP/1.1 302 Found"
2026-06-05 00:09:21,616 [INFO] __main__ — Phase A.1: 매핑 신뢰도 < 0.5 → 감성 점수 폐기 70건
2026-06-05 00:09:21,616 [INFO] __main__ — 스코어링: 95개 | 집중:1 | FinBERT:finbert
2026-06-05 00:09:21,629 [INFO] __main__ —   → 95개
2026-06-05 00:09:21,629 [INFO] __main__ — ▶ Step 4: 발송
2026-06-05 00:09:27,761 [INFO] __main__ — DB 기록: 23개 / 전체 to_send 23개
2026-06-05 00:09:27,761 [INFO] __main__ — 발송: 집중 1 / 주시 1
2026-06-05 00:09:27,762 [INFO] __main__ — 완료  |  소요: 1163.4초
