2026-06-08 13:53:00,331 [INFO] __main__ — config 검증 완료 ✓
2026-06-08 13:53:00,332 [INFO] __main__ — ============================================================
2026-06-08 13:53:00,332 [INFO] __main__ — AlphaRadar v3.3.1  |  기준일: 20260608
2026-06-08 13:53:00,332 [INFO] __main__ — S = T×0.3 + S_text×0.4 + D×0.3
2026-06-08 13:53:00,332 [INFO] __main__ — ============================================================
2026-06-08 13:53:00,332 [INFO] __main__ — ▶ Step 0: 유니버스 필터링
2026-06-08 13:53:00,504 [INFO] __main__ — FDR 데이터 수집: 20251203 ~ 20260608
2026-06-08 13:53:01,192 [WARNING] __main__ — 목록 조회 실패 (KOSPI): HTTP Error 404: Not Found
2026-06-08 13:53:01,739 [WARNING] __main__ — 목록 조회 실패 (KOSDAQ): HTTP Error 404: Not Found
2026-06-08 13:53:01,740 [INFO] __main__ —   → 0개
2026-06-08 13:53:01,741 [INFO] __main__ — ▶ Step 1: 신호 탐지
2026-06-08 13:53:01,741 [INFO] __main__ — NaverClient: 3개 키 로드 (DataLab·검색 독립 회전)
2026-06-08 13:53:01,741 [INFO] __main__ — 관심 지수 및 부정 뉴스 비율 조회 중...
2026-06-08 13:53:01,741 [INFO] __main__ — 부정 키워드 감지: 0개 종목 (neg_ratio > 0)
2026-06-08 13:53:01,741 [INFO] __main__ — POOL_A: 0개 (A:0 B:0 동시:0)
  대형:0 중형:0 소형:0
2026-06-08 13:53:01,741 [INFO] __main__ —   → POOL_A: 0개
2026-06-08 13:53:01,741 [INFO] __main__ — ▶ Step 2: 하드 필터링
2026-06-08 13:53:01,742 [INFO] __main__ — 하드 필터 제거: 0개 | 이격도상한 0 | 이격도하한 0 | MA추세 0 | RSI과열 0 | 거래대금 0
2026-06-08 13:53:01,742 [INFO] __main__ — POOL_B: 0개 | 대형:0 중형:0 소형:0
2026-06-08 13:53:01,742 [INFO] __main__ —   → POOL_B: 0개
2026-06-08 13:53:01,742 [INFO] __main__ — ▶ Step 3: 스코어링 (FinBERT 감성 분석)
2026-06-08 13:53:01,742 [INFO] __main__ — NaverClient: 3개 키 로드 (DataLab·검색 독립 회전)
2026-06-08 13:53:01,742 [INFO] __main__ — 텍스트 캐시 전체 적중: 0종목 (외부 API 0건)
2026-06-08 13:53:01,742 [INFO] __main__ — FinBERT 감성 분석 (finbert 모드)...
2026-06-08 13:53:01,742 [INFO] __main__ — FinBERT 로딩: snunlp/KR-FinBert-SC (CPU, batch=8)
2026-06-08 13:53:01,834 [INFO] httpx — HTTP Request: HEAD https://huggingface.co/snunlp/KR-FinBert-SC/resolve/main/config.json "HTTP/1.1 307 Temporary Redirect"
2026-06-08 13:53:01,842 [INFO] httpx — HTTP Request: HEAD https://huggingface.co/api/resolve-cache/models/snunlp/KR-FinBert-SC/f8586286cc3161fb648e9fee09a456069fd846d0/config.json "HTTP/1.1 200 OK"
2026-06-08 13:53:01,900 [INFO] httpx — HTTP Request: HEAD https://huggingface.co/snunlp/KR-FinBert-SC/resolve/main/model.safetensors "HTTP/1.1 404 Not Found"
2026-06-08 13:53:01,941 [INFO] httpx — HTTP Request: GET https://huggingface.co/api/models/snunlp/KR-FinBert-SC "HTTP/1.1 200 OK"
2026-06-08 13:53:01,992 [INFO] httpx — HTTP Request: GET https://huggingface.co/api/models/snunlp/KR-FinBert-SC/commits/main "HTTP/1.1 200 OK"
2026-06-08 13:53:02,032 [INFO] httpx — HTTP Request: GET https://huggingface.co/api/models/snunlp/KR-FinBert-SC/discussions?p=0 "HTTP/1.1 200 OK"
2026-06-08 13:53:02,055 [INFO] httpx — HTTP Request: GET https://huggingface.co/api/models/snunlp/KR-FinBert-SC/tree/main/additional_chat_templates?recursive=false&expand=false "HTTP/1.1 404 Not Found"
2026-06-08 13:53:02,079 [INFO] httpx — HTTP Request: GET https://huggingface.co/api/models/snunlp/KR-FinBert-SC/commits/refs%2Fpr%2F3 "HTTP/1.1 200 OK"
2026-06-08 13:53:02,101 [INFO] httpx — HTTP Request: GET https://huggingface.co/api/models/snunlp/KR-FinBert-SC/tree/main?recursive=true&expand=false "HTTP/1.1 200 OK"
2026-06-08 13:53:02,126 [INFO] __main__ — FinBERT 로드 완료 (CPU)
2026-06-08 13:53:02,126 [INFO] __main__ — 스코어링: 0개 | 집중:0 | FinBERT:finbert
2026-06-08 13:53:02,127 [INFO] httpx — HTTP Request: HEAD https://huggingface.co/snunlp/KR-FinBert-SC/resolve/refs%2Fpr%2F3/model.safetensors.index.json "HTTP/1.1 404 Not Found"
2026-06-08 13:53:02,127 [WARNING] huggingface_hub.utils._http — Warning: You are sending unauthenticated requests to the HF Hub. Please set a HF_TOKEN to enable higher rate limits and faster downloads.
2026-06-08 13:53:02,131 [INFO] __main__ —   → 0개
2026-06-08 13:53:02,131 [INFO] __main__ — ▶ Step 4: 발송
2026-06-08 13:53:02,165 [INFO] httpx — HTTP Request: HEAD https://huggingface.co/snunlp/KR-FinBert-SC/resolve/refs%2Fpr%2F3/model.safetensors "HTTP/1.1 302 Found"
2026-06-08 13:53:04,341 [INFO] __main__ — DB 기록: 0개 / 전체 to_send 0개
2026-06-08 13:53:04,342 [INFO] __main__ — 발송: 집중 0 / 주시 0
2026-06-08 13:53:04,342 [INFO] __main__ — 완료  |  소요: 4.0초
2026-06-08 23:50:52,313 [INFO] __main__ — config 검증 완료 ✓
2026-06-08 23:50:52,313 [INFO] __main__ — ============================================================
2026-06-08 23:50:52,314 [INFO] __main__ — AlphaRadar v3.3.1  |  기준일: 20260608
2026-06-08 23:50:52,314 [INFO] __main__ — S = T×0.3 + S_text×0.4 + D×0.3
2026-06-08 23:50:52,314 [INFO] __main__ — ============================================================
2026-06-08 23:50:52,314 [INFO] __main__ — ▶ Step 0: 유니버스 필터링
2026-06-08 23:50:52,475 [INFO] __main__ — FDR 데이터 수집: 20251203 ~ 20260608
2026-06-08 23:50:53,255 [WARNING] __main__ — 목록 조회 실패 (KOSPI): HTTP Error 404: Not Found
2026-06-08 23:50:53,844 [WARNING] __main__ — 목록 조회 실패 (KOSDAQ): HTTP Error 404: Not Found
2026-06-08 23:50:53,845 [INFO] __main__ —   → 0개
2026-06-08 23:50:53,845 [INFO] __main__ — ▶ Step 1: 신호 탐지
2026-06-08 23:50:53,845 [INFO] __main__ — NaverClient: 3개 키 로드 (DataLab·검색 독립 회전)
2026-06-08 23:50:53,845 [INFO] __main__ — 관심 지수 및 부정 뉴스 비율 조회 중...
2026-06-08 23:50:53,845 [INFO] __main__ — 부정 키워드 감지: 0개 종목 (neg_ratio > 0)
2026-06-08 23:50:53,845 [INFO] __main__ — POOL_A: 0개 (A:0 B:0 동시:0)
  대형:0 중형:0 소형:0
2026-06-08 23:50:53,846 [INFO] __main__ —   → POOL_A: 0개
2026-06-08 23:50:53,846 [INFO] __main__ — ▶ Step 2: 하드 필터링
2026-06-08 23:50:53,846 [INFO] __main__ — 하드 필터 제거: 0개 | 이격도상한 0 | 이격도하한 0 | MA추세 0 | RSI과열 0 | 거래대금 0
2026-06-08 23:50:53,846 [INFO] __main__ — POOL_B: 0개 | 대형:0 중형:0 소형:0
2026-06-08 23:50:53,846 [INFO] __main__ —   → POOL_B: 0개
2026-06-08 23:50:53,846 [INFO] __main__ — ▶ Step 3: 스코어링 (FinBERT 감성 분석)
2026-06-08 23:50:53,846 [INFO] __main__ — NaverClient: 3개 키 로드 (DataLab·검색 독립 회전)
2026-06-08 23:50:53,847 [INFO] __main__ — 텍스트 캐시 전체 적중: 0종목 (외부 API 0건)
2026-06-08 23:50:53,847 [INFO] __main__ — FinBERT 감성 분석 (finbert 모드)...
2026-06-08 23:50:53,847 [INFO] __main__ — FinBERT 로딩: snunlp/KR-FinBert-SC (CPU, batch=8)
2026-06-08 23:50:53,912 [INFO] httpx — HTTP Request: HEAD https://huggingface.co/snunlp/KR-FinBert-SC/resolve/main/config.json "HTTP/1.1 307 Temporary Redirect"
2026-06-08 23:50:53,913 [WARNING] huggingface_hub.utils._http — Warning: You are sending unauthenticated requests to the HF Hub. Please set a HF_TOKEN to enable higher rate limits and faster downloads.
2026-06-08 23:50:53,919 [INFO] httpx — HTTP Request: HEAD https://huggingface.co/api/resolve-cache/models/snunlp/KR-FinBert-SC/f8586286cc3161fb648e9fee09a456069fd846d0/config.json "HTTP/1.1 200 OK"
2026-06-08 23:50:53,952 [INFO] httpx — HTTP Request: HEAD https://huggingface.co/snunlp/KR-FinBert-SC/resolve/main/model.safetensors "HTTP/1.1 404 Not Found"
2026-06-08 23:50:53,969 [INFO] httpx — HTTP Request: GET https://huggingface.co/api/models/snunlp/KR-FinBert-SC "HTTP/1.1 200 OK"
2026-06-08 23:50:53,998 [INFO] httpx — HTTP Request: GET https://huggingface.co/api/models/snunlp/KR-FinBert-SC/commits/main "HTTP/1.1 200 OK"
2026-06-08 23:50:54,037 [INFO] httpx — HTTP Request: GET https://huggingface.co/api/models/snunlp/KR-FinBert-SC/discussions?p=0 "HTTP/1.1 200 OK"
2026-06-08 23:50:54,066 [INFO] httpx — HTTP Request: GET https://huggingface.co/api/models/snunlp/KR-FinBert-SC/commits/refs%2Fpr%2F3 "HTTP/1.1 200 OK"
2026-06-08 23:50:54,087 [INFO] httpx — HTTP Request: GET https://huggingface.co/api/models/snunlp/KR-FinBert-SC/tree/main/additional_chat_templates?recursive=false&expand=false "HTTP/1.1 404 Not Found"
2026-06-08 23:50:54,087 [INFO] httpx — HTTP Request: HEAD https://huggingface.co/snunlp/KR-FinBert-SC/resolve/refs%2Fpr%2F3/model.safetensors.index.json "HTTP/1.1 404 Not Found"
2026-06-08 23:50:54,105 [INFO] httpx — HTTP Request: HEAD https://huggingface.co/snunlp/KR-FinBert-SC/resolve/refs%2Fpr%2F3/model.safetensors "HTTP/1.1 302 Found"
2026-06-08 23:50:54,108 [INFO] httpx — HTTP Request: GET https://huggingface.co/api/models/snunlp/KR-FinBert-SC/tree/main?recursive=true&expand=false "HTTP/1.1 200 OK"
2026-06-08 23:50:54,130 [INFO] __main__ — FinBERT 로드 완료 (CPU)
2026-06-08 23:50:54,130 [INFO] __main__ — 스코어링: 0개 | 집중:0 | FinBERT:finbert
2026-06-08 23:50:54,132 [INFO] __main__ —   → 0개
2026-06-08 23:50:54,133 [INFO] __main__ — ▶ Step 4: 발송
2026-06-08 23:50:56,101 [INFO] __main__ — DB 기록: 0개 / 전체 to_send 0개
2026-06-08 23:50:56,102 [INFO] __main__ — 발송: 집중 0 / 주시 0
2026-06-08 23:50:56,102 [INFO] __main__ — 완료  |  소요: 3.8초
