2026-07-22 11:27:36,992 [INFO] __main__ — config 검증 완료 ✓
2026-07-22 11:27:36,992 [INFO] __main__ — ============================================================
2026-07-22 11:27:36,992 [INFO] __main__ — AlphaRadar v3.3.1  |  기준일: 20260722
2026-07-22 11:27:36,992 [INFO] __main__ — S = T×0.3 + S_text×0.4 + D×0.3
2026-07-22 11:27:36,992 [INFO] __main__ — ============================================================
2026-07-22 11:27:36,992 [INFO] __main__ — ▶ Step 0: 유니버스 필터링
2026-07-22 11:27:37,148 [INFO] __main__ — FDR 데이터 수집: 20260116 ~ 20260722
2026-07-22 11:27:38,410 [INFO] __main__ — KOSPI: 943개 | 섹터정보 833개 (DART +833개 보완)
2026-07-22 11:27:38,411 [INFO] __main__ — KOSDAQ: 1821개 | 섹터정보 1821개
2026-07-22 11:27:38,411 [INFO] __main__ — 전체: 2764개
2026-07-22 11:27:40,841 [INFO] __main__ — KIS 토큰 발급 완료
2026-07-22 11:43:20,674 [INFO] __main__ — DART corp_code 매핑: 2147/2200개 (97%)
2026-07-22 11:43:20,674 [INFO] __main__ — 유효 유니버스: 2200개
2026-07-22 11:43:20,686 [INFO] __main__ —   → 2200개
2026-07-22 11:43:20,686 [INFO] __main__ — ▶ Step 1: 신호 탐지
2026-07-22 11:43:20,687 [INFO] __main__ — NaverClient: 3개 키 로드 (DataLab·검색 독립 회전)
2026-07-22 11:43:20,687 [INFO] __main__ — 관심 지수 및 부정 뉴스 비율 조회 중...
2026-07-22 11:43:47,128 [INFO] __main__ — 뉴스 시점 제외 [삼기에너지솔루션즈]: 5건 (>14일/파싱실패)
2026-07-22 11:44:06,150 [INFO] __main__ — 뉴스 시점 제외 [하이드로리튬]: 13건 (>14일/파싱실패)
2026-07-22 11:44:11,734 [INFO] __main__ — 뉴스 시점 제외 [KX하이텍]: 8건 (>14일/파싱실패)
2026-07-22 11:44:15,642 [INFO] __main__ — 뉴스 시점 제외 [남선알미늄]: 3건 (>14일/파싱실패)
2026-07-22 11:44:24,179 [INFO] __main__ — 뉴스 시점 제외 [맥쿼리인프라]: 7건 (>14일/파싱실패)
2026-07-22 11:44:28,608 [INFO] __main__ — 뉴스 시점 제외 [한성크린텍]: 9건 (>14일/파싱실패)
2026-07-22 11:44:34,988 [INFO] __main__ — 뉴스 시점 제외 [멤레이비티]: 6건 (>14일/파싱실패)
2026-07-22 11:44:42,715 [INFO] __main__ — 뉴스 시점 제외 [해성옵틱스]: 7건 (>14일/파싱실패)
2026-07-22 11:44:44,248 [INFO] __main__ — 뉴스 시점 제외 [솔디펜스]: 7건 (>14일/파싱실패)
2026-07-22 11:44:47,122 [INFO] __main__ — 뉴스 시점 제외 [GRT]: 6건 (>14일/파싱실패)
2026-07-22 11:44:55,986 [INFO] __main__ — 뉴스 시점 제외 [KBI동양철관]: 8건 (>14일/파싱실패)
2026-07-22 11:44:57,319 [INFO] __main__ — 뉴스 시점 제외 [제닉스로보틱스]: 5건 (>14일/파싱실패)
2026-07-22 11:44:57,548 [INFO] __main__ — 뉴스 시점 제외 [세미티에스]: 9건 (>14일/파싱실패)
2026-07-22 11:44:58,658 [INFO] __main__ — 뉴스 시점 제외 [에이팩트]: 7건 (>14일/파싱실패)
2026-07-22 11:45:01,360 [INFO] __main__ — 뉴스 시점 제외 [에코플라스틱]: 5건 (>14일/파싱실패)
2026-07-22 11:45:06,844 [INFO] __main__ — 뉴스 시점 제외 [LS머트리얼즈]: 5건 (>14일/파싱실패)
2026-07-22 11:45:08,157 [INFO] __main__ — 뉴스 시점 제외 [보성파워텍]: 5건 (>14일/파싱실패)
2026-07-22 11:45:09,498 [INFO] __main__ — 뉴스 시점 제외 [태양금속]: 11건 (>14일/파싱실패)
2026-07-22 11:45:09,772 [INFO] __main__ — 뉴스 시점 제외 [대영포장]: 15건 (>14일/파싱실패)
2026-07-22 11:45:12,469 [INFO] __main__ — 뉴스 시점 제외 [아미코젠]: 8건 (>14일/파싱실패)
2026-07-22 11:45:13,833 [INFO] __main__ — 뉴스 시점 제외 [엘브이엠씨홀딩스]: 14건 (>14일/파싱실패)
2026-07-22 11:45:14,892 [INFO] __main__ — 뉴스 시점 제외 [성문전자]: 10건 (>14일/파싱실패)
2026-07-22 11:45:20,829 [INFO] __main__ — 뉴스 시점 제외 [양지사]: 12건 (>14일/파싱실패)
2026-07-22 11:45:26,465 [INFO] __main__ — 뉴스 시점 제외 [엑스큐어]: 10건 (>14일/파싱실패)
2026-07-22 11:45:26,518 [INFO] __main__ — 뉴스 시점 제외 [일신석재]: 8건 (>14일/파싱실패)
2026-07-22 11:45:29,414 [INFO] __main__ — 뉴스 시점 제외 [키스트론]: 11건 (>14일/파싱실패)
2026-07-22 11:45:30,772 [INFO] __main__ — 뉴스 시점 제외 [KB스타리츠]: 12건 (>14일/파싱실패)
2026-07-22 11:45:37,524 [INFO] __main__ — 뉴스 시점 제외 [THE E&M]: 1건 (>14일/파싱실패)
2026-07-22 11:45:39,094 [INFO] __main__ — 뉴스 시점 제외 [한국팩키지]: 6건 (>14일/파싱실패)
2026-07-22 11:45:41,575 [INFO] __main__ — 뉴스 시점 제외 [부국철강]: 12건 (>14일/파싱실패)
2026-07-22 11:45:46,079 [INFO] __main__ — 뉴스 시점 제외 [시너지이노베이션]: 14건 (>14일/파싱실패)
2026-07-22 11:45:49,571 [INFO] __main__ — 뉴스 시점 제외 [대아티아이]: 7건 (>14일/파싱실패)
2026-07-22 11:45:54,028 [INFO] __main__ — 뉴스 시점 제외 [이수화학]: 13건 (>14일/파싱실패)
2026-07-22 11:46:01,033 [INFO] __main__ — 뉴스 시점 제외 [우리기술투자]: 11건 (>14일/파싱실패)
2026-07-22 11:46:02,380 [INFO] __main__ — 뉴스 시점 제외 [아남전자]: 10건 (>14일/파싱실패)
2026-07-22 11:46:05,439 [INFO] __main__ — 뉴스 시점 제외 [엔비알모션]: 5건 (>14일/파싱실패)
2026-07-22 11:46:12,458 [INFO] __main__ — 뉴스 시점 제외 [비투엔]: 13건 (>14일/파싱실패)
2026-07-22 11:46:13,818 [INFO] __main__ — 뉴스 시점 제외 [HB솔루션]: 13건 (>14일/파싱실패)
2026-07-22 11:46:15,174 [INFO] __main__ — 뉴스 시점 제외 [티씨머티리얼즈]: 11건 (>14일/파싱실패)
2026-07-22 11:46:19,244 [INFO] __main__ — 뉴스 시점 제외 [셀리드]: 7건 (>14일/파싱실패)
2026-07-22 11:46:23,231 [INFO] __main__ — 뉴스 시점 제외 [이리츠코크렙]: 8건 (>14일/파싱실패)
2026-07-22 11:46:23,339 [INFO] __main__ — 뉴스 시점 제외 [빅텍]: 3건 (>14일/파싱실패)
2026-07-22 11:46:27,363 [INFO] __main__ — 뉴스 시점 제외 [알루코]: 6건 (>14일/파싱실패)
2026-07-22 11:46:30,247 [INFO] __main__ — 뉴스 시점 제외 [에이치엠넥스]: 8건 (>14일/파싱실패)
2026-07-22 11:46:36,928 [INFO] __main__ — 뉴스 시점 제외 [미래에셋증권2우B]: 14건 (>14일/파싱실패)
2026-07-22 11:46:43,404 [INFO] __main__ — 뉴스 시점 제외 [대양금속]: 13건 (>14일/파싱실패)
2026-07-22 11:46:43,405 [INFO] __main__ — 뉴스 시점 제외 [국일제지]: 12건 (>14일/파싱실패)
2026-07-22 11:46:46,645 [INFO] __main__ — 뉴스 시점 제외 [SK리츠]: 7건 (>14일/파싱실패)
2026-07-22 11:46:51,434 [INFO] __main__ — 뉴스 시점 제외 [아리바이오랩]: 3건 (>14일/파싱실패)
2026-07-22 11:46:52,804 [INFO] __main__ — 뉴스 시점 제외 [광진실업]: 6건 (>14일/파싱실패)
2026-07-22 11:46:53,832 [INFO] __main__ — 뉴스 시점 제외 [덕신이피씨]: 14건 (>14일/파싱실패)
2026-07-22 11:46:55,674 [INFO] __main__ — 뉴스 시점 제외 [에이티넘인베스트]: 13건 (>14일/파싱실패)
2026-07-22 11:47:06,997 [INFO] __main__ — 뉴스 시점 제외 [디앤디플랫폼리츠]: 11건 (>14일/파싱실패)
2026-07-22 11:47:11,023 [INFO] __main__ — 뉴스 시점 제외 [티케이케미칼]: 9건 (>14일/파싱실패)
2026-07-22 11:47:12,360 [INFO] __main__ — 뉴스 시점 제외 [엠아이텍]: 8건 (>14일/파싱실패)
2026-07-22 11:47:13,711 [INFO] __main__ — 뉴스 시점 제외 [슈어소프트테크]: 6건 (>14일/파싱실패)
2026-07-22 11:47:15,437 [INFO] __main__ — 뉴스 시점 제외 [삼륭물산]: 4건 (>14일/파싱실패)
2026-07-22 11:47:15,438 [INFO] __main__ — 뉴스 시점 제외 [지앤비에스 에코]: 2건 (>14일/파싱실패)
2026-07-22 11:47:16,392 [INFO] __main__ — 뉴스 시점 제외 [원익피앤이]: 7건 (>14일/파싱실패)
2026-07-22 11:47:16,800 [INFO] __main__ — 뉴스 시점 제외 [파라텍]: 12건 (>14일/파싱실패)
2026-07-22 11:47:18,170 [INFO] __main__ — 뉴스 시점 제외 [써니전자]: 14건 (>14일/파싱실패)
2026-07-22 11:47:20,905 [INFO] __main__ — 뉴스 시점 제외 [영화금속]: 4건 (>14일/파싱실패)
2026-07-22 11:47:22,264 [INFO] __main__ — 뉴스 시점 제외 [대산F&B]: 11건 (>14일/파싱실패)
2026-07-22 11:47:22,366 [INFO] __main__ — 부정 키워드 감지: 34개 종목 (neg_ratio > 0)
2026-07-22 11:47:22,371 [INFO] __main__ — 수급일수충족·합계음수 제외: 131개
2026-07-22 11:47:33,522 [INFO] __main__ — 뉴스 시점 제외 [두산우]: 14건 (>14일/파싱실패)
2026-07-22 11:47:36,689 [INFO] __main__ — 뉴스 시점 제외 [롯데리츠]: 7건 (>14일/파싱실패)
2026-07-22 11:47:37,416 [INFO] __main__ — 뉴스 시점 제외 [LG전자우]: 4건 (>14일/파싱실패)
2026-07-22 11:47:38,119 [INFO] __main__ — 뉴스 시점 제외 [쿠쿠홀딩스]: 8건 (>14일/파싱실패)
2026-07-22 11:47:39,207 [INFO] __main__ — 뉴스 시점 제외 [한국쉘석유]: 7건 (>14일/파싱실패)
2026-07-22 11:47:39,576 [INFO] __main__ — 뉴스 시점 제외 [신한알파리츠]: 14건 (>14일/파싱실패)
2026-07-22 11:47:40,876 [INFO] __main__ — 뉴스 시점 제외 [동원시스템즈]: 7건 (>14일/파싱실패)
2026-07-22 11:47:41,367 [INFO] __main__ — 뉴스 시점 제외 [CJ4우(전환)]: 14건 (>14일/파싱실패)
2026-07-22 11:47:42,112 [INFO] __main__ — 뉴스 시점 제외 [삼성FN리츠]: 6건 (>14일/파싱실패)
2026-07-22 11:47:43,040 [INFO] __main__ — 뉴스 시점 제외 [풍산홀딩스]: 9건 (>14일/파싱실패)
2026-07-22 11:47:43,771 [INFO] __main__ — 뉴스 시점 제외 [현대차3우B]: 15건 (>14일/파싱실패)
2026-07-22 11:47:44,506 [INFO] __main__ — 뉴스 시점 제외 [조광피혁]: 10건 (>14일/파싱실패)
2026-07-22 11:47:45,253 [INFO] __main__ — 뉴스 시점 제외 [INVENI]: 7건 (>14일/파싱실패)
2026-07-22 11:47:45,842 [INFO] __main__ — 뉴스 시점 제외 [삼영무역]: 11건 (>14일/파싱실패)
2026-07-22 11:47:46,927 [INFO] __main__ — 뉴스 시점 제외 [KPX홀딩스]: 11건 (>14일/파싱실패)
2026-07-22 11:47:47,310 [INFO] __main__ — 뉴스 시점 제외 [국도화학]: 11건 (>14일/파싱실패)
2026-07-22 11:47:48,442 [INFO] __main__ — 뉴스 시점 제외 [코스모화학]: 5건 (>14일/파싱실패)
2026-07-22 11:47:49,187 [INFO] __main__ — 뉴스 시점 제외 [현대퓨처넷]: 10건 (>14일/파싱실패)
2026-07-22 11:47:49,928 [INFO] __main__ — 뉴스 시점 제외 [삼성물산우B]: 15건 (>14일/파싱실패)
2026-07-22 11:47:51,018 [INFO] __main__ — 뉴스 시점 제외 [아세아제지]: 6건 (>14일/파싱실패)
2026-07-22 11:47:51,763 [INFO] __main__ — 뉴스 시점 제외 [현대코퍼레이션]: 6건 (>14일/파싱실패)
2026-07-22 11:47:52,517 [INFO] __main__ — 뉴스 시점 제외 [S-Oil우]: 13건 (>14일/파싱실패)
2026-07-22 11:47:53,250 [INFO] __main__ — 뉴스 시점 제외 [포스코스틸리온]: 5건 (>14일/파싱실패)
2026-07-22 11:47:55,136 [INFO] __main__ — 뉴스 시점 제외 [아이마켓코리아]: 8건 (>14일/파싱실패)
2026-07-22 11:47:56,187 [INFO] __main__ — 뉴스 시점 제외 [LG생활건강우]: 14건 (>14일/파싱실패)
2026-07-22 11:47:56,810 [INFO] __main__ — 뉴스 시점 제외 [DS단석]: 8건 (>14일/파싱실패)
2026-07-22 11:47:57,099 [INFO] __main__ — 뉴스 시점 제외 [YG PLUS]: 9건 (>14일/파싱실패)
2026-07-22 11:47:57,543 [INFO] __main__ — 뉴스 시점 제외 [LG우]: 15건 (>14일/파싱실패)
2026-07-22 11:47:57,825 [INFO] __main__ — 뉴스 시점 제외 [하이트진로홀딩스]: 11건 (>14일/파싱실패)
2026-07-22 11:47:58,587 [INFO] __main__ — 뉴스 시점 제외 [미래에셋증권우]: 15건 (>14일/파싱실패)
2026-07-22 11:47:59,011 [INFO] __main__ — 뉴스 시점 제외 [유화증권]: 7건 (>14일/파싱실패)
2026-07-22 11:47:59,325 [INFO] __main__ — 뉴스 시점 제외 [SJG세종]: 5건 (>14일/파싱실패)
2026-07-22 11:48:00,802 [INFO] __main__ — 뉴스 시점 제외 [금호석유화학우]: 13건 (>14일/파싱실패)
2026-07-22 11:48:00,819 [INFO] __main__ — 뉴스 시점 제외 [유수홀딩스]: 6건 (>14일/파싱실패)
2026-07-22 11:48:01,531 [INFO] __main__ — 뉴스 시점 제외 [한국주철관]: 8건 (>14일/파싱실패)
2026-07-22 11:48:02,267 [INFO] __main__ — 뉴스 시점 제외 [아모레퍼시픽홀딩스3우C]: 14건 (>14일/파싱실패)
2026-07-22 11:48:03,081 [INFO] __main__ — 뉴스 시점 제외 [태경산업]: 8건 (>14일/파싱실패)
2026-07-22 11:48:03,084 [INFO] __main__ — 뉴스 시점 제외 [한진중공업홀딩스]: 14건 (>14일/파싱실패)
2026-07-22 11:48:03,803 [INFO] __main__ — 뉴스 시점 제외 [삼양패키징]: 11건 (>14일/파싱실패)
2026-07-22 11:48:03,824 [INFO] __main__ — 뉴스 시점 제외 [키다리스튜디오]: 4건 (>14일/파싱실패)
2026-07-22 11:48:03,832 [INFO] __main__ — 뉴스 시점 제외 [이지스레지던스리츠]: 14건 (>14일/파싱실패)
2026-07-22 11:48:04,569 [INFO] __main__ — 뉴스 시점 제외 [일진다이아]: 11건 (>14일/파싱실패)
2026-07-22 11:48:04,577 [INFO] __main__ — 뉴스 시점 제외 [이구산업]: 9건 (>14일/파싱실패)
2026-07-22 11:48:06,052 [INFO] __main__ — 뉴스 시점 제외 [태림포장]: 14건 (>14일/파싱실패)
2026-07-22 11:48:06,725 [INFO] __main__ — 뉴스 시점 제외 [현대코퍼레이션홀딩스]: 14건 (>14일/파싱실패)
2026-07-22 11:48:06,790 [INFO] __main__ — 뉴스 시점 제외 [제일파마홀딩스]: 7건 (>14일/파싱실패)
2026-07-22 11:48:06,792 [INFO] __main__ — 뉴스 시점 제외 [한국무브넥스]: 13건 (>14일/파싱실패)
2026-07-22 11:48:07,548 [INFO] __main__ — 뉴스 시점 제외 [조선선재]: 13건 (>14일/파싱실패)
2026-07-22 11:48:08,290 [INFO] __main__ — 뉴스 시점 제외 [티에이치엔]: 11건 (>14일/파싱실패)
2026-07-22 11:48:08,935 [INFO] __main__ — 뉴스 시점 제외 [GS우]: 14건 (>14일/파싱실패)
2026-07-22 11:48:09,220 [INFO] __main__ — 뉴스 시점 제외 [무림P&P]: 8건 (>14일/파싱실패)
2026-07-22 11:48:09,225 [INFO] __main__ — 뉴스 시점 제외 [DKME]: 13건 (>14일/파싱실패)
2026-07-22 11:48:09,677 [INFO] __main__ — 뉴스 시점 제외 [HS애드]: 4건 (>14일/파싱실패)
2026-07-22 11:48:09,964 [INFO] __main__ — 뉴스 시점 제외 [황금에스티]: 10건 (>14일/파싱실패)
2026-07-22 11:48:10,411 [INFO] __main__ — 뉴스 시점 제외 [인지컨트롤스]: 9건 (>14일/파싱실패)
2026-07-22 11:48:10,711 [INFO] __main__ — 뉴스 시점 제외 [DSR제강]: 11건 (>14일/파싱실패)
2026-07-22 11:48:10,716 [INFO] __main__ — 뉴스 시점 제외 [NI스틸]: 8건 (>14일/파싱실패)
2026-07-22 11:48:11,141 [INFO] __main__ — 뉴스 시점 제외 [CS홀딩스]: 15건 (>14일/파싱실패)
2026-07-22 11:48:11,455 [INFO] __main__ — 뉴스 시점 제외 [동인기연]: 12건 (>14일/파싱실패)
2026-07-22 11:48:11,863 [INFO] __main__ — 뉴스 시점 제외 [사조오양]: 8건 (>14일/파싱실패)
2026-07-22 11:48:12,380 [INFO] __main__ — 뉴스 시점 제외 [두산퓨얼셀1우]: 14건 (>14일/파싱실패)
2026-07-22 11:48:12,640 [INFO] __main__ — 뉴스 시점 제외 [성창기업지주]: 14건 (>14일/파싱실패)
2026-07-22 11:48:13,116 [INFO] __main__ — 뉴스 시점 제외 [NH프라임리츠]: 11건 (>14일/파싱실패)
2026-07-22 11:48:13,124 [INFO] __main__ — 뉴스 시점 제외 [한솔로지스틱스]: 2건 (>14일/파싱실패)
2026-07-22 11:48:13,868 [INFO] __main__ — 뉴스 시점 제외 [유한양행우]: 13건 (>14일/파싱실패)
2026-07-22 11:48:14,315 [INFO] __main__ — 뉴스 시점 제외 [아모레퍼시픽홀딩스우]: 14건 (>14일/파싱실패)
2026-07-22 11:48:14,590 [INFO] __main__ — 뉴스 시점 제외 [미래에셋글로벌리츠]: 12건 (>14일/파싱실패)
2026-07-22 11:48:14,786 [INFO] __main__ — 뉴스 시점 제외 [페이퍼코리아]: 11건 (>14일/파싱실패)
2026-07-22 11:48:15,047 [INFO] __main__ — 뉴스 시점 제외 [일동홀딩스]: 11건 (>14일/파싱실패)
2026-07-22 11:48:15,325 [INFO] __main__ — 뉴스 시점 제외 [태경케미컬]: 5건 (>14일/파싱실패)
2026-07-22 11:48:15,773 [INFO] __main__ — 뉴스 시점 제외 [삼성출판사]: 4건 (>14일/파싱실패)
2026-07-22 11:48:16,265 [INFO] __main__ — 뉴스 시점 제외 [휴니드]: 10건 (>14일/파싱실패)
2026-07-22 11:48:16,273 [INFO] __main__ — 뉴스 시점 제외 [삼정펄프]: 13건 (>14일/파싱실패)
2026-07-22 11:48:16,506 [INFO] __main__ — 뉴스 시점 제외 [디와이덕양]: 8건 (>14일/파싱실패)
2026-07-22 11:48:18,154 [INFO] __main__ — 뉴스 시점 제외 [하이스틸]: 10건 (>14일/파싱실패)
2026-07-22 11:48:18,680 [INFO] __main__ — 뉴스 시점 제외 [한국내화]: 10건 (>14일/파싱실패)
2026-07-22 11:48:18,687 [INFO] __main__ — 뉴스 시점 제외 [화천기계]: 7건 (>14일/파싱실패)
2026-07-22 11:48:19,431 [INFO] __main__ — 뉴스 시점 제외 [유안타증권우]: 14건 (>14일/파싱실패)
2026-07-22 11:48:19,435 [INFO] __main__ — 뉴스 시점 제외 [한국특강]: 7건 (>14일/파싱실패)
2026-07-22 11:48:19,616 [INFO] __main__ — 뉴스 시점 제외 [SJM홀딩스]: 14건 (>14일/파싱실패)
2026-07-22 11:48:20,163 [INFO] __main__ — 뉴스 시점 제외 [SJM]: 3건 (>14일/파싱실패)
2026-07-22 11:48:20,911 [INFO] __main__ — 뉴스 시점 제외 [인바이오젠]: 8건 (>14일/파싱실패)
2026-07-22 11:48:20,919 [INFO] __main__ — 뉴스 시점 제외 [BYC우]: 14건 (>14일/파싱실패)
2026-07-22 11:48:21,104 [INFO] __main__ — 뉴스 시점 제외 [대덕전자1우]: 13건 (>14일/파싱실패)
2026-07-22 11:48:21,665 [INFO] __main__ — 뉴스 시점 제외 [평화산업]: 10건 (>14일/파싱실패)
2026-07-22 11:48:22,388 [INFO] __main__ — 뉴스 시점 제외 [DL이앤씨우]: 14건 (>14일/파싱실패)
2026-07-22 11:48:22,401 [INFO] __main__ — 뉴스 시점 제외 [케이비아이동국실업]: 14건 (>14일/파싱실패)
2026-07-22 11:48:23,125 [INFO] __main__ — 뉴스 시점 제외 [SK디스커버리우]: 14건 (>14일/파싱실패)
2026-07-22 11:48:23,135 [INFO] __main__ — 뉴스 시점 제외 [조광페인트]: 4건 (>14일/파싱실패)
2026-07-22 11:48:23,861 [INFO] __main__ — 뉴스 시점 제외 [문배철강]: 10건 (>14일/파싱실패)
2026-07-22 11:48:23,867 [INFO] __main__ — 뉴스 시점 제외 [신한글로벌액티브리츠]: 14건 (>14일/파싱실패)
2026-07-22 11:48:24,601 [INFO] __main__ — 뉴스 시점 제외 [씨케이솔루션]: 11건 (>14일/파싱실패)
2026-07-22 11:48:24,719 [INFO] __main__ — 뉴스 시점 제외 [갤럭시아에스엠]: 14건 (>14일/파싱실패)
2026-07-22 11:48:24,884 [INFO] __main__ — 뉴스 시점 제외 [세우글로벌]: 14건 (>14일/파싱실패)
2026-07-22 11:48:25,322 [INFO] __main__ — 뉴스 시점 제외 [에쓰씨엔지니어링]: 7건 (>14일/파싱실패)
2026-07-22 11:48:25,448 [INFO] __main__ — 뉴스 시점 제외 [우진아이엔에스]: 10건 (>14일/파싱실패)
2026-07-22 11:48:25,620 [INFO] __main__ — 뉴스 시점 제외 [경인전자]: 13건 (>14일/파싱실패)
2026-07-22 11:48:26,189 [INFO] __main__ — 뉴스 시점 제외 [한창제지]: 6건 (>14일/파싱실패)
2026-07-22 11:48:26,795 [INFO] __main__ — 뉴스 시점 제외 [미래아이앤지]: 4건 (>14일/파싱실패)
2026-07-22 11:48:26,933 [INFO] __main__ — 뉴스 시점 제외 [MH에탄올]: 8건 (>14일/파싱실패)
2026-07-22 11:48:31,190 [INFO] __main__ — 뉴스 시점 제외 [큐리언트]: 5건 (>14일/파싱실패)
2026-07-22 11:48:32,067 [INFO] __main__ — 뉴스 시점 제외 [큐리옥스바이오시스템즈]: 11건 (>14일/파싱실패)
2026-07-22 11:48:33,369 [INFO] __main__ — 뉴스 시점 제외 [펌텍코리아]: 10건 (>14일/파싱실패)
2026-07-22 11:48:38,784 [INFO] __main__ — 뉴스 시점 제외 [한국알콜]: 1건 (>14일/파싱실패)
2026-07-22 11:48:40,242 [INFO] __main__ — 뉴스 시점 제외 [바이오다인]: 9건 (>14일/파싱실패)
2026-07-22 11:48:40,875 [INFO] __main__ — 뉴스 시점 제외 [우주일렉트로]: 6건 (>14일/파싱실패)
2026-07-22 11:48:41,448 [INFO] __main__ — 뉴스 시점 제외 [아스테라시스]: 11건 (>14일/파싱실패)
2026-07-22 11:48:42,718 [INFO] __main__ — 뉴스 시점 제외 [코텍]: 9건 (>14일/파싱실패)
2026-07-22 11:48:44,598 [INFO] __main__ — 뉴스 시점 제외 [석경에이티]: 4건 (>14일/파싱실패)
2026-07-22 11:48:45,872 [INFO] __main__ — 뉴스 시점 제외 [네오위즈홀딩스]: 7건 (>14일/파싱실패)
2026-07-22 11:48:46,791 [INFO] __main__ — 뉴스 시점 제외 [국보디자인]: 4건 (>14일/파싱실패)
2026-07-22 11:48:47,755 [INFO] __main__ — 뉴스 시점 제외 [BGF에코머티리얼즈]: 14건 (>14일/파싱실패)
2026-07-22 11:48:48,456 [INFO] __main__ — 뉴스 시점 제외 [코메론]: 11건 (>14일/파싱실패)
2026-07-22 11:48:48,865 [INFO] __main__ — 뉴스 시점 제외 [한국정보인증]: 7건 (>14일/파싱실패)
2026-07-22 11:48:49,182 [INFO] __main__ — 뉴스 시점 제외 [신성에스티]: 10건 (>14일/파싱실패)
2026-07-22 11:48:49,585 [INFO] __main__ — 뉴스 시점 제외 [신흥에스이씨]: 12건 (>14일/파싱실패)
2026-07-22 11:48:50,657 [INFO] __main__ — 뉴스 시점 제외 [아나패스]: 8건 (>14일/파싱실패)
2026-07-22 11:48:51,453 [INFO] __main__ — 뉴스 시점 제외 [코리아에프티]: 6건 (>14일/파싱실패)
2026-07-22 11:48:53,071 [INFO] __main__ — 뉴스 시점 제외 [삼보판지]: 15건 (>14일/파싱실패)
2026-07-22 11:48:53,105 [INFO] __main__ — 뉴스 시점 제외 [현대이지웰]: 7건 (>14일/파싱실패)
2026-07-22 11:48:53,859 [INFO] __main__ — 뉴스 시점 제외 [하이비젼시스템]: 6건 (>14일/파싱실패)
2026-07-22 11:48:57,873 [INFO] __main__ — 뉴스 시점 제외 [제노코]: 9건 (>14일/파싱실패)
2026-07-22 11:48:57,889 [INFO] __main__ — 뉴스 시점 제외 [윤성에프앤씨]: 12건 (>14일/파싱실패)
2026-07-22 11:48:57,896 [INFO] __main__ — 뉴스 시점 제외 [풍원정밀]: 10건 (>14일/파싱실패)
2026-07-22 11:48:59,349 [INFO] __main__ — 뉴스 시점 제외 [지어소프트]: 7건 (>14일/파싱실패)
2026-07-22 11:49:00,275 [INFO] __main__ — 뉴스 시점 제외 [하이텍팜]: 13건 (>14일/파싱실패)
2026-07-22 11:49:00,838 [INFO] __main__ — 뉴스 시점 제외 [현대에버다임]: 8건 (>14일/파싱실패)
2026-07-22 11:49:01,581 [INFO] __main__ — 뉴스 시점 제외 [케이엔솔]: 3건 (>14일/파싱실패)
2026-07-22 11:49:02,123 [INFO] __main__ — 뉴스 시점 제외 [엠에스씨]: 13건 (>14일/파싱실패)
2026-07-22 11:49:02,866 [INFO] __main__ — 뉴스 시점 제외 [케이알엠]: 6건 (>14일/파싱실패)
2026-07-22 11:49:03,074 [INFO] __main__ — 뉴스 시점 제외 [메타바이오메드]: 6건 (>14일/파싱실패)
2026-07-22 11:49:03,080 [INFO] __main__ — 뉴스 시점 제외 [NICE인프라]: 15건 (>14일/파싱실패)
2026-07-22 11:49:03,807 [INFO] __main__ — 뉴스 시점 제외 [우리손에프앤지]: 14건 (>14일/파싱실패)
2026-07-22 11:49:04,318 [INFO] __main__ — 뉴스 시점 제외 [루미르]: 11건 (>14일/파싱실패)
2026-07-22 11:49:04,541 [INFO] __main__ — 뉴스 시점 제외 [엠에스오토텍]: 13건 (>14일/파싱실패)
2026-07-22 11:49:05,270 [INFO] __main__ — 뉴스 시점 제외 [탑런토탈솔루션]: 12건 (>14일/파싱실패)
2026-07-22 11:49:05,787 [INFO] __main__ — 뉴스 시점 제외 [일승]: 3건 (>14일/파싱실패)
2026-07-22 11:49:06,399 [INFO] __main__ — 뉴스 시점 제외 [케이씨에스]: 8건 (>14일/파싱실패)
2026-07-22 11:49:07,354 [INFO] __main__ — 뉴스 시점 제외 [피에스텍]: 9건 (>14일/파싱실패)
2026-07-22 11:49:08,102 [INFO] __main__ — 뉴스 시점 제외 [동신건설]: 9건 (>14일/파싱실패)
2026-07-22 11:49:08,841 [INFO] __main__ — 뉴스 시점 제외 [에이치피오]: 9건 (>14일/파싱실패)
2026-07-22 11:49:09,774 [INFO] __main__ — 뉴스 시점 제외 [창해에탄올]: 9건 (>14일/파싱실패)
2026-07-22 11:49:10,699 [INFO] __main__ — 뉴스 시점 제외 [나이스디앤비]: 13건 (>14일/파싱실패)
2026-07-22 11:49:12,175 [INFO] __main__ — 뉴스 시점 제외 [LS티라유텍]: 8건 (>14일/파싱실패)
2026-07-22 11:49:12,203 [INFO] __main__ — 뉴스 시점 제외 [테라뷰]: 8건 (>14일/파싱실패)
2026-07-22 11:49:13,659 [INFO] __main__ — 뉴스 시점 제외 [블루콤]: 14건 (>14일/파싱실패)
2026-07-22 11:49:13,845 [INFO] __main__ — 뉴스 시점 제외 [대림제지]: 11건 (>14일/파싱실패)
2026-07-22 11:49:14,396 [INFO] __main__ — 뉴스 시점 제외 [큐브엔터]: 11건 (>14일/파싱실패)
2026-07-22 11:49:14,578 [INFO] __main__ — 뉴스 시점 제외 [엑세스바이오]: 7건 (>14일/파싱실패)
2026-07-22 11:49:15,136 [INFO] __main__ — 뉴스 시점 제외 [디알텍]: 2건 (>14일/파싱실패)
2026-07-22 11:49:17,729 [INFO] __main__ — 뉴스 시점 제외 [리드코프]: 12건 (>14일/파싱실패)
2026-07-22 11:49:17,737 [INFO] __main__ — 뉴스 시점 제외 [지구홀딩스]: 13건 (>14일/파싱실패)
2026-07-22 11:49:18,474 [INFO] __main__ — 뉴스 시점 제외 [엔브이에이치코리아]: 12건 (>14일/파싱실패)
2026-07-22 11:49:18,509 [INFO] __main__ — 뉴스 시점 제외 [로스웰]: 9건 (>14일/파싱실패)
2026-07-22 11:49:19,241 [INFO] __main__ — 뉴스 시점 제외 [팅크웨어]: 7건 (>14일/파싱실패)
2026-07-22 11:49:19,330 [INFO] __main__ — 뉴스 시점 제외 [삼현철강]: 10건 (>14일/파싱실패)
2026-07-22 11:49:20,707 [INFO] __main__ — 뉴스 시점 제외 [싸이토젠]: 13건 (>14일/파싱실패)
2026-07-22 11:49:20,794 [INFO] __main__ — 뉴스 시점 제외 [바이오스마트]: 7건 (>14일/파싱실패)
2026-07-22 11:49:21,520 [INFO] __main__ — 뉴스 시점 제외 [엠오티]: 8건 (>14일/파싱실패)
2026-07-22 11:49:22,145 [INFO] __main__ — 뉴스 시점 제외 [모델솔루션]: 9건 (>14일/파싱실패)
2026-07-22 11:49:22,910 [INFO] __main__ — 뉴스 시점 제외 [바이오에프디엔씨]: 6건 (>14일/파싱실패)
2026-07-22 11:49:24,356 [INFO] __main__ — 뉴스 시점 제외 [유라테크]: 13건 (>14일/파싱실패)
2026-07-22 11:49:25,357 [INFO] __main__ — 뉴스 시점 제외 [프로티아]: 10건 (>14일/파싱실패)
2026-07-22 11:49:26,595 [INFO] __main__ — 뉴스 시점 제외 [푸드웰]: 13건 (>14일/파싱실패)
2026-07-22 11:49:28,258 [INFO] __main__ — 뉴스 시점 제외 [고바이오랩]: 8건 (>14일/파싱실패)
2026-07-22 11:49:28,474 [INFO] __main__ — 뉴스 시점 제외 [해성에어로보틱스]: 10건 (>14일/파싱실패)
2026-07-22 11:49:28,997 [INFO] __main__ — 뉴스 시점 제외 [아이티센엔텍]: 10건 (>14일/파싱실패)
2026-07-22 11:49:29,926 [INFO] __main__ — 뉴스 시점 제외 [스마트레이더시스템]: 13건 (>14일/파싱실패)
2026-07-22 11:49:29,952 [INFO] __main__ — 뉴스 시점 제외 [케이피항공산업]: 8건 (>14일/파싱실패)
2026-07-22 11:49:29,974 [INFO] __main__ — 뉴스 시점 제외 [인크로스]: 5건 (>14일/파싱실패)
2026-07-22 11:49:30,696 [INFO] __main__ — 뉴스 시점 제외 [오리콤]: 7건 (>14일/파싱실패)
2026-07-22 11:49:30,716 [INFO] __main__ — 뉴스 시점 제외 [빛샘전자]: 3건 (>14일/파싱실패)
2026-07-22 11:49:32,172 [INFO] __main__ — 뉴스 시점 제외 [인지소프트]: 13건 (>14일/파싱실패)
2026-07-22 11:49:32,180 [INFO] __main__ — 뉴스 시점 제외 [나래나노텍]: 10건 (>14일/파싱실패)
2026-07-22 11:49:32,927 [INFO] __main__ — 뉴스 시점 제외 [알파칩스]: 8건 (>14일/파싱실패)
2026-07-22 11:49:33,674 [INFO] __main__ — 뉴스 시점 제외 [에르코스]: 8건 (>14일/파싱실패)
2026-07-22 11:49:33,682 [INFO] __main__ — 뉴스 시점 제외 [더블유에스아이]: 14건 (>14일/파싱실패)
2026-07-22 11:49:33,683 [INFO] __main__ — 뉴스 시점 제외 [이노메트리]: 4건 (>14일/파싱실패)
2026-07-22 11:49:34,419 [INFO] __main__ — 뉴스 시점 제외 [한국선재]: 13건 (>14일/파싱실패)
2026-07-22 11:49:34,440 [INFO] __main__ — 뉴스 시점 제외 [화성밸브]: 12건 (>14일/파싱실패)
2026-07-22 11:49:35,183 [INFO] __main__ — 뉴스 시점 제외 [퓨런티어]: 11건 (>14일/파싱실패)
2026-07-22 11:49:35,917 [INFO] __main__ — 뉴스 시점 제외 [에스피시스템스]: 3건 (>14일/파싱실패)
2026-07-22 11:49:35,925 [INFO] __main__ — 뉴스 시점 제외 [제이씨현시스템]: 12건 (>14일/파싱실패)
2026-07-22 11:49:36,665 [INFO] __main__ — 뉴스 시점 제외 [홈캐스트]: 15건 (>14일/파싱실패)
2026-07-22 11:49:36,686 [INFO] __main__ — 뉴스 시점 제외 [엠투엔]: 12건 (>14일/파싱실패)
2026-07-22 11:49:36,714 [INFO] __main__ — 뉴스 시점 제외 [세코닉스]: 8건 (>14일/파싱실패)
2026-07-22 11:49:37,436 [INFO] __main__ — 뉴스 시점 제외 [덕우전자]: 12건 (>14일/파싱실패)
2026-07-22 11:49:38,165 [INFO] __main__ — 뉴스 시점 제외 [애드바이오텍]: 6건 (>14일/파싱실패)
2026-07-22 11:49:38,909 [INFO] __main__ — 뉴스 시점 제외 [디티씨]: 13건 (>14일/파싱실패)
2026-07-22 11:49:38,920 [INFO] __main__ — 뉴스 시점 제외 [코콤]: 8건 (>14일/파싱실패)
2026-07-22 11:49:39,654 [INFO] __main__ — 뉴스 시점 제외 [오상자이엘]: 11건 (>14일/파싱실패)
2026-07-22 11:49:40,315 [INFO] __main__ — 뉴스 시점 제외 [에어레인]: 3건 (>14일/파싱실패)
2026-07-22 11:49:40,407 [INFO] __main__ — 뉴스 시점 제외 [퀀타매트릭스]: 11건 (>14일/파싱실패)
2026-07-22 11:49:40,416 [INFO] __main__ — 뉴스 시점 제외 [흥국에프엔비]: 6건 (>14일/파싱실패)
2026-07-22 11:49:41,035 [INFO] __main__ — 뉴스 시점 제외 [YW]: 13건 (>14일/파싱실패)
2026-07-22 11:49:41,168 [INFO] __main__ — 뉴스 시점 제외 [제이엠티]: 13건 (>14일/파싱실패)
2026-07-22 11:49:41,767 [INFO] __main__ — 뉴스 시점 제외 [제이피아이헬스케어]: 14건 (>14일/파싱실패)
2026-07-22 11:49:41,907 [INFO] __main__ — 뉴스 시점 제외 [디케이앤디]: 12건 (>14일/파싱실패)
2026-07-22 11:49:42,657 [INFO] __main__ — 뉴스 시점 제외 [인지디스플레]: 12건 (>14일/파싱실패)
2026-07-22 11:49:42,658 [INFO] __main__ — 뉴스 시점 제외 [에이텍모빌리티]: 13건 (>14일/파싱실패)
2026-07-22 11:49:43,253 [INFO] __main__ — 뉴스 시점 제외 [동방선기]: 10건 (>14일/파싱실패)
2026-07-22 11:49:43,401 [INFO] __main__ — 뉴스 시점 제외 [램테크놀러지]: 5건 (>14일/파싱실패)
2026-07-22 11:49:43,405 [INFO] __main__ — 뉴스 시점 제외 [서린바이오]: 11건 (>14일/파싱실패)
2026-07-22 11:49:44,181 [INFO] __main__ — 뉴스 시점 제외 [쓰리에이로직스]: 11건 (>14일/파싱실패)
2026-07-22 11:49:44,206 [INFO] __main__ — 뉴스 시점 제외 [ES큐브]: 15건 (>14일/파싱실패)
2026-07-22 11:49:44,207 [INFO] __main__ — 뉴스 시점 제외 [이글벳]: 8건 (>14일/파싱실패)
2026-07-22 11:49:44,925 [INFO] __main__ — 뉴스 시점 제외 [레이저옵텍]: 10건 (>14일/파싱실패)
2026-07-22 11:49:45,678 [INFO] __main__ — 뉴스 시점 제외 [서진오토모티브]: 13건 (>14일/파싱실패)
2026-07-22 11:49:46,419 [INFO] __main__ — 뉴스 시점 제외 [백금T&A]: 8건 (>14일/파싱실패)
2026-07-22 11:49:46,439 [INFO] __main__ — 뉴스 시점 제외 [유니온바이오메트릭스]: 6건 (>14일/파싱실패)
2026-07-22 11:49:47,159 [INFO] __main__ — 뉴스 시점 제외 [케일럼]: 11건 (>14일/파싱실패)
2026-07-22 11:49:47,185 [INFO] __main__ — 뉴스 시점 제외 [나라엠앤디]: 12건 (>14일/파싱실패)
2026-07-22 11:49:47,917 [INFO] __main__ — 뉴스 시점 제외 [유에스티]: 8건 (>14일/파싱실패)
2026-07-22 11:49:47,929 [INFO] __main__ — 뉴스 시점 제외 [보라티알]: 12건 (>14일/파싱실패)
2026-07-22 11:49:48,850 [INFO] __main__ — 뉴스 시점 제외 [에코캡]: 12건 (>14일/파싱실패)
2026-07-22 11:49:49,764 [INFO] __main__ — 뉴스 시점 제외 [한네트]: 15건 (>14일/파싱실패)
2026-07-22 11:49:51,204 [INFO] __main__ — 뉴스 시점 제외 [TS인베스트먼트]: 10건 (>14일/파싱실패)
2026-07-22 11:49:51,257 [INFO] __main__ — 뉴스 시점 제외 [모헨즈]: 11건 (>14일/파싱실패)
2026-07-22 11:49:51,537 [INFO] __main__ — 뉴스 시점 제외 [인스피언]: 11건 (>14일/파싱실패)
2026-07-22 11:49:52,145 [INFO] __main__ — 뉴스 시점 제외 [스튜디오미르]: 12건 (>14일/파싱실패)
2026-07-22 11:49:52,459 [INFO] __main__ — 뉴스 시점 제외 [체리부로]: 8건 (>14일/파싱실패)
2026-07-22 11:49:53,072 [INFO] __main__ — 뉴스 시점 제외 [이삭엔지니어링]: 9건 (>14일/파싱실패)
2026-07-22 11:49:53,076 [INFO] __main__ — 뉴스 시점 제외 [삼화네트웍스]: 4건 (>14일/파싱실패)
2026-07-22 11:49:53,817 [INFO] __main__ — 뉴스 시점 제외 [큐캐피탈]: 5건 (>14일/파싱실패)
2026-07-22 11:49:54,007 [INFO] __main__ — 뉴스 시점 제외 [에이아이코리아]: 7건 (>14일/파싱실패)
2026-07-22 11:49:54,553 [INFO] __main__ — 뉴스 시점 제외 [미트박스]: 10건 (>14일/파싱실패)
2026-07-22 11:49:54,734 [INFO] __main__ — 뉴스 시점 제외 [브리지텍]: 12건 (>14일/파싱실패)
2026-07-22 11:49:54,748 [INFO] __main__ — 뉴스 시점 제외 [메가엠디]: 13건 (>14일/파싱실패)
2026-07-22 11:49:55,664 [INFO] __main__ — 뉴스 시점 제외 [티디에스팜]: 7건 (>14일/파싱실패)
2026-07-22 11:49:55,766 [INFO] __main__ — POOL_A 후보 부정뉴스 2차 조회: 594개
2026-07-22 11:49:55,770 [INFO] __main__ — POOL_A: 866개 (A:723 B:80 동시:63) | 부정게이트 제외:8
  대형:64 중형:144 소형:658
2026-07-22 11:49:55,778 [INFO] __main__ —   → POOL_A: 866개
2026-07-22 11:49:55,778 [INFO] __main__ — ▶ Step 2: 하드 필터링
2026-07-22 11:49:55,780 [INFO] __main__ — 하드 필터 제거: 859개 | 과열배제 52 | 이격도상한 7 | 이격도하한 242 | MA추세 511 | RSI과열 1 | 거래대금 46
2026-07-22 11:49:55,781 [INFO] __main__ — 과열 gated 기록: 52개 → gated_tickers
2026-07-22 11:49:55,782 [INFO] __main__ — POOL_B: 7개 | 대형:0 중형:2 소형:5
2026-07-22 11:49:55,782 [INFO] __main__ —   → POOL_B: 7개
2026-07-22 11:49:55,782 [INFO] __main__ — ▶ Step 3: 스코어링 (FinBERT 감성 분석)
2026-07-22 11:49:55,782 [INFO] __main__ — NaverClient: 3개 키 로드 (DataLab·검색 독립 회전)
2026-07-22 11:49:55,782 [INFO] __main__ — 텍스트 신규 수집: 7종목 (캐시 적중 0종목)
2026-07-22 11:50:01,416 [INFO] __main__ — 뉴스 시점 제외 [싸이맥스]: 12건 (>14일/파싱실패)
2026-07-22 11:50:01,620 [INFO] __main__ — 뉴스 시점 제외 [화신정공]: 14건 (>14일/파싱실패)
2026-07-22 11:50:10,144 [INFO] __main__ — 수집 완료: 뉴스 62건 | 공시 13건
2026-07-22 11:50:10,144 [INFO] __main__ — FinBERT 감성 분석 (finbert 모드)...
2026-07-22 11:50:10,145 [INFO] __main__ — FinBERT 로딩: snunlp/KR-FinBert-SC (CPU, batch=8)
2026-07-22 11:50:10,237 [INFO] httpx — HTTP Request: GET https://huggingface.co/api/agent-harnesses "HTTP/1.1 200 OK"
2026-07-22 11:50:10,256 [INFO] httpx — HTTP Request: HEAD https://huggingface.co/snunlp/KR-FinBert-SC/resolve/main/config.json "HTTP/1.1 307 Temporary Redirect"
2026-07-22 11:50:10,257 [WARNING] huggingface_hub.utils._http — Warning: You are sending unauthenticated requests to the HF Hub. Please set a HF_TOKEN to enable higher rate limits and faster downloads.
2026-07-22 11:50:10,264 [INFO] httpx — HTTP Request: HEAD https://huggingface.co/api/resolve-cache/models/snunlp/KR-FinBert-SC/f8586286cc3161fb648e9fee09a456069fd846d0/config.json "HTTP/1.1 200 OK"
2026-07-22 11:50:10,333 [INFO] httpx — HTTP Request: HEAD https://huggingface.co/snunlp/KR-FinBert-SC/resolve/main/model.safetensors "HTTP/1.1 404 Not Found"
2026-07-22 11:50:10,359 [INFO] httpx — HTTP Request: GET https://huggingface.co/api/models/snunlp/KR-FinBert-SC "HTTP/1.1 200 OK"
2026-07-22 11:50:10,400 [INFO] httpx — HTTP Request: GET https://huggingface.co/api/models/snunlp/KR-FinBert-SC/commits/main "HTTP/1.1 200 OK"
2026-07-22 11:50:10,439 [INFO] httpx — HTTP Request: GET https://huggingface.co/api/models/snunlp/KR-FinBert-SC/discussions?p=0 "HTTP/1.1 200 OK"
2026-07-22 11:50:10,483 [INFO] httpx — HTTP Request: GET https://huggingface.co/api/models/snunlp/KR-FinBert-SC/commits/refs%2Fpr%2F3 "HTTP/1.1 200 OK"
2026-07-22 11:50:10,487 [INFO] httpx — HTTP Request: GET https://huggingface.co/api/models/snunlp/KR-FinBert-SC/tree/main/additional_chat_templates?recursive=false&expand=false "HTTP/1.1 404 Not Found"
2026-07-22 11:50:10,503 [INFO] httpx — HTTP Request: HEAD https://huggingface.co/snunlp/KR-FinBert-SC/resolve/refs%2Fpr%2F3/model.safetensors.index.json "HTTP/1.1 404 Not Found"
2026-07-22 11:50:10,519 [INFO] httpx — HTTP Request: GET https://huggingface.co/api/models/snunlp/KR-FinBert-SC/tree/main?recursive=true&expand=false "HTTP/1.1 200 OK"
2026-07-22 11:50:10,538 [INFO] httpx — HTTP Request: HEAD https://huggingface.co/snunlp/KR-FinBert-SC/resolve/refs%2Fpr%2F3/model.safetensors "HTTP/1.1 302 Found"
2026-07-22 11:50:10,564 [INFO] httpx — HTTP Request: HEAD https://huggingface.co/snunlp/KR-FinBert-SC/resolve/main/processor_config.json "HTTP/1.1 404 Not Found"
2026-07-22 11:50:10,586 [INFO] httpx — HTTP Request: HEAD https://huggingface.co/snunlp/KR-FinBert-SC/resolve/main/video_preprocessor_config.json "HTTP/1.1 404 Not Found"
2026-07-22 11:50:10,608 [INFO] httpx — HTTP Request: HEAD https://huggingface.co/snunlp/KR-FinBert-SC/resolve/main/preprocessor_config.json "HTTP/1.1 404 Not Found"
2026-07-22 11:50:10,609 [INFO] __main__ — FinBERT 로드 완료 (CPU)
2026-07-22 11:50:12,366 [INFO] __main__ — Phase A.1: 매핑 신뢰도 < 0.5 → 감성 점수 폐기 6건
2026-07-22 11:50:12,366 [INFO] __main__ — 스코어링: 7개 | 집중:0 | FinBERT:finbert
2026-07-22 11:50:12,381 [INFO] __main__ —   → 7개
2026-07-22 11:50:12,381 [INFO] __main__ — ▶ Step 4: 발송
2026-07-22 11:50:15,352 [WARNING] __main__ — 텔레그램 발송 실패 그룹 → mark_sent skip 2개 (다음 실행 시 재발송 대상)
2026-07-22 11:50:15,353 [INFO] __main__ — DB 기록: 0개 / 전체 to_send 2개
2026-07-22 11:50:15,353 [INFO] __main__ — 발송: 집중 0 / 주시 0
2026-07-22 11:50:15,353 [INFO] __main__ — 완료  |  소요: 1358.4초
