2026-09-13 23:07:19,584 [INFO] __main__ — config 검증 완료 ✓
2026-09-13 23:07:19,584 [INFO] __main__ — KIS 조회 도메인: 실전 (https://openapi.koreainvestment.com:9443)
2026-09-13 23:07:19,584 [INFO] __main__ — ============================================================
2026-09-13 23:07:19,585 [INFO] __main__ — AlphaRadar v3.3.1  |  기준일: 20260914  |  런: am
2026-09-13 23:07:19,585 [INFO] __main__ — S = T×0.3 + S_text×0.4 + D×0.3
2026-09-13 23:07:19,585 [INFO] __main__ — ============================================================
2026-09-13 23:07:19,585 [INFO] __main__ — ▶ Step 0: 유니버스 필터링
2026-09-13 23:07:19,868 [INFO] __main__ — FDR 데이터 수집: 20260311 ~ 20260914
2026-09-13 23:07:22,010 [INFO] __main__ — master universe 메타: 캐시 사용 2760개 (year=2026)
2026-09-13 23:07:22,012 [INFO] __main__ — master 보강: 등급 836개 | FnGuide/KSIC 2549개 | 섹터(fg_industry) 2549개
2026-09-13 23:07:22,013 [INFO] __main__ — KOSPI: 943개 | 섹터정보 831개 (DART +828개 보완)
2026-09-13 23:07:22,013 [INFO] __main__ — KOSDAQ: 1822개 | 섹터정보 1747개
2026-09-13 23:07:22,013 [INFO] __main__ — 전체: 2765개
2026-09-13 23:07:24,535 [INFO] __main__ — KIS 토큰 발급 완료
2026-09-13 23:15:23,032 [INFO] __main__ — DART corp_code 매핑: 884/907개 (97%)
2026-09-13 23:15:23,032 [INFO] __main__ — 유효 유니버스: 907개
2026-09-13 23:15:23,039 [INFO] __main__ —   → 907개
2026-09-13 23:15:23,039 [INFO] __main__ — ▶ Step 1: 신호 탐지
2026-09-13 23:15:23,039 [INFO] __main__ — NaverClient: 3개 키 로드 (DataLab·검색 독립 회전)
2026-09-13 23:15:23,040 [INFO] __main__ — 관심 지수 및 부정 뉴스 비율 조회 중...
2026-09-13 23:15:25,254 [INFO] __main__ — 봇 주가요약 제외 [흥아해운]: 2건
2026-09-13 23:15:25,274 [INFO] __main__ — 봇 주가요약 제외 [빛과전자]: 2건
2026-09-13 23:15:28,740 [INFO] __main__ — 봇 주가요약 제외 [대한광통신]: 2건
2026-09-13 23:15:28,763 [INFO] __main__ — 봇 주가요약 제외 [드림시큐리티]: 2건
2026-09-13 23:15:28,782 [INFO] __main__ — 봇 주가요약 제외 [삼미금속]: 2건
2026-09-13 23:15:30,296 [INFO] __main__ — 봇 주가요약 제외 [흥구석유]: 1건
2026-09-13 23:15:31,808 [INFO] __main__ — 봇 주가요약 제외 [스트라드비젼]: 1건
2026-09-13 23:15:33,488 [INFO] __main__ — 봇 주가요약 제외 [지투파워]: 2건
2026-09-13 23:15:33,503 [INFO] __main__ — 봇 주가요약 제외 [엑스게이트]: 1건
2026-09-13 23:15:33,806 [INFO] __main__ — 봇 주가요약 제외 [페니트리움바이오]: 1건
2026-09-13 23:15:37,979 [INFO] __main__ — 봇 주가요약 제외 [원익홀딩스]: 2건
2026-09-13 23:15:42,590 [INFO] __main__ — 봇 주가요약 제외 [한국화장품제조]: 2건
2026-09-13 23:15:42,950 [INFO] __main__ — 봇 주가요약 제외 [후성]: 1건
2026-09-13 23:15:44,190 [INFO] __main__ — 봇 주가요약 제외 [성호전자]: 1건
2026-09-13 23:15:48,743 [INFO] __main__ — 봇 주가요약 제외 [대원전선]: 4건
2026-09-13 23:15:49,104 [INFO] __main__ — 봇 주가요약 제외 [대한전선]: 1건
2026-09-13 23:15:49,357 [INFO] __main__ — 봇 주가요약 제외 [더즌]: 1건
2026-09-13 23:15:50,720 [INFO] __main__ — 봇 주가요약 제외 [한전산업]: 1건
2026-09-13 23:15:52,266 [INFO] __main__ — 봇 주가요약 제외 [두산퓨얼셀]: 2건
2026-09-13 23:15:52,975 [INFO] __main__ — 봇 주가요약 제외 [하나마이크론]: 1건
2026-09-13 23:15:53,613 [INFO] __main__ — 봇 주가요약 제외 [고영]: 1건
2026-09-13 23:15:54,782 [INFO] __main__ — 봇 주가요약 제외 [PS일렉트로닉스]: 1건
2026-09-13 23:15:54,967 [INFO] __main__ — 봇 주가요약 제외 [RF머트리얼즈]: 1건
2026-09-13 23:15:57,010 [INFO] __main__ — 봇 주가요약 제외 [제주반도체]: 1건
2026-09-13 23:15:58,372 [INFO] __main__ — 봇 주가요약 제외 [SK이터닉스]: 3건
2026-09-13 23:15:58,815 [INFO] __main__ — 봇 주가요약 제외 [바이오니아]: 1건
2026-09-13 23:15:59,737 [INFO] __main__ — 봇 주가요약 제외 [대성에너지]: 1건
2026-09-13 23:16:07,333 [INFO] __main__ — 봇 주가요약 제외 [대덕전자]: 2건
2026-09-13 23:16:08,656 [INFO] __main__ — 봇 주가요약 제외 [SK아이이테크놀로지]: 1건
2026-09-13 23:16:11,335 [INFO] __main__ — 봇 주가요약 제외 [코스모로보틱스]: 1건
2026-09-13 23:16:16,686 [INFO] __main__ — 봇 주가요약 제외 [필옵틱스]: 2건
2026-09-13 23:16:17,630 [INFO] __main__ — 뉴스 시점 제외 [맥쿼리인프라]: 10건 (>14일/파싱실패)
2026-09-13 23:16:21,705 [INFO] __main__ — 봇 주가요약 제외 [쏠리드]: 1건
2026-09-13 23:16:23,043 [INFO] __main__ — 봇 주가요약 제외 [브이엠]: 2건
2026-09-13 23:16:23,440 [INFO] __main__ — 봇 주가요약 제외 [파두]: 1건
2026-09-13 23:16:30,094 [INFO] __main__ — 봇 주가요약 제외 [휴스틸]: 1건
2026-09-13 23:16:31,805 [INFO] __main__ — 봇 주가요약 제외 [RFHIC]: 1건
2026-09-13 23:16:46,770 [INFO] __main__ — 봇 주가요약 제외 [범한퓨얼셀]: 1건
2026-09-13 23:16:47,525 [INFO] __main__ — 봇 주가요약 제외 [SNT에너지]: 2건
2026-09-13 23:16:51,360 [INFO] __main__ — 봇 주가요약 제외 [태웅]: 2건
2026-09-13 23:16:59,170 [INFO] __main__ — 봇 주가요약 제외 [퍼스텍]: 1건
2026-09-13 23:17:00,525 [INFO] __main__ — 봇 주가요약 제외 [이수페타시스]: 1건
2026-09-13 23:17:01,462 [INFO] __main__ — 봇 주가요약 제외 [LS ELECTRIC]: 1건
2026-09-13 23:17:04,126 [INFO] __main__ — 뉴스 시점 제외 [와이지-원]: 7건 (>14일/파싱실패)
2026-09-13 23:17:04,490 [INFO] __main__ — 봇 주가요약 제외 [엘앤씨바이오]: 1건
2026-09-13 23:17:08,698 [INFO] __main__ — 뉴스 시점 제외 [LS머트리얼즈]: 2건 (>14일/파싱실패)
2026-09-13 23:17:11,466 [INFO] __main__ — 봇 주가요약 제외 [삼현]: 1건
2026-09-13 23:17:14,081 [INFO] __main__ — 봇 주가요약 제외 [두산로보틱스]: 1건
2026-09-13 23:17:14,135 [INFO] __main__ — 봇 주가요약 제외 [산일전기]: 2건
2026-09-13 23:17:20,332 [INFO] __main__ — 봇 주가요약 제외 [유진로봇]: 1건
2026-09-13 23:17:20,912 [INFO] __main__ — 뉴스 시점 제외 [KB스타리츠]: 10건 (>14일/파싱실패)
2026-09-13 23:17:22,232 [INFO] __main__ — 봇 주가요약 제외 [오이솔루션]: 2건
2026-09-13 23:17:26,674 [INFO] __main__ — 뉴스 시점 제외 [동국홀딩스]: 9건 (>14일/파싱실패)
2026-09-13 23:17:29,429 [INFO] __main__ — 봇 주가요약 제외 [OCI홀딩스]: 2건
2026-09-13 23:17:33,408 [INFO] __main__ — 봇 주가요약 제외 [신세계 I&C]: 1건
2026-09-13 23:17:34,785 [INFO] __main__ — 봇 주가요약 제외 [엑시콘]: 1건
2026-09-13 23:17:45,098 [INFO] __main__ — 봇 주가요약 제외 [덕산테코피아]: 1건
2026-09-13 23:17:46,670 [INFO] __main__ — 뉴스 시점 제외 [에코프로머티]: 2건 (>14일/파싱실패)
2026-09-13 23:17:46,670 [INFO] __main__ — 봇 주가요약 제외 [에코프로머티]: 1건
2026-09-13 23:17:47,353 [INFO] __main__ — 봇 주가요약 제외 [나우로보틱스]: 1건
2026-09-13 23:17:50,245 [INFO] __main__ — 봇 주가요약 제외 [씨메스로보틱스]: 1건
2026-09-13 23:17:51,163 [INFO] __main__ — 뉴스 시점 제외 [엘브이엠씨홀딩스]: 10건 (>14일/파싱실패)
2026-09-13 23:17:54,699 [INFO] __main__ — 봇 주가요약 제외 [POSCO홀딩스]: 1건
2026-09-13 23:17:57,016 [INFO] __main__ — 봇 주가요약 제외 [명신산업]: 1건
2026-09-13 23:17:59,241 [INFO] __main__ — 뉴스 시점 제외 [서부T&D]: 3건 (>14일/파싱실패)
2026-09-13 23:18:02,292 [INFO] __main__ — 뉴스 시점 제외 [ESR켄달스퀘어리츠]: 11건 (>14일/파싱실패)
2026-09-13 23:18:06,763 [INFO] __main__ — 봇 주가요약 제외 [삼아알미늄]: 1건
2026-09-13 23:18:09,880 [INFO] __main__ — 봇 주가요약 제외 [로킷헬스케어]: 1건
2026-09-13 23:18:16,142 [INFO] __main__ — 봇 주가요약 제외 [엔켐]: 1건
2026-09-13 23:18:17,920 [INFO] __main__ — 뉴스 시점 제외 [SK리츠]: 5건 (>14일/파싱실패)
2026-09-13 23:18:21,707 [INFO] __main__ — 뉴스 시점 제외 [이지스밸류플러스리츠]: 11건 (>14일/파싱실패)
2026-09-13 23:18:22,896 [INFO] __main__ — 뉴스 시점 제외 [현대힘스]: 7건 (>14일/파싱실패)
2026-09-13 23:18:24,234 [INFO] __main__ — 봇 주가요약 제외 [신흥에스이씨]: 1건
2026-09-13 23:18:36,946 [INFO] __main__ — 봇 주가요약 제외 [세방전지]: 1건
2026-09-13 23:18:37,726 [INFO] __main__ — 뉴스 시점 제외 [KB발해인프라]: 12건 (>14일/파싱실패)
2026-09-13 23:18:38,278 [INFO] __main__ — 봇 주가요약 제외 [로보스타]: 1건
2026-09-13 23:18:38,302 [INFO] __main__ — 봇 주가요약 제외 [전진건설로봇]: 2건
2026-09-13 23:18:41,808 [INFO] __main__ — 뉴스 시점 제외 [미래에셋증권2우B]: 10건 (>14일/파싱실패)
2026-09-13 23:18:43,937 [INFO] __main__ — 봇 주가요약 제외 [코리아써키트]: 1건
2026-09-13 23:18:46,828 [INFO] __main__ — 봇 주가요약 제외 [펩트론]: 2건
2026-09-13 23:18:48,468 [INFO] __main__ — 뉴스 시점 제외 [한양디지텍]: 5건 (>14일/파싱실패)
2026-09-13 23:18:57,283 [INFO] __main__ — 뉴스 시점 제외 [싸이맥스]: 3건 (>14일/파싱실패)
2026-09-13 23:18:59,978 [INFO] __main__ — 뉴스 시점 제외 [삼양컴텍]: 6건 (>14일/파싱실패)
2026-09-13 23:19:02,604 [INFO] __main__ — 뉴스 시점 제외 [나이스정보통신]: 2건 (>14일/파싱실패)
2026-09-13 23:19:08,382 [INFO] __main__ — 봇 주가요약 제외 [파이버프로]: 1건
2026-09-13 23:19:11,303 [INFO] __main__ — 뉴스 시점 제외 [DS단석]: 5건 (>14일/파싱실패)
2026-09-13 23:19:14,405 [INFO] __main__ — 봇 주가요약 제외 [켐트로닉스]: 1건
2026-09-13 23:19:16,412 [INFO] __main__ — 뉴스 시점 제외 [롯데리츠]: 5건 (>14일/파싱실패)
2026-09-13 23:19:17,111 [INFO] __main__ — 봇 주가요약 제외 [비나텍]: 1건
2026-09-13 23:19:22,857 [INFO] __main__ — 부정 키워드 감지: 21개 종목 (neg_ratio > 0)
2026-09-13 23:19:22,859 [INFO] __main__ — 수급일수충족·합계음수 제외: 61개
2026-09-13 23:19:27,615 [INFO] __main__ — 뉴스 시점 제외 [두산우]: 13건 (>14일/파싱실패)
2026-09-13 23:19:29,046 [INFO] __main__ — 뉴스 시점 제외 [삼성전기우]: 9건 (>14일/파싱실패)
2026-09-13 23:19:31,995 [INFO] __main__ — 봇 주가요약 제외 [SNT다이내믹스]: 1건
2026-09-13 23:19:32,746 [INFO] __main__ — 뉴스 시점 제외 [한국금융지주우]: 11건 (>14일/파싱실패)
2026-09-13 23:19:34,208 [INFO] __main__ — 뉴스 시점 제외 [TKG휴켐스]: 1건 (>14일/파싱실패)
2026-09-13 23:19:35,608 [INFO] __main__ — 뉴스 시점 제외 [한화3우B]: 9건 (>14일/파싱실패)
2026-09-13 23:19:35,703 [INFO] __main__ — 뉴스 시점 제외 [세아홀딩스]: 2건 (>14일/파싱실패)
2026-09-13 23:19:36,432 [INFO] __main__ — 뉴스 시점 제외 [CJ4우(전환)]: 13건 (>14일/파싱실패)
2026-09-13 23:19:37,858 [INFO] __main__ — 뉴스 시점 제외 [대신증권우]: 11건 (>14일/파싱실패)
2026-09-13 23:19:37,888 [INFO] __main__ — 뉴스 시점 제외 [삼성FN리츠]: 10건 (>14일/파싱실패)
2026-09-13 23:19:38,617 [INFO] __main__ — 봇 주가요약 제외 [세아제강지주]: 1건
2026-09-13 23:19:39,250 [INFO] __main__ — 뉴스 시점 제외 [NH투자증권우]: 11건 (>14일/파싱실패)
2026-09-13 23:19:40,721 [INFO] __main__ — 뉴스 시점 제외 [현대차3우B]: 9건 (>14일/파싱실패)
2026-09-13 23:19:40,799 [INFO] __main__ — 뉴스 시점 제외 [INVENI]: 7건 (>14일/파싱실패)
2026-09-13 23:19:41,537 [INFO] __main__ — 뉴스 시점 제외 [아세아제지]: 10건 (>14일/파싱실패)
2026-09-13 23:19:42,249 [INFO] __main__ — 뉴스 시점 제외 [두산2우B]: 12건 (>14일/파싱실패)
2026-09-13 23:19:43,858 [INFO] __main__ — 뉴스 시점 제외 [일진홀딩스]: 4건 (>14일/파싱실패)
2026-09-13 23:19:43,870 [INFO] __main__ — 뉴스 시점 제외 [일성아이에스]: 3건 (>14일/파싱실패)
2026-09-13 23:19:44,574 [INFO] __main__ — 뉴스 시점 제외 [S-Oil우]: 9건 (>14일/파싱실패)
2026-09-13 23:19:44,589 [INFO] __main__ — 뉴스 시점 제외 [서울가스]: 10건 (>14일/파싱실패)
2026-09-13 23:19:45,327 [INFO] __main__ — 봇 주가요약 제외 [세방]: 1건
2026-09-13 23:19:47,545 [INFO] __main__ — 뉴스 시점 제외 [SK우]: 10건 (>14일/파싱실패)
2026-09-13 23:19:48,276 [INFO] __main__ — 뉴스 시점 제외 [노루홀딩스]: 7건 (>14일/파싱실패)
2026-09-13 23:19:49,731 [INFO] __main__ — 뉴스 시점 제외 [천일고속]: 14건 (>14일/파싱실패)
2026-09-13 23:19:51,374 [INFO] __main__ — 봇 주가요약 제외 [제룡전기]: 3건
2026-09-13 23:19:53,061 [INFO] __main__ — 뉴스 시점 제외 [매커스]: 7건 (>14일/파싱실패)
2026-09-13 23:19:55,440 [INFO] __main__ — 뉴스 시점 제외 [파트론]: 4건 (>14일/파싱실패)
2026-09-13 23:19:56,160 [INFO] __main__ — 뉴스 시점 제외 [KH바텍]: 2건 (>14일/파싱실패)
2026-09-13 23:19:56,747 [INFO] __main__ — 뉴스 시점 제외 [디지털대성]: 7건 (>14일/파싱실패)
2026-09-13 23:19:57,633 [INFO] __main__ — 뉴스 시점 제외 [오리엔탈정공]: 4건 (>14일/파싱실패)
2026-09-13 23:19:58,205 [INFO] __main__ — 뉴스 시점 제외 [우주일렉트로]: 13건 (>14일/파싱실패)
2026-09-13 23:19:59,083 [INFO] __main__ — 봇 주가요약 제외 [한국정보인증]: 1건
2026-09-13 23:19:59,184 [INFO] __main__ — POOL_A 후보 부정뉴스 2차 조회: 143개
2026-09-13 23:19:59,186 [INFO] __main__ — POOL_A: 421개 (A:276 B:47 동시:98) | 부정게이트 제외:6
  대형:49 중형:199 소형:173
2026-09-13 23:19:59,192 [INFO] __main__ — 대조군 표본(무신호): 40개 / 모집단 486개 → pool_history
2026-09-13 23:19:59,194 [INFO] __main__ —   → POOL_A: 421개
2026-09-13 23:19:59,194 [INFO] __main__ — ▶ Step 2: 하드 필터링
2026-09-13 23:19:59,194 [INFO] __main__ — 하드 필터 제거: 401개 | 과열배제 51 | 이격도상한 15 | 이격도하한 19 | MA추세 241 | RSI과열 12 | 거래대금 63
2026-09-13 23:19:59,196 [INFO] __main__ — 과열 gated 기록: 51개 → gated_tickers
2026-09-13 23:19:59,198 [INFO] __main__ — 대조군 표본(필터탈락): 166개 / 모집단 401개 → pool_history
2026-09-13 23:19:59,199 [INFO] __main__ — POOL_B: 20개 | 대형:0 중형:15 소형:5
2026-09-13 23:19:59,199 [INFO] __main__ —   → POOL_B: 20개
2026-09-13 23:19:59,199 [INFO] __main__ — ▶ Step 3: 스코어링 (FinBERT 감성 분석)
2026-09-13 23:19:59,199 [INFO] __main__ — NaverClient: 3개 키 로드 (DataLab·검색 독립 회전)
2026-09-13 23:19:59,199 [INFO] __main__ — 텍스트 신규 수집: 20종목 (캐시 적중 0종목)
2026-09-13 23:19:59,856 [INFO] __main__ — 봇 주가요약 제외 [SK이터닉스]: 5건
2026-09-13 23:20:04,304 [INFO] __main__ — 봇 주가요약 제외 [후성]: 1건
2026-09-13 23:20:04,571 [INFO] __main__ — 봇 주가요약 제외 [삼아알미늄]: 2건
2026-09-13 23:20:04,573 [INFO] __main__ — 뉴스 시점 제외 [세방전지]: 5건 (>14일/파싱실패)
2026-09-13 23:20:04,573 [INFO] __main__ — 봇 주가요약 제외 [세방전지]: 1건
2026-09-13 23:20:09,219 [INFO] __main__ — 봇 주가요약 제외 [테스]: 2건
2026-09-13 23:20:13,366 [INFO] __main__ — 봇 주가요약 제외 [제주반도체]: 3건
2026-09-13 23:20:17,936 [INFO] __main__ — 봇 주가요약 제외 [지엔씨에너지]: 1건
2026-09-13 23:20:22,576 [INFO] __main__ — 봇 주가요약 제외 [PS일렉트로닉스]: 4건
2026-09-13 23:20:27,142 [INFO] __main__ — 봇 주가요약 제외 [바이오니아]: 1건
2026-09-13 23:20:27,182 [INFO] __main__ — 뉴스 시점 제외 [메가터치]: 16건 (>14일/파싱실패)
2026-09-13 23:20:30,950 [INFO] __main__ — 기사 보존(수집): 180건 (20종목) → news_articles
2026-09-13 23:20:30,953 [INFO] __main__ — 공시 보존(수집): 56건 (20종목) → dart_filings
2026-09-13 23:20:30,954 [INFO] __main__ — 수집 완료: 뉴스 180건 | 공시 56건
2026-09-13 23:20:30,954 [INFO] __main__ — FinBERT 감성 분석 (finbert 모드)...
2026-09-13 23:20:30,954 [INFO] __main__ — FinBERT 로딩: snunlp/KR-FinBert-SC (CPU, batch=8)
2026-09-13 23:20:31,102 [INFO] httpx — HTTP Request: GET https://huggingface.co/api/agent-harnesses "HTTP/1.1 200 OK"
2026-09-13 23:20:31,119 [INFO] httpx — HTTP Request: HEAD https://huggingface.co/snunlp/KR-FinBert-SC/resolve/main/config.json "HTTP/1.1 307 Temporary Redirect"
2026-09-13 23:20:31,119 [WARNING] huggingface_hub.utils._http — Warning: You are sending unauthenticated requests to the HF Hub. Please set a HF_TOKEN to enable higher rate limits and faster downloads.
2026-09-13 23:20:31,125 [INFO] httpx — HTTP Request: HEAD https://huggingface.co/api/resolve-cache/models/snunlp/KR-FinBert-SC/f8586286cc3161fb648e9fee09a456069fd846d0/config.json?%2Fsnunlp%2FKR-FinBert-SC%2Fresolve%2Fmain%2Fconfig.json=&etag=%22bd00b2460e394f69e29e6438699e074cbac9584e%22 "HTTP/1.1 200 OK"
2026-09-13 23:20:31,162 [INFO] httpx — HTTP Request: HEAD https://huggingface.co/snunlp/KR-FinBert-SC/resolve/main/model.safetensors "HTTP/1.1 404 Not Found"
2026-09-13 23:20:31,181 [INFO] httpx — HTTP Request: GET https://huggingface.co/api/models/snunlp/KR-FinBert-SC "HTTP/1.1 200 OK"
2026-09-13 23:20:31,219 [INFO] httpx — HTTP Request: GET https://huggingface.co/api/models/snunlp/KR-FinBert-SC/commits/main "HTTP/1.1 200 OK"
2026-09-13 23:20:31,256 [INFO] httpx — HTTP Request: GET https://huggingface.co/api/models/snunlp/KR-FinBert-SC/discussions?p=0 "HTTP/1.1 200 OK"
2026-09-13 23:20:31,295 [INFO] httpx — HTTP Request: GET https://huggingface.co/api/models/snunlp/KR-FinBert-SC/commits/refs%2Fpr%2F3 "HTTP/1.1 200 OK"
2026-09-13 23:20:31,332 [INFO] httpx — HTTP Request: HEAD https://huggingface.co/snunlp/KR-FinBert-SC/resolve/refs%2Fpr%2F3/model.safetensors.index.json "HTTP/1.1 404 Not Found"
2026-09-13 23:20:31,350 [INFO] httpx — HTTP Request: GET https://huggingface.co/api/models/snunlp/KR-FinBert-SC/tree/main/additional_chat_templates?recursive=false&expand=false "HTTP/1.1 404 Not Found"
2026-09-13 23:20:31,355 [INFO] httpx — HTTP Request: HEAD https://huggingface.co/snunlp/KR-FinBert-SC/resolve/refs%2Fpr%2F3/model.safetensors "HTTP/1.1 302 Found"
2026-09-13 23:20:31,370 [INFO] httpx — HTTP Request: GET https://huggingface.co/api/models/snunlp/KR-FinBert-SC/tree/main?recursive=true&expand=false "HTTP/1.1 200 OK"
2026-09-13 23:20:31,403 [INFO] httpx — HTTP Request: HEAD https://huggingface.co/snunlp/KR-FinBert-SC/resolve/main/processor_config.json "HTTP/1.1 404 Not Found"
2026-09-13 23:20:31,424 [INFO] httpx — HTTP Request: HEAD https://huggingface.co/snunlp/KR-FinBert-SC/resolve/main/video_preprocessor_config.json "HTTP/1.1 404 Not Found"
2026-09-13 23:20:31,446 [INFO] httpx — HTTP Request: HEAD https://huggingface.co/snunlp/KR-FinBert-SC/resolve/main/preprocessor_config.json "HTTP/1.1 404 Not Found"
2026-09-13 23:20:31,447 [INFO] __main__ — FinBERT 로드 완료 (CPU)
2026-09-13 23:20:56,122 [INFO] __main__ — Phase A.1: 매핑 신뢰도 < 0.5 → 감성 점수 폐기 15건
2026-09-13 23:20:56,122 [INFO] __main__ — [shadow] 필드별 검사 기준 폐기 0/20종목 (집행 15건 — 변동 없음)
2026-09-13 23:20:56,122 [INFO] __main__ — 스코어링: 20개 | 집중:0 | FinBERT:finbert
2026-09-13 23:20:56,140 [INFO] __main__ —   → 20개
2026-09-13 23:20:56,140 [INFO] __main__ — ▶ Step 4: 발송
2026-09-13 23:21:01,709 [INFO] __main__ — DB 기록: 14개 / 전체 to_send 14개
2026-09-13 23:21:01,709 [INFO] __main__ — 발송: 14종목 | 누적 4~10회 4 | 신규 0
2026-09-13 23:21:01,709 [INFO] __main__ — 완료  |  소요: 822.1초
2026-09-13 23:21:02,754 [INFO] track_outcomes — pool_history 대조군 6898건 추적 대상 포함
2026-09-13 23:21:02,811 [INFO] track_outcomes — 고아 행 191건 복원 (targets에서 탈락한 미완 키)
2026-09-13 23:21:02,811 [INFO] track_outcomes — 대상 15869건 | 갱신 필요 9234건 | 완료 스킵 6826건
2026-09-13 23:21:02,813 [INFO] track_outcomes —   가격 조회 고유 종목 1505개 (기존 480 + 대조군 추가 1025)
2026-09-13 23:52:41,279 [INFO] track_outcomes — outcomes 적재: 신규 277건 | 갱신(신규+보완) 277건
