2026-08-17 21:37:43,879 [INFO] __main__ — config 검증 완료 ✓
2026-08-17 21:37:43,879 [INFO] __main__ — ============================================================
2026-08-17 21:37:43,879 [INFO] __main__ — AlphaRadar v3.3.1  |  기준일: 20260818
2026-08-17 21:37:43,879 [INFO] __main__ — S = T×0.3 + S_text×0.4 + D×0.3
2026-08-17 21:37:43,880 [INFO] __main__ — ============================================================
2026-08-17 21:37:43,880 [INFO] __main__ — ▶ Step 0: 유니버스 필터링
2026-08-17 21:37:44,029 [INFO] __main__ — FDR 데이터 수집: 20260212 ~ 20260818
2026-08-17 21:37:45,172 [INFO] __main__ — KOSPI: 942개 | 섹터정보 829개 (DART +829개 보완)
2026-08-17 21:37:45,172 [INFO] __main__ — KOSDAQ: 1821개 | 섹터정보 1821개
2026-08-17 21:37:45,172 [INFO] __main__ — 전체: 2763개
2026-08-17 21:37:46,934 [INFO] __main__ — KIS 토큰 발급 완료
2026-08-17 21:51:44,135 [INFO] __main__ — DART corp_code 매핑: 2204/2255개 (97%)
2026-08-17 21:51:44,135 [INFO] __main__ — 유효 유니버스: 2255개
2026-08-17 21:51:44,146 [INFO] __main__ —   → 2255개
2026-08-17 21:51:44,146 [INFO] __main__ — ▶ Step 1: 신호 탐지
2026-08-17 21:51:44,146 [INFO] __main__ — NaverClient: 3개 키 로드 (DataLab·검색 독립 회전)
2026-08-17 21:51:44,146 [INFO] __main__ — 관심 지수 및 부정 뉴스 비율 조회 중...
2026-08-17 21:51:46,856 [INFO] __main__ — 봇 주가요약 제외 [대원전선]: 1건
2026-08-17 21:51:46,875 [INFO] __main__ — 봇 주가요약 제외 [금호타이어]: 1건
2026-08-17 21:51:49,183 [INFO] __main__ — 봇 주가요약 제외 [빛과전자]: 2건
2026-08-17 21:51:50,325 [INFO] __main__ — 봇 주가요약 제외 [PS일렉트로닉스]: 1건
2026-08-17 21:51:51,488 [INFO] __main__ — 봇 주가요약 제외 [광전자]: 1건
2026-08-17 21:51:52,506 [INFO] __main__ — 봇 주가요약 제외 [금호전기]: 1건
2026-08-17 21:51:53,523 [INFO] __main__ — 뉴스 시점 제외 [신스틸]: 3건 (>14일/파싱실패)
2026-08-17 21:51:53,523 [INFO] __main__ — 봇 주가요약 제외 [신스틸]: 1건
2026-08-17 21:51:54,529 [INFO] __main__ — 봇 주가요약 제외 [한라캐스트]: 1건
2026-08-17 21:51:57,657 [INFO] __main__ — 봇 주가요약 제외 [져스텍]: 2건
2026-08-17 21:51:58,802 [INFO] __main__ — 봇 주가요약 제외 [아이로보틱스]: 1건
2026-08-17 21:52:00,798 [INFO] __main__ — 봇 주가요약 제외 [후성]: 1건
2026-08-17 21:52:01,786 [INFO] __main__ — 뉴스 시점 제외 [한켐]: 1건 (>14일/파싱실패)
2026-08-17 21:52:03,013 [INFO] __main__ — 봇 주가요약 제외 [코스모로보틱스]: 3건
2026-08-17 21:52:04,787 [INFO] __main__ — 봇 주가요약 제외 [성호전자]: 1건
2026-08-17 21:52:05,713 [INFO] __main__ — 봇 주가요약 제외 [남화토건]: 1건
2026-08-17 21:52:05,804 [INFO] __main__ — 봇 주가요약 제외 [보성파워텍]: 1건
2026-08-17 21:52:06,075 [INFO] __main__ — 뉴스 시점 제외 [강동씨앤엘]: 9건 (>14일/파싱실패)
2026-08-17 21:52:07,087 [INFO] __main__ — 봇 주가요약 제외 [세아메카닉스]: 1건
2026-08-17 21:52:08,085 [INFO] __main__ — 봇 주가요약 제외 [이랜시스]: 1건
2026-08-17 21:52:08,855 [INFO] __main__ — 봇 주가요약 제외 [우리기술]: 2건
2026-08-17 21:52:09,751 [INFO] __main__ — 봇 주가요약 제외 [코칩]: 1건
2026-08-17 21:52:10,869 [INFO] __main__ — 봇 주가요약 제외 [실리콘투]: 1건
2026-08-17 21:52:13,098 [INFO] __main__ — 봇 주가요약 제외 [HPSP]: 1건
2026-08-17 21:52:17,949 [INFO] __main__ — 뉴스 시점 제외 [화신정공]: 2건 (>14일/파싱실패)
2026-08-17 21:52:20,141 [INFO] __main__ — 봇 주가요약 제외 [휴림로봇]: 1건
2026-08-17 21:52:21,939 [INFO] __main__ — 봇 주가요약 제외 [앤로보틱스]: 1건
2026-08-17 21:52:22,155 [INFO] __main__ — 뉴스 시점 제외 [하이드로리튬]: 7건 (>14일/파싱실패)
2026-08-17 21:52:22,823 [INFO] __main__ — 봇 주가요약 제외 [하나마이크론]: 1건
2026-08-17 21:52:22,932 [INFO] __main__ — 봇 주가요약 제외 [스피어]: 1건
2026-08-17 21:52:25,940 [INFO] __main__ — 봇 주가요약 제외 [디아이씨]: 1건
2026-08-17 21:52:26,830 [INFO] __main__ — 뉴스 시점 제외 [KX하이텍]: 6건 (>14일/파싱실패)
2026-08-17 21:52:27,946 [INFO] __main__ — 뉴스 시점 제외 [삼화전자]: 7건 (>14일/파싱실패)
2026-08-17 21:52:28,839 [INFO] __main__ — 뉴스 시점 제외 [부국철강]: 7건 (>14일/파싱실패)
2026-08-17 21:52:30,185 [INFO] __main__ — 뉴스 시점 제외 [에스에이엠티]: 4건 (>14일/파싱실패)
2026-08-17 21:52:30,943 [INFO] __main__ — 봇 주가요약 제외 [흥구석유]: 1건
2026-08-17 21:52:31,845 [INFO] __main__ — 뉴스 시점 제외 [한성크린텍]: 9건 (>14일/파싱실패)
2026-08-17 21:52:33,187 [INFO] __main__ — 뉴스 시점 제외 [SKAI]: 10건 (>14일/파싱실패)
2026-08-17 21:52:33,861 [INFO] __main__ — 뉴스 시점 제외 [고려산업]: 10건 (>14일/파싱실패)
2026-08-17 21:52:34,955 [INFO] __main__ — 뉴스 시점 제외 [키스트론]: 12건 (>14일/파싱실패)
2026-08-17 21:52:35,188 [INFO] __main__ — 뉴스 시점 제외 [남화산업]: 9건 (>14일/파싱실패)
2026-08-17 21:52:39,875 [INFO] __main__ — 봇 주가요약 제외 [지엔씨에너지]: 2건
2026-08-17 21:52:41,007 [INFO] __main__ — 뉴스 시점 제외 [보해양조]: 4건 (>14일/파싱실패)
2026-08-17 21:52:41,599 [INFO] __main__ — 뉴스 시점 제외 [피제이메탈]: 8건 (>14일/파싱실패)
2026-08-17 21:52:42,599 [INFO] __main__ — 봇 주가요약 제외 [SK오션플랜트]: 1건
2026-08-17 21:52:45,792 [INFO] __main__ — 봇 주가요약 제외 [일승]: 2건
2026-08-17 21:52:51,369 [INFO] __main__ — 뉴스 시점 제외 [SG세계물산]: 4건 (>14일/파싱실패)
2026-08-17 21:52:59,876 [INFO] __main__ — 봇 주가요약 제외 [폴라리스AI]: 1건
2026-08-17 21:53:01,450 [INFO] __main__ — 뉴스 시점 제외 [이수화학]: 9건 (>14일/파싱실패)
2026-08-17 21:53:02,101 [INFO] __main__ — 봇 주가요약 제외 [재영솔루텍]: 1건
2026-08-17 21:53:02,450 [INFO] __main__ — 봇 주가요약 제외 [이노테크]: 1건
2026-08-17 21:53:04,080 [INFO] __main__ — 뉴스 시점 제외 [하이딥]: 8건 (>14일/파싱실패)
2026-08-17 21:53:05,080 [INFO] __main__ — 봇 주가요약 제외 [와이씨]: 5건
2026-08-17 21:53:05,469 [INFO] __main__ — 뉴스 시점 제외 [서부T&D]: 4건 (>14일/파싱실패)
2026-08-17 21:53:11,519 [INFO] __main__ — 봇 주가요약 제외 [일진전기]: 3건
2026-08-17 21:53:12,510 [INFO] __main__ — 봇 주가요약 제외 [이수페타시스]: 2건
2026-08-17 21:53:14,095 [INFO] __main__ — 뉴스 시점 제외 [넥스틸]: 8건 (>14일/파싱실패)
2026-08-17 21:53:14,096 [INFO] __main__ — 봇 주가요약 제외 [넥스틸]: 1건
2026-08-17 21:53:16,107 [INFO] __main__ — 뉴스 시점 제외 [대원강업]: 6건 (>14일/파싱실패)
2026-08-17 21:53:17,102 [INFO] __main__ — 봇 주가요약 제외 [티엘비]: 1건
2026-08-17 21:53:21,128 [INFO] __main__ — 뉴스 시점 제외 [멤레이비티]: 11건 (>14일/파싱실패)
2026-08-17 21:53:25,144 [INFO] __main__ — 뉴스 시점 제외 [엠에스오토텍]: 9건 (>14일/파싱실패)
2026-08-17 21:53:27,079 [INFO] __main__ — 뉴스 시점 제외 [한일사료]: 11건 (>14일/파싱실패)
2026-08-17 21:53:28,153 [INFO] __main__ — 봇 주가요약 제외 [셀바스AI]: 3건
2026-08-17 21:53:31,790 [INFO] __main__ — 뉴스 시점 제외 [THE E&M]: 13건 (>14일/파싱실패)
2026-08-17 21:53:40,616 [INFO] __main__ — 뉴스 시점 제외 [알루코]: 2건 (>14일/파싱실패)
2026-08-17 21:53:44,221 [INFO] __main__ — 뉴스 시점 제외 [우리기술투자]: 8건 (>14일/파싱실패)
2026-08-17 21:53:48,459 [INFO] __main__ — 봇 주가요약 제외 [동진쎄미켐]: 1건
2026-08-17 21:53:51,618 [INFO] __main__ — 뉴스 시점 제외 [세명전기]: 2건 (>14일/파싱실패)
2026-08-17 21:53:53,685 [INFO] __main__ — 봇 주가요약 제외 [OCI홀딩스]: 1건
2026-08-17 21:53:58,665 [INFO] __main__ — 뉴스 시점 제외 [바이오플러스]: 7건 (>14일/파싱실패)
2026-08-17 21:53:59,089 [INFO] __main__ — 뉴스 시점 제외 [미래생명자원]: 8건 (>14일/파싱실패)
2026-08-17 21:54:00,787 [INFO] __main__ — 뉴스 시점 제외 [로체시스템즈]: 11건 (>14일/파싱실패)
2026-08-17 21:54:01,104 [INFO] __main__ — 봇 주가요약 제외 [산일전기]: 2건
2026-08-17 21:54:02,116 [INFO] __main__ — 봇 주가요약 제외 [코리아써키트]: 2건
2026-08-17 21:54:04,805 [INFO] __main__ — 뉴스 시점 제외 [에스와이스틸텍]: 14건 (>14일/파싱실패)
2026-08-17 21:54:08,731 [INFO] __main__ — 뉴스 시점 제외 [더블유에스아이]: 5건 (>14일/파싱실패)
2026-08-17 21:54:09,730 [INFO] __main__ — 뉴스 시점 제외 [KB스타리츠]: 13건 (>14일/파싱실패)
2026-08-17 21:54:13,366 [INFO] __main__ — 뉴스 시점 제외 [대아티아이]: 9건 (>14일/파싱실패)
2026-08-17 21:54:19,749 [INFO] __main__ — 봇 주가요약 제외 [원익QnC]: 1건
2026-08-17 21:54:20,767 [INFO] __main__ — 봇 주가요약 제외 [로보스타]: 1건
2026-08-17 21:54:22,769 [INFO] __main__ — 뉴스 시점 제외 [퀀텀레일]: 2건 (>14일/파싱실패)
2026-08-17 21:54:24,769 [INFO] __main__ — 뉴스 시점 제외 [HB솔루션]: 6건 (>14일/파싱실패)
2026-08-17 21:54:24,881 [INFO] __main__ — 뉴스 시점 제외 [휴스틸]: 3건 (>14일/파싱실패)
2026-08-17 21:54:25,342 [INFO] __main__ — 뉴스 시점 제외 [포스코스틸리온]: 3건 (>14일/파싱실패)
2026-08-17 21:54:25,769 [INFO] __main__ — 봇 주가요약 제외 [삼성에스디에스]: 2건
2026-08-17 21:54:25,877 [INFO] __main__ — 봇 주가요약 제외 [POSCO홀딩스]: 1건
2026-08-17 21:54:26,780 [INFO] __main__ — 뉴스 시점 제외 [수산세보틱스]: 8건 (>14일/파싱실패)
2026-08-17 21:54:28,873 [INFO] __main__ — 뉴스 시점 제외 [ESR켄달스퀘어리츠]: 8건 (>14일/파싱실패)
2026-08-17 21:54:31,364 [INFO] __main__ — 뉴스 시점 제외 [아남전자]: 4건 (>14일/파싱실패)
2026-08-17 21:54:35,996 [INFO] __main__ — 부정 키워드 감지: 21개 종목 (neg_ratio > 0)
2026-08-17 21:54:36,000 [INFO] __main__ — 수급일수충족·합계음수 제외: 122개
2026-08-17 21:54:43,012 [INFO] __main__ — 봇 주가요약 제외 [해성디에스]: 1건
2026-08-17 21:54:44,673 [INFO] __main__ — 봇 주가요약 제외 [삼아알미늄]: 1건
2026-08-17 21:54:46,371 [INFO] __main__ — 뉴스 시점 제외 [맵스리얼티]: 15건 (>14일/파싱실패)
2026-08-17 21:54:47,634 [INFO] __main__ — 뉴스 시점 제외 [전진건설로봇]: 7건 (>14일/파싱실패)
2026-08-17 21:54:48,340 [INFO] __main__ — 뉴스 시점 제외 [대신증권우]: 14건 (>14일/파싱실패)
2026-08-17 21:54:49,325 [INFO] __main__ — 뉴스 시점 제외 [조광피혁]: 14건 (>14일/파싱실패)
2026-08-17 21:54:49,469 [INFO] __main__ — 뉴스 시점 제외 [코람코더원리츠]: 11건 (>14일/파싱실패)
2026-08-17 21:54:49,755 [INFO] __main__ — 뉴스 시점 제외 [농심홀딩스]: 3건 (>14일/파싱실패)
2026-08-17 21:54:50,038 [INFO] __main__ — 뉴스 시점 제외 [KISCO홀딩스]: 4건 (>14일/파싱실패)
2026-08-17 21:54:50,452 [INFO] __main__ — 뉴스 시점 제외 [케이씨]: 5건 (>14일/파싱실패)
2026-08-17 21:54:50,889 [INFO] __main__ — 뉴스 시점 제외 [HL홀딩스]: 1건 (>14일/파싱실패)
2026-08-17 21:54:52,429 [INFO] __main__ — 뉴스 시점 제외 [삼성물산우B]: 14건 (>14일/파싱실패)
2026-08-17 21:54:52,720 [INFO] __main__ — 뉴스 시점 제외 [두산2우B]: 15건 (>14일/파싱실패)
2026-08-17 21:54:53,970 [INFO] __main__ — 봇 주가요약 제외 [서흥]: 1건
2026-08-17 21:54:54,237 [INFO] __main__ — 뉴스 시점 제외 [코스맥스비티아이]: 2건 (>14일/파싱실패)
2026-08-17 21:54:54,260 [INFO] __main__ — 뉴스 시점 제외 [미창석유]: 12건 (>14일/파싱실패)
2026-08-17 21:54:54,836 [INFO] __main__ — 뉴스 시점 제외 [서울가스]: 12건 (>14일/파싱실패)
2026-08-17 21:54:57,046 [INFO] __main__ — 뉴스 시점 제외 [노루홀딩스]: 13건 (>14일/파싱실패)
2026-08-17 21:54:57,213 [INFO] __main__ — 뉴스 시점 제외 [모토닉]: 12건 (>14일/파싱실패)
2026-08-17 21:54:57,354 [INFO] __main__ — 뉴스 시점 제외 [한농화성]: 3건 (>14일/파싱실패)
2026-08-17 21:54:58,365 [INFO] __main__ — 뉴스 시점 제외 [유화증권]: 6건 (>14일/파싱실패)
2026-08-17 21:54:58,727 [INFO] __main__ — 뉴스 시점 제외 [삼익THK]: 5건 (>14일/파싱실패)
2026-08-17 21:54:59,488 [INFO] __main__ — 뉴스 시점 제외 [에스엠벡셀]: 5건 (>14일/파싱실패)
2026-08-17 21:54:59,845 [INFO] __main__ — 뉴스 시점 제외 [조선내화]: 10건 (>14일/파싱실패)
2026-08-17 21:55:00,051 [INFO] __main__ — 뉴스 시점 제외 [대창단조]: 11건 (>14일/파싱실패)
2026-08-17 21:55:00,619 [INFO] __main__ — 뉴스 시점 제외 [한국주철관]: 8건 (>14일/파싱실패)
2026-08-17 21:55:01,182 [INFO] __main__ — 뉴스 시점 제외 [이구산업]: 9건 (>14일/파싱실패)
2026-08-17 21:55:01,341 [INFO] __main__ — 뉴스 시점 제외 [한진중공업홀딩스]: 13건 (>14일/파싱실패)
2026-08-17 21:55:01,902 [INFO] __main__ — 뉴스 시점 제외 [태경산업]: 7건 (>14일/파싱실패)
2026-08-17 21:55:02,309 [INFO] __main__ — 뉴스 시점 제외 [경동도시가스]: 6건 (>14일/파싱실패)
2026-08-17 21:55:02,464 [INFO] __main__ — 뉴스 시점 제외 [현대코퍼레이션홀딩스]: 12건 (>14일/파싱실패)
2026-08-17 21:55:02,639 [INFO] __main__ — 뉴스 시점 제외 [제일파마홀딩스]: 7건 (>14일/파싱실패)
2026-08-17 21:55:03,024 [INFO] __main__ — 뉴스 시점 제외 [태림포장]: 8건 (>14일/파싱실패)
2026-08-17 21:55:03,207 [INFO] __main__ — 뉴스 시점 제외 [신영와코루]: 4건 (>14일/파싱실패)
2026-08-17 21:55:03,442 [INFO] __main__ — 뉴스 시점 제외 [경동인베스트]: 12건 (>14일/파싱실패)
2026-08-17 21:55:03,586 [INFO] __main__ — 뉴스 시점 제외 [세원정공]: 12건 (>14일/파싱실패)
2026-08-17 21:55:03,774 [INFO] __main__ — 뉴스 시점 제외 [세이브존I&C]: 13건 (>14일/파싱실패)
2026-08-17 21:55:04,564 [INFO] __main__ — 뉴스 시점 제외 [영보화학]: 13건 (>14일/파싱실패)
2026-08-17 21:55:05,127 [INFO] __main__ — 뉴스 시점 제외 [NI스틸]: 14건 (>14일/파싱실패)
2026-08-17 21:55:05,274 [INFO] __main__ — 뉴스 시점 제외 [동인기연]: 14건 (>14일/파싱실패)
2026-08-17 21:55:05,451 [INFO] __main__ — 뉴스 시점 제외 [DKME]: 13건 (>14일/파싱실패)
2026-08-17 21:55:05,690 [INFO] __main__ — 뉴스 시점 제외 [유한양행우]: 15건 (>14일/파싱실패)
2026-08-17 21:55:06,252 [INFO] __main__ — 뉴스 시점 제외 [사조오양]: 7건 (>14일/파싱실패)
2026-08-17 21:55:06,395 [INFO] __main__ — 뉴스 시점 제외 [대림바스]: 10건 (>14일/파싱실패)
2026-08-17 21:55:06,592 [INFO] __main__ — 뉴스 시점 제외 [동방아그로]: 9건 (>14일/파싱실패)
2026-08-17 21:55:07,555 [INFO] __main__ — 뉴스 시점 제외 [삼정펄프]: 14건 (>14일/파싱실패)
2026-08-17 21:55:07,703 [INFO] __main__ — 뉴스 시점 제외 [페이퍼코리아]: 14건 (>14일/파싱실패)
2026-08-17 21:55:08,511 [INFO] __main__ — 뉴스 시점 제외 [보락]: 5건 (>14일/파싱실패)
2026-08-17 21:55:08,829 [INFO] __main__ — 뉴스 시점 제외 [기신정기]: 15건 (>14일/파싱실패)
2026-08-17 21:55:09,065 [INFO] __main__ — 뉴스 시점 제외 [BYC우]: 8건 (>14일/파싱실패)
2026-08-17 21:55:09,235 [INFO] __main__ — 뉴스 시점 제외 [유안타증권우]: 15건 (>14일/파싱실패)
2026-08-17 21:55:09,387 [INFO] __main__ — 뉴스 시점 제외 [롯데칠성우]: 15건 (>14일/파싱실패)
2026-08-17 21:55:09,958 [INFO] __main__ — 뉴스 시점 제외 [DL이앤씨우]: 15건 (>14일/파싱실패)
2026-08-17 21:55:10,190 [INFO] __main__ — 뉴스 시점 제외 [대덕전자1우]: 15건 (>14일/파싱실패)
2026-08-17 21:55:10,758 [INFO] __main__ — 뉴스 시점 제외 [씨아이테크]: 10건 (>14일/파싱실패)
2026-08-17 21:55:10,918 [INFO] __main__ — 뉴스 시점 제외 [상신브레이크]: 6건 (>14일/파싱실패)
2026-08-17 21:55:11,071 [INFO] __main__ — 뉴스 시점 제외 [미래에셋맵스리츠]: 15건 (>14일/파싱실패)
2026-08-17 21:55:11,322 [INFO] __main__ — 뉴스 시점 제외 [DYP]: 12건 (>14일/파싱실패)
2026-08-17 21:55:12,080 [INFO] __main__ — 뉴스 시점 제외 [DL우]: 15건 (>14일/파싱실패)
2026-08-17 21:55:12,642 [INFO] __main__ — 뉴스 시점 제외 [세우글로벌]: 15건 (>14일/파싱실패)
2026-08-17 21:55:12,757 [INFO] __main__ — 뉴스 시점 제외 [우진플라임]: 14건 (>14일/파싱실패)
2026-08-17 21:55:13,203 [INFO] __main__ — 뉴스 시점 제외 [동일제강]: 10건 (>14일/파싱실패)
2026-08-17 21:55:15,252 [INFO] __main__ — 봇 주가요약 제외 [유일로보틱스]: 1건
2026-08-17 21:55:15,572 [INFO] __main__ — 뉴스 시점 제외 [다우데이타]: 10건 (>14일/파싱실패)
2026-08-17 21:55:16,180 [INFO] __main__ — 뉴스 시점 제외 [이엔에프테크놀로지]: 5건 (>14일/파싱실패)
2026-08-17 21:55:17,706 [INFO] __main__ — 뉴스 시점 제외 [가온칩스]: 4건 (>14일/파싱실패)
2026-08-17 21:55:17,706 [INFO] __main__ — 봇 주가요약 제외 [가온칩스]: 4건
2026-08-17 21:55:20,963 [INFO] __main__ — 뉴스 시점 제외 [인탑스]: 3건 (>14일/파싱실패)
2026-08-17 21:55:22,397 [INFO] __main__ — 뉴스 시점 제외 [한국알콜]: 6건 (>14일/파싱실패)
2026-08-17 21:55:22,648 [INFO] __main__ — 뉴스 시점 제외 [제이브이엠]: 2건 (>14일/파싱실패)
2026-08-17 21:55:23,336 [INFO] __main__ — 뉴스 시점 제외 [KH바텍]: 3건 (>14일/파싱실패)
2026-08-17 21:55:29,010 [INFO] __main__ — 뉴스 시점 제외 [국보디자인]: 8건 (>14일/파싱실패)
2026-08-17 21:55:29,989 [INFO] __main__ — 봇 주가요약 제외 [제일일렉트릭]: 1건
2026-08-17 21:55:30,145 [INFO] __main__ — 뉴스 시점 제외 [슈피겐코리아]: 3건 (>14일/파싱실패)
2026-08-17 21:55:30,277 [INFO] __main__ — 뉴스 시점 제외 [빅솔론]: 14건 (>14일/파싱실패)
2026-08-17 21:55:30,546 [INFO] __main__ — 뉴스 시점 제외 [아이디스]: 7건 (>14일/파싱실패)
2026-08-17 21:55:31,281 [INFO] __main__ — 뉴스 시점 제외 [코리아에프티]: 3건 (>14일/파싱실패)
2026-08-17 21:55:32,532 [INFO] __main__ — 뉴스 시점 제외 [퓨릿]: 10건 (>14일/파싱실패)
2026-08-17 21:55:32,795 [INFO] __main__ — 뉴스 시점 제외 [시너지이노베이션]: 8건 (>14일/파싱실패)
2026-08-17 21:55:32,955 [INFO] __main__ — 뉴스 시점 제외 [삼보판지]: 14건 (>14일/파싱실패)
2026-08-17 21:55:34,091 [INFO] __main__ — 뉴스 시점 제외 [동방메디컬]: 4건 (>14일/파싱실패)
2026-08-17 21:55:34,786 [INFO] __main__ — 뉴스 시점 제외 [솔본]: 11건 (>14일/파싱실패)
2026-08-17 21:55:35,216 [INFO] __main__ — 뉴스 시점 제외 [성도이엔지]: 10건 (>14일/파싱실패)
2026-08-17 21:55:35,346 [INFO] __main__ — 뉴스 시점 제외 [엠에스씨]: 12건 (>14일/파싱실패)
2026-08-17 21:55:35,778 [INFO] __main__ — 뉴스 시점 제외 [푸드나무]: 11건 (>14일/파싱실패)
2026-08-17 21:55:37,022 [INFO] __main__ — 뉴스 시점 제외 [유아이엘]: 12건 (>14일/파싱실패)
2026-08-17 21:55:37,578 [INFO] __main__ — 뉴스 시점 제외 [케이엔더블유]: 13건 (>14일/파싱실패)
2026-08-17 21:55:40,096 [INFO] __main__ — 뉴스 시점 제외 [스톰테크]: 12건 (>14일/파싱실패)
2026-08-17 21:55:41,216 [INFO] __main__ — 뉴스 시점 제외 [로보로보]: 4건 (>14일/파싱실패)
2026-08-17 21:55:41,390 [INFO] __main__ — 뉴스 시점 제외 [대림제지]: 12건 (>14일/파싱실패)
2026-08-17 21:55:41,488 [INFO] __main__ — 뉴스 시점 제외 [제닉스로보틱스]: 11건 (>14일/파싱실패)
2026-08-17 21:55:41,766 [INFO] __main__ — 뉴스 시점 제외 [지니너스]: 12건 (>14일/파싱실패)
2026-08-17 21:55:41,944 [INFO] __main__ — 뉴스 시점 제외 [MDS테크]: 8건 (>14일/파싱실패)
2026-08-17 21:55:43,353 [INFO] __main__ — 뉴스 시점 제외 [에코플라스틱]: 7건 (>14일/파싱실패)
2026-08-17 21:55:43,470 [INFO] __main__ — 뉴스 시점 제외 [나이스디앤비]: 8건 (>14일/파싱실패)
2026-08-17 21:55:44,471 [INFO] __main__ — 뉴스 시점 제외 [쎄니트]: 14건 (>14일/파싱실패)
2026-08-17 21:55:44,728 [INFO] __main__ — 뉴스 시점 제외 [이상네트웍스]: 15건 (>14일/파싱실패)
2026-08-17 21:55:45,174 [INFO] __main__ — 뉴스 시점 제외 [블루콤]: 5건 (>14일/파싱실패)
2026-08-17 21:55:45,285 [INFO] __main__ — 뉴스 시점 제외 [선바이오]: 12건 (>14일/파싱실패)
2026-08-17 21:55:45,741 [INFO] __main__ — 뉴스 시점 제외 [삼현철강]: 12건 (>14일/파싱실패)
2026-08-17 21:55:46,451 [INFO] __main__ — 뉴스 시점 제외 [피제이전자]: 11건 (>14일/파싱실패)
2026-08-17 21:55:46,455 [INFO] __main__ — 뉴스 시점 제외 [라이온켐텍]: 8건 (>14일/파싱실패)
2026-08-17 21:55:47,719 [INFO] __main__ — 뉴스 시점 제외 [시공테크]: 5건 (>14일/파싱실패)
2026-08-17 21:55:47,730 [INFO] __main__ — 뉴스 시점 제외 [이엠텍]: 11건 (>14일/파싱실패)
2026-08-17 21:55:48,271 [INFO] __main__ — 뉴스 시점 제외 [아이디피]: 15건 (>14일/파싱실패)
2026-08-17 21:55:48,974 [INFO] __main__ — 뉴스 시점 제외 [블랙야크아이앤씨]: 8건 (>14일/파싱실패)
2026-08-17 21:55:49,665 [INFO] __main__ — 뉴스 시점 제외 [엔젯]: 11건 (>14일/파싱실패)
2026-08-17 21:55:50,089 [INFO] __main__ — 뉴스 시점 제외 [레뷰코퍼레이션]: 13건 (>14일/파싱실패)
2026-08-17 21:55:50,350 [INFO] __main__ — 뉴스 시점 제외 [센코]: 5건 (>14일/파싱실패)
2026-08-17 21:55:50,359 [INFO] __main__ — 뉴스 시점 제외 [스마트레이더시스템]: 10건 (>14일/파싱실패)
2026-08-17 21:55:51,043 [INFO] __main__ — 뉴스 시점 제외 [샌즈랩]: 8건 (>14일/파싱실패)
2026-08-17 21:55:51,614 [INFO] __main__ — 뉴스 시점 제외 [동일금속]: 12건 (>14일/파싱실패)
2026-08-17 21:55:51,889 [INFO] __main__ — 뉴스 시점 제외 [푸드웰]: 9건 (>14일/파싱실패)
2026-08-17 21:55:52,734 [INFO] __main__ — 뉴스 시점 제외 [셀바이오휴먼텍]: 7건 (>14일/파싱실패)
2026-08-17 21:55:53,300 [INFO] __main__ — 뉴스 시점 제외 [와이어블]: 7건 (>14일/파싱실패)
2026-08-17 21:55:53,309 [INFO] __main__ — 뉴스 시점 제외 [코스리거글로벌]: 10건 (>14일/파싱실패)
2026-08-17 21:55:53,871 [INFO] __main__ — 뉴스 시점 제외 [유비벨록스]: 11건 (>14일/파싱실패)
2026-08-17 21:55:53,883 [INFO] __main__ — 뉴스 시점 제외 [한국전자인증]: 6건 (>14일/파싱실패)
2026-08-17 21:55:54,571 [INFO] __main__ — 뉴스 시점 제외 [오픈베이스]: 4건 (>14일/파싱실패)
2026-08-17 21:55:55,140 [INFO] __main__ — 뉴스 시점 제외 [대주산업]: 12건 (>14일/파싱실패)
2026-08-17 21:55:56,389 [INFO] __main__ — 뉴스 시점 제외 [토탈소프트]: 9건 (>14일/파싱실패)
2026-08-17 21:55:56,413 [INFO] __main__ — 뉴스 시점 제외 [디티씨]: 3건 (>14일/파싱실패)
2026-08-17 21:55:56,959 [INFO] __main__ — 뉴스 시점 제외 [위지트]: 8건 (>14일/파싱실패)
2026-08-17 21:55:56,965 [INFO] __main__ — 뉴스 시점 제외 [코닉오토메이션]: 9건 (>14일/파싱실패)
2026-08-17 21:55:58,110 [INFO] __main__ — 뉴스 시점 제외 [에이테크솔루션]: 14건 (>14일/파싱실패)
2026-08-17 21:55:58,688 [INFO] __main__ — 뉴스 시점 제외 [대성창투]: 7건 (>14일/파싱실패)
2026-08-17 21:55:59,260 [INFO] __main__ — 뉴스 시점 제외 [삼진식품]: 13건 (>14일/파싱실패)
2026-08-17 21:55:59,372 [INFO] __main__ — 뉴스 시점 제외 [모티브링크]: 9건 (>14일/파싱실패)
2026-08-17 21:55:59,821 [INFO] __main__ — 뉴스 시점 제외 [경창산업]: 6건 (>14일/파싱실패)
2026-08-17 21:55:59,822 [INFO] __main__ — 뉴스 시점 제외 [홈캐스트]: 15건 (>14일/파싱실패)
2026-08-17 21:56:00,955 [INFO] __main__ — 뉴스 시점 제외 [프로이천]: 8건 (>14일/파싱실패)
2026-08-17 21:56:00,973 [INFO] __main__ — 봇 주가요약 제외 [에이텀]: 1건
2026-08-17 21:56:01,539 [INFO] __main__ — 뉴스 시점 제외 [ES큐브]: 15건 (>14일/파싱실패)
2026-08-17 21:56:01,624 [INFO] __main__ — 뉴스 시점 제외 [YW]: 15건 (>14일/파싱실패)
2026-08-17 21:56:03,216 [INFO] __main__ — 뉴스 시점 제외 [앱코]: 5건 (>14일/파싱실패)
2026-08-17 21:56:04,408 [INFO] __main__ — 뉴스 시점 제외 [상신전자]: 9건 (>14일/파싱실패)
2026-08-17 21:56:04,972 [INFO] __main__ — 뉴스 시점 제외 [한국팩키지]: 14건 (>14일/파싱실패)
2026-08-17 21:56:06,109 [INFO] __main__ — 뉴스 시점 제외 [콜마바이오텍]: 12건 (>14일/파싱실패)
2026-08-17 21:56:06,298 [INFO] __main__ — 뉴스 시점 제외 [씨큐브]: 12건 (>14일/파싱실패)
2026-08-17 21:56:06,864 [INFO] __main__ — 뉴스 시점 제외 [동일기연]: 10건 (>14일/파싱실패)
2026-08-17 21:56:07,421 [INFO] __main__ — 뉴스 시점 제외 [DH오토리드]: 12건 (>14일/파싱실패)
2026-08-17 21:56:07,747 [INFO] __main__ — 뉴스 시점 제외 [백금T&A]: 5건 (>14일/파싱실패)
2026-08-17 21:56:07,981 [INFO] __main__ — 뉴스 시점 제외 [서연탑메탈]: 9건 (>14일/파싱실패)
2026-08-17 21:56:08,312 [INFO] __main__ — 뉴스 시점 제외 [이엠넷]: 12건 (>14일/파싱실패)
2026-08-17 21:56:09,485 [INFO] __main__ — 뉴스 시점 제외 [코셈]: 15건 (>14일/파싱실패)
2026-08-17 21:56:09,646 [INFO] __main__ — 뉴스 시점 제외 [에코캡]: 10건 (>14일/파싱실패)
2026-08-17 21:56:09,992 [INFO] __main__ — 뉴스 시점 제외 [오디텍]: 2건 (>14일/파싱실패)
2026-08-17 21:56:10,207 [INFO] __main__ — 뉴스 시점 제외 [다산디엠씨]: 10건 (>14일/파싱실패)
2026-08-17 21:56:11,719 [INFO] __main__ — 뉴스 시점 제외 [메가엠디]: 7건 (>14일/파싱실패)
2026-08-17 21:56:12,285 [INFO] __main__ — 뉴스 시점 제외 [제이엔비]: 11건 (>14일/파싱실패)
2026-08-17 21:56:12,851 [INFO] __main__ — 뉴스 시점 제외 [케이씨티]: 12건 (>14일/파싱실패)
2026-08-17 21:56:13,377 [INFO] __main__ — 뉴스 시점 제외 [티디에스팜]: 12건 (>14일/파싱실패)
2026-08-17 21:56:13,940 [INFO] __main__ — 뉴스 시점 제외 [에스에이티]: 13건 (>14일/파싱실패)
2026-08-17 21:56:14,503 [INFO] __main__ — 뉴스 시점 제외 [에스프리즘]: 13건 (>14일/파싱실패)
2026-08-17 21:56:15,067 [INFO] __main__ — 뉴스 시점 제외 [팸텍]: 2건 (>14일/파싱실패)
2026-08-17 21:56:15,102 [INFO] __main__ — 뉴스 시점 제외 [시큐브]: 9건 (>14일/파싱실패)
2026-08-17 21:56:15,290 [INFO] __main__ — 뉴스 시점 제외 [신화콘텍]: 12건 (>14일/파싱실패)
2026-08-17 21:56:15,391 [INFO] __main__ — POOL_A 후보 부정뉴스 2차 조회: 517개
2026-08-17 21:56:15,394 [INFO] __main__ — POOL_A: 739개 (A:723 B:5 동시:11) | 부정게이트 제외:5
  대형:42 중형:125 소형:572
2026-08-17 21:56:15,401 [INFO] __main__ — 대조군 표본(무신호): 40개 / 모집단 1516개 → pool_history
2026-08-17 21:56:15,404 [INFO] __main__ —   → POOL_A: 739개
2026-08-17 21:56:15,404 [INFO] __main__ — ▶ Step 2: 하드 필터링
2026-08-17 21:56:15,405 [INFO] __main__ — 하드 필터 제거: 722개 | 과열배제 130 | 이격도상한 49 | 이격도하한 12 | MA추세 486 | RSI과열 6 | 거래대금 39
2026-08-17 21:56:15,408 [INFO] __main__ — 과열 gated 기록: 130개 → gated_tickers
2026-08-17 21:56:15,410 [INFO] __main__ — 대조군 표본(필터탈락): 177개 / 모집단 722개 → pool_history
2026-08-17 21:56:15,411 [INFO] __main__ — POOL_B: 17개 | 대형:0 중형:6 소형:11
2026-08-17 21:56:15,411 [INFO] __main__ —   → POOL_B: 17개
2026-08-17 21:56:15,411 [INFO] __main__ — ▶ Step 3: 스코어링 (FinBERT 감성 분석)
2026-08-17 21:56:15,411 [INFO] __main__ — NaverClient: 3개 키 로드 (DataLab·검색 독립 회전)
2026-08-17 21:56:15,411 [INFO] __main__ — 텍스트 신규 수집: 17종목 (캐시 적중 0종목)
2026-08-17 21:56:15,891 [INFO] __main__ — 봇 주가요약 제외 [SK이터닉스]: 1건
2026-08-17 21:56:15,893 [INFO] __main__ — 봇 주가요약 제외 [서흥]: 1건
2026-08-17 21:56:19,575 [INFO] __main__ — 뉴스 시점 제외 [에스에이엠티]: 19건 (>14일/파싱실패)
2026-08-17 21:56:19,600 [INFO] __main__ — 뉴스 시점 제외 [와이지-원]: 19건 (>14일/파싱실패)
2026-08-17 21:56:26,798 [INFO] __main__ — 뉴스 시점 제외 [한국알콜]: 21건 (>14일/파싱실패)
2026-08-17 21:56:30,302 [INFO] __main__ — 뉴스 시점 제외 [비엠티]: 16건 (>14일/파싱실패)
2026-08-17 21:56:33,781 [INFO] __main__ — 뉴스 시점 제외 [화신정공]: 17건 (>14일/파싱실패)
2026-08-17 21:56:33,839 [INFO] __main__ — 뉴스 시점 제외 [청담글로벌]: 20건 (>14일/파싱실패)
2026-08-17 21:56:36,944 [INFO] __main__ — 기사 보존(수집): 128건 (17종목) → news_articles
2026-08-17 21:56:36,947 [INFO] __main__ — 공시 보존(수집): 46건 (17종목) → dart_filings
2026-08-17 21:56:36,948 [INFO] __main__ — 수집 완료: 뉴스 128건 | 공시 46건
2026-08-17 21:56:36,948 [INFO] __main__ — FinBERT 감성 분석 (finbert 모드)...
2026-08-17 21:56:36,948 [INFO] __main__ — FinBERT 로딩: snunlp/KR-FinBert-SC (CPU, batch=8)
2026-08-17 21:56:37,062 [INFO] httpx — HTTP Request: GET https://huggingface.co/api/agent-harnesses "HTTP/1.1 200 OK"
2026-08-17 21:56:37,144 [INFO] httpx — HTTP Request: HEAD https://huggingface.co/snunlp/KR-FinBert-SC/resolve/main/config.json "HTTP/1.1 307 Temporary Redirect"
2026-08-17 21:56:37,144 [WARNING] huggingface_hub.utils._http — Warning: You are sending unauthenticated requests to the HF Hub. Please set a HF_TOKEN to enable higher rate limits and faster downloads.
2026-08-17 21:56:37,150 [INFO] httpx — HTTP Request: HEAD https://huggingface.co/api/resolve-cache/models/snunlp/KR-FinBert-SC/f8586286cc3161fb648e9fee09a456069fd846d0/config.json "HTTP/1.1 200 OK"
2026-08-17 21:56:37,252 [INFO] httpx — HTTP Request: HEAD https://huggingface.co/snunlp/KR-FinBert-SC/resolve/main/model.safetensors "HTTP/1.1 404 Not Found"
2026-08-17 21:56:37,338 [INFO] httpx — HTTP Request: GET https://huggingface.co/api/models/snunlp/KR-FinBert-SC "HTTP/1.1 200 OK"
2026-08-17 21:56:37,432 [INFO] httpx — HTTP Request: GET https://huggingface.co/api/models/snunlp/KR-FinBert-SC/commits/main "HTTP/1.1 200 OK"
2026-08-17 21:56:37,494 [INFO] httpx — HTTP Request: GET https://huggingface.co/api/models/snunlp/KR-FinBert-SC/tree/main/additional_chat_templates?recursive=false&expand=false "HTTP/1.1 404 Not Found"
2026-08-17 21:56:37,518 [INFO] httpx — HTTP Request: GET https://huggingface.co/api/models/snunlp/KR-FinBert-SC/discussions?p=0 "HTTP/1.1 200 OK"
2026-08-17 21:56:37,571 [INFO] httpx — HTTP Request: GET https://huggingface.co/api/models/snunlp/KR-FinBert-SC/tree/main?recursive=true&expand=false "HTTP/1.1 200 OK"
2026-08-17 21:56:37,607 [INFO] httpx — HTTP Request: GET https://huggingface.co/api/models/snunlp/KR-FinBert-SC/commits/refs%2Fpr%2F3 "HTTP/1.1 200 OK"
2026-08-17 21:56:37,667 [INFO] httpx — HTTP Request: HEAD https://huggingface.co/snunlp/KR-FinBert-SC/resolve/main/processor_config.json "HTTP/1.1 404 Not Found"
2026-08-17 21:56:37,683 [INFO] httpx — HTTP Request: HEAD https://huggingface.co/snunlp/KR-FinBert-SC/resolve/refs%2Fpr%2F3/model.safetensors.index.json "HTTP/1.1 404 Not Found"
2026-08-17 21:56:37,743 [INFO] httpx — HTTP Request: HEAD https://huggingface.co/snunlp/KR-FinBert-SC/resolve/main/video_preprocessor_config.json "HTTP/1.1 404 Not Found"
2026-08-17 21:56:37,765 [INFO] httpx — HTTP Request: HEAD https://huggingface.co/snunlp/KR-FinBert-SC/resolve/refs%2Fpr%2F3/model.safetensors "HTTP/1.1 302 Found"
2026-08-17 21:56:37,824 [INFO] httpx — HTTP Request: HEAD https://huggingface.co/snunlp/KR-FinBert-SC/resolve/main/preprocessor_config.json "HTTP/1.1 404 Not Found"
2026-08-17 21:56:37,825 [INFO] __main__ — FinBERT 로드 완료 (CPU)
2026-08-17 21:56:43,325 [INFO] __main__ — Phase A.1: 매핑 신뢰도 < 0.5 → 감성 점수 폐기 13건
2026-08-17 21:56:43,325 [INFO] __main__ — 스코어링: 17개 | 집중:0 | FinBERT:finbert
2026-08-17 21:56:43,341 [INFO] __main__ —   → 17개
2026-08-17 21:56:43,342 [INFO] __main__ — ▶ Step 4: 발송
2026-08-17 21:56:48,532 [INFO] __main__ — DB 기록: 13개 / 전체 to_send 13개
2026-08-17 21:56:48,532 [INFO] __main__ — 발송: 13종목 | 누적 4~10회 4 | 신규 0
2026-08-17 21:56:48,532 [INFO] __main__ — 완료  |  소요: 1144.7초
2026-08-18 10:01:47,092 [INFO] __main__ — config 검증 완료 ✓
2026-08-18 10:01:47,092 [INFO] __main__ — KIS 조회 도메인: 실전 (https://openapi.koreainvestment.com:9443)
2026-08-18 10:01:47,092 [INFO] __main__ — ============================================================
2026-08-18 10:01:47,092 [INFO] __main__ — AlphaRadar v3.3.1  |  기준일: 20260818
2026-08-18 10:01:47,092 [INFO] __main__ — S = T×0.3 + S_text×0.4 + D×0.3
2026-08-18 10:01:47,092 [INFO] __main__ — ============================================================
2026-08-18 10:01:47,092 [INFO] __main__ — ▶ Step 0: 유니버스 필터링
2026-08-18 10:01:47,240 [INFO] __main__ — FDR 데이터 수집: 20260212 ~ 20260818
2026-08-18 10:01:48,336 [INFO] __main__ — KOSPI: 942개 | 섹터정보 829개 (DART +829개 보완)
2026-08-18 10:01:48,337 [INFO] __main__ — KOSDAQ: 1821개 | 섹터정보 1821개
2026-08-18 10:01:48,337 [INFO] __main__ — 전체: 2763개
2026-08-18 10:01:50,162 [INFO] __main__ — KIS 토큰 발급 완료
2026-08-18 10:10:48,331 [INFO] __main__ — DART corp_code 매핑: 2195/2246개 (97%)
2026-08-18 10:10:48,332 [INFO] __main__ — 유효 유니버스: 2246개
2026-08-18 10:10:48,343 [INFO] __main__ —   → 2246개
2026-08-18 10:10:48,343 [INFO] __main__ — ▶ Step 1: 신호 탐지
2026-08-18 10:10:48,343 [INFO] __main__ — NaverClient: 3개 키 로드 (DataLab·검색 독립 회전)
2026-08-18 10:10:48,343 [INFO] __main__ — 관심 지수 및 부정 뉴스 비율 조회 중...
2026-08-18 10:10:51,187 [INFO] __main__ — 봇 주가요약 제외 [대원전선]: 3건
2026-08-18 10:10:51,190 [INFO] __main__ — 봇 주가요약 제외 [흥아해운]: 1건
2026-08-18 10:10:54,603 [INFO] __main__ — 봇 주가요약 제외 [PS일렉트로닉스]: 2건
2026-08-18 10:10:54,762 [INFO] __main__ — 봇 주가요약 제외 [금호전기]: 3건
2026-08-18 10:10:57,898 [INFO] __main__ — 봇 주가요약 제외 [한라캐스트]: 1건
2026-08-18 10:10:58,507 [INFO] __main__ — 봇 주가요약 제외 [코오롱티슈진]: 2건
2026-08-18 10:10:59,997 [INFO] __main__ — 봇 주가요약 제외 [빛과전자]: 2건
2026-08-18 10:11:00,007 [INFO] __main__ — 봇 주가요약 제외 [아난티]: 1건
2026-08-18 10:11:01,667 [INFO] __main__ — 봇 주가요약 제외 [아이로보틱스]: 1건
2026-08-18 10:11:02,119 [INFO] __main__ — 봇 주가요약 제외 [해성옵틱스]: 1건
2026-08-18 10:11:02,133 [INFO] __main__ — 봇 주가요약 제외 [일신석재]: 1건
2026-08-18 10:11:03,178 [INFO] __main__ — 봇 주가요약 제외 [SK이터닉스]: 2건
2026-08-18 10:11:03,212 [INFO] __main__ — 봇 주가요약 제외 [져스텍]: 2건
2026-08-18 10:11:06,341 [INFO] __main__ — 봇 주가요약 제외 [세아메카닉스]: 1건
2026-08-18 10:11:06,960 [INFO] __main__ — 뉴스 시점 제외 [신스틸]: 3건 (>14일/파싱실패)
2026-08-18 10:11:06,960 [INFO] __main__ — 봇 주가요약 제외 [신스틸]: 1건
2026-08-18 10:11:08,044 [INFO] __main__ — 봇 주가요약 제외 [남화토건]: 2건
2026-08-18 10:11:08,415 [INFO] __main__ — 봇 주가요약 제외 [보성파워텍]: 1건
2026-08-18 10:11:09,086 [INFO] __main__ — 봇 주가요약 제외 [현대무벡스]: 1건
2026-08-18 10:11:09,486 [INFO] __main__ — 뉴스 시점 제외 [한켐]: 3건 (>14일/파싱실패)
2026-08-18 10:11:09,508 [INFO] __main__ — 봇 주가요약 제외 [코스모로보틱스]: 1건
2026-08-18 10:11:10,148 [INFO] __main__ — 봇 주가요약 제외 [제주반도체]: 2건
2026-08-18 10:11:10,544 [INFO] __main__ — 봇 주가요약 제외 [레몬헬스케어]: 1건
2026-08-18 10:11:11,230 [INFO] __main__ — 뉴스 시점 제외 [강동씨앤엘]: 8건 (>14일/파싱실패)
2026-08-18 10:11:13,667 [INFO] __main__ — 봇 주가요약 제외 [하나마이크론]: 2건
2026-08-18 10:11:14,779 [INFO] __main__ — 봇 주가요약 제외 [레메디]: 1건
2026-08-18 10:11:17,493 [INFO] __main__ — 봇 주가요약 제외 [코칩]: 1건
2026-08-18 10:11:17,926 [INFO] __main__ — 봇 주가요약 제외 [대아티아이]: 1건
2026-08-18 10:11:18,963 [INFO] __main__ — 뉴스 시점 제외 [앤로보틱스]: 7건 (>14일/파싱실패)
2026-08-18 10:11:18,963 [INFO] __main__ — 봇 주가요약 제외 [앤로보틱스]: 1건
2026-08-18 10:11:21,047 [INFO] __main__ — 봇 주가요약 제외 [이랜시스]: 1건
2026-08-18 10:11:21,449 [INFO] __main__ — 봇 주가요약 제외 [우리기술]: 2건
2026-08-18 10:11:24,272 [INFO] __main__ — 뉴스 시점 제외 [화신정공]: 3건 (>14일/파싱실패)
2026-08-18 10:11:25,617 [INFO] __main__ — 뉴스 시점 제외 [하이드로리튬]: 4건 (>14일/파싱실패)
2026-08-18 10:11:27,435 [INFO] __main__ — 봇 주가요약 제외 [삼화콘덴서]: 1건
2026-08-18 10:11:27,729 [INFO] __main__ — 봇 주가요약 제외 [디아이씨]: 1건
2026-08-18 10:11:29,832 [INFO] __main__ — 봇 주가요약 제외 [휴림로봇]: 1건
2026-08-18 10:11:31,216 [INFO] __main__ — 봇 주가요약 제외 [흥구석유]: 1건
2026-08-18 10:11:33,303 [INFO] __main__ — 봇 주가요약 제외 [LG씨엔에스]: 2건
2026-08-18 10:11:33,994 [INFO] __main__ — 뉴스 시점 제외 [삼화전자]: 7건 (>14일/파싱실패)
2026-08-18 10:11:34,354 [INFO] __main__ — 뉴스 시점 제외 [부국철강]: 6건 (>14일/파싱실패)
2026-08-18 10:11:35,884 [INFO] __main__ — 봇 주가요약 제외 [재영솔루텍]: 2건
2026-08-18 10:11:38,279 [INFO] __main__ — 뉴스 시점 제외 [고려산업]: 9건 (>14일/파싱실패)
2026-08-18 10:11:39,324 [INFO] __main__ — 뉴스 시점 제외 [한성크린텍]: 7건 (>14일/파싱실패)
2026-08-18 10:11:42,193 [INFO] __main__ — 뉴스 시점 제외 [SKAI]: 4건 (>14일/파싱실패)
2026-08-18 10:11:42,723 [INFO] __main__ — 뉴스 시점 제외 [남화산업]: 8건 (>14일/파싱실패)
2026-08-18 10:11:45,304 [INFO] __main__ — 봇 주가요약 제외 [클로봇]: 1건
2026-08-18 10:11:46,361 [INFO] __main__ — 뉴스 시점 제외 [보해양조]: 2건 (>14일/파싱실패)
2026-08-18 10:11:46,653 [INFO] __main__ — 뉴스 시점 제외 [피제이메탈]: 8건 (>14일/파싱실패)
2026-08-18 10:11:47,688 [INFO] __main__ — 봇 주가요약 제외 [SK오션플랜트]: 1건
2026-08-18 10:11:55,332 [INFO] __main__ — 봇 주가요약 제외 [에스피지]: 1건
2026-08-18 10:11:58,689 [INFO] __main__ — 봇 주가요약 제외 [제이에스티나]: 1건
2026-08-18 10:11:59,718 [INFO] __main__ — 봇 주가요약 제외 [에코프로]: 1건
2026-08-18 10:12:00,439 [INFO] __main__ — 봇 주가요약 제외 [삼성공조]: 1건
2026-08-18 10:12:02,890 [INFO] __main__ — 봇 주가요약 제외 [대덕전자]: 1건
2026-08-18 10:12:03,735 [INFO] __main__ — 뉴스 시점 제외 [서부T&D]: 2건 (>14일/파싱실패)
2026-08-18 10:12:03,961 [INFO] __main__ — 뉴스 시점 제외 [남선알미늄]: 11건 (>14일/파싱실패)
2026-08-18 10:12:05,041 [INFO] __main__ — 봇 주가요약 제외 [일승]: 2건
2026-08-18 10:12:09,215 [INFO] __main__ — 봇 주가요약 제외 [이노테크]: 1건
2026-08-18 10:12:12,144 [INFO] __main__ — 봇 주가요약 제외 [와이씨]: 4건
2026-08-18 10:12:13,189 [INFO] __main__ — 뉴스 시점 제외 [하이딥]: 8건 (>14일/파싱실패)
2026-08-18 10:12:13,465 [INFO] __main__ — 봇 주가요약 제외 [오킨스전자]: 1건
2026-08-18 10:12:17,353 [INFO] __main__ — 뉴스 시점 제외 [대원강업]: 7건 (>14일/파싱실패)
2026-08-18 10:12:18,424 [INFO] __main__ — 뉴스 시점 제외 [키스트론]: 12건 (>14일/파싱실패)
2026-08-18 10:12:19,741 [INFO] __main__ — 봇 주가요약 제외 [JYP Ent.]: 1건
2026-08-18 10:12:21,838 [INFO] __main__ — 봇 주가요약 제외 [일진전기]: 3건
2026-08-18 10:12:24,718 [INFO] __main__ — 뉴스 시점 제외 [멤레이비티]: 10건 (>14일/파싱실패)
2026-08-18 10:12:30,303 [INFO] __main__ — 봇 주가요약 제외 [테크윙]: 1건
2026-08-18 10:12:33,483 [INFO] __main__ — 봇 주가요약 제외 [두산로보틱스]: 1건
2026-08-18 10:12:34,117 [INFO] __main__ — 뉴스 시점 제외 [엠에스오토텍]: 9건 (>14일/파싱실패)
2026-08-18 10:12:37,610 [INFO] __main__ — 뉴스 시점 제외 [한일사료]: 11건 (>14일/파싱실패)
2026-08-18 10:12:38,286 [INFO] __main__ — 뉴스 시점 제외 [한일철강]: 5건 (>14일/파싱실패)
2026-08-18 10:12:41,902 [INFO] __main__ — 뉴스 시점 제외 [THE E&M]: 13건 (>14일/파싱실패)
2026-08-18 10:12:43,545 [INFO] __main__ — 뉴스 시점 제외 [LS머트리얼즈]: 5건 (>14일/파싱실패)
2026-08-18 10:12:45,080 [INFO] __main__ — 봇 주가요약 제외 [비에이치아이]: 1건
2026-08-18 10:12:48,296 [INFO] __main__ — 봇 주가요약 제외 [팸텍]: 1건
2026-08-18 10:12:49,360 [INFO] __main__ — 봇 주가요약 제외 [코리아써키트]: 4건
2026-08-18 10:12:50,473 [INFO] __main__ — 뉴스 시점 제외 [KBI동양철관]: 7건 (>14일/파싱실패)
2026-08-18 10:12:59,343 [INFO] __main__ — 뉴스 시점 제외 [넥스틸]: 7건 (>14일/파싱실패)
2026-08-18 10:12:59,343 [INFO] __main__ — 봇 주가요약 제외 [넥스틸]: 1건
2026-08-18 10:12:59,781 [INFO] __main__ — 뉴스 시점 제외 [알루코]: 1건 (>14일/파싱실패)
2026-08-18 10:13:08,294 [INFO] __main__ — 뉴스 시점 제외 [미래생명자원]: 7건 (>14일/파싱실패)
2026-08-18 10:13:10,260 [INFO] __main__ — 봇 주가요약 제외 [태성]: 1건
2026-08-18 10:13:11,420 [INFO] __main__ — 봇 주가요약 제외 [인텍플러스]: 1건
2026-08-18 10:13:12,262 [INFO] __main__ — 뉴스 시점 제외 [바이오플러스]: 7건 (>14일/파싱실패)
2026-08-18 10:13:12,467 [INFO] __main__ — 봇 주가요약 제외 [피에스케이]: 1건
2026-08-18 10:13:14,586 [INFO] __main__ — 봇 주가요약 제외 [남해화학]: 1건
2026-08-18 10:13:15,442 [INFO] __main__ — 뉴스 시점 제외 [ESR켄달스퀘어리츠]: 10건 (>14일/파싱실패)
2026-08-18 10:13:19,680 [INFO] __main__ — 봇 주가요약 제외 [원익QnC]: 1건
2026-08-18 10:13:20,825 [INFO] __main__ — 뉴스 시점 제외 [에스와이스틸텍]: 13건 (>14일/파싱실패)
2026-08-18 10:13:23,921 [INFO] __main__ — 뉴스 시점 제외 [더블유에스아이]: 12건 (>14일/파싱실패)
2026-08-18 10:13:24,983 [INFO] __main__ — 봇 주가요약 제외 [엑시콘]: 1건
2026-08-18 10:13:26,048 [INFO] __main__ — 뉴스 시점 제외 [로체시스템즈]: 10건 (>14일/파싱실패)
2026-08-18 10:13:27,053 [INFO] __main__ — 뉴스 시점 제외 [KB스타리츠]: 13건 (>14일/파싱실패)
2026-08-18 10:13:30,243 [INFO] __main__ — 봇 주가요약 제외 [OCI홀딩스]: 1건
2026-08-18 10:13:31,282 [INFO] __main__ — 뉴스 시점 제외 [퀀텀레일]: 2건 (>14일/파싱실패)
2026-08-18 10:13:32,302 [INFO] __main__ — 봇 주가요약 제외 [삼성에스디에스]: 3건
2026-08-18 10:13:32,385 [INFO] __main__ — 봇 주가요약 제외 [마이크로컨텍솔]: 1건
2026-08-18 10:13:38,555 [INFO] __main__ — 뉴스 시점 제외 [에스씨디]: 12건 (>14일/파싱실패)
2026-08-18 10:13:42,705 [INFO] __main__ — 뉴스 시점 제외 [제룡산업]: 8건 (>14일/파싱실패)
2026-08-18 10:13:42,705 [INFO] __main__ — 봇 주가요약 제외 [제룡산업]: 2건
2026-08-18 10:13:45,056 [INFO] __main__ — 봇 주가요약 제외 [유니테스트]: 1건
2026-08-18 10:13:47,245 [INFO] __main__ — 부정 키워드 감지: 23개 종목 (neg_ratio > 0)
2026-08-18 10:13:47,249 [INFO] __main__ — 수급일수충족·합계음수 제외: 183개
2026-08-18 10:13:49,534 [INFO] __main__ — 봇 주가요약 제외 [산일전기]: 2건
2026-08-18 10:13:50,248 [INFO] __main__ — 봇 주가요약 제외 [가온전선]: 2건
2026-08-18 10:13:57,482 [INFO] __main__ — 뉴스 시점 제외 [두산우]: 15건 (>14일/파싱실패)
2026-08-18 10:13:58,184 [INFO] __main__ — 뉴스 시점 제외 [LG전자우]: 11건 (>14일/파싱실패)
2026-08-18 10:13:59,381 [INFO] __main__ — 봇 주가요약 제외 [해성디에스]: 1건
2026-08-18 10:14:00,031 [INFO] __main__ — 봇 주가요약 제외 [삼아알미늄]: 1건
2026-08-18 10:14:01,785 [INFO] __main__ — 뉴스 시점 제외 [맵스리얼티]: 15건 (>14일/파싱실패)
2026-08-18 10:14:02,294 [INFO] __main__ — 뉴스 시점 제외 [신한알파리츠]: 14건 (>14일/파싱실패)
2026-08-18 10:14:04,709 [INFO] __main__ — 뉴스 시점 제외 [전진건설로봇]: 5건 (>14일/파싱실패)
2026-08-18 10:14:05,265 [INFO] __main__ — 뉴스 시점 제외 [대신증권우]: 14건 (>14일/파싱실패)
2026-08-18 10:14:06,388 [INFO] __main__ — 뉴스 시점 제외 [현대차3우B]: 10건 (>14일/파싱실패)
2026-08-18 10:14:06,448 [INFO] __main__ — 뉴스 시점 제외 [아모레퍼시픽우]: 14건 (>14일/파싱실패)
2026-08-18 10:14:06,967 [INFO] __main__ — 뉴스 시점 제외 [코람코더원리츠]: 11건 (>14일/파싱실패)
2026-08-18 10:14:07,138 [INFO] __main__ — 뉴스 시점 제외 [조광피혁]: 14건 (>14일/파싱실패)
2026-08-18 10:14:08,182 [INFO] __main__ — 뉴스 시점 제외 [KPX홀딩스]: 13건 (>14일/파싱실패)
2026-08-18 10:14:08,716 [INFO] __main__ — 뉴스 시점 제외 [KISCO홀딩스]: 5건 (>14일/파싱실패)
2026-08-18 10:14:10,517 [INFO] __main__ — 뉴스 시점 제외 [삼성물산우B]: 14건 (>14일/파싱실패)
2026-08-18 10:14:11,976 [INFO] __main__ — 뉴스 시점 제외 [두산2우B]: 15건 (>14일/파싱실패)
2026-08-18 10:14:13,424 [INFO] __main__ — 뉴스 시점 제외 [포스코스틸리온]: 3건 (>14일/파싱실패)
2026-08-18 10:14:13,973 [INFO] __main__ — 뉴스 시점 제외 [S-Oil우]: 15건 (>14일/파싱실패)
2026-08-18 10:14:14,034 [INFO] __main__ — 뉴스 시점 제외 [서울가스]: 12건 (>14일/파싱실패)
2026-08-18 10:14:14,277 [INFO] __main__ — 봇 주가요약 제외 [서흥]: 1건
2026-08-18 10:14:14,549 [INFO] __main__ — 뉴스 시점 제외 [삼영전자]: 14건 (>14일/파싱실패)
2026-08-18 10:14:15,221 [INFO] __main__ — 뉴스 시점 제외 [미창석유]: 11건 (>14일/파싱실패)
2026-08-18 10:14:17,784 [INFO] __main__ — 뉴스 시점 제외 [미원화학]: 13건 (>14일/파싱실패)
2026-08-18 10:14:18,136 [INFO] __main__ — 뉴스 시점 제외 [모토닉]: 12건 (>14일/파싱실패)
2026-08-18 10:14:18,381 [INFO] __main__ — 뉴스 시점 제외 [노루홀딩스]: 13건 (>14일/파싱실패)
2026-08-18 10:14:18,728 [INFO] __main__ — 뉴스 시점 제외 [한농화성]: 3건 (>14일/파싱실패)
2026-08-18 10:14:18,958 [INFO] __main__ — 뉴스 시점 제외 [LG우]: 14건 (>14일/파싱실패)
2026-08-18 10:14:19,178 [INFO] __main__ — 뉴스 시점 제외 [코스맥스비티아이]: 2건 (>14일/파싱실패)
2026-08-18 10:14:20,103 [INFO] __main__ — 뉴스 시점 제외 [삼익THK]: 5건 (>14일/파싱실패)
2026-08-18 10:14:20,317 [INFO] __main__ — 봇 주가요약 제외 [경농]: 1건
2026-08-18 10:14:21,282 [INFO] __main__ — 뉴스 시점 제외 [유화증권]: 6건 (>14일/파싱실패)
2026-08-18 10:14:21,471 [INFO] __main__ — 뉴스 시점 제외 [대창단조]: 11건 (>14일/파싱실패)
2026-08-18 10:14:21,689 [INFO] __main__ — 뉴스 시점 제외 [에스엠벡셀]: 5건 (>14일/파싱실패)
2026-08-18 10:14:21,853 [INFO] __main__ — 뉴스 시점 제외 [SYTS]: 9건 (>14일/파싱실패)
2026-08-18 10:14:22,437 [INFO] __main__ — 뉴스 시점 제외 [조선내화]: 10건 (>14일/파싱실패)
2026-08-18 10:14:22,847 [INFO] __main__ — 뉴스 시점 제외 [한국주철관]: 9건 (>14일/파싱실패)
2026-08-18 10:14:23,020 [INFO] __main__ — 뉴스 시점 제외 [이구산업]: 9건 (>14일/파싱실패)
2026-08-18 10:14:23,419 [INFO] __main__ — 뉴스 시점 제외 [신라교역]: 12건 (>14일/파싱실패)
2026-08-18 10:14:24,210 [INFO] __main__ — 뉴스 시점 제외 [태경산업]: 7건 (>14일/파싱실패)
2026-08-18 10:14:24,390 [INFO] __main__ — 뉴스 시점 제외 [한진중공업홀딩스]: 13건 (>14일/파싱실패)
2026-08-18 10:14:24,589 [INFO] __main__ — 뉴스 시점 제외 [금호석유화학우]: 15건 (>14일/파싱실패)
2026-08-18 10:14:24,966 [INFO] __main__ — 뉴스 시점 제외 [경동도시가스]: 5건 (>14일/파싱실패)
2026-08-18 10:14:25,397 [INFO] __main__ — 뉴스 시점 제외 [현대코퍼레이션홀딩스]: 12건 (>14일/파싱실패)
2026-08-18 10:14:25,680 [INFO] __main__ — 뉴스 시점 제외 [제일파마홀딩스]: 7건 (>14일/파싱실패)
2026-08-18 10:14:25,732 [INFO] __main__ — 뉴스 시점 제외 [태림포장]: 8건 (>14일/파싱실패)
2026-08-18 10:14:25,986 [INFO] __main__ — 뉴스 시점 제외 [GS우]: 14건 (>14일/파싱실패)
2026-08-18 10:14:26,317 [INFO] __main__ — 뉴스 시점 제외 [경동인베스트]: 12건 (>14일/파싱실패)
2026-08-18 10:14:26,578 [INFO] __main__ — 뉴스 시점 제외 [동남합성]: 4건 (>14일/파싱실패)
2026-08-18 10:14:26,871 [INFO] __main__ — 봇 주가요약 제외 [모나용평]: 1건
2026-08-18 10:14:27,151 [INFO] __main__ — 뉴스 시점 제외 [세이브존I&C]: 12건 (>14일/파싱실패)
2026-08-18 10:14:27,422 [INFO] __main__ — 뉴스 시점 제외 [세원정공]: 12건 (>14일/파싱실패)
2026-08-18 10:14:27,744 [INFO] __main__ — 뉴스 시점 제외 [삼익악기]: 5건 (>14일/파싱실패)
2026-08-18 10:14:28,024 [INFO] __main__ — 뉴스 시점 제외 [영보화학]: 13건 (>14일/파싱실패)
2026-08-18 10:14:28,326 [INFO] __main__ — 뉴스 시점 제외 [황금에스티]: 1건 (>14일/파싱실패)
2026-08-18 10:14:28,620 [INFO] __main__ — 뉴스 시점 제외 [NI스틸]: 13건 (>14일/파싱실패)
2026-08-18 10:14:28,915 [INFO] __main__ — 뉴스 시점 제외 [DL이앤씨2우(전환)]: 14건 (>14일/파싱실패)
2026-08-18 10:14:29,213 [INFO] __main__ — 뉴스 시점 제외 [DKME]: 13건 (>14일/파싱실패)
2026-08-18 10:14:29,243 [INFO] __main__ — 뉴스 시점 제외 [동인기연]: 12건 (>14일/파싱실패)
2026-08-18 10:14:29,490 [INFO] __main__ — 뉴스 시점 제외 [SK이노베이션우]: 13건 (>14일/파싱실패)
2026-08-18 10:14:29,836 [INFO] __main__ — 뉴스 시점 제외 [사조오양]: 9건 (>14일/파싱실패)
2026-08-18 10:14:30,082 [INFO] __main__ — 뉴스 시점 제외 [유한양행우]: 15건 (>14일/파싱실패)
2026-08-18 10:14:30,338 [INFO] __main__ — 뉴스 시점 제외 [대림바스]: 11건 (>14일/파싱실패)
2026-08-18 10:14:30,435 [INFO] __main__ — 뉴스 시점 제외 [CS홀딩스]: 15건 (>14일/파싱실패)
2026-08-18 10:14:31,024 [INFO] __main__ — 뉴스 시점 제외 [페이퍼코리아]: 13건 (>14일/파싱실패)
2026-08-18 10:14:31,489 [INFO] __main__ — 뉴스 시점 제외 [동방아그로]: 6건 (>14일/파싱실패)
2026-08-18 10:14:32,083 [INFO] __main__ — 뉴스 시점 제외 [NH프라임리츠]: 12건 (>14일/파싱실패)
2026-08-18 10:14:32,187 [INFO] __main__ — 뉴스 시점 제외 [삼정펄프]: 13건 (>14일/파싱실패)
2026-08-18 10:14:32,659 [INFO] __main__ — 뉴스 시점 제외 [삼성출판사]: 10건 (>14일/파싱실패)
2026-08-18 10:14:32,970 [INFO] __main__ — 뉴스 시점 제외 [써니전자]: 13건 (>14일/파싱실패)
2026-08-18 10:14:33,254 [INFO] __main__ — 뉴스 시점 제외 [보락]: 6건 (>14일/파싱실패)
2026-08-18 10:14:33,375 [INFO] __main__ — 뉴스 시점 제외 [기신정기]: 15건 (>14일/파싱실패)
2026-08-18 10:14:33,835 [INFO] __main__ — 뉴스 시점 제외 [BYC우]: 8건 (>14일/파싱실패)
2026-08-18 10:14:34,119 [INFO] __main__ — 뉴스 시점 제외 [화승알앤에이]: 13건 (>14일/파싱실패)
2026-08-18 10:14:34,394 [INFO] __main__ — 뉴스 시점 제외 [삼화왕관]: 13건 (>14일/파싱실패)
2026-08-18 10:14:35,103 [INFO] __main__ — 뉴스 시점 제외 [SJM]: 7건 (>14일/파싱실패)
2026-08-18 10:14:35,279 [INFO] __main__ — 뉴스 시점 제외 [인바이오젠]: 8건 (>14일/파싱실패)
2026-08-18 10:14:35,570 [INFO] __main__ — 뉴스 시점 제외 [롯데칠성우]: 15건 (>14일/파싱실패)
2026-08-18 10:14:35,695 [INFO] __main__ — 뉴스 시점 제외 [DL이앤씨우]: 15건 (>14일/파싱실패)
2026-08-18 10:14:35,891 [INFO] __main__ — 뉴스 시점 제외 [대덕전자1우]: 15건 (>14일/파싱실패)
2026-08-18 10:14:36,176 [INFO] __main__ — 봇 주가요약 제외 [부산산업]: 1건
2026-08-18 10:14:36,280 [INFO] __main__ — 뉴스 시점 제외 [씨아이테크]: 10건 (>14일/파싱실패)
2026-08-18 10:14:36,774 [INFO] __main__ — 뉴스 시점 제외 [미래에셋맵스리츠]: 15건 (>14일/파싱실패)
2026-08-18 10:14:36,868 [INFO] __main__ — 뉴스 시점 제외 [DYP]: 8건 (>14일/파싱실패)
2026-08-18 10:14:37,061 [INFO] __main__ — 뉴스 시점 제외 [상신브레이크]: 6건 (>14일/파싱실패)
2026-08-18 10:14:37,353 [INFO] __main__ — 뉴스 시점 제외 [한화솔루션우]: 10건 (>14일/파싱실패)
2026-08-18 10:14:37,432 [INFO] __main__ — 뉴스 시점 제외 [유성기업]: 14건 (>14일/파싱실패)
2026-08-18 10:14:37,650 [INFO] __main__ — 뉴스 시점 제외 [문배철강]: 10건 (>14일/파싱실패)
2026-08-18 10:14:38,610 [INFO] __main__ — 뉴스 시점 제외 [DL우]: 15건 (>14일/파싱실패)
2026-08-18 10:14:39,184 [INFO] __main__ — 뉴스 시점 제외 [마니커]: 5건 (>14일/파싱실패)
2026-08-18 10:14:39,670 [INFO] __main__ — 뉴스 시점 제외 [우진플라임]: 14건 (>14일/파싱실패)
2026-08-18 10:14:39,760 [INFO] __main__ — 뉴스 시점 제외 [화인베스틸]: 9건 (>14일/파싱실패)
2026-08-18 10:14:40,348 [INFO] __main__ — 뉴스 시점 제외 [세우글로벌]: 15건 (>14일/파싱실패)
2026-08-18 10:14:40,829 [INFO] __main__ — 뉴스 시점 제외 [세방우]: 15건 (>14일/파싱실패)
2026-08-18 10:14:40,922 [INFO] __main__ — 뉴스 시점 제외 [동일제강]: 9건 (>14일/파싱실패)
2026-08-18 10:14:43,789 [INFO] __main__ — 뉴스 시점 제외 [다우데이타]: 11건 (>14일/파싱실패)
2026-08-18 10:14:43,826 [INFO] __main__ — 봇 주가요약 제외 [유일로보틱스]: 1건
2026-08-18 10:14:45,878 [INFO] __main__ — 뉴스 시점 제외 [가온칩스]: 2건 (>14일/파싱실패)
2026-08-18 10:14:45,878 [INFO] __main__ — 봇 주가요약 제외 [가온칩스]: 3건
2026-08-18 10:14:51,369 [INFO] __main__ — 뉴스 시점 제외 [인탑스]: 1건 (>14일/파싱실패)
2026-08-18 10:14:52,092 [INFO] __main__ — 뉴스 시점 제외 [제이브이엠]: 2건 (>14일/파싱실패)
2026-08-18 10:14:55,177 [INFO] __main__ — 뉴스 시점 제외 [KH바텍]: 4건 (>14일/파싱실패)
2026-08-18 10:14:55,771 [INFO] __main__ — 뉴스 시점 제외 [우주일렉트로]: 12건 (>14일/파싱실패)
2026-08-18 10:14:57,667 [INFO] __main__ — 뉴스 시점 제외 [필에너지]: 7건 (>14일/파싱실패)
2026-08-18 10:14:57,843 [INFO] __main__ — 뉴스 시점 제외 [대원산업]: 6건 (>14일/파싱실패)
2026-08-18 10:15:02,552 [INFO] __main__ — 뉴스 시점 제외 [한국정보인증]: 4건 (>14일/파싱실패)
2026-08-18 10:15:03,113 [INFO] __main__ — 뉴스 시점 제외 [국보디자인]: 9건 (>14일/파싱실패)
2026-08-18 10:15:03,117 [INFO] __main__ — 뉴스 시점 제외 [제일일렉트릭]: 5건 (>14일/파싱실패)
2026-08-18 10:15:03,117 [INFO] __main__ — 봇 주가요약 제외 [제일일렉트릭]: 1건
2026-08-18 10:15:03,713 [INFO] __main__ — 뉴스 시점 제외 [엠아이텍]: 14건 (>14일/파싱실패)
2026-08-18 10:15:03,743 [INFO] __main__ — 뉴스 시점 제외 [이크레더블]: 11건 (>14일/파싱실패)
2026-08-18 10:15:04,275 [INFO] __main__ — 뉴스 시점 제외 [아이디스]: 7건 (>14일/파싱실패)
2026-08-18 10:15:04,869 [INFO] __main__ — 뉴스 시점 제외 [빅솔론]: 14건 (>14일/파싱실패)
2026-08-18 10:15:04,942 [INFO] __main__ — 뉴스 시점 제외 [퓨릿]: 7건 (>14일/파싱실패)
2026-08-18 10:15:06,039 [INFO] __main__ — 뉴스 시점 제외 [삼보판지]: 14건 (>14일/파싱실패)
2026-08-18 10:15:06,637 [INFO] __main__ — 뉴스 시점 제외 [코리아에프티]: 4건 (>14일/파싱실패)
2026-08-18 10:15:07,240 [INFO] __main__ — 뉴스 시점 제외 [시너지이노베이션]: 8건 (>14일/파싱실패)
2026-08-18 10:15:08,412 [INFO] __main__ — 뉴스 시점 제외 [나우IB]: 3건 (>14일/파싱실패)
2026-08-18 10:15:09,599 [INFO] __main__ — 뉴스 시점 제외 [고려신용정보]: 11건 (>14일/파싱실패)
2026-08-18 10:15:10,165 [INFO] __main__ — 뉴스 시점 제외 [동방메디컬]: 4건 (>14일/파싱실패)
2026-08-18 10:15:10,189 [INFO] __main__ — 뉴스 시점 제외 [HB솔루션]: 6건 (>14일/파싱실패)
2026-08-18 10:15:10,765 [INFO] __main__ — 뉴스 시점 제외 [엠에스씨]: 12건 (>14일/파싱실패)
2026-08-18 10:15:11,352 [INFO] __main__ — 뉴스 시점 제외 [솔본]: 11건 (>14일/파싱실패)
2026-08-18 10:15:11,353 [INFO] __main__ — 뉴스 시점 제외 [케이엔솔]: 5건 (>14일/파싱실패)
2026-08-18 10:15:11,381 [INFO] __main__ — 뉴스 시점 제외 [성도이엔지]: 10건 (>14일/파싱실패)
2026-08-18 10:15:12,544 [INFO] __main__ — 뉴스 시점 제외 [푸드나무]: 11건 (>14일/파싱실패)
2026-08-18 10:15:12,571 [INFO] __main__ — 뉴스 시점 제외 [유아이엘]: 12건 (>14일/파싱실패)
2026-08-18 10:15:15,509 [INFO] __main__ — 뉴스 시점 제외 [케이엔더블유]: 13건 (>14일/파싱실패)
2026-08-18 10:15:16,100 [INFO] __main__ — 뉴스 시점 제외 [탑런토탈솔루션]: 4건 (>14일/파싱실패)
2026-08-18 10:15:17,249 [INFO] __main__ — 뉴스 시점 제외 [대림제지]: 12건 (>14일/파싱실패)
2026-08-18 10:15:19,014 [INFO] __main__ — 뉴스 시점 제외 [MDS테크]: 5건 (>14일/파싱실패)
2026-08-18 10:15:19,616 [INFO] __main__ — 뉴스 시점 제외 [로보로보]: 4건 (>14일/파싱실패)
2026-08-18 10:15:20,202 [INFO] __main__ — 뉴스 시점 제외 [제닉스로보틱스]: 10건 (>14일/파싱실패)
2026-08-18 10:15:20,796 [INFO] __main__ — 뉴스 시점 제외 [나이스디앤비]: 8건 (>14일/파싱실패)
2026-08-18 10:15:21,361 [INFO] __main__ — 뉴스 시점 제외 [아이씨디]: 8건 (>14일/파싱실패)
2026-08-18 10:15:21,375 [INFO] __main__ — 뉴스 시점 제외 [에코플라스틱]: 7건 (>14일/파싱실패)
2026-08-18 10:15:21,963 [INFO] __main__ — 뉴스 시점 제외 [지니너스]: 12건 (>14일/파싱실패)
2026-08-18 10:15:22,564 [INFO] __main__ — 뉴스 시점 제외 [쎄니트]: 14건 (>14일/파싱실패)
2026-08-18 10:15:23,167 [INFO] __main__ — 뉴스 시점 제외 [이상네트웍스]: 15건 (>14일/파싱실패)
2026-08-18 10:15:24,358 [INFO] __main__ — 뉴스 시점 제외 [삼현철강]: 9건 (>14일/파싱실패)
2026-08-18 10:15:24,364 [INFO] __main__ — 뉴스 시점 제외 [일지테크]: 3건 (>14일/파싱실패)
2026-08-18 10:15:24,941 [INFO] __main__ — 뉴스 시점 제외 [선바이오]: 13건 (>14일/파싱실패)
2026-08-18 10:15:24,958 [INFO] __main__ — 뉴스 시점 제외 [블루콤]: 8건 (>14일/파싱실패)
2026-08-18 10:15:25,438 [INFO] __main__ — 뉴스 시점 제외 [HC보광산업]: 9건 (>14일/파싱실패)
2026-08-18 10:15:25,552 [INFO] __main__ — 뉴스 시점 제외 [양지사]: 13건 (>14일/파싱실패)
2026-08-18 10:15:25,553 [INFO] __main__ — 봇 주가요약 제외 [양지사]: 1건
2026-08-18 10:15:26,143 [INFO] __main__ — 뉴스 시점 제외 [라이온켐텍]: 8건 (>14일/파싱실패)
2026-08-18 10:15:27,275 [INFO] __main__ — 뉴스 시점 제외 [피제이전자]: 12건 (>14일/파싱실패)
2026-08-18 10:15:27,763 [INFO] __main__ — 뉴스 시점 제외 [동국생명과학]: 5건 (>14일/파싱실패)
2026-08-18 10:15:29,096 [INFO] __main__ — 뉴스 시점 제외 [아이디피]: 15건 (>14일/파싱실패)
2026-08-18 10:15:29,671 [INFO] __main__ — 뉴스 시점 제외 [이엠텍]: 11건 (>14일/파싱실패)
2026-08-18 10:15:30,100 [INFO] __main__ — 뉴스 시점 제외 [나래나노텍]: 7건 (>14일/파싱실패)
2026-08-18 10:15:30,180 [INFO] __main__ — 뉴스 시점 제외 [센코]: 5건 (>14일/파싱실패)
2026-08-18 10:15:30,675 [INFO] __main__ — 뉴스 시점 제외 [시공테크]: 5건 (>14일/파싱실패)
2026-08-18 10:15:30,781 [INFO] __main__ — 뉴스 시점 제외 [엔젯]: 11건 (>14일/파싱실패)
2026-08-18 10:15:31,368 [INFO] __main__ — 뉴스 시점 제외 [스마트레이더시스템]: 10건 (>14일/파싱실패)
2026-08-18 10:15:31,419 [INFO] __main__ — 뉴스 시점 제외 [레뷰코퍼레이션]: 14건 (>14일/파싱실패)
2026-08-18 10:15:31,949 [INFO] __main__ — 뉴스 시점 제외 [동일금속]: 12건 (>14일/파싱실패)
2026-08-18 10:15:32,451 [INFO] __main__ — 뉴스 시점 제외 [이건홀딩스]: 8건 (>14일/파싱실패)
2026-08-18 10:15:33,037 [INFO] __main__ — 뉴스 시점 제외 [대륙제관]: 8건 (>14일/파싱실패)
2026-08-18 10:15:33,123 [INFO] __main__ — 뉴스 시점 제외 [한국전자인증]: 5건 (>14일/파싱실패)
2026-08-18 10:15:33,616 [INFO] __main__ — 뉴스 시점 제외 [푸드웰]: 9건 (>14일/파싱실패)
2026-08-18 10:15:33,701 [INFO] __main__ — 뉴스 시점 제외 [코스리거글로벌]: 12건 (>14일/파싱실패)
2026-08-18 10:15:33,877 [INFO] __main__ — 뉴스 시점 제외 [샌즈랩]: 9건 (>14일/파싱실패)
2026-08-18 10:15:34,202 [INFO] __main__ — 뉴스 시점 제외 [케이엘넷]: 11건 (>14일/파싱실패)
2026-08-18 10:15:34,869 [INFO] __main__ — 뉴스 시점 제외 [유비벨록스]: 11건 (>14일/파싱실패)
2026-08-18 10:15:35,056 [INFO] __main__ — 뉴스 시점 제외 [와이어블]: 6건 (>14일/파싱실패)
2026-08-18 10:15:35,456 [INFO] __main__ — 뉴스 시점 제외 [포니링크]: 5건 (>14일/파싱실패)
2026-08-18 10:15:35,638 [INFO] __main__ — 뉴스 시점 제외 [대주산업]: 11건 (>14일/파싱실패)
2026-08-18 10:15:36,567 [INFO] __main__ — 뉴스 시점 제외 [셀바이오휴먼텍]: 5건 (>14일/파싱실패)
2026-08-18 10:15:38,565 [INFO] __main__ — 뉴스 시점 제외 [푸른로보틱스]: 7건 (>14일/파싱실패)
2026-08-18 10:15:39,125 [INFO] __main__ — 뉴스 시점 제외 [코렌텍]: 13건 (>14일/파싱실패)
2026-08-18 10:15:39,719 [INFO] __main__ — 뉴스 시점 제외 [토탈소프트]: 8건 (>14일/파싱실패)
2026-08-18 10:15:40,142 [INFO] __main__ — 뉴스 시점 제외 [알파칩스]: 11건 (>14일/파싱실패)
2026-08-18 10:15:41,281 [INFO] __main__ — 뉴스 시점 제외 [SG&G]: 9건 (>14일/파싱실패)
2026-08-18 10:15:41,322 [INFO] __main__ — 뉴스 시점 제외 [삼진식품]: 13건 (>14일/파싱실패)
2026-08-18 10:15:41,463 [INFO] __main__ — 뉴스 시점 제외 [코닉오토메이션]: 10건 (>14일/파싱실패)
2026-08-18 10:15:41,904 [INFO] __main__ — 뉴스 시점 제외 [대성창투]: 7건 (>14일/파싱실패)
2026-08-18 10:15:42,471 [INFO] __main__ — 뉴스 시점 제외 [홈캐스트]: 15건 (>14일/파싱실패)
2026-08-18 10:15:42,621 [INFO] __main__ — 뉴스 시점 제외 [에이테크솔루션]: 14건 (>14일/파싱실패)
2026-08-18 10:15:43,054 [INFO] __main__ — 뉴스 시점 제외 [모티브링크]: 9건 (>14일/파싱실패)
2026-08-18 10:15:43,638 [INFO] __main__ — 뉴스 시점 제외 [제노레이]: 12건 (>14일/파싱실패)
2026-08-18 10:15:44,243 [INFO] __main__ — 뉴스 시점 제외 [HC홈센타]: 12건 (>14일/파싱실패)
2026-08-18 10:15:44,379 [INFO] __main__ — 뉴스 시점 제외 [HB인베스트먼트]: 6건 (>14일/파싱실패)
2026-08-18 10:15:44,847 [INFO] __main__ — 뉴스 시점 제외 [프로이천]: 7건 (>14일/파싱실패)
2026-08-18 10:15:45,432 [INFO] __main__ — 뉴스 시점 제외 [ES큐브]: 15건 (>14일/파싱실패)
2026-08-18 10:15:45,563 [INFO] __main__ — 뉴스 시점 제외 [YW]: 14건 (>14일/파싱실패)
2026-08-18 10:15:46,024 [INFO] __main__ — 봇 주가요약 제외 [에이텀]: 1건
2026-08-18 10:15:46,136 [INFO] __main__ — 뉴스 시점 제외 [제이피아이헬스케어]: 8건 (>14일/파싱실패)
2026-08-18 10:15:47,780 [INFO] __main__ — 뉴스 시점 제외 [앱코]: 5건 (>14일/파싱실패)
2026-08-18 10:15:48,394 [INFO] __main__ — 뉴스 시점 제외 [우리바이오]: 4건 (>14일/파싱실패)
2026-08-18 10:15:48,981 [INFO] __main__ — 뉴스 시점 제외 [비아이매트릭스]: 14건 (>14일/파싱실패)
2026-08-18 10:15:49,804 [INFO] __main__ — 뉴스 시점 제외 [씨큐브]: 12건 (>14일/파싱실패)
2026-08-18 10:15:50,390 [INFO] __main__ — 뉴스 시점 제외 [한국팩키지]: 14건 (>14일/파싱실패)
2026-08-18 10:15:50,419 [INFO] __main__ — 뉴스 시점 제외 [상신전자]: 8건 (>14일/파싱실패)
2026-08-18 10:15:50,428 [INFO] __main__ — 뉴스 시점 제외 [NHN벅스]: 6건 (>14일/파싱실패)
2026-08-18 10:15:51,011 [INFO] __main__ — 뉴스 시점 제외 [효성오앤비]: 7건 (>14일/파싱실패)
2026-08-18 10:15:51,547 [INFO] __main__ — 뉴스 시점 제외 [삼일기업공사]: 11건 (>14일/파싱실패)
2026-08-18 10:15:52,279 [INFO] __main__ — 뉴스 시점 제외 [쓰리에이로직스]: 15건 (>14일/파싱실패)
2026-08-18 10:15:52,873 [INFO] __main__ — 뉴스 시점 제외 [하이즈항공]: 7건 (>14일/파싱실패)
2026-08-18 10:15:53,473 [INFO] __main__ — 뉴스 시점 제외 [백금T&A]: 6건 (>14일/파싱실패)
2026-08-18 10:15:54,072 [INFO] __main__ — 뉴스 시점 제외 [DH오토리드]: 12건 (>14일/파싱실패)
2026-08-18 10:15:54,079 [INFO] __main__ — 뉴스 시점 제외 [콜마바이오텍]: 11건 (>14일/파싱실패)
2026-08-18 10:15:54,681 [INFO] __main__ — 뉴스 시점 제외 [비비씨]: 10건 (>14일/파싱실패)
2026-08-18 10:15:55,275 [INFO] __main__ — 뉴스 시점 제외 [서암기계공업]: 5건 (>14일/파싱실패)
2026-08-18 10:15:56,411 [INFO] __main__ — 뉴스 시점 제외 [동일기연]: 9건 (>14일/파싱실패)
2026-08-18 10:15:56,436 [INFO] __main__ — 뉴스 시점 제외 [에코캡]: 10건 (>14일/파싱실패)
2026-08-18 10:15:57,745 [INFO] __main__ — 뉴스 시점 제외 [유니온바이오메트릭스]: 9건 (>14일/파싱실패)
2026-08-18 10:15:59,042 [INFO] __main__ — 뉴스 시점 제외 [코셈]: 15건 (>14일/파싱실패)
2026-08-18 10:15:59,765 [INFO] __main__ — 뉴스 시점 제외 [메가엠디]: 7건 (>14일/파싱실패)
2026-08-18 10:16:00,197 [INFO] __main__ — 뉴스 시점 제외 [DH오토웨어]: 13건 (>14일/파싱실패)
2026-08-18 10:16:00,353 [INFO] __main__ — 뉴스 시점 제외 [오디텍]: 1건 (>14일/파싱실패)
2026-08-18 10:16:00,796 [INFO] __main__ — 뉴스 시점 제외 [다산디엠씨]: 10건 (>14일/파싱실패)
2026-08-18 10:16:01,588 [INFO] __main__ — 뉴스 시점 제외 [티디에스팜]: 13건 (>14일/파싱실패)
2026-08-18 10:16:01,660 [INFO] __main__ — 뉴스 시점 제외 [솔디펜스]: 4건 (>14일/파싱실패)
2026-08-18 10:16:02,687 [INFO] __main__ — 뉴스 시점 제외 [제이엔비]: 10건 (>14일/파싱실패)
2026-08-18 10:16:02,896 [INFO] __main__ — 뉴스 시점 제외 [이삭엔지니어링]: 13건 (>14일/파싱실패)
2026-08-18 10:16:03,505 [INFO] __main__ — 뉴스 시점 제외 [케이씨티]: 13건 (>14일/파싱실패)
2026-08-18 10:16:03,884 [INFO] __main__ — 뉴스 시점 제외 [와토스코리아]: 12건 (>14일/파싱실패)
2026-08-18 10:16:04,223 [INFO] __main__ — 뉴스 시점 제외 [파인디지털]: 10건 (>14일/파싱실패)
2026-08-18 10:16:04,821 [INFO] __main__ — 뉴스 시점 제외 [에스에이티]: 13건 (>14일/파싱실패)
2026-08-18 10:16:05,404 [INFO] __main__ — 뉴스 시점 제외 [시큐브]: 8건 (>14일/파싱실패)
2026-08-18 10:16:05,619 [INFO] __main__ — 뉴스 시점 제외 [신화콘텍]: 12건 (>14일/파싱실패)
2026-08-18 10:16:05,983 [INFO] __main__ — 뉴스 시점 제외 [에스프리즘]: 13건 (>14일/파싱실패)
2026-08-18 10:16:06,303 [INFO] __main__ — POOL_A 후보 부정뉴스 2차 조회: 694개
2026-08-18 10:16:06,307 [INFO] __main__ — POOL_A: 953개 (A:947 B:2 동시:4) | 부정게이트 제외:9
  대형:49 중형:152 소형:752
2026-08-18 10:16:06,311 [INFO] __main__ — 대조군 표본(무신호): 40개 / 모집단 1293개 → pool_history
2026-08-18 10:16:06,314 [INFO] __main__ —   → POOL_A: 953개
2026-08-18 10:16:06,314 [INFO] __main__ — ▶ Step 2: 하드 필터링
2026-08-18 10:16:06,315 [INFO] __main__ — 하드 필터 제거: 935개 | 과열배제 112 | 이격도상한 37 | 이격도하한 28 | MA추세 688 | RSI과열 10 | 거래대금 60
2026-08-18 10:16:06,317 [INFO] __main__ — 과열 gated 기록: 112개 → gated_tickers
2026-08-18 10:16:06,320 [INFO] __main__ — 대조군 표본(필터탈락): 195개 / 모집단 935개 → pool_history
2026-08-18 10:16:06,320 [INFO] __main__ — POOL_B: 18개 | 대형:0 중형:3 소형:15
2026-08-18 10:16:06,320 [INFO] __main__ —   → POOL_B: 18개
2026-08-18 10:16:06,321 [INFO] __main__ — ▶ Step 3: 스코어링 (FinBERT 감성 분석)
2026-08-18 10:16:06,321 [INFO] __main__ — NaverClient: 3개 키 로드 (DataLab·검색 독립 회전)
2026-08-18 10:16:06,321 [INFO] __main__ — 텍스트 신규 수집: 7종목 (캐시 적중 11종목)
2026-08-18 10:16:06,828 [INFO] __main__ — 뉴스 시점 제외 [코스맥스비티아이]: 17건 (>14일/파싱실패)
2026-08-18 10:16:10,984 [INFO] __main__ — 뉴스 시점 제외 [네오오토]: 16건 (>14일/파싱실패)
2026-08-18 10:16:17,972 [INFO] __main__ — 기사 보존(수집): 145건 (18종목) → news_articles
2026-08-18 10:16:17,974 [INFO] __main__ — 공시 보존(수집): 48건 (18종목) → dart_filings
2026-08-18 10:16:17,976 [INFO] __main__ — 수집 완료: 뉴스 189건 | 공시 63건
2026-08-18 10:16:17,976 [INFO] __main__ — FinBERT 감성 분석 (finbert 모드)...
2026-08-18 10:16:17,976 [INFO] __main__ — FinBERT 로딩: snunlp/KR-FinBert-SC (CPU, batch=8)
2026-08-18 10:16:18,086 [INFO] httpx — HTTP Request: GET https://huggingface.co/api/agent-harnesses "HTTP/1.1 200 OK"
2026-08-18 10:16:18,162 [INFO] httpx — HTTP Request: HEAD https://huggingface.co/snunlp/KR-FinBert-SC/resolve/main/config.json "HTTP/1.1 307 Temporary Redirect"
2026-08-18 10:16:18,162 [WARNING] huggingface_hub.utils._http — Warning: You are sending unauthenticated requests to the HF Hub. Please set a HF_TOKEN to enable higher rate limits and faster downloads.
2026-08-18 10:16:18,189 [INFO] httpx — HTTP Request: HEAD https://huggingface.co/api/resolve-cache/models/snunlp/KR-FinBert-SC/f8586286cc3161fb648e9fee09a456069fd846d0/config.json "HTTP/1.1 200 OK"
2026-08-18 10:16:18,281 [INFO] httpx — HTTP Request: HEAD https://huggingface.co/snunlp/KR-FinBert-SC/resolve/main/model.safetensors "HTTP/1.1 404 Not Found"
2026-08-18 10:16:18,362 [INFO] httpx — HTTP Request: GET https://huggingface.co/api/models/snunlp/KR-FinBert-SC "HTTP/1.1 200 OK"
2026-08-18 10:16:18,450 [INFO] httpx — HTTP Request: GET https://huggingface.co/api/models/snunlp/KR-FinBert-SC/commits/main "HTTP/1.1 200 OK"
2026-08-18 10:16:18,495 [INFO] httpx — HTTP Request: GET https://huggingface.co/api/models/snunlp/KR-FinBert-SC/tree/main/additional_chat_templates?recursive=false&expand=false "HTTP/1.1 404 Not Found"
2026-08-18 10:16:18,532 [INFO] httpx — HTTP Request: GET https://huggingface.co/api/models/snunlp/KR-FinBert-SC/discussions?p=0 "HTTP/1.1 200 OK"
2026-08-18 10:16:18,569 [INFO] httpx — HTTP Request: GET https://huggingface.co/api/models/snunlp/KR-FinBert-SC/tree/main?recursive=true&expand=false "HTTP/1.1 200 OK"
2026-08-18 10:16:18,619 [INFO] httpx — HTTP Request: GET https://huggingface.co/api/models/snunlp/KR-FinBert-SC/commits/refs%2Fpr%2F3 "HTTP/1.1 200 OK"
2026-08-18 10:16:18,659 [INFO] httpx — HTTP Request: HEAD https://huggingface.co/snunlp/KR-FinBert-SC/resolve/main/processor_config.json "HTTP/1.1 404 Not Found"
2026-08-18 10:16:18,693 [INFO] httpx — HTTP Request: HEAD https://huggingface.co/snunlp/KR-FinBert-SC/resolve/refs%2Fpr%2F3/model.safetensors.index.json "HTTP/1.1 404 Not Found"
2026-08-18 10:16:18,731 [INFO] httpx — HTTP Request: HEAD https://huggingface.co/snunlp/KR-FinBert-SC/resolve/main/video_preprocessor_config.json "HTTP/1.1 404 Not Found"
2026-08-18 10:16:18,768 [INFO] httpx — HTTP Request: HEAD https://huggingface.co/snunlp/KR-FinBert-SC/resolve/refs%2Fpr%2F3/model.safetensors "HTTP/1.1 302 Found"
2026-08-18 10:16:18,802 [INFO] httpx — HTTP Request: HEAD https://huggingface.co/snunlp/KR-FinBert-SC/resolve/main/preprocessor_config.json "HTTP/1.1 404 Not Found"
2026-08-18 10:16:18,803 [INFO] __main__ — FinBERT 로드 완료 (CPU)
2026-08-18 10:16:26,172 [INFO] __main__ — Phase A.1: 매핑 신뢰도 < 0.5 → 감성 점수 폐기 12건
2026-08-18 10:16:26,172 [INFO] __main__ — 스코어링: 18개 | 집중:0 | FinBERT:finbert
2026-08-18 10:16:26,188 [INFO] __main__ —   → 18개
2026-08-18 10:16:26,188 [INFO] __main__ — ▶ Step 4: 발송
2026-08-18 10:16:31,516 [INFO] __main__ — DB 기록: 14개 / 전체 to_send 14개
2026-08-18 10:16:31,516 [INFO] __main__ — 발송: 14종목 | 누적 4~10회 4 | 신규 2
2026-08-18 10:16:31,516 [INFO] __main__ — 완료  |  소요: 884.4초
