2026-05-25 13:25:28,477 [INFO] __main__ — config 검증 완료 ✓
2026-05-25 13:25:28,477 [INFO] __main__ — ============================================================
2026-05-25 13:25:28,477 [INFO] __main__ — AlphaRadar v3  |  기준일: 20260525
2026-05-25 13:25:28,477 [INFO] __main__ — S = T×0.3 + S_text×0.4 + D×0.3
2026-05-25 13:25:28,477 [INFO] __main__ — ============================================================
2026-05-25 13:25:28,478 [INFO] __main__ — ▶ Step 0: 유니버스 필터링
2026-05-25 13:25:28,662 [INFO] __main__ — FDR 데이터 수집: 20251119 ~ 20260525
2026-05-25 13:25:29,647 [INFO] __main__ — KOSPI: 948개 | 섹터정보 838개 (DART +838개 보완)
2026-05-25 13:25:29,648 [INFO] __main__ — KOSDAQ: 1822개 | 섹터정보 1822개
2026-05-25 13:25:29,648 [INFO] __main__ — 전체: 2770개
2026-05-25 13:25:29,648 [INFO] __main__ — 제한: 1000개
2026-05-25 13:25:31,274 [INFO] __main__ — KIS 토큰 발급 완료
2026-05-25 13:31:03,515 [INFO] __main__ — DART corp_code 매핑: 851/908개 (93%)
2026-05-25 13:31:03,516 [INFO] __main__ — 유효 유니버스: 908개
2026-05-25 13:31:03,521 [INFO] __main__ —   → 908개
2026-05-25 13:31:03,521 [INFO] __main__ — ▶ Step 1: 신호 탐지
2026-05-25 13:31:03,521 [INFO] __main__ — NaverClient: 3개 키 로드 (DataLab·검색 독립 회전)
2026-05-25 13:31:03,521 [INFO] __main__ — 관심 지수 및 부정 뉴스 비율 조회 중...
2026-05-25 13:31:16,157 [INFO] __main__ — Naver datalab 키1 한도/인증 오류 → 키2 전환
2026-05-25 13:34:03,050 [INFO] __main__ — 부정 키워드 감지: 15개 종목 (neg_ratio > 0)
2026-05-25 13:34:03,053 [INFO] __main__ — POOL_A: 354개 (A:346 B:3 동시:5)
  대형:56 중형:109 소형:189
2026-05-25 13:34:03,056 [INFO] __main__ —   → POOL_A: 354개
2026-05-25 13:34:03,056 [INFO] __main__ — ▶ Step 2: 하드 필터링
2026-05-25 13:34:03,056 [INFO] __main__ — 하드 필터 제거: 318개 | 이격도상한 24 | 이격도하한 115 | MA추세 72 | RSI과열 2 | 거래대금 105
2026-05-25 13:34:03,057 [INFO] __main__ — POOL_B: 36개 | 대형:8 중형:13 소형:15
2026-05-25 13:34:03,057 [INFO] __main__ —   → POOL_B: 36개
2026-05-25 13:34:03,057 [INFO] __main__ — ▶ Step 3: 스코어링 (FinBERT 감성 분석)
2026-05-25 13:34:03,057 [INFO] __main__ — NaverClient: 3개 키 로드 (DataLab·검색 독립 회전)
2026-05-25 13:34:03,057 [INFO] __main__ — 텍스트 수집 중 (뉴스 + 공시 제목)...
2026-05-25 13:34:44,636 [INFO] __main__ — 수집: 뉴스 340건 | 공시 371건
2026-05-25 13:34:44,637 [INFO] __main__ — FinBERT 감성 분석 (finbert 모드)...
2026-05-25 13:34:44,637 [INFO] __main__ — FinBERT 로딩: snunlp/KR-FinBert-SC (CPU, batch=8)
2026-05-25 13:34:44,751 [INFO] httpx — HTTP Request: HEAD https://huggingface.co/snunlp/KR-FinBert-SC/resolve/main/config.json "HTTP/1.1 307 Temporary Redirect"
2026-05-25 13:34:44,752 [WARNING] huggingface_hub.utils._http — Warning: You are sending unauthenticated requests to the HF Hub. Please set a HF_TOKEN to enable higher rate limits and faster downloads.
2026-05-25 13:34:44,757 [INFO] httpx — HTTP Request: HEAD https://huggingface.co/api/resolve-cache/models/snunlp/KR-FinBert-SC/f8586286cc3161fb648e9fee09a456069fd846d0/config.json "HTTP/1.1 200 OK"
2026-05-25 13:34:44,848 [INFO] httpx — HTTP Request: HEAD https://huggingface.co/snunlp/KR-FinBert-SC/resolve/main/model.safetensors "HTTP/1.1 404 Not Found"
2026-05-25 13:34:44,935 [INFO] httpx — HTTP Request: GET https://huggingface.co/api/models/snunlp/KR-FinBert-SC "HTTP/1.1 200 OK"
2026-05-25 13:34:45,033 [INFO] httpx — HTTP Request: GET https://huggingface.co/api/models/snunlp/KR-FinBert-SC/commits/main "HTTP/1.1 200 OK"
2026-05-25 13:34:45,053 [INFO] httpx — HTTP Request: GET https://huggingface.co/api/models/snunlp/KR-FinBert-SC/tree/main/additional_chat_templates?recursive=false&expand=false "HTTP/1.1 404 Not Found"
2026-05-25 13:34:45,118 [INFO] httpx — HTTP Request: GET https://huggingface.co/api/models/snunlp/KR-FinBert-SC/discussions?p=0 "HTTP/1.1 200 OK"
2026-05-25 13:34:45,135 [INFO] httpx — HTTP Request: GET https://huggingface.co/api/models/snunlp/KR-FinBert-SC/tree/main?recursive=true&expand=false "HTTP/1.1 200 OK"
2026-05-25 13:34:45,157 [INFO] __main__ — FinBERT 로드 완료 (CPU)
2026-05-25 13:34:45,205 [INFO] httpx — HTTP Request: GET https://huggingface.co/api/models/snunlp/KR-FinBert-SC/commits/refs%2Fpr%2F3 "HTTP/1.1 200 OK"
2026-05-25 13:34:45,284 [INFO] httpx — HTTP Request: HEAD https://huggingface.co/snunlp/KR-FinBert-SC/resolve/refs%2Fpr%2F3/model.safetensors.index.json "HTTP/1.1 404 Not Found"
2026-05-25 13:34:45,363 [INFO] httpx — HTTP Request: HEAD https://huggingface.co/snunlp/KR-FinBert-SC/resolve/refs%2Fpr%2F3/model.safetensors "HTTP/1.1 302 Found"
2026-05-25 13:36:06,529 [INFO] __main__ — 스코어링: 36개 | 집중:0 | FinBERT:finbert
2026-05-25 13:36:06,547 [INFO] __main__ —   → 36개
2026-05-25 13:36:06,547 [INFO] __main__ — ▶ Step 4: 발송
2026-05-25 13:36:06,547 [INFO] __main__ — ▶ [DRY RUN] 콘솔 출력
2026-05-25 13:36:06,548 [INFO] __main__ — 발송: 집중 0 / 주시 3
2026-05-25 13:36:06,548 [INFO] __main__ — 완료  |  소요: 638.1초
