2026-07-21 11:26:45,666 [INFO] __main__ — config 검증 완료 ✓
2026-07-21 11:26:45,666 [INFO] __main__ — ============================================================
2026-07-21 11:26:45,666 [INFO] __main__ — AlphaRadar v3.3.1  |  기준일: 20260721
2026-07-21 11:26:45,667 [INFO] __main__ — S = T×0.3 + S_text×0.4 + D×0.3
2026-07-21 11:26:45,667 [INFO] __main__ — ============================================================
2026-07-21 11:26:45,667 [INFO] __main__ — ▶ Step 0: 유니버스 필터링
2026-07-21 11:26:45,814 [INFO] __main__ — FDR 데이터 수집: 20260115 ~ 20260721
2026-07-21 11:26:47,204 [INFO] __main__ — KOSPI: 943개 | 섹터정보 833개 (DART +833개 보완)
2026-07-21 11:26:47,205 [INFO] __main__ — KOSDAQ: 1821개 | 섹터정보 1821개
2026-07-21 11:26:47,205 [INFO] __main__ — 전체: 2764개
2026-07-21 11:26:49,594 [INFO] __main__ — KIS 토큰 발급 완료
2026-07-21 11:42:28,006 [INFO] __main__ — DART corp_code 매핑: 2144/2197개 (97%)
2026-07-21 11:42:28,006 [INFO] __main__ — 유효 유니버스: 2197개
2026-07-21 11:42:28,018 [INFO] __main__ —   → 2197개
2026-07-21 11:42:28,018 [INFO] __main__ — ▶ Step 1: 신호 탐지
2026-07-21 11:42:28,018 [INFO] __main__ — NaverClient: 3개 키 로드 (DataLab·검색 독립 회전)
2026-07-21 11:42:28,018 [INFO] __main__ — 관심 지수 및 부정 뉴스 비율 조회 중...
2026-07-21 11:42:53,172 [INFO] __main__ — 뉴스 시점 제외 [삼기에너지솔루션즈]: 4건 (>14일/파싱실패)
2026-07-21 11:43:12,138 [INFO] __main__ — 뉴스 시점 제외 [남선알미늄]: 4건 (>14일/파싱실패)
2026-07-21 11:43:17,999 [INFO] __main__ — 뉴스 시점 제외 [KX하이텍]: 9건 (>14일/파싱실패)
2026-07-21 11:43:26,038 [INFO] __main__ — 뉴스 시점 제외 [하이드로리튬]: 13건 (>14일/파싱실패)
2026-07-21 11:43:26,088 [INFO] __main__ — 뉴스 시점 제외 [맥쿼리인프라]: 7건 (>14일/파싱실패)
2026-07-21 11:43:30,412 [INFO] __main__ — 뉴스 시점 제외 [THE E&M]: 3건 (>14일/파싱실패)
2026-07-21 11:43:31,747 [INFO] __main__ — 뉴스 시점 제외 [한성크린텍]: 9건 (>14일/파싱실패)
2026-07-21 11:43:43,527 [INFO] __main__ — 뉴스 시점 제외 [멤레이비티]: 6건 (>14일/파싱실패)
2026-07-21 11:43:47,784 [INFO] __main__ — 뉴스 시점 제외 [해성옵틱스]: 8건 (>14일/파싱실패)
2026-07-21 11:43:50,662 [INFO] __main__ — 뉴스 시점 제외 [피델릭스]: 12건 (>14일/파싱실패)
2026-07-21 11:43:52,032 [INFO] __main__ — 뉴스 시점 제외 [세미티에스]: 10건 (>14일/파싱실패)
2026-07-21 11:43:54,719 [INFO] __main__ — 뉴스 시점 제외 [KBI동양철관]: 10건 (>14일/파싱실패)
2026-07-21 11:44:00,853 [INFO] __main__ — 뉴스 시점 제외 [솔디펜스]: 7건 (>14일/파싱실패)
2026-07-21 11:44:04,830 [INFO] __main__ — 뉴스 시점 제외 [옴니시스템]: 3건 (>14일/파싱실패)
2026-07-21 11:44:07,735 [INFO] __main__ — 뉴스 시점 제외 [에코플라스틱]: 6건 (>14일/파싱실패)
2026-07-21 11:44:10,511 [INFO] __main__ — 뉴스 시점 제외 [성문전자]: 11건 (>14일/파싱실패)
2026-07-21 11:44:11,835 [INFO] __main__ — 뉴스 시점 제외 [조일알미늄]: 8건 (>14일/파싱실패)
2026-07-21 11:44:11,857 [INFO] __main__ — 뉴스 시점 제외 [아미코젠]: 7건 (>14일/파싱실패)
2026-07-21 11:44:13,199 [INFO] __main__ — 뉴스 시점 제외 [원텍]: 4건 (>14일/파싱실패)
2026-07-21 11:44:14,506 [INFO] __main__ — 뉴스 시점 제외 [보성파워텍]: 4건 (>14일/파싱실패)
2026-07-21 11:44:19,910 [INFO] __main__ — 뉴스 시점 제외 [LS머트리얼즈]: 5건 (>14일/파싱실패)
2026-07-21 11:44:25,721 [INFO] __main__ — 뉴스 시점 제외 [엘브이엠씨홀딩스]: 14건 (>14일/파싱실패)
2026-07-21 11:44:27,183 [INFO] __main__ — 뉴스 시점 제외 [대영포장]: 15건 (>14일/파싱실패)
2026-07-21 11:44:30,081 [INFO] __main__ — 뉴스 시점 제외 [양지사]: 11건 (>14일/파싱실패)
2026-07-21 11:44:31,453 [INFO] __main__ — 뉴스 시점 제외 [로보로보]: 8건 (>14일/파싱실패)
2026-07-21 11:44:34,100 [INFO] __main__ — 뉴스 시점 제외 [일신석재]: 8건 (>14일/파싱실패)
2026-07-21 11:44:34,113 [INFO] __main__ — 뉴스 시점 제외 [부국철강]: 12건 (>14일/파싱실패)
2026-07-21 11:44:35,458 [INFO] __main__ — 뉴스 시점 제외 [키스트론]: 11건 (>14일/파싱실패)
2026-07-21 11:44:38,149 [INFO] __main__ — 뉴스 시점 제외 [KB스타리츠]: 12건 (>14일/파싱실패)
2026-07-21 11:44:38,358 [INFO] __main__ — 뉴스 시점 제외 [제닉스로보틱스]: 5건 (>14일/파싱실패)
2026-07-21 11:44:42,175 [INFO] __main__ — 뉴스 시점 제외 [시너지이노베이션]: 12건 (>14일/파싱실패)
2026-07-21 11:44:45,236 [INFO] __main__ — 뉴스 시점 제외 [엑스큐어]: 5건 (>14일/파싱실패)
2026-07-21 11:44:46,436 [INFO] __main__ — 뉴스 시점 제외 [대아티아이]: 7건 (>14일/파싱실패)
2026-07-21 11:44:49,494 [INFO] __main__ — 뉴스 시점 제외 [GRT]: 6건 (>14일/파싱실패)
2026-07-21 11:44:53,032 [INFO] __main__ — 뉴스 시점 제외 [한국팩키지]: 6건 (>14일/파싱실패)
2026-07-21 11:44:54,753 [INFO] __main__ — 뉴스 시점 제외 [퍼스텍]: 5건 (>14일/파싱실패)
2026-07-21 11:44:59,728 [INFO] __main__ — 뉴스 시점 제외 [이수화학]: 12건 (>14일/파싱실패)
2026-07-21 11:45:01,647 [INFO] __main__ — 뉴스 시점 제외 [아남전자]: 10건 (>14일/파싱실패)
2026-07-21 11:45:03,231 [INFO] __main__ — 뉴스 시점 제외 [우리기술투자]: 11건 (>14일/파싱실패)
2026-07-21 11:45:04,711 [INFO] __main__ — 뉴스 시점 제외 [에이팩트]: 8건 (>14일/파싱실패)
2026-07-21 11:45:07,751 [INFO] __main__ — 뉴스 시점 제외 [엔비알모션]: 5건 (>14일/파싱실패)
2026-07-21 11:45:07,791 [INFO] __main__ — 뉴스 시점 제외 [HB솔루션]: 6건 (>14일/파싱실패)
2026-07-21 11:45:13,167 [INFO] __main__ — 뉴스 시점 제외 [알루코]: 6건 (>14일/파싱실패)
2026-07-21 11:45:13,637 [INFO] __main__ — 뉴스 시점 제외 [티씨머티리얼즈]: 11건 (>14일/파싱실패)
2026-07-21 11:45:16,196 [INFO] __main__ — 뉴스 시점 제외 [비투엔]: 13건 (>14일/파싱실패)
2026-07-21 11:45:17,548 [INFO] __main__ — 뉴스 시점 제외 [대양금속]: 12건 (>14일/파싱실패)
2026-07-21 11:45:21,581 [INFO] __main__ — 뉴스 시점 제외 [빅텍]: 3건 (>14일/파싱실패)
2026-07-21 11:45:31,179 [INFO] __main__ — 뉴스 시점 제외 [제이에스티나]: 4건 (>14일/파싱실패)
2026-07-21 11:45:36,561 [INFO] __main__ — 뉴스 시점 제외 [태양금속]: 11건 (>14일/파싱실패)
2026-07-21 11:45:37,977 [INFO] __main__ — 뉴스 시점 제외 [미래에셋증권2우B]: 14건 (>14일/파싱실패)
2026-07-21 11:45:40,713 [INFO] __main__ — 뉴스 시점 제외 [휴스틸]: 5건 (>14일/파싱실패)
2026-07-21 11:45:44,662 [INFO] __main__ — 뉴스 시점 제외 [광진실업]: 4건 (>14일/파싱실패)
2026-07-21 11:45:44,735 [INFO] __main__ — 뉴스 시점 제외 [에이티넘인베스트]: 13건 (>14일/파싱실패)
2026-07-21 11:45:48,667 [INFO] __main__ — 뉴스 시점 제외 [넥스틸]: 8건 (>14일/파싱실패)
2026-07-21 11:45:48,739 [INFO] __main__ — 뉴스 시점 제외 [에이치엠넥스]: 10건 (>14일/파싱실패)
2026-07-21 11:45:51,282 [INFO] __main__ — 뉴스 시점 제외 [이리츠코크렙]: 8건 (>14일/파싱실패)
2026-07-21 11:45:52,926 [INFO] __main__ — 뉴스 시점 제외 [덕신이피씨]: 13건 (>14일/파싱실패)
2026-07-21 11:45:57,178 [INFO] __main__ — 뉴스 시점 제외 [우원개발]: 8건 (>14일/파싱실패)
2026-07-21 11:46:01,376 [INFO] __main__ — 뉴스 시점 제외 [슈어소프트테크]: 6건 (>14일/파싱실패)
2026-07-21 11:46:02,725 [INFO] __main__ — 뉴스 시점 제외 [국일제지]: 13건 (>14일/파싱실패)
2026-07-21 11:46:03,348 [INFO] __main__ — 뉴스 시점 제외 [와이제이링크]: 6건 (>14일/파싱실패)
2026-07-21 11:46:04,094 [INFO] __main__ — 뉴스 시점 제외 [지앤비에스 에코]: 4건 (>14일/파싱실패)
2026-07-21 11:46:08,764 [INFO] __main__ — 뉴스 시점 제외 [SK리츠]: 7건 (>14일/파싱실패)
2026-07-21 11:46:09,348 [INFO] __main__ — 뉴스 시점 제외 [YG PLUS]: 9건 (>14일/파싱실패)
2026-07-21 11:46:17,846 [INFO] __main__ — 뉴스 시점 제외 [디앤디플랫폼리츠]: 11건 (>14일/파싱실패)
2026-07-21 11:46:20,216 [INFO] __main__ — 뉴스 시점 제외 [티케이케미칼]: 9건 (>14일/파싱실패)
2026-07-21 11:46:22,952 [INFO] __main__ — 뉴스 시점 제외 [메가터치]: 6건 (>14일/파싱실패)
2026-07-21 11:46:24,917 [INFO] __main__ — 뉴스 시점 제외 [원익피앤이]: 10건 (>14일/파싱실패)
2026-07-21 11:46:27,502 [INFO] __main__ — 부정 키워드 감지: 40개 종목 (neg_ratio > 0)
2026-07-21 11:46:27,505 [INFO] __main__ — 수급일수충족·합계음수 제외: 118개
2026-07-21 11:46:35,840 [INFO] __main__ — 뉴스 시점 제외 [두산우]: 14건 (>14일/파싱실패)
2026-07-21 11:46:37,319 [INFO] __main__ — 뉴스 시점 제외 [KB발해인프라]: 13건 (>14일/파싱실패)
2026-07-21 11:46:38,060 [INFO] __main__ — 뉴스 시점 제외 [LG전자우]: 8건 (>14일/파싱실패)
2026-07-21 11:46:39,531 [INFO] __main__ — 뉴스 시점 제외 [롯데리츠]: 7건 (>14일/파싱실패)
2026-07-21 11:46:40,233 [INFO] __main__ — 뉴스 시점 제외 [쿠쿠홀딩스]: 7건 (>14일/파싱실패)
2026-07-21 11:46:40,961 [INFO] __main__ — 뉴스 시점 제외 [신한알파리츠]: 14건 (>14일/파싱실패)
2026-07-21 11:46:40,994 [INFO] __main__ — 뉴스 시점 제외 [한국쉘석유]: 7건 (>14일/파싱실패)
2026-07-21 11:46:41,663 [INFO] __main__ — 뉴스 시점 제외 [맵스리얼티]: 15건 (>14일/파싱실패)
2026-07-21 11:46:42,160 [INFO] __main__ — 뉴스 시점 제외 [CJ4우(전환)]: 14건 (>14일/파싱실패)
2026-07-21 11:46:43,137 [INFO] __main__ — 뉴스 시점 제외 [세아홀딩스]: 3건 (>14일/파싱실패)
2026-07-21 11:46:43,604 [INFO] __main__ — 뉴스 시점 제외 [풍산홀딩스]: 9건 (>14일/파싱실패)
2026-07-21 11:46:44,332 [INFO] __main__ — 뉴스 시점 제외 [현대차3우B]: 15건 (>14일/파싱실패)
2026-07-21 11:46:44,641 [INFO] __main__ — 뉴스 시점 제외 [조광피혁]: 10건 (>14일/파싱실패)
2026-07-21 11:46:45,069 [INFO] __main__ — 뉴스 시점 제외 [전진건설로봇]: 8건 (>14일/파싱실패)
2026-07-21 11:46:45,346 [INFO] __main__ — 뉴스 시점 제외 [코람코더원리츠]: 7건 (>14일/파싱실패)
2026-07-21 11:46:45,376 [INFO] __main__ — 뉴스 시점 제외 [아모레퍼시픽우]: 10건 (>14일/파싱실패)
2026-07-21 11:46:45,799 [INFO] __main__ — 뉴스 시점 제외 [신도리코]: 9건 (>14일/파싱실패)
2026-07-21 11:46:46,081 [INFO] __main__ — 뉴스 시점 제외 [삼영무역]: 11건 (>14일/파싱실패)
2026-07-21 11:46:46,105 [INFO] __main__ — 뉴스 시점 제외 [INVENI]: 7건 (>14일/파싱실패)
2026-07-21 11:46:46,833 [INFO] __main__ — 뉴스 시점 제외 [국도화학]: 11건 (>14일/파싱실패)
2026-07-21 11:46:47,565 [INFO] __main__ — 뉴스 시점 제외 [신대양제지]: 13건 (>14일/파싱실패)
2026-07-21 11:46:48,685 [INFO] __main__ — 뉴스 시점 제외 [일진하이솔루스]: 9건 (>14일/파싱실패)
2026-07-21 11:46:49,408 [INFO] __main__ — 뉴스 시점 제외 [현대퓨처넷]: 10건 (>14일/파싱실패)
2026-07-21 11:46:50,457 [INFO] __main__ — 뉴스 시점 제외 [아세아제지]: 7건 (>14일/파싱실패)
2026-07-21 11:46:50,862 [INFO] __main__ — 뉴스 시점 제외 [서울가스]: 8건 (>14일/파싱실패)
2026-07-21 11:46:51,208 [INFO] __main__ — 뉴스 시점 제외 [S-Oil우]: 12건 (>14일/파싱실패)
2026-07-21 11:46:51,965 [INFO] __main__ — 뉴스 시점 제외 [포스코스틸리온]: 6건 (>14일/파싱실패)
2026-07-21 11:46:52,669 [INFO] __main__ — 뉴스 시점 제외 [미창석유]: 10건 (>14일/파싱실패)
2026-07-21 11:46:53,402 [INFO] __main__ — 뉴스 시점 제외 [이지스밸류플러스리츠]: 13건 (>14일/파싱실패)
2026-07-21 11:46:55,063 [INFO] __main__ — 뉴스 시점 제외 [모토닉]: 13건 (>14일/파싱실패)
2026-07-21 11:46:55,251 [INFO] __main__ — 뉴스 시점 제외 [CR홀딩스]: 11건 (>14일/파싱실패)
2026-07-21 11:46:55,803 [INFO] __main__ — 뉴스 시점 제외 [AJ네트웍스]: 12건 (>14일/파싱실패)
2026-07-21 11:46:56,531 [INFO] __main__ — 뉴스 시점 제외 [DS단석]: 8건 (>14일/파싱실패)
2026-07-21 11:46:56,714 [INFO] __main__ — 뉴스 시점 제외 [LG우]: 15건 (>14일/파싱실패)
2026-07-21 11:46:57,268 [INFO] __main__ — 뉴스 시점 제외 [진양홀딩스]: 12건 (>14일/파싱실패)
2026-07-21 11:46:57,276 [INFO] __main__ — 뉴스 시점 제외 [하이트진로홀딩스]: 11건 (>14일/파싱실패)
2026-07-21 11:46:58,713 [INFO] __main__ — 뉴스 시점 제외 [에스엠벡셀]: 10건 (>14일/파싱실패)
2026-07-21 11:46:58,735 [INFO] __main__ — 뉴스 시점 제외 [유화증권]: 7건 (>14일/파싱실패)
2026-07-21 11:46:58,903 [INFO] __main__ — 뉴스 시점 제외 [SYTS]: 12건 (>14일/파싱실패)
2026-07-21 11:47:00,178 [INFO] __main__ — 뉴스 시점 제외 [SJG세종]: 5건 (>14일/파싱실패)
2026-07-21 11:47:00,182 [INFO] __main__ — 뉴스 시점 제외 [조선내화]: 10건 (>14일/파싱실패)
2026-07-21 11:47:00,542 [INFO] __main__ — 뉴스 시점 제외 [NH올원리츠]: 13건 (>14일/파싱실패)
2026-07-21 11:47:00,910 [INFO] __main__ — 뉴스 시점 제외 [금호석유화학우]: 13건 (>14일/파싱실패)
2026-07-21 11:47:00,921 [INFO] __main__ — 뉴스 시점 제외 [유수홀딩스]: 6건 (>14일/파싱실패)
2026-07-21 11:47:01,831 [INFO] __main__ — 뉴스 시점 제외 [한국주철관]: 9건 (>14일/파싱실패)
2026-07-21 11:47:02,726 [INFO] __main__ — 뉴스 시점 제외 [한진중공업홀딩스]: 14건 (>14일/파싱실패)
2026-07-21 11:47:03,456 [INFO] __main__ — 뉴스 시점 제외 [태경산업]: 8건 (>14일/파싱실패)
2026-07-21 11:47:03,484 [INFO] __main__ — 뉴스 시점 제외 [키다리스튜디오]: 2건 (>14일/파싱실패)
2026-07-21 11:47:04,184 [INFO] __main__ — 뉴스 시점 제외 [미원홀딩스]: 12건 (>14일/파싱실패)
2026-07-21 11:47:05,109 [INFO] __main__ — 뉴스 시점 제외 [태림포장]: 14건 (>14일/파싱실패)
2026-07-21 11:47:05,117 [INFO] __main__ — 뉴스 시점 제외 [이지스레지던스리츠]: 14건 (>14일/파싱실패)
2026-07-21 11:47:06,025 [INFO] __main__ — 뉴스 시점 제외 [인천도시가스]: 8건 (>14일/파싱실패)
2026-07-21 11:47:06,620 [INFO] __main__ — 뉴스 시점 제외 [현대코퍼레이션홀딩스]: 14건 (>14일/파싱실패)
2026-07-21 11:47:06,757 [INFO] __main__ — 뉴스 시점 제외 [대성홀딩스]: 8건 (>14일/파싱실패)
2026-07-21 11:47:06,777 [INFO] __main__ — 뉴스 시점 제외 [제일파마홀딩스]: 7건 (>14일/파싱실패)
2026-07-21 11:47:07,481 [INFO] __main__ — 뉴스 시점 제외 [경동인베스트]: 8건 (>14일/파싱실패)
2026-07-21 11:47:07,685 [INFO] __main__ — 뉴스 시점 제외 [티에이치엔]: 11건 (>14일/파싱실패)
2026-07-21 11:47:08,093 [INFO] __main__ — 뉴스 시점 제외 [무림P&P]: 10건 (>14일/파싱실패)
2026-07-21 11:47:09,007 [INFO] __main__ — 뉴스 시점 제외 [영보화학]: 14건 (>14일/파싱실패)
2026-07-21 11:47:09,165 [INFO] __main__ — 뉴스 시점 제외 [두올]: 9건 (>14일/파싱실패)
2026-07-21 11:47:09,729 [INFO] __main__ — 뉴스 시점 제외 [KTcs]: 8건 (>14일/파싱실패)
2026-07-21 11:47:09,875 [INFO] __main__ — 뉴스 시점 제외 [HS애드]: 4건 (>14일/파싱실패)
2026-07-21 11:47:10,484 [INFO] __main__ — 뉴스 시점 제외 [동일산업]: 6건 (>14일/파싱실패)
2026-07-21 11:47:11,185 [INFO] __main__ — 뉴스 시점 제외 [사조오양]: 8건 (>14일/파싱실패)
2026-07-21 11:47:11,206 [INFO] __main__ — 뉴스 시점 제외 [한솔로지스틱스]: 2건 (>14일/파싱실패)
2026-07-21 11:47:11,904 [INFO] __main__ — 뉴스 시점 제외 [CS홀딩스]: 15건 (>14일/파싱실패)
2026-07-21 11:47:11,936 [INFO] __main__ — 뉴스 시점 제외 [동인기연]: 12건 (>14일/파싱실패)
2026-07-21 11:47:12,625 [INFO] __main__ — 뉴스 시점 제외 [두산퓨얼셀1우]: 13건 (>14일/파싱실패)
2026-07-21 11:47:12,658 [INFO] __main__ — 뉴스 시점 제외 [성창기업지주]: 14건 (>14일/파싱실패)
2026-07-21 11:47:13,348 [INFO] __main__ — 뉴스 시점 제외 [유한양행우]: 13건 (>14일/파싱실패)
2026-07-21 11:47:13,396 [INFO] __main__ — 뉴스 시점 제외 [NH프라임리츠]: 11건 (>14일/파싱실패)
2026-07-21 11:47:13,670 [INFO] __main__ — 뉴스 시점 제외 [미래에셋글로벌리츠]: 12건 (>14일/파싱실패)
2026-07-21 11:47:14,264 [INFO] __main__ — 뉴스 시점 제외 [아모레퍼시픽홀딩스우]: 14건 (>14일/파싱실패)
2026-07-21 11:47:14,272 [INFO] __main__ — 뉴스 시점 제외 [일동홀딩스]: 7건 (>14일/파싱실패)
2026-07-21 11:47:15,710 [INFO] __main__ — 뉴스 시점 제외 [삼정펄프]: 13건 (>14일/파싱실패)
2026-07-21 11:47:16,038 [INFO] __main__ — 뉴스 시점 제외 [코오롱인더우]: 15건 (>14일/파싱실패)
2026-07-21 11:47:17,162 [INFO] __main__ — 뉴스 시점 제외 [하이스틸]: 12건 (>14일/파싱실패)
2026-07-21 11:47:17,674 [INFO] __main__ — 뉴스 시점 제외 [화천기계]: 9건 (>14일/파싱실패)
2026-07-21 11:47:18,182 [INFO] __main__ — 뉴스 시점 제외 [한국특강]: 4건 (>14일/파싱실패)
2026-07-21 11:47:18,404 [INFO] __main__ — 뉴스 시점 제외 [화승알앤에이]: 11건 (>14일/파싱실패)
2026-07-21 11:47:18,890 [INFO] __main__ — 뉴스 시점 제외 [SJM홀딩스]: 14건 (>14일/파싱실패)
2026-07-21 11:47:19,137 [INFO] __main__ — 뉴스 시점 제외 [롯데칠성우]: 15건 (>14일/파싱실패)
2026-07-21 11:47:19,346 [INFO] __main__ — 뉴스 시점 제외 [평화산업]: 8건 (>14일/파싱실패)
2026-07-21 11:47:20,043 [INFO] __main__ — 뉴스 시점 제외 [대덕전자1우]: 13건 (>14일/파싱실패)
2026-07-21 11:47:20,250 [INFO] __main__ — 뉴스 시점 제외 [미래에셋맵스리츠]: 13건 (>14일/파싱실패)
2026-07-21 11:47:20,977 [INFO] __main__ — 뉴스 시점 제외 [유성기업]: 14건 (>14일/파싱실패)
2026-07-21 11:47:21,075 [INFO] __main__ — 뉴스 시점 제외 [SB성보]: 6건 (>14일/파싱실패)
2026-07-21 11:47:21,901 [INFO] __main__ — 뉴스 시점 제외 [영화금속]: 4건 (>14일/파싱실패)
2026-07-21 11:47:21,903 [INFO] __main__ — 뉴스 시점 제외 [한화솔루션우]: 13건 (>14일/파싱실패)
2026-07-21 11:47:22,614 [INFO] __main__ — 뉴스 시점 제외 [문배철강]: 10건 (>14일/파싱실패)
2026-07-21 11:47:22,652 [INFO] __main__ — 뉴스 시점 제외 [신한글로벌액티브리츠]: 14건 (>14일/파싱실패)
2026-07-21 11:47:23,529 [INFO] __main__ — 뉴스 시점 제외 [세우글로벌]: 14건 (>14일/파싱실패)
2026-07-21 11:47:23,546 [INFO] __main__ — 뉴스 시점 제외 [갤럭시아에스엠]: 14건 (>14일/파싱실패)
2026-07-21 11:47:23,550 [INFO] __main__ — 뉴스 시점 제외 [에쓰씨엔지니어링]: 6건 (>14일/파싱실패)
2026-07-21 11:47:24,281 [INFO] __main__ — 뉴스 시점 제외 [DL우]: 14건 (>14일/파싱실패)
2026-07-21 11:47:24,282 [INFO] __main__ — 뉴스 시점 제외 [세방우]: 15건 (>14일/파싱실패)
2026-07-21 11:47:24,283 [INFO] __main__ — 뉴스 시점 제외 [우진아이엔에스]: 12건 (>14일/파싱실패)
2026-07-21 11:47:25,044 [INFO] __main__ — 뉴스 시점 제외 [경인전자]: 13건 (>14일/파싱실패)
2026-07-21 11:47:25,784 [INFO] __main__ — 뉴스 시점 제외 [MH에탄올]: 12건 (>14일/파싱실패)
2026-07-21 11:47:25,789 [INFO] __main__ — 뉴스 시점 제외 [동일제강]: 9건 (>14일/파싱실패)
2026-07-21 11:47:30,558 [INFO] __main__ — 뉴스 시점 제외 [큐리언트]: 4건 (>14일/파싱실패)
2026-07-21 11:47:32,231 [INFO] __main__ — 뉴스 시점 제외 [펌텍코리아]: 11건 (>14일/파싱실패)
2026-07-21 11:47:32,678 [INFO] __main__ — 뉴스 시점 제외 [에이치브이엠]: 3건 (>14일/파싱실패)
2026-07-21 11:47:36,758 [INFO] __main__ — 뉴스 시점 제외 [인화정공]: 14건 (>14일/파싱실패)
2026-07-21 11:47:38,211 [INFO] __main__ — 뉴스 시점 제외 [한국알콜]: 1건 (>14일/파싱실패)
2026-07-21 11:47:40,731 [INFO] __main__ — 뉴스 시점 제외 [우주일렉트로]: 8건 (>14일/파싱실패)
2026-07-21 11:47:41,483 [INFO] __main__ — 뉴스 시점 제외 [매커스]: 8건 (>14일/파싱실패)
2026-07-21 11:47:42,194 [INFO] __main__ — 뉴스 시점 제외 [코텍]: 10건 (>14일/파싱실패)
2026-07-21 11:47:42,929 [INFO] __main__ — 뉴스 시점 제외 [삼목에스폼]: 8건 (>14일/파싱실패)
2026-07-21 11:47:43,712 [INFO] __main__ — 뉴스 시점 제외 [에스엔시스]: 5건 (>14일/파싱실패)
2026-07-21 11:47:44,437 [INFO] __main__ — 뉴스 시점 제외 [티이엠씨]: 5건 (>14일/파싱실패)
2026-07-21 11:47:45,187 [INFO] __main__ — 뉴스 시점 제외 [석경에이티]: 5건 (>14일/파싱실패)
2026-07-21 11:47:46,672 [INFO] __main__ — 뉴스 시점 제외 [BGF에코머티리얼즈]: 14건 (>14일/파싱실패)
2026-07-21 11:47:47,434 [INFO] __main__ — 뉴스 시점 제외 [한국정보인증]: 7건 (>14일/파싱실패)
2026-07-21 11:47:48,137 [INFO] __main__ — 뉴스 시점 제외 [코메론]: 11건 (>14일/파싱실패)
2026-07-21 11:47:48,180 [INFO] __main__ — 뉴스 시점 제외 [신흥에스이씨]: 13건 (>14일/파싱실패)
2026-07-21 11:47:48,915 [INFO] __main__ — 뉴스 시점 제외 [엠아이텍]: 8건 (>14일/파싱실패)
2026-07-21 11:47:50,398 [INFO] __main__ — 뉴스 시점 제외 [코리아에프티]: 8건 (>14일/파싱실패)
2026-07-21 11:47:51,144 [INFO] __main__ — 뉴스 시점 제외 [우양에이치씨]: 13건 (>14일/파싱실패)
2026-07-21 11:47:51,895 [INFO] __main__ — 뉴스 시점 제외 [고려신용정보]: 14건 (>14일/파싱실패)
2026-07-21 11:47:53,365 [INFO] __main__ — 뉴스 시점 제외 [동국산업]: 10건 (>14일/파싱실패)
2026-07-21 11:47:55,562 [INFO] __main__ — 뉴스 시점 제외 [제노코]: 8건 (>14일/파싱실패)
2026-07-21 11:47:56,272 [INFO] __main__ — 뉴스 시점 제외 [윤성에프앤씨]: 13건 (>14일/파싱실패)
2026-07-21 11:47:57,004 [INFO] __main__ — 뉴스 시점 제외 [유아이엘]: 10건 (>14일/파싱실패)
2026-07-21 11:47:57,564 [INFO] __main__ — 뉴스 시점 제외 [지어소프트]: 8건 (>14일/파싱실패)
2026-07-21 11:47:57,751 [INFO] __main__ — 뉴스 시점 제외 [하이텍팜]: 13건 (>14일/파싱실패)
2026-07-21 11:47:58,295 [INFO] __main__ — 뉴스 시점 제외 [현대에버다임]: 7건 (>14일/파싱실패)
2026-07-21 11:47:58,488 [INFO] __main__ — 뉴스 시점 제외 [NICE인프라]: 15건 (>14일/파싱실패)
2026-07-21 11:47:59,023 [INFO] __main__ — 뉴스 시점 제외 [우리손에프앤지]: 14건 (>14일/파싱실패)
2026-07-21 11:47:59,177 [INFO] __main__ — 뉴스 시점 제외 [엠에스씨]: 13건 (>14일/파싱실패)
2026-07-21 11:47:59,749 [INFO] __main__ — 뉴스 시점 제외 [대정화금]: 13건 (>14일/파싱실패)
2026-07-21 11:48:00,471 [INFO] __main__ — 뉴스 시점 제외 [루미르]: 11건 (>14일/파싱실패)
2026-07-21 11:48:00,833 [INFO] __main__ — 뉴스 시점 제외 [세운메디칼]: 12건 (>14일/파싱실패)
2026-07-21 11:48:00,844 [INFO] __main__ — 뉴스 시점 제외 [케이알엠]: 9건 (>14일/파싱실패)
2026-07-21 11:48:02,642 [INFO] __main__ — 뉴스 시점 제외 [스톰테크]: 15건 (>14일/파싱실패)
2026-07-21 11:48:03,059 [INFO] __main__ — 뉴스 시점 제외 [탑런토탈솔루션]: 12건 (>14일/파싱실패)
2026-07-21 11:48:03,060 [INFO] __main__ — 뉴스 시점 제외 [디와이피엔에프]: 13건 (>14일/파싱실패)
2026-07-21 11:48:04,085 [INFO] __main__ — 뉴스 시점 제외 [정상제이엘에스]: 6건 (>14일/파싱실패)
2026-07-21 11:48:04,524 [INFO] __main__ — 뉴스 시점 제외 [아미노로직스]: 12건 (>14일/파싱실패)
2026-07-21 11:48:05,269 [INFO] __main__ — 뉴스 시점 제외 [서원인텍]: 14건 (>14일/파싱실패)
2026-07-21 11:48:05,269 [INFO] __main__ — 뉴스 시점 제외 [동아엘텍]: 13건 (>14일/파싱실패)
2026-07-21 11:48:06,273 [INFO] __main__ — 뉴스 시점 제외 [동신건설]: 9건 (>14일/파싱실패)
2026-07-21 11:48:07,118 [INFO] __main__ — 뉴스 시점 제외 [오상헬스케어]: 11건 (>14일/파싱실패)
2026-07-21 11:48:07,146 [INFO] __main__ — 뉴스 시점 제외 [창해에탄올]: 13건 (>14일/파싱실패)
2026-07-21 11:48:07,865 [INFO] __main__ — 뉴스 시점 제외 [피에스텍]: 11건 (>14일/파싱실패)
2026-07-21 11:48:09,503 [INFO] __main__ — 뉴스 시점 제외 [일지테크]: 5건 (>14일/파싱실패)
2026-07-21 11:48:09,521 [INFO] __main__ — 뉴스 시점 제외 [오파스넷]: 9건 (>14일/파싱실패)
2026-07-21 11:48:09,529 [INFO] __main__ — 뉴스 시점 제외 [에이치엔에스하이텍]: 14건 (>14일/파싱실패)
2026-07-21 11:48:10,253 [INFO] __main__ — 뉴스 시점 제외 [디알텍]: 2건 (>14일/파싱실패)
2026-07-21 11:48:11,147 [INFO] __main__ — 뉴스 시점 제외 [큐브엔터]: 9건 (>14일/파싱실패)
2026-07-21 11:48:11,887 [INFO] __main__ — 뉴스 시점 제외 [삼영엠텍]: 6건 (>14일/파싱실패)
2026-07-21 11:48:12,122 [INFO] __main__ — 뉴스 시점 제외 [초록뱀미디어]: 9건 (>14일/파싱실패)
2026-07-21 11:48:13,578 [INFO] __main__ — 뉴스 시점 제외 [영화테크]: 13건 (>14일/파싱실패)
2026-07-21 11:48:14,288 [INFO] __main__ — 뉴스 시점 제외 [리드코프]: 12건 (>14일/파싱실패)
2026-07-21 11:48:14,292 [INFO] __main__ — 뉴스 시점 제외 [블루콤]: 14건 (>14일/파싱실패)
2026-07-21 11:48:15,194 [INFO] __main__ — 뉴스 시점 제외 [로스웰]: 9건 (>14일/파싱실패)
2026-07-21 11:48:15,946 [INFO] __main__ — 뉴스 시점 제외 [이상네트웍스]: 12건 (>14일/파싱실패)
2026-07-21 11:48:16,867 [INFO] __main__ — 뉴스 시점 제외 [엔브이에이치코리아]: 11건 (>14일/파싱실패)
2026-07-21 11:48:16,872 [INFO] __main__ — 뉴스 시점 제외 [삼현철강]: 10건 (>14일/파싱실패)
2026-07-21 11:48:17,384 [INFO] __main__ — 뉴스 시점 제외 [라이온켐텍]: 9건 (>14일/파싱실패)
2026-07-21 11:48:18,340 [INFO] __main__ — 뉴스 시점 제외 [아이엠티]: 4건 (>14일/파싱실패)
2026-07-21 11:48:18,545 [INFO] __main__ — 뉴스 시점 제외 [싸이토젠]: 12건 (>14일/파싱실패)
2026-07-21 11:48:18,991 [INFO] __main__ — 뉴스 시점 제외 [엠오티]: 12건 (>14일/파싱실패)
2026-07-21 11:48:19,069 [INFO] __main__ — 뉴스 시점 제외 [페스카로]: 14건 (>14일/파싱실패)
2026-07-21 11:48:19,271 [INFO] __main__ — 뉴스 시점 제외 [동일금속]: 15건 (>14일/파싱실패)
2026-07-21 11:48:20,004 [INFO] __main__ — 뉴스 시점 제외 [피제이메탈]: 11건 (>14일/파싱실패)
2026-07-21 11:48:20,831 [INFO] __main__ — 뉴스 시점 제외 [지아이텍]: 7건 (>14일/파싱실패)
2026-07-21 11:48:20,846 [INFO] __main__ — 뉴스 시점 제외 [앤디포스]: 10건 (>14일/파싱실패)
2026-07-21 11:48:20,848 [INFO] __main__ — 뉴스 시점 제외 [수젠텍]: 10건 (>14일/파싱실패)
2026-07-21 11:48:22,322 [INFO] __main__ — 뉴스 시점 제외 [CG인바이츠]: 10건 (>14일/파싱실패)
2026-07-21 11:48:23,982 [INFO] __main__ — 뉴스 시점 제외 [유라테크]: 13건 (>14일/파싱실패)
2026-07-21 11:48:24,680 [INFO] __main__ — 뉴스 시점 제외 [푸드웰]: 13건 (>14일/파싱실패)
2026-07-21 11:48:25,414 [INFO] __main__ — 뉴스 시점 제외 [레뷰코퍼레이션]: 8건 (>14일/파싱실패)
2026-07-21 11:48:26,147 [INFO] __main__ — 뉴스 시점 제외 [센코]: 1건 (>14일/파싱실패)
2026-07-21 11:48:26,826 [INFO] __main__ — 뉴스 시점 제외 [프로티아]: 10건 (>14일/파싱실패)
2026-07-21 11:48:26,872 [INFO] __main__ — 뉴스 시점 제외 [삼륭물산]: 5건 (>14일/파싱실패)
2026-07-21 11:48:27,114 [INFO] __main__ — 뉴스 시점 제외 [팬젠]: 9건 (>14일/파싱실패)
2026-07-21 11:48:27,550 [INFO] __main__ — 뉴스 시점 제외 [셀바스헬스케어]: 12건 (>14일/파싱실패)
2026-07-21 11:48:27,607 [INFO] __main__ — 뉴스 시점 제외 [유비벨록스]: 8건 (>14일/파싱실패)
2026-07-21 11:48:27,830 [INFO] __main__ — 뉴스 시점 제외 [대륙제관]: 3건 (>14일/파싱실패)
2026-07-21 11:48:28,273 [INFO] __main__ — 뉴스 시점 제외 [해성에어로보틱스]: 11건 (>14일/파싱실패)
2026-07-21 11:48:28,722 [INFO] __main__ — 뉴스 시점 제외 [고바이오랩]: 6건 (>14일/파싱실패)
2026-07-21 11:48:29,484 [INFO] __main__ — 뉴스 시점 제외 [빛샘전자]: 3건 (>14일/파싱실패)
2026-07-21 11:48:29,729 [INFO] __main__ — 뉴스 시점 제외 [인크로스]: 4건 (>14일/파싱실패)
2026-07-21 11:48:30,200 [INFO] __main__ — 뉴스 시점 제외 [트루엔]: 11건 (>14일/파싱실패)
2026-07-21 11:48:30,710 [INFO] __main__ — 뉴스 시점 제외 [스마트레이더시스템]: 14건 (>14일/파싱실패)
2026-07-21 11:48:30,927 [INFO] __main__ — 뉴스 시점 제외 [이노메트리]: 4건 (>14일/파싱실패)
2026-07-21 11:48:31,895 [INFO] __main__ — 뉴스 시점 제외 [나래나노텍]: 9건 (>14일/파싱실패)
2026-07-21 11:48:33,359 [INFO] __main__ — 뉴스 시점 제외 [동우팜투테이블]: 6건 (>14일/파싱실패)
2026-07-21 11:48:34,822 [INFO] __main__ — 뉴스 시점 제외 [팬스타엔터프라이즈]: 9건 (>14일/파싱실패)
2026-07-21 11:48:35,476 [INFO] __main__ — 뉴스 시점 제외 [수산아이앤티]: 14건 (>14일/파싱실패)
2026-07-21 11:48:35,550 [INFO] __main__ — 뉴스 시점 제외 [알파칩스]: 8건 (>14일/파싱실패)
2026-07-21 11:48:36,013 [INFO] __main__ — 뉴스 시점 제외 [셀바이오휴먼텍]: 9건 (>14일/파싱실패)
2026-07-21 11:48:36,279 [INFO] __main__ — 뉴스 시점 제외 [한국선재]: 13건 (>14일/파싱실패)
2026-07-21 11:48:36,939 [INFO] __main__ — 뉴스 시점 제외 [화성밸브]: 12건 (>14일/파싱실패)
2026-07-21 11:48:36,944 [INFO] __main__ — 뉴스 시점 제외 [퓨런티어]: 12건 (>14일/파싱실패)
2026-07-21 11:48:37,003 [INFO] __main__ — 뉴스 시점 제외 [웨이브일렉트로]: 12건 (>14일/파싱실패)
2026-07-21 11:48:37,670 [INFO] __main__ — 뉴스 시점 제외 [더블유에스아이]: 14건 (>14일/파싱실패)
2026-07-21 11:48:37,729 [INFO] __main__ — 뉴스 시점 제외 [SG&G]: 13건 (>14일/파싱실패)
2026-07-21 11:48:38,600 [INFO] __main__ — 뉴스 시점 제외 [대성창투]: 12건 (>14일/파싱실패)
2026-07-21 11:48:38,610 [INFO] __main__ — 뉴스 시점 제외 [엠투엔]: 13건 (>14일/파싱실패)
2026-07-21 11:48:39,347 [INFO] __main__ — 뉴스 시점 제외 [뉴엔AI]: 9건 (>14일/파싱실패)
2026-07-21 11:48:39,353 [INFO] __main__ — 뉴스 시점 제외 [세코닉스]: 11건 (>14일/파싱실패)
2026-07-21 11:48:40,081 [INFO] __main__ — 뉴스 시점 제외 [제이투케이바이오]: 8건 (>14일/파싱실패)
2026-07-21 11:48:40,086 [INFO] __main__ — 뉴스 시점 제외 [이닉스]: 14건 (>14일/파싱실패)
2026-07-21 11:48:40,844 [INFO] __main__ — 뉴스 시점 제외 [쎄크]: 6건 (>14일/파싱실패)
2026-07-21 11:48:41,563 [INFO] __main__ — 뉴스 시점 제외 [케이사인]: 11건 (>14일/파싱실패)
2026-07-21 11:48:42,306 [INFO] __main__ — 뉴스 시점 제외 [디티씨]: 13건 (>14일/파싱실패)
2026-07-21 11:48:42,307 [INFO] __main__ — 뉴스 시점 제외 [씨유테크]: 14건 (>14일/파싱실패)
2026-07-21 11:48:43,065 [INFO] __main__ — 뉴스 시점 제외 [캐프]: 15건 (>14일/파싱실패)
2026-07-21 11:48:43,795 [INFO] __main__ — 뉴스 시점 제외 [HC홈센타]: 11건 (>14일/파싱실패)
2026-07-21 11:48:43,968 [INFO] __main__ — 뉴스 시점 제외 [오상자이엘]: 11건 (>14일/파싱실패)
2026-07-21 11:48:44,518 [INFO] __main__ — 뉴스 시점 제외 [퀀타매트릭스]: 11건 (>14일/파싱실패)
2026-07-21 11:48:44,561 [INFO] __main__ — 뉴스 시점 제외 [흥국에프엔비]: 9건 (>14일/파싱실패)
2026-07-21 11:48:45,248 [INFO] __main__ — 뉴스 시점 제외 [코닉오토메이션]: 4건 (>14일/파싱실패)
2026-07-21 11:48:45,421 [INFO] __main__ — 뉴스 시점 제외 [케이씨피드]: 10건 (>14일/파싱실패)
2026-07-21 11:48:45,961 [INFO] __main__ — 뉴스 시점 제외 [YW]: 13건 (>14일/파싱실패)
2026-07-21 11:48:46,699 [INFO] __main__ — 뉴스 시점 제외 [디케이앤디]: 11건 (>14일/파싱실패)
2026-07-21 11:48:47,616 [INFO] __main__ — 뉴스 시점 제외 [엔젯]: 11건 (>14일/파싱실패)
2026-07-21 11:48:48,541 [INFO] __main__ — 뉴스 시점 제외 [에이텍모빌리티]: 13건 (>14일/파싱실패)
2026-07-21 11:48:48,546 [INFO] __main__ — 뉴스 시점 제외 [동방선기]: 11건 (>14일/파싱실패)
2026-07-21 11:48:48,553 [INFO] __main__ — 뉴스 시점 제외 [엔투텍]: 11건 (>14일/파싱실패)
2026-07-21 11:48:49,275 [INFO] __main__ — 뉴스 시점 제외 [상신전자]: 12건 (>14일/파싱실패)
2026-07-21 11:48:49,301 [INFO] __main__ — 뉴스 시점 제외 [램테크놀러지]: 7건 (>14일/파싱실패)
2026-07-21 11:48:49,303 [INFO] __main__ — 뉴스 시점 제외 [ES큐브]: 15건 (>14일/파싱실패)
2026-07-21 11:48:50,005 [INFO] __main__ — 뉴스 시점 제외 [레이저옵텍]: 9건 (>14일/파싱실패)
2026-07-21 11:48:50,016 [INFO] __main__ — 뉴스 시점 제외 [케이디켐]: 11건 (>14일/파싱실패)
2026-07-21 11:48:50,046 [INFO] __main__ — 뉴스 시점 제외 [그린생명과학]: 5건 (>14일/파싱실패)
2026-07-21 11:48:50,743 [INFO] __main__ — 뉴스 시점 제외 [이글벳]: 8건 (>14일/파싱실패)
2026-07-21 11:48:50,771 [INFO] __main__ — 뉴스 시점 제외 [유니온바이오메트릭스]: 6건 (>14일/파싱실패)
2026-07-21 11:48:52,570 [INFO] __main__ — 뉴스 시점 제외 [서진오토모티브]: 13건 (>14일/파싱실패)
2026-07-21 11:48:52,597 [INFO] __main__ — 뉴스 시점 제외 [쓰리에이로직스]: 12건 (>14일/파싱실패)
2026-07-21 11:48:53,517 [INFO] __main__ — 뉴스 시점 제외 [백금T&A]: 8건 (>14일/파싱실패)
2026-07-21 11:48:54,414 [INFO] __main__ — 뉴스 시점 제외 [이엠넷]: 8건 (>14일/파싱실패)
2026-07-21 11:48:54,422 [INFO] __main__ — 뉴스 시점 제외 [아이컴포넌트]: 15건 (>14일/파싱실패)
2026-07-21 11:48:54,428 [INFO] __main__ — 뉴스 시점 제외 [케일럼]: 12건 (>14일/파싱실패)
2026-07-21 11:48:55,350 [INFO] __main__ — 뉴스 시점 제외 [나라엠앤디]: 14건 (>14일/파싱실패)
2026-07-21 11:48:55,355 [INFO] __main__ — 뉴스 시점 제외 [서연탑메탈]: 11건 (>14일/파싱실패)
2026-07-21 11:48:56,401 [INFO] __main__ — 뉴스 시점 제외 [한네트]: 15건 (>14일/파싱실패)
2026-07-21 11:48:56,408 [INFO] __main__ — 뉴스 시점 제외 [보라티알]: 12건 (>14일/파싱실패)
2026-07-21 11:48:57,331 [INFO] __main__ — 뉴스 시점 제외 [마이크로디지탈]: 15건 (>14일/파싱실패)
2026-07-21 11:48:58,241 [INFO] __main__ — 뉴스 시점 제외 [캐스텍코리아]: 14건 (>14일/파싱실패)
2026-07-21 11:48:59,151 [INFO] __main__ — 뉴스 시점 제외 [에코캡]: 11건 (>14일/파싱실패)
2026-07-21 11:48:59,157 [INFO] __main__ — 뉴스 시점 제외 [모헨즈]: 9건 (>14일/파싱실패)
2026-07-21 11:48:59,840 [INFO] __main__ — 뉴스 시점 제외 [씨큐브]: 11건 (>14일/파싱실패)
2026-07-21 11:49:00,072 [INFO] __main__ — 뉴스 시점 제외 [TS인베스트먼트]: 10건 (>14일/파싱실패)
2026-07-21 11:49:00,099 [INFO] __main__ — 뉴스 시점 제외 [대신정보통신]: 7건 (>14일/파싱실패)
2026-07-21 11:49:00,795 [INFO] __main__ — 뉴스 시점 제외 [엔바이오니아]: 14건 (>14일/파싱실패)
2026-07-21 11:49:01,184 [INFO] __main__ — 뉴스 시점 제외 [체리부로]: 8건 (>14일/파싱실패)
2026-07-21 11:49:01,469 [INFO] __main__ — 뉴스 시점 제외 [와토스코리아]: 10건 (>14일/파싱실패)
2026-07-21 11:49:02,102 [INFO] __main__ — 뉴스 시점 제외 [인스피언]: 11건 (>14일/파싱실패)
2026-07-21 11:49:02,429 [INFO] __main__ — 뉴스 시점 제외 [팬엔터테인먼트]: 8건 (>14일/파싱실패)
2026-07-21 11:49:02,920 [INFO] __main__ — 뉴스 시점 제외 [진시스템]: 11건 (>14일/파싱실패)
2026-07-21 11:49:03,536 [INFO] __main__ — 뉴스 시점 제외 [에프엔씨엔터]: 9건 (>14일/파싱실패)
2026-07-21 11:49:03,835 [INFO] __main__ — 뉴스 시점 제외 [제이엔비]: 11건 (>14일/파싱실패)
2026-07-21 11:49:04,063 [INFO] __main__ — 뉴스 시점 제외 [메가엠디]: 7건 (>14일/파싱실패)
2026-07-21 11:49:04,265 [INFO] __main__ — 뉴스 시점 제외 [브리지텍]: 12건 (>14일/파싱실패)
2026-07-21 11:49:04,572 [INFO] __main__ — 뉴스 시점 제외 [미트박스]: 12건 (>14일/파싱실패)
2026-07-21 11:49:04,978 [INFO] __main__ — 뉴스 시점 제외 [티비씨]: 14건 (>14일/파싱실패)
2026-07-21 11:49:05,079 [INFO] __main__ — POOL_A 후보 부정뉴스 2차 조회: 610개
2026-07-21 11:49:05,083 [INFO] __main__ — POOL_A: 806개 (A:782 B:7 동시:17) | 부정게이트 제외:12
  대형:52 중형:105 소형:649
2026-07-21 11:49:05,088 [INFO] __main__ —   → POOL_A: 806개
2026-07-21 11:49:05,088 [INFO] __main__ — ▶ Step 2: 하드 필터링
2026-07-21 11:49:05,089 [INFO] __main__ — 하드 필터 제거: 801개 | 과열배제 45 | 이격도상한 4 | 이격도하한 221 | MA추세 493 | RSI과열 4 | 거래대금 34
2026-07-21 11:49:05,091 [INFO] __main__ — 과열 gated 기록: 45개 → gated_tickers
2026-07-21 11:49:05,091 [INFO] __main__ — POOL_B: 5개 | 대형:0 중형:1 소형:4
2026-07-21 11:49:05,092 [INFO] __main__ —   → POOL_B: 5개
2026-07-21 11:49:05,092 [INFO] __main__ — ▶ Step 3: 스코어링 (FinBERT 감성 분석)
2026-07-21 11:49:05,092 [INFO] __main__ — NaverClient: 3개 키 로드 (DataLab·검색 독립 회전)
2026-07-21 11:49:05,092 [INFO] __main__ — 텍스트 신규 수집: 5종목 (캐시 적중 0종목)
2026-07-21 11:49:05,756 [INFO] __main__ — 뉴스 시점 제외 [싸이맥스]: 13건 (>14일/파싱실패)
2026-07-21 11:49:15,225 [INFO] __main__ — 수집 완료: 뉴스 41건 | 공시 8건
2026-07-21 11:49:15,225 [INFO] __main__ — FinBERT 감성 분석 (finbert 모드)...
2026-07-21 11:49:15,225 [INFO] __main__ — FinBERT 로딩: snunlp/KR-FinBert-SC (CPU, batch=8)
2026-07-21 11:49:15,318 [INFO] httpx — HTTP Request: GET https://huggingface.co/api/agent-harnesses "HTTP/1.1 200 OK"
2026-07-21 11:49:15,340 [INFO] httpx — HTTP Request: HEAD https://huggingface.co/snunlp/KR-FinBert-SC/resolve/main/config.json "HTTP/1.1 307 Temporary Redirect"
2026-07-21 11:49:15,347 [INFO] httpx — HTTP Request: HEAD https://huggingface.co/api/resolve-cache/models/snunlp/KR-FinBert-SC/f8586286cc3161fb648e9fee09a456069fd846d0/config.json "HTTP/1.1 200 OK"
2026-07-21 11:49:15,389 [INFO] httpx — HTTP Request: HEAD https://huggingface.co/snunlp/KR-FinBert-SC/resolve/main/model.safetensors "HTTP/1.1 404 Not Found"
2026-07-21 11:49:15,390 [WARNING] huggingface_hub.utils._http — Warning: You are sending unauthenticated requests to the HF Hub. Please set a HF_TOKEN to enable higher rate limits and faster downloads.
2026-07-21 11:49:15,410 [INFO] httpx — HTTP Request: GET https://huggingface.co/api/models/snunlp/KR-FinBert-SC "HTTP/1.1 200 OK"
2026-07-21 11:49:15,456 [INFO] httpx — HTTP Request: GET https://huggingface.co/api/models/snunlp/KR-FinBert-SC/commits/main "HTTP/1.1 200 OK"
2026-07-21 11:49:15,504 [INFO] httpx — HTTP Request: GET https://huggingface.co/api/models/snunlp/KR-FinBert-SC/discussions?p=0 "HTTP/1.1 200 OK"
2026-07-21 11:49:15,536 [INFO] httpx — HTTP Request: GET https://huggingface.co/api/models/snunlp/KR-FinBert-SC/commits/refs%2Fpr%2F3 "HTTP/1.1 200 OK"
2026-07-21 11:49:15,557 [INFO] httpx — HTTP Request: HEAD https://huggingface.co/snunlp/KR-FinBert-SC/resolve/refs%2Fpr%2F3/model.safetensors.index.json "HTTP/1.1 404 Not Found"
2026-07-21 11:49:15,573 [INFO] httpx — HTTP Request: GET https://huggingface.co/api/models/snunlp/KR-FinBert-SC/tree/main/additional_chat_templates?recursive=false&expand=false "HTTP/1.1 404 Not Found"
2026-07-21 11:49:15,582 [INFO] httpx — HTTP Request: HEAD https://huggingface.co/snunlp/KR-FinBert-SC/resolve/refs%2Fpr%2F3/model.safetensors "HTTP/1.1 302 Found"
2026-07-21 11:49:15,604 [INFO] httpx — HTTP Request: GET https://huggingface.co/api/models/snunlp/KR-FinBert-SC/tree/main?recursive=true&expand=false "HTTP/1.1 200 OK"
2026-07-21 11:49:15,641 [INFO] httpx — HTTP Request: HEAD https://huggingface.co/snunlp/KR-FinBert-SC/resolve/main/processor_config.json "HTTP/1.1 404 Not Found"
2026-07-21 11:49:15,659 [INFO] httpx — HTTP Request: HEAD https://huggingface.co/snunlp/KR-FinBert-SC/resolve/main/video_preprocessor_config.json "HTTP/1.1 404 Not Found"
2026-07-21 11:49:15,678 [INFO] httpx — HTTP Request: HEAD https://huggingface.co/snunlp/KR-FinBert-SC/resolve/main/preprocessor_config.json "HTTP/1.1 404 Not Found"
2026-07-21 11:49:15,679 [INFO] __main__ — FinBERT 로드 완료 (CPU)
2026-07-21 11:49:18,117 [INFO] __main__ — Phase A.1: 매핑 신뢰도 < 0.5 → 감성 점수 폐기 3건
2026-07-21 11:49:18,117 [INFO] __main__ — 스코어링: 5개 | 집중:0 | FinBERT:finbert
2026-07-21 11:49:18,132 [INFO] __main__ —   → 5개
2026-07-21 11:49:18,132 [INFO] __main__ — ▶ Step 4: 발송
2026-07-21 11:49:21,067 [WARNING] __main__ — 텔레그램 발송 실패 그룹 → mark_sent skip 1개 (다음 실행 시 재발송 대상)
2026-07-21 11:49:21,068 [INFO] __main__ — DB 기록: 0개 / 전체 to_send 1개
2026-07-21 11:49:21,068 [INFO] __main__ — 발송: 집중 0 / 주시 0
2026-07-21 11:49:21,068 [INFO] __main__ — 완료  |  소요: 1355.4초
