2026-07-31 11:40:36,337 [INFO] __main__ — config 검증 완료 ✓
2026-07-31 11:40:36,337 [INFO] __main__ — ============================================================
2026-07-31 11:40:36,337 [INFO] __main__ — AlphaRadar v3.3.1  |  기준일: 20260731
2026-07-31 11:40:36,337 [INFO] __main__ — S = T×0.3 + S_text×0.4 + D×0.3
2026-07-31 11:40:36,337 [INFO] __main__ — ============================================================
2026-07-31 11:40:36,337 [INFO] __main__ — ▶ Step 0: 유니버스 필터링
2026-07-31 11:40:36,492 [INFO] __main__ — FDR 데이터 수집: 20260125 ~ 20260731
2026-07-31 11:40:38,186 [INFO] __main__ — KOSPI: 943개 | 섹터정보 833개 (DART +833개 보완)
2026-07-31 11:40:38,187 [INFO] __main__ — KOSDAQ: 1820개 | 섹터정보 1820개
2026-07-31 11:40:38,187 [INFO] __main__ — 전체: 2763개
2026-07-31 11:40:39,988 [INFO] __main__ — KIS 토큰 발급 완료
2026-07-31 11:54:11,647 [INFO] __main__ — DART corp_code 매핑: 2120/2176개 (97%)
2026-07-31 11:54:11,647 [INFO] __main__ — 유효 유니버스: 2176개
2026-07-31 11:54:11,659 [INFO] __main__ —   → 2176개
2026-07-31 11:54:11,659 [INFO] __main__ — ▶ Step 1: 신호 탐지
2026-07-31 11:54:11,659 [INFO] __main__ — NaverClient: 3개 키 로드 (DataLab·검색 독립 회전)
2026-07-31 11:54:11,659 [INFO] __main__ — 관심 지수 및 부정 뉴스 비율 조회 중...
2026-07-31 11:54:41,457 [INFO] __main__ — 뉴스 시점 제외 [맥쿼리인프라]: 13건 (>14일/파싱실패)
2026-07-31 11:54:44,395 [INFO] __main__ — 뉴스 시점 제외 [KX하이텍]: 10건 (>14일/파싱실패)
2026-07-31 11:54:55,182 [INFO] __main__ — 뉴스 시점 제외 [남선알미늄]: 9건 (>14일/파싱실패)
2026-07-31 11:54:59,430 [INFO] __main__ — 뉴스 시점 제외 [동양파일]: 6건 (>14일/파싱실패)
2026-07-31 11:55:01,427 [INFO] __main__ — 뉴스 시점 제외 [GRT]: 3건 (>14일/파싱실패)
2026-07-31 11:55:06,934 [INFO] __main__ — 뉴스 시점 제외 [HB테크놀러지]: 10건 (>14일/파싱실패)
2026-07-31 11:55:08,262 [INFO] __main__ — 뉴스 시점 제외 [삼화전자]: 5건 (>14일/파싱실패)
2026-07-31 11:55:14,031 [INFO] __main__ — 뉴스 시점 제외 [아리바이오홀딩스]: 7건 (>14일/파싱실패)
2026-07-31 11:55:19,016 [INFO] __main__ — 뉴스 시점 제외 [LS머트리얼즈]: 7건 (>14일/파싱실패)
2026-07-31 11:55:20,264 [INFO] __main__ — 뉴스 시점 제외 [한성크린텍]: 15건 (>14일/파싱실패)
2026-07-31 11:55:23,750 [INFO] __main__ — 뉴스 시점 제외 [글로벌텍스프리]: 11건 (>14일/파싱실패)
2026-07-31 11:55:23,751 [INFO] __main__ — 뉴스 시점 제외 [엘브이엠씨홀딩스]: 13건 (>14일/파싱실패)
2026-07-31 11:55:24,892 [INFO] __main__ — 뉴스 시점 제외 [세미티에스]: 10건 (>14일/파싱실패)
2026-07-31 11:55:27,831 [INFO] __main__ — 뉴스 시점 제외 [KB스타리츠]: 7건 (>14일/파싱실패)
2026-07-31 11:55:33,850 [INFO] __main__ — 뉴스 시점 제외 [우리기술투자]: 9건 (>14일/파싱실패)
2026-07-31 11:55:34,817 [INFO] __main__ — 뉴스 시점 제외 [삼기에너지솔루션즈]: 2건 (>14일/파싱실패)
2026-07-31 11:55:35,874 [INFO] __main__ — 뉴스 시점 제외 [HB솔루션]: 7건 (>14일/파싱실패)
2026-07-31 11:55:36,848 [INFO] __main__ — 뉴스 시점 제외 [삼성공조]: 7건 (>14일/파싱실패)
2026-07-31 11:55:37,460 [INFO] __main__ — 뉴스 시점 제외 [티씨머티리얼즈]: 10건 (>14일/파싱실패)
2026-07-31 11:55:40,389 [INFO] __main__ — 뉴스 시점 제외 [대주산업]: 7건 (>14일/파싱실패)
2026-07-31 11:55:40,653 [INFO] __main__ — 뉴스 시점 제외 [중앙첨단소재]: 8건 (>14일/파싱실패)
2026-07-31 11:55:45,240 [INFO] __main__ — 뉴스 시점 제외 [대양금속]: 14건 (>14일/파싱실패)
2026-07-31 11:55:51,102 [INFO] __main__ — 뉴스 시점 제외 [페니트리움바이오]: 1건 (>14일/파싱실패)
2026-07-31 11:55:51,296 [INFO] __main__ — 뉴스 시점 제외 [레이저쎌]: 4건 (>14일/파싱실패)
2026-07-31 11:55:52,084 [INFO] __main__ — 뉴스 시점 제외 [에이치엠넥스]: 11건 (>14일/파싱실패)
2026-07-31 11:55:53,227 [INFO] __main__ — 뉴스 시점 제외 [네오셈]: 7건 (>14일/파싱실패)
2026-07-31 11:55:55,443 [INFO] __main__ — 뉴스 시점 제외 [이수화학]: 7건 (>14일/파싱실패)
2026-07-31 11:55:56,938 [INFO] __main__ — 뉴스 시점 제외 [한국특강]: 7건 (>14일/파싱실패)
2026-07-31 11:56:00,038 [INFO] __main__ — 뉴스 시점 제외 [남화산업]: 9건 (>14일/파싱실패)
2026-07-31 11:56:01,799 [INFO] __main__ — 뉴스 시점 제외 [빅텍]: 6건 (>14일/파싱실패)
2026-07-31 11:56:04,956 [INFO] __main__ — 뉴스 시점 제외 [하이드로리튬]: 13건 (>14일/파싱실패)
2026-07-31 11:56:05,775 [INFO] __main__ — 뉴스 시점 제외 [일신석재]: 8건 (>14일/파싱실패)
2026-07-31 11:56:09,152 [INFO] __main__ — 뉴스 시점 제외 [성문전자]: 7건 (>14일/파싱실패)
2026-07-31 11:56:10,800 [INFO] __main__ — 뉴스 시점 제외 [서부T&D]: 11건 (>14일/파싱실패)
2026-07-31 11:56:11,693 [INFO] __main__ — 뉴스 시점 제외 [송원산업]: 10건 (>14일/파싱실패)
2026-07-31 11:56:11,764 [INFO] __main__ — 뉴스 시점 제외 [YG PLUS]: 7건 (>14일/파싱실패)
2026-07-31 11:56:15,181 [INFO] __main__ — 뉴스 시점 제외 [태양금속]: 11건 (>14일/파싱실패)
2026-07-31 11:56:15,707 [INFO] __main__ — 뉴스 시점 제외 [에코플라스틱]: 1건 (>14일/파싱실패)
2026-07-31 11:56:23,555 [INFO] __main__ — 뉴스 시점 제외 [에이티넘인베스트]: 15건 (>14일/파싱실패)
2026-07-31 11:56:29,681 [INFO] __main__ — 뉴스 시점 제외 [나우IB]: 8건 (>14일/파싱실패)
2026-07-31 11:56:29,720 [INFO] __main__ — 뉴스 시점 제외 [위지트]: 8건 (>14일/파싱실패)
2026-07-31 11:56:31,776 [INFO] __main__ — 뉴스 시점 제외 [현대지에프홀딩스]: 11건 (>14일/파싱실패)
2026-07-31 11:56:34,913 [INFO] __main__ — 뉴스 시점 제외 [TS트릴리온]: 11건 (>14일/파싱실패)
2026-07-31 11:56:37,756 [INFO] __main__ — 뉴스 시점 제외 [심텍홀딩스]: 8건 (>14일/파싱실패)
2026-07-31 11:56:39,708 [INFO] __main__ — 뉴스 시점 제외 [키스트론]: 9건 (>14일/파싱실패)
2026-07-31 11:56:40,671 [INFO] __main__ — 뉴스 시점 제외 [대영포장]: 12건 (>14일/파싱실패)
2026-07-31 11:56:42,620 [INFO] __main__ — 뉴스 시점 제외 [비투엔]: 12건 (>14일/파싱실패)
2026-07-31 11:56:42,903 [INFO] __main__ — 뉴스 시점 제외 [한일철강]: 7건 (>14일/파싱실패)
2026-07-31 11:56:43,886 [INFO] __main__ — 뉴스 시점 제외 [한일단조]: 10건 (>14일/파싱실패)
2026-07-31 11:56:46,679 [INFO] __main__ — 뉴스 시점 제외 [미래에셋증권2우B]: 3건 (>14일/파싱실패)
2026-07-31 11:56:49,472 [INFO] __main__ — 뉴스 시점 제외 [부국철강]: 11건 (>14일/파싱실패)
2026-07-31 11:56:50,462 [INFO] __main__ — 뉴스 시점 제외 [케이에스피]: 5건 (>14일/파싱실패)
2026-07-31 11:56:51,541 [INFO] __main__ — 뉴스 시점 제외 [엠에스오토텍]: 12건 (>14일/파싱실패)
2026-07-31 11:56:52,516 [INFO] __main__ — 뉴스 시점 제외 [엑스플러스]: 5건 (>14일/파싱실패)
2026-07-31 11:56:54,481 [INFO] __main__ — 뉴스 시점 제외 [경인양행]: 1건 (>14일/파싱실패)
2026-07-31 11:56:55,601 [INFO] __main__ — 뉴스 시점 제외 [티이엠씨]: 4건 (>14일/파싱실패)
2026-07-31 11:56:58,507 [INFO] __main__ — 뉴스 시점 제외 [에스티큐브]: 13건 (>14일/파싱실패)
2026-07-31 11:57:01,294 [INFO] __main__ — 뉴스 시점 제외 [와이투솔루션]: 8건 (>14일/파싱실패)
2026-07-31 11:57:01,395 [INFO] __main__ — 부정 키워드 감지: 35개 종목 (neg_ratio > 0)
2026-07-31 11:57:01,399 [INFO] __main__ — 수급일수충족·합계음수 제외: 68개
2026-07-31 11:57:08,996 [INFO] __main__ — 뉴스 시점 제외 [삼성전기우]: 5건 (>14일/파싱실패)
2026-07-31 11:57:09,607 [INFO] __main__ — 뉴스 시점 제외 [쿠쿠홀딩스]: 9건 (>14일/파싱실패)
2026-07-31 11:57:10,701 [INFO] __main__ — 뉴스 시점 제외 [세방전지]: 4건 (>14일/파싱실패)
2026-07-31 11:57:10,721 [INFO] __main__ — 뉴스 시점 제외 [한국쉘석유]: 13건 (>14일/파싱실패)
2026-07-31 11:57:12,948 [INFO] __main__ — 뉴스 시점 제외 [F&F홀딩스]: 5건 (>14일/파싱실패)
2026-07-31 11:57:12,964 [INFO] __main__ — 뉴스 시점 제외 [한일홀딩스]: 12건 (>14일/파싱실패)
2026-07-31 11:57:13,495 [INFO] __main__ — 뉴스 시점 제외 [CJ4우(전환)]: 15건 (>14일/파싱실패)
2026-07-31 11:57:14,579 [INFO] __main__ — 뉴스 시점 제외 [NH투자증권우]: 14건 (>14일/파싱실패)
2026-07-31 11:57:14,629 [INFO] __main__ — 뉴스 시점 제외 [아모레퍼시픽우]: 11건 (>14일/파싱실패)
2026-07-31 11:57:15,190 [INFO] __main__ — 뉴스 시점 제외 [바이오노트]: 10건 (>14일/파싱실패)
2026-07-31 11:57:16,311 [INFO] __main__ — 뉴스 시점 제외 [농심홀딩스]: 7건 (>14일/파싱실패)
2026-07-31 11:57:16,863 [INFO] __main__ — 뉴스 시점 제외 [조광피혁]: 11건 (>14일/파싱실패)
2026-07-31 11:57:17,300 [INFO] __main__ — 뉴스 시점 제외 [삼영무역]: 8건 (>14일/파싱실패)
2026-07-31 11:57:20,168 [INFO] __main__ — 뉴스 시점 제외 [명신산업]: 13건 (>14일/파싱실패)
2026-07-31 11:57:20,218 [INFO] __main__ — 뉴스 시점 제외 [현대퓨처넷]: 14건 (>14일/파싱실패)
2026-07-31 11:57:20,804 [INFO] __main__ — 뉴스 시점 제외 [삼성물산우B]: 15건 (>14일/파싱실패)
2026-07-31 11:57:22,082 [INFO] __main__ — 뉴스 시점 제외 [아세아제지]: 5건 (>14일/파싱실패)
2026-07-31 11:57:25,074 [INFO] __main__ — 뉴스 시점 제외 [삼영전자]: 11건 (>14일/파싱실패)
2026-07-31 11:57:25,222 [INFO] __main__ — 뉴스 시점 제외 [S-Oil우]: 15건 (>14일/파싱실패)
2026-07-31 11:57:25,619 [INFO] __main__ — 뉴스 시점 제외 [아이마켓코리아]: 15건 (>14일/파싱실패)
2026-07-31 11:57:26,160 [INFO] __main__ — 뉴스 시점 제외 [미창석유]: 12건 (>14일/파싱실패)
2026-07-31 11:57:26,439 [INFO] __main__ — 뉴스 시점 제외 [사조산업]: 8건 (>14일/파싱실패)
2026-07-31 11:57:27,000 [INFO] __main__ — 뉴스 시점 제외 [LG생활건강우]: 13건 (>14일/파싱실패)
2026-07-31 11:57:27,543 [INFO] __main__ — 뉴스 시점 제외 [모토닉]: 14건 (>14일/파싱실패)
2026-07-31 11:57:28,496 [INFO] __main__ — 뉴스 시점 제외 [천일고속]: 13건 (>14일/파싱실패)
2026-07-31 11:57:28,888 [INFO] __main__ — 뉴스 시점 제외 [코스맥스비티아이]: 10건 (>14일/파싱실패)
2026-07-31 11:57:29,761 [INFO] __main__ — 뉴스 시점 제외 [화승엔터프라이즈]: 11건 (>14일/파싱실패)
2026-07-31 11:57:32,057 [INFO] __main__ — 뉴스 시점 제외 [해태제과식품]: 11건 (>14일/파싱실패)
2026-07-31 11:57:32,058 [INFO] __main__ — 뉴스 시점 제외 [CJ제일제당 우]: 15건 (>14일/파싱실패)
2026-07-31 11:57:32,616 [INFO] __main__ — 뉴스 시점 제외 [조선내화]: 11건 (>14일/파싱실패)
2026-07-31 11:57:33,114 [INFO] __main__ — 뉴스 시점 제외 [대창단조]: 12건 (>14일/파싱실패)
2026-07-31 11:57:33,181 [INFO] __main__ — 뉴스 시점 제외 [유수홀딩스]: 14건 (>14일/파싱실패)
2026-07-31 11:57:33,709 [INFO] __main__ — 뉴스 시점 제외 [아모레퍼시픽홀딩스3우C]: 14건 (>14일/파싱실패)
2026-07-31 11:57:34,257 [INFO] __main__ — 뉴스 시점 제외 [화승인더]: 12건 (>14일/파싱실패)
2026-07-31 11:57:34,754 [INFO] __main__ — 뉴스 시점 제외 [태경산업]: 8건 (>14일/파싱실패)
2026-07-31 11:57:35,298 [INFO] __main__ — 뉴스 시점 제외 [화승코퍼레이션]: 10건 (>14일/파싱실패)
2026-07-31 11:57:35,503 [INFO] __main__ — 뉴스 시점 제외 [디씨엠]: 13건 (>14일/파싱실패)
2026-07-31 11:57:35,510 [INFO] __main__ — 뉴스 시점 제외 [삼양패키징]: 11건 (>14일/파싱실패)
2026-07-31 11:57:36,055 [INFO] __main__ — 뉴스 시점 제외 [이지스레지던스리츠]: 11건 (>14일/파싱실패)
2026-07-31 11:57:36,059 [INFO] __main__ — 뉴스 시점 제외 [HDC현대EP]: 9건 (>14일/파싱실패)
2026-07-31 11:57:36,383 [INFO] __main__ — 뉴스 시점 제외 [미원홀딩스]: 12건 (>14일/파싱실패)
2026-07-31 11:57:36,615 [INFO] __main__ — 뉴스 시점 제외 [인천도시가스]: 8건 (>14일/파싱실패)
2026-07-31 11:57:36,929 [INFO] __main__ — 뉴스 시점 제외 [현대코퍼레이션홀딩스]: 12건 (>14일/파싱실패)
2026-07-31 11:57:37,176 [INFO] __main__ — 뉴스 시점 제외 [대성홀딩스]: 6건 (>14일/파싱실패)
2026-07-31 11:57:37,469 [INFO] __main__ — 뉴스 시점 제외 [태경비케이]: 1건 (>14일/파싱실패)
2026-07-31 11:57:37,739 [INFO] __main__ — 뉴스 시점 제외 [한국무브넥스]: 14건 (>14일/파싱실패)
2026-07-31 11:57:38,295 [INFO] __main__ — 뉴스 시점 제외 [조선선재]: 14건 (>14일/파싱실패)
2026-07-31 11:57:38,305 [INFO] __main__ — 뉴스 시점 제외 [HS애드]: 7건 (>14일/파싱실패)
2026-07-31 11:57:40,860 [INFO] __main__ — 뉴스 시점 제외 [영보화학]: 12건 (>14일/파싱실패)
2026-07-31 11:57:41,199 [INFO] __main__ — 뉴스 시점 제외 [두올]: 9건 (>14일/파싱실패)
2026-07-31 11:57:41,406 [INFO] __main__ — 뉴스 시점 제외 [황금에스티]: 11건 (>14일/파싱실패)
2026-07-31 11:57:41,757 [INFO] __main__ — 뉴스 시점 제외 [크라운해태홀딩스]: 7건 (>14일/파싱실패)
2026-07-31 11:57:41,758 [INFO] __main__ — 뉴스 시점 제외 [DL이앤씨2우(전환)]: 15건 (>14일/파싱실패)
2026-07-31 11:57:41,959 [INFO] __main__ — 뉴스 시점 제외 [동일산업]: 2건 (>14일/파싱실패)
2026-07-31 11:57:42,296 [INFO] __main__ — 뉴스 시점 제외 [DRB동일]: 5건 (>14일/파싱실패)
2026-07-31 11:57:42,498 [INFO] __main__ — 뉴스 시점 제외 [티와이홀딩스]: 12건 (>14일/파싱실패)
2026-07-31 11:57:42,860 [INFO] __main__ — 뉴스 시점 제외 [동인기연]: 14건 (>14일/파싱실패)
2026-07-31 11:57:43,048 [INFO] __main__ — 뉴스 시점 제외 [한국수출포장]: 15건 (>14일/파싱실패)
2026-07-31 11:57:43,405 [INFO] __main__ — 뉴스 시점 제외 [CS홀딩스]: 13건 (>14일/파싱실패)
2026-07-31 11:57:43,482 [INFO] __main__ — 뉴스 시점 제외 [동방아그로]: 12건 (>14일/파싱실패)
2026-07-31 11:57:44,035 [INFO] __main__ — 뉴스 시점 제외 [한신기계]: 3건 (>14일/파싱실패)
2026-07-31 11:57:44,491 [INFO] __main__ — 뉴스 시점 제외 [아모레퍼시픽홀딩스우]: 14건 (>14일/파싱실패)
2026-07-31 11:57:44,694 [INFO] __main__ — 뉴스 시점 제외 [삼정펄프]: 15건 (>14일/파싱실패)
2026-07-31 11:57:45,585 [INFO] __main__ — 뉴스 시점 제외 [미래에셋글로벌리츠]: 9건 (>14일/파싱실패)
2026-07-31 11:57:45,698 [INFO] __main__ — 뉴스 시점 제외 [화천기계]: 6건 (>14일/파싱실패)
2026-07-31 11:57:46,241 [INFO] __main__ — 뉴스 시점 제외 [남양유업우]: 13건 (>14일/파싱실패)
2026-07-31 11:57:46,322 [INFO] __main__ — 뉴스 시점 제외 [삼일씨엔에스]: 11건 (>14일/파싱실패)
2026-07-31 11:57:46,681 [INFO] __main__ — 뉴스 시점 제외 [호전실업]: 11건 (>14일/파싱실패)
2026-07-31 11:57:47,328 [INFO] __main__ — 뉴스 시점 제외 [인바이오젠]: 6건 (>14일/파싱실패)
2026-07-31 11:57:47,410 [INFO] __main__ — 뉴스 시점 제외 [롯데칠성우]: 14건 (>14일/파싱실패)
2026-07-31 11:57:47,882 [INFO] __main__ — 뉴스 시점 제외 [SJM]: 9건 (>14일/파싱실패)
2026-07-31 11:57:47,945 [INFO] __main__ — 뉴스 시점 제외 [유안타증권우]: 15건 (>14일/파싱실패)
2026-07-31 11:57:48,429 [INFO] __main__ — 뉴스 시점 제외 [진양산업]: 8건 (>14일/파싱실패)
2026-07-31 11:57:48,848 [INFO] __main__ — 뉴스 시점 제외 [신송홀딩스]: 1건 (>14일/파싱실패)
2026-07-31 11:57:48,973 [INFO] __main__ — 뉴스 시점 제외 [케이비아이동국실업]: 14건 (>14일/파싱실패)
2026-07-31 11:57:49,522 [INFO] __main__ — 뉴스 시점 제외 [BYC우]: 15건 (>14일/파싱실패)
2026-07-31 11:57:49,588 [INFO] __main__ — 뉴스 시점 제외 [대덕전자1우]: 15건 (>14일/파싱실패)
2026-07-31 11:57:49,945 [INFO] __main__ — 뉴스 시점 제외 [SK케미칼우]: 14건 (>14일/파싱실패)
2026-07-31 11:57:50,488 [INFO] __main__ — 뉴스 시점 제외 [DYP]: 13건 (>14일/파싱실패)
2026-07-31 11:57:50,672 [INFO] __main__ — 뉴스 시점 제외 [유니온머티리얼]: 9건 (>14일/파싱실패)
2026-07-31 11:57:51,074 [INFO] __main__ — 뉴스 시점 제외 [세우글로벌]: 12건 (>14일/파싱실패)
2026-07-31 11:57:51,145 [INFO] __main__ — 뉴스 시점 제외 [한창제지]: 12건 (>14일/파싱실패)
2026-07-31 11:57:51,219 [INFO] __main__ — 뉴스 시점 제외 [세방우]: 15건 (>14일/파싱실패)
2026-07-31 11:57:51,602 [INFO] __main__ — 뉴스 시점 제외 [DL우]: 15건 (>14일/파싱실패)
2026-07-31 11:57:51,755 [INFO] __main__ — 뉴스 시점 제외 [에쓰씨엔지니어링]: 14건 (>14일/파싱실패)
2026-07-31 11:57:52,303 [INFO] __main__ — 뉴스 시점 제외 [경인전자]: 9건 (>14일/파싱실패)
2026-07-31 11:57:52,690 [INFO] __main__ — 뉴스 시점 제외 [동일제강]: 10건 (>14일/파싱실패)
2026-07-31 11:57:52,841 [INFO] __main__ — 뉴스 시점 제외 [미래아이앤지]: 10건 (>14일/파싱실패)
2026-07-31 11:58:00,356 [INFO] __main__ — 뉴스 시점 제외 [나노신소재]: 1건 (>14일/파싱실패)
2026-07-31 11:58:01,097 [INFO] __main__ — 뉴스 시점 제외 [젬백스]: 9건 (>14일/파싱실패)
2026-07-31 11:58:04,819 [INFO] __main__ — 뉴스 시점 제외 [인화정공]: 12건 (>14일/파싱실패)
2026-07-31 11:58:06,000 [INFO] __main__ — 뉴스 시점 제외 [한국알콜]: 9건 (>14일/파싱실패)
2026-07-31 11:58:08,172 [INFO] __main__ — 뉴스 시점 제외 [바이오다인]: 6건 (>14일/파싱실패)
2026-07-31 11:58:08,732 [INFO] __main__ — 뉴스 시점 제외 [씨앤씨인터내셔널]: 8건 (>14일/파싱실패)
2026-07-31 11:58:09,298 [INFO] __main__ — 뉴스 시점 제외 [유니셈]: 11건 (>14일/파싱실패)
2026-07-31 11:58:10,409 [INFO] __main__ — 뉴스 시점 제외 [서호전기]: 15건 (>14일/파싱실패)
2026-07-31 11:58:10,981 [INFO] __main__ — 뉴스 시점 제외 [디지털대성]: 7건 (>14일/파싱실패)
2026-07-31 11:58:12,597 [INFO] __main__ — 뉴스 시점 제외 [미래나노텍]: 11건 (>14일/파싱실패)
2026-07-31 11:58:12,627 [INFO] __main__ — 뉴스 시점 제외 [해성산업]: 12건 (>14일/파싱실패)
2026-07-31 11:58:13,276 [INFO] __main__ — 뉴스 시점 제외 [베뉴지]: 11건 (>14일/파싱실패)
2026-07-31 11:58:13,846 [INFO] __main__ — 뉴스 시점 제외 [메가터치]: 7건 (>14일/파싱실패)
2026-07-31 11:58:13,855 [INFO] __main__ — 뉴스 시점 제외 [강원에너지]: 6건 (>14일/파싱실패)
2026-07-31 11:58:14,417 [INFO] __main__ — 뉴스 시점 제외 [필에너지]: 6건 (>14일/파싱실패)
2026-07-31 11:58:14,973 [INFO] __main__ — 뉴스 시점 제외 [아스플로]: 7건 (>14일/파싱실패)
2026-07-31 11:58:15,560 [INFO] __main__ — 뉴스 시점 제외 [엠로]: 5건 (>14일/파싱실패)
2026-07-31 11:58:16,651 [INFO] __main__ — 뉴스 시점 제외 [BGF에코머티리얼즈]: 14건 (>14일/파싱실패)
2026-07-31 11:58:17,182 [INFO] __main__ — 뉴스 시점 제외 [레드캡투어]: 12건 (>14일/파싱실패)
2026-07-31 11:58:17,212 [INFO] __main__ — 뉴스 시점 제외 [안트로젠]: 5건 (>14일/파싱실패)
2026-07-31 11:58:17,739 [INFO] __main__ — 뉴스 시점 제외 [빅솔론]: 10건 (>14일/파싱실패)
2026-07-31 11:58:19,429 [INFO] __main__ — 뉴스 시점 제외 [대한약품]: 6건 (>14일/파싱실패)
2026-07-31 11:58:21,037 [INFO] __main__ — 뉴스 시점 제외 [제일일렉트릭]: 8건 (>14일/파싱실패)
2026-07-31 11:58:21,080 [INFO] __main__ — 뉴스 시점 제외 [유비쿼스홀딩스]: 12건 (>14일/파싱실패)
2026-07-31 11:58:22,119 [INFO] __main__ — 뉴스 시점 제외 [삼보판지]: 15건 (>14일/파싱실패)
2026-07-31 11:58:22,311 [INFO] __main__ — 뉴스 시점 제외 [크레오에스지]: 14건 (>14일/파싱실패)
2026-07-31 11:58:22,808 [INFO] __main__ — 뉴스 시점 제외 [인선이엔티]: 12건 (>14일/파싱실패)
2026-07-31 11:58:24,448 [INFO] __main__ — 뉴스 시점 제외 [윈스테크넷]: 5건 (>14일/파싱실패)
2026-07-31 11:58:25,595 [INFO] __main__ — 뉴스 시점 제외 [KT나스미디어]: 8건 (>14일/파싱실패)
2026-07-31 11:58:25,818 [INFO] __main__ — 뉴스 시점 제외 [윤성에프앤씨]: 11건 (>14일/파싱실패)
2026-07-31 11:58:26,590 [INFO] __main__ — 뉴스 시점 제외 [하이텍팜]: 2건 (>14일/파싱실패)
2026-07-31 11:58:27,170 [INFO] __main__ — 뉴스 시점 제외 [이엘씨]: 6건 (>14일/파싱실패)
2026-07-31 11:58:27,718 [INFO] __main__ — 뉴스 시점 제외 [지씨지놈]: 8건 (>14일/파싱실패)
2026-07-31 11:58:28,282 [INFO] __main__ — 뉴스 시점 제외 [풍원정밀]: 11건 (>14일/파싱실패)
2026-07-31 11:58:28,469 [INFO] __main__ — 뉴스 시점 제외 [NICE인프라]: 15건 (>14일/파싱실패)
2026-07-31 11:58:29,577 [INFO] __main__ — 뉴스 시점 제외 [디에스케이]: 13건 (>14일/파싱실패)
2026-07-31 11:58:30,091 [INFO] __main__ — 뉴스 시점 제외 [대정화금]: 10건 (>14일/파싱실패)
2026-07-31 11:58:30,646 [INFO] __main__ — 뉴스 시점 제외 [세운메디칼]: 10건 (>14일/파싱실패)
2026-07-31 11:58:31,881 [INFO] __main__ — 뉴스 시점 제외 [스톰테크]: 11건 (>14일/파싱실패)
2026-07-31 11:58:32,146 [INFO] __main__ — 뉴스 시점 제외 [루미르]: 6건 (>14일/파싱실패)
2026-07-31 11:58:32,451 [INFO] __main__ — 뉴스 시점 제외 [케이엔더블유]: 14건 (>14일/파싱실패)
2026-07-31 11:58:33,041 [INFO] __main__ — 뉴스 시점 제외 [하나기술]: 3건 (>14일/파싱실패)
2026-07-31 11:58:33,228 [INFO] __main__ — 뉴스 시점 제외 [탑런토탈솔루션]: 10건 (>14일/파싱실패)
2026-07-31 11:58:33,776 [INFO] __main__ — 뉴스 시점 제외 [정상제이엘에스]: 8건 (>14일/파싱실패)
2026-07-31 11:58:34,793 [INFO] __main__ — 뉴스 시점 제외 [풍국주정]: 13건 (>14일/파싱실패)
2026-07-31 11:58:35,106 [INFO] __main__ — 뉴스 시점 제외 [오상헬스케어]: 7건 (>14일/파싱실패)
2026-07-31 11:58:35,344 [INFO] __main__ — 뉴스 시점 제외 [디와이피엔에프]: 11건 (>14일/파싱실패)
2026-07-31 11:58:35,358 [INFO] __main__ — 뉴스 시점 제외 [에이치피오]: 11건 (>14일/파싱실패)
2026-07-31 11:58:35,654 [INFO] __main__ — 뉴스 시점 제외 [에이럭스]: 2건 (>14일/파싱실패)
2026-07-31 11:58:36,177 [INFO] __main__ — 뉴스 시점 제외 [대봉엘에스]: 2건 (>14일/파싱실패)
2026-07-31 11:58:36,582 [INFO] __main__ — 뉴스 시점 제외 [중앙백신]: 5건 (>14일/파싱실패)
2026-07-31 11:58:37,268 [INFO] __main__ — 뉴스 시점 제외 [대림제지]: 9건 (>14일/파싱실패)
2026-07-31 11:58:37,815 [INFO] __main__ — 뉴스 시점 제외 [동국S&C]: 13건 (>14일/파싱실패)
2026-07-31 11:58:38,904 [INFO] __main__ — 뉴스 시점 제외 [디앤씨미디어]: 10건 (>14일/파싱실패)
2026-07-31 11:58:39,343 [INFO] __main__ — 뉴스 시점 제외 [리드코프]: 6건 (>14일/파싱실패)
2026-07-31 11:58:40,031 [INFO] __main__ — 뉴스 시점 제외 [한국파마]: 6건 (>14일/파싱실패)
2026-07-31 11:58:40,601 [INFO] __main__ — 뉴스 시점 제외 [오파스넷]: 7건 (>14일/파싱실패)
2026-07-31 11:58:40,606 [INFO] __main__ — 뉴스 시점 제외 [한빛레이저]: 8건 (>14일/파싱실패)
2026-07-31 11:58:41,136 [INFO] __main__ — 뉴스 시점 제외 [휴비츠]: 7건 (>14일/파싱실패)
2026-07-31 11:58:42,228 [INFO] __main__ — 뉴스 시점 제외 [삼현철강]: 9건 (>14일/파싱실패)
2026-07-31 11:58:42,308 [INFO] __main__ — 뉴스 시점 제외 [초록뱀미디어]: 8건 (>14일/파싱실패)
2026-07-31 11:58:42,778 [INFO] __main__ — 뉴스 시점 제외 [아이디피]: 10건 (>14일/파싱실패)
2026-07-31 11:58:42,853 [INFO] __main__ — 뉴스 시점 제외 [현대공업]: 9건 (>14일/파싱실패)
2026-07-31 11:58:43,413 [INFO] __main__ — 뉴스 시점 제외 [엠엑스온]: 11건 (>14일/파싱실패)
2026-07-31 11:58:43,978 [INFO] __main__ — 뉴스 시점 제외 [라이온켐텍]: 8건 (>14일/파싱실패)
2026-07-31 11:58:44,402 [INFO] __main__ — 뉴스 시점 제외 [양지사]: 15건 (>14일/파싱실패)
2026-07-31 11:58:44,644 [INFO] __main__ — 뉴스 시점 제외 [HC보광산업]: 11건 (>14일/파싱실패)
2026-07-31 11:58:46,140 [INFO] __main__ — 뉴스 시점 제외 [팬젠]: 7건 (>14일/파싱실패)
2026-07-31 11:58:46,687 [INFO] __main__ — 뉴스 시점 제외 [동일금속]: 13건 (>14일/파싱실패)
2026-07-31 11:58:47,138 [INFO] __main__ — 뉴스 시점 제외 [지구홀딩스]: 10건 (>14일/파싱실패)
2026-07-31 11:58:47,247 [INFO] __main__ — 뉴스 시점 제외 [블랙야크아이앤씨]: 11건 (>14일/파싱실패)
2026-07-31 11:58:47,920 [INFO] __main__ — 뉴스 시점 제외 [잉크테크]: 7건 (>14일/파싱실패)
2026-07-31 11:58:48,473 [INFO] __main__ — 뉴스 시점 제외 [케이엘넷]: 12건 (>14일/파싱실패)
2026-07-31 11:58:48,889 [INFO] __main__ — 뉴스 시점 제외 [앤디포스]: 11건 (>14일/파싱실패)
2026-07-31 11:58:49,027 [INFO] __main__ — 뉴스 시점 제외 [탑머티리얼]: 10건 (>14일/파싱실패)
2026-07-31 11:58:49,402 [INFO] __main__ — 뉴스 시점 제외 [신일제약]: 5건 (>14일/파싱실패)
2026-07-31 11:58:49,438 [INFO] __main__ — 뉴스 시점 제외 [특수건설]: 11건 (>14일/파싱실패)
2026-07-31 11:58:49,991 [INFO] __main__ — 뉴스 시점 제외 [푸드웰]: 15건 (>14일/파싱실패)
2026-07-31 11:58:51,054 [INFO] __main__ — 뉴스 시점 제외 [센코]: 6건 (>14일/파싱실패)
2026-07-31 11:58:51,096 [INFO] __main__ — 뉴스 시점 제외 [에이에스텍]: 11건 (>14일/파싱실패)
2026-07-31 11:58:52,144 [INFO] __main__ — 뉴스 시점 제외 [인지소프트]: 9건 (>14일/파싱실패)
2026-07-31 11:58:52,313 [INFO] __main__ — 뉴스 시점 제외 [트루엔]: 9건 (>14일/파싱실패)
2026-07-31 11:58:52,727 [INFO] __main__ — 뉴스 시점 제외 [코스리거글로벌]: 14건 (>14일/파싱실패)
2026-07-31 11:58:53,401 [INFO] __main__ — 뉴스 시점 제외 [스마트레이더시스템]: 12건 (>14일/파싱실패)
2026-07-31 11:58:53,417 [INFO] __main__ — 뉴스 시점 제외 [오리콤]: 11건 (>14일/파싱실패)
2026-07-31 11:58:53,959 [INFO] __main__ — 뉴스 시점 제외 [삼양케이씨아이]: 13건 (>14일/파싱실패)
2026-07-31 11:58:54,323 [INFO] __main__ — 뉴스 시점 제외 [동우팜투테이블]: 4건 (>14일/파싱실패)
2026-07-31 11:58:55,110 [INFO] __main__ — 뉴스 시점 제외 [샌즈랩]: 9건 (>14일/파싱실패)
2026-07-31 11:58:56,498 [INFO] __main__ — 뉴스 시점 제외 [엠투엔]: 12건 (>14일/파싱실패)
2026-07-31 11:58:56,756 [INFO] __main__ — 뉴스 시점 제외 [에스엠씨지]: 11건 (>14일/파싱실패)
2026-07-31 11:58:56,778 [INFO] __main__ — 뉴스 시점 제외 [포니링크]: 5건 (>14일/파싱실패)
2026-07-31 11:58:57,051 [INFO] __main__ — 뉴스 시점 제외 [화성밸브]: 11건 (>14일/파싱실패)
2026-07-31 11:58:57,319 [INFO] __main__ — 뉴스 시점 제외 [경남스틸]: 7건 (>14일/파싱실패)
2026-07-31 11:58:57,600 [INFO] __main__ — 뉴스 시점 제외 [와이엠텍]: 7건 (>14일/파싱실패)
2026-07-31 11:58:57,842 [INFO] __main__ — 뉴스 시점 제외 [누리플렉스]: 10건 (>14일/파싱실패)
2026-07-31 11:58:58,138 [INFO] __main__ — 뉴스 시점 제외 [탑코미디어]: 13건 (>14일/파싱실패)
2026-07-31 11:58:58,410 [INFO] __main__ — 뉴스 시점 제외 [디티씨]: 12건 (>14일/파싱실패)
2026-07-31 11:58:58,429 [INFO] __main__ — 뉴스 시점 제외 [이닉스]: 10건 (>14일/파싱실패)
2026-07-31 11:58:58,691 [INFO] __main__ — 뉴스 시점 제외 [더블유에스아이]: 11건 (>14일/파싱실패)
2026-07-31 11:58:58,962 [INFO] __main__ — 뉴스 시점 제외 [아셈스]: 12건 (>14일/파싱실패)
2026-07-31 11:58:59,240 [INFO] __main__ — 뉴스 시점 제외 [경창산업]: 12건 (>14일/파싱실패)
2026-07-31 11:58:59,527 [INFO] __main__ — 뉴스 시점 제외 [SM Life Design]: 14건 (>14일/파싱실패)
2026-07-31 11:59:00,335 [INFO] __main__ — 뉴스 시점 제외 [오상자이엘]: 6건 (>14일/파싱실패)
2026-07-31 11:59:00,883 [INFO] __main__ — 뉴스 시점 제외 [삼진식품]: 9건 (>14일/파싱실패)
2026-07-31 11:59:01,169 [INFO] __main__ — 뉴스 시점 제외 [셀로맥스사이언스]: 4건 (>14일/파싱실패)
2026-07-31 11:59:01,428 [INFO] __main__ — 뉴스 시점 제외 [네오이뮨텍]: 11건 (>14일/파싱실패)
2026-07-31 11:59:01,712 [INFO] __main__ — 뉴스 시점 제외 [코콤]: 8건 (>14일/파싱실패)
2026-07-31 11:59:01,977 [INFO] __main__ — 뉴스 시점 제외 [제이피아이헬스케어]: 10건 (>14일/파싱실패)
2026-07-31 11:59:02,330 [INFO] __main__ — 뉴스 시점 제외 [씨유테크]: 11건 (>14일/파싱실패)
2026-07-31 11:59:02,514 [INFO] __main__ — 뉴스 시점 제외 [에이텍모빌리티]: 3건 (>14일/파싱실패)
2026-07-31 11:59:02,812 [INFO] __main__ — 뉴스 시점 제외 [HC홈센타]: 11건 (>14일/파싱실패)
2026-07-31 11:59:02,876 [INFO] __main__ — 뉴스 시점 제외 [모티브링크]: 10건 (>14일/파싱실패)
2026-07-31 11:59:03,354 [INFO] __main__ — 뉴스 시점 제외 [흥국에프엔비]: 8건 (>14일/파싱실패)
2026-07-31 11:59:03,889 [INFO] __main__ — 뉴스 시점 제외 [오비고]: 9건 (>14일/파싱실패)
2026-07-31 11:59:03,974 [INFO] __main__ — 뉴스 시점 제외 [퀀타매트릭스]: 3건 (>14일/파싱실패)
2026-07-31 11:59:04,151 [INFO] __main__ — 뉴스 시점 제외 [디케이앤디]: 15건 (>14일/파싱실패)
2026-07-31 11:59:04,524 [INFO] __main__ — 뉴스 시점 제외 [케이씨피드]: 10건 (>14일/파싱실패)
2026-07-31 11:59:04,993 [INFO] __main__ — 뉴스 시점 제외 [윈팩]: 9건 (>14일/파싱실패)
2026-07-31 11:59:05,540 [INFO] __main__ — 뉴스 시점 제외 [디에이피]: 11건 (>14일/파싱실패)
2026-07-31 11:59:05,603 [INFO] __main__ — 뉴스 시점 제외 [코아시아씨엠]: 13건 (>14일/파싱실패)
2026-07-31 11:59:06,635 [INFO] __main__ — 뉴스 시점 제외 [오리엔트정공]: 13건 (>14일/파싱실패)
2026-07-31 11:59:07,417 [INFO] __main__ — 뉴스 시점 제외 [원바이오젠]: 12건 (>14일/파싱실패)
2026-07-31 11:59:07,726 [INFO] __main__ — 뉴스 시점 제외 [서진오토모티브]: 11건 (>14일/파싱실패)
2026-07-31 11:59:07,963 [INFO] __main__ — 뉴스 시점 제외 [원익큐브]: 13건 (>14일/파싱실패)
2026-07-31 11:59:08,327 [INFO] __main__ — 뉴스 시점 제외 [효성오앤비]: 11건 (>14일/파싱실패)
2026-07-31 11:59:08,519 [INFO] __main__ — 뉴스 시점 제외 [엔투텍]: 10건 (>14일/파싱실패)
2026-07-31 11:59:08,866 [INFO] __main__ — 뉴스 시점 제외 [이엠넷]: 12건 (>14일/파싱실패)
2026-07-31 11:59:09,057 [INFO] __main__ — 뉴스 시점 제외 [NHN벅스]: 7건 (>14일/파싱실패)
2026-07-31 11:59:09,599 [INFO] __main__ — 뉴스 시점 제외 [쓰리에이로직스]: 11건 (>14일/파싱실패)
2026-07-31 11:59:09,947 [INFO] __main__ — 뉴스 시점 제외 [포스뱅크]: 15건 (>14일/파싱실패)
2026-07-31 11:59:10,140 [INFO] __main__ — 뉴스 시점 제외 [폴라리스세원]: 14건 (>14일/파싱실패)
2026-07-31 11:59:10,477 [INFO] __main__ — 뉴스 시점 제외 [나라엠앤디]: 9건 (>14일/파싱실패)
2026-07-31 11:59:10,491 [INFO] __main__ — 뉴스 시점 제외 [보라티알]: 14건 (>14일/파싱실패)
2026-07-31 11:59:11,038 [INFO] __main__ — 뉴스 시점 제외 [마이크로디지탈]: 10건 (>14일/파싱실패)
2026-07-31 11:59:11,225 [INFO] __main__ — 뉴스 시점 제외 [크리스탈신소재]: 9건 (>14일/파싱실패)
2026-07-31 11:59:11,566 [INFO] __main__ — 뉴스 시점 제외 [삼화네트웍스]: 2건 (>14일/파싱실패)
2026-07-31 11:59:12,136 [INFO] __main__ — 뉴스 시점 제외 [피엔에이치테크]: 14건 (>14일/파싱실패)
2026-07-31 11:59:13,499 [INFO] __main__ — 뉴스 시점 제외 [스튜디오미르]: 5건 (>14일/파싱실패)
2026-07-31 11:59:13,508 [INFO] __main__ — 뉴스 시점 제외 [메가엠디]: 14건 (>14일/파싱실패)
2026-07-31 11:59:14,054 [INFO] __main__ — 뉴스 시점 제외 [티케이지애강]: 8건 (>14일/파싱실패)
2026-07-31 11:59:14,570 [INFO] __main__ — 뉴스 시점 제외 [비비씨]: 13건 (>14일/파싱실패)
2026-07-31 11:59:14,610 [INFO] __main__ — 뉴스 시점 제외 [아이퀘스트]: 9건 (>14일/파싱실패)
2026-07-31 11:59:14,712 [INFO] __main__ — POOL_A 후보 부정뉴스 2차 조회: 710개
2026-07-31 11:59:14,716 [INFO] __main__ — POOL_A: 1175개 (A:718 B:222 동시:235) | 부정게이트 제외:17
  대형:81 중형:219 소형:875
2026-07-31 11:59:14,728 [INFO] __main__ —   → POOL_A: 1175개
2026-07-31 11:59:14,728 [INFO] __main__ — ▶ Step 2: 하드 필터링
2026-07-31 11:59:14,730 [INFO] __main__ — 하드 필터 제거: 1162개 | 과열배제 35 | 이격도상한 5 | 이격도하한 340 | MA추세 725 | RSI과열 1 | 거래대금 56
2026-07-31 11:59:14,734 [INFO] __main__ — 과열 gated 기록: 35개 → gated_tickers
2026-07-31 11:59:14,734 [INFO] __main__ — POOL_B: 13개 | 대형:0 중형:4 소형:9
2026-07-31 11:59:14,734 [INFO] __main__ —   → POOL_B: 13개
2026-07-31 11:59:14,734 [INFO] __main__ — ▶ Step 3: 스코어링 (FinBERT 감성 분석)
2026-07-31 11:59:14,734 [INFO] __main__ — NaverClient: 3개 키 로드 (DataLab·검색 독립 회전)
2026-07-31 11:59:14,734 [INFO] __main__ — 텍스트 신규 수집: 13종목 (캐시 적중 0종목)
2026-07-31 11:59:15,210 [INFO] __main__ — 뉴스 시점 제외 [이수화학]: 22건 (>14일/파싱실패)
2026-07-31 11:59:19,061 [INFO] __main__ — 뉴스 시점 제외 [송원산업]: 25건 (>14일/파싱실패)
2026-07-31 11:59:26,946 [INFO] __main__ — 뉴스 시점 제외 [아리바이오홀딩스]: 22건 (>14일/파싱실패)
2026-07-31 11:59:27,073 [INFO] __main__ — 뉴스 시점 제외 [화신정공]: 24건 (>14일/파싱실패)
2026-07-31 11:59:33,726 [INFO] __main__ — 수집 완료: 뉴스 87건 | 공시 21건
2026-07-31 11:59:33,727 [INFO] __main__ — FinBERT 감성 분석 (finbert 모드)...
2026-07-31 11:59:33,727 [INFO] __main__ — FinBERT 로딩: snunlp/KR-FinBert-SC (CPU, batch=8)
2026-07-31 11:59:33,888 [INFO] httpx — HTTP Request: GET https://huggingface.co/api/agent-harnesses "HTTP/1.1 200 OK"
2026-07-31 11:59:33,987 [INFO] httpx — HTTP Request: HEAD https://huggingface.co/snunlp/KR-FinBert-SC/resolve/main/config.json "HTTP/1.1 307 Temporary Redirect"
2026-07-31 11:59:33,988 [WARNING] huggingface_hub.utils._http — Warning: You are sending unauthenticated requests to the HF Hub. Please set a HF_TOKEN to enable higher rate limits and faster downloads.
2026-07-31 11:59:34,002 [INFO] httpx — HTTP Request: HEAD https://huggingface.co/api/resolve-cache/models/snunlp/KR-FinBert-SC/f8586286cc3161fb648e9fee09a456069fd846d0/config.json "HTTP/1.1 200 OK"
2026-07-31 11:59:34,114 [INFO] httpx — HTTP Request: HEAD https://huggingface.co/snunlp/KR-FinBert-SC/resolve/main/model.safetensors "HTTP/1.1 404 Not Found"
2026-07-31 11:59:34,224 [INFO] httpx — HTTP Request: GET https://huggingface.co/api/models/snunlp/KR-FinBert-SC "HTTP/1.1 200 OK"
2026-07-31 11:59:34,333 [INFO] httpx — HTTP Request: GET https://huggingface.co/api/models/snunlp/KR-FinBert-SC/commits/main "HTTP/1.1 200 OK"
2026-07-31 11:59:34,366 [INFO] httpx — HTTP Request: GET https://huggingface.co/api/models/snunlp/KR-FinBert-SC/tree/main/additional_chat_templates?recursive=false&expand=false "HTTP/1.1 404 Not Found"
2026-07-31 11:59:34,436 [INFO] httpx — HTTP Request: GET https://huggingface.co/api/models/snunlp/KR-FinBert-SC/discussions?p=0 "HTTP/1.1 200 OK"
2026-07-31 11:59:34,460 [INFO] httpx — HTTP Request: GET https://huggingface.co/api/models/snunlp/KR-FinBert-SC/tree/main?recursive=true&expand=false "HTTP/1.1 200 OK"
2026-07-31 11:59:34,542 [INFO] httpx — HTTP Request: GET https://huggingface.co/api/models/snunlp/KR-FinBert-SC/commits/refs%2Fpr%2F3 "HTTP/1.1 200 OK"
2026-07-31 11:59:34,587 [INFO] httpx — HTTP Request: HEAD https://huggingface.co/snunlp/KR-FinBert-SC/resolve/main/processor_config.json "HTTP/1.1 404 Not Found"
2026-07-31 11:59:34,642 [INFO] httpx — HTTP Request: HEAD https://huggingface.co/snunlp/KR-FinBert-SC/resolve/refs%2Fpr%2F3/model.safetensors.index.json "HTTP/1.1 404 Not Found"
2026-07-31 11:59:34,690 [INFO] httpx — HTTP Request: HEAD https://huggingface.co/snunlp/KR-FinBert-SC/resolve/main/video_preprocessor_config.json "HTTP/1.1 404 Not Found"
2026-07-31 11:59:34,767 [INFO] httpx — HTTP Request: HEAD https://huggingface.co/snunlp/KR-FinBert-SC/resolve/refs%2Fpr%2F3/model.safetensors "HTTP/1.1 302 Found"
2026-07-31 11:59:34,780 [INFO] httpx — HTTP Request: HEAD https://huggingface.co/snunlp/KR-FinBert-SC/resolve/main/preprocessor_config.json "HTTP/1.1 404 Not Found"
2026-07-31 11:59:34,781 [INFO] __main__ — FinBERT 로드 완료 (CPU)
2026-07-31 11:59:38,115 [INFO] __main__ — Phase A.1: 매핑 신뢰도 < 0.5 → 감성 점수 폐기 9건
2026-07-31 11:59:38,115 [INFO] __main__ — 스코어링: 13개 | 집중:0 | FinBERT:finbert
2026-07-31 11:59:38,134 [INFO] __main__ —   → 13개
2026-07-31 11:59:38,135 [INFO] __main__ — ▶ Step 4: 발송
2026-07-31 11:59:41,693 [WARNING] __main__ — 텔레그램 발송 실패 그룹 → mark_sent skip 2개 (다음 실행 시 재발송 대상)
2026-07-31 11:59:41,693 [INFO] __main__ — DB 기록: 0개 / 전체 to_send 2개
2026-07-31 11:59:41,693 [INFO] __main__ — 발송: 집중 0 / 주시 0
2026-07-31 11:59:41,693 [INFO] __main__ — 완료  |  소요: 1145.4초
