2026-09-09 23:12:17,837 [INFO] __main__ — config 검증 완료 ✓
2026-09-09 23:12:17,837 [INFO] __main__ — KIS 조회 도메인: 실전 (https://openapi.koreainvestment.com:9443)
2026-09-09 23:12:17,837 [INFO] __main__ — ============================================================
2026-09-09 23:12:17,837 [INFO] __main__ — AlphaRadar v3.3.1  |  기준일: 20260910
2026-09-09 23:12:17,837 [INFO] __main__ — S = T×0.3 + S_text×0.4 + D×0.3
2026-09-09 23:12:17,837 [INFO] __main__ — ============================================================
2026-09-09 23:12:17,837 [INFO] __main__ — ▶ Step 0: 유니버스 필터링
2026-09-09 23:12:18,163 [INFO] __main__ — FDR 데이터 수집: 20260307 ~ 20260910
2026-09-09 23:12:19,015 [WARNING] __main__ — 목록 조회 실패 (KOSPI): HTTP Error 404: Not Found — 폴백
2026-09-09 23:12:19,474 [WARNING] __main__ — 목록 CSV 캐시 폴백 (KOSPI): 2026-09-07 자 943개
2026-09-09 23:12:20,001 [WARNING] __main__ — 목록 조회 실패 (KOSDAQ): HTTP Error 404: Not Found — 폴백
2026-09-09 23:12:20,003 [WARNING] __main__ — 목록 CSV 캐시 폴백 (KOSDAQ): 2026-09-07 자 1822개
2026-09-09 23:12:20,034 [INFO] __main__ — master universe 메타: 캐시 사용 2760개 (year=2026)
2026-09-09 23:12:20,036 [INFO] __main__ — master 보강: 등급 836개 | FnGuide/KSIC 2550개 | 섹터(fg_industry) 2550개
2026-09-09 23:12:20,036 [INFO] __main__ — KOSPI: 943개 | 섹터정보 831개 (DART +828개 보완)
2026-09-09 23:12:20,037 [INFO] __main__ — KOSDAQ: 1822개 | 섹터정보 1748개
2026-09-09 23:12:20,037 [INFO] __main__ — 전체: 2765개
2026-09-09 23:12:22,059 [INFO] __main__ — KIS 토큰 발급 완료
2026-09-09 23:19:07,228 [INFO] __main__ — DART corp_code 매핑: 876/899개 (97%)
2026-09-09 23:19:07,228 [INFO] __main__ — 유효 유니버스: 899개
2026-09-09 23:19:07,235 [INFO] __main__ —   → 899개
2026-09-09 23:19:07,235 [INFO] __main__ — ▶ Step 1: 신호 탐지
2026-09-09 23:19:07,235 [INFO] __main__ — NaverClient: 3개 키 로드 (DataLab·검색 독립 회전)
2026-09-09 23:19:07,236 [INFO] __main__ — 관심 지수 및 부정 뉴스 비율 조회 중...
2026-09-09 23:19:08,951 [INFO] __main__ — 봇 주가요약 제외 [빛과전자]: 1건
2026-09-09 23:19:08,965 [INFO] __main__ — 봇 주가요약 제외 [JW신약]: 2건
2026-09-09 23:19:12,137 [INFO] __main__ — 봇 주가요약 제외 [삼미금속]: 2건
2026-09-09 23:19:13,475 [INFO] __main__ — 봇 주가요약 제외 [포스코인터내셔널]: 1건
2026-09-09 23:19:15,300 [INFO] __main__ — 봇 주가요약 제외 [광전자]: 2건
2026-09-09 23:19:15,328 [INFO] __main__ — 봇 주가요약 제외 [피노]: 1건
2026-09-09 23:19:16,487 [INFO] __main__ — 봇 주가요약 제외 [원익홀딩스]: 1건
2026-09-09 23:19:18,021 [INFO] __main__ — 봇 주가요약 제외 [금호건설]: 1건
2026-09-09 23:19:19,231 [INFO] __main__ — 봇 주가요약 제외 [더즌]: 1건
2026-09-09 23:19:20,743 [INFO] __main__ — 봇 주가요약 제외 [페니트리움바이오]: 2건
2026-09-09 23:19:26,588 [INFO] __main__ — 봇 주가요약 제외 [대원전선]: 2건
2026-09-09 23:19:28,974 [INFO] __main__ — 봇 주가요약 제외 [비에이치]: 1건
2026-09-09 23:19:30,175 [INFO] __main__ — 봇 주가요약 제외 [삼성E&A]: 1건
2026-09-09 23:19:33,872 [INFO] __main__ — 봇 주가요약 제외 [PS일렉트로닉스]: 3건
2026-09-09 23:19:36,773 [INFO] __main__ — 봇 주가요약 제외 [넥스틸]: 1건
2026-09-09 23:19:37,436 [INFO] __main__ — 봇 주가요약 제외 [휴림로봇]: 1건
2026-09-09 23:19:39,560 [INFO] __main__ — 봇 주가요약 제외 [세미파이브]: 1건
2026-09-09 23:19:39,803 [INFO] __main__ — 봇 주가요약 제외 [SK이터닉스]: 2건
2026-09-09 23:19:49,151 [INFO] __main__ — 봇 주가요약 제외 [키다리스튜디오]: 1건
2026-09-09 23:19:50,392 [INFO] __main__ — 봇 주가요약 제외 [지엔씨에너지]: 1건
2026-09-09 23:19:51,560 [INFO] __main__ — 봇 주가요약 제외 [코오롱티슈진]: 1건
2026-09-09 23:19:51,869 [INFO] __main__ — 봇 주가요약 제외 [로보티즈]: 1건
2026-09-09 23:19:52,892 [INFO] __main__ — 봇 주가요약 제외 [서진시스템]: 1건
2026-09-09 23:19:59,249 [INFO] __main__ — 봇 주가요약 제외 [브이엠]: 1건
2026-09-09 23:19:59,275 [INFO] __main__ — 봇 주가요약 제외 [우진]: 1건
2026-09-09 23:20:00,416 [INFO] __main__ — 봇 주가요약 제외 [SNT에너지]: 1건
2026-09-09 23:20:00,462 [INFO] __main__ — 봇 주가요약 제외 [비에이치아이]: 1건
2026-09-09 23:20:02,798 [INFO] __main__ — 봇 주가요약 제외 [휴스틸]: 1건
2026-09-09 23:20:03,994 [INFO] __main__ — 뉴스 시점 제외 [맥쿼리인프라]: 12건 (>14일/파싱실패)
2026-09-09 23:20:05,180 [INFO] __main__ — 봇 주가요약 제외 [현대무벡스]: 1건
2026-09-09 23:20:07,536 [INFO] __main__ — 봇 주가요약 제외 [코미코]: 1건
2026-09-09 23:20:09,096 [INFO] __main__ — 봇 주가요약 제외 [필옵틱스]: 1건
2026-09-09 23:20:10,261 [INFO] __main__ — 봇 주가요약 제외 [삼화콘덴서]: 3건
2026-09-09 23:20:12,650 [INFO] __main__ — 봇 주가요약 제외 [LG씨엔에스]: 1건
2026-09-09 23:20:12,655 [INFO] __main__ — 뉴스 시점 제외 [샘씨엔에스]: 2건 (>14일/파싱실패)
2026-09-09 23:20:15,018 [INFO] __main__ — 뉴스 시점 제외 [와이지-원]: 8건 (>14일/파싱실패)
2026-09-09 23:20:15,065 [INFO] __main__ — 봇 주가요약 제외 [네오셈]: 1건
2026-09-09 23:20:19,723 [INFO] __main__ — 봇 주가요약 제외 [명신산업]: 1건
2026-09-09 23:20:23,250 [INFO] __main__ — 뉴스 시점 제외 [에스에이엠티]: 5건 (>14일/파싱실패)
2026-09-09 23:20:27,893 [INFO] __main__ — 봇 주가요약 제외 [RFHIC]: 1건
2026-09-09 23:20:30,255 [INFO] __main__ — 봇 주가요약 제외 [파두]: 1건
2026-09-09 23:20:35,588 [INFO] __main__ — 봇 주가요약 제외 [유진로봇]: 1건
2026-09-09 23:20:39,226 [INFO] __main__ — 뉴스 시점 제외 [LS머트리얼즈]: 4건 (>14일/파싱실패)
2026-09-09 23:20:40,521 [INFO] __main__ — 봇 주가요약 제외 [OCI홀딩스]: 2건
2026-09-09 23:20:41,479 [INFO] __main__ — 봇 주가요약 제외 [퍼스텍]: 1건
2026-09-09 23:20:42,733 [INFO] __main__ — 봇 주가요약 제외 [아모텍]: 1건
2026-09-09 23:20:43,906 [INFO] __main__ — 봇 주가요약 제외 [전진건설로봇]: 2건
2026-09-09 23:20:45,231 [INFO] __main__ — 봇 주가요약 제외 [신풍제약]: 1건
2026-09-09 23:20:46,380 [INFO] __main__ — 봇 주가요약 제외 [두산로보틱스]: 1건
2026-09-09 23:20:46,417 [INFO] __main__ — 봇 주가요약 제외 [지아이이노베이션]: 1건
2026-09-09 23:20:47,541 [INFO] __main__ — 봇 주가요약 제외 [산일전기]: 2건
2026-09-09 23:20:52,921 [INFO] __main__ — 뉴스 시점 제외 [동국홀딩스]: 10건 (>14일/파싱실패)
2026-09-09 23:20:54,086 [INFO] __main__ — 뉴스 시점 제외 [GRT]: 3건 (>14일/파싱실패)
2026-09-09 23:20:59,430 [INFO] __main__ — 봇 주가요약 제외 [오이솔루션]: 2건
2026-09-09 23:21:01,832 [INFO] __main__ — 봇 주가요약 제외 [일진전기]: 2건
2026-09-09 23:21:03,010 [INFO] __main__ — 뉴스 시점 제외 [KB스타리츠]: 9건 (>14일/파싱실패)
2026-09-09 23:21:04,314 [INFO] __main__ — 뉴스 시점 제외 [서부T&D]: 5건 (>14일/파싱실패)
2026-09-09 23:21:05,502 [INFO] __main__ — 봇 주가요약 제외 [덕산테코피아]: 1건
2026-09-09 23:21:11,576 [INFO] __main__ — 봇 주가요약 제외 [두산테스나]: 2건
2026-09-09 23:21:12,755 [INFO] __main__ — 봇 주가요약 제외 [피에스케이홀딩스]: 1건
2026-09-09 23:21:13,998 [INFO] __main__ — 봇 주가요약 제외 [롯데에너지머티리얼즈]: 1건
2026-09-09 23:21:15,143 [INFO] __main__ — 봇 주가요약 제외 [POSCO홀딩스]: 2건
2026-09-09 23:21:17,691 [INFO] __main__ — 뉴스 시점 제외 [ESR켄달스퀘어리츠]: 10건 (>14일/파싱실패)
2026-09-09 23:21:21,173 [INFO] __main__ — 뉴스 시점 제외 [엘브이엠씨홀딩스]: 10건 (>14일/파싱실패)
2026-09-09 23:21:22,386 [INFO] __main__ — 봇 주가요약 제외 [HJ중공업]: 1건
2026-09-09 23:21:26,026 [INFO] __main__ — 뉴스 시점 제외 [에코프로머티]: 3건 (>14일/파싱실패)
2026-09-09 23:21:26,026 [INFO] __main__ — 봇 주가요약 제외 [에코프로머티]: 1건
2026-09-09 23:21:28,311 [INFO] __main__ — 뉴스 시점 제외 [베뉴지]: 7건 (>14일/파싱실패)
2026-09-09 23:21:29,467 [INFO] __main__ — 봇 주가요약 제외 [로보스타]: 2건
2026-09-09 23:21:34,177 [INFO] __main__ — 봇 주가요약 제외 [삼성에스디에스]: 1건
2026-09-09 23:21:35,373 [INFO] __main__ — 봇 주가요약 제외 [신흥에스이씨]: 1건
2026-09-09 23:21:41,260 [INFO] __main__ — 봇 주가요약 제외 [삼아알미늄]: 1건
2026-09-09 23:21:42,526 [INFO] __main__ — 뉴스 시점 제외 [삼양컴텍]: 8건 (>14일/파싱실패)
2026-09-09 23:21:44,834 [INFO] __main__ — 봇 주가요약 제외 [엔켐]: 2건
2026-09-09 23:21:46,007 [INFO] __main__ — 봇 주가요약 제외 [세방전지]: 1건
2026-09-09 23:21:50,774 [INFO] __main__ — 뉴스 시점 제외 [싸이맥스]: 5건 (>14일/파싱실패)
2026-09-09 23:21:54,754 [INFO] __main__ — 뉴스 시점 제외 [미래에셋증권2우B]: 11건 (>14일/파싱실패)
2026-09-09 23:21:57,452 [INFO] __main__ — 뉴스 시점 제외 [KB발해인프라]: 13건 (>14일/파싱실패)
2026-09-09 23:22:06,369 [INFO] __main__ — 봇 주가요약 제외 [에스엠]: 1건
2026-09-09 23:22:08,679 [INFO] __main__ — 뉴스 시점 제외 [삼양엔씨켐]: 1건 (>14일/파싱실패)
2026-09-09 23:22:10,657 [INFO] __main__ — 봇 주가요약 제외 [풍산]: 1건
2026-09-09 23:22:13,131 [INFO] __main__ — 뉴스 시점 제외 [나이스정보통신]: 4건 (>14일/파싱실패)
2026-09-09 23:22:19,015 [INFO] __main__ — 뉴스 시점 제외 [이수스페셜티케미컬]: 2건 (>14일/파싱실패)
2026-09-09 23:22:19,015 [INFO] __main__ — 봇 주가요약 제외 [이수스페셜티케미컬]: 1건
2026-09-09 23:22:27,270 [INFO] __main__ — 봇 주가요약 제외 [에이치브이엠]: 1건
2026-09-09 23:22:28,080 [INFO] __main__ — 봇 주가요약 제외 [비나텍]: 1건
2026-09-09 23:22:30,953 [INFO] __main__ — 뉴스 시점 제외 [오리엔탈정공]: 5건 (>14일/파싱실패)
2026-09-09 23:22:32,166 [INFO] __main__ — 뉴스 시점 제외 [한양디지텍]: 5건 (>14일/파싱실패)
2026-09-09 23:22:35,639 [INFO] __main__ — 뉴스 시점 제외 [아세아제지]: 11건 (>14일/파싱실패)
2026-09-09 23:22:36,824 [INFO] __main__ — 봇 주가요약 제외 [도우인시스]: 1건
2026-09-09 23:22:40,001 [INFO] __main__ — 부정 키워드 감지: 20개 종목 (neg_ratio > 0)
2026-09-09 23:22:40,003 [INFO] __main__ — 수급일수충족·합계음수 제외: 64개
2026-09-09 23:22:41,199 [INFO] __main__ — 뉴스 시점 제외 [현대차우]: 1건 (>14일/파싱실패)
2026-09-09 23:22:43,783 [INFO] __main__ — 뉴스 시점 제외 [두산우]: 14건 (>14일/파싱실패)
2026-09-09 23:22:44,492 [INFO] __main__ — 뉴스 시점 제외 [삼성전기우]: 9건 (>14일/파싱실패)
2026-09-09 23:22:45,104 [INFO] __main__ — 뉴스 시점 제외 [LG전자우]: 5건 (>14일/파싱실패)
2026-09-09 23:22:47,667 [INFO] __main__ — 뉴스 시점 제외 [미원에스씨]: 3건 (>14일/파싱실패)
2026-09-09 23:22:48,956 [INFO] __main__ — 뉴스 시점 제외 [한화3우B]: 8건 (>14일/파싱실패)
2026-09-09 23:22:49,011 [INFO] __main__ — 뉴스 시점 제외 [세아홀딩스]: 2건 (>14일/파싱실패)
2026-09-09 23:22:49,656 [INFO] __main__ — 뉴스 시점 제외 [CJ4우(전환)]: 14건 (>14일/파싱실패)
2026-09-09 23:22:50,312 [INFO] __main__ — 뉴스 시점 제외 [삼성FN리츠]: 8건 (>14일/파싱실패)
2026-09-09 23:22:52,188 [INFO] __main__ — 봇 주가요약 제외 [세아제강지주]: 1건
2026-09-09 23:22:52,249 [INFO] __main__ — 뉴스 시점 제외 [현대차3우B]: 11건 (>14일/파싱실패)
2026-09-09 23:22:53,665 [INFO] __main__ — 뉴스 시점 제외 [삼영무역]: 13건 (>14일/파싱실패)
2026-09-09 23:22:54,988 [INFO] __main__ — 뉴스 시점 제외 [일진홀딩스]: 1건 (>14일/파싱실패)
2026-09-09 23:22:55,637 [INFO] __main__ — 뉴스 시점 제외 [두산2우B]: 13건 (>14일/파싱실패)
2026-09-09 23:22:56,299 [INFO] __main__ — 뉴스 시점 제외 [S-Oil우]: 9건 (>14일/파싱실패)
2026-09-09 23:22:56,933 [INFO] __main__ — 뉴스 시점 제외 [일성아이에스]: 5건 (>14일/파싱실패)
2026-09-09 23:22:57,111 [INFO] __main__ — 봇 주가요약 제외 [세방]: 1건
2026-09-09 23:22:58,541 [INFO] __main__ — 뉴스 시점 제외 [미원화학]: 12건 (>14일/파싱실패)
2026-09-09 23:22:58,831 [INFO] __main__ — 뉴스 시점 제외 [노루홀딩스]: 8건 (>14일/파싱실패)
2026-09-09 23:22:59,189 [INFO] __main__ — 뉴스 시점 제외 [DS단석]: 5건 (>14일/파싱실패)
2026-09-09 23:23:00,829 [INFO] __main__ — 봇 주가요약 제외 [제룡전기]: 2건
2026-09-09 23:23:02,779 [INFO] __main__ — 뉴스 시점 제외 [매커스]: 6건 (>14일/파싱실패)
2026-09-09 23:23:02,969 [INFO] __main__ — 뉴스 시점 제외 [툴젠]: 6건 (>14일/파싱실패)
2026-09-09 23:23:03,608 [INFO] __main__ — 뉴스 시점 제외 [인화정공]: 5건 (>14일/파싱실패)
2026-09-09 23:23:04,409 [INFO] __main__ — 뉴스 시점 제외 [서호전기]: 10건 (>14일/파싱실패)
2026-09-09 23:23:05,691 [INFO] __main__ — 뉴스 시점 제외 [JTC]: 5건 (>14일/파싱실패)
2026-09-09 23:23:06,177 [INFO] __main__ — 뉴스 시점 제외 [바이오다인]: 9건 (>14일/파싱실패)
2026-09-09 23:23:06,356 [INFO] __main__ — 뉴스 시점 제외 [우주일렉트로]: 12건 (>14일/파싱실패)
2026-09-09 23:23:07,565 [INFO] __main__ — POOL_A 후보 부정뉴스 2차 조회: 122개
2026-09-09 23:23:07,567 [INFO] __main__ — POOL_A: 451개 (A:270 B:82 동시:99) | 부정게이트 제외:4
  대형:66 중형:200 소형:185
2026-09-09 23:23:07,573 [INFO] __main__ — 대조군 표본(무신호): 40개 / 모집단 448개 → pool_history
2026-09-09 23:23:07,575 [INFO] __main__ —   → POOL_A: 451개
2026-09-09 23:23:07,575 [INFO] __main__ — ▶ Step 2: 하드 필터링
2026-09-09 23:23:07,576 [INFO] __main__ — 하드 필터 제거: 432개 | 과열배제 43 | 이격도상한 15 | 이격도하한 27 | MA추세 275 | RSI과열 6 | 거래대금 66
2026-09-09 23:23:07,577 [INFO] __main__ — 과열 gated 기록: 43개 → gated_tickers
2026-09-09 23:23:07,580 [INFO] __main__ — 대조군 표본(필터탈락): 168개 / 모집단 432개 → pool_history
2026-09-09 23:23:07,580 [INFO] __main__ — POOL_B: 19개 | 대형:0 중형:13 소형:6
2026-09-09 23:23:07,580 [INFO] __main__ —   → POOL_B: 19개
2026-09-09 23:23:07,580 [INFO] __main__ — ▶ Step 3: 스코어링 (FinBERT 감성 분석)
2026-09-09 23:23:07,580 [INFO] __main__ — NaverClient: 3개 키 로드 (DataLab·검색 독립 회전)
2026-09-09 23:23:07,581 [INFO] __main__ — 텍스트 신규 수집: 19종목 (캐시 적중 0종목)
2026-09-09 23:23:08,130 [INFO] __main__ — 봇 주가요약 제외 [한국콜마]: 1건
2026-09-09 23:23:08,133 [INFO] __main__ — 봇 주가요약 제외 [후성]: 2건
2026-09-09 23:23:12,368 [INFO] __main__ — 봇 주가요약 제외 [삼화콘덴서]: 7건
2026-09-09 23:23:12,401 [INFO] __main__ — 봇 주가요약 제외 [대원전선]: 6건
2026-09-09 23:23:16,286 [INFO] __main__ — 뉴스 시점 제외 [이수화학]: 13건 (>14일/파싱실패)
2026-09-09 23:23:16,297 [INFO] __main__ — 뉴스 시점 제외 [송원산업]: 23건 (>14일/파싱실패)
2026-09-09 23:23:16,949 [INFO] __main__ — 봇 주가요약 제외 [테스]: 1건
2026-09-09 23:23:20,350 [INFO] __main__ — 봇 주가요약 제외 [티에스이]: 1건
2026-09-09 23:23:20,589 [INFO] __main__ — 봇 주가요약 제외 [제주반도체]: 5건
2026-09-09 23:23:20,821 [INFO] __main__ — 뉴스 시점 제외 [제이앤티씨]: 16건 (>14일/파싱실패)
2026-09-09 23:23:24,238 [INFO] __main__ — 봇 주가요약 제외 [로보스타]: 4건
2026-09-09 23:23:24,446 [INFO] __main__ — 봇 주가요약 제외 [지엔씨에너지]: 1건
2026-09-09 23:23:32,191 [INFO] __main__ — 봇 주가요약 제외 [KBI메탈]: 1건
2026-09-09 23:23:35,699 [INFO] __main__ — 기사 보존(수집): 171건 (19종목) → news_articles
2026-09-09 23:23:35,701 [INFO] __main__ — 공시 보존(수집): 42건 (19종목) → dart_filings
2026-09-09 23:23:35,702 [INFO] __main__ — 수집 완료: 뉴스 171건 | 공시 42건
2026-09-09 23:23:35,702 [INFO] __main__ — FinBERT 감성 분석 (finbert 모드)...
2026-09-09 23:23:35,702 [INFO] __main__ — FinBERT 로딩: snunlp/KR-FinBert-SC (CPU, batch=8)
2026-09-09 23:23:35,810 [INFO] httpx — HTTP Request: GET https://huggingface.co/api/agent-harnesses "HTTP/1.1 200 OK"
2026-09-09 23:23:35,860 [INFO] httpx — HTTP Request: HEAD https://huggingface.co/snunlp/KR-FinBert-SC/resolve/main/config.json "HTTP/1.1 307 Temporary Redirect"
2026-09-09 23:23:35,861 [WARNING] huggingface_hub.utils._http — Warning: You are sending unauthenticated requests to the HF Hub. Please set a HF_TOKEN to enable higher rate limits and faster downloads.
2026-09-09 23:23:35,881 [INFO] httpx — HTTP Request: HEAD https://huggingface.co/api/resolve-cache/models/snunlp/KR-FinBert-SC/f8586286cc3161fb648e9fee09a456069fd846d0/config.json?%2Fsnunlp%2FKR-FinBert-SC%2Fresolve%2Fmain%2Fconfig.json=&etag=%22bd00b2460e394f69e29e6438699e074cbac9584e%22 "HTTP/1.1 200 OK"
2026-09-09 23:23:35,953 [INFO] httpx — HTTP Request: HEAD https://huggingface.co/snunlp/KR-FinBert-SC/resolve/main/model.safetensors "HTTP/1.1 404 Not Found"
2026-09-09 23:23:36,006 [INFO] httpx — HTTP Request: GET https://huggingface.co/api/models/snunlp/KR-FinBert-SC "HTTP/1.1 200 OK"
2026-09-09 23:23:36,069 [INFO] httpx — HTTP Request: GET https://huggingface.co/api/models/snunlp/KR-FinBert-SC/commits/main "HTTP/1.1 200 OK"
2026-09-09 23:23:36,128 [INFO] httpx — HTTP Request: GET https://huggingface.co/api/models/snunlp/KR-FinBert-SC/discussions?p=0 "HTTP/1.1 200 OK"
2026-09-09 23:23:36,153 [INFO] httpx — HTTP Request: GET https://huggingface.co/api/models/snunlp/KR-FinBert-SC/tree/main/additional_chat_templates?recursive=false&expand=false "HTTP/1.1 404 Not Found"
2026-09-09 23:23:36,185 [INFO] httpx — HTTP Request: GET https://huggingface.co/api/models/snunlp/KR-FinBert-SC/commits/refs%2Fpr%2F3 "HTTP/1.1 200 OK"
2026-09-09 23:23:36,208 [INFO] httpx — HTTP Request: GET https://huggingface.co/api/models/snunlp/KR-FinBert-SC/tree/main?recursive=true&expand=false "HTTP/1.1 200 OK"
2026-09-09 23:23:36,233 [INFO] httpx — HTTP Request: HEAD https://huggingface.co/snunlp/KR-FinBert-SC/resolve/refs%2Fpr%2F3/model.safetensors.index.json "HTTP/1.1 404 Not Found"
2026-09-09 23:23:36,278 [INFO] httpx — HTTP Request: HEAD https://huggingface.co/snunlp/KR-FinBert-SC/resolve/main/processor_config.json "HTTP/1.1 404 Not Found"
2026-09-09 23:23:36,285 [INFO] httpx — HTTP Request: HEAD https://huggingface.co/snunlp/KR-FinBert-SC/resolve/refs%2Fpr%2F3/model.safetensors "HTTP/1.1 302 Found"
2026-09-09 23:23:36,336 [INFO] httpx — HTTP Request: HEAD https://huggingface.co/snunlp/KR-FinBert-SC/resolve/main/video_preprocessor_config.json "HTTP/1.1 404 Not Found"
2026-09-09 23:23:36,386 [INFO] httpx — HTTP Request: HEAD https://huggingface.co/snunlp/KR-FinBert-SC/resolve/main/preprocessor_config.json "HTTP/1.1 404 Not Found"
2026-09-09 23:23:36,387 [INFO] __main__ — FinBERT 로드 완료 (CPU)
2026-09-09 23:24:02,364 [INFO] __main__ — Phase A.1: 매핑 신뢰도 < 0.5 → 감성 점수 폐기 16건
2026-09-09 23:24:02,364 [INFO] __main__ — [shadow] 필드별 검사 기준 폐기 0/19종목 (집행 16건 — 변동 없음)
2026-09-09 23:24:02,364 [INFO] __main__ — 스코어링: 19개 | 집중:1 | FinBERT:finbert
2026-09-09 23:24:02,382 [INFO] __main__ —   → 19개
2026-09-09 23:24:02,382 [INFO] __main__ — ▶ Step 4: 발송
2026-09-09 23:24:07,167 [INFO] __main__ — DB 기록: 13개 / 전체 to_send 13개
2026-09-09 23:24:07,167 [INFO] __main__ — 발송: 13종목 | 누적 4~10회 3 | 신규 2
2026-09-09 23:24:07,167 [INFO] __main__ — 완료  |  소요: 709.3초
2026-09-09 23:24:08,415 [INFO] track_outcomes — pool_history 대조군 6023건 추적 대상 포함
2026-09-09 23:24:08,468 [INFO] track_outcomes — 고아 행 186건 복원 (targets에서 탈락한 미완 키)
2026-09-09 23:24:08,468 [INFO] track_outcomes — 대상 14718건 | 갱신 필요 9266건 | 완료 스킵 5638건
2026-09-09 23:24:08,470 [INFO] track_outcomes —   가격 조회 고유 종목 1604개 (기존 564 + 대조군 추가 1040)
2026-09-09 23:53:05,992 [INFO] track_outcomes — outcomes 적재: 신규 329건 | 갱신(신규+보완) 2879건
