2026-07-30 11:31:35,629 [INFO] __main__ — config 검증 완료 ✓
2026-07-30 11:31:35,629 [INFO] __main__ — ============================================================
2026-07-30 11:31:35,629 [INFO] __main__ — AlphaRadar v3.3.1  |  기준일: 20260730
2026-07-30 11:31:35,629 [INFO] __main__ — S = T×0.3 + S_text×0.4 + D×0.3
2026-07-30 11:31:35,629 [INFO] __main__ — ============================================================
2026-07-30 11:31:35,630 [INFO] __main__ — ▶ Step 0: 유니버스 필터링
2026-07-30 11:31:35,778 [INFO] __main__ — FDR 데이터 수집: 20260124 ~ 20260730
2026-07-30 11:31:37,609 [INFO] __main__ — KOSPI: 943개 | 섹터정보 833개 (DART +833개 보완)
2026-07-30 11:31:37,610 [INFO] __main__ — KOSDAQ: 1821개 | 섹터정보 1821개
2026-07-30 11:31:37,610 [INFO] __main__ — 전체: 2764개
2026-07-30 11:31:39,744 [INFO] __main__ — KIS 토큰 발급 완료
2026-07-30 11:46:11,194 [INFO] __main__ — DART corp_code 매핑: 2102/2158개 (97%)
2026-07-30 11:46:11,194 [INFO] __main__ — 유효 유니버스: 2158개
2026-07-30 11:46:11,204 [INFO] __main__ —   → 2158개
2026-07-30 11:46:11,204 [INFO] __main__ — ▶ Step 1: 신호 탐지
2026-07-30 11:46:11,204 [INFO] __main__ — NaverClient: 3개 키 로드 (DataLab·검색 독립 회전)
2026-07-30 11:46:11,204 [INFO] __main__ — 관심 지수 및 부정 뉴스 비율 조회 중...
2026-07-30 11:46:47,084 [INFO] __main__ — 뉴스 시점 제외 [맥쿼리인프라]: 12건 (>14일/파싱실패)
2026-07-30 11:46:47,119 [INFO] __main__ — 뉴스 시점 제외 [삼영엠텍]: 4건 (>14일/파싱실패)
2026-07-30 11:46:49,496 [INFO] __main__ — 뉴스 시점 제외 [KX하이텍]: 11건 (>14일/파싱실패)
2026-07-30 11:46:54,169 [INFO] __main__ — 뉴스 시점 제외 [GRT]: 3건 (>14일/파싱실패)
2026-07-30 11:47:00,070 [INFO] __main__ — 뉴스 시점 제외 [남선알미늄]: 9건 (>14일/파싱실패)
2026-07-30 11:47:17,500 [INFO] __main__ — 뉴스 시점 제외 [에코플라스틱]: 1건 (>14일/파싱실패)
2026-07-30 11:47:18,850 [INFO] __main__ — 뉴스 시점 제외 [삼화전자]: 5건 (>14일/파싱실패)
2026-07-30 11:47:23,793 [INFO] __main__ — 뉴스 시점 제외 [한성크린텍]: 14건 (>14일/파싱실패)
2026-07-30 11:47:23,827 [INFO] __main__ — 뉴스 시점 제외 [동양파일]: 5건 (>14일/파싱실패)
2026-07-30 11:47:23,832 [INFO] __main__ — 뉴스 시점 제외 [HB테크놀러지]: 11건 (>14일/파싱실패)
2026-07-30 11:47:26,420 [INFO] __main__ — 뉴스 시점 제외 [아리바이오홀딩스]: 5건 (>14일/파싱실패)
2026-07-30 11:47:32,831 [INFO] __main__ — 뉴스 시점 제외 [LS머트리얼즈]: 9건 (>14일/파싱실패)
2026-07-30 11:47:40,986 [INFO] __main__ — 뉴스 시점 제외 [세미티에스]: 12건 (>14일/파싱실패)
2026-07-30 11:47:43,634 [INFO] __main__ — 뉴스 시점 제외 [엘브이엠씨홀딩스]: 13건 (>14일/파싱실패)
2026-07-30 11:47:44,035 [INFO] __main__ — 뉴스 시점 제외 [삼기에너지솔루션즈]: 2건 (>14일/파싱실패)
2026-07-30 11:47:48,313 [INFO] __main__ — 뉴스 시점 제외 [글로벌텍스프리]: 11건 (>14일/파싱실패)
2026-07-30 11:47:52,788 [INFO] __main__ — 뉴스 시점 제외 [HB솔루션]: 7건 (>14일/파싱실패)
2026-07-30 11:47:54,491 [INFO] __main__ — 뉴스 시점 제외 [대아티아이]: 9건 (>14일/파싱실패)
2026-07-30 11:47:57,731 [INFO] __main__ — 뉴스 시점 제외 [티씨머티리얼즈]: 12건 (>14일/파싱실패)
2026-07-30 11:48:01,054 [INFO] __main__ — 뉴스 시점 제외 [우리기술투자]: 11건 (>14일/파싱실패)
2026-07-30 11:48:01,842 [INFO] __main__ — 뉴스 시점 제외 [중앙첨단소재]: 8건 (>14일/파싱실패)
2026-07-30 11:48:02,544 [INFO] __main__ — 뉴스 시점 제외 [빅텍]: 5건 (>14일/파싱실패)
2026-07-30 11:48:05,085 [INFO] __main__ — 뉴스 시점 제외 [이수화학]: 7건 (>14일/파싱실패)
2026-07-30 11:48:06,262 [INFO] __main__ — 뉴스 시점 제외 [엑스페릭스]: 8건 (>14일/파싱실패)
2026-07-30 11:48:08,605 [INFO] __main__ — 뉴스 시점 제외 [한국팩키지]: 3건 (>14일/파싱실패)
2026-07-30 11:48:19,821 [INFO] __main__ — 뉴스 시점 제외 [한국특강]: 6건 (>14일/파싱실패)
2026-07-30 11:48:19,856 [INFO] __main__ — 뉴스 시점 제외 [대성창투]: 12건 (>14일/파싱실패)
2026-07-30 11:48:20,984 [INFO] __main__ — 뉴스 시점 제외 [에이치엠넥스]: 10건 (>14일/파싱실패)
2026-07-30 11:48:22,161 [INFO] __main__ — 뉴스 시점 제외 [한일단조]: 10건 (>14일/파싱실패)
2026-07-30 11:48:22,872 [INFO] __main__ — 뉴스 시점 제외 [대양금속]: 14건 (>14일/파싱실패)
2026-07-30 11:48:26,921 [INFO] __main__ — 뉴스 시점 제외 [하이드로리튬]: 13건 (>14일/파싱실패)
2026-07-30 11:48:28,734 [INFO] __main__ — 뉴스 시점 제외 [대영포장]: 12건 (>14일/파싱실패)
2026-07-30 11:48:32,262 [INFO] __main__ — 뉴스 시점 제외 [에코프로머티]: 4건 (>14일/파싱실패)
2026-07-30 11:48:33,470 [INFO] __main__ — 뉴스 시점 제외 [남화산업]: 9건 (>14일/파싱실패)
2026-07-30 11:48:33,912 [INFO] __main__ — 뉴스 시점 제외 [태양금속]: 11건 (>14일/파싱실패)
2026-07-30 11:48:33,989 [INFO] __main__ — 뉴스 시점 제외 [한일철강]: 6건 (>14일/파싱실패)
2026-07-30 11:48:34,645 [INFO] __main__ — 뉴스 시점 제외 [서부T&D]: 12건 (>14일/파싱실패)
2026-07-30 11:48:35,180 [INFO] __main__ — 뉴스 시점 제외 [네오셈]: 8건 (>14일/파싱실패)
2026-07-30 11:48:37,418 [INFO] __main__ — 뉴스 시점 제외 [성문전자]: 6건 (>14일/파싱실패)
2026-07-30 11:48:41,109 [INFO] __main__ — 뉴스 시점 제외 [레이저쎌]: 5건 (>14일/파싱실패)
2026-07-30 11:48:42,870 [INFO] __main__ — 뉴스 시점 제외 [일신석재]: 10건 (>14일/파싱실패)
2026-07-30 11:48:43,462 [INFO] __main__ — 뉴스 시점 제외 [알루코]: 5건 (>14일/파싱실패)
2026-07-30 11:48:47,577 [INFO] __main__ — 뉴스 시점 제외 [송원산업]: 9건 (>14일/파싱실패)
2026-07-30 11:48:49,365 [INFO] __main__ — 뉴스 시점 제외 [위지트]: 11건 (>14일/파싱실패)
2026-07-30 11:48:52,273 [INFO] __main__ — 뉴스 시점 제외 [에이티넘인베스트]: 15건 (>14일/파싱실패)
2026-07-30 11:48:53,948 [INFO] __main__ — 뉴스 시점 제외 [YG PLUS]: 7건 (>14일/파싱실패)
2026-07-30 11:49:01,385 [INFO] __main__ — 뉴스 시점 제외 [SV인베스트먼트]: 2건 (>14일/파싱실패)
2026-07-30 11:49:02,734 [INFO] __main__ — 뉴스 시점 제외 [미래에셋증권2우B]: 3건 (>14일/파싱실패)
2026-07-30 11:49:03,939 [INFO] __main__ — 뉴스 시점 제외 [나우IB]: 10건 (>14일/파싱실패)
2026-07-30 11:49:03,940 [INFO] __main__ — 뉴스 시점 제외 [케이에스피]: 8건 (>14일/파싱실패)
2026-07-30 11:49:11,038 [INFO] __main__ — 뉴스 시점 제외 [포스코스틸리온]: 1건 (>14일/파싱실패)
2026-07-30 11:49:19,045 [INFO] __main__ — 뉴스 시점 제외 [신화프리텍]: 11건 (>14일/파싱실패)
2026-07-30 11:49:21,390 [INFO] __main__ — 뉴스 시점 제외 [부국철강]: 10건 (>14일/파싱실패)
2026-07-30 11:49:26,126 [INFO] __main__ — 뉴스 시점 제외 [엑스큐어]: 10건 (>14일/파싱실패)
2026-07-30 11:49:26,295 [INFO] __main__ — 뉴스 시점 제외 [에스엠씨지]: 11건 (>14일/파싱실패)
2026-07-30 11:49:26,962 [INFO] __main__ — 뉴스 시점 제외 [경인양행]: 3건 (>14일/파싱실패)
2026-07-30 11:49:27,291 [INFO] __main__ — 뉴스 시점 제외 [제이앤티씨]: 3건 (>14일/파싱실패)
2026-07-30 11:49:27,487 [INFO] __main__ — 뉴스 시점 제외 [엠에스오토텍]: 12건 (>14일/파싱실패)
2026-07-30 11:49:29,849 [INFO] __main__ — 뉴스 시점 제외 [써니전자]: 14건 (>14일/파싱실패)
2026-07-30 11:49:31,141 [INFO] __main__ — 뉴스 시점 제외 [비투엔]: 12건 (>14일/파싱실패)
2026-07-30 11:49:34,120 [INFO] __main__ — 뉴스 시점 제외 [디와이에이]: 12건 (>14일/파싱실패)
2026-07-30 11:49:37,121 [INFO] __main__ — 부정 키워드 감지: 29개 종목 (neg_ratio > 0)
2026-07-30 11:49:37,125 [INFO] __main__ — 수급일수충족·합계음수 제외: 100개
2026-07-30 11:49:42,981 [INFO] __main__ — 뉴스 시점 제외 [DN오토모티브]: 7건 (>14일/파싱실패)
2026-07-30 11:49:48,235 [INFO] __main__ — 뉴스 시점 제외 [삼성전기우]: 7건 (>14일/파싱실패)
2026-07-30 11:49:50,008 [INFO] __main__ — 뉴스 시점 제외 [GS피앤엘]: 10건 (>14일/파싱실패)
2026-07-30 11:49:50,206 [INFO] __main__ — 뉴스 시점 제외 [세방전지]: 6건 (>14일/파싱실패)
2026-07-30 11:49:50,861 [INFO] __main__ — 뉴스 시점 제외 [신한알파리츠]: 8건 (>14일/파싱실패)
2026-07-30 11:49:51,307 [INFO] __main__ — 뉴스 시점 제외 [한국쉘석유]: 12건 (>14일/파싱실패)
2026-07-30 11:49:51,530 [INFO] __main__ — 뉴스 시점 제외 [미원에스씨]: 1건 (>14일/파싱실패)
2026-07-30 11:49:52,835 [INFO] __main__ — 뉴스 시점 제외 [F&F홀딩스]: 4건 (>14일/파싱실패)
2026-07-30 11:49:53,254 [INFO] __main__ — 뉴스 시점 제외 [한일홀딩스]: 11건 (>14일/파싱실패)
2026-07-30 11:49:53,898 [INFO] __main__ — 뉴스 시점 제외 [CJ4우(전환)]: 15건 (>14일/파싱실패)
2026-07-30 11:49:55,445 [INFO] __main__ — 뉴스 시점 제외 [바이오노트]: 10건 (>14일/파싱실패)
2026-07-30 11:49:56,102 [INFO] __main__ — 뉴스 시점 제외 [NH투자증권우]: 14건 (>14일/파싱실패)
2026-07-30 11:49:57,137 [INFO] __main__ — 뉴스 시점 제외 [농심홀딩스]: 5건 (>14일/파싱실패)
2026-07-30 11:49:58,197 [INFO] __main__ — 뉴스 시점 제외 [삼영무역]: 9건 (>14일/파싱실패)
2026-07-30 11:49:59,246 [INFO] __main__ — 뉴스 시점 제외 [KISCO홀딩스]: 2건 (>14일/파싱실패)
2026-07-30 11:49:59,514 [INFO] __main__ — 뉴스 시점 제외 [INVENI]: 9건 (>14일/파싱실패)
2026-07-30 11:49:59,950 [INFO] __main__ — 뉴스 시점 제외 [신대양제지]: 15건 (>14일/파싱실패)
2026-07-30 11:50:00,167 [INFO] __main__ — 뉴스 시점 제외 [KPX홀딩스]: 11건 (>14일/파싱실패)
2026-07-30 11:50:02,117 [INFO] __main__ — 뉴스 시점 제외 [일진하이솔루스]: 13건 (>14일/파싱실패)
2026-07-30 11:50:04,632 [INFO] __main__ — 뉴스 시점 제외 [아세아제지]: 6건 (>14일/파싱실패)
2026-07-30 11:50:04,895 [INFO] __main__ — 뉴스 시점 제외 [JW홀딩스]: 7건 (>14일/파싱실패)
2026-07-30 11:50:05,276 [INFO] __main__ — 뉴스 시점 제외 [삼성물산우B]: 15건 (>14일/파싱실패)
2026-07-30 11:50:06,591 [INFO] __main__ — 뉴스 시점 제외 [삼양바이오팜]: 5건 (>14일/파싱실패)
2026-07-30 11:50:07,663 [INFO] __main__ — 뉴스 시점 제외 [삼영전자]: 10건 (>14일/파싱실패)
2026-07-30 11:50:08,452 [INFO] __main__ — 뉴스 시점 제외 [아이마켓코리아]: 15건 (>14일/파싱실패)
2026-07-30 11:50:08,671 [INFO] __main__ — 뉴스 시점 제외 [LG생활건강우]: 13건 (>14일/파싱실패)
2026-07-30 11:50:09,955 [INFO] __main__ — 뉴스 시점 제외 [모토닉]: 14건 (>14일/파싱실패)
2026-07-30 11:50:10,594 [INFO] __main__ — 뉴스 시점 제외 [LS네트웍스]: 2건 (>14일/파싱실패)
2026-07-30 11:50:12,384 [INFO] __main__ — 뉴스 시점 제외 [PKC]: 7건 (>14일/파싱실패)
2026-07-30 11:50:13,208 [INFO] __main__ — 뉴스 시점 제외 [코스맥스비티아이]: 10건 (>14일/파싱실패)
2026-07-30 11:50:13,668 [INFO] __main__ — 뉴스 시점 제외 [하이트진로홀딩스]: 11건 (>14일/파싱실패)
2026-07-30 11:50:14,835 [INFO] __main__ — 뉴스 시점 제외 [천일고속]: 12건 (>14일/파싱실패)
2026-07-30 11:50:14,967 [INFO] __main__ — 뉴스 시점 제외 [JW생명과학]: 9건 (>14일/파싱실패)
2026-07-30 11:50:16,159 [INFO] __main__ — 뉴스 시점 제외 [NH올원리츠]: 8건 (>14일/파싱실패)
2026-07-30 11:50:16,803 [INFO] __main__ — 뉴스 시점 제외 [조선내화]: 9건 (>14일/파싱실패)
2026-07-30 11:50:17,453 [INFO] __main__ — 뉴스 시점 제외 [금호석유화학우]: 14건 (>14일/파싱실패)
2026-07-30 11:50:18,110 [INFO] __main__ — 뉴스 시점 제외 [대창단조]: 12건 (>14일/파싱실패)
2026-07-30 11:50:18,542 [INFO] __main__ — 뉴스 시점 제외 [아모레퍼시픽홀딩스3우C]: 14건 (>14일/파싱실패)
2026-07-30 11:50:18,745 [INFO] __main__ — 뉴스 시점 제외 [삼양패키징]: 10건 (>14일/파싱실패)
2026-07-30 11:50:19,184 [INFO] __main__ — 뉴스 시점 제외 [화승인더]: 10건 (>14일/파싱실패)
2026-07-30 11:50:19,843 [INFO] __main__ — 뉴스 시점 제외 [미원홀딩스]: 12건 (>14일/파싱실패)
2026-07-30 11:50:20,498 [INFO] __main__ — 뉴스 시점 제외 [이지스레지던스리츠]: 11건 (>14일/파싱실패)
2026-07-30 11:50:20,837 [INFO] __main__ — 뉴스 시점 제외 [디씨엠]: 13건 (>14일/파싱실패)
2026-07-30 11:50:21,158 [INFO] __main__ — 뉴스 시점 제외 [인천도시가스]: 7건 (>14일/파싱실패)
2026-07-30 11:50:21,652 [INFO] __main__ — 뉴스 시점 제외 [HDC현대EP]: 9건 (>14일/파싱실패)
2026-07-30 11:50:22,303 [INFO] __main__ — 뉴스 시점 제외 [현대코퍼레이션홀딩스]: 12건 (>14일/파싱실패)
2026-07-30 11:50:22,307 [INFO] __main__ — 뉴스 시점 제외 [제일파마홀딩스]: 11건 (>14일/파싱실패)
2026-07-30 11:50:22,968 [INFO] __main__ — 뉴스 시점 제외 [KCTC]: 3건 (>14일/파싱실패)
2026-07-30 11:50:23,642 [INFO] __main__ — 뉴스 시점 제외 [태경비케이]: 1건 (>14일/파싱실패)
2026-07-30 11:50:24,304 [INFO] __main__ — 뉴스 시점 제외 [HS애드]: 6건 (>14일/파싱실패)
2026-07-30 11:50:25,145 [INFO] __main__ — 뉴스 시점 제외 [한국무브넥스]: 14건 (>14일/파싱실패)
2026-07-30 11:50:26,437 [INFO] __main__ — 뉴스 시점 제외 [영보화학]: 12건 (>14일/파싱실패)
2026-07-30 11:50:27,089 [INFO] __main__ — 뉴스 시점 제외 [황금에스티]: 12건 (>14일/파싱실패)
2026-07-30 11:50:27,738 [INFO] __main__ — 뉴스 시점 제외 [아주스틸]: 7건 (>14일/파싱실패)
2026-07-30 11:50:27,745 [INFO] __main__ — 뉴스 시점 제외 [DRB동일]: 6건 (>14일/파싱실패)
2026-07-30 11:50:27,758 [INFO] __main__ — 뉴스 시점 제외 [크라운해태홀딩스]: 6건 (>14일/파싱실패)
2026-07-30 11:50:28,415 [INFO] __main__ — 뉴스 시점 제외 [DSR제강]: 9건 (>14일/파싱실패)
2026-07-30 11:50:28,431 [INFO] __main__ — 뉴스 시점 제외 [동일산업]: 5건 (>14일/파싱실패)
2026-07-30 11:50:29,068 [INFO] __main__ — 뉴스 시점 제외 [사조오양]: 11건 (>14일/파싱실패)
2026-07-30 11:50:29,088 [INFO] __main__ — 뉴스 시점 제외 [동방아그로]: 12건 (>14일/파싱실패)
2026-07-30 11:50:29,089 [INFO] __main__ — 뉴스 시점 제외 [SK이노베이션우]: 14건 (>14일/파싱실패)
2026-07-30 11:50:29,714 [INFO] __main__ — 뉴스 시점 제외 [유한양행우]: 9건 (>14일/파싱실패)
2026-07-30 11:50:29,743 [INFO] __main__ — 뉴스 시점 제외 [CS홀딩스]: 13건 (>14일/파싱실패)
2026-07-30 11:50:30,394 [INFO] __main__ — 뉴스 시점 제외 [아모레퍼시픽홀딩스우]: 14건 (>14일/파싱실패)
2026-07-30 11:50:30,994 [INFO] __main__ — 뉴스 시점 제외 [성창기업지주]: 8건 (>14일/파싱실패)
2026-07-30 11:50:31,036 [INFO] __main__ — 뉴스 시점 제외 [화천기공]: 8건 (>14일/파싱실패)
2026-07-30 11:50:31,718 [INFO] __main__ — 뉴스 시점 제외 [미래에셋글로벌리츠]: 8건 (>14일/파싱실패)
2026-07-30 11:50:32,290 [INFO] __main__ — 뉴스 시점 제외 [삼정펄프]: 14건 (>14일/파싱실패)
2026-07-30 11:50:33,596 [INFO] __main__ — 뉴스 시점 제외 [동양고속]: 10건 (>14일/파싱실패)
2026-07-30 11:50:33,669 [INFO] __main__ — 뉴스 시점 제외 [삼일씨엔에스]: 11건 (>14일/파싱실패)
2026-07-30 11:50:34,232 [INFO] __main__ — 뉴스 시점 제외 [화천기계]: 6건 (>14일/파싱실패)
2026-07-30 11:50:34,330 [INFO] __main__ — 뉴스 시점 제외 [호전실업]: 9건 (>14일/파싱실패)
2026-07-30 11:50:34,876 [INFO] __main__ — 뉴스 시점 제외 [태경케미컬]: 9건 (>14일/파싱실패)
2026-07-30 11:50:35,641 [INFO] __main__ — 뉴스 시점 제외 [롯데칠성우]: 14건 (>14일/파싱실패)
2026-07-30 11:50:35,646 [INFO] __main__ — 뉴스 시점 제외 [SJM홀딩스]: 11건 (>14일/파싱실패)
2026-07-30 11:50:37,109 [INFO] __main__ — 뉴스 시점 제외 [케이비아이동국실업]: 14건 (>14일/파싱실패)
2026-07-30 11:50:37,767 [INFO] __main__ — 뉴스 시점 제외 [SB성보]: 8건 (>14일/파싱실패)
2026-07-30 11:50:37,768 [INFO] __main__ — 뉴스 시점 제외 [SK케미칼우]: 14건 (>14일/파싱실패)
2026-07-30 11:50:38,125 [INFO] __main__ — 뉴스 시점 제외 [DYP]: 13건 (>14일/파싱실패)
2026-07-30 11:50:38,431 [INFO] __main__ — 뉴스 시점 제외 [조광페인트]: 6건 (>14일/파싱실패)
2026-07-30 11:50:38,433 [INFO] __main__ — 뉴스 시점 제외 [영화금속]: 5건 (>14일/파싱실패)
2026-07-30 11:50:39,748 [INFO] __main__ — 뉴스 시점 제외 [유니온머티리얼]: 9건 (>14일/파싱실패)
2026-07-30 11:50:39,750 [INFO] __main__ — 뉴스 시점 제외 [갤럭시아에스엠]: 12건 (>14일/파싱실패)
2026-07-30 11:50:40,074 [INFO] __main__ — 뉴스 시점 제외 [에쓰씨엔지니어링]: 13건 (>14일/파싱실패)
2026-07-30 11:50:40,404 [INFO] __main__ — 뉴스 시점 제외 [DL우]: 15건 (>14일/파싱실패)
2026-07-30 11:50:41,364 [INFO] __main__ — 뉴스 시점 제외 [세우글로벌]: 12건 (>14일/파싱실패)
2026-07-30 11:50:46,281 [INFO] __main__ — 뉴스 시점 제외 [다우데이타]: 9건 (>14일/파싱실패)
2026-07-30 11:50:50,104 [INFO] __main__ — 뉴스 시점 제외 [에스티큐브]: 13건 (>14일/파싱실패)
2026-07-30 11:50:57,876 [INFO] __main__ — 뉴스 시점 제외 [에이유브랜즈]: 12건 (>14일/파싱실패)
2026-07-30 11:50:58,527 [INFO] __main__ — 뉴스 시점 제외 [씨앤씨인터내셔널]: 8건 (>14일/파싱실패)
2026-07-30 11:50:58,667 [INFO] __main__ — 뉴스 시점 제외 [바이오다인]: 6건 (>14일/파싱실패)
2026-07-30 11:50:59,289 [INFO] __main__ — 뉴스 시점 제외 [서호전기]: 15건 (>14일/파싱실패)
2026-07-30 11:50:59,818 [INFO] __main__ — 뉴스 시점 제외 [디지털대성]: 9건 (>14일/파싱실패)
2026-07-30 11:51:02,076 [INFO] __main__ — 뉴스 시점 제외 [KZ정밀]: 11건 (>14일/파싱실패)
2026-07-30 11:51:03,038 [INFO] __main__ — 뉴스 시점 제외 [코메론]: 5건 (>14일/파싱실패)
2026-07-30 11:51:03,690 [INFO] __main__ — 뉴스 시점 제외 [강원에너지]: 8건 (>14일/파싱실패)
2026-07-30 11:51:04,640 [INFO] __main__ — 뉴스 시점 제외 [BGF에코머티리얼즈]: 14건 (>14일/파싱실패)
2026-07-30 11:51:04,821 [INFO] __main__ — 뉴스 시점 제외 [레드캡투어]: 11건 (>14일/파싱실패)
2026-07-30 11:51:05,001 [INFO] __main__ — 뉴스 시점 제외 [빅솔론]: 14건 (>14일/파싱실패)
2026-07-30 11:51:05,664 [INFO] __main__ — 뉴스 시점 제외 [대한약품]: 4건 (>14일/파싱실패)
2026-07-30 11:51:06,309 [INFO] __main__ — 뉴스 시점 제외 [안트로젠]: 4건 (>14일/파싱실패)
2026-07-30 11:51:07,606 [INFO] __main__ — 뉴스 시점 제외 [티이엠씨]: 5건 (>14일/파싱실패)
2026-07-30 11:51:08,895 [INFO] __main__ — 뉴스 시점 제외 [프레스티지바이오로직스]: 10건 (>14일/파싱실패)
2026-07-30 11:51:09,693 [INFO] __main__ — 뉴스 시점 제외 [슈프리마에이치큐]: 10건 (>14일/파싱실패)
2026-07-30 11:51:09,959 [INFO] __main__ — 뉴스 시점 제외 [신성에스티]: 7건 (>14일/파싱실패)
2026-07-30 11:51:10,164 [INFO] __main__ — 뉴스 시점 제외 [삼보판지]: 15건 (>14일/파싱실패)
2026-07-30 11:51:11,790 [INFO] __main__ — 뉴스 시점 제외 [인선이엔티]: 12건 (>14일/파싱실패)
2026-07-30 11:51:13,453 [INFO] __main__ — 뉴스 시점 제외 [크레오에스지]: 14건 (>14일/파싱실패)
2026-07-30 11:51:14,078 [INFO] __main__ — 뉴스 시점 제외 [재영솔루텍]: 8건 (>14일/파싱실패)
2026-07-30 11:51:14,289 [INFO] __main__ — 뉴스 시점 제외 [유아이엘]: 12건 (>14일/파싱실패)
2026-07-30 11:51:15,772 [INFO] __main__ — 뉴스 시점 제외 [윤성에프앤씨]: 11건 (>14일/파싱실패)
2026-07-30 11:51:16,955 [INFO] __main__ — 뉴스 시점 제외 [이엘씨]: 6건 (>14일/파싱실패)
2026-07-30 11:51:17,081 [INFO] __main__ — 뉴스 시점 제외 [동방메디컬]: 14건 (>14일/파싱실패)
2026-07-30 11:51:17,085 [INFO] __main__ — 뉴스 시점 제외 [대정화금]: 10건 (>14일/파싱실패)
2026-07-30 11:51:17,771 [INFO] __main__ — 뉴스 시점 제외 [우리손에프앤지]: 14건 (>14일/파싱실패)
2026-07-30 11:51:19,228 [INFO] __main__ — 뉴스 시점 제외 [레이언스]: 12건 (>14일/파싱실패)
2026-07-30 11:51:19,250 [INFO] __main__ — 뉴스 시점 제외 [세운메디칼]: 10건 (>14일/파싱실패)
2026-07-30 11:51:19,931 [INFO] __main__ — 뉴스 시점 제외 [스톰테크]: 11건 (>14일/파싱실패)
2026-07-30 11:51:21,185 [INFO] __main__ — 뉴스 시점 제외 [풍원정밀]: 11건 (>14일/파싱실패)
2026-07-30 11:51:21,247 [INFO] __main__ — 뉴스 시점 제외 [서원인텍]: 13건 (>14일/파싱실패)
2026-07-30 11:51:22,062 [INFO] __main__ — 뉴스 시점 제외 [탑런토탈솔루션]: 9건 (>14일/파싱실패)
2026-07-30 11:51:22,483 [INFO] __main__ — 뉴스 시점 제외 [에이치피오]: 11건 (>14일/파싱실패)
2026-07-30 11:51:23,360 [INFO] __main__ — 뉴스 시점 제외 [중앙백신]: 4건 (>14일/파싱실패)
2026-07-30 11:51:23,935 [INFO] __main__ — 뉴스 시점 제외 [동국S&C]: 12건 (>14일/파싱실패)
2026-07-30 11:51:24,747 [INFO] __main__ — 뉴스 시점 제외 [대봉엘에스]: 1건 (>14일/파싱실패)
2026-07-30 11:51:24,748 [INFO] __main__ — 뉴스 시점 제외 [대림제지]: 11건 (>14일/파싱실패)
2026-07-30 11:51:26,051 [INFO] __main__ — 뉴스 시점 제외 [삼아제약]: 7건 (>14일/파싱실패)
2026-07-30 11:51:27,369 [INFO] __main__ — 뉴스 시점 제외 [한국파마]: 5건 (>14일/파싱실패)
2026-07-30 11:51:28,019 [INFO] __main__ — 뉴스 시점 제외 [로스웰]: 11건 (>14일/파싱실패)
2026-07-30 11:51:28,211 [INFO] __main__ — 뉴스 시점 제외 [이상네트웍스]: 13건 (>14일/파싱실패)
2026-07-30 11:51:28,686 [INFO] __main__ — 뉴스 시점 제외 [선바이오]: 10건 (>14일/파싱실패)
2026-07-30 11:51:29,335 [INFO] __main__ — 뉴스 시점 제외 [휴비츠]: 6건 (>14일/파싱실패)
2026-07-30 11:51:29,349 [INFO] __main__ — 뉴스 시점 제외 [오파스넷]: 8건 (>14일/파싱실패)
2026-07-30 11:51:30,155 [INFO] __main__ — 뉴스 시점 제외 [엔브이에이치코리아]: 12건 (>14일/파싱실패)
2026-07-30 11:51:30,645 [INFO] __main__ — 뉴스 시점 제외 [초록뱀미디어]: 7건 (>14일/파싱실패)
2026-07-30 11:51:30,649 [INFO] __main__ — 뉴스 시점 제외 [삼현철강]: 8건 (>14일/파싱실패)
2026-07-30 11:51:30,810 [INFO] __main__ — 뉴스 시점 제외 [영화테크]: 12건 (>14일/파싱실패)
2026-07-30 11:51:31,311 [INFO] __main__ — 뉴스 시점 제외 [엠엑스온]: 11건 (>14일/파싱실패)
2026-07-30 11:51:31,393 [INFO] __main__ — 뉴스 시점 제외 [아이디피]: 14건 (>14일/파싱실패)
2026-07-30 11:51:31,460 [INFO] __main__ — 뉴스 시점 제외 [라이온켐텍]: 7건 (>14일/파싱실패)
2026-07-30 11:51:31,961 [INFO] __main__ — 뉴스 시점 제외 [팬젠]: 7건 (>14일/파싱실패)
2026-07-30 11:51:32,032 [INFO] __main__ — 뉴스 시점 제외 [시공테크]: 7건 (>14일/파싱실패)
2026-07-30 11:51:32,903 [INFO] __main__ — 뉴스 시점 제외 [동일금속]: 13건 (>14일/파싱실패)
2026-07-30 11:51:33,552 [INFO] __main__ — 뉴스 시점 제외 [피제이전자]: 9건 (>14일/파싱실패)
2026-07-30 11:51:34,536 [INFO] __main__ — 뉴스 시점 제외 [엠오티]: 5건 (>14일/파싱실패)
2026-07-30 11:51:35,477 [INFO] __main__ — 뉴스 시점 제외 [앤디포스]: 9건 (>14일/파싱실패)
2026-07-30 11:51:35,938 [INFO] __main__ — 뉴스 시점 제외 [잉크테크]: 12건 (>14일/파싱실패)
2026-07-30 11:51:37,247 [INFO] __main__ — 뉴스 시점 제외 [블랙야크아이앤씨]: 9건 (>14일/파싱실패)
2026-07-30 11:51:37,777 [INFO] __main__ — 뉴스 시점 제외 [신일제약]: 2건 (>14일/파싱실패)
2026-07-30 11:51:37,904 [INFO] __main__ — 뉴스 시점 제외 [특수건설]: 12건 (>14일/파싱실패)
2026-07-30 11:51:38,056 [INFO] __main__ — 뉴스 시점 제외 [케이엘넷]: 12건 (>14일/파싱실패)
2026-07-30 11:51:38,423 [INFO] __main__ — 뉴스 시점 제외 [센코]: 7건 (>14일/파싱실패)
2026-07-30 11:51:39,198 [INFO] __main__ — 뉴스 시점 제외 [탑머티리얼]: 9건 (>14일/파싱실패)
2026-07-30 11:51:39,901 [INFO] __main__ — 뉴스 시점 제외 [트루엔]: 9건 (>14일/파싱실패)
2026-07-30 11:51:40,631 [INFO] __main__ — 뉴스 시점 제외 [삼양케이씨아이]: 13건 (>14일/파싱실패)
2026-07-30 11:51:41,036 [INFO] __main__ — 뉴스 시점 제외 [인지소프트]: 9건 (>14일/파싱실패)
2026-07-30 11:51:41,191 [INFO] __main__ — 뉴스 시점 제외 [오리콤]: 11건 (>14일/파싱실패)
2026-07-30 11:51:41,676 [INFO] __main__ — 뉴스 시점 제외 [동우팜투테이블]: 3건 (>14일/파싱실패)
2026-07-30 11:51:41,832 [INFO] __main__ — 뉴스 시점 제외 [셀바이오휴먼텍]: 13건 (>14일/파싱실패)
2026-07-30 11:51:42,329 [INFO] __main__ — 뉴스 시점 제외 [토탈소프트]: 13건 (>14일/파싱실패)
2026-07-30 11:51:42,748 [INFO] __main__ — 뉴스 시점 제외 [진양제약]: 5건 (>14일/파싱실패)
2026-07-30 11:51:43,780 [INFO] __main__ — 뉴스 시점 제외 [엠투엔]: 12건 (>14일/파싱실패)
2026-07-30 11:51:44,673 [INFO] __main__ — 뉴스 시점 제외 [포니링크]: 6건 (>14일/파싱실패)
2026-07-30 11:51:44,925 [INFO] __main__ — 뉴스 시점 제외 [샌즈랩]: 9건 (>14일/파싱실패)
2026-07-30 11:51:45,080 [INFO] __main__ — 뉴스 시점 제외 [SM Life Design]: 14건 (>14일/파싱실패)
2026-07-30 11:51:45,326 [INFO] __main__ — 뉴스 시점 제외 [디티씨]: 12건 (>14일/파싱실패)
2026-07-30 11:51:45,579 [INFO] __main__ — 뉴스 시점 제외 [경창산업]: 11건 (>14일/파싱실패)
2026-07-30 11:51:45,734 [INFO] __main__ — 뉴스 시점 제외 [더블유에스아이]: 11건 (>14일/파싱실패)
2026-07-30 11:51:45,969 [INFO] __main__ — 뉴스 시점 제외 [구영테크]: 14건 (>14일/파싱실패)
2026-07-30 11:51:46,885 [INFO] __main__ — 뉴스 시점 제외 [제일테크노스]: 8건 (>14일/파싱실패)
2026-07-30 11:51:47,528 [INFO] __main__ — 뉴스 시점 제외 [HB인베스트먼트]: 12건 (>14일/파싱실패)
2026-07-30 11:51:47,694 [INFO] __main__ — 뉴스 시점 제외 [엘컴텍]: 10건 (>14일/파싱실패)
2026-07-30 11:51:48,563 [INFO] __main__ — 뉴스 시점 제외 [탑코미디어]: 14건 (>14일/파싱실패)
2026-07-30 11:51:48,833 [INFO] __main__ — 뉴스 시점 제외 [제이피아이헬스케어]: 11건 (>14일/파싱실패)
2026-07-30 11:51:48,985 [INFO] __main__ — 뉴스 시점 제외 [흥국에프엔비]: 8건 (>14일/파싱실패)
2026-07-30 11:51:49,642 [INFO] __main__ — 뉴스 시점 제외 [오비고]: 8건 (>14일/파싱실패)
2026-07-30 11:51:49,859 [INFO] __main__ — 뉴스 시점 제외 [신화인터텍]: 12건 (>14일/파싱실패)
2026-07-30 11:51:50,128 [INFO] __main__ — 뉴스 시점 제외 [에이텍모빌리티]: 8건 (>14일/파싱실패)
2026-07-30 11:51:51,182 [INFO] __main__ — 뉴스 시점 제외 [씨유테크]: 12건 (>14일/파싱실패)
2026-07-30 11:51:51,824 [INFO] __main__ — 뉴스 시점 제외 [디에이피]: 11건 (>14일/파싱실패)
2026-07-30 11:51:52,086 [INFO] __main__ — 뉴스 시점 제외 [린드먼아시아]: 15건 (>14일/파싱실패)
2026-07-30 11:51:52,733 [INFO] __main__ — 뉴스 시점 제외 [아이엠비디엑스]: 10건 (>14일/파싱실패)
2026-07-30 11:51:53,383 [INFO] __main__ — 뉴스 시점 제외 [쏘닉스]: 7건 (>14일/파싱실패)
2026-07-30 11:51:53,512 [INFO] __main__ — 뉴스 시점 제외 [이글벳]: 11건 (>14일/파싱실패)
2026-07-30 11:51:53,769 [INFO] __main__ — 뉴스 시점 제외 [원바이오젠]: 12건 (>14일/파싱실패)
2026-07-30 11:51:54,023 [INFO] __main__ — 뉴스 시점 제외 [쎄노텍]: 12건 (>14일/파싱실패)
2026-07-30 11:51:54,147 [INFO] __main__ — 뉴스 시점 제외 [와이즈버즈]: 4건 (>14일/파싱실패)
2026-07-30 11:51:54,782 [INFO] __main__ — 뉴스 시점 제외 [원익큐브]: 13건 (>14일/파싱실패)
2026-07-30 11:51:55,085 [INFO] __main__ — 뉴스 시점 제외 [오리엔트정공]: 13건 (>14일/파싱실패)
2026-07-30 11:51:55,745 [INFO] __main__ — 뉴스 시점 제외 [NHN벅스]: 8건 (>14일/파싱실패)
2026-07-30 11:51:55,964 [INFO] __main__ — 뉴스 시점 제외 [포스뱅크]: 15건 (>14일/파싱실패)
2026-07-30 11:51:56,716 [INFO] __main__ — 뉴스 시점 제외 [보라티알]: 13건 (>14일/파싱실패)
2026-07-30 11:51:57,041 [INFO] __main__ — 뉴스 시점 제외 [한네트]: 15건 (>14일/파싱실패)
2026-07-30 11:51:57,272 [INFO] __main__ — 뉴스 시점 제외 [폴라리스세원]: 14건 (>14일/파싱실패)
2026-07-30 11:51:57,358 [INFO] __main__ — 뉴스 시점 제외 [삼화네트웍스]: 3건 (>14일/파싱실패)
2026-07-30 11:51:57,913 [INFO] __main__ — 뉴스 시점 제외 [크리스탈신소재]: 7건 (>14일/파싱실패)
2026-07-30 11:51:58,011 [INFO] __main__ — 뉴스 시점 제외 [마이크로디지탈]: 10건 (>14일/파싱실패)
2026-07-30 11:51:58,315 [INFO] __main__ — 뉴스 시점 제외 [백금T&A]: 8건 (>14일/파싱실패)
2026-07-30 11:51:58,651 [INFO] __main__ — 뉴스 시점 제외 [쓰리에이로직스]: 12건 (>14일/파싱실패)
2026-07-30 11:51:59,598 [INFO] __main__ — 뉴스 시점 제외 [베노티앤알]: 10건 (>14일/파싱실패)
2026-07-30 11:51:59,878 [INFO] __main__ — 뉴스 시점 제외 [플레이디]: 9건 (>14일/파싱실패)
2026-07-30 11:51:59,948 [INFO] __main__ — 뉴스 시점 제외 [메가엠디]: 14건 (>14일/파싱실패)
2026-07-30 11:52:00,345 [INFO] __main__ — POOL_A 후보 부정뉴스 2차 조회: 641개
2026-07-30 11:52:00,349 [INFO] __main__ — POOL_A: 1012개 (A:701 B:174 동시:137) | 부정게이트 제외:16
  대형:65 중형:195 소형:752
2026-07-30 11:52:00,358 [INFO] __main__ —   → POOL_A: 1012개
2026-07-30 11:52:00,358 [INFO] __main__ — ▶ Step 2: 하드 필터링
2026-07-30 11:52:00,359 [INFO] __main__ — 하드 필터 제거: 1001개 | 과열배제 18 | 이격도상한 7 | 이격도하한 487 | MA추세 448 | RSI과열 3 | 거래대금 38
2026-07-30 11:52:00,361 [INFO] __main__ — 과열 gated 기록: 18개 → gated_tickers
2026-07-30 11:52:00,361 [INFO] __main__ — POOL_B: 11개 | 대형:0 중형:3 소형:8
2026-07-30 11:52:00,361 [INFO] __main__ —   → POOL_B: 11개
2026-07-30 11:52:00,361 [INFO] __main__ — ▶ Step 3: 스코어링 (FinBERT 감성 분석)
2026-07-30 11:52:00,361 [INFO] __main__ — NaverClient: 3개 키 로드 (DataLab·검색 독립 회전)
2026-07-30 11:52:00,361 [INFO] __main__ — 텍스트 신규 수집: 11종목 (캐시 적중 0종목)
2026-07-30 11:52:00,945 [INFO] __main__ — 뉴스 시점 제외 [송원산업]: 24건 (>14일/파싱실패)
2026-07-30 11:52:10,467 [INFO] __main__ — 뉴스 시점 제외 [화신정공]: 20건 (>14일/파싱실패)
2026-07-30 11:52:18,897 [INFO] __main__ — 수집 완료: 뉴스 85건 | 공시 22건
2026-07-30 11:52:18,898 [INFO] __main__ — FinBERT 감성 분석 (finbert 모드)...
2026-07-30 11:52:18,898 [INFO] __main__ — FinBERT 로딩: snunlp/KR-FinBert-SC (CPU, batch=8)
2026-07-30 11:52:19,024 [INFO] httpx — HTTP Request: GET https://huggingface.co/api/agent-harnesses "HTTP/1.1 200 OK"
2026-07-30 11:52:19,073 [INFO] httpx — HTTP Request: HEAD https://huggingface.co/snunlp/KR-FinBert-SC/resolve/main/config.json "HTTP/1.1 307 Temporary Redirect"
2026-07-30 11:52:19,087 [INFO] httpx — HTTP Request: HEAD https://huggingface.co/api/resolve-cache/models/snunlp/KR-FinBert-SC/f8586286cc3161fb648e9fee09a456069fd846d0/config.json "HTTP/1.1 200 OK"
2026-07-30 11:52:19,152 [INFO] httpx — HTTP Request: HEAD https://huggingface.co/snunlp/KR-FinBert-SC/resolve/main/model.safetensors "HTTP/1.1 404 Not Found"
2026-07-30 11:52:19,152 [WARNING] huggingface_hub.utils._http — Warning: You are sending unauthenticated requests to the HF Hub. Please set a HF_TOKEN to enable higher rate limits and faster downloads.
2026-07-30 11:52:19,236 [INFO] httpx — HTTP Request: GET https://huggingface.co/api/models/snunlp/KR-FinBert-SC "HTTP/1.1 200 OK"
2026-07-30 11:52:19,302 [INFO] httpx — HTTP Request: GET https://huggingface.co/api/models/snunlp/KR-FinBert-SC/commits/main "HTTP/1.1 200 OK"
2026-07-30 11:52:19,360 [INFO] httpx — HTTP Request: GET https://huggingface.co/api/models/snunlp/KR-FinBert-SC/discussions?p=0 "HTTP/1.1 200 OK"
2026-07-30 11:52:19,377 [INFO] httpx — HTTP Request: GET https://huggingface.co/api/models/snunlp/KR-FinBert-SC/tree/main/additional_chat_templates?recursive=false&expand=false "HTTP/1.1 404 Not Found"
2026-07-30 11:52:19,417 [INFO] httpx — HTTP Request: GET https://huggingface.co/api/models/snunlp/KR-FinBert-SC/commits/refs%2Fpr%2F3 "HTTP/1.1 200 OK"
2026-07-30 11:52:19,432 [INFO] httpx — HTTP Request: GET https://huggingface.co/api/models/snunlp/KR-FinBert-SC/tree/main?recursive=true&expand=false "HTTP/1.1 200 OK"
2026-07-30 11:52:19,464 [INFO] httpx — HTTP Request: HEAD https://huggingface.co/snunlp/KR-FinBert-SC/resolve/refs%2Fpr%2F3/model.safetensors.index.json "HTTP/1.1 404 Not Found"
2026-07-30 11:52:19,501 [INFO] httpx — HTTP Request: HEAD https://huggingface.co/snunlp/KR-FinBert-SC/resolve/main/processor_config.json "HTTP/1.1 404 Not Found"
2026-07-30 11:52:19,520 [INFO] httpx — HTTP Request: HEAD https://huggingface.co/snunlp/KR-FinBert-SC/resolve/refs%2Fpr%2F3/model.safetensors "HTTP/1.1 302 Found"
2026-07-30 11:52:19,552 [INFO] httpx — HTTP Request: HEAD https://huggingface.co/snunlp/KR-FinBert-SC/resolve/main/video_preprocessor_config.json "HTTP/1.1 404 Not Found"
2026-07-30 11:52:19,600 [INFO] httpx — HTTP Request: HEAD https://huggingface.co/snunlp/KR-FinBert-SC/resolve/main/preprocessor_config.json "HTTP/1.1 404 Not Found"
2026-07-30 11:52:19,601 [INFO] __main__ — FinBERT 로드 완료 (CPU)
2026-07-30 11:52:23,437 [INFO] __main__ — Phase A.1: 매핑 신뢰도 < 0.5 → 감성 점수 폐기 8건
2026-07-30 11:52:23,437 [INFO] __main__ — 스코어링: 11개 | 집중:0 | FinBERT:finbert
2026-07-30 11:52:23,452 [INFO] __main__ —   → 11개
2026-07-30 11:52:23,452 [INFO] __main__ — ▶ Step 4: 발송
2026-07-30 11:52:26,647 [WARNING] __main__ — 텔레그램 발송 실패 그룹 → mark_sent skip 2개 (다음 실행 시 재발송 대상)
2026-07-30 11:52:26,647 [INFO] __main__ — DB 기록: 0개 / 전체 to_send 2개
2026-07-30 11:52:26,647 [INFO] __main__ — 발송: 집중 0 / 주시 0
2026-07-30 11:52:26,648 [INFO] __main__ — 완료  |  소요: 1251.0초
