2026-08-04 11:46:58,708 [INFO] __main__ — config 검증 완료 ✓
2026-08-04 11:46:58,708 [INFO] __main__ — ============================================================
2026-08-04 11:46:58,709 [INFO] __main__ — AlphaRadar v3.3.1  |  기준일: 20260804
2026-08-04 11:46:58,709 [INFO] __main__ — S = T×0.3 + S_text×0.4 + D×0.3
2026-08-04 11:46:58,709 [INFO] __main__ — ============================================================
2026-08-04 11:46:58,709 [INFO] __main__ — ▶ Step 0: 유니버스 필터링
2026-08-04 11:46:58,863 [INFO] __main__ — FDR 데이터 수집: 20260129 ~ 20260804
2026-08-04 11:47:00,747 [INFO] __main__ — KOSPI: 943개 | 섹터정보 833개 (DART +833개 보완)
2026-08-04 11:47:00,748 [INFO] __main__ — KOSDAQ: 1820개 | 섹터정보 1820개
2026-08-04 11:47:00,748 [INFO] __main__ — 전체: 2763개
2026-08-04 11:47:03,160 [INFO] __main__ — KIS 토큰 발급 완료
2026-08-04 12:02:43,071 [INFO] __main__ — DART corp_code 매핑: 2156/2213개 (97%)
2026-08-04 12:02:43,071 [INFO] __main__ — 유효 유니버스: 2213개
2026-08-04 12:02:43,084 [INFO] __main__ —   → 2213개
2026-08-04 12:02:43,084 [INFO] __main__ — ▶ Step 1: 신호 탐지
2026-08-04 12:02:43,084 [INFO] __main__ — NaverClient: 3개 키 로드 (DataLab·검색 독립 회전)
2026-08-04 12:02:43,084 [INFO] __main__ — 관심 지수 및 부정 뉴스 비율 조회 중...
2026-08-04 12:03:19,511 [INFO] __main__ — 뉴스 시점 제외 [금호전기]: 1건 (>14일/파싱실패)
2026-08-04 12:03:22,839 [INFO] __main__ — 뉴스 시점 제외 [맥쿼리인프라]: 12건 (>14일/파싱실패)
2026-08-04 12:03:26,321 [INFO] __main__ — 뉴스 시점 제외 [강동씨앤엘]: 9건 (>14일/파싱실패)
2026-08-04 12:03:38,922 [INFO] __main__ — 뉴스 시점 제외 [KX하이텍]: 10건 (>14일/파싱실패)
2026-08-04 12:03:50,771 [INFO] __main__ — 뉴스 시점 제외 [와이지-원]: 1건 (>14일/파싱실패)
2026-08-04 12:03:53,276 [INFO] __main__ — 뉴스 시점 제외 [화신정공]: 10건 (>14일/파싱실패)
2026-08-04 12:03:55,943 [INFO] __main__ — 뉴스 시점 제외 [동양파일]: 9건 (>14일/파싱실패)
2026-08-04 12:04:06,647 [INFO] __main__ — 뉴스 시점 제외 [HB테크놀러지]: 4건 (>14일/파싱실패)
2026-08-04 12:04:12,936 [INFO] __main__ — 뉴스 시점 제외 [글로벌텍스프리]: 2건 (>14일/파싱실패)
2026-08-04 12:04:24,680 [INFO] __main__ — 뉴스 시점 제외 [LS머트리얼즈]: 4건 (>14일/파싱실패)
2026-08-04 12:04:27,657 [INFO] __main__ — 뉴스 시점 제외 [HB솔루션]: 6건 (>14일/파싱실패)
2026-08-04 12:04:30,363 [INFO] __main__ — 뉴스 시점 제외 [한성크린텍]: 15건 (>14일/파싱실패)
2026-08-04 12:04:31,348 [INFO] __main__ — 뉴스 시점 제외 [중앙첨단소재]: 4건 (>14일/파싱실패)
2026-08-04 12:04:37,253 [INFO] __main__ — 뉴스 시점 제외 [엘브이엠씨홀딩스]: 13건 (>14일/파싱실패)
2026-08-04 12:04:38,650 [INFO] __main__ — 뉴스 시점 제외 [KB스타리츠]: 8건 (>14일/파싱실패)
2026-08-04 12:04:40,649 [INFO] __main__ — 뉴스 시점 제외 [대양금속]: 10건 (>14일/파싱실패)
2026-08-04 12:04:48,246 [INFO] __main__ — 뉴스 시점 제외 [세미티에스]: 9건 (>14일/파싱실패)
2026-08-04 12:04:51,652 [INFO] __main__ — 뉴스 시점 제외 [우리기술투자]: 8건 (>14일/파싱실패)
2026-08-04 12:05:03,636 [INFO] __main__ — 뉴스 시점 제외 [레이저쎌]: 4건 (>14일/파싱실패)
2026-08-04 12:05:07,238 [INFO] __main__ — 뉴스 시점 제외 [삼성공조]: 10건 (>14일/파싱실패)
2026-08-04 12:05:07,963 [INFO] __main__ — 뉴스 시점 제외 [이수화학]: 7건 (>14일/파싱실패)
2026-08-04 12:05:17,461 [INFO] __main__ — 뉴스 시점 제외 [에이치엠넥스]: 7건 (>14일/파싱실패)
2026-08-04 12:05:20,192 [INFO] __main__ — 뉴스 시점 제외 [네오셈]: 6건 (>14일/파싱실패)
2026-08-04 12:05:22,908 [INFO] __main__ — 뉴스 시점 제외 [THE E&M]: 9건 (>14일/파싱실패)
2026-08-04 12:05:25,727 [INFO] __main__ — 뉴스 시점 제외 [남화산업]: 9건 (>14일/파싱실패)
2026-08-04 12:05:26,438 [INFO] __main__ — 뉴스 시점 제외 [대주산업]: 8건 (>14일/파싱실패)
2026-08-04 12:05:31,230 [INFO] __main__ — 뉴스 시점 제외 [알루코]: 5건 (>14일/파싱실패)
2026-08-04 12:05:33,952 [INFO] __main__ — 뉴스 시점 제외 [서부T&D]: 11건 (>14일/파싱실패)
2026-08-04 12:05:39,564 [INFO] __main__ — 뉴스 시점 제외 [엠에스오토텍]: 12건 (>14일/파싱실패)
2026-08-04 12:05:43,567 [INFO] __main__ — 뉴스 시점 제외 [송원산업]: 9건 (>14일/파싱실패)
2026-08-04 12:05:47,933 [INFO] __main__ — 뉴스 시점 제외 [성문전자]: 6건 (>14일/파싱실패)
2026-08-04 12:05:53,258 [INFO] __main__ — 뉴스 시점 제외 [YG PLUS]: 4건 (>14일/파싱실패)
2026-08-04 12:05:53,909 [INFO] __main__ — 뉴스 시점 제외 [비투엔]: 13건 (>14일/파싱실패)
2026-08-04 12:05:55,302 [INFO] __main__ — 뉴스 시점 제외 [SV인베스트먼트]: 3건 (>14일/파싱실패)
2026-08-04 12:05:57,005 [INFO] __main__ — 뉴스 시점 제외 [나우IB]: 6건 (>14일/파싱실패)
2026-08-04 12:06:02,875 [INFO] __main__ — 뉴스 시점 제외 [에이티넘인베스트]: 15건 (>14일/파싱실패)
2026-08-04 12:06:03,070 [INFO] __main__ — 뉴스 시점 제외 [태양금속]: 10건 (>14일/파싱실패)
2026-08-04 12:06:08,814 [INFO] __main__ — 뉴스 시점 제외 [하이드로리튬]: 12건 (>14일/파싱실패)
2026-08-04 12:06:15,326 [INFO] __main__ — 뉴스 시점 제외 [대영포장]: 12건 (>14일/파싱실패)
2026-08-04 12:06:18,556 [INFO] __main__ — 뉴스 시점 제외 [로보로보]: 9건 (>14일/파싱실패)
2026-08-04 12:06:27,032 [INFO] __main__ — 뉴스 시점 제외 [일신석재]: 9건 (>14일/파싱실패)
2026-08-04 12:06:27,921 [INFO] __main__ — 뉴스 시점 제외 [심텍홀딩스]: 8건 (>14일/파싱실패)
2026-08-04 12:06:31,529 [INFO] __main__ — 뉴스 시점 제외 [빅텍]: 7건 (>14일/파싱실패)
2026-08-04 12:06:38,903 [INFO] __main__ — 뉴스 시점 제외 [키스트론]: 10건 (>14일/파싱실패)
2026-08-04 12:06:40,146 [INFO] __main__ — 뉴스 시점 제외 [제이엠티]: 9건 (>14일/파싱실패)
2026-08-04 12:06:46,853 [INFO] __main__ — 뉴스 시점 제외 [에스티큐브]: 11건 (>14일/파싱실패)
2026-08-04 12:06:48,215 [INFO] __main__ — 뉴스 시점 제외 [이구산업]: 9건 (>14일/파싱실패)
2026-08-04 12:06:49,772 [INFO] __main__ — 뉴스 시점 제외 [에코플라스틱]: 6건 (>14일/파싱실패)
2026-08-04 12:06:49,874 [INFO] __main__ — 부정 키워드 감지: 29개 종목 (neg_ratio > 0)
2026-08-04 12:06:49,879 [INFO] __main__ — 수급일수충족·합계음수 제외: 89개
2026-08-04 12:07:00,635 [INFO] __main__ — 뉴스 시점 제외 [미래에셋증권2우B]: 3건 (>14일/파싱실패)
2026-08-04 12:07:02,849 [INFO] __main__ — 뉴스 시점 제외 [삼성전기우]: 4건 (>14일/파싱실패)
2026-08-04 12:07:04,771 [INFO] __main__ — 뉴스 시점 제외 [LG전자우]: 10건 (>14일/파싱실패)
2026-08-04 12:07:06,253 [INFO] __main__ — 뉴스 시점 제외 [쿠쿠홀딩스]: 9건 (>14일/파싱실패)
2026-08-04 12:07:08,406 [INFO] __main__ — 뉴스 시점 제외 [GS피앤엘]: 2건 (>14일/파싱실패)
2026-08-04 12:07:12,281 [INFO] __main__ — 뉴스 시점 제외 [맵스리얼티]: 15건 (>14일/파싱실패)
2026-08-04 12:07:13,549 [INFO] __main__ — 뉴스 시점 제외 [세아홀딩스]: 3건 (>14일/파싱실패)
2026-08-04 12:07:13,565 [INFO] __main__ — 뉴스 시점 제외 [삼성FN리츠]: 10건 (>14일/파싱실패)
2026-08-04 12:07:14,302 [INFO] __main__ — 뉴스 시점 제외 [F&F홀딩스]: 6건 (>14일/파싱실패)
2026-08-04 12:07:15,205 [INFO] __main__ — 뉴스 시점 제외 [아모레퍼시픽우]: 11건 (>14일/파싱실패)
2026-08-04 12:07:15,227 [INFO] __main__ — 뉴스 시점 제외 [CJ4우(전환)]: 15건 (>14일/파싱실패)
2026-08-04 12:07:18,425 [INFO] __main__ — 뉴스 시점 제외 [농심홀딩스]: 8건 (>14일/파싱실패)
2026-08-04 12:07:18,976 [INFO] __main__ — 뉴스 시점 제외 [신대양제지]: 15건 (>14일/파싱실패)
2026-08-04 12:07:19,189 [INFO] __main__ — 뉴스 시점 제외 [조광피혁]: 10건 (>14일/파싱실패)
2026-08-04 12:07:19,934 [INFO] __main__ — 뉴스 시점 제외 [KISCO홀딩스]: 2건 (>14일/파싱실패)
2026-08-04 12:07:19,945 [INFO] __main__ — 뉴스 시점 제외 [일진하이솔루스]: 13건 (>14일/파싱실패)
2026-08-04 12:07:21,928 [INFO] __main__ — 뉴스 시점 제외 [KPX홀딩스]: 13건 (>14일/파싱실패)
2026-08-04 12:07:22,442 [INFO] __main__ — 뉴스 시점 제외 [명신산업]: 12건 (>14일/파싱실패)
2026-08-04 12:07:23,418 [INFO] __main__ — 뉴스 시점 제외 [율촌화학]: 6건 (>14일/파싱실패)
2026-08-04 12:07:26,912 [INFO] __main__ — 뉴스 시점 제외 [두산2우B]: 12건 (>14일/파싱실패)
2026-08-04 12:07:27,318 [INFO] __main__ — 뉴스 시점 제외 [삼성물산우B]: 15건 (>14일/파싱실패)
2026-08-04 12:07:29,351 [INFO] __main__ — 뉴스 시점 제외 [삼영전자]: 11건 (>14일/파싱실패)
2026-08-04 12:07:31,162 [INFO] __main__ — 뉴스 시점 제외 [아이마켓코리아]: 8건 (>14일/파싱실패)
2026-08-04 12:07:33,582 [INFO] __main__ — 뉴스 시점 제외 [대원강업]: 8건 (>14일/파싱실패)
2026-08-04 12:07:34,130 [INFO] __main__ — 뉴스 시점 제외 [LG생활건강우]: 12건 (>14일/파싱실패)
2026-08-04 12:07:34,324 [INFO] __main__ — 뉴스 시점 제외 [노루홀딩스]: 8건 (>14일/파싱실패)
2026-08-04 12:07:34,905 [INFO] __main__ — 뉴스 시점 제외 [천일고속]: 14건 (>14일/파싱실패)
2026-08-04 12:07:36,391 [INFO] __main__ — 뉴스 시점 제외 [LG우]: 15건 (>14일/파싱실패)
2026-08-04 12:07:37,854 [INFO] __main__ — 뉴스 시점 제외 [화승엔터프라이즈]: 11건 (>14일/파싱실패)
2026-08-04 12:07:37,871 [INFO] __main__ — 뉴스 시점 제외 [진양홀딩스]: 10건 (>14일/파싱실패)
2026-08-04 12:07:38,826 [INFO] __main__ — 뉴스 시점 제외 [하이트진로홀딩스]: 13건 (>14일/파싱실패)
2026-08-04 12:07:40,074 [INFO] __main__ — 뉴스 시점 제외 [SK우]: 15건 (>14일/파싱실패)
2026-08-04 12:07:41,559 [INFO] __main__ — 뉴스 시점 제외 [미래에셋증권우]: 2건 (>14일/파싱실패)
2026-08-04 12:07:42,335 [INFO] __main__ — 뉴스 시점 제외 [조선내화]: 10건 (>14일/파싱실패)
2026-08-04 12:07:42,524 [INFO] __main__ — 뉴스 시점 제외 [CJ제일제당 우]: 15건 (>14일/파싱실패)
2026-08-04 12:07:43,289 [INFO] __main__ — 뉴스 시점 제외 [SYTS]: 6건 (>14일/파싱실패)
2026-08-04 12:07:44,039 [INFO] __main__ — 뉴스 시점 제외 [해태제과식품]: 12건 (>14일/파싱실패)
2026-08-04 12:07:45,134 [INFO] __main__ — 뉴스 시점 제외 [NH올원리츠]: 6건 (>14일/파싱실패)
2026-08-04 12:07:45,868 [INFO] __main__ — 뉴스 시점 제외 [아모레퍼시픽홀딩스3우C]: 14건 (>14일/파싱실패)
2026-08-04 12:07:46,614 [INFO] __main__ — 뉴스 시점 제외 [화승인더]: 12건 (>14일/파싱실패)
2026-08-04 12:07:46,656 [INFO] __main__ — 뉴스 시점 제외 [한진중공업홀딩스]: 13건 (>14일/파싱실패)
2026-08-04 12:07:47,369 [INFO] __main__ — 뉴스 시점 제외 [금호석유화학우]: 14건 (>14일/파싱실패)
2026-08-04 12:07:48,117 [INFO] __main__ — 뉴스 시점 제외 [HDC현대EP]: 9건 (>14일/파싱실패)
2026-08-04 12:07:49,603 [INFO] __main__ — 뉴스 시점 제외 [경인양행]: 1건 (>14일/파싱실패)
2026-08-04 12:07:49,620 [INFO] __main__ — 뉴스 시점 제외 [이지스레지던스리츠]: 11건 (>14일/파싱실패)
2026-08-04 12:07:50,343 [INFO] __main__ — 뉴스 시점 제외 [디씨엠]: 13건 (>14일/파싱실패)
2026-08-04 12:07:50,567 [INFO] __main__ — 뉴스 시점 제외 [일진다이아]: 11건 (>14일/파싱실패)
2026-08-04 12:07:51,081 [INFO] __main__ — 뉴스 시점 제외 [금강공업]: 5건 (>14일/파싱실패)
2026-08-04 12:07:51,495 [INFO] __main__ — 뉴스 시점 제외 [KCTC]: 8건 (>14일/파싱실패)
2026-08-04 12:07:52,211 [INFO] __main__ — 뉴스 시점 제외 [인천도시가스]: 10건 (>14일/파싱실패)
2026-08-04 12:07:52,239 [INFO] __main__ — 뉴스 시점 제외 [대성홀딩스]: 9건 (>14일/파싱실패)
2026-08-04 12:07:52,563 [INFO] __main__ — 뉴스 시점 제외 [현대코퍼레이션홀딩스]: 13건 (>14일/파싱실패)
2026-08-04 12:07:52,959 [INFO] __main__ — 뉴스 시점 제외 [한국무브넥스]: 14건 (>14일/파싱실패)
2026-08-04 12:07:53,696 [INFO] __main__ — 뉴스 시점 제외 [세원정공]: 12건 (>14일/파싱실패)
2026-08-04 12:07:54,045 [INFO] __main__ — 뉴스 시점 제외 [아시아나IDT]: 8건 (>14일/파싱실패)
2026-08-04 12:07:56,243 [INFO] __main__ — 뉴스 시점 제외 [세이브존I&C]: 12건 (>14일/파싱실패)
2026-08-04 12:07:57,160 [INFO] __main__ — 뉴스 시점 제외 [DKME]: 12건 (>14일/파싱실패)
2026-08-04 12:07:57,650 [INFO] __main__ — 뉴스 시점 제외 [까뮤이앤씨]: 7건 (>14일/파싱실패)
2026-08-04 12:07:57,651 [INFO] __main__ — 뉴스 시점 제외 [부국증권우]: 15건 (>14일/파싱실패)
2026-08-04 12:07:57,894 [INFO] __main__ — 뉴스 시점 제외 [DL이앤씨2우(전환)]: 15건 (>14일/파싱실패)
2026-08-04 12:07:58,402 [INFO] __main__ — 뉴스 시점 제외 [KTis]: 10건 (>14일/파싱실패)
2026-08-04 12:07:58,643 [INFO] __main__ — 뉴스 시점 제외 [아주스틸]: 6건 (>14일/파싱실패)
2026-08-04 12:07:59,133 [INFO] __main__ — 뉴스 시점 제외 [티와이홀딩스]: 12건 (>14일/파싱실패)
2026-08-04 12:07:59,329 [INFO] __main__ — 뉴스 시점 제외 [크라운해태홀딩스]: 8건 (>14일/파싱실패)
2026-08-04 12:07:59,378 [INFO] __main__ — 뉴스 시점 제외 [DSR제강]: 10건 (>14일/파싱실패)
2026-08-04 12:08:00,079 [INFO] __main__ — 뉴스 시점 제외 [한국수출포장]: 15건 (>14일/파싱실패)
2026-08-04 12:08:01,019 [INFO] __main__ — 뉴스 시점 제외 [한신기계]: 7건 (>14일/파싱실패)
2026-08-04 12:08:01,024 [INFO] __main__ — 뉴스 시점 제외 [동인기연]: 14건 (>14일/파싱실패)
2026-08-04 12:08:01,767 [INFO] __main__ — 뉴스 시점 제외 [사조오양]: 10건 (>14일/파싱실패)
2026-08-04 12:08:01,784 [INFO] __main__ — 뉴스 시점 제외 [지엠비코리아]: 11건 (>14일/파싱실패)
2026-08-04 12:08:01,787 [INFO] __main__ — 뉴스 시점 제외 [주성코퍼레이션]: 8건 (>14일/파싱실패)
2026-08-04 12:08:02,543 [INFO] __main__ — 뉴스 시점 제외 [성창기업지주]: 9건 (>14일/파싱실패)
2026-08-04 12:08:04,044 [INFO] __main__ — 뉴스 시점 제외 [삼정펄프]: 15건 (>14일/파싱실패)
2026-08-04 12:08:04,224 [INFO] __main__ — 뉴스 시점 제외 [동양고속]: 14건 (>14일/파싱실패)
2026-08-04 12:08:04,766 [INFO] __main__ — 뉴스 시점 제외 [동원모빌리티]: 3건 (>14일/파싱실패)
2026-08-04 12:08:06,447 [INFO] __main__ — 뉴스 시점 제외 [남양유업우]: 13건 (>14일/파싱실패)
2026-08-04 12:08:06,475 [INFO] __main__ — 뉴스 시점 제외 [써니전자]: 14건 (>14일/파싱실패)
2026-08-04 12:08:08,164 [INFO] __main__ — 뉴스 시점 제외 [디와이덕양]: 7건 (>14일/파싱실패)
2026-08-04 12:08:08,924 [INFO] __main__ — 뉴스 시점 제외 [금호에이치티]: 7건 (>14일/파싱실패)
2026-08-04 12:08:09,654 [INFO] __main__ — 뉴스 시점 제외 [기신정기]: 13건 (>14일/파싱실패)
2026-08-04 12:08:09,668 [INFO] __main__ — 뉴스 시점 제외 [롯데칠성우]: 14건 (>14일/파싱실패)
2026-08-04 12:08:09,685 [INFO] __main__ — 뉴스 시점 제외 [유안타증권우]: 15건 (>14일/파싱실패)
2026-08-04 12:08:10,606 [INFO] __main__ — 뉴스 시점 제외 [현대건설우]: 14건 (>14일/파싱실패)
2026-08-04 12:08:11,364 [INFO] __main__ — 뉴스 시점 제외 [BYC우]: 15건 (>14일/파싱실패)
2026-08-04 12:08:12,054 [INFO] __main__ — 뉴스 시점 제외 [인팩]: 13건 (>14일/파싱실패)
2026-08-04 12:08:12,997 [INFO] __main__ — 뉴스 시점 제외 [진양산업]: 8건 (>14일/파싱실패)
2026-08-04 12:08:13,006 [INFO] __main__ — 뉴스 시점 제외 [케이비아이동국실업]: 14건 (>14일/파싱실패)
2026-08-04 12:08:13,932 [INFO] __main__ — 뉴스 시점 제외 [SB성보]: 12건 (>14일/파싱실패)
2026-08-04 12:08:14,706 [INFO] __main__ — 뉴스 시점 제외 [문배철강]: 7건 (>14일/파싱실패)
2026-08-04 12:08:15,660 [INFO] __main__ — 뉴스 시점 제외 [DL우]: 15건 (>14일/파싱실패)
2026-08-04 12:08:16,390 [INFO] __main__ — 뉴스 시점 제외 [금비]: 12건 (>14일/파싱실패)
2026-08-04 12:08:16,421 [INFO] __main__ — 뉴스 시점 제외 [한창제지]: 11건 (>14일/파싱실패)
2026-08-04 12:08:17,164 [INFO] __main__ — 뉴스 시점 제외 [우진플라임]: 7건 (>14일/파싱실패)
2026-08-04 12:08:17,918 [INFO] __main__ — 뉴스 시점 제외 [경인전자]: 9건 (>14일/파싱실패)
2026-08-04 12:08:18,673 [INFO] __main__ — 뉴스 시점 제외 [세방우]: 15건 (>14일/파싱실패)
2026-08-04 12:08:18,681 [INFO] __main__ — 뉴스 시점 제외 [SG글로벌]: 14건 (>14일/파싱실패)
2026-08-04 12:08:51,388 [INFO] __main__ — 뉴스 시점 제외 [유니셈]: 11건 (>14일/파싱실패)
2026-08-04 12:08:53,042 [INFO] __main__ — 뉴스 시점 제외 [리파인]: 7건 (>14일/파싱실패)
2026-08-04 12:08:54,050 [INFO] __main__ — 뉴스 시점 제외 [아스테라시스]: 9건 (>14일/파싱실패)
2026-08-04 12:08:55,154 [INFO] __main__ — 뉴스 시점 제외 [덕양에너젠]: 8건 (>14일/파싱실패)
2026-08-04 12:08:56,086 [INFO] __main__ — 뉴스 시점 제외 [에스엔시스]: 4건 (>14일/파싱실패)
2026-08-04 12:08:56,102 [INFO] __main__ — 뉴스 시점 제외 [미래나노텍]: 3건 (>14일/파싱실패)
2026-08-04 12:08:56,105 [INFO] __main__ — 뉴스 시점 제외 [필에너지]: 4건 (>14일/파싱실패)
2026-08-04 12:08:57,514 [INFO] __main__ — 뉴스 시점 제외 [삼목에스폼]: 8건 (>14일/파싱실패)
2026-08-04 12:08:58,026 [INFO] __main__ — 뉴스 시점 제외 [해성산업]: 12건 (>14일/파싱실패)
2026-08-04 12:08:58,316 [INFO] __main__ — 뉴스 시점 제외 [에코아이]: 12건 (>14일/파싱실패)
2026-08-04 12:08:58,756 [INFO] __main__ — 뉴스 시점 제외 [아스플로]: 8건 (>14일/파싱실패)
2026-08-04 12:08:59,243 [INFO] __main__ — 뉴스 시점 제외 [엠로]: 3건 (>14일/파싱실패)
2026-08-04 12:09:00,166 [INFO] __main__ — 뉴스 시점 제외 [도우인시스]: 8건 (>14일/파싱실패)
2026-08-04 12:09:01,731 [INFO] __main__ — 뉴스 시점 제외 [베뉴지]: 14건 (>14일/파싱실패)
2026-08-04 12:09:07,815 [INFO] __main__ — 뉴스 시점 제외 [레드캡투어]: 11건 (>14일/파싱실패)
2026-08-04 12:09:10,585 [INFO] __main__ — 뉴스 시점 제외 [유성티엔에스]: 12건 (>14일/파싱실패)
2026-08-04 12:09:11,764 [INFO] __main__ — 뉴스 시점 제외 [유비쿼스홀딩스]: 12건 (>14일/파싱실패)
2026-08-04 12:09:13,223 [INFO] __main__ — 뉴스 시점 제외 [재영솔루텍]: 9건 (>14일/파싱실패)
2026-08-04 12:09:14,299 [INFO] __main__ — 뉴스 시점 제외 [삼보판지]: 15건 (>14일/파싱실패)
2026-08-04 12:09:15,458 [INFO] __main__ — 뉴스 시점 제외 [현대이지웰]: 7건 (>14일/파싱실패)
2026-08-04 12:09:19,838 [INFO] __main__ — 뉴스 시점 제외 [씨앤지하이테크]: 5건 (>14일/파싱실패)
2026-08-04 12:09:20,588 [INFO] __main__ — 뉴스 시점 제외 [윤성에프앤씨]: 10건 (>14일/파싱실패)
2026-08-04 12:09:21,651 [INFO] __main__ — 뉴스 시점 제외 [지씨지놈]: 6건 (>14일/파싱실패)
2026-08-04 12:09:22,890 [INFO] __main__ — 뉴스 시점 제외 [동방메디컬]: 11건 (>14일/파싱실패)
2026-08-04 12:09:23,574 [INFO] __main__ — 뉴스 시점 제외 [KT나스미디어]: 10건 (>14일/파싱실패)
2026-08-04 12:09:25,061 [INFO] __main__ — 뉴스 시점 제외 [유아이엘]: 13건 (>14일/파싱실패)
2026-08-04 12:09:27,323 [INFO] __main__ — 뉴스 시점 제외 [엠에스씨]: 13건 (>14일/파싱실패)
2026-08-04 12:09:28,075 [INFO] __main__ — 뉴스 시점 제외 [현대에버다임]: 5건 (>14일/파싱실패)
2026-08-04 12:09:28,328 [INFO] __main__ — 뉴스 시점 제외 [코칩]: 6건 (>14일/파싱실패)
2026-08-04 12:09:29,551 [INFO] __main__ — 뉴스 시점 제외 [세경하이테크]: 9건 (>14일/파싱실패)
2026-08-04 12:09:29,815 [INFO] __main__ — 뉴스 시점 제외 [NICE인프라]: 8건 (>14일/파싱실패)
2026-08-04 12:09:31,072 [INFO] __main__ — 뉴스 시점 제외 [루미르]: 2건 (>14일/파싱실패)
2026-08-04 12:09:31,086 [INFO] __main__ — 뉴스 시점 제외 [디에스케이]: 12건 (>14일/파싱실패)
2026-08-04 12:09:31,815 [INFO] __main__ — 뉴스 시점 제외 [바이젠셀]: 5건 (>14일/파싱실패)
2026-08-04 12:09:32,048 [INFO] __main__ — 뉴스 시점 제외 [제이아이테크]: 10건 (>14일/파싱실패)
2026-08-04 12:09:32,802 [INFO] __main__ — 뉴스 시점 제외 [레이언스]: 10건 (>14일/파싱실패)
2026-08-04 12:09:34,048 [INFO] __main__ — 뉴스 시점 제외 [대정화금]: 9건 (>14일/파싱실패)
2026-08-04 12:09:34,290 [INFO] __main__ — 뉴스 시점 제외 [세운메디칼]: 10건 (>14일/파싱실패)
2026-08-04 12:09:34,792 [INFO] __main__ — 뉴스 시점 제외 [케이엔더블유]: 14건 (>14일/파싱실패)
2026-08-04 12:09:34,835 [INFO] __main__ — 뉴스 시점 제외 [비아트론]: 11건 (>14일/파싱실패)
2026-08-04 12:09:37,048 [INFO] __main__ — 뉴스 시점 제외 [로체시스템즈]: 11건 (>14일/파싱실패)
2026-08-04 12:09:37,782 [INFO] __main__ — 뉴스 시점 제외 [스톰테크]: 11건 (>14일/파싱실패)
2026-08-04 12:09:39,271 [INFO] __main__ — 뉴스 시점 제외 [웨이비스]: 6건 (>14일/파싱실패)
2026-08-04 12:09:40,207 [INFO] __main__ — 뉴스 시점 제외 [아미노로직스]: 10건 (>14일/파싱실패)
2026-08-04 12:09:40,747 [INFO] __main__ — 뉴스 시점 제외 [와이제이링크]: 9건 (>14일/파싱실패)
2026-08-04 12:09:42,250 [INFO] __main__ — 뉴스 시점 제외 [서원인텍]: 12건 (>14일/파싱실패)
2026-08-04 12:09:43,733 [INFO] __main__ — 뉴스 시점 제외 [디와이피엔에프]: 11건 (>14일/파싱실패)
2026-08-04 12:09:43,928 [INFO] __main__ — 뉴스 시점 제외 [에이치피오]: 11건 (>14일/파싱실패)
2026-08-04 12:09:44,856 [INFO] __main__ — 뉴스 시점 제외 [동신건설]: 6건 (>14일/파싱실패)
2026-08-04 12:09:45,654 [INFO] __main__ — 뉴스 시점 제외 [지니너스]: 9건 (>14일/파싱실패)
2026-08-04 12:09:46,111 [INFO] __main__ — 뉴스 시점 제외 [일지테크]: 7건 (>14일/파싱실패)
2026-08-04 12:09:46,395 [INFO] __main__ — 뉴스 시점 제외 [중앙백신]: 6건 (>14일/파싱실패)
2026-08-04 12:09:47,138 [INFO] __main__ — 뉴스 시점 제외 [창해에탄올]: 10건 (>14일/파싱실패)
2026-08-04 12:09:47,753 [INFO] __main__ — 뉴스 시점 제외 [대림제지]: 9건 (>14일/파싱실패)
2026-08-04 12:09:48,702 [INFO] __main__ — 뉴스 시점 제외 [동국S&C]: 9건 (>14일/파싱실패)
2026-08-04 12:09:49,446 [INFO] __main__ — 뉴스 시점 제외 [쎄니트]: 13건 (>14일/파싱실패)
2026-08-04 12:09:50,926 [INFO] __main__ — 뉴스 시점 제외 [선바이오]: 10건 (>14일/파싱실패)
2026-08-04 12:09:51,330 [INFO] __main__ — 뉴스 시점 제외 [지에프아이]: 6건 (>14일/파싱실패)
2026-08-04 12:09:52,087 [INFO] __main__ — 뉴스 시점 제외 [삼아제약]: 10건 (>14일/파싱실패)
2026-08-04 12:09:52,094 [INFO] __main__ — 뉴스 시점 제외 [이상네트웍스]: 15건 (>14일/파싱실패)
2026-08-04 12:09:52,413 [INFO] __main__ — 뉴스 시점 제외 [동국생명과학]: 12건 (>14일/파싱실패)
2026-08-04 12:09:52,841 [INFO] __main__ — 뉴스 시점 제외 [테라뷰]: 13건 (>14일/파싱실패)
2026-08-04 12:09:53,594 [INFO] __main__ — 뉴스 시점 제외 [로스웰]: 12건 (>14일/파싱실패)
2026-08-04 12:09:54,839 [INFO] __main__ — 뉴스 시점 제외 [제이스로보틱스]: 10건 (>14일/파싱실패)
2026-08-04 12:09:55,574 [INFO] __main__ — 뉴스 시점 제외 [초록뱀미디어]: 7건 (>14일/파싱실패)
2026-08-04 12:09:56,169 [INFO] __main__ — 뉴스 시점 제외 [새빗켐]: 8건 (>14일/파싱실패)
2026-08-04 12:09:56,942 [INFO] __main__ — 뉴스 시점 제외 [현대공업]: 3건 (>14일/파싱실패)
2026-08-04 12:09:57,868 [INFO] __main__ — 뉴스 시점 제외 [엔브이에이치코리아]: 11건 (>14일/파싱실패)
2026-08-04 12:09:58,385 [INFO] __main__ — 뉴스 시점 제외 [엠엑스온]: 11건 (>14일/파싱실패)
2026-08-04 12:09:58,611 [INFO] __main__ — 뉴스 시점 제외 [시공테크]: 8건 (>14일/파싱실패)
2026-08-04 12:09:58,621 [INFO] __main__ — 뉴스 시점 제외 [라이온켐텍]: 8건 (>14일/파싱실패)
2026-08-04 12:09:59,356 [INFO] __main__ — 뉴스 시점 제외 [양지사]: 14건 (>14일/파싱실패)
2026-08-04 12:10:03,412 [INFO] __main__ — 뉴스 시점 제외 [이엠텍]: 7건 (>14일/파싱실패)
2026-08-04 12:10:04,140 [INFO] __main__ — 뉴스 시점 제외 [한일단조]: 11건 (>14일/파싱실패)
2026-08-04 12:10:04,169 [INFO] __main__ — 뉴스 시점 제외 [옵티팜]: 8건 (>14일/파싱실패)
2026-08-04 12:10:04,869 [INFO] __main__ — 뉴스 시점 제외 [팬젠]: 6건 (>14일/파싱실패)
2026-08-04 12:10:04,922 [INFO] __main__ — 뉴스 시점 제외 [동일금속]: 11건 (>14일/파싱실패)
2026-08-04 12:10:04,927 [INFO] __main__ — 뉴스 시점 제외 [피제이메탈]: 13건 (>14일/파싱실패)
2026-08-04 12:10:05,610 [INFO] __main__ — 뉴스 시점 제외 [APS이노베이션]: 9건 (>14일/파싱실패)
2026-08-04 12:10:05,670 [INFO] __main__ — 뉴스 시점 제외 [네오리진]: 3건 (>14일/파싱실패)
2026-08-04 12:10:06,365 [INFO] __main__ — 뉴스 시점 제외 [유라테크]: 13건 (>14일/파싱실패)
2026-08-04 12:10:07,438 [INFO] __main__ — 뉴스 시점 제외 [앤디포스]: 10건 (>14일/파싱실패)
2026-08-04 12:10:07,860 [INFO] __main__ — 뉴스 시점 제외 [잉크테크]: 7건 (>14일/파싱실패)
2026-08-04 12:10:08,183 [INFO] __main__ — 뉴스 시점 제외 [특수건설]: 8건 (>14일/파싱실패)
2026-08-04 12:10:08,818 [INFO] __main__ — 뉴스 시점 제외 [지구홀딩스]: 10건 (>14일/파싱실패)
2026-08-04 12:10:10,042 [INFO] __main__ — 뉴스 시점 제외 [센코]: 6건 (>14일/파싱실패)
2026-08-04 12:10:10,813 [INFO] __main__ — 뉴스 시점 제외 [케이엘넷]: 10건 (>14일/파싱실패)
2026-08-04 12:10:11,988 [INFO] __main__ — 뉴스 시점 제외 [티플랙스]: 8건 (>14일/파싱실패)
2026-08-04 12:10:12,260 [INFO] __main__ — 뉴스 시점 제외 [푸드웰]: 14건 (>14일/파싱실패)
2026-08-04 12:10:12,725 [INFO] __main__ — 뉴스 시점 제외 [페스카로]: 9건 (>14일/파싱실패)
2026-08-04 12:10:13,007 [INFO] __main__ — 뉴스 시점 제외 [제이엔케이글로벌]: 8건 (>14일/파싱실패)
2026-08-04 12:10:13,467 [INFO] __main__ — 뉴스 시점 제외 [웨이브일렉트로]: 6건 (>14일/파싱실패)
2026-08-04 12:10:14,517 [INFO] __main__ — 뉴스 시점 제외 [탑코미디어]: 12건 (>14일/파싱실패)
2026-08-04 12:10:15,909 [INFO] __main__ — 뉴스 시점 제외 [스마트레이더시스템]: 10건 (>14일/파싱실패)
2026-08-04 12:10:16,646 [INFO] __main__ — 뉴스 시점 제외 [트루엔]: 7건 (>14일/파싱실패)
2026-08-04 12:10:17,376 [INFO] __main__ — 뉴스 시점 제외 [셀바이오휴먼텍]: 13건 (>14일/파싱실패)
2026-08-04 12:10:18,609 [INFO] __main__ — 뉴스 시점 제외 [오리콤]: 10건 (>14일/파싱실패)
2026-08-04 12:10:19,389 [INFO] __main__ — 뉴스 시점 제외 [디와이디]: 8건 (>14일/파싱실패)
2026-08-04 12:10:20,088 [INFO] __main__ — 뉴스 시점 제외 [에스엠씨지]: 11건 (>14일/파싱실패)
2026-08-04 12:10:20,129 [INFO] __main__ — 뉴스 시점 제외 [토탈소프트]: 12건 (>14일/파싱실패)
2026-08-04 12:10:20,825 [INFO] __main__ — 뉴스 시점 제외 [동우팜투테이블]: 3건 (>14일/파싱실패)
2026-08-04 12:10:21,077 [INFO] __main__ — 뉴스 시점 제외 [제이투케이바이오]: 10건 (>14일/파싱실패)
2026-08-04 12:10:22,315 [INFO] __main__ — 뉴스 시점 제외 [덕우전자]: 10건 (>14일/파싱실패)
2026-08-04 12:10:23,049 [INFO] __main__ — 뉴스 시점 제외 [제이씨현시스템]: 10건 (>14일/파싱실패)
2026-08-04 12:10:23,305 [INFO] __main__ — 뉴스 시점 제외 [삼양케이씨아이]: 13건 (>14일/파싱실패)
2026-08-04 12:10:24,579 [INFO] __main__ — 뉴스 시점 제외 [화성밸브]: 10건 (>14일/파싱실패)
2026-08-04 12:10:24,778 [INFO] __main__ — 뉴스 시점 제외 [엠투엔]: 12건 (>14일/파싱실패)
2026-08-04 12:10:25,315 [INFO] __main__ — 뉴스 시점 제외 [에르코스]: 10건 (>14일/파싱실패)
2026-08-04 12:10:26,083 [INFO] __main__ — 뉴스 시점 제외 [테고사이언스]: 9건 (>14일/파싱실패)
2026-08-04 12:10:26,136 [INFO] __main__ — 뉴스 시점 제외 [이닉스]: 6건 (>14일/파싱실패)
2026-08-04 12:10:26,827 [INFO] __main__ — 뉴스 시점 제외 [경남스틸]: 5건 (>14일/파싱실패)
2026-08-04 12:10:27,012 [INFO] __main__ — 뉴스 시점 제외 [SM Life Design]: 13건 (>14일/파싱실패)
2026-08-04 12:10:27,614 [INFO] __main__ — 뉴스 시점 제외 [세코닉스]: 6건 (>14일/파싱실패)
2026-08-04 12:10:27,756 [INFO] __main__ — 뉴스 시점 제외 [홈캐스트]: 10건 (>14일/파싱실패)
2026-08-04 12:10:28,359 [INFO] __main__ — 뉴스 시점 제외 [아셈스]: 12건 (>14일/파싱실패)
2026-08-04 12:10:28,494 [INFO] __main__ — 뉴스 시점 제외 [경창산업]: 12건 (>14일/파싱실패)
2026-08-04 12:10:29,045 [INFO] __main__ — 뉴스 시점 제외 [씨티케이]: 12건 (>14일/파싱실패)
2026-08-04 12:10:29,107 [INFO] __main__ — 뉴스 시점 제외 [삼진식품]: 14건 (>14일/파싱실패)
2026-08-04 12:10:29,786 [INFO] __main__ — 뉴스 시점 제외 [네오이뮨텍]: 11건 (>14일/파싱실패)
2026-08-04 12:10:30,047 [INFO] __main__ — 뉴스 시점 제외 [오상자이엘]: 5건 (>14일/파싱실패)
2026-08-04 12:10:30,052 [INFO] __main__ — 뉴스 시점 제외 [캐프]: 13건 (>14일/파싱실패)
2026-08-04 12:10:30,530 [INFO] __main__ — 뉴스 시점 제외 [모티브링크]: 12건 (>14일/파싱실패)
2026-08-04 12:10:32,007 [INFO] __main__ — 뉴스 시점 제외 [YW]: 15건 (>14일/파싱실패)
2026-08-04 12:10:32,497 [INFO] __main__ — 뉴스 시점 제외 [제일테크노스]: 11건 (>14일/파싱실패)
2026-08-04 12:10:33,257 [INFO] __main__ — 뉴스 시점 제외 [프로이천]: 11건 (>14일/파싱실패)
2026-08-04 12:10:34,236 [INFO] __main__ — 뉴스 시점 제외 [HC홈센타]: 11건 (>14일/파싱실패)
2026-08-04 12:10:34,726 [INFO] __main__ — 뉴스 시점 제외 [윈팩]: 9건 (>14일/파싱실패)
2026-08-04 12:10:35,471 [INFO] __main__ — 뉴스 시점 제외 [HB인베스트먼트]: 9건 (>14일/파싱실패)
2026-08-04 12:10:36,467 [INFO] __main__ — 뉴스 시점 제외 [엔투텍]: 9건 (>14일/파싱실패)
2026-08-04 12:10:37,689 [INFO] __main__ — 뉴스 시점 제외 [디케이앤디]: 14건 (>14일/파싱실패)
2026-08-04 12:10:38,697 [INFO] __main__ — 뉴스 시점 제외 [오비고]: 12건 (>14일/파싱실패)
2026-08-04 12:10:39,176 [INFO] __main__ — 뉴스 시점 제외 [진바이오텍]: 12건 (>14일/파싱실패)
2026-08-04 12:10:39,437 [INFO] __main__ — 뉴스 시점 제외 [NHN벅스]: 9건 (>14일/파싱실패)
2026-08-04 12:10:40,177 [INFO] __main__ — 뉴스 시점 제외 [코아시아씨엠]: 11건 (>14일/파싱실패)
2026-08-04 12:10:40,924 [INFO] __main__ — 뉴스 시점 제외 [링크제니시스]: 6건 (>14일/파싱실패)
2026-08-04 12:10:43,621 [INFO] __main__ — 뉴스 시점 제외 [디에이피]: 10건 (>14일/파싱실패)
2026-08-04 12:10:43,944 [INFO] __main__ — 뉴스 시점 제외 [대보마그네틱]: 7건 (>14일/파싱실패)
2026-08-04 12:10:44,455 [INFO] __main__ — 뉴스 시점 제외 [포스뱅크]: 13건 (>14일/파싱실패)
2026-08-04 12:10:44,730 [INFO] __main__ — 뉴스 시점 제외 [원바이오젠]: 11건 (>14일/파싱실패)
2026-08-04 12:10:45,379 [INFO] __main__ — 뉴스 시점 제외 [효성오앤비]: 14건 (>14일/파싱실패)
2026-08-04 12:10:45,472 [INFO] __main__ — 뉴스 시점 제외 [쓰리에이로직스]: 10건 (>14일/파싱실패)
2026-08-04 12:10:46,037 [INFO] __main__ — 뉴스 시점 제외 [아세아텍]: 11건 (>14일/파싱실패)
2026-08-04 12:10:46,400 [INFO] __main__ — 뉴스 시점 제외 [크리스탈신소재]: 9건 (>14일/파싱실패)
2026-08-04 12:10:46,791 [INFO] __main__ — 뉴스 시점 제외 [백금T&A]: 6건 (>14일/파싱실패)
2026-08-04 12:10:46,860 [INFO] __main__ — 뉴스 시점 제외 [이엠넷]: 11건 (>14일/파싱실패)
2026-08-04 12:10:47,142 [INFO] __main__ — 뉴스 시점 제외 [보라티알]: 14건 (>14일/파싱실패)
2026-08-04 12:10:49,382 [INFO] __main__ — 뉴스 시점 제외 [씨큐브]: 10건 (>14일/파싱실패)
2026-08-04 12:10:49,770 [INFO] __main__ — 뉴스 시점 제외 [씨앤투스]: 11건 (>14일/파싱실패)
2026-08-04 12:10:49,832 [INFO] __main__ — 뉴스 시점 제외 [한네트]: 14건 (>14일/파싱실패)
2026-08-04 12:10:50,581 [INFO] __main__ — 뉴스 시점 제외 [모헨즈]: 13건 (>14일/파싱실패)
2026-08-04 12:10:51,243 [INFO] __main__ — 뉴스 시점 제외 [화인써키트]: 10건 (>14일/파싱실패)
2026-08-04 12:10:52,341 [INFO] __main__ — 뉴스 시점 제외 [에이아이코리아]: 9건 (>14일/파싱실패)
2026-08-04 12:10:52,989 [INFO] __main__ — 뉴스 시점 제외 [한국큐빅]: 12건 (>14일/파싱실패)
2026-08-04 12:10:53,823 [INFO] __main__ — 뉴스 시점 제외 [미트박스]: 10건 (>14일/파싱실패)
2026-08-04 12:10:54,238 [INFO] __main__ — 뉴스 시점 제외 [스튜디오미르]: 6건 (>14일/파싱실패)
2026-08-04 12:10:54,467 [INFO] __main__ — 뉴스 시점 제외 [티케이지애강]: 6건 (>14일/파싱실패)
2026-08-04 12:10:54,564 [INFO] __main__ — 뉴스 시점 제외 [멤레이비티]: 15건 (>14일/파싱실패)
2026-08-04 12:10:56,649 [INFO] __main__ — 뉴스 시점 제외 [에코캡]: 12건 (>14일/파싱실패)
2026-08-04 12:10:57,615 [INFO] __main__ — 뉴스 시점 제외 [메가엠디]: 15건 (>14일/파싱실패)
2026-08-04 12:10:58,551 [INFO] __main__ — 뉴스 시점 제외 [에스코넥]: 5건 (>14일/파싱실패)
2026-08-04 12:10:58,556 [INFO] __main__ — 뉴스 시점 제외 [아이퀘스트]: 10건 (>14일/파싱실패)
2026-08-04 12:10:59,061 [INFO] __main__ — 뉴스 시점 제외 [인스피언]: 8건 (>14일/파싱실패)
2026-08-04 12:10:59,490 [INFO] __main__ — 뉴스 시점 제외 [캡스톤파트너스]: 10건 (>14일/파싱실패)
2026-08-04 12:10:59,806 [INFO] __main__ — 뉴스 시점 제외 [와토스코리아]: 11건 (>14일/파싱실패)
2026-08-04 12:11:00,347 [INFO] __main__ — POOL_A 후보 부정뉴스 2차 조회: 955개
2026-08-04 12:11:00,352 [INFO] __main__ — POOL_A: 1235개 (A:1207 B:9 동시:19) | 부정게이트 제외:28
  대형:59 중형:204 소형:972
2026-08-04 12:11:00,360 [INFO] __main__ —   → POOL_A: 1235개
2026-08-04 12:11:00,360 [INFO] __main__ — ▶ Step 2: 하드 필터링
2026-08-04 12:11:00,362 [INFO] __main__ — 하드 필터 제거: 1222개 | 과열배제 86 | 이격도상한 13 | 이격도하한 66 | MA추세 1004 | RSI과열 2 | 거래대금 51
2026-08-04 12:11:00,364 [INFO] __main__ — 과열 gated 기록: 86개 → gated_tickers
2026-08-04 12:11:00,364 [INFO] __main__ — POOL_B: 13개 | 대형:0 중형:8 소형:5
2026-08-04 12:11:00,364 [INFO] __main__ —   → POOL_B: 13개
2026-08-04 12:11:00,364 [INFO] __main__ — ▶ Step 3: 스코어링 (FinBERT 감성 분석)
2026-08-04 12:11:00,364 [INFO] __main__ — NaverClient: 3개 키 로드 (DataLab·검색 독립 회전)
2026-08-04 12:11:00,364 [INFO] __main__ — 텍스트 신규 수집: 13종목 (캐시 적중 0종목)
2026-08-04 12:11:06,396 [INFO] __main__ — 뉴스 시점 제외 [삼성전기우]: 19건 (>14일/파싱실패)
2026-08-04 12:11:06,411 [INFO] __main__ — 뉴스 시점 제외 [송원산업]: 24건 (>14일/파싱실패)
2026-08-04 12:11:16,480 [INFO] __main__ — 뉴스 시점 제외 [아리바이오홀딩스]: 19건 (>14일/파싱실패)
2026-08-04 12:11:17,172 [INFO] __main__ — 뉴스 시점 제외 [화신정공]: 25건 (>14일/파싱실패)
2026-08-04 12:11:21,149 [INFO] __main__ — 수집 완료: 뉴스 93건 | 공시 28건
2026-08-04 12:11:21,149 [INFO] __main__ — FinBERT 감성 분석 (finbert 모드)...
2026-08-04 12:11:21,149 [INFO] __main__ — FinBERT 로딩: snunlp/KR-FinBert-SC (CPU, batch=8)
2026-08-04 12:11:21,233 [INFO] httpx — HTTP Request: GET https://huggingface.co/api/agent-harnesses "HTTP/1.1 200 OK"
2026-08-04 12:11:21,256 [INFO] httpx — HTTP Request: HEAD https://huggingface.co/snunlp/KR-FinBert-SC/resolve/main/config.json "HTTP/1.1 307 Temporary Redirect"
2026-08-04 12:11:21,256 [WARNING] huggingface_hub.utils._http — Warning: You are sending unauthenticated requests to the HF Hub. Please set a HF_TOKEN to enable higher rate limits and faster downloads.
2026-08-04 12:11:21,267 [INFO] httpx — HTTP Request: HEAD https://huggingface.co/api/resolve-cache/models/snunlp/KR-FinBert-SC/f8586286cc3161fb648e9fee09a456069fd846d0/config.json "HTTP/1.1 200 OK"
2026-08-04 12:11:21,310 [INFO] httpx — HTTP Request: HEAD https://huggingface.co/snunlp/KR-FinBert-SC/resolve/main/model.safetensors "HTTP/1.1 404 Not Found"
2026-08-04 12:11:21,344 [INFO] httpx — HTTP Request: GET https://huggingface.co/api/models/snunlp/KR-FinBert-SC "HTTP/1.1 200 OK"
2026-08-04 12:11:21,394 [INFO] httpx — HTTP Request: GET https://huggingface.co/api/models/snunlp/KR-FinBert-SC/commits/main "HTTP/1.1 200 OK"
2026-08-04 12:11:21,475 [INFO] httpx — HTTP Request: GET https://huggingface.co/api/models/snunlp/KR-FinBert-SC/tree/main/additional_chat_templates?recursive=false&expand=false "HTTP/1.1 404 Not Found"
2026-08-04 12:11:21,506 [INFO] httpx — HTTP Request: GET https://huggingface.co/api/models/snunlp/KR-FinBert-SC/tree/main?recursive=true&expand=false "HTTP/1.1 200 OK"
2026-08-04 12:11:21,560 [INFO] httpx — HTTP Request: HEAD https://huggingface.co/snunlp/KR-FinBert-SC/resolve/main/processor_config.json "HTTP/1.1 404 Not Found"
2026-08-04 12:11:21,624 [INFO] httpx — HTTP Request: GET https://huggingface.co/api/models/snunlp/KR-FinBert-SC/discussions?p=0 "HTTP/1.1 200 OK"
2026-08-04 12:11:21,659 [INFO] httpx — HTTP Request: GET https://huggingface.co/api/models/snunlp/KR-FinBert-SC/commits/refs%2Fpr%2F3 "HTTP/1.1 200 OK"
2026-08-04 12:11:21,686 [INFO] httpx — HTTP Request: HEAD https://huggingface.co/snunlp/KR-FinBert-SC/resolve/main/video_preprocessor_config.json "HTTP/1.1 404 Not Found"
2026-08-04 12:11:21,695 [INFO] httpx — HTTP Request: HEAD https://huggingface.co/snunlp/KR-FinBert-SC/resolve/refs%2Fpr%2F3/model.safetensors.index.json "HTTP/1.1 404 Not Found"
2026-08-04 12:11:21,710 [INFO] httpx — HTTP Request: HEAD https://huggingface.co/snunlp/KR-FinBert-SC/resolve/main/preprocessor_config.json "HTTP/1.1 404 Not Found"
2026-08-04 12:11:21,711 [INFO] __main__ — FinBERT 로드 완료 (CPU)
2026-08-04 12:11:21,716 [INFO] httpx — HTTP Request: HEAD https://huggingface.co/snunlp/KR-FinBert-SC/resolve/refs%2Fpr%2F3/model.safetensors "HTTP/1.1 302 Found"
2026-08-04 12:11:28,834 [INFO] __main__ — Phase A.1: 매핑 신뢰도 < 0.5 → 감성 점수 폐기 8건
2026-08-04 12:11:28,835 [INFO] __main__ — 스코어링: 13개 | 집중:0 | FinBERT:finbert
2026-08-04 12:11:28,851 [INFO] __main__ —   → 13개
2026-08-04 12:11:28,851 [INFO] __main__ — ▶ Step 4: 발송
2026-08-04 12:11:31,910 [WARNING] __main__ — 텔레그램 발송 실패 그룹 → mark_sent skip 2개 (다음 실행 시 재발송 대상)
2026-08-04 12:11:31,911 [INFO] __main__ — DB 기록: 0개 / 전체 to_send 2개
2026-08-04 12:11:31,911 [INFO] __main__ — 발송: 집중 0 / 주시 0
2026-08-04 12:11:31,911 [INFO] __main__ — 완료  |  소요: 1473.2초
