2026-07-26 23:38:10,729 [INFO] __main__ — config 검증 완료 ✓
2026-07-26 23:38:10,729 [INFO] __main__ — ============================================================
2026-07-26 23:38:10,729 [INFO] __main__ — AlphaRadar v3.3.1  |  기준일: 20260726
2026-07-26 23:38:10,729 [INFO] __main__ — S = T×0.3 + S_text×0.4 + D×0.3
2026-07-26 23:38:10,729 [INFO] __main__ — ============================================================
2026-07-26 23:38:10,729 [INFO] __main__ — ▶ Step 0: 유니버스 필터링
2026-07-26 23:38:10,882 [INFO] __main__ — 날짜 조정: 20260726 → 20260724
2026-07-26 23:38:10,882 [INFO] __main__ — FDR 데이터 수집: 20260118 ~ 20260724
2026-07-26 23:38:12,370 [INFO] __main__ — KOSPI: 943개 | 섹터정보 833개 (DART +833개 보완)
2026-07-26 23:38:12,370 [INFO] __main__ — KOSDAQ: 1821개 | 섹터정보 1821개
2026-07-26 23:38:12,370 [INFO] __main__ — 전체: 2764개
2026-07-26 23:38:14,250 [INFO] __main__ — KIS 토큰 발급 완료
2026-07-26 23:52:05,226 [INFO] __main__ — DART corp_code 매핑: 2155/2208개 (97%)
2026-07-26 23:52:05,226 [INFO] __main__ — 유효 유니버스: 2208개
2026-07-26 23:52:05,237 [INFO] __main__ —   → 2208개
2026-07-26 23:52:05,237 [INFO] __main__ — ▶ Step 1: 신호 탐지
2026-07-26 23:52:05,237 [INFO] __main__ — NaverClient: 3개 키 로드 (DataLab·검색 독립 회전)
2026-07-26 23:52:05,237 [INFO] __main__ — 관심 지수 및 부정 뉴스 비율 조회 중...
2026-07-26 23:52:41,000 [INFO] __main__ — 뉴스 시점 제외 [드림시큐리티]: 4건 (>14일/파싱실패)
2026-07-26 23:52:45,356 [INFO] __main__ — 뉴스 시점 제외 [삼기에너지솔루션즈]: 9건 (>14일/파싱실패)
2026-07-26 23:52:46,372 [INFO] __main__ — 뉴스 시점 제외 [남선알미늄]: 7건 (>14일/파싱실패)
2026-07-26 23:52:46,411 [INFO] __main__ — 뉴스 시점 제외 [에코플라스틱]: 2건 (>14일/파싱실패)
2026-07-26 23:52:47,421 [INFO] __main__ — 뉴스 시점 제외 [GRT]: 7건 (>14일/파싱실패)
2026-07-26 23:52:49,421 [INFO] __main__ — 뉴스 시점 제외 [KX하이텍]: 10건 (>14일/파싱실패)
2026-07-26 23:52:52,495 [INFO] __main__ — 뉴스 시점 제외 [맥쿼리인프라]: 12건 (>14일/파싱실패)
2026-07-26 23:52:54,523 [INFO] __main__ — 뉴스 시점 제외 [에이팩트]: 6건 (>14일/파싱실패)
2026-07-26 23:52:55,562 [INFO] __main__ — 뉴스 시점 제외 [한성크린텍]: 11건 (>14일/파싱실패)
2026-07-26 23:52:57,609 [INFO] __main__ — 뉴스 시점 제외 [삼영엠텍]: 6건 (>14일/파싱실패)
2026-07-26 23:53:02,692 [INFO] __main__ — 뉴스 시점 제외 [솔디펜스]: 10건 (>14일/파싱실패)
2026-07-26 23:53:03,700 [INFO] __main__ — 뉴스 시점 제외 [저스템]: 7건 (>14일/파싱실패)
2026-07-26 23:53:04,659 [INFO] __main__ — 뉴스 시점 제외 [아남전자]: 8건 (>14일/파싱실패)
2026-07-26 23:53:06,567 [INFO] __main__ — 뉴스 시점 제외 [한국팩키지]: 2건 (>14일/파싱실패)
2026-07-26 23:53:06,975 [INFO] __main__ — 뉴스 시점 제외 [태양금속]: 13건 (>14일/파싱실패)
2026-07-26 23:53:11,188 [INFO] __main__ — 뉴스 시점 제외 [KBI동양철관]: 8건 (>14일/파싱실패)
2026-07-26 23:53:11,218 [INFO] __main__ — 뉴스 시점 제외 [하이드로리튬]: 14건 (>14일/파싱실패)
2026-07-26 23:53:16,744 [INFO] __main__ — 뉴스 시점 제외 [이수화학]: 9건 (>14일/파싱실패)
2026-07-26 23:53:20,024 [INFO] __main__ — 뉴스 시점 제외 [대영포장]: 15건 (>14일/파싱실패)
2026-07-26 23:53:21,076 [INFO] __main__ — 뉴스 시점 제외 [선도전기]: 9건 (>14일/파싱실패)
2026-07-26 23:53:22,258 [INFO] __main__ — 뉴스 시점 제외 [HB테크놀러지]: 10건 (>14일/파싱실패)
2026-07-26 23:53:23,449 [INFO] __main__ — 뉴스 시점 제외 [에스에이엠티]: 8건 (>14일/파싱실패)
2026-07-26 23:53:27,740 [INFO] __main__ — 뉴스 시점 제외 [LS머트리얼즈]: 9건 (>14일/파싱실패)
2026-07-26 23:53:28,921 [INFO] __main__ — 뉴스 시점 제외 [시선AI]: 8건 (>14일/파싱실패)
2026-07-26 23:53:29,969 [INFO] __main__ — 뉴스 시점 제외 [글로벌텍스프리]: 8건 (>14일/파싱실패)
2026-07-26 23:53:38,219 [INFO] __main__ — 뉴스 시점 제외 [엘브이엠씨홀딩스]: 14건 (>14일/파싱실패)
2026-07-26 23:53:39,049 [INFO] __main__ — 뉴스 시점 제외 [세미티에스]: 13건 (>14일/파싱실패)
2026-07-26 23:53:40,285 [INFO] __main__ — 뉴스 시점 제외 [성문전자]: 11건 (>14일/파싱실패)
2026-07-26 23:53:45,122 [INFO] __main__ — 뉴스 시점 제외 [중앙첨단소재]: 12건 (>14일/파싱실패)
2026-07-26 23:53:45,343 [INFO] __main__ — 뉴스 시점 제외 [아미코젠]: 7건 (>14일/파싱실패)
2026-07-26 23:53:49,390 [INFO] __main__ — 뉴스 시점 제외 [KB스타리츠]: 6건 (>14일/파싱실패)
2026-07-26 23:53:49,468 [INFO] __main__ — 뉴스 시점 제외 [빅텍]: 1건 (>14일/파싱실패)
2026-07-26 23:53:50,390 [INFO] __main__ — 뉴스 시점 제외 [티씨머티리얼즈]: 13건 (>14일/파싱실패)
2026-07-26 23:53:52,227 [INFO] __main__ — 뉴스 시점 제외 [청담글로벌]: 6건 (>14일/파싱실패)
2026-07-26 23:53:53,424 [INFO] __main__ — 뉴스 시점 제외 [삼호개발]: 7건 (>14일/파싱실패)
2026-07-26 23:53:54,250 [INFO] __main__ — 뉴스 시점 제외 [멤레이비티]: 7건 (>14일/파싱실패)
2026-07-26 23:53:54,520 [INFO] __main__ — 뉴스 시점 제외 [엑스큐어]: 10건 (>14일/파싱실패)
2026-07-26 23:53:56,549 [INFO] __main__ — 뉴스 시점 제외 [신화프리텍]: 11건 (>14일/파싱실패)
2026-07-26 23:54:02,362 [INFO] __main__ — 뉴스 시점 제외 [우리기술투자]: 11건 (>14일/파싱실패)
2026-07-26 23:54:02,534 [INFO] __main__ — 뉴스 시점 제외 [대아티아이]: 13건 (>14일/파싱실패)
2026-07-26 23:54:02,647 [INFO] __main__ — 뉴스 시점 제외 [동양파일]: 6건 (>14일/파싱실패)
2026-07-26 23:54:03,368 [INFO] __main__ — 뉴스 시점 제외 [한일철강]: 10건 (>14일/파싱실패)
2026-07-26 23:54:05,900 [INFO] __main__ — 뉴스 시점 제외 [일신석재]: 12건 (>14일/파싱실패)
2026-07-26 23:54:05,902 [INFO] __main__ — 뉴스 시점 제외 [계양전기]: 6건 (>14일/파싱실패)
2026-07-26 23:54:13,058 [INFO] __main__ — 뉴스 시점 제외 [HB솔루션]: 9건 (>14일/파싱실패)
2026-07-26 23:54:13,450 [INFO] __main__ — 뉴스 시점 제외 [키스트론]: 12건 (>14일/파싱실패)
2026-07-26 23:54:14,460 [INFO] __main__ — 뉴스 시점 제외 [디와이에이]: 12건 (>14일/파싱실패)
2026-07-26 23:54:15,463 [INFO] __main__ — 뉴스 시점 제외 [한일단조]: 12건 (>14일/파싱실패)
2026-07-26 23:54:16,062 [INFO] __main__ — 뉴스 시점 제외 [알루코]: 6건 (>14일/파싱실패)
2026-07-26 23:54:17,066 [INFO] __main__ — 뉴스 시점 제외 [갤럭시아에스엠]: 14건 (>14일/파싱실패)
2026-07-26 23:54:18,161 [INFO] __main__ — 뉴스 시점 제외 [서부T&D]: 9건 (>14일/파싱실패)
2026-07-26 23:54:18,506 [INFO] __main__ — 뉴스 시점 제외 [부국철강]: 12건 (>14일/파싱실패)
2026-07-26 23:54:19,093 [INFO] __main__ — 뉴스 시점 제외 [사조동아원]: 3건 (>14일/파싱실패)
2026-07-26 23:54:19,514 [INFO] __main__ — 뉴스 시점 제외 [레이저쎌]: 4건 (>14일/파싱실패)
2026-07-26 23:54:23,192 [INFO] __main__ — 뉴스 시점 제외 [에이치엠넥스]: 10건 (>14일/파싱실패)
2026-07-26 23:54:24,429 [INFO] __main__ — 뉴스 시점 제외 [디케이티]: 3건 (>14일/파싱실패)
2026-07-26 23:54:24,905 [INFO] __main__ — 뉴스 시점 제외 [셀리드]: 11건 (>14일/파싱실패)
2026-07-26 23:54:27,669 [INFO] __main__ — 뉴스 시점 제외 [에코프로머티]: 4건 (>14일/파싱실패)
2026-07-26 23:54:30,669 [INFO] __main__ — 뉴스 시점 제외 [더즌]: 10건 (>14일/파싱실패)
2026-07-26 23:54:33,520 [INFO] __main__ — 뉴스 시점 제외 [미래에셋증권2우B]: 2건 (>14일/파싱실패)
2026-07-26 23:54:35,555 [INFO] __main__ — 뉴스 시점 제외 [티케이케미칼]: 5건 (>14일/파싱실패)
2026-07-26 23:54:36,730 [INFO] __main__ — 뉴스 시점 제외 [이뮨온시아]: 2건 (>14일/파싱실패)
2026-07-26 23:54:37,751 [INFO] __main__ — 뉴스 시점 제외 [HS애드]: 3건 (>14일/파싱실패)
2026-07-26 23:54:41,803 [INFO] __main__ — 뉴스 시점 제외 [케이사인]: 10건 (>14일/파싱실패)
2026-07-26 23:54:43,820 [INFO] __main__ — 뉴스 시점 제외 [덕신이피씨]: 13건 (>14일/파싱실패)
2026-07-26 23:54:44,843 [INFO] __main__ — 뉴스 시점 제외 [비투엔]: 14건 (>14일/파싱실패)
2026-07-26 23:54:45,240 [INFO] __main__ — 뉴스 시점 제외 [ESR켄달스퀘어리츠]: 5건 (>14일/파싱실패)
2026-07-26 23:54:47,298 [INFO] __main__ — 뉴스 시점 제외 [지앤비에스 에코]: 5건 (>14일/파싱실패)
2026-07-26 23:54:48,907 [INFO] __main__ — 뉴스 시점 제외 [진양산업]: 9건 (>14일/파싱실패)
2026-07-26 23:54:50,375 [INFO] __main__ — 뉴스 시점 제외 [오리엔트정공]: 15건 (>14일/파싱실패)
2026-07-26 23:54:51,407 [INFO] __main__ — 뉴스 시점 제외 [대신정보통신]: 8건 (>14일/파싱실패)
2026-07-26 23:54:51,835 [INFO] __main__ — 뉴스 시점 제외 [나우IB]: 8건 (>14일/파싱실패)
2026-07-26 23:54:52,845 [INFO] __main__ — 뉴스 시점 제외 [에이티넘인베스트]: 14건 (>14일/파싱실패)
2026-07-26 23:54:54,993 [INFO] __main__ — 뉴스 시점 제외 [원익피앤이]: 5건 (>14일/파싱실패)
2026-07-26 23:54:55,450 [INFO] __main__ — 뉴스 시점 제외 [SK리츠]: 4건 (>14일/파싱실패)
2026-07-26 23:54:57,036 [INFO] __main__ — 뉴스 시점 제외 [이리츠코크렙]: 4건 (>14일/파싱실패)
2026-07-26 23:54:57,911 [INFO] __main__ — 뉴스 시점 제외 [슈어소프트테크]: 7건 (>14일/파싱실패)
2026-07-26 23:54:58,066 [INFO] __main__ — 뉴스 시점 제외 [SV인베스트먼트]: 4건 (>14일/파싱실패)
2026-07-26 23:54:59,174 [INFO] __main__ — 부정 키워드 감지: 28개 종목 (neg_ratio > 0)
2026-07-26 23:54:59,178 [INFO] __main__ — 수급일수충족·합계음수 제외: 119개
2026-07-26 23:55:07,895 [INFO] __main__ — 뉴스 시점 제외 [두산우]: 14건 (>14일/파싱실패)
2026-07-26 23:55:11,953 [INFO] __main__ — 뉴스 시점 제외 [쿠쿠홀딩스]: 9건 (>14일/파싱실패)
2026-07-26 23:55:13,667 [INFO] __main__ — 뉴스 시점 제외 [신한알파리츠]: 8건 (>14일/파싱실패)
2026-07-26 23:55:14,115 [INFO] __main__ — 뉴스 시점 제외 [한국단자]: 9건 (>14일/파싱실패)
2026-07-26 23:55:14,236 [INFO] __main__ — 뉴스 시점 제외 [한국쉘석유]: 10건 (>14일/파싱실패)
2026-07-26 23:55:14,820 [INFO] __main__ — 뉴스 시점 제외 [동원시스템즈]: 5건 (>14일/파싱실패)
2026-07-26 23:55:15,397 [INFO] __main__ — 뉴스 시점 제외 [맵스리얼티]: 15건 (>14일/파싱실패)
2026-07-26 23:55:15,825 [INFO] __main__ — 뉴스 시점 제외 [CJ4우(전환)]: 15건 (>14일/파싱실패)
2026-07-26 23:55:16,387 [INFO] __main__ — 뉴스 시점 제외 [세아홀딩스]: 5건 (>14일/파싱실패)
2026-07-26 23:55:17,139 [INFO] __main__ — 뉴스 시점 제외 [현대차3우B]: 15건 (>14일/파싱실패)
2026-07-26 23:55:17,697 [INFO] __main__ — 뉴스 시점 제외 [신대양제지]: 14건 (>14일/파싱실패)
2026-07-26 23:55:18,240 [INFO] __main__ — 뉴스 시점 제외 [농심홀딩스]: 3건 (>14일/파싱실패)
2026-07-26 23:55:18,254 [INFO] __main__ — 뉴스 시점 제외 [조광피혁]: 11건 (>14일/파싱실패)
2026-07-26 23:55:18,800 [INFO] __main__ — 뉴스 시점 제외 [신도리코]: 5건 (>14일/파싱실패)
2026-07-26 23:55:18,826 [INFO] __main__ — 뉴스 시점 제외 [INVENI]: 9건 (>14일/파싱실패)
2026-07-26 23:55:19,224 [INFO] __main__ — 뉴스 시점 제외 [일진하이솔루스]: 14건 (>14일/파싱실패)
2026-07-26 23:55:19,794 [INFO] __main__ — 뉴스 시점 제외 [명신산업]: 14건 (>14일/파싱실패)
2026-07-26 23:55:21,520 [INFO] __main__ — 뉴스 시점 제외 [현대퓨처넷]: 10건 (>14일/파싱실패)
2026-07-26 23:55:22,076 [INFO] __main__ — 뉴스 시점 제외 [아세아제지]: 6건 (>14일/파싱실패)
2026-07-26 23:55:22,791 [INFO] __main__ — 뉴스 시점 제외 [JW홀딩스]: 10건 (>14일/파싱실패)
2026-07-26 23:55:23,394 [INFO] __main__ — 뉴스 시점 제외 [S-Oil우]: 14건 (>14일/파싱실패)
2026-07-26 23:55:24,550 [INFO] __main__ — 뉴스 시점 제외 [포스코스틸리온]: 5건 (>14일/파싱실패)
2026-07-26 23:55:25,034 [INFO] __main__ — 뉴스 시점 제외 [미창석유]: 10건 (>14일/파싱실패)
2026-07-26 23:55:26,159 [INFO] __main__ — 뉴스 시점 제외 [모토닉]: 14건 (>14일/파싱실패)
2026-07-26 23:55:26,542 [INFO] __main__ — 뉴스 시점 제외 [LG생활건강우]: 14건 (>14일/파싱실패)
2026-07-26 23:55:26,543 [INFO] __main__ — 뉴스 시점 제외 [DS단석]: 11건 (>14일/파싱실패)
2026-07-26 23:55:26,720 [INFO] __main__ — 뉴스 시점 제외 [YG PLUS]: 8건 (>14일/파싱실패)
2026-07-26 23:55:27,836 [INFO] __main__ — 뉴스 시점 제외 [AJ네트웍스]: 9건 (>14일/파싱실패)
2026-07-26 23:55:28,384 [INFO] __main__ — 뉴스 시점 제외 [LG우]: 15건 (>14일/파싱실패)
2026-07-26 23:55:28,550 [INFO] __main__ — 뉴스 시점 제외 [미래에셋증권우]: 3건 (>14일/파싱실패)
2026-07-26 23:55:28,553 [INFO] __main__ — 뉴스 시점 제외 [진양홀딩스]: 11건 (>14일/파싱실패)
2026-07-26 23:55:29,123 [INFO] __main__ — 뉴스 시점 제외 [유화증권]: 10건 (>14일/파싱실패)
2026-07-26 23:55:29,792 [INFO] __main__ — 뉴스 시점 제외 [SJG세종]: 4건 (>14일/파싱실패)
2026-07-26 23:55:30,338 [INFO] __main__ — 뉴스 시점 제외 [SYTS]: 13건 (>14일/파싱실패)
2026-07-26 23:55:30,360 [INFO] __main__ — 뉴스 시점 제외 [NH올원리츠]: 9건 (>14일/파싱실패)
2026-07-26 23:55:31,056 [INFO] __main__ — 뉴스 시점 제외 [CJ제일제당 우]: 15건 (>14일/파싱실패)
2026-07-26 23:55:31,630 [INFO] __main__ — 뉴스 시점 제외 [유수홀딩스]: 7건 (>14일/파싱실패)
2026-07-26 23:55:32,188 [INFO] __main__ — 뉴스 시점 제외 [금호석유화학우]: 14건 (>14일/파싱실패)
2026-07-26 23:55:32,204 [INFO] __main__ — 뉴스 시점 제외 [신라교역]: 11건 (>14일/파싱실패)
2026-07-26 23:55:32,217 [INFO] __main__ — 뉴스 시점 제외 [한국주철관]: 7건 (>14일/파싱실패)
2026-07-26 23:55:32,777 [INFO] __main__ — 뉴스 시점 제외 [아모레퍼시픽홀딩스3우C]: 14건 (>14일/파싱실패)
2026-07-26 23:55:32,786 [INFO] __main__ — 뉴스 시점 제외 [태경산업]: 10건 (>14일/파싱실패)
2026-07-26 23:55:33,319 [INFO] __main__ — 뉴스 시점 제외 [삼양패키징]: 10건 (>14일/파싱실패)
2026-07-26 23:55:33,350 [INFO] __main__ — 뉴스 시점 제외 [키다리스튜디오]: 4건 (>14일/파싱실패)
2026-07-26 23:55:33,353 [INFO] __main__ — 뉴스 시점 제외 [일진다이아]: 12건 (>14일/파싱실패)
2026-07-26 23:55:33,887 [INFO] __main__ — 뉴스 시점 제외 [한진중공업홀딩스]: 14건 (>14일/파싱실패)
2026-07-26 23:55:33,918 [INFO] __main__ — 뉴스 시점 제외 [이지스레지던스리츠]: 12건 (>14일/파싱실패)
2026-07-26 23:55:35,193 [INFO] __main__ — 뉴스 시점 제외 [현대코퍼레이션홀딩스]: 13건 (>14일/파싱실패)
2026-07-26 23:55:35,574 [INFO] __main__ — 뉴스 시점 제외 [경동인베스트]: 12건 (>14일/파싱실패)
2026-07-26 23:55:36,139 [INFO] __main__ — 뉴스 시점 제외 [GS우]: 15건 (>14일/파싱실패)
2026-07-26 23:55:36,335 [INFO] __main__ — 뉴스 시점 제외 [티에이치엔]: 12건 (>14일/파싱실패)
2026-07-26 23:55:36,338 [INFO] __main__ — 뉴스 시점 제외 [조선선재]: 14건 (>14일/파싱실패)
2026-07-26 23:55:37,481 [INFO] __main__ — 뉴스 시점 제외 [황금에스티]: 11건 (>14일/파싱실패)
2026-07-26 23:55:37,487 [INFO] __main__ — 뉴스 시점 제외 [영보화학]: 14건 (>14일/파싱실패)
2026-07-26 23:55:37,823 [INFO] __main__ — 뉴스 시점 제외 [KTis]: 9건 (>14일/파싱실패)
2026-07-26 23:55:38,070 [INFO] __main__ — 뉴스 시점 제외 [동일산업]: 4건 (>14일/파싱실패)
2026-07-26 23:55:38,386 [INFO] __main__ — 뉴스 시점 제외 [DSR제강]: 10건 (>14일/파싱실패)
2026-07-26 23:55:38,659 [INFO] __main__ — 뉴스 시점 제외 [한솔로지스틱스]: 3건 (>14일/파싱실패)
2026-07-26 23:55:38,982 [INFO] __main__ — 뉴스 시점 제외 [아주스틸]: 10건 (>14일/파싱실패)
2026-07-26 23:55:39,219 [INFO] __main__ — 뉴스 시점 제외 [티와이홀딩스]: 10건 (>14일/파싱실패)
2026-07-26 23:55:39,226 [INFO] __main__ — 뉴스 시점 제외 [동인기연]: 13건 (>14일/파싱실패)
2026-07-26 23:55:39,550 [INFO] __main__ — 뉴스 시점 제외 [SK이노베이션우]: 15건 (>14일/파싱실패)
2026-07-26 23:55:40,119 [INFO] __main__ — 뉴스 시점 제외 [성창기업지주]: 9건 (>14일/파싱실패)
2026-07-26 23:55:40,355 [INFO] __main__ — 뉴스 시점 제외 [유한양행우]: 8건 (>14일/파싱실패)
2026-07-26 23:55:40,693 [INFO] __main__ — 뉴스 시점 제외 [일동홀딩스]: 12건 (>14일/파싱실패)
2026-07-26 23:55:40,914 [INFO] __main__ — 뉴스 시점 제외 [지엠비코리아]: 12건 (>14일/파싱실패)
2026-07-26 23:55:41,060 [INFO] __main__ — 뉴스 시점 제외 [페이퍼코리아]: 9건 (>14일/파싱실패)
2026-07-26 23:55:41,627 [INFO] __main__ — 뉴스 시점 제외 [휴니드]: 8건 (>14일/파싱실패)
2026-07-26 23:55:41,810 [INFO] __main__ — 뉴스 시점 제외 [태경케미컬]: 5건 (>14일/파싱실패)
2026-07-26 23:55:42,055 [INFO] __main__ — 뉴스 시점 제외 [삼정펄프]: 14건 (>14일/파싱실패)
2026-07-26 23:55:42,375 [INFO] __main__ — 뉴스 시점 제외 [호전실업]: 9건 (>14일/파싱실패)
2026-07-26 23:55:42,756 [INFO] __main__ — 뉴스 시점 제외 [하이스틸]: 9건 (>14일/파싱실패)
2026-07-26 23:55:42,937 [INFO] __main__ — 뉴스 시점 제외 [보락]: 1건 (>14일/파싱실패)
2026-07-26 23:55:43,631 [INFO] __main__ — 뉴스 시점 제외 [한국특강]: 8건 (>14일/파싱실패)
2026-07-26 23:55:43,750 [INFO] __main__ — 뉴스 시점 제외 [SJM홀딩스]: 14건 (>14일/파싱실패)
2026-07-26 23:55:43,889 [INFO] __main__ — 뉴스 시점 제외 [SJM]: 11건 (>14일/파싱실패)
2026-07-26 23:55:44,314 [INFO] __main__ — 뉴스 시점 제외 [롯데칠성우]: 15건 (>14일/파싱실패)
2026-07-26 23:55:44,877 [INFO] __main__ — 뉴스 시점 제외 [BYC우]: 15건 (>14일/파싱실패)
2026-07-26 23:55:45,034 [INFO] __main__ — 뉴스 시점 제외 [미래에셋맵스리츠]: 10건 (>14일/파싱실패)
2026-07-26 23:55:45,321 [INFO] __main__ — 뉴스 시점 제외 [SG세계물산]: 8건 (>14일/파싱실패)
2026-07-26 23:55:45,432 [INFO] __main__ — 뉴스 시점 제외 [SK케미칼우]: 14건 (>14일/파싱실패)
2026-07-26 23:55:45,600 [INFO] __main__ — 뉴스 시점 제외 [문배철강]: 10건 (>14일/파싱실패)
2026-07-26 23:55:45,877 [INFO] __main__ — 뉴스 시점 제외 [조광페인트]: 2건 (>14일/파싱실패)
2026-07-26 23:55:46,155 [INFO] __main__ — 뉴스 시점 제외 [한화솔루션우]: 14건 (>14일/파싱실패)
2026-07-26 23:55:46,443 [INFO] __main__ — 뉴스 시점 제외 [신한글로벌액티브리츠]: 11건 (>14일/파싱실패)
2026-07-26 23:55:46,589 [INFO] __main__ — 뉴스 시점 제외 [유니온머티리얼]: 8건 (>14일/파싱실패)
2026-07-26 23:55:46,730 [INFO] __main__ — 뉴스 시점 제외 [케이탑리츠]: 11건 (>14일/파싱실패)
2026-07-26 23:55:47,016 [INFO] __main__ — 뉴스 시점 제외 [에쓰씨엔지니어링]: 13건 (>14일/파싱실패)
2026-07-26 23:55:47,300 [INFO] __main__ — 뉴스 시점 제외 [세방우]: 15건 (>14일/파싱실패)
2026-07-26 23:55:47,591 [INFO] __main__ — 뉴스 시점 제외 [한창제지]: 8건 (>14일/파싱실패)
2026-07-26 23:55:47,716 [INFO] __main__ — 뉴스 시점 제외 [DL우]: 15건 (>14일/파싱실패)
2026-07-26 23:55:48,309 [INFO] __main__ — 뉴스 시점 제외 [WISCOM]: 9건 (>14일/파싱실패)
2026-07-26 23:55:53,384 [INFO] __main__ — 뉴스 시점 제외 [펌텍코리아]: 8건 (>14일/파싱실패)
2026-07-26 23:55:56,028 [INFO] __main__ — 뉴스 시점 제외 [네오셈]: 7건 (>14일/파싱실패)
2026-07-26 23:55:58,083 [INFO] __main__ — 뉴스 시점 제외 [넥스트바이오메디컬]: 10건 (>14일/파싱실패)
2026-07-26 23:55:59,116 [INFO] __main__ — 뉴스 시점 제외 [바이오다인]: 10건 (>14일/파싱실패)
2026-07-26 23:55:59,757 [INFO] __main__ — 뉴스 시점 제외 [우주일렉트로]: 7건 (>14일/파싱실패)
2026-07-26 23:56:00,003 [INFO] __main__ — 뉴스 시점 제외 [폰드그룹]: 10건 (>14일/파싱실패)
2026-07-26 23:56:00,313 [INFO] __main__ — 뉴스 시점 제외 [서호전기]: 15건 (>14일/파싱실패)
2026-07-26 23:56:00,811 [INFO] __main__ — 뉴스 시점 제외 [강원에너지]: 9건 (>14일/파싱실패)
2026-07-26 23:56:00,874 [INFO] __main__ — 뉴스 시점 제외 [아스테라시스]: 11건 (>14일/파싱실패)
2026-07-26 23:56:01,383 [INFO] __main__ — 뉴스 시점 제외 [삼목에스폼]: 4건 (>14일/파싱실패)
2026-07-26 23:56:01,443 [INFO] __main__ — 뉴스 시점 제외 [에스바이오메딕스]: 8건 (>14일/파싱실패)
2026-07-26 23:56:02,817 [INFO] __main__ — 뉴스 시점 제외 [네오위즈홀딩스]: 8건 (>14일/파싱실패)
2026-07-26 23:56:03,073 [INFO] __main__ — 뉴스 시점 제외 [석경에이티]: 6건 (>14일/파싱실패)
2026-07-26 23:56:03,130 [INFO] __main__ — 뉴스 시점 제외 [티이엠씨]: 6건 (>14일/파싱실패)
2026-07-26 23:56:03,385 [INFO] __main__ — 뉴스 시점 제외 [BGF에코머티리얼즈]: 15건 (>14일/파싱실패)
2026-07-26 23:56:03,690 [INFO] __main__ — 뉴스 시점 제외 [코메론]: 11건 (>14일/파싱실패)
2026-07-26 23:56:03,953 [INFO] __main__ — 뉴스 시점 제외 [엠로]: 10건 (>14일/파싱실패)
2026-07-26 23:56:04,207 [INFO] __main__ — 뉴스 시점 제외 [아이디스]: 14건 (>14일/파싱실패)
2026-07-26 23:56:04,762 [INFO] __main__ — 뉴스 시점 제외 [레드캡투어]: 12건 (>14일/파싱실패)
2026-07-26 23:56:04,814 [INFO] __main__ — 뉴스 시점 제외 [유성티엔에스]: 15건 (>14일/파싱실패)
2026-07-26 23:56:05,083 [INFO] __main__ — 뉴스 시점 제외 [신성에스티]: 8건 (>14일/파싱실패)
2026-07-26 23:56:05,374 [INFO] __main__ — 뉴스 시점 제외 [동양이엔피]: 2건 (>14일/파싱실패)
2026-07-26 23:56:06,507 [INFO] __main__ — 뉴스 시점 제외 [에스오에스랩]: 9건 (>14일/파싱실패)
2026-07-26 23:56:07,073 [INFO] __main__ — 뉴스 시점 제외 [하이비젼시스템]: 4건 (>14일/파싱실패)
2026-07-26 23:56:07,086 [INFO] __main__ — 뉴스 시점 제외 [현대이지웰]: 11건 (>14일/파싱실패)
2026-07-26 23:56:07,656 [INFO] __main__ — 뉴스 시점 제외 [삼보판지]: 15건 (>14일/파싱실패)
2026-07-26 23:56:08,234 [INFO] __main__ — 뉴스 시점 제외 [동국산업]: 9건 (>14일/파싱실패)
2026-07-26 23:56:08,815 [INFO] __main__ — 뉴스 시점 제외 [슈프리마에이치큐]: 11건 (>14일/파싱실패)
2026-07-26 23:56:08,816 [INFO] __main__ — 뉴스 시점 제외 [제노코]: 8건 (>14일/파싱실패)
2026-07-26 23:56:09,349 [INFO] __main__ — 뉴스 시점 제외 [윤성에프앤씨]: 13건 (>14일/파싱실패)
2026-07-26 23:56:09,401 [INFO] __main__ — 뉴스 시점 제외 [풍원정밀]: 12건 (>14일/파싱실패)
2026-07-26 23:56:09,908 [INFO] __main__ — 뉴스 시점 제외 [지어소프트]: 6건 (>14일/파싱실패)
2026-07-26 23:56:10,553 [INFO] __main__ — 뉴스 시점 제외 [유아이엘]: 11건 (>14일/파싱실패)
2026-07-26 23:56:11,133 [INFO] __main__ — 뉴스 시점 제외 [현대에버다임]: 10건 (>14일/파싱실패)
2026-07-26 23:56:11,640 [INFO] __main__ — 뉴스 시점 제외 [톱텍]: 5건 (>14일/파싱실패)
2026-07-26 23:56:12,276 [INFO] __main__ — 뉴스 시점 제외 [대정화금]: 13건 (>14일/파싱실패)
2026-07-26 23:56:12,778 [INFO] __main__ — 뉴스 시점 제외 [우리손에프앤지]: 14건 (>14일/파싱실패)
2026-07-26 23:56:12,856 [INFO] __main__ — 뉴스 시점 제외 [루미르]: 12건 (>14일/파싱실패)
2026-07-26 23:56:13,348 [INFO] __main__ — 뉴스 시점 제외 [세명전기]: 10건 (>14일/파싱실패)
2026-07-26 23:56:13,434 [INFO] __main__ — 뉴스 시점 제외 [탑런토탈솔루션]: 12건 (>14일/파싱실패)
2026-07-26 23:56:13,996 [INFO] __main__ — 뉴스 시점 제외 [스톰테크]: 14건 (>14일/파싱실패)
2026-07-26 23:56:14,479 [INFO] __main__ — 뉴스 시점 제외 [에이럭스]: 7건 (>14일/파싱실패)
2026-07-26 23:56:14,567 [INFO] __main__ — 뉴스 시점 제외 [아미노로직스]: 10건 (>14일/파싱실패)
2026-07-26 23:56:15,133 [INFO] __main__ — 뉴스 시점 제외 [케이씨에스]: 13건 (>14일/파싱실패)
2026-07-26 23:56:15,618 [INFO] __main__ — 뉴스 시점 제외 [디와이피엔에프]: 14건 (>14일/파싱실패)
2026-07-26 23:56:15,711 [INFO] __main__ — 뉴스 시점 제외 [링네트]: 7건 (>14일/파싱실패)
2026-07-26 23:56:16,256 [INFO] __main__ — 뉴스 시점 제외 [동국S&C]: 12건 (>14일/파싱실패)
2026-07-26 23:56:16,271 [INFO] __main__ — 뉴스 시점 제외 [서원인텍]: 14건 (>14일/파싱실패)
2026-07-26 23:56:16,740 [INFO] __main__ — 뉴스 시점 제외 [금강철강]: 7건 (>14일/파싱실패)
2026-07-26 23:56:16,834 [INFO] __main__ — 뉴스 시점 제외 [오상헬스케어]: 11건 (>14일/파싱실패)
2026-07-26 23:56:17,310 [INFO] __main__ — 뉴스 시점 제외 [에이치피오]: 10건 (>14일/파싱실패)
2026-07-26 23:56:17,380 [INFO] __main__ — 뉴스 시점 제외 [동아엘텍]: 15건 (>14일/파싱실패)
2026-07-26 23:56:17,399 [INFO] __main__ — 뉴스 시점 제외 [창해에탄올]: 10건 (>14일/파싱실패)
2026-07-26 23:56:17,872 [INFO] __main__ — 뉴스 시점 제외 [나노팀]: 11건 (>14일/파싱실패)
2026-07-26 23:56:18,500 [INFO] __main__ — 뉴스 시점 제외 [리드코프]: 14건 (>14일/파싱실패)
2026-07-26 23:56:18,532 [INFO] __main__ — 뉴스 시점 제외 [대림제지]: 11건 (>14일/파싱실패)
2026-07-26 23:56:19,059 [INFO] __main__ — 뉴스 시점 제외 [테라뷰]: 14건 (>14일/파싱실패)
2026-07-26 23:56:19,092 [INFO] __main__ — 뉴스 시점 제외 [삼아제약]: 5건 (>14일/파싱실패)
2026-07-26 23:56:20,153 [INFO] __main__ — 뉴스 시점 제외 [블루콤]: 13건 (>14일/파싱실패)
2026-07-26 23:56:20,724 [INFO] __main__ — 뉴스 시점 제외 [HRS]: 7건 (>14일/파싱실패)
2026-07-26 23:56:21,323 [INFO] __main__ — 뉴스 시점 제외 [디알텍]: 7건 (>14일/파싱실패)
2026-07-26 23:56:21,857 [INFO] __main__ — 뉴스 시점 제외 [로스웰]: 12건 (>14일/파싱실패)
2026-07-26 23:56:21,930 [INFO] __main__ — 뉴스 시점 제외 [엠엑스온]: 13건 (>14일/파싱실패)
2026-07-26 23:56:22,421 [INFO] __main__ — 뉴스 시점 제외 [삼현철강]: 11건 (>14일/파싱실패)
2026-07-26 23:56:22,477 [INFO] __main__ — 뉴스 시점 제외 [지구홀딩스]: 13건 (>14일/파싱실패)
2026-07-26 23:56:23,061 [INFO] __main__ — 뉴스 시점 제외 [삐아]: 8건 (>14일/파싱실패)
2026-07-26 23:56:23,063 [INFO] __main__ — 뉴스 시점 제외 [현대공업]: 13건 (>14일/파싱실패)
2026-07-26 23:56:23,557 [INFO] __main__ — 뉴스 시점 제외 [싸이토젠]: 10건 (>14일/파싱실패)
2026-07-26 23:56:23,644 [INFO] __main__ — 뉴스 시점 제외 [피제이전자]: 11건 (>14일/파싱실패)
2026-07-26 23:56:23,648 [INFO] __main__ — 뉴스 시점 제외 [엠오티]: 8건 (>14일/파싱실패)
2026-07-26 23:56:24,271 [INFO] __main__ — 뉴스 시점 제외 [동일금속]: 15건 (>14일/파싱실패)
2026-07-26 23:56:24,690 [INFO] __main__ — 뉴스 시점 제외 [피제이메탈]: 12건 (>14일/파싱실패)
2026-07-26 23:56:25,258 [INFO] __main__ — 뉴스 시점 제외 [페스카로]: 14건 (>14일/파싱실패)
2026-07-26 23:56:25,415 [INFO] __main__ — 뉴스 시점 제외 [한국전자인증]: 1건 (>14일/파싱실패)
2026-07-26 23:56:25,931 [INFO] __main__ — 뉴스 시점 제외 [다원넥스뷰]: 8건 (>14일/파싱실패)
2026-07-26 23:56:26,388 [INFO] __main__ — 뉴스 시점 제외 [유라테크]: 15건 (>14일/파싱실패)
2026-07-26 23:56:26,642 [INFO] __main__ — 뉴스 시점 제외 [드림어스컴퍼니]: 10건 (>14일/파싱실패)
2026-07-26 23:56:26,959 [INFO] __main__ — 뉴스 시점 제외 [잉크테크]: 14건 (>14일/파싱실패)
2026-07-26 23:56:27,219 [INFO] __main__ — 뉴스 시점 제외 [고바이오랩]: 5건 (>14일/파싱실패)
2026-07-26 23:56:27,658 [INFO] __main__ — 뉴스 시점 제외 [원일티엔아이]: 10건 (>14일/파싱실패)
2026-07-26 23:56:27,802 [INFO] __main__ — 뉴스 시점 제외 [아이티센엔텍]: 10건 (>14일/파싱실패)
2026-07-26 23:56:28,386 [INFO] __main__ — 뉴스 시점 제외 [알파칩스]: 7건 (>14일/파싱실패)
2026-07-26 23:56:29,654 [INFO] __main__ — 뉴스 시점 제외 [오리콤]: 7건 (>14일/파싱실패)
2026-07-26 23:56:30,088 [INFO] __main__ — 뉴스 시점 제외 [케이피항공산업]: 8건 (>14일/파싱실패)
2026-07-26 23:56:30,346 [INFO] __main__ — 뉴스 시점 제외 [코츠테크놀로지]: 4건 (>14일/파싱실패)
2026-07-26 23:56:30,621 [INFO] __main__ — 뉴스 시점 제외 [샌즈랩]: 11건 (>14일/파싱실패)
2026-07-26 23:56:31,190 [INFO] __main__ — 뉴스 시점 제외 [동우팜투테이블]: 6건 (>14일/파싱실패)
2026-07-26 23:56:31,348 [INFO] __main__ — 뉴스 시점 제외 [화성밸브]: 12건 (>14일/파싱실패)
2026-07-26 23:56:31,483 [INFO] __main__ — 뉴스 시점 제외 [스마트레이더시스템]: 13건 (>14일/파싱실패)
2026-07-26 23:56:31,920 [INFO] __main__ — 뉴스 시점 제외 [웨이브일렉트로]: 10건 (>14일/파싱실패)
2026-07-26 23:56:32,611 [INFO] __main__ — 뉴스 시점 제외 [빛샘전자]: 8건 (>14일/파싱실패)
2026-07-26 23:56:32,686 [INFO] __main__ — 뉴스 시점 제외 [한국선재]: 11건 (>14일/파싱실패)
2026-07-26 23:56:33,171 [INFO] __main__ — 뉴스 시점 제외 [셀바이오휴먼텍]: 14건 (>14일/파싱실패)
2026-07-26 23:56:33,704 [INFO] __main__ — 뉴스 시점 제외 [제이씨현시스템]: 14건 (>14일/파싱실패)
2026-07-26 23:56:33,961 [INFO] __main__ — 뉴스 시점 제외 [인지소프트]: 13건 (>14일/파싱실패)
2026-07-26 23:56:34,300 [INFO] __main__ — 뉴스 시점 제외 [세코닉스]: 11건 (>14일/파싱실패)
2026-07-26 23:56:34,521 [INFO] __main__ — 뉴스 시점 제외 [에르코스]: 9건 (>14일/파싱실패)
2026-07-26 23:56:34,840 [INFO] __main__ — 뉴스 시점 제외 [엠투엔]: 14건 (>14일/파싱실패)
2026-07-26 23:56:34,857 [INFO] __main__ — 뉴스 시점 제외 [아셈스]: 12건 (>14일/파싱실패)
2026-07-26 23:56:35,089 [INFO] __main__ — 뉴스 시점 제외 [덕우전자]: 13건 (>14일/파싱실패)
2026-07-26 23:56:35,983 [INFO] __main__ — 뉴스 시점 제외 [디티씨]: 14건 (>14일/파싱실패)
2026-07-26 23:56:36,351 [INFO] __main__ — 뉴스 시점 제외 [엘컴텍]: 13건 (>14일/파싱실패)
2026-07-26 23:56:36,550 [INFO] __main__ — 뉴스 시점 제외 [오상자이엘]: 12건 (>14일/파싱실패)
2026-07-26 23:56:36,916 [INFO] __main__ — 뉴스 시점 제외 [씨유테크]: 15건 (>14일/파싱실패)
2026-07-26 23:56:37,143 [INFO] __main__ — 뉴스 시점 제외 [에어레인]: 12건 (>14일/파싱실패)
2026-07-26 23:56:37,674 [INFO] __main__ — 뉴스 시점 제외 [네오이뮨텍]: 7건 (>14일/파싱실패)
2026-07-26 23:56:37,708 [INFO] __main__ — 뉴스 시점 제외 [동방선기]: 11건 (>14일/파싱실패)
2026-07-26 23:56:38,265 [INFO] __main__ — 뉴스 시점 제외 [위너스일렉]: 13건 (>14일/파싱실패)
2026-07-26 23:56:38,629 [INFO] __main__ — 뉴스 시점 제외 [제이피아이헬스케어]: 14건 (>14일/파싱실패)
2026-07-26 23:56:39,192 [INFO] __main__ — 뉴스 시점 제외 [제이엠티]: 14건 (>14일/파싱실패)
2026-07-26 23:56:39,377 [INFO] __main__ — 뉴스 시점 제외 [디케이앤디]: 13건 (>14일/파싱실패)
2026-07-26 23:56:40,323 [INFO] __main__ — 뉴스 시점 제외 [파라텍]: 12건 (>14일/파싱실패)
2026-07-26 23:56:40,515 [INFO] __main__ — 뉴스 시점 제외 [상신전자]: 12건 (>14일/파싱실패)
2026-07-26 23:56:40,528 [INFO] __main__ — 뉴스 시점 제외 [에이텍모빌리티]: 13건 (>14일/파싱실패)
2026-07-26 23:56:40,890 [INFO] __main__ — 뉴스 시점 제외 [휴엠앤씨]: 12건 (>14일/파싱실패)
2026-07-26 23:56:41,784 [INFO] __main__ — 뉴스 시점 제외 [램테크놀러지]: 6건 (>14일/파싱실패)
2026-07-26 23:56:41,798 [INFO] __main__ — 뉴스 시점 제외 [NHN벅스]: 9건 (>14일/파싱실패)
2026-07-26 23:56:42,022 [INFO] __main__ — 뉴스 시점 제외 [원바이오젠]: 13건 (>14일/파싱실패)
2026-07-26 23:56:42,348 [INFO] __main__ — 뉴스 시점 제외 [나라엠앤디]: 12건 (>14일/파싱실패)
2026-07-26 23:56:42,365 [INFO] __main__ — 뉴스 시점 제외 [쓰리에이로직스]: 14건 (>14일/파싱실패)
2026-07-26 23:56:42,584 [INFO] __main__ — 뉴스 시점 제외 [아세아텍]: 14건 (>14일/파싱실패)
2026-07-26 23:56:42,926 [INFO] __main__ — 뉴스 시점 제외 [서진오토모티브]: 13건 (>14일/파싱실패)
2026-07-26 23:56:44,086 [INFO] __main__ — 뉴스 시점 제외 [백금T&A]: 10건 (>14일/파싱실패)
2026-07-26 23:56:44,652 [INFO] __main__ — 뉴스 시점 제외 [서연탑메탈]: 13건 (>14일/파싱실패)
2026-07-26 23:56:45,772 [INFO] __main__ — 뉴스 시점 제외 [인스피언]: 15건 (>14일/파싱실패)
2026-07-26 23:56:45,786 [INFO] __main__ — 뉴스 시점 제외 [에코캡]: 14건 (>14일/파싱실패)
2026-07-26 23:56:45,956 [INFO] __main__ — 뉴스 시점 제외 [삼화네트웍스]: 6건 (>14일/파싱실패)
2026-07-26 23:56:46,474 [INFO] __main__ — 뉴스 시점 제외 [엔바이오니아]: 10건 (>14일/파싱실패)
2026-07-26 23:56:46,525 [INFO] __main__ — 뉴스 시점 제외 [에이아이코리아]: 11건 (>14일/파싱실패)
2026-07-26 23:56:47,069 [INFO] __main__ — 뉴스 시점 제외 [팬엔터테인먼트]: 8건 (>14일/파싱실패)
2026-07-26 23:56:47,083 [INFO] __main__ — 뉴스 시점 제외 [브리지텍]: 12건 (>14일/파싱실패)
2026-07-26 23:56:47,614 [INFO] __main__ — 뉴스 시점 제외 [제이엔비]: 11건 (>14일/파싱실패)
2026-07-26 23:56:47,641 [INFO] __main__ — 뉴스 시점 제외 [루멘스]: 8건 (>14일/파싱실패)
2026-07-26 23:56:48,205 [INFO] __main__ — 뉴스 시점 제외 [와토스코리아]: 10건 (>14일/파싱실패)
2026-07-26 23:56:48,226 [INFO] __main__ — 뉴스 시점 제외 [미트박스]: 9건 (>14일/파싱실패)
2026-07-26 23:56:49,312 [INFO] __main__ — 뉴스 시점 제외 [캡스톤파트너스]: 7건 (>14일/파싱실패)
2026-07-26 23:56:49,358 [INFO] __main__ — 뉴스 시점 제외 [기산텔레콤]: 9건 (>14일/파싱실패)
2026-07-26 23:56:49,364 [INFO] __main__ — 뉴스 시점 제외 [이삭엔지니어링]: 9건 (>14일/파싱실패)
2026-07-26 23:56:49,880 [INFO] __main__ — 뉴스 시점 제외 [티비씨]: 11건 (>14일/파싱실패)
2026-07-26 23:56:49,982 [INFO] __main__ — POOL_A 후보 부정뉴스 2차 조회: 572개
2026-07-26 23:56:49,985 [INFO] __main__ — POOL_A: 774개 (A:764 B:4 동시:6) | 부정게이트 제외:10
  대형:46 중형:135 소형:593
2026-07-26 23:56:49,990 [INFO] __main__ —   → POOL_A: 774개
2026-07-26 23:56:49,990 [INFO] __main__ — ▶ Step 2: 하드 필터링
2026-07-26 23:56:49,991 [INFO] __main__ — 하드 필터 제거: 766개 | 과열배제 41 | 이격도상한 5 | 이격도하한 136 | MA추세 548 | RSI과열 1 | 거래대금 35
2026-07-26 23:56:49,993 [INFO] __main__ — 과열 gated 기록: 41개 → gated_tickers
2026-07-26 23:56:49,993 [INFO] __main__ — POOL_B: 8개 | 대형:0 중형:5 소형:3
2026-07-26 23:56:49,993 [INFO] __main__ —   → POOL_B: 8개
2026-07-26 23:56:49,993 [INFO] __main__ — ▶ Step 3: 스코어링 (FinBERT 감성 분석)
2026-07-26 23:56:49,994 [INFO] __main__ — NaverClient: 3개 키 로드 (DataLab·검색 독립 회전)
2026-07-26 23:56:49,994 [INFO] __main__ — 텍스트 신규 수집: 8종목 (캐시 적중 0종목)
2026-07-26 23:56:57,998 [INFO] __main__ — 뉴스 시점 제외 [데이타솔루션]: 11건 (>14일/파싱실패)
2026-07-26 23:57:01,123 [INFO] __main__ — 수집 완료: 뉴스 71건 | 공시 36건
2026-07-26 23:57:01,123 [INFO] __main__ — FinBERT 감성 분석 (finbert 모드)...
2026-07-26 23:57:01,123 [INFO] __main__ — FinBERT 로딩: snunlp/KR-FinBert-SC (CPU, batch=8)
2026-07-26 23:57:01,237 [INFO] httpx — HTTP Request: GET https://huggingface.co/api/agent-harnesses "HTTP/1.1 200 OK"
2026-07-26 23:57:01,317 [INFO] httpx — HTTP Request: HEAD https://huggingface.co/snunlp/KR-FinBert-SC/resolve/main/config.json "HTTP/1.1 307 Temporary Redirect"
2026-07-26 23:57:01,321 [INFO] httpx — HTTP Request: HEAD https://huggingface.co/api/resolve-cache/models/snunlp/KR-FinBert-SC/f8586286cc3161fb648e9fee09a456069fd846d0/config.json "HTTP/1.1 200 OK"
2026-07-26 23:57:01,428 [INFO] httpx — HTTP Request: HEAD https://huggingface.co/snunlp/KR-FinBert-SC/resolve/main/model.safetensors "HTTP/1.1 404 Not Found"
2026-07-26 23:57:01,518 [INFO] httpx — HTTP Request: GET https://huggingface.co/api/models/snunlp/KR-FinBert-SC "HTTP/1.1 200 OK"
2026-07-26 23:57:01,655 [INFO] httpx — HTTP Request: GET https://huggingface.co/api/models/snunlp/KR-FinBert-SC/commits/main "HTTP/1.1 200 OK"
2026-07-26 23:57:01,658 [INFO] httpx — HTTP Request: GET https://huggingface.co/api/models/snunlp/KR-FinBert-SC/tree/main/additional_chat_templates?recursive=false&expand=false "HTTP/1.1 404 Not Found"
2026-07-26 23:57:01,741 [INFO] httpx — HTTP Request: GET https://huggingface.co/api/models/snunlp/KR-FinBert-SC/tree/main?recursive=true&expand=false "HTTP/1.1 200 OK"
2026-07-26 23:57:01,748 [INFO] httpx — HTTP Request: GET https://huggingface.co/api/models/snunlp/KR-FinBert-SC/discussions?p=0 "HTTP/1.1 200 OK"
2026-07-26 23:57:01,841 [INFO] httpx — HTTP Request: HEAD https://huggingface.co/snunlp/KR-FinBert-SC/resolve/main/processor_config.json "HTTP/1.1 404 Not Found"
2026-07-26 23:57:01,849 [INFO] httpx — HTTP Request: GET https://huggingface.co/api/models/snunlp/KR-FinBert-SC/commits/refs%2Fpr%2F3 "HTTP/1.1 200 OK"
2026-07-26 23:57:01,921 [INFO] httpx — HTTP Request: HEAD https://huggingface.co/snunlp/KR-FinBert-SC/resolve/main/video_preprocessor_config.json "HTTP/1.1 404 Not Found"
2026-07-26 23:57:01,929 [INFO] httpx — HTTP Request: HEAD https://huggingface.co/snunlp/KR-FinBert-SC/resolve/refs%2Fpr%2F3/model.safetensors.index.json "HTTP/1.1 404 Not Found"
2026-07-26 23:57:01,930 [WARNING] huggingface_hub.utils._http — Warning: You are sending unauthenticated requests to the HF Hub. Please set a HF_TOKEN to enable higher rate limits and faster downloads.
2026-07-26 23:57:02,004 [INFO] httpx — HTTP Request: HEAD https://huggingface.co/snunlp/KR-FinBert-SC/resolve/main/preprocessor_config.json "HTTP/1.1 404 Not Found"
2026-07-26 23:57:02,005 [INFO] __main__ — FinBERT 로드 완료 (CPU)
2026-07-26 23:57:02,011 [INFO] httpx — HTTP Request: HEAD https://huggingface.co/snunlp/KR-FinBert-SC/resolve/refs%2Fpr%2F3/model.safetensors "HTTP/1.1 302 Found"
2026-07-26 23:57:06,117 [INFO] __main__ — Phase A.1: 매핑 신뢰도 < 0.5 → 감성 점수 폐기 6건
2026-07-26 23:57:06,118 [INFO] __main__ — 스코어링: 8개 | 집중:0 | FinBERT:finbert
2026-07-26 23:57:06,133 [INFO] __main__ —   → 8개
2026-07-26 23:57:06,133 [INFO] __main__ — ▶ Step 4: 발송
2026-07-26 23:57:09,600 [WARNING] __main__ — 텔레그램 발송 실패 그룹 → mark_sent skip 2개 (다음 실행 시 재발송 대상)
2026-07-26 23:57:09,600 [INFO] __main__ — DB 기록: 0개 / 전체 to_send 2개
2026-07-26 23:57:09,600 [INFO] __main__ — 발송: 집중 0 / 주시 0
2026-07-26 23:57:09,600 [INFO] __main__ — 완료  |  소요: 1138.9초
