2026-08-24 21:41:49,429 [INFO] __main__ — DB 마이그레이션: news_conf_fixed 컬럼 추가 완료
2026-08-24 21:41:49,432 [INFO] __main__ — DB 마이그레이션: news_raw_fixed 컬럼 추가 완료
2026-08-24 21:41:49,434 [INFO] __main__ — DB 마이그레이션: news_field_mix 컬럼 추가 완료
2026-08-24 21:41:49,437 [INFO] __main__ — DB 마이그레이션: overheat_pen 컬럼 추가 완료
2026-08-24 21:41:49,442 [INFO] __main__ — config 검증 완료 ✓
2026-08-24 21:41:49,442 [INFO] __main__ — KIS 조회 도메인: 실전 (https://openapi.koreainvestment.com:9443)
2026-08-24 21:41:49,442 [INFO] __main__ — ============================================================
2026-08-24 21:41:49,442 [INFO] __main__ — AlphaRadar v3.3.1  |  기준일: 20260825
2026-08-24 21:41:49,442 [INFO] __main__ — S = T×0.3 + S_text×0.4 + D×0.3
2026-08-24 21:41:49,443 [INFO] __main__ — ============================================================
2026-08-24 21:41:49,443 [INFO] __main__ — ▶ Step 0: 유니버스 필터링
2026-08-24 21:41:49,545 [INFO] __main__ — FDR 데이터 수집: 20260219 ~ 20260825
2026-08-24 21:41:51,195 [INFO] __main__ — master universe 메타: 캐시 사용 2760개 (year=2026)
2026-08-24 21:41:51,197 [INFO] __main__ — master 보강: 등급 837개 | FnGuide/KSIC 2554개 | 섹터(fg_industry) 2554개
2026-08-24 21:41:51,198 [INFO] __main__ — KOSPI: 942개 | 섹터정보 832개 (DART +829개 보완)
2026-08-24 21:41:51,198 [INFO] __main__ — KOSDAQ: 1823개 | 섹터정보 1751개
2026-08-24 21:41:51,198 [INFO] __main__ — 전체: 2765개
2026-08-24 21:41:53,432 [INFO] __main__ — KIS 토큰 발급 완료
2026-08-24 21:48:31,577 [INFO] __main__ — DART corp_code 매핑: 865/888개 (97%)
2026-08-24 21:48:31,577 [INFO] __main__ — 유효 유니버스: 888개
2026-08-24 21:48:31,584 [INFO] __main__ —   → 888개
2026-08-24 21:48:31,584 [INFO] __main__ — ▶ Step 1: 신호 탐지
2026-08-24 21:48:31,584 [INFO] __main__ — NaverClient: 3개 키 로드 (DataLab·검색 독립 회전)
2026-08-24 21:48:31,584 [INFO] __main__ — 관심 지수 및 부정 뉴스 비율 조회 중...
2026-08-24 21:48:34,896 [INFO] __main__ — 봇 주가요약 제외 [금호건설]: 2건
2026-08-24 21:48:34,898 [INFO] __main__ — 봇 주가요약 제외 [더즌]: 2건
2026-08-24 21:48:36,439 [INFO] __main__ — 봇 주가요약 제외 [다날]: 2건
2026-08-24 21:48:36,469 [INFO] __main__ — 봇 주가요약 제외 [우리기술투자]: 2건
2026-08-24 21:48:37,802 [INFO] __main__ — 봇 주가요약 제외 [팬오션]: 1건
2026-08-24 21:48:39,003 [INFO] __main__ — 봇 주가요약 제외 [PS일렉트로닉스]: 3건
2026-08-24 21:48:39,011 [INFO] __main__ — 봇 주가요약 제외 [후성]: 2건
2026-08-24 21:48:39,444 [INFO] __main__ — 봇 주가요약 제외 [KBI메탈]: 2건
2026-08-24 21:48:40,348 [INFO] __main__ — 봇 주가요약 제외 [HPSP]: 2건
2026-08-24 21:48:40,784 [INFO] __main__ — 봇 주가요약 제외 [대한광통신]: 3건
2026-08-24 21:48:43,226 [INFO] __main__ — 봇 주가요약 제외 [SK이터닉스]: 3건
2026-08-24 21:48:43,598 [INFO] __main__ — 봇 주가요약 제외 [코오롱티슈진]: 2건
2026-08-24 21:48:44,430 [INFO] __main__ — 봇 주가요약 제외 [갤럭시아머니트리]: 1건
2026-08-24 21:48:44,438 [INFO] __main__ — 봇 주가요약 제외 [대원전선]: 9건
2026-08-24 21:48:44,778 [INFO] __main__ — 봇 주가요약 제외 [빛과전자]: 3건
2026-08-24 21:48:46,998 [INFO] __main__ — 봇 주가요약 제외 [한온시스템]: 1건
2026-08-24 21:48:47,003 [INFO] __main__ — 봇 주가요약 제외 [파미셀]: 1건
2026-08-24 21:48:48,194 [INFO] __main__ — 봇 주가요약 제외 [하나마이크론]: 2건
2026-08-24 21:48:50,731 [INFO] __main__ — 봇 주가요약 제외 [남해화학]: 1건
2026-08-24 21:48:54,456 [INFO] __main__ — 봇 주가요약 제외 [우리기술]: 2건
2026-08-24 21:48:54,478 [INFO] __main__ — 봇 주가요약 제외 [SFA반도체]: 1건
2026-08-24 21:48:55,644 [INFO] __main__ — 봇 주가요약 제외 [제주반도체]: 4건
2026-08-24 21:48:58,023 [INFO] __main__ — 봇 주가요약 제외 [광전자]: 1건
2026-08-24 21:48:59,223 [INFO] __main__ — 봇 주가요약 제외 [디앤디파마텍]: 2건
2026-08-24 21:49:00,225 [INFO] __main__ — 봇 주가요약 제외 [대한전선]: 2건
2026-08-24 21:49:01,569 [INFO] __main__ — 봇 주가요약 제외 [성호전자]: 2건
2026-08-24 21:49:01,586 [INFO] __main__ — 봇 주가요약 제외 [현대무벡스]: 1건
2026-08-24 21:49:03,742 [INFO] __main__ — 봇 주가요약 제외 [두산퓨얼셀]: 1건
2026-08-24 21:49:03,911 [INFO] __main__ — 봇 주가요약 제외 [미래에셋벤처투자]: 1건
2026-08-24 21:49:08,719 [INFO] __main__ — 봇 주가요약 제외 [보성파워텍]: 1건
2026-08-24 21:49:09,665 [INFO] __main__ — 봇 주가요약 제외 [이수페타시스]: 1건
2026-08-24 21:49:10,837 [INFO] __main__ — 봇 주가요약 제외 [LG씨엔에스]: 2건
2026-08-24 21:49:15,656 [INFO] __main__ — 봇 주가요약 제외 [CJ CGV]: 1건
2026-08-24 21:49:15,696 [INFO] __main__ — 봇 주가요약 제외 [휴림로봇]: 2건
2026-08-24 21:49:18,036 [INFO] __main__ — 봇 주가요약 제외 [지엔씨에너지]: 3건
2026-08-24 21:49:19,381 [INFO] __main__ — 봇 주가요약 제외 [대덕전자]: 1건
2026-08-24 21:49:22,900 [INFO] __main__ — 봇 주가요약 제외 [포스코인터내셔널]: 1건
2026-08-24 21:49:28,172 [INFO] __main__ — 뉴스 시점 제외 [ESR켄달스퀘어리츠]: 12건 (>14일/파싱실패)
2026-08-24 21:49:37,257 [INFO] __main__ — 봇 주가요약 제외 [와이씨]: 1건
2026-08-24 21:49:37,460 [INFO] __main__ — 봇 주가요약 제외 [테크윙]: 3건
2026-08-24 21:49:39,969 [INFO] __main__ — 봇 주가요약 제외 [에스티팜]: 1건
2026-08-24 21:49:42,254 [INFO] __main__ — 봇 주가요약 제외 [코리아써키트]: 2건
2026-08-24 21:49:44,973 [INFO] __main__ — 봇 주가요약 제외 [SK오션플랜트]: 1건
2026-08-24 21:49:45,766 [INFO] __main__ — 봇 주가요약 제외 [동진쎄미켐]: 1건
2026-08-24 21:49:47,827 [INFO] __main__ — 봇 주가요약 제외 [삼화콘덴서]: 1건
2026-08-24 21:49:50,458 [INFO] __main__ — 봇 주가요약 제외 [씨젠]: 1건
2026-08-24 21:49:58,354 [INFO] __main__ — 봇 주가요약 제외 [오킨스전자]: 1건
2026-08-24 21:50:11,264 [INFO] __main__ — 봇 주가요약 제외 [피에스케이]: 1건
2026-08-24 21:50:12,703 [INFO] __main__ — 봇 주가요약 제외 [엑시콘]: 2건
2026-08-24 21:50:13,864 [INFO] __main__ — 봇 주가요약 제외 [솔트룩스]: 2건
2026-08-24 21:50:14,305 [INFO] __main__ — 뉴스 시점 제외 [바이오플러스]: 6건 (>14일/파싱실패)
2026-08-24 21:50:18,996 [INFO] __main__ — 봇 주가요약 제외 [한국카본]: 2건
2026-08-24 21:50:21,893 [INFO] __main__ — 봇 주가요약 제외 [일진전기]: 1건
2026-08-24 21:50:22,568 [INFO] __main__ — 뉴스 시점 제외 [한선엔지니어링]: 7건 (>14일/파싱실패)
2026-08-24 21:50:25,605 [INFO] __main__ — 봇 주가요약 제외 [OCI홀딩스]: 2건
2026-08-24 21:50:32,147 [INFO] __main__ — 뉴스 시점 제외 [KB스타리츠]: 12건 (>14일/파싱실패)
2026-08-24 21:50:32,155 [INFO] __main__ — 봇 주가요약 제외 [POSCO홀딩스]: 1건
2026-08-24 21:50:34,222 [INFO] __main__ — 뉴스 시점 제외 [휴스틸]: 9건 (>14일/파싱실패)
2026-08-24 21:50:35,468 [INFO] __main__ — 뉴스 시점 제외 [넥스틸]: 5건 (>14일/파싱실패)
2026-08-24 21:50:40,609 [INFO] __main__ — 뉴스 시점 제외 [YG PLUS]: 8건 (>14일/파싱실패)
2026-08-24 21:50:42,461 [INFO] __main__ — 뉴스 시점 제외 [티엠씨]: 1건 (>14일/파싱실패)
2026-08-24 21:50:49,167 [INFO] __main__ — 봇 주가요약 제외 [산일전기]: 2건
2026-08-24 21:50:50,540 [INFO] __main__ — 뉴스 시점 제외 [대원강업]: 6건 (>14일/파싱실패)
2026-08-24 21:50:54,181 [INFO] __main__ — 봇 주가요약 제외 [바이넥스]: 1건
2026-08-24 21:50:55,392 [INFO] __main__ — 봇 주가요약 제외 [오름테라퓨틱]: 1건
2026-08-24 21:50:56,380 [INFO] __main__ — 뉴스 시점 제외 [미래에셋증권2우B]: 14건 (>14일/파싱실패)
2026-08-24 21:51:04,998 [INFO] __main__ — 뉴스 시점 제외 [KH바텍]: 2건 (>14일/파싱실패)
2026-08-24 21:51:08,338 [INFO] __main__ — 뉴스 시점 제외 [이지홀딩스]: 8건 (>14일/파싱실패)
2026-08-24 21:51:10,854 [INFO] __main__ — 봇 주가요약 제외 [에스앤에스텍]: 1건
2026-08-24 21:51:12,030 [INFO] __main__ — 봇 주가요약 제외 [티에스이]: 1건
2026-08-24 21:51:13,188 [INFO] __main__ — 봇 주가요약 제외 [피에스케이홀딩스]: 2건
2026-08-24 21:51:16,541 [INFO] __main__ — 봇 주가요약 제외 [로킷헬스케어]: 1건
2026-08-24 21:51:20,038 [INFO] __main__ — 봇 주가요약 제외 [삼천당제약]: 1건
2026-08-24 21:51:25,133 [INFO] __main__ — 뉴스 시점 제외 [송원산업]: 7건 (>14일/파싱실패)
2026-08-24 21:51:29,871 [INFO] __main__ — 뉴스 시점 제외 [맵스리얼티]: 15건 (>14일/파싱실패)
2026-08-24 21:51:37,896 [INFO] __main__ — 봇 주가요약 제외 [대주전자재료]: 1건
2026-08-24 21:51:39,474 [INFO] __main__ — 봇 주가요약 제외 [달바글로벌]: 1건
2026-08-24 21:51:40,597 [INFO] __main__ — 뉴스 시점 제외 [이지바이오]: 8건 (>14일/파싱실패)
2026-08-24 21:51:48,283 [INFO] __main__ — 뉴스 시점 제외 [에이디테크놀로지]: 1건 (>14일/파싱실패)
2026-08-24 21:51:53,011 [INFO] __main__ — 뉴스 시점 제외 [SIMPAC]: 9건 (>14일/파싱실패)
2026-08-24 21:51:53,011 [INFO] __main__ — 봇 주가요약 제외 [SIMPAC]: 1건
2026-08-24 21:51:53,525 [INFO] __main__ — 봇 주가요약 제외 [SFA]: 1건
2026-08-24 21:51:56,095 [INFO] __main__ — 뉴스 시점 제외 [신한알파리츠]: 13건 (>14일/파싱실패)
2026-08-24 21:51:57,298 [INFO] __main__ — 뉴스 시점 제외 [코스모화학]: 4건 (>14일/파싱실패)
2026-08-24 21:51:58,570 [INFO] __main__ — 부정 키워드 감지: 20개 종목 (neg_ratio > 0)
2026-08-24 21:51:58,572 [INFO] __main__ — 수급일수충족·합계음수 제외: 94개
2026-08-24 21:52:01,969 [INFO] __main__ — 뉴스 시점 제외 [두산우]: 15건 (>14일/파싱실패)
2026-08-24 21:52:02,595 [INFO] __main__ — 봇 주가요약 제외 [코스모신소재]: 1건
2026-08-24 21:52:02,619 [INFO] __main__ — 뉴스 시점 제외 [KB발해인프라]: 15건 (>14일/파싱실패)
2026-08-24 21:52:03,244 [INFO] __main__ — 뉴스 시점 제외 [한화리츠]: 6건 (>14일/파싱실패)
2026-08-24 21:52:03,255 [INFO] __main__ — 뉴스 시점 제외 [쿠쿠홀딩스]: 6건 (>14일/파싱실패)
2026-08-24 21:52:03,900 [INFO] __main__ — 뉴스 시점 제외 [LG화학우]: 14건 (>14일/파싱실패)
2026-08-24 21:52:03,906 [INFO] __main__ — 뉴스 시점 제외 [GS피앤엘]: 11건 (>14일/파싱실패)
2026-08-24 21:52:03,932 [INFO] __main__ — 봇 주가요약 제외 [OCI]: 1건
2026-08-24 21:52:04,560 [INFO] __main__ — 뉴스 시점 제외 [한국쉘석유]: 11건 (>14일/파싱실패)
2026-08-24 21:52:05,407 [INFO] __main__ — 뉴스 시점 제외 [한일홀딩스]: 12건 (>14일/파싱실패)
2026-08-24 21:52:06,701 [INFO] __main__ — 뉴스 시점 제외 [CJ4우(전환)]: 15건 (>14일/파싱실패)
2026-08-24 21:52:07,379 [INFO] __main__ — 뉴스 시점 제외 [아모레퍼시픽우]: 15건 (>14일/파싱실패)
2026-08-24 21:52:08,014 [INFO] __main__ — 뉴스 시점 제외 [코람코라이프인프라리츠]: 9건 (>14일/파싱실패)
2026-08-24 21:52:08,030 [INFO] __main__ — 뉴스 시점 제외 [KPX홀딩스]: 11건 (>14일/파싱실패)
2026-08-24 21:52:10,019 [INFO] __main__ — 뉴스 시점 제외 [삼성물산우B]: 14건 (>14일/파싱실패)
2026-08-24 21:52:10,591 [INFO] __main__ — 뉴스 시점 제외 [아세아제지]: 5건 (>14일/파싱실패)
2026-08-24 21:52:10,624 [INFO] __main__ — 뉴스 시점 제외 [두산2우B]: 15건 (>14일/파싱실패)
2026-08-24 21:52:11,302 [INFO] __main__ — 뉴스 시점 제외 [이지스밸류플러스리츠]: 14건 (>14일/파싱실패)
2026-08-24 21:52:12,587 [INFO] __main__ — 뉴스 시점 제외 [신한서부티엔디리츠]: 13건 (>14일/파싱실패)
2026-08-24 21:52:13,879 [INFO] __main__ — 뉴스 시점 제외 [SK우]: 13건 (>14일/파싱실패)
2026-08-24 21:52:13,880 [INFO] __main__ — 뉴스 시점 제외 [노루홀딩스]: 12건 (>14일/파싱실패)
2026-08-24 21:52:14,538 [INFO] __main__ — 뉴스 시점 제외 [제룡전기]: 3건 (>14일/파싱실패)
2026-08-24 21:52:14,538 [INFO] __main__ — 봇 주가요약 제외 [제룡전기]: 3건
2026-08-24 21:52:17,867 [INFO] __main__ — 뉴스 시점 제외 [피에이치에이]: 9건 (>14일/파싱실패)
2026-08-24 21:52:19,181 [INFO] __main__ — 뉴스 시점 제외 [대원산업]: 6건 (>14일/파싱실패)
2026-08-24 21:52:19,193 [INFO] __main__ — 뉴스 시점 제외 [필에너지]: 9건 (>14일/파싱실패)
2026-08-24 21:52:19,822 [INFO] __main__ — 뉴스 시점 제외 [금화피에스시]: 2건 (>14일/파싱실패)
2026-08-24 21:52:19,943 [INFO] __main__ — POOL_A 후보 부정뉴스 2차 조회: 95개
2026-08-24 21:52:19,944 [INFO] __main__ — POOL_A: 277개 (A:257 B:5 동시:15) | 부정게이트 제외:2
  대형:35 중형:120 소형:122
2026-08-24 21:52:19,979 [INFO] __main__ — 대조군 표본(무신호): 40개 / 모집단 611개 → pool_history
2026-08-24 21:52:19,980 [INFO] __main__ —   → POOL_A: 277개
2026-08-24 21:52:19,980 [INFO] __main__ — ▶ Step 2: 하드 필터링
2026-08-24 21:52:19,981 [INFO] __main__ — 하드 필터 제거: 271개 | 과열배제 37 | 이격도상한 18 | 이격도하한 14 | MA추세 156 | RSI과열 6 | 거래대금 40
2026-08-24 21:52:19,983 [INFO] __main__ — 과열 gated 기록: 37개 → gated_tickers
2026-08-24 21:52:19,988 [INFO] __main__ — 대조군 표본(필터탈락): 155개 / 모집단 271개 → pool_history
2026-08-24 21:52:19,988 [INFO] __main__ — POOL_B: 6개 | 대형:0 중형:5 소형:1
2026-08-24 21:52:19,988 [INFO] __main__ —   → POOL_B: 6개
2026-08-24 21:52:19,988 [INFO] __main__ — ▶ Step 3: 스코어링 (FinBERT 감성 분석)
2026-08-24 21:52:19,988 [INFO] __main__ — NaverClient: 3개 키 로드 (DataLab·검색 독립 회전)
2026-08-24 21:52:19,989 [INFO] __main__ — 텍스트 신규 수집: 6종목 (캐시 적중 0종목)
2026-08-24 21:52:20,563 [INFO] __main__ — 봇 주가요약 제외 [심텍]: 2건
2026-08-24 21:52:20,569 [INFO] __main__ — 봇 주가요약 제외 [피에스케이]: 1건
2026-08-24 21:52:24,757 [INFO] __main__ — 봇 주가요약 제외 [티에스이]: 1건
2026-08-24 21:52:24,772 [INFO] __main__ — 봇 주가요약 제외 [제주반도체]: 8건
2026-08-24 21:52:28,422 [INFO] __main__ — 기사 보존(수집): 55건 (6종목) → news_articles
2026-08-24 21:52:28,424 [INFO] __main__ — 공시 보존(수집): 16건 (6종목) → dart_filings
2026-08-24 21:52:28,425 [INFO] __main__ — 수집 완료: 뉴스 55건 | 공시 16건
2026-08-24 21:52:28,425 [INFO] __main__ — FinBERT 감성 분석 (finbert 모드)...
2026-08-24 21:52:28,425 [INFO] __main__ — FinBERT 로딩: snunlp/KR-FinBert-SC (CPU, batch=8)
2026-08-24 21:52:28,562 [INFO] httpx — HTTP Request: GET https://huggingface.co/api/agent-harnesses "HTTP/1.1 200 OK"
2026-08-24 21:52:28,613 [INFO] httpx — HTTP Request: HEAD https://huggingface.co/snunlp/KR-FinBert-SC/resolve/main/config.json "HTTP/1.1 307 Temporary Redirect"
2026-08-24 21:52:28,613 [WARNING] huggingface_hub.utils._http — Warning: You are sending unauthenticated requests to the HF Hub. Please set a HF_TOKEN to enable higher rate limits and faster downloads.
2026-08-24 21:52:28,629 [INFO] httpx — HTTP Request: HEAD https://huggingface.co/api/resolve-cache/models/snunlp/KR-FinBert-SC/f8586286cc3161fb648e9fee09a456069fd846d0/config.json "HTTP/1.1 200 OK"
2026-08-24 21:52:28,695 [INFO] httpx — HTTP Request: HEAD https://huggingface.co/snunlp/KR-FinBert-SC/resolve/main/model.safetensors "HTTP/1.1 404 Not Found"
2026-08-24 21:52:28,746 [INFO] httpx — HTTP Request: GET https://huggingface.co/api/models/snunlp/KR-FinBert-SC "HTTP/1.1 200 OK"
2026-08-24 21:52:28,818 [INFO] httpx — HTTP Request: GET https://huggingface.co/api/models/snunlp/KR-FinBert-SC/commits/main "HTTP/1.1 200 OK"
2026-08-24 21:52:28,878 [INFO] httpx — HTTP Request: GET https://huggingface.co/api/models/snunlp/KR-FinBert-SC/discussions?p=0 "HTTP/1.1 200 OK"
2026-08-24 21:52:28,887 [INFO] httpx — HTTP Request: GET https://huggingface.co/api/models/snunlp/KR-FinBert-SC/tree/main/additional_chat_templates?recursive=false&expand=false "HTTP/1.1 404 Not Found"
2026-08-24 21:52:28,938 [INFO] httpx — HTTP Request: GET https://huggingface.co/api/models/snunlp/KR-FinBert-SC/tree/main?recursive=true&expand=false "HTTP/1.1 200 OK"
2026-08-24 21:52:28,955 [INFO] httpx — HTTP Request: GET https://huggingface.co/api/models/snunlp/KR-FinBert-SC/commits/refs%2Fpr%2F3 "HTTP/1.1 200 OK"
2026-08-24 21:52:29,005 [INFO] httpx — HTTP Request: HEAD https://huggingface.co/snunlp/KR-FinBert-SC/resolve/refs%2Fpr%2F3/model.safetensors.index.json "HTTP/1.1 404 Not Found"
2026-08-24 21:52:29,006 [INFO] httpx — HTTP Request: HEAD https://huggingface.co/snunlp/KR-FinBert-SC/resolve/main/processor_config.json "HTTP/1.1 404 Not Found"
2026-08-24 21:52:29,056 [INFO] httpx — HTTP Request: HEAD https://huggingface.co/snunlp/KR-FinBert-SC/resolve/main/video_preprocessor_config.json "HTTP/1.1 404 Not Found"
2026-08-24 21:52:29,061 [INFO] httpx — HTTP Request: HEAD https://huggingface.co/snunlp/KR-FinBert-SC/resolve/refs%2Fpr%2F3/model.safetensors "HTTP/1.1 302 Found"
2026-08-24 21:52:29,107 [INFO] httpx — HTTP Request: HEAD https://huggingface.co/snunlp/KR-FinBert-SC/resolve/main/preprocessor_config.json "HTTP/1.1 404 Not Found"
2026-08-24 21:52:29,107 [INFO] __main__ — FinBERT 로드 완료 (CPU)
2026-08-24 21:52:33,578 [INFO] __main__ — Phase A.1: 매핑 신뢰도 < 0.5 → 감성 점수 폐기 4건
2026-08-24 21:52:33,578 [INFO] __main__ — [shadow] 필드별 검사 기준 폐기 0/6종목 (집행 4건 — 변동 없음)
2026-08-24 21:52:33,578 [INFO] __main__ — 스코어링: 6개 | 집중:0 | FinBERT:finbert
2026-08-24 21:52:33,588 [INFO] __main__ —   → 6개
2026-08-24 21:52:33,588 [INFO] __main__ — ▶ Step 4: 발송
2026-08-24 21:52:37,298 [INFO] __main__ — DB 기록: 2개 / 전체 to_send 2개
2026-08-24 21:52:37,298 [INFO] __main__ — 발송: 2종목 | 누적 4~10회 1 | 신규 0
2026-08-24 21:52:37,298 [INFO] __main__ — 완료  |  소요: 647.9초
2026-08-24 21:52:38,063 [INFO] track_outcomes — pool_history 대조군 3061건 추적 대상 포함
2026-08-24 21:52:38,091 [INFO] track_outcomes — 고아 행 103건 복원 (targets에서 탈락한 미완 키)
2026-08-24 21:52:38,091 [INFO] track_outcomes — 대상 10582건 | 갱신 필요 6877건 | 완료 스킵 3808건
2026-08-24 21:52:38,092 [INFO] track_outcomes —   가격 조회 고유 종목 1655개 (기존 962 + 대조군 추가 693)
2026-08-24 22:21:55,824 [INFO] track_outcomes — outcomes 적재: 신규 238건 | 갱신(신규+보완) 238건
2026-08-25 10:03:51,784 [INFO] __main__ — config 검증 완료 ✓
2026-08-25 10:03:51,784 [INFO] __main__ — KIS 조회 도메인: 실전 (https://openapi.koreainvestment.com:9443)
2026-08-25 10:03:51,784 [INFO] __main__ — ============================================================
2026-08-25 10:03:51,784 [INFO] __main__ — AlphaRadar v3.3.1  |  기준일: 20260825
2026-08-25 10:03:51,784 [INFO] __main__ — S = T×0.3 + S_text×0.4 + D×0.3
2026-08-25 10:03:51,784 [INFO] __main__ — ============================================================
2026-08-25 10:03:51,785 [INFO] __main__ — ▶ Step 0: 유니버스 필터링
2026-08-25 10:03:51,937 [INFO] __main__ — FDR 데이터 수집: 20260219 ~ 20260825
2026-08-25 10:03:53,622 [INFO] __main__ — master universe 메타: 캐시 사용 2760개 (year=2026)
2026-08-25 10:03:53,624 [INFO] __main__ — master 보강: 등급 836개 | FnGuide/KSIC 2553개 | 섹터(fg_industry) 2553개
2026-08-25 10:03:53,625 [INFO] __main__ — KOSPI: 944개 | 섹터정보 832개 (DART +829개 보완)
2026-08-25 10:03:53,626 [INFO] __main__ — KOSDAQ: 1823개 | 섹터정보 1750개
2026-08-25 10:03:53,626 [INFO] __main__ — 전체: 2767개
2026-08-25 10:03:55,958 [INFO] __main__ — KIS 토큰 발급 완료
2026-08-25 10:11:04,975 [INFO] __main__ — DART corp_code 매핑: 875/898개 (97%)
2026-08-25 10:11:04,975 [INFO] __main__ — 유효 유니버스: 898개
2026-08-25 10:11:04,983 [INFO] __main__ —   → 898개
2026-08-25 10:11:04,983 [INFO] __main__ — ▶ Step 1: 신호 탐지
2026-08-25 10:11:04,983 [INFO] __main__ — NaverClient: 3개 키 로드 (DataLab·검색 독립 회전)
2026-08-25 10:11:04,983 [INFO] __main__ — 관심 지수 및 부정 뉴스 비율 조회 중...
2026-08-25 10:11:08,483 [INFO] __main__ — 봇 주가요약 제외 [더즌]: 1건
2026-08-25 10:11:09,746 [INFO] __main__ — 봇 주가요약 제외 [다날]: 1건
2026-08-25 10:11:11,689 [INFO] __main__ — 봇 주가요약 제외 [팬오션]: 1건
2026-08-25 10:11:12,955 [INFO] __main__ — 봇 주가요약 제외 [PS일렉트로닉스]: 3건
2026-08-25 10:11:13,857 [INFO] __main__ — 봇 주가요약 제외 [갤럭시아머니트리]: 1건
2026-08-25 10:11:14,257 [INFO] __main__ — 봇 주가요약 제외 [대한광통신]: 4건
2026-08-25 10:11:16,529 [INFO] __main__ — 봇 주가요약 제외 [SK이터닉스]: 5건
2026-08-25 10:11:16,756 [INFO] __main__ — 봇 주가요약 제외 [빛과전자]: 4건
2026-08-25 10:11:16,895 [INFO] __main__ — 봇 주가요약 제외 [코오롱티슈진]: 4건
2026-08-25 10:11:19,026 [INFO] __main__ — 봇 주가요약 제외 [파미셀]: 1건
2026-08-25 10:11:19,273 [INFO] __main__ — 봇 주가요약 제외 [대원전선]: 10건
2026-08-25 10:11:19,398 [INFO] __main__ — 봇 주가요약 제외 [한국화장품제조]: 2건
2026-08-25 10:11:20,296 [INFO] __main__ — 봇 주가요약 제외 [후성]: 4건
2026-08-25 10:11:20,555 [INFO] __main__ — 봇 주가요약 제외 [한온시스템]: 1건
2026-08-25 10:11:24,098 [INFO] __main__ — 봇 주가요약 제외 [남해화학]: 1건
2026-08-25 10:11:25,654 [INFO] __main__ — 봇 주가요약 제외 [HMM]: 1건
2026-08-25 10:11:25,657 [INFO] __main__ — 봇 주가요약 제외 [키다리스튜디오]: 1건
2026-08-25 10:11:26,646 [INFO] __main__ — 봇 주가요약 제외 [우리기술]: 3건
2026-08-25 10:11:27,915 [INFO] __main__ — 봇 주가요약 제외 [마키나락스]: 2건
2026-08-25 10:11:28,179 [INFO] __main__ — 봇 주가요약 제외 [하나마이크론]: 2건
2026-08-25 10:11:29,437 [INFO] __main__ — 봇 주가요약 제외 [아이티센글로벌]: 2건
2026-08-25 10:11:31,675 [INFO] __main__ — 봇 주가요약 제외 [SFA반도체]: 1건
2026-08-25 10:11:33,241 [INFO] __main__ — 봇 주가요약 제외 [광전자]: 1건
2026-08-25 10:11:34,192 [INFO] __main__ — 봇 주가요약 제외 [디앤디파마텍]: 1건
2026-08-25 10:11:34,519 [INFO] __main__ — 봇 주가요약 제외 [두산퓨얼셀]: 3건
2026-08-25 10:11:35,763 [INFO] __main__ — 봇 주가요약 제외 [제주반도체]: 4건
2026-08-25 10:11:39,185 [INFO] __main__ — 봇 주가요약 제외 [미래에셋벤처투자]: 1건
2026-08-25 10:11:39,593 [INFO] __main__ — 봇 주가요약 제외 [보성파워텍]: 1건
2026-08-25 10:11:43,413 [INFO] __main__ — 봇 주가요약 제외 [현대무벡스]: 1건
2026-08-25 10:11:47,184 [INFO] __main__ — 봇 주가요약 제외 [이수페타시스]: 2건
2026-08-25 10:11:49,690 [INFO] __main__ — 봇 주가요약 제외 [신풍제약]: 1건
2026-08-25 10:11:50,770 [INFO] __main__ — 봇 주가요약 제외 [성호전자]: 4건
2026-08-25 10:11:52,266 [INFO] __main__ — 봇 주가요약 제외 [지엔씨에너지]: 4건
2026-08-25 10:11:53,521 [INFO] __main__ — 봇 주가요약 제외 [와이씨]: 1건
2026-08-25 10:11:55,813 [INFO] __main__ — 봇 주가요약 제외 [휴림로봇]: 3건
2026-08-25 10:11:56,044 [INFO] __main__ — 봇 주가요약 제외 [대덕전자]: 2건
2026-08-25 10:11:57,290 [INFO] __main__ — 봇 주가요약 제외 [LG씨엔에스]: 4건
2026-08-25 10:12:01,040 [INFO] __main__ — 뉴스 시점 제외 [ESR켄달스퀘어리츠]: 12건 (>14일/파싱실패)
2026-08-25 10:12:02,304 [INFO] __main__ — 봇 주가요약 제외 [LS ELECTRIC]: 1건
2026-08-25 10:12:03,428 [INFO] __main__ — 봇 주가요약 제외 [엘앤에프]: 1건
2026-08-25 10:12:04,699 [INFO] __main__ — 봇 주가요약 제외 [티엑스알로보틱스]: 1건
2026-08-25 10:12:06,318 [INFO] __main__ — 봇 주가요약 제외 [한미반도체]: 2건
2026-08-25 10:12:10,274 [INFO] __main__ — 봇 주가요약 제외 [한화엔진]: 1건
2026-08-25 10:12:10,623 [INFO] __main__ — 뉴스 시점 제외 [아리바이오홀딩스]: 6건 (>14일/파싱실패)
2026-08-25 10:12:11,929 [INFO] __main__ — 봇 주가요약 제외 [삼화콘덴서]: 2건
2026-08-25 10:12:20,358 [INFO] __main__ — 봇 주가요약 제외 [테크윙]: 5건
2026-08-25 10:12:21,610 [INFO] __main__ — 봇 주가요약 제외 [씨젠]: 2건
2026-08-25 10:12:24,672 [INFO] __main__ — 뉴스 시점 제외 [티엠씨]: 6건 (>14일/파싱실패)
2026-08-25 10:12:25,074 [INFO] __main__ — 봇 주가요약 제외 [동진쎄미켐]: 1건
2026-08-25 10:12:27,641 [INFO] __main__ — 봇 주가요약 제외 [에스피지]: 1건
2026-08-25 10:12:30,232 [INFO] __main__ — 봇 주가요약 제외 [비에이치아이]: 2건
2026-08-25 10:12:31,592 [INFO] __main__ — 뉴스 시점 제외 [유니셈]: 8건 (>14일/파싱실패)
2026-08-25 10:12:32,374 [INFO] __main__ — 봇 주가요약 제외 [한국콜마]: 1건
2026-08-25 10:12:39,894 [INFO] __main__ — 봇 주가요약 제외 [코리아써키트]: 2건
2026-08-25 10:12:41,160 [INFO] __main__ — 봇 주가요약 제외 [뉴로메카]: 1건
2026-08-25 10:12:45,358 [INFO] __main__ — 봇 주가요약 제외 [클로봇]: 1건
2026-08-25 10:12:46,679 [INFO] __main__ — 봇 주가요약 제외 [포스코엠텍]: 1건
2026-08-25 10:12:47,923 [INFO] __main__ — 봇 주가요약 제외 [두산로보틱스]: 2건
2026-08-25 10:12:51,240 [INFO] __main__ — 봇 주가요약 제외 [엑시콘]: 2건
2026-08-25 10:12:56,731 [INFO] __main__ — 봇 주가요약 제외 [일진전기]: 1건
2026-08-25 10:13:00,423 [INFO] __main__ — 봇 주가요약 제외 [OCI홀딩스]: 3건
2026-08-25 10:13:02,935 [INFO] __main__ — 봇 주가요약 제외 [에이비엘바이오]: 1건
2026-08-25 10:13:03,039 [INFO] __main__ — 뉴스 시점 제외 [한선엔지니어링]: 8건 (>14일/파싱실패)
2026-08-25 10:13:04,292 [INFO] __main__ — 뉴스 시점 제외 [바이오플러스]: 5건 (>14일/파싱실패)
2026-08-25 10:13:05,591 [INFO] __main__ — 봇 주가요약 제외 [POSCO홀딩스]: 1건
2026-08-25 10:13:06,834 [INFO] __main__ — 뉴스 시점 제외 [엘티씨]: 7건 (>14일/파싱실패)
2026-08-25 10:13:11,190 [INFO] __main__ — 봇 주가요약 제외 [로보티즈]: 2건
2026-08-25 10:13:19,274 [INFO] __main__ — 봇 주가요약 제외 [한전산업]: 1건
2026-08-25 10:13:21,864 [INFO] __main__ — 뉴스 시점 제외 [YG PLUS]: 8건 (>14일/파싱실패)
2026-08-25 10:13:24,291 [INFO] __main__ — 뉴스 시점 제외 [KB스타리츠]: 12건 (>14일/파싱실패)
2026-08-25 10:13:25,454 [INFO] __main__ — 봇 주가요약 제외 [한국카본]: 2건
2026-08-25 10:13:26,800 [INFO] __main__ — 뉴스 시점 제외 [휴스틸]: 6건 (>14일/파싱실패)
2026-08-25 10:13:32,295 [INFO] __main__ — 봇 주가요약 제외 [오름테라퓨틱]: 1건
2026-08-25 10:13:33,009 [INFO] __main__ — 봇 주가요약 제외 [바이넥스]: 1건
2026-08-25 10:13:34,260 [INFO] __main__ — 뉴스 시점 제외 [네패스아크]: 3건 (>14일/파싱실패)
2026-08-25 10:13:35,667 [INFO] __main__ — 봇 주가요약 제외 [유진로봇]: 1건
2026-08-25 10:13:39,465 [INFO] __main__ — 봇 주가요약 제외 [산일전기]: 2건
2026-08-25 10:13:47,437 [INFO] __main__ — 뉴스 시점 제외 [넥스틸]: 5건 (>14일/파싱실패)
2026-08-25 10:13:49,989 [INFO] __main__ — 뉴스 시점 제외 [미래에셋증권2우B]: 14건 (>14일/파싱실패)
2026-08-25 10:13:51,251 [INFO] __main__ — 봇 주가요약 제외 [에프에스티]: 1건
2026-08-25 10:13:53,253 [INFO] __main__ — 뉴스 시점 제외 [이지홀딩스]: 8건 (>14일/파싱실패)
2026-08-25 10:13:54,611 [INFO] __main__ — 봇 주가요약 제외 [피에스케이홀딩스]: 1건
2026-08-25 10:13:57,542 [INFO] __main__ — 봇 주가요약 제외 [티에스이]: 1건
2026-08-25 10:13:59,546 [INFO] __main__ — 뉴스 시점 제외 [대원강업]: 6건 (>14일/파싱실패)
2026-08-25 10:14:00,915 [INFO] __main__ — 뉴스 시점 제외 [오리엔탈정공]: 12건 (>14일/파싱실패)
2026-08-25 10:14:02,059 [INFO] __main__ — 봇 주가요약 제외 [강원에너지]: 1건
2026-08-25 10:14:04,662 [INFO] __main__ — 뉴스 시점 제외 [아이마켓코리아]: 13건 (>14일/파싱실패)
2026-08-25 10:14:06,447 [INFO] __main__ — 봇 주가요약 제외 [하이젠알앤엠]: 1건
2026-08-25 10:14:08,784 [INFO] __main__ — 봇 주가요약 제외 [로킷헬스케어]: 1건
2026-08-25 10:14:10,610 [INFO] __main__ — 뉴스 시점 제외 [맵스리얼티]: 15건 (>14일/파싱실패)
2026-08-25 10:14:16,636 [INFO] __main__ — 뉴스 시점 제외 [KH바텍]: 5건 (>14일/파싱실패)
2026-08-25 10:14:17,002 [INFO] __main__ — 뉴스 시점 제외 [STX엔진]: 1건 (>14일/파싱실패)
2026-08-25 10:14:19,171 [INFO] __main__ — 뉴스 시점 제외 [아세아제지]: 5건 (>14일/파싱실패)
2026-08-25 10:14:23,516 [INFO] __main__ — 봇 주가요약 제외 [달바글로벌]: 3건
2026-08-25 10:14:24,535 [INFO] __main__ — 뉴스 시점 제외 [SIMPAC]: 10건 (>14일/파싱실패)
2026-08-25 10:14:24,536 [INFO] __main__ — 봇 주가요약 제외 [SIMPAC]: 1건
2026-08-25 10:14:26,027 [INFO] __main__ — 봇 주가요약 제외 [삼현]: 1건
2026-08-25 10:14:26,924 [INFO] __main__ — 봇 주가요약 제외 [AJ네트웍스]: 1건
2026-08-25 10:14:27,497 [INFO] __main__ — 뉴스 시점 제외 [KB발해인프라]: 15건 (>14일/파싱실패)
2026-08-25 10:14:28,769 [INFO] __main__ — 뉴스 시점 제외 [신한알파리츠]: 13건 (>14일/파싱실패)
2026-08-25 10:14:29,466 [INFO] __main__ — 뉴스 시점 제외 [롯데리츠]: 1건 (>14일/파싱실패)
2026-08-25 10:14:31,307 [INFO] __main__ — 뉴스 시점 제외 [동성화인텍]: 7건 (>14일/파싱실패)
2026-08-25 10:14:33,766 [INFO] __main__ — 봇 주가요약 제외 [에스비비테크]: 1건
2026-08-25 10:14:33,808 [INFO] __main__ — 뉴스 시점 제외 [송원산업]: 8건 (>14일/파싱실패)
2026-08-25 10:14:38,488 [INFO] __main__ — 봇 주가요약 제외 [대주전자재료]: 1건
2026-08-25 10:14:42,272 [INFO] __main__ — 뉴스 시점 제외 [한양디지텍]: 6건 (>14일/파싱실패)
2026-08-25 10:14:42,374 [INFO] __main__ — 부정 키워드 감지: 21개 종목 (neg_ratio > 0)
2026-08-25 10:14:42,375 [INFO] __main__ — 수급일수충족·합계음수 제외: 94개
2026-08-25 10:14:45,791 [INFO] __main__ — 뉴스 시점 제외 [두산우]: 15건 (>14일/파싱실패)
2026-08-25 10:14:46,433 [INFO] __main__ — 뉴스 시점 제외 [코스모신소재]: 3건 (>14일/파싱실패)
2026-08-25 10:14:46,433 [INFO] __main__ — 봇 주가요약 제외 [코스모신소재]: 1건
2026-08-25 10:14:46,482 [INFO] __main__ — 뉴스 시점 제외 [LG전자우]: 13건 (>14일/파싱실패)
2026-08-25 10:14:47,070 [INFO] __main__ — 뉴스 시점 제외 [한화리츠]: 5건 (>14일/파싱실패)
2026-08-25 10:14:47,125 [INFO] __main__ — 뉴스 시점 제외 [쿠쿠홀딩스]: 6건 (>14일/파싱실패)
2026-08-25 10:14:47,771 [INFO] __main__ — 뉴스 시점 제외 [LG화학우]: 14건 (>14일/파싱실패)
2026-08-25 10:14:48,225 [INFO] __main__ — 뉴스 시점 제외 [GS피앤엘]: 11건 (>14일/파싱실패)
2026-08-25 10:14:48,454 [INFO] __main__ — 봇 주가요약 제외 [OCI]: 1건
2026-08-25 10:14:49,142 [INFO] __main__ — 뉴스 시점 제외 [한국쉘석유]: 11건 (>14일/파싱실패)
2026-08-25 10:14:49,191 [INFO] __main__ — 뉴스 시점 제외 [한일홀딩스]: 12건 (>14일/파싱실패)
2026-08-25 10:14:50,313 [INFO] __main__ — 뉴스 시점 제외 [CJ4우(전환)]: 15건 (>14일/파싱실패)
2026-08-25 10:14:50,559 [INFO] __main__ — 뉴스 시점 제외 [아모레퍼시픽우]: 15건 (>14일/파싱실패)
2026-08-25 10:14:51,915 [INFO] __main__ — 뉴스 시점 제외 [코스모화학]: 7건 (>14일/파싱실패)
2026-08-25 10:14:52,384 [INFO] __main__ — 뉴스 시점 제외 [KPX홀딩스]: 10건 (>14일/파싱실패)
2026-08-25 10:14:53,066 [INFO] __main__ — 뉴스 시점 제외 [코람코라이프인프라리츠]: 9건 (>14일/파싱실패)
2026-08-25 10:14:53,984 [INFO] __main__ — 뉴스 시점 제외 [삼성물산우B]: 14건 (>14일/파싱실패)
2026-08-25 10:14:55,149 [INFO] __main__ — 뉴스 시점 제외 [두산2우B]: 15건 (>14일/파싱실패)
2026-08-25 10:14:55,386 [INFO] __main__ — 뉴스 시점 제외 [이지스밸류플러스리츠]: 14건 (>14일/파싱실패)
2026-08-25 10:14:56,511 [INFO] __main__ — 뉴스 시점 제외 [미원화학]: 13건 (>14일/파싱실패)
2026-08-25 10:14:57,207 [INFO] __main__ — 뉴스 시점 제외 [노루홀딩스]: 12건 (>14일/파싱실패)
2026-08-25 10:14:57,522 [INFO] __main__ — 뉴스 시점 제외 [SK우]: 13건 (>14일/파싱실패)
2026-08-25 10:14:58,205 [INFO] __main__ — 뉴스 시점 제외 [제룡전기]: 2건 (>14일/파싱실패)
2026-08-25 10:14:58,205 [INFO] __main__ — 봇 주가요약 제외 [제룡전기]: 3건
2026-08-25 10:15:02,286 [INFO] __main__ — 뉴스 시점 제외 [피에이치에이]: 9건 (>14일/파싱실패)
2026-08-25 10:15:03,026 [INFO] __main__ — 뉴스 시점 제외 [필에너지]: 9건 (>14일/파싱실패)
2026-08-25 10:15:03,650 [INFO] __main__ — 뉴스 시점 제외 [대원산업]: 11건 (>14일/파싱실패)
2026-08-25 10:15:04,191 [INFO] __main__ — 뉴스 시점 제외 [금화피에스시]: 5건 (>14일/파싱실패)
2026-08-25 10:15:04,293 [INFO] __main__ — POOL_A 후보 부정뉴스 2차 조회: 93개
2026-08-25 10:15:04,294 [INFO] __main__ — POOL_A: 280개 (A:251 B:7 동시:22) | 부정게이트 제외:2
  대형:36 중형:128 소형:116
2026-08-25 10:15:04,298 [INFO] __main__ — 대조군 표본(무신호): 40개 / 모집단 618개 → pool_history
2026-08-25 10:15:04,300 [INFO] __main__ —   → POOL_A: 280개
2026-08-25 10:15:04,300 [INFO] __main__ — ▶ Step 2: 하드 필터링
2026-08-25 10:15:04,300 [INFO] __main__ — 하드 필터 제거: 275개 | 과열배제 46 | 이격도상한 18 | 이격도하한 10 | MA추세 153 | RSI과열 3 | 거래대금 45
2026-08-25 10:15:04,302 [INFO] __main__ — 과열 gated 기록: 46개 → gated_tickers
2026-08-25 10:15:04,304 [INFO] __main__ — 대조군 표본(필터탈락): 151개 / 모집단 275개 → pool_history
2026-08-25 10:15:04,304 [INFO] __main__ — POOL_B: 5개 | 대형:0 중형:4 소형:1
2026-08-25 10:15:04,304 [INFO] __main__ —   → POOL_B: 5개
2026-08-25 10:15:04,304 [INFO] __main__ — ▶ Step 3: 스코어링 (FinBERT 감성 분석)
2026-08-25 10:15:04,304 [INFO] __main__ — NaverClient: 3개 키 로드 (DataLab·검색 독립 회전)
2026-08-25 10:15:04,305 [INFO] __main__ — 텍스트 신규 수집: 3종목 (캐시 적중 2종목)
2026-08-25 10:15:04,915 [INFO] __main__ — 봇 주가요약 제외 [티엑스알로보틱스]: 1건
2026-08-25 10:15:09,670 [INFO] __main__ — 기사 보존(수집): 48건 (5종목) → news_articles
2026-08-25 10:15:09,671 [INFO] __main__ — 공시 보존(수집): 16건 (5종목) → dart_filings
2026-08-25 10:15:09,672 [INFO] __main__ — 수집 완료: 뉴스 85건 | 공시 29건
2026-08-25 10:15:09,672 [INFO] __main__ — FinBERT 감성 분석 (finbert 모드)...
2026-08-25 10:15:09,672 [INFO] __main__ — FinBERT 로딩: snunlp/KR-FinBert-SC (CPU, batch=8)
2026-08-25 10:15:09,785 [INFO] httpx — HTTP Request: GET https://huggingface.co/api/agent-harnesses "HTTP/1.1 200 OK"
2026-08-25 10:15:09,826 [INFO] httpx — HTTP Request: HEAD https://huggingface.co/snunlp/KR-FinBert-SC/resolve/main/config.json "HTTP/1.1 307 Temporary Redirect"
2026-08-25 10:15:09,827 [WARNING] huggingface_hub.utils._http — Warning: You are sending unauthenticated requests to the HF Hub. Please set a HF_TOKEN to enable higher rate limits and faster downloads.
2026-08-25 10:15:09,836 [INFO] httpx — HTTP Request: HEAD https://huggingface.co/api/resolve-cache/models/snunlp/KR-FinBert-SC/f8586286cc3161fb648e9fee09a456069fd846d0/config.json "HTTP/1.1 200 OK"
2026-08-25 10:15:09,919 [INFO] httpx — HTTP Request: HEAD https://huggingface.co/snunlp/KR-FinBert-SC/resolve/main/model.safetensors "HTTP/1.1 404 Not Found"
2026-08-25 10:15:09,981 [INFO] httpx — HTTP Request: GET https://huggingface.co/api/models/snunlp/KR-FinBert-SC "HTTP/1.1 200 OK"
2026-08-25 10:15:10,088 [INFO] httpx — HTTP Request: GET https://huggingface.co/api/models/snunlp/KR-FinBert-SC/tree/main/additional_chat_templates?recursive=false&expand=false "HTTP/1.1 404 Not Found"
2026-08-25 10:15:10,114 [INFO] httpx — HTTP Request: GET https://huggingface.co/api/models/snunlp/KR-FinBert-SC/commits/main "HTTP/1.1 200 OK"
2026-08-25 10:15:10,164 [INFO] httpx — HTTP Request: GET https://huggingface.co/api/models/snunlp/KR-FinBert-SC/tree/main?recursive=true&expand=false "HTTP/1.1 200 OK"
2026-08-25 10:15:10,185 [INFO] httpx — HTTP Request: GET https://huggingface.co/api/models/snunlp/KR-FinBert-SC/discussions?p=0 "HTTP/1.1 200 OK"
2026-08-25 10:15:10,241 [INFO] httpx — HTTP Request: GET https://huggingface.co/api/models/snunlp/KR-FinBert-SC/commits/refs%2Fpr%2F3 "HTTP/1.1 200 OK"
2026-08-25 10:15:10,276 [INFO] httpx — HTTP Request: HEAD https://huggingface.co/snunlp/KR-FinBert-SC/resolve/refs%2Fpr%2F3/model.safetensors.index.json "HTTP/1.1 404 Not Found"
2026-08-25 10:15:10,308 [INFO] httpx — HTTP Request: HEAD https://huggingface.co/snunlp/KR-FinBert-SC/resolve/main/processor_config.json "HTTP/1.1 404 Not Found"
2026-08-25 10:15:10,314 [INFO] httpx — HTTP Request: HEAD https://huggingface.co/snunlp/KR-FinBert-SC/resolve/refs%2Fpr%2F3/model.safetensors "HTTP/1.1 302 Found"
2026-08-25 10:15:10,348 [INFO] httpx — HTTP Request: HEAD https://huggingface.co/snunlp/KR-FinBert-SC/resolve/main/video_preprocessor_config.json "HTTP/1.1 404 Not Found"
2026-08-25 10:15:10,384 [INFO] httpx — HTTP Request: HEAD https://huggingface.co/snunlp/KR-FinBert-SC/resolve/main/preprocessor_config.json "HTTP/1.1 404 Not Found"
2026-08-25 10:15:10,386 [INFO] __main__ — FinBERT 로드 완료 (CPU)
2026-08-25 10:15:18,579 [INFO] __main__ — Phase A.1: 매핑 신뢰도 < 0.5 → 감성 점수 폐기 4건
2026-08-25 10:15:18,579 [INFO] __main__ — [shadow] 필드별 검사 기준 폐기 0/5종목 (집행 4건 — 변동 없음)
2026-08-25 10:15:18,579 [INFO] __main__ — 스코어링: 5개 | 집중:0 | FinBERT:finbert
2026-08-25 10:15:18,595 [INFO] __main__ —   → 5개
2026-08-25 10:15:18,595 [INFO] __main__ — ▶ Step 4: 발송
2026-08-25 10:15:21,724 [INFO] __main__ — DB 기록: 2개 / 전체 to_send 2개
2026-08-25 10:15:21,725 [INFO] __main__ — 발송: 2종목 | 누적 4~10회 0 | 신규 1
2026-08-25 10:15:21,725 [INFO] __main__ — 완료  |  소요: 689.9초
2026-08-25 10:15:22,995 [INFO] track_outcomes — pool_history 대조군 3138건 추적 대상 포함
2026-08-25 10:15:23,034 [INFO] track_outcomes — 고아 행 125건 복원 (targets에서 탈락한 미완 키)
2026-08-25 10:15:23,034 [INFO] track_outcomes — 대상 10677건 | 갱신 필요 6994건 | 완료 스킵 3808건
2026-08-25 10:15:23,036 [INFO] track_outcomes —   가격 조회 고유 종목 1667개 (기존 964 + 대조군 추가 703)
2026-08-25 10:46:49,101 [INFO] track_outcomes — outcomes 적재: 신규 117건 | 갱신(신규+보완) 1945건
