2026-08-07 01:05:43,497 [INFO] __main__ — config 검증 완료 ✓
2026-08-07 01:05:43,497 [INFO] __main__ — ============================================================
2026-08-07 01:05:43,497 [INFO] __main__ — AlphaRadar v3.3.1  |  기준일: 20260807
2026-08-07 01:05:43,497 [INFO] __main__ — S = T×0.3 + S_text×0.4 + D×0.3
2026-08-07 01:05:43,497 [INFO] __main__ — ============================================================
2026-08-07 01:05:43,498 [INFO] __main__ — ▶ Step 0: 유니버스 필터링
2026-08-07 01:05:43,645 [INFO] __main__ — FDR 데이터 수집: 20260201 ~ 20260807
2026-08-07 01:05:44,428 [WARNING] __main__ — 목록 조회 실패 (KOSPI): HTTP Error 404: Not Found
2026-08-07 01:05:44,972 [WARNING] __main__ — 목록 조회 실패 (KOSDAQ): HTTP Error 404: Not Found
2026-08-07 01:05:44,973 [INFO] __main__ —   → 0개
2026-08-07 01:05:44,973 [INFO] __main__ — ▶ Step 1: 신호 탐지
2026-08-07 01:05:44,973 [INFO] __main__ — NaverClient: 3개 키 로드 (DataLab·검색 독립 회전)
2026-08-07 01:05:44,973 [INFO] __main__ — 관심 지수 및 부정 뉴스 비율 조회 중...
2026-08-07 01:05:44,973 [INFO] __main__ — 부정 키워드 감지: 0개 종목 (neg_ratio > 0)
2026-08-07 01:05:44,973 [INFO] __main__ — 수급일수충족·합계음수 제외: 0개
2026-08-07 01:05:44,974 [INFO] __main__ — POOL_A: 0개 (A:0 B:0 동시:0) | 부정게이트 제외:0
  대형:0 중형:0 소형:0
2026-08-07 01:05:44,974 [INFO] __main__ —   → POOL_A: 0개
2026-08-07 01:05:44,974 [INFO] __main__ — ▶ Step 2: 하드 필터링
2026-08-07 01:05:44,974 [INFO] __main__ — 하드 필터 제거: 0개 | 과열배제 0 | 이격도상한 0 | 이격도하한 0 | MA추세 0 | RSI과열 0 | 거래대금 0
2026-08-07 01:05:44,974 [INFO] __main__ — POOL_B: 0개 | 대형:0 중형:0 소형:0
2026-08-07 01:05:44,974 [INFO] __main__ —   → POOL_B: 0개
2026-08-07 01:05:44,974 [INFO] __main__ — ▶ Step 3: 스코어링 (FinBERT 감성 분석)
2026-08-07 01:05:44,975 [INFO] __main__ — NaverClient: 3개 키 로드 (DataLab·검색 독립 회전)
2026-08-07 01:05:44,975 [INFO] __main__ — 텍스트 캐시 전체 적중: 0종목 (외부 API 0건)
2026-08-07 01:05:44,975 [INFO] __main__ — FinBERT 감성 분석 (finbert 모드)...
2026-08-07 01:05:44,975 [INFO] __main__ — FinBERT 로딩: snunlp/KR-FinBert-SC (CPU, batch=8)
2026-08-07 01:05:45,077 [INFO] httpx — HTTP Request: GET https://huggingface.co/api/agent-harnesses "HTTP/1.1 200 OK"
2026-08-07 01:05:45,127 [INFO] httpx — HTTP Request: HEAD https://huggingface.co/snunlp/KR-FinBert-SC/resolve/main/config.json "HTTP/1.1 307 Temporary Redirect"
2026-08-07 01:05:45,128 [WARNING] huggingface_hub.utils._http — Warning: You are sending unauthenticated requests to the HF Hub. Please set a HF_TOKEN to enable higher rate limits and faster downloads.
2026-08-07 01:05:45,143 [INFO] httpx — HTTP Request: HEAD https://huggingface.co/api/resolve-cache/models/snunlp/KR-FinBert-SC/f8586286cc3161fb648e9fee09a456069fd846d0/config.json "HTTP/1.1 200 OK"
2026-08-07 01:05:45,210 [INFO] httpx — HTTP Request: HEAD https://huggingface.co/snunlp/KR-FinBert-SC/resolve/main/model.safetensors "HTTP/1.1 404 Not Found"
2026-08-07 01:05:45,262 [INFO] httpx — HTTP Request: GET https://huggingface.co/api/models/snunlp/KR-FinBert-SC "HTTP/1.1 200 OK"
2026-08-07 01:05:45,319 [INFO] httpx — HTTP Request: GET https://huggingface.co/api/models/snunlp/KR-FinBert-SC/commits/main "HTTP/1.1 200 OK"
2026-08-07 01:05:45,373 [INFO] httpx — HTTP Request: GET https://huggingface.co/api/models/snunlp/KR-FinBert-SC/discussions?p=0 "HTTP/1.1 200 OK"
2026-08-07 01:05:45,418 [INFO] httpx — HTTP Request: GET https://huggingface.co/api/models/snunlp/KR-FinBert-SC/tree/main/additional_chat_templates?recursive=false&expand=false "HTTP/1.1 404 Not Found"
2026-08-07 01:05:45,433 [INFO] httpx — HTTP Request: GET https://huggingface.co/api/models/snunlp/KR-FinBert-SC/commits/refs%2Fpr%2F3 "HTTP/1.1 200 OK"
2026-08-07 01:05:45,469 [INFO] httpx — HTTP Request: GET https://huggingface.co/api/models/snunlp/KR-FinBert-SC/tree/main?recursive=true&expand=false "HTTP/1.1 200 OK"
2026-08-07 01:05:45,491 [INFO] httpx — HTTP Request: HEAD https://huggingface.co/snunlp/KR-FinBert-SC/resolve/refs%2Fpr%2F3/model.safetensors.index.json "HTTP/1.1 404 Not Found"
2026-08-07 01:05:45,540 [INFO] httpx — HTTP Request: HEAD https://huggingface.co/snunlp/KR-FinBert-SC/resolve/main/processor_config.json "HTTP/1.1 404 Not Found"
2026-08-07 01:05:45,543 [INFO] httpx — HTTP Request: HEAD https://huggingface.co/snunlp/KR-FinBert-SC/resolve/refs%2Fpr%2F3/model.safetensors "HTTP/1.1 302 Found"
2026-08-07 01:05:45,589 [INFO] httpx — HTTP Request: HEAD https://huggingface.co/snunlp/KR-FinBert-SC/resolve/main/video_preprocessor_config.json "HTTP/1.1 404 Not Found"
2026-08-07 01:05:45,638 [INFO] httpx — HTTP Request: HEAD https://huggingface.co/snunlp/KR-FinBert-SC/resolve/main/preprocessor_config.json "HTTP/1.1 404 Not Found"
2026-08-07 01:05:45,639 [INFO] __main__ — FinBERT 로드 완료 (CPU)
2026-08-07 01:05:45,639 [INFO] __main__ — 스코어링: 0개 | 집중:0 | FinBERT:finbert
2026-08-07 01:05:45,642 [INFO] __main__ —   → 0개
2026-08-07 01:05:45,642 [INFO] __main__ — ▶ Step 4: 발송
2026-08-07 01:05:47,877 [INFO] __main__ — DB 기록: 0개 / 전체 to_send 0개
2026-08-07 01:05:47,877 [INFO] __main__ — 발송: 집중 0 / 주시 0
2026-08-07 01:05:47,877 [INFO] __main__ — 완료  |  소요: 4.4초
