2026-10-06 16:14:29,856 [INFO] __main__ — config 검증 완료 ✓
2026-10-06 16:14:29,856 [INFO] __main__ — KIS 조회 도메인: 실전 (https://openapi.koreainvestment.com:9443)
2026-10-06 16:14:29,856 [INFO] __main__ — ============================================================
2026-10-06 16:14:29,856 [INFO] __main__ — AlphaRadar v3.3.1  |  기준일: 20261007  |  런: am
2026-10-06 16:14:29,856 [INFO] __main__ — S = T×0.3 + S_text×0.4 + D×0.3
2026-10-06 16:14:29,856 [INFO] __main__ — ============================================================
2026-10-06 16:14:29,856 [INFO] __main__ — ▶ Step 0: 유니버스 필터링
2026-10-06 16:14:30,052 [INFO] __main__ — FDR 데이터 수집: 20260403 ~ 20261007
2026-10-06 16:14:31,621 [INFO] __main__ — master universe 메타: 캐시 사용 2760개 (year=2026)
2026-10-06 16:14:31,624 [INFO] __main__ — master 보강: 등급 833개 | FnGuide/KSIC 2542개 | 섹터(fg_industry) 2542개
2026-10-06 16:14:31,624 [INFO] __main__ — KOSPI: 942개 | 섹터정보 830개 (DART +827개 보완)
2026-10-06 16:14:31,625 [INFO] __main__ — KOSDAQ: 1824개 | 섹터정보 1741개
2026-10-06 16:14:31,625 [INFO] __main__ — 전체: 2766개
2026-10-06 16:14:33,418 [INFO] __main__ — KIS 토큰 발급 완료
2026-10-06 16:20:37,830 [INFO] __main__ — DART corp_code 매핑: 895/920개 (97%)
2026-10-06 16:20:37,830 [INFO] __main__ — 유효 유니버스: 920개
2026-10-06 16:20:37,837 [INFO] __main__ —   → 920개
2026-10-06 16:20:37,837 [INFO] __main__ — ▶ Step 1: 신호 탐지
2026-10-06 16:20:37,837 [INFO] __main__ — NaverClient: 3개 키 로드 (DataLab·검색 독립 회전)
2026-10-06 16:20:37,837 [INFO] __main__ — 관심 지수 및 부정 뉴스 비율 조회 중...
2026-10-06 16:20:39,204 [INFO] __main__ — 봇 주가요약 제외 [한온시스템]: 2건
2026-10-06 16:20:39,209 [INFO] __main__ — 봇 주가요약 제외 [빛과전자]: 2건
2026-10-06 16:20:41,186 [INFO] __main__ — 봇 주가요약 제외 [SFA반도체]: 1건
2026-10-06 16:20:41,905 [INFO] __main__ — 봇 주가요약 제외 [코스모로보틱스]: 1건
2026-10-06 16:20:42,513 [INFO] __main__ — 봇 주가요약 제외 [후성]: 1건
2026-10-06 16:20:43,004 [INFO] __main__ — 봇 주가요약 제외 [드림시큐리티]: 1건
2026-10-06 16:20:43,536 [INFO] __main__ — 봇 주가요약 제외 [성호전자]: 2건
2026-10-06 16:20:44,970 [INFO] __main__ — 봇 주가요약 제외 [우리로]: 2건
2026-10-06 16:20:46,542 [INFO] __main__ — 봇 주가요약 제외 [동국산업]: 1건
2026-10-06 16:20:47,049 [INFO] __main__ — 봇 주가요약 제외 [와이씨]: 1건
2026-10-06 16:20:49,710 [INFO] __main__ — 봇 주가요약 제외 [우리기술투자]: 1건
2026-10-06 16:20:51,073 [INFO] __main__ — 봇 주가요약 제외 [제주반도체]: 2건
2026-10-06 16:20:51,822 [INFO] __main__ — 봇 주가요약 제외 [아주IB투자]: 1건
2026-10-06 16:20:52,118 [INFO] __main__ — 봇 주가요약 제외 [삼미금속]: 5건
2026-10-06 16:20:53,441 [INFO] __main__ — 봇 주가요약 제외 [스카이랩스]: 1건
2026-10-06 16:20:55,011 [INFO] __main__ — 봇 주가요약 제외 [고영]: 1건
2026-10-06 16:20:57,772 [INFO] __main__ — 봇 주가요약 제외 [TCC스틸]: 1건
2026-10-06 16:20:58,071 [INFO] __main__ — 뉴스 시점 제외 [PS일렉트로닉스]: 6건 (>14일/파싱실패)
2026-10-06 16:21:00,832 [INFO] __main__ — 봇 주가요약 제외 [에이팩트]: 2건
2026-10-06 16:21:02,234 [INFO] __main__ — 봇 주가요약 제외 [대원전선]: 4건
2026-10-06 16:21:02,896 [INFO] __main__ — 봇 주가요약 제외 [광전자]: 5건
2026-10-06 16:21:03,121 [INFO] __main__ — 봇 주가요약 제외 [네오셈]: 1건
2026-10-06 16:21:03,327 [INFO] __main__ — 봇 주가요약 제외 [한선엔지니어링]: 1건
2026-10-06 16:21:04,996 [INFO] __main__ — 봇 주가요약 제외 [원익홀딩스]: 1건
2026-10-06 16:21:05,187 [INFO] __main__ — 봇 주가요약 제외 [대덕전자]: 2건
2026-10-06 16:21:06,070 [INFO] __main__ — 뉴스 시점 제외 [페니트리움바이오]: 4건 (>14일/파싱실패)
2026-10-06 16:21:06,070 [INFO] __main__ — 봇 주가요약 제외 [페니트리움바이오]: 2건
2026-10-06 16:21:09,322 [INFO] __main__ — 봇 주가요약 제외 [아이씨티케이]: 1건
2026-10-06 16:21:11,948 [INFO] __main__ — 봇 주가요약 제외 [RF머트리얼즈]: 2건
2026-10-06 16:21:12,987 [INFO] __main__ — 봇 주가요약 제외 [저스템]: 1건
2026-10-06 16:21:14,034 [INFO] __main__ — 봇 주가요약 제외 [삼화콘덴서]: 2건
2026-10-06 16:21:15,485 [INFO] __main__ — 봇 주가요약 제외 [현대바이오]: 1건
2026-10-06 16:21:16,162 [INFO] __main__ — 봇 주가요약 제외 [테크윙]: 1건
2026-10-06 16:21:17,294 [INFO] __main__ — 봇 주가요약 제외 [금호건설]: 1건
2026-10-06 16:21:17,895 [INFO] __main__ — 봇 주가요약 제외 [필옵틱스]: 1건
2026-10-06 16:21:18,307 [INFO] __main__ — 봇 주가요약 제외 [제우스]: 1건
2026-10-06 16:21:21,037 [INFO] __main__ — 봇 주가요약 제외 [아모텍]: 2건
2026-10-06 16:21:22,875 [INFO] __main__ — 봇 주가요약 제외 [코리아써키트]: 2건
2026-10-06 16:21:25,192 [INFO] __main__ — 봇 주가요약 제외 [동진쎄미켐]: 2건
2026-10-06 16:21:25,956 [INFO] __main__ — 봇 주가요약 제외 [브이엠]: 3건
2026-10-06 16:21:26,286 [INFO] __main__ — 봇 주가요약 제외 [코오롱티슈진]: 1건
2026-10-06 16:21:28,098 [INFO] __main__ — 봇 주가요약 제외 [파인엠텍]: 1건
2026-10-06 16:21:28,387 [INFO] __main__ — 봇 주가요약 제외 [메가터치]: 1건
2026-10-06 16:21:29,784 [INFO] __main__ — 뉴스 시점 제외 [글로벌텍스프리]: 12건 (>14일/파싱실패)
2026-10-06 16:21:33,500 [INFO] __main__ — 봇 주가요약 제외 [비에이치]: 3건
2026-10-06 16:21:33,595 [INFO] __main__ — 뉴스 시점 제외 [대아티아이]: 10건 (>14일/파싱실패)
2026-10-06 16:21:34,072 [INFO] __main__ — 봇 주가요약 제외 [두산퓨얼셀]: 2건
2026-10-06 16:21:36,577 [INFO] __main__ — 봇 주가요약 제외 [디앤디파마텍]: 1건
2026-10-06 16:21:39,715 [INFO] __main__ — 뉴스 시점 제외 [보성파워텍]: 8건 (>14일/파싱실패)
2026-10-06 16:21:40,239 [INFO] __main__ — 봇 주가요약 제외 [DB하이텍]: 2건
2026-10-06 16:21:40,979 [INFO] __main__ — 봇 주가요약 제외 [티엘비]: 1건
2026-10-06 16:21:42,022 [INFO] __main__ — 봇 주가요약 제외 [SK이터닉스]: 3건
2026-10-06 16:21:43,807 [INFO] __main__ — 뉴스 시점 제외 [맥쿼리인프라]: 4건 (>14일/파싱실패)
2026-10-06 16:21:47,082 [INFO] __main__ — 뉴스 시점 제외 [와이지-원]: 12건 (>14일/파싱실패)
2026-10-06 16:21:47,802 [INFO] __main__ — 봇 주가요약 제외 [미래에셋벤처투자]: 1건
2026-10-06 16:21:48,118 [INFO] __main__ — 봇 주가요약 제외 [롯데에너지머티리얼즈]: 1건
2026-10-06 16:21:50,086 [INFO] __main__ — 봇 주가요약 제외 [코미코]: 1건
2026-10-06 16:21:50,931 [INFO] __main__ — 뉴스 시점 제외 [원텍]: 2건 (>14일/파싱실패)
2026-10-06 16:21:53,269 [INFO] __main__ — 봇 주가요약 제외 [지엔씨에너지]: 4건
2026-10-06 16:21:55,543 [INFO] __main__ — 뉴스 시점 제외 [티씨머티리얼즈]: 12건 (>14일/파싱실패)
2026-10-06 16:21:58,229 [INFO] __main__ — 봇 주가요약 제외 [LG씨엔에스]: 1건
2026-10-06 16:21:59,094 [INFO] __main__ — 뉴스 시점 제외 [코칩]: 5건 (>14일/파싱실패)
2026-10-06 16:21:59,217 [INFO] __main__ — 봇 주가요약 제외 [일진전기]: 2건
2026-10-06 16:22:01,383 [INFO] __main__ — 봇 주가요약 제외 [RFHIC]: 2건
2026-10-06 16:22:03,481 [INFO] __main__ — 봇 주가요약 제외 [에스앤에스텍]: 2건
2026-10-06 16:22:03,526 [INFO] __main__ — 봇 주가요약 제외 [지아이이노베이션]: 1건
2026-10-06 16:22:06,618 [INFO] __main__ — 뉴스 시점 제외 [서부T&D]: 3건 (>14일/파싱실패)
2026-10-06 16:22:06,628 [INFO] __main__ — 봇 주가요약 제외 [두산테스나]: 1건
2026-10-06 16:22:07,377 [INFO] __main__ — 뉴스 시점 제외 [동국홀딩스]: 10건 (>14일/파싱실패)
2026-10-06 16:22:07,672 [INFO] __main__ — 봇 주가요약 제외 [네패스아크]: 1건
2026-10-06 16:22:07,675 [INFO] __main__ — 봇 주가요약 제외 [에이비엘바이오]: 1건
2026-10-06 16:22:12,542 [INFO] __main__ — 봇 주가요약 제외 [피에스케이]: 1건
2026-10-06 16:22:13,986 [INFO] __main__ — 뉴스 시점 제외 [엘브이엠씨홀딩스]: 9건 (>14일/파싱실패)
2026-10-06 16:22:15,093 [INFO] __main__ — 봇 주가요약 제외 [LS ELECTRIC]: 2건
2026-10-06 16:22:16,175 [INFO] __main__ — 봇 주가요약 제외 [테스]: 1건
2026-10-06 16:22:21,400 [INFO] __main__ — 봇 주가요약 제외 [켐트로닉스]: 1건
2026-10-06 16:22:24,344 [INFO] __main__ — 봇 주가요약 제외 [SNT다이내믹스]: 2건
2026-10-06 16:22:25,661 [INFO] __main__ — 뉴스 시점 제외 [미래에셋증권2우B]: 6건 (>14일/파싱실패)
2026-10-06 16:22:29,951 [INFO] __main__ — 봇 주가요약 제외 [원익QnC]: 3건
2026-10-06 16:22:31,541 [INFO] __main__ — 봇 주가요약 제외 [한전기술]: 4건
2026-10-06 16:22:35,500 [INFO] __main__ — 봇 주가요약 제외 [케이엠더블유]: 1건
2026-10-06 16:22:36,472 [INFO] __main__ — 봇 주가요약 제외 [비에이치아이]: 1건
2026-10-06 16:22:39,730 [INFO] __main__ — 봇 주가요약 제외 [한화비전]: 1건
2026-10-06 16:22:40,055 [INFO] __main__ — 뉴스 시점 제외 [KB스타리츠]: 9건 (>14일/파싱실패)
2026-10-06 16:22:43,172 [INFO] __main__ — 봇 주가요약 제외 [리가켐바이오]: 1건
2026-10-06 16:22:45,242 [INFO] __main__ — 봇 주가요약 제외 [SFA]: 1건
2026-10-06 16:22:46,269 [INFO] __main__ — 봇 주가요약 제외 [케이씨텍]: 1건
2026-10-06 16:22:47,295 [INFO] __main__ — 뉴스 시점 제외 [코미팜]: 9건 (>14일/파싱실패)
2026-10-06 16:22:48,296 [INFO] __main__ — 뉴스 시점 제외 [엘티씨]: 3건 (>14일/파싱실패)
2026-10-06 16:22:48,341 [INFO] __main__ — 뉴스 시점 제외 [신흥에스이씨]: 3건 (>14일/파싱실패)
2026-10-06 16:22:52,994 [INFO] __main__ — 뉴스 시점 제외 [슈어소프트테크]: 9건 (>14일/파싱실패)
2026-10-06 16:22:56,243 [INFO] __main__ — 뉴스 시점 제외 [감성코퍼레이션]: 10건 (>14일/파싱실패)
2026-10-06 16:22:56,761 [INFO] __main__ — 봇 주가요약 제외 [엘오티베큠]: 1건
2026-10-06 16:22:57,811 [INFO] __main__ — 봇 주가요약 제외 [유진테크]: 1건
2026-10-06 16:23:04,625 [INFO] __main__ — 뉴스 시점 제외 [ESR켄달스퀘어리츠]: 10건 (>14일/파싱실패)
2026-10-06 16:23:05,000 [INFO] __main__ — 뉴스 시점 제외 [남해화학]: 2건 (>14일/파싱실패)
2026-10-06 16:23:05,659 [INFO] __main__ — 봇 주가요약 제외 [펩트론]: 1건
2026-10-06 16:23:06,263 [INFO] __main__ — 뉴스 시점 제외 [명신산업]: 8건 (>14일/파싱실패)
2026-10-06 16:23:08,370 [INFO] __main__ — 봇 주가요약 제외 [포스코엠텍]: 1건
2026-10-06 16:23:10,885 [INFO] __main__ — 뉴스 시점 제외 [베뉴지]: 12건 (>14일/파싱실패)
2026-10-06 16:23:12,664 [INFO] __main__ — 뉴스 시점 제외 [세진중공업]: 4건 (>14일/파싱실패)
2026-10-06 16:23:16,154 [INFO] __main__ — 봇 주가요약 제외 [오픈엣지테크놀로지]: 4건
2026-10-06 16:23:17,173 [INFO] __main__ — 봇 주가요약 제외 [비나텍]: 1건
2026-10-06 16:23:19,867 [INFO] __main__ — 뉴스 시점 제외 [아스테라시스]: 7건 (>14일/파싱실패)
2026-10-06 16:23:22,254 [INFO] __main__ — 봇 주가요약 제외 [칩스앤미디어]: 2건
2026-10-06 16:23:25,343 [INFO] __main__ — 뉴스 시점 제외 [이지홀딩스]: 11건 (>14일/파싱실패)
2026-10-06 16:23:25,459 [INFO] __main__ — 봇 주가요약 제외 [가온전선]: 2건
2026-10-06 16:23:27,402 [INFO] __main__ — 봇 주가요약 제외 [하나머티리얼즈]: 2건
2026-10-06 16:23:31,036 [INFO] __main__ — 뉴스 시점 제외 [에이디테크놀로지]: 4건 (>14일/파싱실패)
2026-10-06 16:23:33,227 [INFO] __main__ — 봇 주가요약 제외 [한전KPS]: 1건
2026-10-06 16:23:36,345 [INFO] __main__ — 뉴스 시점 제외 [현대차2우B]: 12건 (>14일/파싱실패)
2026-10-06 16:23:37,391 [INFO] __main__ — 봇 주가요약 제외 [가온칩스]: 3건
2026-10-06 16:23:37,643 [INFO] __main__ — 뉴스 시점 제외 [아세아제지]: 14건 (>14일/파싱실패)
2026-10-06 16:23:38,688 [INFO] __main__ — 뉴스 시점 제외 [KG에코솔루션]: 15건 (>14일/파싱실패)
2026-10-06 16:23:40,916 [INFO] __main__ — 뉴스 시점 제외 [국일제지]: 8건 (>14일/파싱실패)
2026-10-06 16:23:41,934 [INFO] __main__ — 뉴스 시점 제외 [세보엠이씨]: 10건 (>14일/파싱실패)
2026-10-06 16:23:42,970 [INFO] __main__ — 봇 주가요약 제외 [DSC인베스트먼트]: 1건
2026-10-06 16:23:44,167 [INFO] __main__ — 봇 주가요약 제외 [덕산네오룩스]: 2건
2026-10-06 16:23:46,036 [INFO] __main__ — 부정 키워드 감지: 17개 종목 (neg_ratio > 0)
2026-10-06 16:23:46,037 [INFO] __main__ — 수급일수충족·합계음수 제외: 74개
2026-10-06 16:23:48,910 [INFO] __main__ — 뉴스 시점 제외 [삼성전기우]: 10건 (>14일/파싱실패)
2026-10-06 16:23:49,420 [INFO] __main__ — 봇 주가요약 제외 [LG전자우]: 1건
2026-10-06 16:23:49,491 [INFO] __main__ — 뉴스 시점 제외 [한화리츠]: 9건 (>14일/파싱실패)
2026-10-06 16:23:51,359 [INFO] __main__ — 뉴스 시점 제외 [맵스리얼티]: 14건 (>14일/파싱실패)
2026-10-06 16:23:51,706 [INFO] __main__ — 뉴스 시점 제외 [신한알파리츠]: 11건 (>14일/파싱실패)
2026-10-06 16:23:53,133 [INFO] __main__ — 뉴스 시점 제외 [CJ4우(전환)]: 15건 (>14일/파싱실패)
2026-10-06 16:23:53,399 [INFO] __main__ — 뉴스 시점 제외 [세아홀딩스]: 11건 (>14일/파싱실패)
2026-10-06 16:23:53,641 [INFO] __main__ — 뉴스 시점 제외 [풍산홀딩스]: 11건 (>14일/파싱실패)
2026-10-06 16:23:54,790 [INFO] __main__ — 뉴스 시점 제외 [조광피혁]: 11건 (>14일/파싱실패)
2026-10-06 16:23:55,688 [INFO] __main__ — 뉴스 시점 제외 [삼영무역]: 13건 (>14일/파싱실패)
2026-10-06 16:23:56,258 [INFO] __main__ — 뉴스 시점 제외 [삼성SDI우]: 13건 (>14일/파싱실패)
2026-10-06 16:23:56,497 [INFO] __main__ — 뉴스 시점 제외 [일진홀딩스]: 2건 (>14일/파싱실패)
2026-10-06 16:23:56,539 [INFO] __main__ — 뉴스 시점 제외 [S-Oil우]: 9건 (>14일/파싱실패)
2026-10-06 16:23:58,250 [INFO] __main__ — 뉴스 시점 제외 [이지스밸류플러스리츠]: 10건 (>14일/파싱실패)
2026-10-06 16:23:58,823 [INFO] __main__ — 뉴스 시점 제외 [잇츠한불]: 3건 (>14일/파싱실패)
2026-10-06 16:24:00,014 [INFO] __main__ — 뉴스 시점 제외 [대신밸류리츠]: 12건 (>14일/파싱실패)
2026-10-06 16:24:01,172 [INFO] __main__ — 뉴스 시점 제외 [SK우]: 15건 (>14일/파싱실패)
2026-10-06 16:24:02,121 [INFO] __main__ — 봇 주가요약 제외 [티씨케이]: 1건
2026-10-06 16:24:02,308 [INFO] __main__ — 봇 주가요약 제외 [솔브레인]: 1건
2026-10-06 16:24:02,327 [INFO] __main__ — 봇 주가요약 제외 [파크시스템스]: 2건
2026-10-06 16:24:02,705 [INFO] __main__ — 뉴스 시점 제외 [큐리옥스바이오시스템즈]: 7건 (>14일/파싱실패)
2026-10-06 16:24:02,910 [INFO] __main__ — 봇 주가요약 제외 [유일로보틱스]: 1건
2026-10-06 16:24:03,279 [INFO] __main__ — 뉴스 시점 제외 [제룡전기]: 6건 (>14일/파싱실패)
2026-10-06 16:24:03,279 [INFO] __main__ — 봇 주가요약 제외 [제룡전기]: 2건
2026-10-06 16:24:03,857 [INFO] __main__ — 봇 주가요약 제외 [로보스타]: 1건
2026-10-06 16:24:05,004 [INFO] __main__ — 봇 주가요약 제외 [월덱스]: 1건
2026-10-06 16:24:05,170 [INFO] __main__ — 뉴스 시점 제외 [삼지전자]: 9건 (>14일/파싱실패)
2026-10-06 16:24:05,709 [INFO] __main__ — 뉴스 시점 제외 [동성화인텍]: 6건 (>14일/파싱실패)
2026-10-06 16:24:05,742 [INFO] __main__ — 뉴스 시점 제외 [현대힘스]: 9건 (>14일/파싱실패)
2026-10-06 16:24:07,862 [INFO] __main__ — 봇 주가요약 제외 [매커스]: 1건
2026-10-06 16:24:08,437 [INFO] __main__ — 뉴스 시점 제외 [골프존홀딩스]: 10건 (>14일/파싱실패)
2026-10-06 16:24:08,545 [INFO] __main__ — 뉴스 시점 제외 [한국알콜]: 9건 (>14일/파싱실패)
2026-10-06 16:24:09,126 [INFO] __main__ — 뉴스 시점 제외 [사피엔반도체]: 8건 (>14일/파싱실패)
2026-10-06 16:24:09,694 [INFO] __main__ — 뉴스 시점 제외 [필에너지]: 6건 (>14일/파싱실패)
2026-10-06 16:24:09,776 [INFO] __main__ — 뉴스 시점 제외 [인화정공]: 8건 (>14일/파싱실패)
2026-10-06 16:24:11,413 [INFO] __main__ — 봇 주가요약 제외 [디지털대성]: 1건
2026-10-06 16:24:11,491 [INFO] __main__ — 뉴스 시점 제외 [도우인시스]: 6건 (>14일/파싱실패)
2026-10-06 16:24:12,071 [INFO] __main__ — 뉴스 시점 제외 [대명에너지]: 4건 (>14일/파싱실패)
2026-10-06 16:24:12,071 [INFO] __main__ — 봇 주가요약 제외 [대명에너지]: 1건
2026-10-06 16:24:12,520 [INFO] __main__ — 뉴스 시점 제외 [케이티알파]: 7건 (>14일/파싱실패)
2026-10-06 16:24:13,086 [INFO] __main__ — 뉴스 시점 제외 [씨메스로보틱스]: 7건 (>14일/파싱실패)
2026-10-06 16:24:13,086 [INFO] __main__ — 봇 주가요약 제외 [씨메스로보틱스]: 1건
2026-10-06 16:24:13,691 [INFO] __main__ — 뉴스 시점 제외 [덕양에너젠]: 4건 (>14일/파싱실패)
2026-10-06 16:24:14,241 [INFO] __main__ — 뉴스 시점 제외 [에스엔시스]: 9건 (>14일/파싱실패)
2026-10-06 16:24:14,249 [INFO] __main__ — 뉴스 시점 제외 [바이넥스]: 8건 (>14일/파싱실패)
2026-10-06 16:24:14,352 [INFO] __main__ — 뉴스 시점 제외 [삼목에스폼]: 5건 (>14일/파싱실패)
2026-10-06 16:24:14,920 [INFO] __main__ — 뉴스 시점 제외 [오리엔탈정공]: 8건 (>14일/파싱실패)
2026-10-06 16:24:15,406 [INFO] __main__ — 뉴스 시점 제외 [BGF에코머티리얼즈]: 8건 (>14일/파싱실패)
2026-10-06 16:24:15,968 [INFO] __main__ — 뉴스 시점 제외 [JTC]: 7건 (>14일/파싱실패)
2026-10-06 16:24:16,069 [INFO] __main__ — POOL_A 후보 부정뉴스 2차 조회: 154개
2026-10-06 16:24:16,071 [INFO] __main__ — POOL_A: 413개 (A:409 B:0 동시:4) | 부정게이트 제외:5
  대형:41 중형:173 소형:199
2026-10-06 16:24:16,075 [INFO] __main__ — 대조군 표본(무신호): 40개 / 모집단 507개 → pool_history
2026-10-06 16:24:16,076 [INFO] __main__ —   → POOL_A: 413개
2026-10-06 16:24:16,076 [INFO] __main__ — ▶ Step 2: 하드 필터링
2026-10-06 16:24:16,077 [INFO] __main__ — 하드 필터 제거: 400개 | 과열배제 110 | 이격도상한 37 | 이격도하한 6 | MA추세 181 | RSI과열 13 | 거래대금 53
2026-10-06 16:24:16,079 [INFO] __main__ — 과열 gated 기록: 110개 → gated_tickers
2026-10-06 16:24:16,081 [INFO] __main__ — 대조군 표본(필터탈락): 176개 / 모집단 400개 → pool_history
2026-10-06 16:24:16,081 [INFO] __main__ — POOL_B: 13개 | 대형:0 중형:7 소형:6
2026-10-06 16:24:16,081 [INFO] __main__ —   → POOL_B: 13개
2026-10-06 16:24:16,081 [INFO] __main__ — ▶ Step 3: 스코어링 (FinBERT 감성 분석)
2026-10-06 16:24:16,081 [INFO] __main__ — NaverClient: 3개 키 로드 (DataLab·검색 독립 회전)
2026-10-06 16:24:16,082 [INFO] __main__ — 텍스트 신규 수집: 13종목 (캐시 적중 0종목)
2026-10-06 16:24:16,581 [INFO] __main__ — 봇 주가요약 제외 [삼아알미늄]: 1건
2026-10-06 16:24:20,679 [INFO] __main__ — 봇 주가요약 제외 [로보티즈]: 2건
2026-10-06 16:24:20,705 [INFO] __main__ — 뉴스 시점 제외 [예스티]: 13건 (>14일/파싱실패)
2026-10-06 16:24:24,685 [INFO] __main__ — 봇 주가요약 제외 [우리기술투자]: 3건
2026-10-06 16:24:27,871 [INFO] __main__ — 뉴스 시점 제외 [파인엠텍]: 21건 (>14일/파싱실패)
2026-10-06 16:24:27,872 [INFO] __main__ — 봇 주가요약 제외 [파인엠텍]: 1건
2026-10-06 16:24:27,984 [INFO] __main__ — 뉴스 시점 제외 [상신이디피]: 13건 (>14일/파싱실패)
2026-10-06 16:24:28,054 [INFO] __main__ — 뉴스 시점 제외 [세보엠이씨]: 25건 (>14일/파싱실패)
2026-10-06 16:24:31,265 [INFO] __main__ — 뉴스 시점 제외 [티씨머티리얼즈]: 27건 (>14일/파싱실패)
2026-10-06 16:24:34,160 [INFO] __main__ — 기사 보존(수집): 102건 (13종목) → news_articles
2026-10-06 16:24:34,162 [INFO] __main__ — 공시 보존(수집): 11건 (13종목) → dart_filings
2026-10-06 16:24:34,162 [INFO] __main__ — 수집 완료: 뉴스 102건 | 공시 11건
2026-10-06 16:24:34,162 [INFO] __main__ — FinBERT 감성 분석 (finbert 모드)...
2026-10-06 16:24:34,162 [INFO] __main__ — FinBERT 로딩: snunlp/KR-FinBert-SC (CPU, batch=8)
2026-10-06 16:24:34,286 [INFO] httpx — HTTP Request: GET https://huggingface.co/api/agent-harnesses "HTTP/1.1 200 OK"
2026-10-06 16:24:34,359 [INFO] httpx — HTTP Request: GET https://huggingface.co/api/models/snunlp/KR-FinBert-SC "HTTP/1.1 200 OK"
2026-10-06 16:24:34,446 [INFO] httpx — HTTP Request: HEAD https://huggingface.co/snunlp/KR-FinBert-SC/resolve/main/model.safetensors "HTTP/1.1 404 Not Found"
2026-10-06 16:24:34,446 [WARNING] huggingface_hub.utils._http — Warning: You are sending unauthenticated requests to the HF Hub. Please set a HF_TOKEN to enable higher rate limits and faster downloads.
2026-10-06 16:24:34,531 [INFO] httpx — HTTP Request: GET https://huggingface.co/api/models/snunlp/KR-FinBert-SC "HTTP/1.1 200 OK"
2026-10-06 16:24:34,618 [INFO] httpx — HTTP Request: GET https://huggingface.co/api/models/snunlp/KR-FinBert-SC/commits/main "HTTP/1.1 200 OK"
2026-10-06 16:24:34,632 [INFO] httpx — HTTP Request: GET https://huggingface.co/api/models/snunlp/KR-FinBert-SC/tree/main/additional_chat_templates?recursive=false&expand=false "HTTP/1.1 404 Not Found"
2026-10-06 16:24:34,693 [INFO] httpx — HTTP Request: GET https://huggingface.co/api/models/snunlp/KR-FinBert-SC/discussions?p=0 "HTTP/1.1 200 OK"
2026-10-06 16:24:34,719 [INFO] httpx — HTTP Request: GET https://huggingface.co/api/models/snunlp/KR-FinBert-SC/tree/main?recursive=true&expand=false "HTTP/1.1 200 OK"
2026-10-06 16:24:34,778 [INFO] httpx — HTTP Request: GET https://huggingface.co/api/models/snunlp/KR-FinBert-SC/commits/refs%2Fpr%2F3 "HTTP/1.1 200 OK"
2026-10-06 16:24:34,810 [INFO] httpx — HTTP Request: HEAD https://huggingface.co/snunlp/KR-FinBert-SC/resolve/f8586286cc3161fb648e9fee09a456069fd846d0/processor_config.json "HTTP/1.1 404 Not Found"
2026-10-06 16:24:34,848 [INFO] httpx — HTTP Request: HEAD https://huggingface.co/snunlp/KR-FinBert-SC/resolve/refs%2Fpr%2F3/model.safetensors.index.json "HTTP/1.1 404 Not Found"
2026-10-06 16:24:34,883 [INFO] httpx — HTTP Request: HEAD https://huggingface.co/snunlp/KR-FinBert-SC/resolve/f8586286cc3161fb648e9fee09a456069fd846d0/video_preprocessor_config.json "HTTP/1.1 404 Not Found"
2026-10-06 16:24:34,925 [INFO] httpx — HTTP Request: HEAD https://huggingface.co/snunlp/KR-FinBert-SC/resolve/refs%2Fpr%2F3/model.safetensors "HTTP/1.1 302 Found"
2026-10-06 16:24:34,962 [INFO] httpx — HTTP Request: HEAD https://huggingface.co/snunlp/KR-FinBert-SC/resolve/f8586286cc3161fb648e9fee09a456069fd846d0/preprocessor_config.json "HTTP/1.1 404 Not Found"
2026-10-06 16:24:34,963 [INFO] __main__ — FinBERT 로드 완료 (CPU)
2026-10-06 16:24:36,637 [INFO] __main__ — Phase A.1: 매핑 신뢰도 < 0.5 → 감성 점수 폐기 10건
2026-10-06 16:24:36,637 [INFO] __main__ — 스코어링: 13개 | 집중:0 | FinBERT:finbert
2026-10-06 16:24:36,648 [INFO] __main__ —   → 13개
2026-10-06 16:24:36,648 [INFO] __main__ — ▶ Step 4: 발송
2026-10-06 16:24:40,339 [INFO] __main__ — DB 기록: 6개 / 전체 to_send 6개
2026-10-06 16:24:40,339 [INFO] __main__ — 발송: 6종목 | 진입 후보 2 | 신규 1
2026-10-06 16:24:40,339 [INFO] __main__ — 완료  |  소요: 610.5초
2026-10-06 16:24:41,052 [INFO] track_outcomes — pool_history 대조군 11682건 추적 대상 포함
2026-10-06 16:24:41,125 [INFO] track_outcomes — 고아 행 133건 복원 (targets에서 탈락한 미완 키)
2026-10-06 16:24:41,125 [INFO] track_outcomes — 대상 22441건 | 갱신 필요 9438건 | 완료 스킵 13136건
2026-10-06 16:24:41,127 [INFO] track_outcomes —   가격 조회 고유 종목 954개 (기존 317 + 대조군 추가 637)
2026-10-06 16:24:41,129 [INFO] track_outcomes —   가격 조회 종료일 2026-10-06 (KST 오늘 2026-10-07 01:24 — 당일 바 제외)
2026-10-06 16:39:04,894 [INFO] track_outcomes — outcomes 적재: 신규 339건 | 갱신(신규+보완) 2653건
