2026-07-07 12:17:02,435 [INFO] __main__ — config 검증 완료 ✓
2026-07-07 12:17:02,435 [INFO] __main__ — ============================================================
2026-07-07 12:17:02,435 [INFO] __main__ — AlphaRadar v3.3.1  |  기준일: 20260707
2026-07-07 12:17:02,435 [INFO] __main__ — S = T×0.3 + S_text×0.4 + D×0.3
2026-07-07 12:17:02,435 [INFO] __main__ — ============================================================
2026-07-07 12:17:02,435 [INFO] __main__ — ▶ Step 0: 유니버스 필터링
2026-07-07 12:17:02,613 [INFO] __main__ — FDR 데이터 수집: 20260101 ~ 20260707
2026-07-07 12:17:04,676 [INFO] __main__ — KOSPI: 945개 | 섹터정보 835개 (DART +835개 보완)
2026-07-07 12:17:04,677 [INFO] __main__ — KOSDAQ: 1821개 | 섹터정보 1821개
2026-07-07 12:17:04,677 [INFO] __main__ — 전체: 2766개
2026-07-07 12:17:06,837 [INFO] __main__ — KIS 토큰 발급 완료
2026-07-07 12:31:53,041 [INFO] __main__ — DART corp_code 매핑: 2167/2221개 (97%)
2026-07-07 12:31:53,041 [INFO] __main__ — 유효 유니버스: 2221개
2026-07-07 12:31:53,054 [INFO] __main__ —   → 2221개
2026-07-07 12:31:53,054 [INFO] __main__ — ▶ Step 1: 신호 탐지
2026-07-07 12:31:53,054 [INFO] __main__ — NaverClient: 3개 키 로드 (DataLab·검색 독립 회전)
2026-07-07 12:31:53,054 [INFO] __main__ — 관심 지수 및 부정 뉴스 비율 조회 중...
2026-07-07 12:32:40,127 [INFO] __main__ — 뉴스 시점 제외 [에스에이엠티]: 8건 (>14일/파싱실패)
2026-07-07 12:32:41,290 [INFO] __main__ — 뉴스 시점 제외 [이노인스트루먼트]: 9건 (>14일/파싱실패)
2026-07-07 12:32:42,473 [INFO] __main__ — 뉴스 시점 제외 [케일럼]: 9건 (>14일/파싱실패)
2026-07-07 12:32:43,654 [INFO] __main__ — 뉴스 시점 제외 [KX하이텍]: 7건 (>14일/파싱실패)
2026-07-07 12:32:44,999 [INFO] __main__ — 뉴스 시점 제외 [HB테크놀러지]: 5건 (>14일/파싱실패)
2026-07-07 12:32:47,415 [INFO] __main__ — 뉴스 시점 제외 [PS일렉트로닉스]: 4건 (>14일/파싱실패)
2026-07-07 12:32:53,636 [INFO] __main__ — 뉴스 시점 제외 [대원전선우]: 2건 (>14일/파싱실패)
2026-07-07 12:32:58,476 [INFO] __main__ — 뉴스 시점 제외 [미래에셋증권2우B]: 6건 (>14일/파싱실패)
2026-07-07 12:33:07,831 [INFO] __main__ — 뉴스 시점 제외 [티씨머티리얼즈]: 7건 (>14일/파싱실패)
2026-07-07 12:33:13,097 [INFO] __main__ — 뉴스 시점 제외 [아남전자]: 10건 (>14일/파싱실패)
2026-07-07 12:33:19,026 [INFO] __main__ — 뉴스 시점 제외 [삼성공조]: 13건 (>14일/파싱실패)
2026-07-07 12:33:20,377 [INFO] __main__ — 뉴스 시점 제외 [성도이엔지]: 8건 (>14일/파싱실패)
2026-07-07 12:33:21,568 [INFO] __main__ — 뉴스 시점 제외 [KBI동양철관]: 5건 (>14일/파싱실패)
2026-07-07 12:33:24,489 [INFO] __main__ — 뉴스 시점 제외 [샘씨엔에스]: 6건 (>14일/파싱실패)
2026-07-07 12:33:30,031 [INFO] __main__ — 뉴스 시점 제외 [아이로보틱스]: 4건 (>14일/파싱실패)
2026-07-07 12:33:30,066 [INFO] __main__ — 뉴스 시점 제외 [수산세보틱스]: 9건 (>14일/파싱실패)
2026-07-07 12:33:36,473 [INFO] __main__ — 뉴스 시점 제외 [양지사]: 14건 (>14일/파싱실패)
2026-07-07 12:33:41,984 [INFO] __main__ — 뉴스 시점 제외 [에이치엠넥스]: 8건 (>14일/파싱실패)
2026-07-07 12:33:45,545 [INFO] __main__ — 뉴스 시점 제외 [엘브이엠씨홀딩스]: 10건 (>14일/파싱실패)
2026-07-07 12:33:46,771 [INFO] __main__ — 뉴스 시점 제외 [우리기술투자]: 5건 (>14일/파싱실패)
2026-07-07 12:33:49,627 [INFO] __main__ — 뉴스 시점 제외 [라이콤]: 4건 (>14일/파싱실패)
2026-07-07 12:33:50,193 [INFO] __main__ — 뉴스 시점 제외 [대아티아이]: 3건 (>14일/파싱실패)
2026-07-07 12:33:56,489 [INFO] __main__ — 뉴스 시점 제외 [에코프로머티]: 2건 (>14일/파싱실패)
2026-07-07 12:34:06,536 [INFO] __main__ — 뉴스 시점 제외 [일신석재]: 12건 (>14일/파싱실패)
2026-07-07 12:34:17,282 [INFO] __main__ — 뉴스 시점 제외 [에이티넘인베스트]: 12건 (>14일/파싱실패)
2026-07-07 12:34:18,335 [INFO] __main__ — 뉴스 시점 제외 [옴니시스템]: 8건 (>14일/파싱실패)
2026-07-07 12:34:18,459 [INFO] __main__ — 뉴스 시점 제외 [모베이스전자]: 8건 (>14일/파싱실패)
2026-07-07 12:34:19,634 [INFO] __main__ — 뉴스 시점 제외 [디아이씨]: 8건 (>14일/파싱실패)
2026-07-07 12:34:19,969 [INFO] __main__ — 뉴스 시점 제외 [대영포장]: 15건 (>14일/파싱실패)
2026-07-07 12:34:21,974 [INFO] __main__ — 뉴스 시점 제외 [THE E&M]: 14건 (>14일/파싱실패)
2026-07-07 12:34:27,007 [INFO] __main__ — 뉴스 시점 제외 [ESR켄달스퀘어리츠]: 7건 (>14일/파싱실패)
2026-07-07 12:34:29,463 [INFO] __main__ — 뉴스 시점 제외 [삼익악기]: 12건 (>14일/파싱실패)
2026-07-07 12:34:34,277 [INFO] __main__ — 뉴스 시점 제외 [지앤비에스 에코]: 1건 (>14일/파싱실패)
2026-07-07 12:34:34,286 [INFO] __main__ — 뉴스 시점 제외 [네오셈]: 8건 (>14일/파싱실패)
2026-07-07 12:34:39,684 [INFO] __main__ — 뉴스 시점 제외 [한라캐스트]: 3건 (>14일/파싱실패)
2026-07-07 12:34:48,604 [INFO] __main__ — 뉴스 시점 제외 [센코]: 1건 (>14일/파싱실패)
2026-07-07 12:34:50,971 [INFO] __main__ — 뉴스 시점 제외 [주성코퍼레이션]: 11건 (>14일/파싱실패)
2026-07-07 12:34:57,266 [INFO] __main__ — 뉴스 시점 제외 [경인양행]: 11건 (>14일/파싱실패)
2026-07-07 12:34:59,690 [INFO] __main__ — 뉴스 시점 제외 [태양금속]: 15건 (>14일/파싱실패)
2026-07-07 12:35:04,492 [INFO] __main__ — 뉴스 시점 제외 [프로이천]: 11건 (>14일/파싱실패)
2026-07-07 12:35:05,698 [INFO] __main__ — 뉴스 시점 제외 [서울식품]: 10건 (>14일/파싱실패)
2026-07-07 12:35:09,273 [INFO] __main__ — 뉴스 시점 제외 [MDS테크]: 7건 (>14일/파싱실패)
2026-07-07 12:35:11,842 [INFO] __main__ — 뉴스 시점 제외 [바이오플러스]: 5건 (>14일/파싱실패)
2026-07-07 12:35:16,708 [INFO] __main__ — 뉴스 시점 제외 [한일철강]: 5건 (>14일/파싱실패)
2026-07-07 12:35:17,014 [INFO] __main__ — 뉴스 시점 제외 [에스티큐브]: 10건 (>14일/파싱실패)
2026-07-07 12:35:18,084 [INFO] __main__ — 뉴스 시점 제외 [LB세미콘]: 1건 (>14일/파싱실패)
2026-07-07 12:35:18,392 [INFO] __main__ — 뉴스 시점 제외 [유니테스트]: 1건 (>14일/파싱실패)
2026-07-07 12:35:19,384 [INFO] __main__ — 뉴스 시점 제외 [케이엠더블유]: 4건 (>14일/파싱실패)
2026-07-07 12:35:19,760 [INFO] __main__ — 뉴스 시점 제외 [YG PLUS]: 10건 (>14일/파싱실패)
2026-07-07 12:35:24,365 [INFO] __main__ — 뉴스 시점 제외 [영화금속]: 10건 (>14일/파싱실패)
2026-07-07 12:35:24,786 [INFO] __main__ — 뉴스 시점 제외 [티케이케미칼]: 7건 (>14일/파싱실패)
2026-07-07 12:35:25,572 [INFO] __main__ — 뉴스 시점 제외 [이루온]: 14건 (>14일/파싱실패)
2026-07-07 12:35:26,068 [INFO] __main__ — 부정 키워드 감지: 30개 종목 (neg_ratio > 0)
2026-07-07 12:35:26,072 [INFO] __main__ — 수급일수충족·합계음수 제외: 119개
2026-07-07 12:35:38,160 [INFO] __main__ — 뉴스 시점 제외 [KB발해인프라]: 13건 (>14일/파싱실패)
2026-07-07 12:35:38,540 [INFO] __main__ — 뉴스 시점 제외 [삼성화재우]: 15건 (>14일/파싱실패)
2026-07-07 12:35:43,462 [INFO] __main__ — 뉴스 시점 제외 [한국단자]: 10건 (>14일/파싱실패)
2026-07-07 12:35:44,149 [INFO] __main__ — 뉴스 시점 제외 [한국쉘석유]: 1건 (>14일/파싱실패)
2026-07-07 12:35:44,300 [INFO] __main__ — 뉴스 시점 제외 [신한알파리츠]: 10건 (>14일/파싱실패)
2026-07-07 12:35:44,818 [INFO] __main__ — 뉴스 시점 제외 [CJ4우(전환)]: 14건 (>14일/파싱실패)
2026-07-07 12:35:46,783 [INFO] __main__ — 뉴스 시점 제외 [맵스리얼티]: 15건 (>14일/파싱실패)
2026-07-07 12:35:47,254 [INFO] __main__ — 뉴스 시점 제외 [삼성FN리츠]: 13건 (>14일/파싱실패)
2026-07-07 12:35:48,544 [INFO] __main__ — 뉴스 시점 제외 [바이오노트]: 7건 (>14일/파싱실패)
2026-07-07 12:35:50,034 [INFO] __main__ — 뉴스 시점 제외 [NH투자증권우]: 13건 (>14일/파싱실패)
2026-07-07 12:35:50,044 [INFO] __main__ — 뉴스 시점 제외 [농심홀딩스]: 7건 (>14일/파싱실패)
2026-07-07 12:35:50,694 [INFO] __main__ — 뉴스 시점 제외 [코람코라이프인프라리츠]: 13건 (>14일/파싱실패)
2026-07-07 12:35:51,363 [INFO] __main__ — 뉴스 시점 제외 [조광피혁]: 13건 (>14일/파싱실패)
2026-07-07 12:35:51,386 [INFO] __main__ — 뉴스 시점 제외 [아모레퍼시픽우]: 13건 (>14일/파싱실패)
2026-07-07 12:35:51,646 [INFO] __main__ — 뉴스 시점 제외 [신대양제지]: 15건 (>14일/파싱실패)
2026-07-07 12:35:52,670 [INFO] __main__ — 뉴스 시점 제외 [KISCO홀딩스]: 12건 (>14일/파싱실패)
2026-07-07 12:35:52,677 [INFO] __main__ — 뉴스 시점 제외 [코람코더원리츠]: 10건 (>14일/파싱실패)
2026-07-07 12:35:53,339 [INFO] __main__ — 뉴스 시점 제외 [일진하이솔루스]: 10건 (>14일/파싱실패)
2026-07-07 12:35:53,575 [INFO] __main__ — 뉴스 시점 제외 [명신산업]: 13건 (>14일/파싱실패)
2026-07-07 12:35:54,316 [INFO] __main__ — 뉴스 시점 제외 [KPX홀딩스]: 10건 (>14일/파싱실패)
2026-07-07 12:35:55,044 [INFO] __main__ — 뉴스 시점 제외 [삼성물산우B]: 14건 (>14일/파싱실패)
2026-07-07 12:35:56,270 [INFO] __main__ — 뉴스 시점 제외 [두산2우B]: 15건 (>14일/파싱실패)
2026-07-07 12:35:56,333 [INFO] __main__ — 뉴스 시점 제외 [국도화학]: 12건 (>14일/파싱실패)
2026-07-07 12:35:56,944 [INFO] __main__ — 뉴스 시점 제외 [현대퓨처넷]: 8건 (>14일/파싱실패)
2026-07-07 12:35:56,981 [INFO] __main__ — 뉴스 시점 제외 [삼영전자]: 3건 (>14일/파싱실패)
2026-07-07 12:36:00,186 [INFO] __main__ — 뉴스 시점 제외 [서울가스]: 8건 (>14일/파싱실패)
2026-07-07 12:36:00,214 [INFO] __main__ — 뉴스 시점 제외 [S-Oil우]: 12건 (>14일/파싱실패)
2026-07-07 12:36:01,497 [INFO] __main__ — 뉴스 시점 제외 [이지스밸류플러스리츠]: 9건 (>14일/파싱실패)
2026-07-07 12:36:01,522 [INFO] __main__ — 뉴스 시점 제외 [아이마켓코리아]: 10건 (>14일/파싱실패)
2026-07-07 12:36:02,179 [INFO] __main__ — 뉴스 시점 제외 [CR홀딩스]: 11건 (>14일/파싱실패)
2026-07-07 12:36:02,833 [INFO] __main__ — 뉴스 시점 제외 [동아지질]: 5건 (>14일/파싱실패)
2026-07-07 12:36:02,846 [INFO] __main__ — 뉴스 시점 제외 [미창석유]: 12건 (>14일/파싱실패)
2026-07-07 12:36:03,453 [INFO] __main__ — 뉴스 시점 제외 [KSS해운]: 2건 (>14일/파싱실패)
2026-07-07 12:36:03,485 [INFO] __main__ — 뉴스 시점 제외 [SK우]: 9건 (>14일/파싱실패)
2026-07-07 12:36:04,140 [INFO] __main__ — 뉴스 시점 제외 [잇츠한불]: 10건 (>14일/파싱실패)
2026-07-07 12:36:04,145 [INFO] __main__ — 뉴스 시점 제외 [노루홀딩스]: 2건 (>14일/파싱실패)
2026-07-07 12:36:04,749 [INFO] __main__ — 뉴스 시점 제외 [모토닉]: 12건 (>14일/파싱실패)
2026-07-07 12:36:04,785 [INFO] __main__ — 뉴스 시점 제외 [미래에셋증권우]: 15건 (>14일/파싱실패)
2026-07-07 12:36:05,435 [INFO] __main__ — 뉴스 시점 제외 [LG생활건강우]: 13건 (>14일/파싱실패)
2026-07-07 12:36:05,462 [INFO] __main__ — 뉴스 시점 제외 [LG우]: 12건 (>14일/파싱실패)
2026-07-07 12:36:06,104 [INFO] __main__ — 뉴스 시점 제외 [진양홀딩스]: 8건 (>14일/파싱실패)
2026-07-07 12:36:06,721 [INFO] __main__ — 뉴스 시점 제외 [조선내화]: 9건 (>14일/파싱실패)
2026-07-07 12:36:06,952 [INFO] __main__ — 뉴스 시점 제외 [대성에너지]: 6건 (>14일/파싱실패)
2026-07-07 12:36:08,263 [INFO] __main__ — 뉴스 시점 제외 [이연제약]: 5건 (>14일/파싱실패)
2026-07-07 12:36:10,208 [INFO] __main__ — 뉴스 시점 제외 [사조씨푸드]: 10건 (>14일/파싱실패)
2026-07-07 12:36:10,609 [INFO] __main__ — 뉴스 시점 제외 [유수홀딩스]: 12건 (>14일/파싱실패)
2026-07-07 12:36:11,900 [INFO] __main__ — 뉴스 시점 제외 [아모레퍼시픽홀딩스3우C]: 14건 (>14일/파싱실패)
2026-07-07 12:36:12,165 [INFO] __main__ — 뉴스 시점 제외 [한진중공업홀딩스]: 14건 (>14일/파싱실패)
2026-07-07 12:36:13,230 [INFO] __main__ — 뉴스 시점 제외 [일진다이아]: 11건 (>14일/파싱실패)
2026-07-07 12:36:13,888 [INFO] __main__ — 뉴스 시점 제외 [이지스레지던스리츠]: 12건 (>14일/파싱실패)
2026-07-07 12:36:15,393 [INFO] __main__ — 뉴스 시점 제외 [텔코웨어]: 11건 (>14일/파싱실패)
2026-07-07 12:36:15,826 [INFO] __main__ — 뉴스 시점 제외 [경동도시가스]: 9건 (>14일/파싱실패)
2026-07-07 12:36:15,827 [INFO] __main__ — 뉴스 시점 제외 [현대코퍼레이션홀딩스]: 10건 (>14일/파싱실패)
2026-07-07 12:36:16,033 [INFO] __main__ — 뉴스 시점 제외 [DKME]: 10건 (>14일/파싱실패)
2026-07-07 12:36:16,486 [INFO] __main__ — 뉴스 시점 제외 [조선선재]: 8건 (>14일/파싱실패)
2026-07-07 12:36:16,490 [INFO] __main__ — 뉴스 시점 제외 [대성홀딩스]: 11건 (>14일/파싱실패)
2026-07-07 12:36:16,681 [INFO] __main__ — 뉴스 시점 제외 [티에이치엔]: 4건 (>14일/파싱실패)
2026-07-07 12:36:17,158 [INFO] __main__ — 뉴스 시점 제외 [아시아나IDT]: 9건 (>14일/파싱실패)
2026-07-07 12:36:17,335 [INFO] __main__ — 뉴스 시점 제외 [그린케미칼]: 10건 (>14일/파싱실패)
2026-07-07 12:36:17,807 [INFO] __main__ — 뉴스 시점 제외 [한국제지]: 4건 (>14일/파싱실패)
2026-07-07 12:36:17,816 [INFO] __main__ — 뉴스 시점 제외 [무림P&P]: 6건 (>14일/파싱실패)
2026-07-07 12:36:18,734 [INFO] __main__ — 뉴스 시점 제외 [세이브존I&C]: 15건 (>14일/파싱실패)
2026-07-07 12:36:19,376 [INFO] __main__ — 뉴스 시점 제외 [동남합성]: 13건 (>14일/파싱실패)
2026-07-07 12:36:19,796 [INFO] __main__ — 뉴스 시점 제외 [영보화학]: 11건 (>14일/파싱실패)
2026-07-07 12:36:19,797 [INFO] __main__ — 뉴스 시점 제외 [황금에스티]: 7건 (>14일/파싱실패)
2026-07-07 12:36:20,009 [INFO] __main__ — 뉴스 시점 제외 [DL이앤씨2우(전환)]: 13건 (>14일/파싱실패)
2026-07-07 12:36:20,658 [INFO] __main__ — 뉴스 시점 제외 [크라운해태홀딩스]: 6건 (>14일/파싱실패)
2026-07-07 12:36:21,303 [INFO] __main__ — 뉴스 시점 제외 [우신시스템]: 8건 (>14일/파싱실패)
2026-07-07 12:36:21,777 [INFO] __main__ — 뉴스 시점 제외 [한신기계]: 10건 (>14일/파싱실패)
2026-07-07 12:36:21,952 [INFO] __main__ — 뉴스 시점 제외 [동인기연]: 8건 (>14일/파싱실패)
2026-07-07 12:36:22,437 [INFO] __main__ — 뉴스 시점 제외 [한국수출포장]: 15건 (>14일/파싱실패)
2026-07-07 12:36:22,623 [INFO] __main__ — 뉴스 시점 제외 [SK이노베이션우]: 14건 (>14일/파싱실패)
2026-07-07 12:36:23,259 [INFO] __main__ — 뉴스 시점 제외 [NH프라임리츠]: 9건 (>14일/파싱실패)
2026-07-07 12:36:23,733 [INFO] __main__ — 뉴스 시점 제외 [CJ씨푸드]: 8건 (>14일/파싱실패)
2026-07-07 12:36:24,340 [INFO] __main__ — 뉴스 시점 제외 [성창기업지주]: 8건 (>14일/파싱실패)
2026-07-07 12:36:24,383 [INFO] __main__ — 뉴스 시점 제외 [페이퍼코리아]: 7건 (>14일/파싱실패)
2026-07-07 12:36:24,554 [INFO] __main__ — 뉴스 시점 제외 [제일연마]: 13건 (>14일/파싱실패)
2026-07-07 12:36:24,987 [INFO] __main__ — 뉴스 시점 제외 [유한양행우]: 14건 (>14일/파싱실패)
2026-07-07 12:36:25,207 [INFO] __main__ — 뉴스 시점 제외 [한국내화]: 10건 (>14일/파싱실패)
2026-07-07 12:36:25,636 [INFO] __main__ — 뉴스 시점 제외 [태경케미컬]: 10건 (>14일/파싱실패)
2026-07-07 12:36:25,882 [INFO] __main__ — 뉴스 시점 제외 [삼정펄프]: 15건 (>14일/파싱실패)
2026-07-07 12:36:26,323 [INFO] __main__ — 뉴스 시점 제외 [화천기계]: 11건 (>14일/파싱실패)
2026-07-07 12:36:26,525 [INFO] __main__ — 뉴스 시점 제외 [무림페이퍼]: 4건 (>14일/파싱실패)
2026-07-07 12:36:26,929 [INFO] __main__ — 뉴스 시점 제외 [호전실업]: 13건 (>14일/파싱실패)
2026-07-07 12:36:27,622 [INFO] __main__ — 뉴스 시점 제외 [새론오토모티브]: 12건 (>14일/파싱실패)
2026-07-07 12:36:27,806 [INFO] __main__ — 뉴스 시점 제외 [롯데칠성우]: 15건 (>14일/파싱실패)
2026-07-07 12:36:28,452 [INFO] __main__ — 뉴스 시점 제외 [SJM]: 11건 (>14일/파싱실패)
2026-07-07 12:36:28,855 [INFO] __main__ — 뉴스 시점 제외 [SG세계물산]: 7건 (>14일/파싱실패)
2026-07-07 12:36:29,110 [INFO] __main__ — 뉴스 시점 제외 [SK디스커버리우]: 15건 (>14일/파싱실패)
2026-07-07 12:36:29,496 [INFO] __main__ — 뉴스 시점 제외 [미래에셋맵스리츠]: 11건 (>14일/파싱실패)
2026-07-07 12:36:29,602 [INFO] __main__ — 뉴스 시점 제외 [아진전자부품]: 11건 (>14일/파싱실패)
2026-07-07 12:36:29,754 [INFO] __main__ — 뉴스 시점 제외 [문배철강]: 6건 (>14일/파싱실패)
2026-07-07 12:36:30,245 [INFO] __main__ — 뉴스 시점 제외 [SK케미칼우]: 14건 (>14일/파싱실패)
2026-07-07 12:36:31,545 [INFO] __main__ — 뉴스 시점 제외 [우진플라임]: 11건 (>14일/파싱실패)
2026-07-07 12:36:31,696 [INFO] __main__ — 뉴스 시점 제외 [DL우]: 15건 (>14일/파싱실패)
2026-07-07 12:36:32,082 [INFO] __main__ — 뉴스 시점 제외 [MH에탄올]: 8건 (>14일/파싱실패)
2026-07-07 12:36:32,189 [INFO] __main__ — 뉴스 시점 제외 [세우글로벌]: 14건 (>14일/파싱실패)
2026-07-07 12:36:33,487 [INFO] __main__ — 뉴스 시점 제외 [진양폴리]: 11건 (>14일/파싱실패)
2026-07-07 12:36:45,340 [INFO] __main__ — 뉴스 시점 제외 [툴젠]: 10건 (>14일/파싱실패)
2026-07-07 12:36:47,286 [INFO] __main__ — 뉴스 시점 제외 [바이오다인]: 9건 (>14일/파싱실패)
2026-07-07 12:36:47,681 [INFO] __main__ — 뉴스 시점 제외 [나이스정보통신]: 10건 (>14일/파싱실패)
2026-07-07 12:36:49,457 [INFO] __main__ — 뉴스 시점 제외 [세보엠이씨]: 9건 (>14일/파싱실패)
2026-07-07 12:36:50,758 [INFO] __main__ — 뉴스 시점 제외 [케이티알파]: 12건 (>14일/파싱실패)
2026-07-07 12:36:51,087 [INFO] __main__ — 뉴스 시점 제외 [슈어소프트테크]: 10건 (>14일/파싱실패)
2026-07-07 12:36:51,163 [INFO] __main__ — 뉴스 시점 제외 [삼목에스폼]: 12건 (>14일/파싱실패)
2026-07-07 12:36:52,054 [INFO] __main__ — 뉴스 시점 제외 [에코아이]: 14건 (>14일/파싱실패)
2026-07-07 12:36:52,384 [INFO] __main__ — 뉴스 시점 제외 [석경에이티]: 9건 (>14일/파싱실패)
2026-07-07 12:36:53,033 [INFO] __main__ — 뉴스 시점 제외 [디지털대성]: 4건 (>14일/파싱실패)
2026-07-07 12:36:53,749 [INFO] __main__ — 뉴스 시점 제외 [BGF에코머티리얼즈]: 15건 (>14일/파싱실패)
2026-07-07 12:36:53,982 [INFO] __main__ — 뉴스 시점 제외 [코메론]: 11건 (>14일/파싱실패)
2026-07-07 12:36:54,659 [INFO] __main__ — 뉴스 시점 제외 [KZ정밀]: 12건 (>14일/파싱실패)
2026-07-07 12:36:54,675 [INFO] __main__ — 뉴스 시점 제외 [네오위즈홀딩스]: 2건 (>14일/파싱실패)
2026-07-07 12:36:54,684 [INFO] __main__ — 뉴스 시점 제외 [듀켐바이오]: 12건 (>14일/파싱실패)
2026-07-07 12:36:56,163 [INFO] __main__ — 뉴스 시점 제외 [레드캡투어]: 4건 (>14일/파싱실패)
2026-07-07 12:36:57,431 [INFO] __main__ — 뉴스 시점 제외 [재영솔루텍]: 9건 (>14일/파싱실패)
2026-07-07 12:36:58,978 [INFO] __main__ — 뉴스 시점 제외 [엠아이텍]: 9건 (>14일/파싱실패)
2026-07-07 12:36:59,386 [INFO] __main__ — 뉴스 시점 제외 [더즌]: 11건 (>14일/파싱실패)
2026-07-07 12:36:59,628 [INFO] __main__ — 뉴스 시점 제외 [디에스케이]: 9건 (>14일/파싱실패)
2026-07-07 12:37:00,035 [INFO] __main__ — 뉴스 시점 제외 [삼보판지]: 14건 (>14일/파싱실패)
2026-07-07 12:37:00,311 [INFO] __main__ — 뉴스 시점 제외 [아이패밀리에스씨]: 8건 (>14일/파싱실패)
2026-07-07 12:37:00,963 [INFO] __main__ — 뉴스 시점 제외 [윤성에프앤씨]: 10건 (>14일/파싱실패)
2026-07-07 12:37:02,244 [INFO] __main__ — 뉴스 시점 제외 [아이비김영]: 1건 (>14일/파싱실패)
2026-07-07 12:37:03,323 [INFO] __main__ — 뉴스 시점 제외 [KT나스미디어]: 11건 (>14일/파싱실패)
2026-07-07 12:37:04,187 [INFO] __main__ — 뉴스 시점 제외 [슈프리마에이치큐]: 11건 (>14일/파싱실패)
2026-07-07 12:37:04,836 [INFO] __main__ — 뉴스 시점 제외 [인포바인]: 13건 (>14일/파싱실패)
2026-07-07 12:37:05,254 [INFO] __main__ — 뉴스 시점 제외 [진로발효]: 10건 (>14일/파싱실패)
2026-07-07 12:37:05,661 [INFO] __main__ — 뉴스 시점 제외 [탑런토탈솔루션]: 15건 (>14일/파싱실패)
2026-07-07 12:37:05,899 [INFO] __main__ — 뉴스 시점 제외 [솔본]: 11건 (>14일/파싱실패)
2026-07-07 12:37:06,138 [INFO] __main__ — 뉴스 시점 제외 [우리손에프앤지]: 12건 (>14일/파싱실패)
2026-07-07 12:37:06,539 [INFO] __main__ — 뉴스 시점 제외 [현대바이오랜드]: 2건 (>14일/파싱실패)
2026-07-07 12:37:07,176 [INFO] __main__ — 뉴스 시점 제외 [케이엔더블유]: 8건 (>14일/파싱실패)
2026-07-07 12:37:07,614 [INFO] __main__ — 뉴스 시점 제외 [세운메디칼]: 12건 (>14일/파싱실패)
2026-07-07 12:37:07,827 [INFO] __main__ — 뉴스 시점 제외 [레이언스]: 10건 (>14일/파싱실패)
2026-07-07 12:37:08,101 [INFO] __main__ — 뉴스 시점 제외 [대정화금]: 13건 (>14일/파싱실패)
2026-07-07 12:37:08,753 [INFO] __main__ — 뉴스 시점 제외 [스톰테크]: 8건 (>14일/파싱실패)
2026-07-07 12:37:09,563 [INFO] __main__ — 뉴스 시점 제외 [정상제이엘에스]: 7건 (>14일/파싱실패)
2026-07-07 12:37:10,053 [INFO] __main__ — 뉴스 시점 제외 [에이치엔에스하이텍]: 10건 (>14일/파싱실패)
2026-07-07 12:37:10,425 [INFO] __main__ — 뉴스 시점 제외 [서원인텍]: 12건 (>14일/파싱실패)
2026-07-07 12:37:11,353 [INFO] __main__ — 뉴스 시점 제외 [이지케어텍]: 6건 (>14일/파싱실패)
2026-07-07 12:37:12,816 [INFO] __main__ — 뉴스 시점 제외 [창해에탄올]: 13건 (>14일/파싱실패)
2026-07-07 12:37:13,009 [INFO] __main__ — 뉴스 시점 제외 [중앙에너비스]: 10건 (>14일/파싱실패)
2026-07-07 12:37:14,145 [INFO] __main__ — 뉴스 시점 제외 [대림제지]: 14건 (>14일/파싱실패)
2026-07-07 12:37:14,773 [INFO] __main__ — 뉴스 시점 제외 [엔브이에이치코리아]: 13건 (>14일/파싱실패)
2026-07-07 12:37:14,962 [INFO] __main__ — 뉴스 시점 제외 [리드코프]: 10건 (>14일/파싱실패)
2026-07-07 12:37:16,071 [INFO] __main__ — 뉴스 시점 제외 [탑머티리얼]: 9건 (>14일/파싱실패)
2026-07-07 12:37:16,095 [INFO] __main__ — 뉴스 시점 제외 [삼현철강]: 5건 (>14일/파싱실패)
2026-07-07 12:37:16,887 [INFO] __main__ — 뉴스 시점 제외 [라이온켐텍]: 13건 (>14일/파싱실패)
2026-07-07 12:37:17,545 [INFO] __main__ — 뉴스 시점 제외 [셀바스헬스케어]: 11건 (>14일/파싱실패)
2026-07-07 12:37:18,204 [INFO] __main__ — 뉴스 시점 제외 [신스틸]: 10건 (>14일/파싱실패)
2026-07-07 12:37:18,833 [INFO] __main__ — 뉴스 시점 제외 [모델솔루션]: 11건 (>14일/파싱실패)
2026-07-07 12:37:18,867 [INFO] __main__ — 뉴스 시점 제외 [트루엔]: 7건 (>14일/파싱실패)
2026-07-07 12:37:19,484 [INFO] __main__ — 뉴스 시점 제외 [피제이메탈]: 7건 (>14일/파싱실패)
2026-07-07 12:37:19,522 [INFO] __main__ — 뉴스 시점 제외 [제이엔케이글로벌]: 11건 (>14일/파싱실패)
2026-07-07 12:37:19,526 [INFO] __main__ — 뉴스 시점 제외 [녹십자엠에스]: 7건 (>14일/파싱실패)
2026-07-07 12:37:20,188 [INFO] __main__ — 뉴스 시점 제외 [SY동아]: 10건 (>14일/파싱실패)
2026-07-07 12:37:20,192 [INFO] __main__ — 뉴스 시점 제외 [에스피소프트]: 9건 (>14일/파싱실패)
2026-07-07 12:37:21,503 [INFO] __main__ — 뉴스 시점 제외 [티에스아이]: 9건 (>14일/파싱실패)
2026-07-07 12:37:22,149 [INFO] __main__ — 뉴스 시점 제외 [미투온]: 2건 (>14일/파싱실패)
2026-07-07 12:37:22,823 [INFO] __main__ — 뉴스 시점 제외 [한국전자인증]: 12건 (>14일/파싱실패)
2026-07-07 12:37:23,454 [INFO] __main__ — 뉴스 시점 제외 [신일제약]: 6건 (>14일/파싱실패)
2026-07-07 12:37:24,010 [INFO] __main__ — 뉴스 시점 제외 [대륙제관]: 15건 (>14일/파싱실패)
2026-07-07 12:37:24,114 [INFO] __main__ — 뉴스 시점 제외 [푸드웰]: 14건 (>14일/파싱실패)
2026-07-07 12:37:24,656 [INFO] __main__ — 뉴스 시점 제외 [이건홀딩스]: 13건 (>14일/파싱실패)
2026-07-07 12:37:24,767 [INFO] __main__ — 뉴스 시점 제외 [샌즈랩]: 11건 (>14일/파싱실패)
2026-07-07 12:37:25,301 [INFO] __main__ — 뉴스 시점 제외 [잉크테크]: 14건 (>14일/파싱실패)
2026-07-07 12:37:25,418 [INFO] __main__ — 뉴스 시점 제외 [부방]: 7건 (>14일/파싱실패)
2026-07-07 12:37:25,946 [INFO] __main__ — 뉴스 시점 제외 [알파칩스]: 10건 (>14일/파싱실패)
2026-07-07 12:37:26,074 [INFO] __main__ — 뉴스 시점 제외 [셀바이오휴먼텍]: 11건 (>14일/파싱실패)
2026-07-07 12:37:26,610 [INFO] __main__ — 뉴스 시점 제외 [퓨런티어]: 11건 (>14일/파싱실패)
2026-07-07 12:37:27,895 [INFO] __main__ — 뉴스 시점 제외 [화성밸브]: 13건 (>14일/파싱실패)
2026-07-07 12:37:28,060 [INFO] __main__ — 뉴스 시점 제외 [아셈스]: 14건 (>14일/파싱실패)
2026-07-07 12:37:28,712 [INFO] __main__ — 뉴스 시점 제외 [HC홈센타]: 7건 (>14일/파싱실패)
2026-07-07 12:37:28,728 [INFO] __main__ — 뉴스 시점 제외 [SG&G]: 11건 (>14일/파싱실패)
2026-07-07 12:37:29,217 [INFO] __main__ — 뉴스 시점 제외 [인지소프트]: 15건 (>14일/파싱실패)
2026-07-07 12:37:30,034 [INFO] __main__ — 뉴스 시점 제외 [수산아이앤티]: 2건 (>14일/파싱실패)
2026-07-07 12:37:30,539 [INFO] __main__ — 뉴스 시점 제외 [코렌텍]: 11건 (>14일/파싱실패)
2026-07-07 12:37:30,699 [INFO] __main__ — 뉴스 시점 제외 [제이씨현시스템]: 12건 (>14일/파싱실패)
2026-07-07 12:37:30,703 [INFO] __main__ — 뉴스 시점 제외 [제일테크노스]: 11건 (>14일/파싱실패)
2026-07-07 12:37:31,193 [INFO] __main__ — 뉴스 시점 제외 [프로티아]: 13건 (>14일/파싱실패)
2026-07-07 12:37:31,363 [INFO] __main__ — 뉴스 시점 제외 [대성창투]: 13건 (>14일/파싱실패)
2026-07-07 12:37:31,846 [INFO] __main__ — 뉴스 시점 제외 [에스피시스템스]: 7건 (>14일/파싱실패)
2026-07-07 12:37:32,011 [INFO] __main__ — 뉴스 시점 제외 [와이어블]: 7건 (>14일/파싱실패)
2026-07-07 12:37:32,498 [INFO] __main__ — 뉴스 시점 제외 [구영테크]: 12건 (>14일/파싱실패)
2026-07-07 12:37:32,684 [INFO] __main__ — 뉴스 시점 제외 [오상자이엘]: 12건 (>14일/파싱실패)
2026-07-07 12:37:33,165 [INFO] __main__ — 뉴스 시점 제외 [셀로맥스사이언스]: 11건 (>14일/파싱실패)
2026-07-07 12:37:33,990 [INFO] __main__ — 뉴스 시점 제외 [씨유테크]: 11건 (>14일/파싱실패)
2026-07-07 12:37:34,651 [INFO] __main__ — 뉴스 시점 제외 [흥국에프엔비]: 13건 (>14일/파싱실패)
2026-07-07 12:37:34,669 [INFO] __main__ — 뉴스 시점 제외 [엘엠에스]: 12건 (>14일/파싱실패)
2026-07-07 12:37:35,958 [INFO] __main__ — 뉴스 시점 제외 [쎄노텍]: 11건 (>14일/파싱실패)
2026-07-07 12:37:36,609 [INFO] __main__ — 뉴스 시점 제외 [한국팩키지]: 14건 (>14일/파싱실패)
2026-07-07 12:37:36,612 [INFO] __main__ — 뉴스 시점 제외 [YW]: 14건 (>14일/파싱실패)
2026-07-07 12:37:37,268 [INFO] __main__ — 뉴스 시점 제외 [쓰리에이로직스]: 12건 (>14일/파싱실패)
2026-07-07 12:37:38,412 [INFO] __main__ — 뉴스 시점 제외 [에이텍모빌리티]: 9건 (>14일/파싱실패)
2026-07-07 12:37:38,575 [INFO] __main__ — 뉴스 시점 제외 [디와이디]: 8건 (>14일/파싱실패)
2026-07-07 12:37:39,069 [INFO] __main__ — 뉴스 시점 제외 [아세아텍]: 8건 (>14일/파싱실패)
2026-07-07 12:37:39,228 [INFO] __main__ — 뉴스 시점 제외 [링크제니시스]: 13건 (>14일/파싱실패)
2026-07-07 12:37:40,651 [INFO] __main__ — 뉴스 시점 제외 [오리엔트정공]: 11건 (>14일/파싱실패)
2026-07-07 12:37:41,004 [INFO] __main__ — 뉴스 시점 제외 [효성오앤비]: 14건 (>14일/파싱실패)
2026-07-07 12:37:41,174 [INFO] __main__ — 뉴스 시점 제외 [보라티알]: 12건 (>14일/파싱실패)
2026-07-07 12:37:41,293 [INFO] __main__ — 뉴스 시점 제외 [한독크린텍]: 13건 (>14일/파싱실패)
2026-07-07 12:37:43,287 [INFO] __main__ — 뉴스 시점 제외 [스튜디오미르]: 10건 (>14일/파싱실패)
2026-07-07 12:37:43,571 [INFO] __main__ — 뉴스 시점 제외 [포스뱅크]: 13건 (>14일/파싱실패)
2026-07-07 12:37:44,596 [INFO] __main__ — 뉴스 시점 제외 [KB오토시스]: 14건 (>14일/파싱실패)
2026-07-07 12:37:44,856 [INFO] __main__ — 뉴스 시점 제외 [브리지텍]: 12건 (>14일/파싱실패)
2026-07-07 12:37:45,373 [INFO] __main__ — 뉴스 시점 제외 [백금T&A]: 10건 (>14일/파싱실패)
2026-07-07 12:37:45,509 [INFO] __main__ — 뉴스 시점 제외 [에이치와이티씨]: 11건 (>14일/파싱실패)
2026-07-07 12:37:45,878 [INFO] __main__ — 뉴스 시점 제외 [한네트]: 13건 (>14일/파싱실패)
2026-07-07 12:37:46,016 [INFO] __main__ — 뉴스 시점 제외 [체리부로]: 10건 (>14일/파싱실패)
2026-07-07 12:37:46,670 [INFO] __main__ — 뉴스 시점 제외 [씨큐브]: 12건 (>14일/파싱실패)
2026-07-07 12:37:46,808 [INFO] __main__ — 뉴스 시점 제외 [트윔]: 12건 (>14일/파싱실패)
2026-07-07 12:37:47,342 [INFO] __main__ — 뉴스 시점 제외 [비씨월드제약]: 6건 (>14일/파싱실패)
2026-07-07 12:37:47,343 [INFO] __main__ — 뉴스 시점 제외 [제이엔비]: 10건 (>14일/파싱실패)
2026-07-07 12:37:48,253 [INFO] __main__ — 뉴스 시점 제외 [플랜티넷]: 9건 (>14일/파싱실패)
2026-07-07 12:37:49,059 [INFO] __main__ — 뉴스 시점 제외 [기산텔레콤]: 11건 (>14일/파싱실패)
2026-07-07 12:37:49,487 [INFO] __main__ — 뉴스 시점 제외 [동국알앤에스]: 7건 (>14일/파싱실패)
2026-07-07 12:37:49,871 [INFO] __main__ — 뉴스 시점 제외 [멤레이비티]: 14건 (>14일/파싱실패)
2026-07-07 12:37:50,275 [INFO] __main__ — 뉴스 시점 제외 [티케이지애강]: 11건 (>14일/파싱실패)
2026-07-07 12:37:50,276 [INFO] __main__ — 뉴스 시점 제외 [자이언트스텝]: 9건 (>14일/파싱실패)
2026-07-07 12:37:50,936 [INFO] __main__ — 뉴스 시점 제외 [프럼파스트]: 12건 (>14일/파싱실패)
2026-07-07 12:37:52,066 [INFO] __main__ — POOL_A 후보 부정뉴스 2차 조회: 644개
2026-07-07 12:37:52,071 [INFO] __main__ — POOL_A: 837개 (A:798 B:16 동시:23) | 부정게이트 제외:22
  대형:55 중형:146 소형:636
2026-07-07 12:37:52,080 [INFO] __main__ —   → POOL_A: 837개
2026-07-07 12:37:52,080 [INFO] __main__ — ▶ Step 2: 하드 필터링
2026-07-07 12:37:52,083 [INFO] __main__ — 하드 필터 제거: 824개 | 과열배제 51 | 이격도상한 2 | 이격도하한 219 | MA추세 510 | RSI과열 0 | 거래대금 42
2026-07-07 12:37:52,086 [INFO] __main__ — 과열 gated 기록: 51개 → gated_tickers
2026-07-07 12:37:52,086 [INFO] __main__ — POOL_B: 13개 | 대형:1 중형:6 소형:6
2026-07-07 12:37:52,086 [INFO] __main__ —   → POOL_B: 13개
2026-07-07 12:37:52,086 [INFO] __main__ — ▶ Step 3: 스코어링 (FinBERT 감성 분석)
2026-07-07 12:37:52,086 [INFO] __main__ — NaverClient: 3개 키 로드 (DataLab·검색 독립 회전)
2026-07-07 12:37:52,087 [INFO] __main__ — 텍스트 신규 수집: 13종목 (캐시 적중 0종목)
2026-07-07 12:37:57,396 [INFO] __main__ — 뉴스 시점 제외 [대양금속]: 20건 (>14일/파싱실패)
2026-07-07 12:38:06,185 [INFO] __main__ — 뉴스 시점 제외 [뉴파워프라즈마]: 13건 (>14일/파싱실패)
2026-07-07 12:38:14,136 [INFO] __main__ — 수집 완료: 뉴스 100건 | 공시 21건
2026-07-07 12:38:14,136 [INFO] __main__ — FinBERT 감성 분석 (finbert 모드)...
2026-07-07 12:38:14,136 [INFO] __main__ — FinBERT 로딩: snunlp/KR-FinBert-SC (CPU, batch=8)
2026-07-07 12:38:14,265 [INFO] httpx — HTTP Request: GET https://huggingface.co/api/agent-harnesses "HTTP/1.1 200 OK"
2026-07-07 12:38:14,312 [INFO] httpx — HTTP Request: HEAD https://huggingface.co/snunlp/KR-FinBert-SC/resolve/main/config.json "HTTP/1.1 307 Temporary Redirect"
2026-07-07 12:38:14,313 [WARNING] huggingface_hub.utils._http — Warning: You are sending unauthenticated requests to the HF Hub. Please set a HF_TOKEN to enable higher rate limits and faster downloads.
2026-07-07 12:38:14,329 [INFO] httpx — HTTP Request: HEAD https://huggingface.co/api/resolve-cache/models/snunlp/KR-FinBert-SC/f8586286cc3161fb648e9fee09a456069fd846d0/config.json "HTTP/1.1 200 OK"
2026-07-07 12:38:14,423 [INFO] httpx — HTTP Request: HEAD https://huggingface.co/snunlp/KR-FinBert-SC/resolve/main/model.safetensors "HTTP/1.1 404 Not Found"
2026-07-07 12:38:14,476 [INFO] httpx — HTTP Request: GET https://huggingface.co/api/models/snunlp/KR-FinBert-SC "HTTP/1.1 200 OK"
2026-07-07 12:38:14,551 [INFO] httpx — HTTP Request: GET https://huggingface.co/api/models/snunlp/KR-FinBert-SC/commits/main "HTTP/1.1 200 OK"
2026-07-07 12:38:14,610 [INFO] httpx — HTTP Request: GET https://huggingface.co/api/models/snunlp/KR-FinBert-SC/discussions?p=0 "HTTP/1.1 200 OK"
2026-07-07 12:38:14,628 [INFO] httpx — HTTP Request: GET https://huggingface.co/api/models/snunlp/KR-FinBert-SC/tree/main/additional_chat_templates?recursive=false&expand=false "HTTP/1.1 404 Not Found"
2026-07-07 12:38:14,672 [INFO] httpx — HTTP Request: GET https://huggingface.co/api/models/snunlp/KR-FinBert-SC/commits/refs%2Fpr%2F3 "HTTP/1.1 200 OK"
2026-07-07 12:38:14,684 [INFO] httpx — HTTP Request: GET https://huggingface.co/api/models/snunlp/KR-FinBert-SC/tree/main?recursive=true&expand=false "HTTP/1.1 200 OK"
2026-07-07 12:38:14,723 [INFO] httpx — HTTP Request: HEAD https://huggingface.co/snunlp/KR-FinBert-SC/resolve/refs%2Fpr%2F3/model.safetensors.index.json "HTTP/1.1 404 Not Found"
2026-07-07 12:38:14,757 [INFO] httpx — HTTP Request: HEAD https://huggingface.co/snunlp/KR-FinBert-SC/resolve/main/processor_config.json "HTTP/1.1 404 Not Found"
2026-07-07 12:38:14,778 [INFO] httpx — HTTP Request: HEAD https://huggingface.co/snunlp/KR-FinBert-SC/resolve/refs%2Fpr%2F3/model.safetensors "HTTP/1.1 302 Found"
2026-07-07 12:38:14,810 [INFO] httpx — HTTP Request: HEAD https://huggingface.co/snunlp/KR-FinBert-SC/resolve/main/video_preprocessor_config.json "HTTP/1.1 404 Not Found"
2026-07-07 12:38:14,865 [INFO] httpx — HTTP Request: HEAD https://huggingface.co/snunlp/KR-FinBert-SC/resolve/main/preprocessor_config.json "HTTP/1.1 404 Not Found"
2026-07-07 12:38:14,867 [INFO] __main__ — FinBERT 로드 완료 (CPU)
2026-07-07 12:38:18,749 [INFO] __main__ — Phase A.1: 매핑 신뢰도 < 0.5 → 감성 점수 폐기 10건
2026-07-07 12:38:18,749 [INFO] __main__ — 스코어링: 13개 | 집중:0 | FinBERT:finbert
2026-07-07 12:38:18,765 [INFO] __main__ —   → 13개
2026-07-07 12:38:18,765 [INFO] __main__ — ▶ Step 4: 발송
2026-07-07 12:38:22,061 [WARNING] __main__ — 텔레그램 발송 실패 그룹 → mark_sent skip 1개 (다음 실행 시 재발송 대상)
2026-07-07 12:38:22,061 [INFO] __main__ — DB 기록: 0개 / 전체 to_send 1개
2026-07-07 12:38:22,061 [INFO] __main__ — 발송: 집중 0 / 주시 0
2026-07-07 12:38:22,061 [INFO] __main__ — 완료  |  소요: 1279.6초
