2026-05-27 05:34:22,480 [INFO] __main__ — config 검증 완료 ✓
2026-05-27 05:34:22,480 [INFO] __main__ — ============================================================
2026-05-27 05:34:22,480 [INFO] __main__ — AlphaRadar v3.3.1  |  기준일: 20260527
2026-05-27 05:34:22,480 [INFO] __main__ — S = T×0.3 + S_text×0.4 + D×0.3
2026-05-27 05:34:22,480 [INFO] __main__ — ============================================================
2026-05-27 05:34:22,480 [INFO] __main__ — ▶ Step 0: 유니버스 필터링
2026-05-27 05:34:22,671 [INFO] __main__ — FDR 데이터 수집: 20251121 ~ 20260527
2026-05-27 05:34:24,377 [INFO] __main__ — KOSPI: 948개 | 섹터정보 838개 (DART +838개 보완)
2026-05-27 05:34:24,378 [INFO] __main__ — KOSDAQ: 1822개 | 섹터정보 1822개
2026-05-27 05:34:24,378 [INFO] __main__ — 전체: 2770개
2026-05-27 05:34:28,088 [INFO] __main__ — KIS 토큰 발급 완료
2026-05-27 05:57:10,555 [INFO] __main__ — DART corp_code 매핑: 2290/2347개 (97%)
2026-05-27 05:57:10,555 [INFO] __main__ — 유효 유니버스: 2347개
2026-05-27 05:57:10,568 [INFO] __main__ —   → 2347개
2026-05-27 05:57:10,568 [INFO] __main__ — ▶ Step 1: 신호 탐지
2026-05-27 05:57:10,568 [INFO] __main__ — NaverClient: 3개 키 로드 (DataLab·검색 독립 회전)
2026-05-27 05:57:10,568 [INFO] __main__ — 관심 지수 및 부정 뉴스 비율 조회 중...
2026-05-27 05:57:15,135 [INFO] __main__ — Naver datalab 키1 한도/인증 오류 → 키2 전환
2026-05-27 06:01:14,334 [INFO] __main__ — 부정 키워드 감지: 18개 종목 (neg_ratio > 0)
2026-05-27 06:01:14,343 [INFO] __main__ — POOL_A: 1029개 (A:947 B:18 동시:64)
  대형:61 중형:206 소형:762
2026-05-27 06:01:14,349 [INFO] __main__ —   → POOL_A: 1029개
2026-05-27 06:01:14,349 [INFO] __main__ — ▶ Step 2: 하드 필터링
2026-05-27 06:01:14,351 [INFO] __main__ — 하드 필터 제거: 867개 | 이격도상한 45 | 이격도하한 491 | MA추세 146 | RSI과열 1 | 거래대금 184
2026-05-27 06:01:14,351 [INFO] __main__ — POOL_B: 162개 | 대형:6 중형:52 소형:104
2026-05-27 06:01:14,351 [INFO] __main__ —   → POOL_B: 162개
2026-05-27 06:01:14,351 [INFO] __main__ — ▶ Step 3: 스코어링 (FinBERT 감성 분석)
2026-05-27 06:01:14,351 [INFO] __main__ — NaverClient: 3개 키 로드 (DataLab·검색 독립 회전)
2026-05-27 06:01:14,352 [INFO] __main__ — 텍스트 신규 수집: 162종목 (캐시 적중 0종목)
2026-05-27 06:05:53,508 [INFO] __main__ — 수집 완료: 뉴스 1497건 | 공시 1573건
2026-05-27 06:05:53,508 [INFO] __main__ — FinBERT 감성 분석 (finbert 모드)...
2026-05-27 06:05:53,508 [INFO] __main__ — FinBERT 로딩: snunlp/KR-FinBert-SC (CPU, batch=8)
2026-05-27 06:05:53,601 [INFO] httpx — HTTP Request: HEAD https://huggingface.co/snunlp/KR-FinBert-SC/resolve/main/config.json "HTTP/1.1 307 Temporary Redirect"
2026-05-27 06:05:53,602 [WARNING] huggingface_hub.utils._http — Warning: You are sending unauthenticated requests to the HF Hub. Please set a HF_TOKEN to enable higher rate limits and faster downloads.
2026-05-27 06:05:53,611 [INFO] httpx — HTTP Request: HEAD https://huggingface.co/api/resolve-cache/models/snunlp/KR-FinBert-SC/f8586286cc3161fb648e9fee09a456069fd846d0/config.json "HTTP/1.1 200 OK"
2026-05-27 06:05:53,654 [INFO] httpx — HTTP Request: HEAD https://huggingface.co/snunlp/KR-FinBert-SC/resolve/main/model.safetensors "HTTP/1.1 404 Not Found"
2026-05-27 06:05:53,684 [INFO] httpx — HTTP Request: GET https://huggingface.co/api/models/snunlp/KR-FinBert-SC "HTTP/1.1 200 OK"
2026-05-27 06:05:53,729 [INFO] httpx — HTTP Request: GET https://huggingface.co/api/models/snunlp/KR-FinBert-SC/commits/main "HTTP/1.1 200 OK"
2026-05-27 06:05:53,766 [INFO] httpx — HTTP Request: GET https://huggingface.co/api/models/snunlp/KR-FinBert-SC/discussions?p=0 "HTTP/1.1 200 OK"
2026-05-27 06:05:53,799 [INFO] httpx — HTTP Request: GET https://huggingface.co/api/models/snunlp/KR-FinBert-SC/tree/main/additional_chat_templates?recursive=false&expand=false "HTTP/1.1 404 Not Found"
2026-05-27 06:05:53,800 [INFO] httpx — HTTP Request: GET https://huggingface.co/api/models/snunlp/KR-FinBert-SC/commits/refs%2Fpr%2F3 "HTTP/1.1 200 OK"
2026-05-27 06:05:53,821 [INFO] httpx — HTTP Request: HEAD https://huggingface.co/snunlp/KR-FinBert-SC/resolve/refs%2Fpr%2F3/model.safetensors.index.json "HTTP/1.1 404 Not Found"
2026-05-27 06:05:53,823 [INFO] httpx — HTTP Request: GET https://huggingface.co/api/models/snunlp/KR-FinBert-SC/tree/main?recursive=true&expand=false "HTTP/1.1 200 OK"
2026-05-27 06:05:53,844 [INFO] __main__ — FinBERT 로드 완료 (CPU)
2026-05-27 06:05:53,848 [INFO] httpx — HTTP Request: HEAD https://huggingface.co/snunlp/KR-FinBert-SC/resolve/refs%2Fpr%2F3/model.safetensors "HTTP/1.1 302 Found"
2026-05-27 06:07:49,882 [INFO] __main__ — Phase A.1: 매핑 신뢰도 < 0.5 → 감성 점수 폐기 128건
2026-05-27 06:07:49,882 [INFO] __main__ — 스코어링: 162개 | 집중:1 | FinBERT:finbert
2026-05-27 06:07:49,902 [INFO] __main__ —   → 162개
2026-05-27 06:07:49,902 [INFO] __main__ — ▶ Step 4: 발송
2026-05-27 06:07:54,980 [INFO] __main__ — DB 기록: 45개 / 전체 to_send 45개
2026-05-27 06:07:54,980 [INFO] __main__ — 발송: 집중 1 / 주시 12
2026-05-27 06:07:54,980 [INFO] __main__ — 완료  |  소요: 2012.5초
