2026-06-18 00:03:36,005 [INFO] __main__ — config 검증 완료 ✓
2026-06-18 00:03:36,005 [INFO] __main__ — ============================================================
2026-06-18 00:03:36,005 [INFO] __main__ — AlphaRadar v3.3.1  |  기준일: 20260618
2026-06-18 00:03:36,005 [INFO] __main__ — S = T×0.3 + S_text×0.4 + D×0.3
2026-06-18 00:03:36,005 [INFO] __main__ — ============================================================
2026-06-18 00:03:36,005 [INFO] __main__ — ▶ Step 0: 유니버스 필터링
2026-06-18 00:03:36,171 [INFO] __main__ — FDR 데이터 수집: 20251213 ~ 20260618
2026-06-18 00:03:37,264 [INFO] __main__ — KOSPI: 946개 | 섹터정보 836개 (DART +836개 보완)
2026-06-18 00:03:37,264 [INFO] __main__ — KOSDAQ: 1822개 | 섹터정보 1822개
2026-06-18 00:03:37,265 [INFO] __main__ — 전체: 2768개
2026-06-18 00:03:39,119 [INFO] __main__ — KIS 토큰 발급 완료
2026-06-18 00:27:55,815 [INFO] __main__ — DART corp_code 매핑: 2236/2290개 (97%)
2026-06-18 00:27:55,815 [INFO] __main__ — 유효 유니버스: 2290개
2026-06-18 00:27:55,826 [INFO] __main__ —   → 2290개
2026-06-18 00:27:55,826 [INFO] __main__ — ▶ Step 1: 신호 탐지
2026-06-18 00:27:55,826 [INFO] __main__ — NaverClient: 3개 키 로드 (DataLab·검색 독립 회전)
2026-06-18 00:27:55,826 [INFO] __main__ — 관심 지수 및 부정 뉴스 비율 조회 중...
2026-06-18 00:30:51,876 [INFO] __main__ — 부정 키워드 감지: 19개 종목 (neg_ratio > 0)
2026-06-18 00:30:51,882 [INFO] __main__ — POOL_A: 1050개 (A:680 B:204 동시:166)
  대형:98 중형:234 소형:718
2026-06-18 00:30:51,890 [INFO] __main__ —   → POOL_A: 1050개
2026-06-18 00:30:51,890 [INFO] __main__ — ▶ Step 2: 하드 필터링
2026-06-18 00:30:51,891 [INFO] __main__ — 하드 필터 제거: 983개 | 이격도상한 45 | 이격도하한 219 | MA추세 568 | RSI과열 3 | 거래대금 148
2026-06-18 00:30:51,891 [INFO] __main__ — POOL_B: 67개 | 대형:16 중형:24 소형:27
2026-06-18 00:30:51,891 [INFO] __main__ —   → POOL_B: 67개
2026-06-18 00:30:51,891 [INFO] __main__ — ▶ Step 3: 스코어링 (FinBERT 감성 분석)
2026-06-18 00:30:51,891 [INFO] __main__ — NaverClient: 3개 키 로드 (DataLab·검색 독립 회전)
2026-06-18 00:30:51,892 [INFO] __main__ — 텍스트 신규 수집: 67종목 (캐시 적중 0종목)
2026-06-18 00:32:17,932 [INFO] __main__ — 수집 완료: 뉴스 593건 | 공시 570건
2026-06-18 00:32:17,933 [INFO] __main__ — FinBERT 감성 분석 (finbert 모드)...
2026-06-18 00:32:17,933 [INFO] __main__ — FinBERT 로딩: snunlp/KR-FinBert-SC (CPU, batch=8)
2026-06-18 00:32:18,043 [INFO] httpx — HTTP Request: GET https://huggingface.co/api/agent-harnesses "HTTP/1.1 200 OK"
2026-06-18 00:32:18,117 [INFO] httpx — HTTP Request: HEAD https://huggingface.co/snunlp/KR-FinBert-SC/resolve/main/config.json "HTTP/1.1 307 Temporary Redirect"
2026-06-18 00:32:18,122 [INFO] httpx — HTTP Request: HEAD https://huggingface.co/api/resolve-cache/models/snunlp/KR-FinBert-SC/f8586286cc3161fb648e9fee09a456069fd846d0/config.json "HTTP/1.1 200 OK"
2026-06-18 00:32:18,217 [INFO] httpx — HTTP Request: HEAD https://huggingface.co/snunlp/KR-FinBert-SC/resolve/main/model.safetensors "HTTP/1.1 404 Not Found"
2026-06-18 00:32:18,218 [WARNING] huggingface_hub.utils._http — Warning: You are sending unauthenticated requests to the HF Hub. Please set a HF_TOKEN to enable higher rate limits and faster downloads.
2026-06-18 00:32:18,300 [INFO] httpx — HTTP Request: GET https://huggingface.co/api/models/snunlp/KR-FinBert-SC "HTTP/1.1 200 OK"
2026-06-18 00:32:18,403 [INFO] httpx — HTTP Request: GET https://huggingface.co/api/models/snunlp/KR-FinBert-SC/commits/main "HTTP/1.1 200 OK"
2026-06-18 00:32:18,431 [INFO] httpx — HTTP Request: GET https://huggingface.co/api/models/snunlp/KR-FinBert-SC/tree/main/additional_chat_templates?recursive=false&expand=false "HTTP/1.1 404 Not Found"
2026-06-18 00:32:18,483 [INFO] httpx — HTTP Request: GET https://huggingface.co/api/models/snunlp/KR-FinBert-SC/discussions?p=0 "HTTP/1.1 200 OK"
2026-06-18 00:32:18,514 [INFO] httpx — HTTP Request: GET https://huggingface.co/api/models/snunlp/KR-FinBert-SC/tree/main?recursive=true&expand=false "HTTP/1.1 200 OK"
2026-06-18 00:32:18,567 [INFO] httpx — HTTP Request: GET https://huggingface.co/api/models/snunlp/KR-FinBert-SC/commits/refs%2Fpr%2F3 "HTTP/1.1 200 OK"
2026-06-18 00:32:18,619 [INFO] httpx — HTTP Request: HEAD https://huggingface.co/snunlp/KR-FinBert-SC/resolve/main/processor_config.json "HTTP/1.1 404 Not Found"
2026-06-18 00:32:18,645 [INFO] httpx — HTTP Request: HEAD https://huggingface.co/snunlp/KR-FinBert-SC/resolve/refs%2Fpr%2F3/model.safetensors.index.json "HTTP/1.1 404 Not Found"
2026-06-18 00:32:18,695 [INFO] httpx — HTTP Request: HEAD https://huggingface.co/snunlp/KR-FinBert-SC/resolve/main/video_preprocessor_config.json "HTTP/1.1 404 Not Found"
2026-06-18 00:32:18,723 [INFO] httpx — HTTP Request: HEAD https://huggingface.co/snunlp/KR-FinBert-SC/resolve/refs%2Fpr%2F3/model.safetensors "HTTP/1.1 302 Found"
2026-06-18 00:32:18,773 [INFO] httpx — HTTP Request: HEAD https://huggingface.co/snunlp/KR-FinBert-SC/resolve/main/preprocessor_config.json "HTTP/1.1 404 Not Found"
2026-06-18 00:32:18,774 [INFO] __main__ — FinBERT 로드 완료 (CPU)
2026-06-18 00:33:04,746 [INFO] __main__ — Phase A.1: 매핑 신뢰도 < 0.5 → 감성 점수 폐기 47건
2026-06-18 00:33:04,746 [INFO] __main__ — 스코어링: 67개 | 집중:0 | FinBERT:finbert
2026-06-18 00:33:04,764 [INFO] __main__ —   → 67개
2026-06-18 00:33:04,764 [INFO] __main__ — ▶ Step 4: 발송
2026-06-18 00:33:08,292 [WARNING] __main__ — 텔레그램 발송 실패 그룹 → mark_sent skip 16개 (다음 실행 시 재발송 대상)
2026-06-18 00:33:08,293 [INFO] __main__ — DB 기록: 0개 / 전체 to_send 16개
2026-06-18 00:33:08,293 [INFO] __main__ — 발송: 집중 0 / 주시 0
2026-06-18 00:33:08,293 [INFO] __main__ — 완료  |  소요: 1772.3초
