2026-07-20 02:30:29,174 [INFO] __main__ — config 검증 완료 ✓
2026-07-20 02:30:29,174 [INFO] __main__ — ============================================================
2026-07-20 02:30:29,174 [INFO] __main__ — AlphaRadar v3.3.1  |  기준일: 20260720
2026-07-20 02:30:29,174 [INFO] __main__ — S = T×0.3 + S_text×0.4 + D×0.3
2026-07-20 02:30:29,174 [INFO] __main__ — ============================================================
2026-07-20 02:30:29,174 [INFO] __main__ — ▶ Step 0: 유니버스 필터링
2026-07-20 02:30:29,323 [INFO] __main__ — FDR 데이터 수집: 20260114 ~ 20260720
2026-07-20 02:30:30,532 [INFO] __main__ — KOSPI: 944개 | 섹터정보 834개 (DART +834개 보완)
2026-07-20 02:30:30,533 [INFO] __main__ — KOSDAQ: 1821개 | 섹터정보 1821개
2026-07-20 02:30:30,533 [INFO] __main__ — 전체: 2765개
2026-07-20 02:30:32,378 [INFO] __main__ — KIS 토큰 발급 완료
2026-07-20 02:44:38,079 [INFO] __main__ — DART corp_code 매핑: 2166/2219개 (97%)
2026-07-20 02:44:38,079 [INFO] __main__ — 유효 유니버스: 2219개
2026-07-20 02:44:38,090 [INFO] __main__ —   → 2219개
2026-07-20 02:44:38,090 [INFO] __main__ — ▶ Step 1: 신호 탐지
2026-07-20 02:44:38,090 [INFO] __main__ — NaverClient: 3개 키 로드 (DataLab·검색 독립 회전)
2026-07-20 02:44:38,090 [INFO] __main__ — 관심 지수 및 부정 뉴스 비율 조회 중...
2026-07-20 02:44:52,976 [INFO] __main__ — 뉴스 시점 제외 [삼기에너지솔루션즈]: 2건 (>14일/파싱실패)
2026-07-20 02:45:04,709 [INFO] __main__ — 뉴스 시점 제외 [남선알미늄]: 4건 (>14일/파싱실패)
2026-07-20 02:45:12,577 [INFO] __main__ — 뉴스 시점 제외 [KX하이텍]: 8건 (>14일/파싱실패)
2026-07-20 02:45:17,424 [INFO] __main__ — 뉴스 시점 제외 [한성크린텍]: 8건 (>14일/파싱실패)
2026-07-20 02:45:19,396 [INFO] __main__ — 뉴스 시점 제외 [하이드로리튬]: 11건 (>14일/파싱실패)
2026-07-20 02:45:20,387 [INFO] __main__ — 뉴스 시점 제외 [드림시큐리티]: 2건 (>14일/파싱실패)
2026-07-20 02:45:20,414 [INFO] __main__ — 뉴스 시점 제외 [맥쿼리인프라]: 8건 (>14일/파싱실패)
2026-07-20 02:45:23,377 [INFO] __main__ — 뉴스 시점 제외 [THE E&M]: 3건 (>14일/파싱실패)
2026-07-20 02:45:30,401 [INFO] __main__ — 뉴스 시점 제외 [세미티에스]: 10건 (>14일/파싱실패)
2026-07-20 02:45:31,364 [INFO] __main__ — 뉴스 시점 제외 [피델릭스]: 8건 (>14일/파싱실패)
2026-07-20 02:45:36,182 [INFO] __main__ — 뉴스 시점 제외 [KBI동양철관]: 9건 (>14일/파싱실패)
2026-07-20 02:45:36,305 [INFO] __main__ — 뉴스 시점 제외 [멤레이비티]: 6건 (>14일/파싱실패)
2026-07-20 02:45:37,308 [INFO] __main__ — 뉴스 시점 제외 [해성옵틱스]: 9건 (>14일/파싱실패)
2026-07-20 02:45:43,204 [INFO] __main__ — 뉴스 시점 제외 [성문전자]: 8건 (>14일/파싱실패)
2026-07-20 02:45:45,621 [INFO] __main__ — 뉴스 시점 제외 [보성파워텍]: 5건 (>14일/파싱실패)
2026-07-20 02:45:46,296 [INFO] __main__ — 뉴스 시점 제외 [옴니시스템]: 4건 (>14일/파싱실패)
2026-07-20 02:45:48,092 [INFO] __main__ — 뉴스 시점 제외 [조일알미늄]: 9건 (>14일/파싱실패)
2026-07-20 02:45:51,006 [INFO] __main__ — 뉴스 시점 제외 [원텍]: 4건 (>14일/파싱실패)
2026-07-20 02:45:54,619 [INFO] __main__ — 뉴스 시점 제외 [이수화학]: 6건 (>14일/파싱실패)
2026-07-20 02:45:56,726 [INFO] __main__ — 뉴스 시점 제외 [부국철강]: 11건 (>14일/파싱실패)
2026-07-20 02:46:00,181 [INFO] __main__ — 뉴스 시점 제외 [LS머트리얼즈]: 5건 (>14일/파싱실패)
2026-07-20 02:46:01,747 [INFO] __main__ — 뉴스 시점 제외 [에코플라스틱]: 6건 (>14일/파싱실패)
2026-07-20 02:46:02,175 [INFO] __main__ — 뉴스 시점 제외 [키스트론]: 11건 (>14일/파싱실패)
2026-07-20 02:46:03,714 [INFO] __main__ — 뉴스 시점 제외 [엑스게이트]: 9건 (>14일/파싱실패)
2026-07-20 02:46:10,515 [INFO] __main__ — 뉴스 시점 제외 [양지사]: 11건 (>14일/파싱실패)
2026-07-20 02:46:11,161 [INFO] __main__ — 뉴스 시점 제외 [엘브이엠씨홀딩스]: 15건 (>14일/파싱실패)
2026-07-20 02:46:12,152 [INFO] __main__ — 뉴스 시점 제외 [KB스타리츠]: 11건 (>14일/파싱실패)
2026-07-20 02:46:12,295 [INFO] __main__ — 뉴스 시점 제외 [퍼스텍]: 5건 (>14일/파싱실패)
2026-07-20 02:46:13,450 [INFO] __main__ — 뉴스 시점 제외 [시너지이노베이션]: 12건 (>14일/파싱실패)
2026-07-20 02:46:15,236 [INFO] __main__ — 뉴스 시점 제외 [대양금속]: 9건 (>14일/파싱실패)
2026-07-20 02:46:16,053 [INFO] __main__ — 뉴스 시점 제외 [대아티아이]: 7건 (>14일/파싱실패)
2026-07-20 02:46:16,373 [INFO] __main__ — 뉴스 시점 제외 [티씨머티리얼즈]: 11건 (>14일/파싱실패)
2026-07-20 02:46:19,971 [INFO] __main__ — 뉴스 시점 제외 [아남전자]: 10건 (>14일/파싱실패)
2026-07-20 02:46:21,901 [INFO] __main__ — 뉴스 시점 제외 [대영포장]: 15건 (>14일/파싱실패)
2026-07-20 02:46:22,063 [INFO] __main__ — 뉴스 시점 제외 [일신석재]: 10건 (>14일/파싱실패)
2026-07-20 02:46:22,292 [INFO] __main__ — 뉴스 시점 제외 [에이팩트]: 8건 (>14일/파싱실패)
2026-07-20 02:46:23,292 [INFO] __main__ — 뉴스 시점 제외 [한국팩키지]: 6건 (>14일/파싱실패)
2026-07-20 02:46:25,834 [INFO] __main__ — 뉴스 시점 제외 [GRT]: 7건 (>14일/파싱실패)
2026-07-20 02:46:27,874 [INFO] __main__ — 뉴스 시점 제외 [HB솔루션]: 6건 (>14일/파싱실패)
2026-07-20 02:46:30,243 [INFO] __main__ — 뉴스 시점 제외 [우리기술투자]: 11건 (>14일/파싱실패)
2026-07-20 02:46:36,227 [INFO] __main__ — 뉴스 시점 제외 [에코프로머티]: 1건 (>14일/파싱실패)
2026-07-20 02:46:38,463 [INFO] __main__ — 뉴스 시점 제외 [알루코]: 8건 (>14일/파싱실패)
2026-07-20 02:46:39,155 [INFO] __main__ — 뉴스 시점 제외 [우원개발]: 4건 (>14일/파싱실패)
2026-07-20 02:46:39,568 [INFO] __main__ — 뉴스 시점 제외 [태경케미컬]: 5건 (>14일/파싱실패)
2026-07-20 02:46:44,641 [INFO] __main__ — 뉴스 시점 제외 [덕신이피씨]: 11건 (>14일/파싱실패)
2026-07-20 02:46:45,622 [INFO] __main__ — 뉴스 시점 제외 [비투엔]: 11건 (>14일/파싱실패)
2026-07-20 02:46:46,617 [INFO] __main__ — 뉴스 시점 제외 [엔비알모션]: 4건 (>14일/파싱실패)
2026-07-20 02:46:49,533 [INFO] __main__ — 뉴스 시점 제외 [메가터치]: 6건 (>14일/파싱실패)
2026-07-20 02:46:51,475 [INFO] __main__ — 뉴스 시점 제외 [에이티넘인베스트]: 13건 (>14일/파싱실패)
2026-07-20 02:46:55,011 [INFO] __main__ — 뉴스 시점 제외 [미래에셋증권2우B]: 13건 (>14일/파싱실패)
2026-07-20 02:46:56,961 [INFO] __main__ — 뉴스 시점 제외 [티이엠씨]: 5건 (>14일/파싱실패)
2026-07-20 02:46:58,377 [INFO] __main__ — 뉴스 시점 제외 [에이치엠넥스]: 10건 (>14일/파싱실패)
2026-07-20 02:47:01,224 [INFO] __main__ — 뉴스 시점 제외 [와이제이링크]: 6건 (>14일/파싱실패)
2026-07-20 02:47:04,200 [INFO] __main__ — 뉴스 시점 제외 [휴스틸]: 3건 (>14일/파싱실패)
2026-07-20 02:47:06,768 [INFO] __main__ — 뉴스 시점 제외 [슈어소프트테크]: 8건 (>14일/파싱실패)
2026-07-20 02:47:08,018 [INFO] __main__ — 뉴스 시점 제외 [YG PLUS]: 10건 (>14일/파싱실패)
2026-07-20 02:47:14,542 [INFO] __main__ — 뉴스 시점 제외 [네오리진]: 9건 (>14일/파싱실패)
2026-07-20 02:47:15,857 [INFO] __main__ — 뉴스 시점 제외 [지앤비에스 에코]: 2건 (>14일/파싱실패)
2026-07-20 02:47:17,514 [INFO] __main__ — 뉴스 시점 제외 [넥스틸]: 6건 (>14일/파싱실패)
2026-07-20 02:47:18,515 [INFO] __main__ — 뉴스 시점 제외 [디앤디플랫폼리츠]: 11건 (>14일/파싱실패)
2026-07-20 02:47:18,812 [INFO] __main__ — 뉴스 시점 제외 [민테크]: 7건 (>14일/파싱실패)
2026-07-20 02:47:19,800 [INFO] __main__ — 뉴스 시점 제외 [태양금속]: 11건 (>14일/파싱실패)
2026-07-20 02:47:21,465 [INFO] __main__ — 뉴스 시점 제외 [경인양행]: 7건 (>14일/파싱실패)
2026-07-20 02:47:22,727 [INFO] __main__ — 뉴스 시점 제외 [영화금속]: 6건 (>14일/파싱실패)
2026-07-20 02:47:24,678 [INFO] __main__ — 뉴스 시점 제외 [SK리츠]: 8건 (>14일/파싱실패)
2026-07-20 02:47:27,551 [INFO] __main__ — 부정 키워드 감지: 27개 종목 (neg_ratio > 0)
2026-07-20 02:47:27,554 [INFO] __main__ — 수급일수충족·합계음수 제외: 130개
2026-07-20 02:47:37,027 [INFO] __main__ — 뉴스 시점 제외 [삼성화재우]: 11건 (>14일/파싱실패)
2026-07-20 02:47:37,566 [INFO] __main__ — 뉴스 시점 제외 [LG전자우]: 8건 (>14일/파싱실패)
2026-07-20 02:47:38,602 [INFO] __main__ — 뉴스 시점 제외 [롯데리츠]: 8건 (>14일/파싱실패)
2026-07-20 02:47:39,864 [INFO] __main__ — 뉴스 시점 제외 [세방전지]: 9건 (>14일/파싱실패)
2026-07-20 02:47:40,892 [INFO] __main__ — 뉴스 시점 제외 [맵스리얼티]: 15건 (>14일/파싱실패)
2026-07-20 02:47:40,959 [INFO] __main__ — 뉴스 시점 제외 [CJ4우(전환)]: 14건 (>14일/파싱실패)
2026-07-20 02:47:41,441 [INFO] __main__ — 뉴스 시점 제외 [PI첨단소재]: 5건 (>14일/파싱실패)
2026-07-20 02:47:41,984 [INFO] __main__ — 뉴스 시점 제외 [세아홀딩스]: 2건 (>14일/파싱실패)
2026-07-20 02:47:42,483 [INFO] __main__ — 뉴스 시점 제외 [삼성FN리츠]: 6건 (>14일/파싱실패)
2026-07-20 02:47:42,530 [INFO] __main__ — 뉴스 시점 제외 [DI동일]: 4건 (>14일/파싱실패)
2026-07-20 02:47:42,611 [INFO] __main__ — 뉴스 시점 제외 [대신증권우]: 14건 (>14일/파싱실패)
2026-07-20 02:47:43,210 [INFO] __main__ — 뉴스 시점 제외 [풍산홀딩스]: 8건 (>14일/파싱실패)
2026-07-20 02:47:43,575 [INFO] __main__ — 뉴스 시점 제외 [바이오노트]: 9건 (>14일/파싱실패)
2026-07-20 02:47:43,897 [INFO] __main__ — 뉴스 시점 제외 [NH투자증권우]: 14건 (>14일/파싱실패)
2026-07-20 02:47:43,900 [INFO] __main__ — 뉴스 시점 제외 [현대차3우B]: 15건 (>14일/파싱실패)
2026-07-20 02:47:44,116 [INFO] __main__ — 뉴스 시점 제외 [전진건설로봇]: 8건 (>14일/파싱실패)
2026-07-20 02:47:44,663 [INFO] __main__ — 뉴스 시점 제외 [아모레퍼시픽우]: 10건 (>14일/파싱실패)
2026-07-20 02:47:45,136 [INFO] __main__ — 뉴스 시점 제외 [농심홀딩스]: 1건 (>14일/파싱실패)
2026-07-20 02:47:45,699 [INFO] __main__ — 뉴스 시점 제외 [조광피혁]: 13건 (>14일/파싱실패)
2026-07-20 02:47:46,254 [INFO] __main__ — 뉴스 시점 제외 [코람코라이프인프라리츠]: 6건 (>14일/파싱실패)
2026-07-20 02:47:46,285 [INFO] __main__ — 뉴스 시점 제외 [코스모화학]: 6건 (>14일/파싱실패)
2026-07-20 02:47:46,800 [INFO] __main__ — 뉴스 시점 제외 [KISCO홀딩스]: 8건 (>14일/파싱실패)
2026-07-20 02:47:46,829 [INFO] __main__ — 뉴스 시점 제외 [일진하이솔루스]: 9건 (>14일/파싱실패)
2026-07-20 02:47:47,346 [INFO] __main__ — 뉴스 시점 제외 [국도화학]: 11건 (>14일/파싱실패)
2026-07-20 02:47:47,361 [INFO] __main__ — 뉴스 시점 제외 [현대퓨처넷]: 10건 (>14일/파싱실패)
2026-07-20 02:47:47,894 [INFO] __main__ — 뉴스 시점 제외 [삼양바이오팜]: 9건 (>14일/파싱실패)
2026-07-20 02:47:48,468 [INFO] __main__ — 뉴스 시점 제외 [아세아제지]: 9건 (>14일/파싱실패)
2026-07-20 02:47:49,031 [INFO] __main__ — 뉴스 시점 제외 [S-Oil우]: 11건 (>14일/파싱실패)
2026-07-20 02:47:49,036 [INFO] __main__ — 뉴스 시점 제외 [삼성물산우B]: 15건 (>14일/파싱실패)
2026-07-20 02:47:49,616 [INFO] __main__ — 뉴스 시점 제외 [서울가스]: 10건 (>14일/파싱실패)
2026-07-20 02:47:50,160 [INFO] __main__ — 뉴스 시점 제외 [포스코스틸리온]: 7건 (>14일/파싱실패)
2026-07-20 02:47:50,705 [INFO] __main__ — 뉴스 시점 제외 [미창석유]: 9건 (>14일/파싱실패)
2026-07-20 02:47:51,257 [INFO] __main__ — 뉴스 시점 제외 [아이마켓코리아]: 8건 (>14일/파싱실패)
2026-07-20 02:47:51,705 [INFO] __main__ — 뉴스 시점 제외 [이지스밸류플러스리츠]: 13건 (>14일/파싱실패)
2026-07-20 02:47:52,247 [INFO] __main__ — 뉴스 시점 제외 [모토닉]: 13건 (>14일/파싱실패)
2026-07-20 02:47:52,843 [INFO] __main__ — 뉴스 시점 제외 [AJ네트웍스]: 13건 (>14일/파싱실패)
2026-07-20 02:47:53,385 [INFO] __main__ — 뉴스 시점 제외 [화승엔터프라이즈]: 10건 (>14일/파싱실패)
2026-07-20 02:47:53,445 [INFO] __main__ — 뉴스 시점 제외 [하이트진로홀딩스]: 11건 (>14일/파싱실패)
2026-07-20 02:47:53,891 [INFO] __main__ — 뉴스 시점 제외 [LG우]: 15건 (>14일/파싱실패)
2026-07-20 02:47:54,528 [INFO] __main__ — 뉴스 시점 제외 [유화증권]: 6건 (>14일/파싱실패)
2026-07-20 02:47:55,023 [INFO] __main__ — 뉴스 시점 제외 [SJG세종]: 7건 (>14일/파싱실패)
2026-07-20 02:47:55,568 [INFO] __main__ — 뉴스 시점 제외 [SYTS]: 12건 (>14일/파싱실패)
2026-07-20 02:47:56,155 [INFO] __main__ — 뉴스 시점 제외 [조선내화]: 10건 (>14일/파싱실패)
2026-07-20 02:47:56,676 [INFO] __main__ — 뉴스 시점 제외 [삼익THK]: 8건 (>14일/파싱실패)
2026-07-20 02:47:57,228 [INFO] __main__ — 뉴스 시점 제외 [신라교역]: 8건 (>14일/파싱실패)
2026-07-20 02:47:57,234 [INFO] __main__ — 뉴스 시점 제외 [해태제과식품]: 5건 (>14일/파싱실패)
2026-07-20 02:47:57,240 [INFO] __main__ — 뉴스 시점 제외 [한국주철관]: 10건 (>14일/파싱실패)
2026-07-20 02:47:57,799 [INFO] __main__ — 뉴스 시점 제외 [아모레퍼시픽홀딩스3우C]: 14건 (>14일/파싱실패)
2026-07-20 02:47:58,370 [INFO] __main__ — 뉴스 시점 제외 [태경산업]: 9건 (>14일/파싱실패)
2026-07-20 02:47:58,372 [INFO] __main__ — 뉴스 시점 제외 [디씨엠]: 13건 (>14일/파싱실패)
2026-07-20 02:47:58,893 [INFO] __main__ — 뉴스 시점 제외 [한진중공업홀딩스]: 13건 (>14일/파싱실패)
2026-07-20 02:47:58,924 [INFO] __main__ — 뉴스 시점 제외 [키다리스튜디오]: 3건 (>14일/파싱실패)
2026-07-20 02:47:58,925 [INFO] __main__ — 뉴스 시점 제외 [일진다이아]: 12건 (>14일/파싱실패)
2026-07-20 02:47:59,432 [INFO] __main__ — 뉴스 시점 제외 [이지스레지던스리츠]: 14건 (>14일/파싱실패)
2026-07-20 02:47:59,975 [INFO] __main__ — 뉴스 시점 제외 [태림포장]: 13건 (>14일/파싱실패)
2026-07-20 02:48:00,024 [INFO] __main__ — 뉴스 시점 제외 [한솔홀딩스]: 7건 (>14일/파싱실패)
2026-07-20 02:48:00,035 [INFO] __main__ — 뉴스 시점 제외 [미원홀딩스]: 12건 (>14일/파싱실패)
2026-07-20 02:48:00,582 [INFO] __main__ — 뉴스 시점 제외 [HDC현대EP]: 12건 (>14일/파싱실패)
2026-07-20 02:48:02,168 [INFO] __main__ — 뉴스 시점 제외 [인천도시가스]: 10건 (>14일/파싱실패)
2026-07-20 02:48:02,233 [INFO] __main__ — 뉴스 시점 제외 [제일파마홀딩스]: 6건 (>14일/파싱실패)
2026-07-20 02:48:02,712 [INFO] __main__ — 뉴스 시점 제외 [경동인베스트]: 8건 (>14일/파싱실패)
2026-07-20 02:48:02,792 [INFO] __main__ — 뉴스 시점 제외 [샘표식품]: 4건 (>14일/파싱실패)
2026-07-20 02:48:02,794 [INFO] __main__ — 뉴스 시점 제외 [대성홀딩스]: 10건 (>14일/파싱실패)
2026-07-20 02:48:03,361 [INFO] __main__ — 뉴스 시점 제외 [한국무브넥스]: 13건 (>14일/파싱실패)
2026-07-20 02:48:03,789 [INFO] __main__ — 뉴스 시점 제외 [HS애드]: 5건 (>14일/파싱실패)
2026-07-20 02:48:03,918 [INFO] __main__ — 뉴스 시점 제외 [KTcs]: 9건 (>14일/파싱실패)
2026-07-20 02:48:03,920 [INFO] __main__ — 뉴스 시점 제외 [GS우]: 13건 (>14일/파싱실패)
2026-07-20 02:48:04,344 [INFO] __main__ — 뉴스 시점 제외 [황금에스티]: 10건 (>14일/파싱실패)
2026-07-20 02:48:04,472 [INFO] __main__ — 뉴스 시점 제외 [사조오양]: 8건 (>14일/파싱실패)
2026-07-20 02:48:04,487 [INFO] __main__ — 뉴스 시점 제외 [동일산업]: 1건 (>14일/파싱실패)
2026-07-20 02:48:04,888 [INFO] __main__ — 뉴스 시점 제외 [CS홀딩스]: 15건 (>14일/파싱실패)
2026-07-20 02:48:05,023 [INFO] __main__ — 뉴스 시점 제외 [한솔로지스틱스]: 3건 (>14일/파싱실패)
2026-07-20 02:48:05,425 [INFO] __main__ — 뉴스 시점 제외 [동인기연]: 13건 (>14일/파싱실패)
2026-07-20 02:48:05,569 [INFO] __main__ — 뉴스 시점 제외 [우신시스템]: 11건 (>14일/파싱실패)
2026-07-20 02:48:05,584 [INFO] __main__ — 뉴스 시점 제외 [한국수출포장]: 15건 (>14일/파싱실패)
2026-07-20 02:48:05,967 [INFO] __main__ — 뉴스 시점 제외 [지엠비코리아]: 10건 (>14일/파싱실패)
2026-07-20 02:48:06,674 [INFO] __main__ — 뉴스 시점 제외 [NH프라임리츠]: 11건 (>14일/파싱실패)
2026-07-20 02:48:07,054 [INFO] __main__ — 뉴스 시점 제외 [삼정펄프]: 13건 (>14일/파싱실패)
2026-07-20 02:48:07,225 [INFO] __main__ — 뉴스 시점 제외 [아모레퍼시픽홀딩스우]: 14건 (>14일/파싱실패)
2026-07-20 02:48:07,597 [INFO] __main__ — 뉴스 시점 제외 [성창기업지주]: 14건 (>14일/파싱실패)
2026-07-20 02:48:07,789 [INFO] __main__ — 뉴스 시점 제외 [코오롱인더우]: 15건 (>14일/파싱실패)
2026-07-20 02:48:08,352 [INFO] __main__ — 뉴스 시점 제외 [삼성출판사]: 7건 (>14일/파싱실패)
2026-07-20 02:48:08,678 [INFO] __main__ — 뉴스 시점 제외 [하이스틸]: 11건 (>14일/파싱실패)
2026-07-20 02:48:08,908 [INFO] __main__ — 뉴스 시점 제외 [진양산업]: 10건 (>14일/파싱실패)
2026-07-20 02:48:08,912 [INFO] __main__ — 뉴스 시점 제외 [화천기계]: 8건 (>14일/파싱실패)
2026-07-20 02:48:09,217 [INFO] __main__ — 뉴스 시점 제외 [한국내화]: 10건 (>14일/파싱실패)
2026-07-20 02:48:09,760 [INFO] __main__ — 뉴스 시점 제외 [보락]: 5건 (>14일/파싱실패)
2026-07-20 02:48:10,029 [INFO] __main__ — 뉴스 시점 제외 [호전실업]: 10건 (>14일/파싱실패)
2026-07-20 02:48:10,846 [INFO] __main__ — 뉴스 시점 제외 [SJM홀딩스]: 14건 (>14일/파싱실패)
2026-07-20 02:48:11,146 [INFO] __main__ — 뉴스 시점 제외 [화승알앤에이]: 6건 (>14일/파싱실패)
2026-07-20 02:48:11,394 [INFO] __main__ — 뉴스 시점 제외 [롯데칠성우]: 15건 (>14일/파싱실패)
2026-07-20 02:48:11,680 [INFO] __main__ — 뉴스 시점 제외 [SG세계물산]: 11건 (>14일/파싱실패)
2026-07-20 02:48:11,938 [INFO] __main__ — 뉴스 시점 제외 [씨아이테크]: 12건 (>14일/파싱실패)
2026-07-20 02:48:12,249 [INFO] __main__ — 뉴스 시점 제외 [평화산업]: 6건 (>14일/파싱실패)
2026-07-20 02:48:12,809 [INFO] __main__ — 뉴스 시점 제외 [SK디스커버리우]: 14건 (>14일/파싱실패)
2026-07-20 02:48:12,876 [INFO] __main__ — 뉴스 시점 제외 [조광페인트]: 1건 (>14일/파싱실패)
2026-07-20 02:48:13,349 [INFO] __main__ — 뉴스 시점 제외 [문배철강]: 11건 (>14일/파싱실패)
2026-07-20 02:48:13,417 [INFO] __main__ — 뉴스 시점 제외 [유니온머티리얼]: 7건 (>14일/파싱실패)
2026-07-20 02:48:13,952 [INFO] __main__ — 뉴스 시점 제외 [신한글로벌액티브리츠]: 14건 (>14일/파싱실패)
2026-07-20 02:48:13,960 [INFO] __main__ — 뉴스 시점 제외 [한화솔루션우]: 13건 (>14일/파싱실패)
2026-07-20 02:48:14,131 [INFO] __main__ — 뉴스 시점 제외 [에쓰씨엔지니어링]: 6건 (>14일/파싱실패)
2026-07-20 02:48:14,505 [INFO] __main__ — 뉴스 시점 제외 [세우글로벌]: 15건 (>14일/파싱실패)
2026-07-20 02:48:14,671 [INFO] __main__ — 뉴스 시점 제외 [DL우]: 14건 (>14일/파싱실패)
2026-07-20 02:48:15,043 [INFO] __main__ — 뉴스 시점 제외 [세방우]: 15건 (>14일/파싱실패)
2026-07-20 02:48:15,055 [INFO] __main__ — 뉴스 시점 제외 [유니켐]: 8건 (>14일/파싱실패)
2026-07-20 02:48:15,584 [INFO] __main__ — 뉴스 시점 제외 [SG글로벌]: 13건 (>14일/파싱실패)
2026-07-20 02:48:15,608 [INFO] __main__ — 뉴스 시점 제외 [경인전자]: 13건 (>14일/파싱실패)
2026-07-20 02:48:15,755 [INFO] __main__ — 뉴스 시점 제외 [대림통상]: 3건 (>14일/파싱실패)
2026-07-20 02:48:16,135 [INFO] __main__ — 뉴스 시점 제외 [MH에탄올]: 12건 (>14일/파싱실패)
2026-07-20 02:48:16,148 [INFO] __main__ — 뉴스 시점 제외 [동일제강]: 8건 (>14일/파싱실패)
2026-07-20 02:48:16,290 [INFO] __main__ — 뉴스 시점 제외 [진양폴리]: 10건 (>14일/파싱실패)
2026-07-20 02:48:16,679 [INFO] __main__ — 뉴스 시점 제외 [세기상사]: 10건 (>14일/파싱실패)
2026-07-20 02:48:19,031 [INFO] __main__ — 뉴스 시점 제외 [큐리언트]: 6건 (>14일/파싱실패)
2026-07-20 02:48:21,060 [INFO] __main__ — 뉴스 시점 제외 [펌텍코리아]: 9건 (>14일/파싱실패)
2026-07-20 02:48:21,148 [INFO] __main__ — 뉴스 시점 제외 [에이치브이엠]: 3건 (>14일/파싱실패)
2026-07-20 02:48:21,758 [INFO] __main__ — 뉴스 시점 제외 [티에프이]: 7건 (>14일/파싱실패)
2026-07-20 02:48:22,142 [INFO] __main__ — 뉴스 시점 제외 [아이티센글로벌]: 9건 (>14일/파싱실패)
2026-07-20 02:48:25,475 [INFO] __main__ — 뉴스 시점 제외 [큐렉소]: 4건 (>14일/파싱실패)
2026-07-20 02:48:25,965 [INFO] __main__ — 뉴스 시점 제외 [넥스트바이오메디컬]: 7건 (>14일/파싱실패)
2026-07-20 02:48:26,633 [INFO] __main__ — 뉴스 시점 제외 [한국알콜]: 2건 (>14일/파싱실패)
2026-07-20 02:48:27,111 [INFO] __main__ — 뉴스 시점 제외 [우주일렉트로]: 8건 (>14일/파싱실패)
2026-07-20 02:48:28,266 [INFO] __main__ — 뉴스 시점 제외 [바이오다인]: 9건 (>14일/파싱실패)
2026-07-20 02:48:28,815 [INFO] __main__ — 뉴스 시점 제외 [에스바이오메딕스]: 4건 (>14일/파싱실패)
2026-07-20 02:48:29,276 [INFO] __main__ — 뉴스 시점 제외 [매커스]: 10건 (>14일/파싱실패)
2026-07-20 02:48:30,370 [INFO] __main__ — 뉴스 시점 제외 [케이티알파]: 10건 (>14일/파싱실패)
2026-07-20 02:48:30,480 [INFO] __main__ — 뉴스 시점 제외 [대원산업]: 10건 (>14일/파싱실패)
2026-07-20 02:48:30,928 [INFO] __main__ — 뉴스 시점 제외 [에스엔시스]: 5건 (>14일/파싱실패)
2026-07-20 02:48:31,481 [INFO] __main__ — 뉴스 시점 제외 [석경에이티]: 3건 (>14일/파싱실패)
2026-07-20 02:48:32,107 [INFO] __main__ — 뉴스 시점 제외 [네오위즈홀딩스]: 10건 (>14일/파싱실패)
2026-07-20 02:48:32,568 [INFO] __main__ — 뉴스 시점 제외 [그린광학]: 6건 (>14일/파싱실패)
2026-07-20 02:48:33,270 [INFO] __main__ — 뉴스 시점 제외 [BGF에코머티리얼즈]: 14건 (>14일/파싱실패)
2026-07-20 02:48:33,941 [INFO] __main__ — 뉴스 시점 제외 [한국정보인증]: 8건 (>14일/파싱실패)
2026-07-20 02:48:35,185 [INFO] __main__ — 뉴스 시점 제외 [아이디스]: 7건 (>14일/파싱실패)
2026-07-20 02:48:36,445 [INFO] __main__ — 뉴스 시점 제외 [우양에이치씨]: 13건 (>14일/파싱실패)
2026-07-20 02:48:36,996 [INFO] __main__ — 뉴스 시점 제외 [아이디스홀딩스]: 14건 (>14일/파싱실패)
2026-07-20 02:48:37,534 [INFO] __main__ — 뉴스 시점 제외 [인선이엔티]: 13건 (>14일/파싱실패)
2026-07-20 02:48:38,351 [INFO] __main__ — 뉴스 시점 제외 [티케이케미칼]: 8건 (>14일/파싱실패)
2026-07-20 02:48:38,621 [INFO] __main__ — 뉴스 시점 제외 [나노엔텍]: 5건 (>14일/파싱실패)
2026-07-20 02:48:39,300 [INFO] __main__ — 뉴스 시점 제외 [삼보판지]: 15건 (>14일/파싱실패)
2026-07-20 02:48:39,857 [INFO] __main__ — 뉴스 시점 제외 [마크로젠]: 3건 (>14일/파싱실패)
2026-07-20 02:48:41,078 [INFO] __main__ — 뉴스 시점 제외 [윤성에프앤씨]: 13건 (>14일/파싱실패)
2026-07-20 02:48:41,082 [INFO] __main__ — 뉴스 시점 제외 [아이비김영]: 4건 (>14일/파싱실패)
2026-07-20 02:48:41,633 [INFO] __main__ — 뉴스 시점 제외 [코칩]: 11건 (>14일/파싱실패)
2026-07-20 02:48:42,188 [INFO] __main__ — 뉴스 시점 제외 [아가방컴퍼니]: 5건 (>14일/파싱실패)
2026-07-20 02:48:42,532 [INFO] __main__ — 뉴스 시점 제외 [하이텍팜]: 13건 (>14일/파싱실패)
2026-07-20 02:48:42,733 [INFO] __main__ — 뉴스 시점 제외 [루미르]: 10건 (>14일/파싱실패)
2026-07-20 02:48:42,736 [INFO] __main__ — 뉴스 시점 제외 [유아이엘]: 10건 (>14일/파싱실패)
2026-07-20 02:48:43,300 [INFO] __main__ — 뉴스 시점 제외 [현대에버다임]: 5건 (>14일/파싱실패)
2026-07-20 02:48:43,303 [INFO] __main__ — 뉴스 시점 제외 [지어소프트]: 13건 (>14일/파싱실패)
2026-07-20 02:48:43,612 [INFO] __main__ — 뉴스 시점 제외 [NICE인프라]: 15건 (>14일/파싱실패)
2026-07-20 02:48:43,863 [INFO] __main__ — 뉴스 시점 제외 [진로발효]: 14건 (>14일/파싱실패)
2026-07-20 02:48:44,148 [INFO] __main__ — 뉴스 시점 제외 [케이알엠]: 8건 (>14일/파싱실패)
2026-07-20 02:48:44,978 [INFO] __main__ — 뉴스 시점 제외 [세운메디칼]: 13건 (>14일/파싱실패)
2026-07-20 02:48:45,526 [INFO] __main__ — 뉴스 시점 제외 [엠에스오토텍]: 14건 (>14일/파싱실패)
2026-07-20 02:48:45,919 [INFO] __main__ — 뉴스 시점 제외 [스톰테크]: 14건 (>14일/파싱실패)
2026-07-20 02:48:46,181 [INFO] __main__ — 뉴스 시점 제외 [스모트로닉]: 12건 (>14일/파싱실패)
2026-07-20 02:48:46,457 [INFO] __main__ — 뉴스 시점 제외 [탑런토탈솔루션]: 12건 (>14일/파싱실패)
2026-07-20 02:48:47,978 [INFO] __main__ — 뉴스 시점 제외 [링네트]: 10건 (>14일/파싱실패)
2026-07-20 02:48:48,076 [INFO] __main__ — 뉴스 시점 제외 [정상제이엘에스]: 7건 (>14일/파싱실패)
2026-07-20 02:48:48,382 [INFO] __main__ — 뉴스 시점 제외 [지니너스]: 13건 (>14일/파싱실패)
2026-07-20 02:48:48,519 [INFO] __main__ — 뉴스 시점 제외 [서원인텍]: 15건 (>14일/파싱실패)
2026-07-20 02:48:49,163 [INFO] __main__ — 뉴스 시점 제외 [아미노로직스]: 12건 (>14일/파싱실패)
2026-07-20 02:48:49,707 [INFO] __main__ — 뉴스 시점 제외 [일지테크]: 6건 (>14일/파싱실패)
2026-07-20 02:48:50,244 [INFO] __main__ — 뉴스 시점 제외 [RF시스템즈]: 12건 (>14일/파싱실패)
2026-07-20 02:48:50,664 [INFO] __main__ — 뉴스 시점 제외 [창해에탄올]: 13건 (>14일/파싱실패)
2026-07-20 02:48:50,792 [INFO] __main__ — 뉴스 시점 제외 [나이스디앤비]: 10건 (>14일/파싱실패)
2026-07-20 02:48:51,351 [INFO] __main__ — 뉴스 시점 제외 [피에스텍]: 10건 (>14일/파싱실패)
2026-07-20 02:48:51,900 [INFO] __main__ — 뉴스 시점 제외 [에이치엔에스하이텍]: 13건 (>14일/파싱실패)
2026-07-20 02:48:51,922 [INFO] __main__ — 뉴스 시점 제외 [큐브엔터]: 7건 (>14일/파싱실패)
2026-07-20 02:48:52,474 [INFO] __main__ — 뉴스 시점 제외 [디알텍]: 5건 (>14일/파싱실패)
2026-07-20 02:48:54,255 [INFO] __main__ — 뉴스 시점 제외 [지구홀딩스]: 12건 (>14일/파싱실패)
2026-07-20 02:48:54,775 [INFO] __main__ — 뉴스 시점 제외 [디지틀조선]: 7건 (>14일/파싱실패)
2026-07-20 02:48:55,319 [INFO] __main__ — 뉴스 시점 제외 [엔브이에이치코리아]: 11건 (>14일/파싱실패)
2026-07-20 02:48:55,339 [INFO] __main__ — 뉴스 시점 제외 [로스웰]: 9건 (>14일/파싱실패)
2026-07-20 02:48:55,354 [INFO] __main__ — 뉴스 시점 제외 [영화테크]: 14건 (>14일/파싱실패)
2026-07-20 02:48:55,853 [INFO] __main__ — 뉴스 시점 제외 [드림씨아이에스]: 6건 (>14일/파싱실패)
2026-07-20 02:48:56,398 [INFO] __main__ — 뉴스 시점 제외 [싸이닉솔루션]: 10건 (>14일/파싱실패)
2026-07-20 02:48:56,434 [INFO] __main__ — 뉴스 시점 제외 [라이온켐텍]: 10건 (>14일/파싱실패)
2026-07-20 02:48:56,444 [INFO] __main__ — 뉴스 시점 제외 [엠오티]: 12건 (>14일/파싱실패)
2026-07-20 02:48:57,520 [INFO] __main__ — 뉴스 시점 제외 [삼현철강]: 9건 (>14일/파싱실패)
2026-07-20 02:48:58,027 [INFO] __main__ — 뉴스 시점 제외 [이상네트웍스]: 11건 (>14일/파싱실패)
2026-07-20 02:48:58,089 [INFO] __main__ — 뉴스 시점 제외 [싸이토젠]: 11건 (>14일/파싱실패)
2026-07-20 02:48:58,568 [INFO] __main__ — 뉴스 시점 제외 [아이디피]: 14건 (>14일/파싱실패)
2026-07-20 02:48:58,607 [INFO] __main__ — 뉴스 시점 제외 [팅크웨어]: 9건 (>14일/파싱실패)
2026-07-20 02:48:59,149 [INFO] __main__ — 뉴스 시점 제외 [블루콤]: 14건 (>14일/파싱실패)
2026-07-20 02:48:59,180 [INFO] __main__ — 뉴스 시점 제외 [페스카로]: 14건 (>14일/파싱실패)
2026-07-20 02:48:59,656 [INFO] __main__ — 뉴스 시점 제외 [지아이텍]: 15건 (>14일/파싱실패)
2026-07-20 02:48:59,687 [INFO] __main__ — 뉴스 시점 제외 [한일단조]: 10건 (>14일/파싱실패)
2026-07-20 02:49:00,226 [INFO] __main__ — 뉴스 시점 제외 [CG인바이츠]: 6건 (>14일/파싱실패)
2026-07-20 02:49:00,262 [INFO] __main__ — 뉴스 시점 제외 [제너셈]: 5건 (>14일/파싱실패)
2026-07-20 02:49:00,756 [INFO] __main__ — 뉴스 시점 제외 [모델솔루션]: 10건 (>14일/파싱실패)
2026-07-20 02:49:00,766 [INFO] __main__ — 뉴스 시점 제외 [피제이메탈]: 12건 (>14일/파싱실패)
2026-07-20 02:49:01,307 [INFO] __main__ — 뉴스 시점 제외 [디케이락]: 3건 (>14일/파싱실패)
2026-07-20 02:49:01,339 [INFO] __main__ — 뉴스 시점 제외 [미투온]: 5건 (>14일/파싱실패)
2026-07-20 02:49:01,864 [INFO] __main__ — 뉴스 시점 제외 [유라테크]: 13건 (>14일/파싱실패)
2026-07-20 02:49:01,871 [INFO] __main__ — 뉴스 시점 제외 [한국전자인증]: 1건 (>14일/파싱실패)
2026-07-20 02:49:02,430 [INFO] __main__ — 뉴스 시점 제외 [셀바스헬스케어]: 12건 (>14일/파싱실패)
2026-07-20 02:49:02,974 [INFO] __main__ — 뉴스 시점 제외 [대성하이텍]: 4건 (>14일/파싱실패)
2026-07-20 02:49:03,516 [INFO] __main__ — 뉴스 시점 제외 [대륙제관]: 5건 (>14일/파싱실패)
2026-07-20 02:49:03,539 [INFO] __main__ — 뉴스 시점 제외 [삼륭물산]: 6건 (>14일/파싱실패)
2026-07-20 02:49:03,549 [INFO] __main__ — 뉴스 시점 제외 [고바이오랩]: 6건 (>14일/파싱실패)
2026-07-20 02:49:04,085 [INFO] __main__ — 뉴스 시점 제외 [아우토크립트]: 8건 (>14일/파싱실패)
2026-07-20 02:49:04,599 [INFO] __main__ — 뉴스 시점 제외 [아이티센엔텍]: 13건 (>14일/파싱실패)
2026-07-20 02:49:04,638 [INFO] __main__ — 뉴스 시점 제외 [케이엘넷]: 13건 (>14일/파싱실패)
2026-07-20 02:49:04,642 [INFO] __main__ — 뉴스 시점 제외 [프로티아]: 11건 (>14일/파싱실패)
2026-07-20 02:49:05,190 [INFO] __main__ — 뉴스 시점 제외 [유비벨록스]: 10건 (>14일/파싱실패)
2026-07-20 02:49:05,193 [INFO] __main__ — 뉴스 시점 제외 [해성에어로보틱스]: 12건 (>14일/파싱실패)
2026-07-20 02:49:05,742 [INFO] __main__ — 뉴스 시점 제외 [스마트레이더시스템]: 14건 (>14일/파싱실패)
2026-07-20 02:49:06,231 [INFO] __main__ — 뉴스 시점 제외 [블루엠텍]: 3건 (>14일/파싱실패)
2026-07-20 02:49:06,329 [INFO] __main__ — 뉴스 시점 제외 [부방]: 7건 (>14일/파싱실패)
2026-07-20 02:49:06,773 [INFO] __main__ — 뉴스 시점 제외 [이노메트리]: 12건 (>14일/파싱실패)
2026-07-20 02:49:06,867 [INFO] __main__ — 뉴스 시점 제외 [한국선재]: 13건 (>14일/파싱실패)
2026-07-20 02:49:06,873 [INFO] __main__ — 뉴스 시점 제외 [팬스타엔터프라이즈]: 9건 (>14일/파싱실패)
2026-07-20 02:49:07,320 [INFO] __main__ — 뉴스 시점 제외 [동우팜투테이블]: 8건 (>14일/파싱실패)
2026-07-20 02:49:07,424 [INFO] __main__ — 뉴스 시점 제외 [토탈소프트]: 15건 (>14일/파싱실패)
2026-07-20 02:49:07,425 [INFO] __main__ — 뉴스 시점 제외 [나래나노텍]: 9건 (>14일/파싱실패)
2026-07-20 02:49:08,008 [INFO] __main__ — 뉴스 시점 제외 [셀바이오휴먼텍]: 9건 (>14일/파싱실패)
2026-07-20 02:49:08,565 [INFO] __main__ — 뉴스 시점 제외 [더블유에스아이]: 14건 (>14일/파싱실패)
2026-07-20 02:49:08,946 [INFO] __main__ — 뉴스 시점 제외 [뉴엔AI]: 9건 (>14일/파싱실패)
2026-07-20 02:49:09,122 [INFO] __main__ — 뉴스 시점 제외 [코렌텍]: 12건 (>14일/파싱실패)
2026-07-20 02:49:09,123 [INFO] __main__ — 뉴스 시점 제외 [대성창투]: 13건 (>14일/파싱실패)
2026-07-20 02:49:09,495 [INFO] __main__ — 뉴스 시점 제외 [세코닉스]: 11건 (>14일/파싱실패)
2026-07-20 02:49:09,672 [INFO] __main__ — 뉴스 시점 제외 [SG&G]: 13건 (>14일/파싱실패)
2026-07-20 02:49:09,679 [INFO] __main__ — 뉴스 시점 제외 [제이씨현시스템]: 13건 (>14일/파싱실패)
2026-07-20 02:49:10,780 [INFO] __main__ — 뉴스 시점 제외 [이닉스]: 14건 (>14일/파싱실패)
2026-07-20 02:49:12,222 [INFO] __main__ — 뉴스 시점 제외 [제이투케이바이오]: 8건 (>14일/파싱실패)
2026-07-20 02:49:12,422 [INFO] __main__ — 뉴스 시점 제외 [탑엔지니어링]: 5건 (>14일/파싱실패)
2026-07-20 02:49:12,974 [INFO] __main__ — 뉴스 시점 제외 [오상자이엘]: 11건 (>14일/파싱실패)
2026-07-20 02:49:13,529 [INFO] __main__ — 뉴스 시점 제외 [씨유테크]: 14건 (>14일/파싱실패)
2026-07-20 02:49:13,848 [INFO] __main__ — 뉴스 시점 제외 [HB인베스트먼트]: 4건 (>14일/파싱실패)
2026-07-20 02:49:14,106 [INFO] __main__ — 뉴스 시점 제외 [흥국에프엔비]: 10건 (>14일/파싱실패)
2026-07-20 02:49:14,392 [INFO] __main__ — 뉴스 시점 제외 [캐프]: 15건 (>14일/파싱실패)
2026-07-20 02:49:14,624 [INFO] __main__ — 뉴스 시점 제외 [에어레인]: 3건 (>14일/파싱실패)
2026-07-20 02:49:15,167 [INFO] __main__ — 뉴스 시점 제외 [TPC로보틱스]: 6건 (>14일/파싱실패)
2026-07-20 02:49:15,710 [INFO] __main__ — 뉴스 시점 제외 [앱코]: 7건 (>14일/파싱실패)
2026-07-20 02:49:15,731 [INFO] __main__ — 뉴스 시점 제외 [일신바이오]: 8건 (>14일/파싱실패)
2026-07-20 02:49:16,037 [INFO] __main__ — 뉴스 시점 제외 [쎄노텍]: 11건 (>14일/파싱실패)
2026-07-20 02:49:16,251 [INFO] __main__ — 뉴스 시점 제외 [동방선기]: 11건 (>14일/파싱실패)
2026-07-20 02:49:16,797 [INFO] __main__ — 뉴스 시점 제외 [상신전자]: 12건 (>14일/파싱실패)
2026-07-20 02:49:17,124 [INFO] __main__ — 뉴스 시점 제외 [에이텍모빌리티]: 14건 (>14일/파싱실패)
2026-07-20 02:49:17,358 [INFO] __main__ — 뉴스 시점 제외 [쓰리에이로직스]: 12건 (>14일/파싱실패)
2026-07-20 02:49:17,890 [INFO] __main__ — 뉴스 시점 제외 [마이크로디지탈]: 15건 (>14일/파싱실패)
2026-07-20 02:49:17,903 [INFO] __main__ — 뉴스 시점 제외 [램테크놀러지]: 7건 (>14일/파싱실패)
2026-07-20 02:49:18,439 [INFO] __main__ — 뉴스 시점 제외 [화인써키트]: 12건 (>14일/파싱실패)
2026-07-20 02:49:18,442 [INFO] __main__ — 뉴스 시점 제외 [유니온바이오메트릭스]: 7건 (>14일/파싱실패)
2026-07-20 02:49:18,770 [INFO] __main__ — 뉴스 시점 제외 [케이디켐]: 10건 (>14일/파싱실패)
2026-07-20 02:49:19,003 [INFO] __main__ — 뉴스 시점 제외 [서암기계공업]: 10건 (>14일/파싱실패)
2026-07-20 02:49:19,315 [INFO] __main__ — 뉴스 시점 제외 [나라엠앤디]: 15건 (>14일/파싱실패)
2026-07-20 02:49:19,562 [INFO] __main__ — 뉴스 시점 제외 [케일럼]: 11건 (>14일/파싱실패)
2026-07-20 02:49:19,858 [INFO] __main__ — 뉴스 시점 제외 [보라티알]: 12건 (>14일/파싱실패)
2026-07-20 02:49:20,681 [INFO] __main__ — 뉴스 시점 제외 [큐캐피탈]: 7건 (>14일/파싱실패)
2026-07-20 02:49:20,684 [INFO] __main__ — 뉴스 시점 제외 [TS인베스트먼트]: 10건 (>14일/파싱실패)
2026-07-20 02:49:21,244 [INFO] __main__ — 뉴스 시점 제외 [아이컴포넌트]: 15건 (>14일/파싱실패)
2026-07-20 02:49:21,498 [INFO] __main__ — 뉴스 시점 제외 [엔바이오니아]: 14건 (>14일/파싱실패)
2026-07-20 02:49:21,802 [INFO] __main__ — 뉴스 시점 제외 [에코캡]: 11건 (>14일/파싱실패)
2026-07-20 02:49:22,041 [INFO] __main__ — 뉴스 시점 제외 [캐스텍코리아]: 13건 (>14일/파싱실패)
2026-07-20 02:49:22,377 [INFO] __main__ — 뉴스 시점 제외 [에이치와이티씨]: 8건 (>14일/파싱실패)
2026-07-20 02:49:22,380 [INFO] __main__ — 뉴스 시점 제외 [씨큐브]: 11건 (>14일/파싱실패)
2026-07-20 02:49:22,937 [INFO] __main__ — 뉴스 시점 제외 [삼화네트웍스]: 7건 (>14일/파싱실패)
2026-07-20 02:49:23,500 [INFO] __main__ — 뉴스 시점 제외 [와토스코리아]: 10건 (>14일/파싱실패)
2026-07-20 02:49:23,501 [INFO] __main__ — 뉴스 시점 제외 [스튜디오미르]: 12건 (>14일/파싱실패)
2026-07-20 02:49:24,071 [INFO] __main__ — 뉴스 시점 제외 [팬엔터테인먼트]: 11건 (>14일/파싱실패)
2026-07-20 02:49:24,217 [INFO] __main__ — 뉴스 시점 제외 [미트박스]: 11건 (>14일/파싱실패)
2026-07-20 02:49:24,617 [INFO] __main__ — 뉴스 시점 제외 [티디에스팜]: 10건 (>14일/파싱실패)
2026-07-20 02:49:25,165 [INFO] __main__ — 뉴스 시점 제외 [제이엔비]: 11건 (>14일/파싱실패)
2026-07-20 02:49:25,176 [INFO] __main__ — 뉴스 시점 제외 [네오크레마]: 13건 (>14일/파싱실패)
2026-07-20 02:49:25,714 [INFO] __main__ — 뉴스 시점 제외 [메가엠디]: 8건 (>14일/파싱실패)
2026-07-20 02:49:25,868 [INFO] __main__ — 뉴스 시점 제외 [기산텔레콤]: 10건 (>14일/파싱실패)
2026-07-20 02:49:26,262 [INFO] __main__ — 뉴스 시점 제외 [솔디펜스]: 7건 (>14일/파싱실패)
2026-07-20 02:49:26,269 [INFO] __main__ — 뉴스 시점 제외 [디와이씨]: 7건 (>14일/파싱실패)
2026-07-20 02:49:26,411 [INFO] __main__ — 뉴스 시점 제외 [이삭엔지니어링]: 13건 (>14일/파싱실패)
2026-07-20 02:49:26,909 [INFO] __main__ — POOL_A 후보 부정뉴스 2차 조회: 635개
2026-07-20 02:49:26,912 [INFO] __main__ — POOL_A: 832개 (A:829 B:2 동시:1) | 부정게이트 제외:8
  대형:57 중형:117 소형:658
2026-07-20 02:49:26,917 [INFO] __main__ —   → POOL_A: 832개
2026-07-20 02:49:26,917 [INFO] __main__ — ▶ Step 2: 하드 필터링
2026-07-20 02:49:26,918 [INFO] __main__ — 하드 필터 제거: 824개 | 과열배제 35 | 이격도상한 3 | 이격도하한 258 | MA추세 493 | RSI과열 4 | 거래대금 31
2026-07-20 02:49:26,919 [INFO] __main__ — 과열 gated 기록: 35개 → gated_tickers
2026-07-20 02:49:26,920 [INFO] __main__ — POOL_B: 8개 | 대형:0 중형:2 소형:6
2026-07-20 02:49:26,920 [INFO] __main__ —   → POOL_B: 8개
2026-07-20 02:49:26,920 [INFO] __main__ — ▶ Step 3: 스코어링 (FinBERT 감성 분석)
2026-07-20 02:49:26,920 [INFO] __main__ — NaverClient: 3개 키 로드 (DataLab·검색 독립 회전)
2026-07-20 02:49:26,920 [INFO] __main__ — 텍스트 신규 수집: 8종목 (캐시 적중 0종목)
2026-07-20 02:49:27,393 [INFO] __main__ — 뉴스 시점 제외 [와이지-원]: 4건 (>14일/파싱실패)
2026-07-20 02:49:31,269 [INFO] __main__ — 뉴스 시점 제외 [싸이맥스]: 18건 (>14일/파싱실패)
2026-07-20 02:49:38,476 [INFO] __main__ — 수집 완료: 뉴스 67건 | 공시 9건
2026-07-20 02:49:38,477 [INFO] __main__ — FinBERT 감성 분석 (finbert 모드)...
2026-07-20 02:49:38,477 [INFO] __main__ — FinBERT 로딩: snunlp/KR-FinBert-SC (CPU, batch=8)
2026-07-20 02:49:38,635 [INFO] httpx — HTTP Request: GET https://huggingface.co/api/agent-harnesses "HTTP/1.1 200 OK"
2026-07-20 02:49:38,729 [INFO] httpx — HTTP Request: HEAD https://huggingface.co/snunlp/KR-FinBert-SC/resolve/main/config.json "HTTP/1.1 307 Temporary Redirect"
2026-07-20 02:49:38,742 [INFO] httpx — HTTP Request: HEAD https://huggingface.co/api/resolve-cache/models/snunlp/KR-FinBert-SC/f8586286cc3161fb648e9fee09a456069fd846d0/config.json "HTTP/1.1 200 OK"
2026-07-20 02:49:38,855 [INFO] httpx — HTTP Request: HEAD https://huggingface.co/snunlp/KR-FinBert-SC/resolve/main/model.safetensors "HTTP/1.1 404 Not Found"
2026-07-20 02:49:38,855 [WARNING] huggingface_hub.utils._http — Warning: You are sending unauthenticated requests to the HF Hub. Please set a HF_TOKEN to enable higher rate limits and faster downloads.
2026-07-20 02:49:38,959 [INFO] httpx — HTTP Request: GET https://huggingface.co/api/models/snunlp/KR-FinBert-SC "HTTP/1.1 200 OK"
2026-07-20 02:49:39,107 [INFO] httpx — HTTP Request: GET https://huggingface.co/api/models/snunlp/KR-FinBert-SC/tree/main/additional_chat_templates?recursive=false&expand=false "HTTP/1.1 404 Not Found"
2026-07-20 02:49:39,123 [INFO] httpx — HTTP Request: GET https://huggingface.co/api/models/snunlp/KR-FinBert-SC/commits/main "HTTP/1.1 200 OK"
2026-07-20 02:49:39,209 [INFO] httpx — HTTP Request: GET https://huggingface.co/api/models/snunlp/KR-FinBert-SC/tree/main?recursive=true&expand=false "HTTP/1.1 200 OK"
2026-07-20 02:49:39,228 [INFO] httpx — HTTP Request: GET https://huggingface.co/api/models/snunlp/KR-FinBert-SC/discussions?p=0 "HTTP/1.1 200 OK"
2026-07-20 02:49:39,325 [INFO] httpx — HTTP Request: HEAD https://huggingface.co/snunlp/KR-FinBert-SC/resolve/main/processor_config.json "HTTP/1.1 404 Not Found"
2026-07-20 02:49:39,368 [INFO] httpx — HTTP Request: GET https://huggingface.co/api/models/snunlp/KR-FinBert-SC/commits/refs%2Fpr%2F3 "HTTP/1.1 200 OK"
2026-07-20 02:49:39,429 [INFO] httpx — HTTP Request: HEAD https://huggingface.co/snunlp/KR-FinBert-SC/resolve/main/video_preprocessor_config.json "HTTP/1.1 404 Not Found"
2026-07-20 02:49:39,468 [INFO] httpx — HTTP Request: HEAD https://huggingface.co/snunlp/KR-FinBert-SC/resolve/refs%2Fpr%2F3/model.safetensors.index.json "HTTP/1.1 404 Not Found"
2026-07-20 02:49:39,518 [INFO] httpx — HTTP Request: HEAD https://huggingface.co/snunlp/KR-FinBert-SC/resolve/main/preprocessor_config.json "HTTP/1.1 404 Not Found"
2026-07-20 02:49:39,519 [INFO] __main__ — FinBERT 로드 완료 (CPU)
2026-07-20 02:49:39,597 [INFO] httpx — HTTP Request: HEAD https://huggingface.co/snunlp/KR-FinBert-SC/resolve/refs%2Fpr%2F3/model.safetensors "HTTP/1.1 302 Found"
2026-07-20 02:49:41,053 [INFO] __main__ — Phase A.1: 매핑 신뢰도 < 0.5 → 감성 점수 폐기 7건
2026-07-20 02:49:41,053 [INFO] __main__ — 스코어링: 8개 | 집중:0 | FinBERT:finbert
2026-07-20 02:49:41,068 [INFO] __main__ —   → 8개
2026-07-20 02:49:41,068 [INFO] __main__ — ▶ Step 4: 발송
2026-07-20 02:49:44,616 [WARNING] __main__ — 텔레그램 발송 실패 그룹 → mark_sent skip 1개 (다음 실행 시 재발송 대상)
2026-07-20 02:49:44,617 [INFO] __main__ — DB 기록: 0개 / 전체 to_send 1개
2026-07-20 02:49:44,617 [INFO] __main__ — 발송: 집중 0 / 주시 0
2026-07-20 02:49:44,617 [INFO] __main__ — 완료  |  소요: 1155.4초
2026-07-20 12:02:54,496 [INFO] __main__ — config 검증 완료 ✓
2026-07-20 12:02:54,497 [INFO] __main__ — ============================================================
2026-07-20 12:02:54,497 [INFO] __main__ — AlphaRadar v3.3.1  |  기준일: 20260720
2026-07-20 12:02:54,497 [INFO] __main__ — S = T×0.3 + S_text×0.4 + D×0.3
2026-07-20 12:02:54,497 [INFO] __main__ — ============================================================
2026-07-20 12:02:54,497 [INFO] __main__ — ▶ Step 0: 유니버스 필터링
2026-07-20 12:02:54,651 [INFO] __main__ — FDR 데이터 수집: 20260114 ~ 20260720
2026-07-20 12:02:56,087 [INFO] __main__ — KOSPI: 943개 | 섹터정보 833개 (DART +833개 보완)
2026-07-20 12:02:56,088 [INFO] __main__ — KOSDAQ: 1821개 | 섹터정보 1821개
2026-07-20 12:02:56,088 [INFO] __main__ — 전체: 2764개
2026-07-20 12:02:58,631 [INFO] __main__ — KIS 토큰 발급 완료
2026-07-20 12:18:15,170 [INFO] __main__ — DART corp_code 매핑: 2146/2199개 (97%)
2026-07-20 12:18:15,170 [INFO] __main__ — 유효 유니버스: 2199개
2026-07-20 12:18:15,182 [INFO] __main__ —   → 2199개
2026-07-20 12:18:15,182 [INFO] __main__ — ▶ Step 1: 신호 탐지
2026-07-20 12:18:15,182 [INFO] __main__ — NaverClient: 3개 키 로드 (DataLab·검색 독립 회전)
2026-07-20 12:18:15,182 [INFO] __main__ — 관심 지수 및 부정 뉴스 비율 조회 중...
2026-07-20 12:18:32,357 [INFO] __main__ — 뉴스 시점 제외 [삼기에너지솔루션즈]: 2건 (>14일/파싱실패)
2026-07-20 12:18:42,141 [INFO] __main__ — 뉴스 시점 제외 [스모트로닉]: 6건 (>14일/파싱실패)
2026-07-20 12:18:47,160 [INFO] __main__ — 뉴스 시점 제외 [남선알미늄]: 4건 (>14일/파싱실패)
2026-07-20 12:18:58,080 [INFO] __main__ — 뉴스 시점 제외 [KX하이텍]: 8건 (>14일/파싱실패)
2026-07-20 12:19:04,677 [INFO] __main__ — 뉴스 시점 제외 [한성크린텍]: 8건 (>14일/파싱실패)
2026-07-20 12:19:05,622 [INFO] __main__ — 뉴스 시점 제외 [맥쿼리인프라]: 7건 (>14일/파싱실패)
2026-07-20 12:19:06,111 [INFO] __main__ — 뉴스 시점 제외 [드림시큐리티]: 1건 (>14일/파싱실패)
2026-07-20 12:19:10,642 [INFO] __main__ — 뉴스 시점 제외 [하이드로리튬]: 11건 (>14일/파싱실패)
2026-07-20 12:19:12,224 [INFO] __main__ — 뉴스 시점 제외 [THE E&M]: 3건 (>14일/파싱실패)
2026-07-20 12:19:21,515 [INFO] __main__ — 뉴스 시점 제외 [피델릭스]: 8건 (>14일/파싱실패)
2026-07-20 12:19:22,804 [INFO] __main__ — 뉴스 시점 제외 [세미티에스]: 10건 (>14일/파싱실패)
2026-07-20 12:19:27,295 [INFO] __main__ — 뉴스 시점 제외 [KBI동양철관]: 9건 (>14일/파싱실패)
2026-07-20 12:19:30,681 [INFO] __main__ — 뉴스 시점 제외 [멤레이비티]: 6건 (>14일/파싱실패)
2026-07-20 12:19:31,369 [INFO] __main__ — 뉴스 시점 제외 [해성옵틱스]: 9건 (>14일/파싱실패)
2026-07-20 12:19:38,160 [INFO] __main__ — 뉴스 시점 제외 [성문전자]: 8건 (>14일/파싱실패)
2026-07-20 12:19:40,332 [INFO] __main__ — 뉴스 시점 제외 [보성파워텍]: 5건 (>14일/파싱실패)
2026-07-20 12:19:42,838 [INFO] __main__ — 뉴스 시점 제외 [조일알미늄]: 11건 (>14일/파싱실패)
2026-07-20 12:19:43,134 [INFO] __main__ — 뉴스 시점 제외 [옴니시스템]: 4건 (>14일/파싱실패)
2026-07-20 12:19:44,059 [INFO] __main__ — 뉴스 시점 제외 [원텍]: 4건 (>14일/파싱실패)
2026-07-20 12:19:53,979 [INFO] __main__ — 뉴스 시점 제외 [에코플라스틱]: 6건 (>14일/파싱실패)
2026-07-20 12:19:54,339 [INFO] __main__ — 뉴스 시점 제외 [이수화학]: 6건 (>14일/파싱실패)
2026-07-20 12:19:55,229 [INFO] __main__ — 뉴스 시점 제외 [부국철강]: 11건 (>14일/파싱실패)
2026-07-20 12:19:56,561 [INFO] __main__ — 뉴스 시점 제외 [LS머트리얼즈]: 6건 (>14일/파싱실패)
2026-07-20 12:20:01,540 [INFO] __main__ — 뉴스 시점 제외 [키스트론]: 11건 (>14일/파싱실패)
2026-07-20 12:20:09,426 [INFO] __main__ — 뉴스 시점 제외 [엘브이엠씨홀딩스]: 15건 (>14일/파싱실패)
2026-07-20 12:20:14,155 [INFO] __main__ — 뉴스 시점 제외 [퍼스텍]: 5건 (>14일/파싱실패)
2026-07-20 12:20:14,163 [INFO] __main__ — 뉴스 시점 제외 [KB스타리츠]: 11건 (>14일/파싱실패)
2026-07-20 12:20:14,391 [INFO] __main__ — 뉴스 시점 제외 [양지사]: 11건 (>14일/파싱실패)
2026-07-20 12:20:15,683 [INFO] __main__ — 뉴스 시점 제외 [대영포장]: 15건 (>14일/파싱실패)
2026-07-20 12:20:17,027 [INFO] __main__ — 뉴스 시점 제외 [시너지이노베이션]: 12건 (>14일/파싱실패)
2026-07-20 12:20:19,525 [INFO] __main__ — 뉴스 시점 제외 [대아티아이]: 7건 (>14일/파싱실패)
2026-07-20 12:20:22,380 [INFO] __main__ — 뉴스 시점 제외 [대양금속]: 9건 (>14일/파싱실패)
2026-07-20 12:20:23,289 [INFO] __main__ — 뉴스 시점 제외 [아남전자]: 10건 (>14일/파싱실패)
2026-07-20 12:20:26,544 [INFO] __main__ — 뉴스 시점 제외 [티씨머티리얼즈]: 11건 (>14일/파싱실패)
2026-07-20 12:20:28,085 [INFO] __main__ — 뉴스 시점 제외 [일신석재]: 9건 (>14일/파싱실패)
2026-07-20 12:20:29,397 [INFO] __main__ — 뉴스 시점 제외 [에이팩트]: 8건 (>14일/파싱실패)
2026-07-20 12:20:29,568 [INFO] __main__ — 뉴스 시점 제외 [GRT]: 6건 (>14일/파싱실패)
2026-07-20 12:20:30,682 [INFO] __main__ — 뉴스 시점 제외 [한국팩키지]: 6건 (>14일/파싱실패)
2026-07-20 12:20:34,470 [INFO] __main__ — 뉴스 시점 제외 [우리기술투자]: 11건 (>14일/파싱실패)
2026-07-20 12:20:34,532 [INFO] __main__ — 뉴스 시점 제외 [HB솔루션]: 6건 (>14일/파싱실패)
2026-07-20 12:20:46,277 [INFO] __main__ — 뉴스 시점 제외 [알루코]: 8건 (>14일/파싱실패)
2026-07-20 12:20:47,515 [INFO] __main__ — 뉴스 시점 제외 [우원개발]: 4건 (>14일/파싱실패)
2026-07-20 12:20:52,436 [INFO] __main__ — 뉴스 시점 제외 [태경케미컬]: 4건 (>14일/파싱실패)
2026-07-20 12:20:57,449 [INFO] __main__ — 뉴스 시점 제외 [엔비알모션]: 4건 (>14일/파싱실패)
2026-07-20 12:20:57,680 [INFO] __main__ — 뉴스 시점 제외 [덕신이피씨]: 12건 (>14일/파싱실패)
2026-07-20 12:20:58,680 [INFO] __main__ — 뉴스 시점 제외 [비투엔]: 10건 (>14일/파싱실패)
2026-07-20 12:21:02,526 [INFO] __main__ — 뉴스 시점 제외 [미래에셋증권2우B]: 13건 (>14일/파싱실패)
2026-07-20 12:21:02,536 [INFO] __main__ — 뉴스 시점 제외 [메가터치]: 6건 (>14일/파싱실패)
2026-07-20 12:21:03,779 [INFO] __main__ — 뉴스 시점 제외 [에이티넘인베스트]: 13건 (>14일/파싱실패)
2026-07-20 12:21:11,288 [INFO] __main__ — 뉴스 시점 제외 [티이엠씨]: 5건 (>14일/파싱실패)
2026-07-20 12:21:12,517 [INFO] __main__ — 뉴스 시점 제외 [에이치엠넥스]: 10건 (>14일/파싱실패)
2026-07-20 12:21:17,756 [INFO] __main__ — 뉴스 시점 제외 [슈어소프트테크]: 7건 (>14일/파싱실패)
2026-07-20 12:21:19,021 [INFO] __main__ — 뉴스 시점 제외 [와이제이링크]: 6건 (>14일/파싱실패)
2026-07-20 12:21:20,297 [INFO] __main__ — 뉴스 시점 제외 [휴스틸]: 3건 (>14일/파싱실패)
2026-07-20 12:21:24,020 [INFO] __main__ — 뉴스 시점 제외 [YG PLUS]: 10건 (>14일/파싱실패)
2026-07-20 12:21:25,266 [INFO] __main__ — 뉴스 시점 제외 [넥스틸]: 6건 (>14일/파싱실패)
2026-07-20 12:21:30,491 [INFO] __main__ — 뉴스 시점 제외 [영화금속]: 4건 (>14일/파싱실패)
2026-07-20 12:21:33,584 [INFO] __main__ — 뉴스 시점 제외 [태양금속]: 11건 (>14일/파싱실패)
2026-07-20 12:21:36,221 [INFO] __main__ — 뉴스 시점 제외 [지앤비에스 에코]: 2건 (>14일/파싱실패)
2026-07-20 12:21:39,779 [INFO] __main__ — 뉴스 시점 제외 [국일제지]: 13건 (>14일/파싱실패)
2026-07-20 12:21:39,977 [INFO] __main__ — 뉴스 시점 제외 [네오리진]: 8건 (>14일/파싱실패)
2026-07-20 12:21:41,031 [INFO] __main__ — 뉴스 시점 제외 [디앤디플랫폼리츠]: 11건 (>14일/파싱실패)
2026-07-20 12:21:43,550 [INFO] __main__ — 뉴스 시점 제외 [SK리츠]: 7건 (>14일/파싱실패)
2026-07-20 12:21:44,720 [INFO] __main__ — 뉴스 시점 제외 [한일단조]: 10건 (>14일/파싱실패)
2026-07-20 12:21:46,887 [INFO] __main__ — 뉴스 시점 제외 [경인양행]: 6건 (>14일/파싱실패)
2026-07-20 12:21:47,389 [INFO] __main__ — 뉴스 시점 제외 [민테크]: 7건 (>14일/파싱실패)
2026-07-20 12:21:48,334 [INFO] __main__ — 뉴스 시점 제외 [티케이케미칼]: 7건 (>14일/파싱실패)
2026-07-20 12:21:49,742 [INFO] __main__ — 뉴스 시점 제외 [원익피앤이]: 11건 (>14일/파싱실패)
2026-07-20 12:21:51,090 [INFO] __main__ — 부정 키워드 감지: 29개 종목 (neg_ratio > 0)
2026-07-20 12:21:51,094 [INFO] __main__ — 수급일수충족·합계음수 제외: 120개
2026-07-20 12:21:59,617 [INFO] __main__ — 뉴스 시점 제외 [두산우]: 14건 (>14일/파싱실패)
2026-07-20 12:22:03,027 [INFO] __main__ — 뉴스 시점 제외 [LG전자우]: 8건 (>14일/파싱실패)
2026-07-20 12:22:03,095 [INFO] __main__ — 뉴스 시점 제외 [롯데리츠]: 8건 (>14일/파싱실패)
2026-07-20 12:22:03,778 [INFO] __main__ — 뉴스 시점 제외 [세방전지]: 9건 (>14일/파싱실패)
2026-07-20 12:22:05,853 [INFO] __main__ — 뉴스 시점 제외 [동원시스템즈]: 9건 (>14일/파싱실패)
2026-07-20 12:22:06,558 [INFO] __main__ — 뉴스 시점 제외 [세아홀딩스]: 2건 (>14일/파싱실패)
2026-07-20 12:22:07,255 [INFO] __main__ — 뉴스 시점 제외 [삼성FN리츠]: 6건 (>14일/파싱실패)
2026-07-20 12:22:07,264 [INFO] __main__ — 뉴스 시점 제외 [CJ4우(전환)]: 14건 (>14일/파싱실패)
2026-07-20 12:22:07,955 [INFO] __main__ — 뉴스 시점 제외 [바이오노트]: 9건 (>14일/파싱실패)
2026-07-20 12:22:07,987 [INFO] __main__ — 뉴스 시점 제외 [풍산홀딩스]: 8건 (>14일/파싱실패)
2026-07-20 12:22:08,629 [INFO] __main__ — 뉴스 시점 제외 [전진건설로봇]: 8건 (>14일/파싱실패)
2026-07-20 12:22:08,667 [INFO] __main__ — 뉴스 시점 제외 [조광피혁]: 13건 (>14일/파싱실패)
2026-07-20 12:22:09,330 [INFO] __main__ — 뉴스 시점 제외 [농심홀딩스]: 1건 (>14일/파싱실패)
2026-07-20 12:22:09,337 [INFO] __main__ — 뉴스 시점 제외 [코람코더원리츠]: 7건 (>14일/파싱실패)
2026-07-20 12:22:10,014 [INFO] __main__ — 뉴스 시점 제외 [현대차3우B]: 15건 (>14일/파싱실패)
2026-07-20 12:22:10,032 [INFO] __main__ — 뉴스 시점 제외 [아모레퍼시픽우]: 10건 (>14일/파싱실패)
2026-07-20 12:22:10,699 [INFO] __main__ — 뉴스 시점 제외 [삼영무역]: 10건 (>14일/파싱실패)
2026-07-20 12:22:10,712 [INFO] __main__ — 뉴스 시점 제외 [신대양제지]: 13건 (>14일/파싱실패)
2026-07-20 12:22:12,073 [INFO] __main__ — 뉴스 시점 제외 [KPX홀딩스]: 10건 (>14일/파싱실패)
2026-07-20 12:22:12,107 [INFO] __main__ — 뉴스 시점 제외 [국도화학]: 10건 (>14일/파싱실패)
2026-07-20 12:22:14,167 [INFO] __main__ — 뉴스 시점 제외 [아세아제지]: 8건 (>14일/파싱실패)
2026-07-20 12:22:14,867 [INFO] __main__ — 뉴스 시점 제외 [삼성물산우B]: 15건 (>14일/파싱실패)
2026-07-20 12:22:15,689 [INFO] __main__ — 뉴스 시점 제외 [S-Oil우]: 11건 (>14일/파싱실패)
2026-07-20 12:22:16,389 [INFO] __main__ — 뉴스 시점 제외 [포스코스틸리온]: 6건 (>14일/파싱실패)
2026-07-20 12:22:16,421 [INFO] __main__ — 뉴스 시점 제외 [서울가스]: 8건 (>14일/파싱실패)
2026-07-20 12:22:17,772 [INFO] __main__ — 뉴스 시점 제외 [CR홀딩스]: 12건 (>14일/파싱실패)
2026-07-20 12:22:19,159 [INFO] __main__ — 뉴스 시점 제외 [모토닉]: 13건 (>14일/파싱실패)
2026-07-20 12:22:19,166 [INFO] __main__ — 뉴스 시점 제외 [AJ네트웍스]: 13건 (>14일/파싱실패)
2026-07-20 12:22:19,853 [INFO] __main__ — 뉴스 시점 제외 [진양홀딩스]: 12건 (>14일/파싱실패)
2026-07-20 12:22:20,549 [INFO] __main__ — 뉴스 시점 제외 [LG우]: 15건 (>14일/파싱실패)
2026-07-20 12:22:21,876 [INFO] __main__ — 뉴스 시점 제외 [하이트진로홀딩스]: 11건 (>14일/파싱실패)
2026-07-20 12:22:23,264 [INFO] __main__ — 뉴스 시점 제외 [유화증권]: 5건 (>14일/파싱실패)
2026-07-20 12:22:23,315 [INFO] __main__ — 뉴스 시점 제외 [SYTS]: 12건 (>14일/파싱실패)
2026-07-20 12:22:23,957 [INFO] __main__ — 뉴스 시점 제외 [NH올원리츠]: 13건 (>14일/파싱실패)
2026-07-20 12:22:23,996 [INFO] __main__ — 뉴스 시점 제외 [조선내화]: 10건 (>14일/파싱실패)
2026-07-20 12:22:24,632 [INFO] __main__ — 뉴스 시점 제외 [신라교역]: 8건 (>14일/파싱실패)
2026-07-20 12:22:24,821 [INFO] __main__ — 뉴스 시점 제외 [금호석유화학우]: 13건 (>14일/파싱실패)
2026-07-20 12:22:25,507 [INFO] __main__ — 뉴스 시점 제외 [아모레퍼시픽홀딩스3우C]: 14건 (>14일/파싱실패)
2026-07-20 12:22:26,705 [INFO] __main__ — 뉴스 시점 제외 [태경산업]: 9건 (>14일/파싱실패)
2026-07-20 12:22:26,892 [INFO] __main__ — 뉴스 시점 제외 [한국주철관]: 10건 (>14일/파싱실패)
2026-07-20 12:22:27,386 [INFO] __main__ — 뉴스 시점 제외 [미원홀딩스]: 12건 (>14일/파싱실패)
2026-07-20 12:22:27,422 [INFO] __main__ — 뉴스 시점 제외 [이지스레지던스리츠]: 14건 (>14일/파싱실패)
2026-07-20 12:22:27,576 [INFO] __main__ — 뉴스 시점 제외 [화승코퍼레이션]: 7건 (>14일/파싱실패)
2026-07-20 12:22:28,066 [INFO] __main__ — 뉴스 시점 제외 [인천도시가스]: 8건 (>14일/파싱실패)
2026-07-20 12:22:28,758 [INFO] __main__ — 뉴스 시점 제외 [HDC현대EP]: 12건 (>14일/파싱실패)
2026-07-20 12:22:28,773 [INFO] __main__ — 뉴스 시점 제외 [태림포장]: 13건 (>14일/파싱실패)
2026-07-20 12:22:30,139 [INFO] __main__ — 뉴스 시점 제외 [제일파마홀딩스]: 5건 (>14일/파싱실패)
2026-07-20 12:22:30,305 [INFO] __main__ — 뉴스 시점 제외 [조선선재]: 13건 (>14일/파싱실패)
2026-07-20 12:22:30,837 [INFO] __main__ — 뉴스 시점 제외 [경동인베스트]: 8건 (>14일/파싱실패)
2026-07-20 12:22:31,501 [INFO] __main__ — 뉴스 시점 제외 [대성홀딩스]: 8건 (>14일/파싱실패)
2026-07-20 12:22:31,522 [INFO] __main__ — 뉴스 시점 제외 [무림P&P]: 10건 (>14일/파싱실패)
2026-07-20 12:22:32,187 [INFO] __main__ — 뉴스 시점 제외 [황금에스티]: 10건 (>14일/파싱실패)
2026-07-20 12:22:32,224 [INFO] __main__ — 뉴스 시점 제외 [HS애드]: 5건 (>14일/파싱실패)
2026-07-20 12:22:32,374 [INFO] __main__ — 뉴스 시점 제외 [KTcs]: 9건 (>14일/파싱실패)
2026-07-20 12:22:32,884 [INFO] __main__ — 뉴스 시점 제외 [동일산업]: 7건 (>14일/파싱실패)
2026-07-20 12:22:33,566 [INFO] __main__ — 뉴스 시점 제외 [DSR제강]: 10건 (>14일/파싱실패)
2026-07-20 12:22:33,584 [INFO] __main__ — 뉴스 시점 제외 [두산퓨얼셀1우]: 13건 (>14일/파싱실패)
2026-07-20 12:22:34,261 [INFO] __main__ — 뉴스 시점 제외 [동인기연]: 13건 (>14일/파싱실패)
2026-07-20 12:22:34,270 [INFO] __main__ — 뉴스 시점 제외 [SK이노베이션우]: 14건 (>14일/파싱실패)
2026-07-20 12:22:34,448 [INFO] __main__ — 뉴스 시점 제외 [사조오양]: 8건 (>14일/파싱실패)
2026-07-20 12:22:34,958 [INFO] __main__ — 뉴스 시점 제외 [CS홀딩스]: 15건 (>14일/파싱실패)
2026-07-20 12:22:35,149 [INFO] __main__ — 뉴스 시점 제외 [우신시스템]: 11건 (>14일/파싱실패)
2026-07-20 12:22:35,640 [INFO] __main__ — 뉴스 시점 제외 [성창기업지주]: 14건 (>14일/파싱실패)
2026-07-20 12:22:35,831 [INFO] __main__ — 뉴스 시점 제외 [동양고속]: 10건 (>14일/파싱실패)
2026-07-20 12:22:36,313 [INFO] __main__ — 뉴스 시점 제외 [삼정펄프]: 13건 (>14일/파싱실패)
2026-07-20 12:22:37,001 [INFO] __main__ — 뉴스 시점 제외 [아모레퍼시픽홀딩스우]: 14건 (>14일/파싱실패)
2026-07-20 12:22:37,021 [INFO] __main__ — 뉴스 시점 제외 [일동홀딩스]: 6건 (>14일/파싱실패)
2026-07-20 12:22:37,195 [INFO] __main__ — 뉴스 시점 제외 [코오롱인더우]: 15건 (>14일/파싱실패)
2026-07-20 12:22:37,712 [INFO] __main__ — 뉴스 시점 제외 [유한양행우]: 13건 (>14일/파싱실패)
2026-07-20 12:22:37,882 [INFO] __main__ — 뉴스 시점 제외 [호전실업]: 10건 (>14일/파싱실패)
2026-07-20 12:22:38,390 [INFO] __main__ — 뉴스 시점 제외 [남양유업우]: 15건 (>14일/파싱실패)
2026-07-20 12:22:38,560 [INFO] __main__ — 뉴스 시점 제외 [한국내화]: 10건 (>14일/파싱실패)
2026-07-20 12:22:39,065 [INFO] __main__ — 뉴스 시점 제외 [써니전자]: 12건 (>14일/파싱실패)
2026-07-20 12:22:39,068 [INFO] __main__ — 뉴스 시점 제외 [삼성출판사]: 5건 (>14일/파싱실패)
2026-07-20 12:22:39,765 [INFO] __main__ — 뉴스 시점 제외 [화천기계]: 8건 (>14일/파싱실패)
2026-07-20 12:22:40,610 [INFO] __main__ — 뉴스 시점 제외 [화승알앤에이]: 6건 (>14일/파싱실패)
2026-07-20 12:22:41,158 [INFO] __main__ — 뉴스 시점 제외 [롯데칠성우]: 15건 (>14일/파싱실패)
2026-07-20 12:22:41,161 [INFO] __main__ — 뉴스 시점 제외 [평화산업]: 6건 (>14일/파싱실패)
2026-07-20 12:22:41,289 [INFO] __main__ — 뉴스 시점 제외 [SG세계물산]: 10건 (>14일/파싱실패)
2026-07-20 12:22:41,850 [INFO] __main__ — 뉴스 시점 제외 [씨아이테크]: 12건 (>14일/파싱실패)
2026-07-20 12:22:42,553 [INFO] __main__ — 뉴스 시점 제외 [미래에셋맵스리츠]: 13건 (>14일/파싱실패)
2026-07-20 12:22:42,556 [INFO] __main__ — 뉴스 시점 제외 [SK디스커버리우]: 14건 (>14일/파싱실패)
2026-07-20 12:22:43,251 [INFO] __main__ — 뉴스 시점 제외 [유성기업]: 14건 (>14일/파싱실패)
2026-07-20 12:22:43,255 [INFO] __main__ — 뉴스 시점 제외 [조광페인트]: 1건 (>14일/파싱실패)
2026-07-20 12:22:43,943 [INFO] __main__ — 뉴스 시점 제외 [금비]: 11건 (>14일/파싱실패)
2026-07-20 12:22:44,040 [INFO] __main__ — 뉴스 시점 제외 [세우글로벌]: 14건 (>14일/파싱실패)
2026-07-20 12:22:44,631 [INFO] __main__ — 뉴스 시점 제외 [에쓰씨엔지니어링]: 6건 (>14일/파싱실패)
2026-07-20 12:22:44,640 [INFO] __main__ — 뉴스 시점 제외 [케이탑리츠]: 14건 (>14일/파싱실패)
2026-07-20 12:22:44,714 [INFO] __main__ — 뉴스 시점 제외 [유니드비티플러스]: 3건 (>14일/파싱실패)
2026-07-20 12:22:45,328 [INFO] __main__ — 뉴스 시점 제외 [동일제강]: 8건 (>14일/파싱실패)
2026-07-20 12:22:45,332 [INFO] __main__ — 뉴스 시점 제외 [경인전자]: 13건 (>14일/파싱실패)
2026-07-20 12:22:46,011 [INFO] __main__ — 뉴스 시점 제외 [세기상사]: 10건 (>14일/파싱실패)
2026-07-20 12:22:46,620 [INFO] __main__ — 뉴스 시점 제외 [우진아이엔에스]: 10건 (>14일/파싱실패)
2026-07-20 12:22:46,691 [INFO] __main__ — 뉴스 시점 제외 [SG글로벌]: 13건 (>14일/파싱실패)
2026-07-20 12:22:47,489 [INFO] __main__ — 뉴스 시점 제외 [진양폴리]: 10건 (>14일/파싱실패)
2026-07-20 12:22:49,899 [INFO] __main__ — 뉴스 시점 제외 [큐리언트]: 5건 (>14일/파싱실패)
2026-07-20 12:22:55,721 [INFO] __main__ — 뉴스 시점 제외 [넥스트바이오메디컬]: 7건 (>14일/파싱실패)
2026-07-20 12:22:56,556 [INFO] __main__ — 뉴스 시점 제외 [한국알콜]: 1건 (>14일/파싱실패)
2026-07-20 12:22:58,288 [INFO] __main__ — 뉴스 시점 제외 [JTC]: 5건 (>14일/파싱실패)
2026-07-20 12:22:59,119 [INFO] __main__ — 뉴스 시점 제외 [우주일렉트로]: 8건 (>14일/파싱실패)
2026-07-20 12:22:59,135 [INFO] __main__ — 뉴스 시점 제외 [아스테라시스]: 11건 (>14일/파싱실패)
2026-07-20 12:22:59,835 [INFO] __main__ — 뉴스 시점 제외 [코텍]: 11건 (>14일/파싱실패)
2026-07-20 12:23:00,527 [INFO] __main__ — 뉴스 시점 제외 [대원산업]: 10건 (>14일/파싱실패)
2026-07-20 12:23:01,845 [INFO] __main__ — 뉴스 시점 제외 [삼목에스폼]: 8건 (>14일/파싱실패)
2026-07-20 12:23:01,883 [INFO] __main__ — 뉴스 시점 제외 [석경에이티]: 3건 (>14일/파싱실패)
2026-07-20 12:23:02,585 [INFO] __main__ — 뉴스 시점 제외 [네오위즈홀딩스]: 7건 (>14일/파싱실패)
2026-07-20 12:23:03,203 [INFO] __main__ — 뉴스 시점 제외 [BGF에코머티리얼즈]: 14건 (>14일/파싱실패)
2026-07-20 12:23:03,266 [INFO] __main__ — 뉴스 시점 제외 [국보디자인]: 9건 (>14일/파싱실패)
2026-07-20 12:23:05,902 [INFO] __main__ — 뉴스 시점 제외 [엠아이텍]: 10건 (>14일/파싱실패)
2026-07-20 12:23:06,001 [INFO] __main__ — 뉴스 시점 제외 [코리아에프티]: 9건 (>14일/파싱실패)
2026-07-20 12:23:06,006 [INFO] __main__ — 뉴스 시점 제외 [우양에이치씨]: 13건 (>14일/파싱실패)
2026-07-20 12:23:06,696 [INFO] __main__ — 뉴스 시점 제외 [고려신용정보]: 14건 (>14일/파싱실패)
2026-07-20 12:23:09,461 [INFO] __main__ — 뉴스 시점 제외 [윤성에프앤씨]: 13건 (>14일/파싱실패)
2026-07-20 12:23:10,153 [INFO] __main__ — 뉴스 시점 제외 [하이텍팜]: 13건 (>14일/파싱실패)
2026-07-20 12:23:10,837 [INFO] __main__ — 뉴스 시점 제외 [지어소프트]: 12건 (>14일/파싱실패)
2026-07-20 12:23:10,840 [INFO] __main__ — 뉴스 시점 제외 [NICE인프라]: 15건 (>14일/파싱실패)
2026-07-20 12:23:11,375 [INFO] __main__ — 뉴스 시점 제외 [메타바이오메드]: 11건 (>14일/파싱실패)
2026-07-20 12:23:11,541 [INFO] __main__ — 뉴스 시점 제외 [우리손에프앤지]: 14건 (>14일/파싱실패)
2026-07-20 12:23:12,057 [INFO] __main__ — 뉴스 시점 제외 [케이알엠]: 8건 (>14일/파싱실패)
2026-07-20 12:23:12,225 [INFO] __main__ — 뉴스 시점 제외 [대정화금]: 12건 (>14일/파싱실패)
2026-07-20 12:23:12,742 [INFO] __main__ — 뉴스 시점 제외 [세운메디칼]: 13건 (>14일/파싱실패)
2026-07-20 12:23:12,918 [INFO] __main__ — 뉴스 시점 제외 [디와이피엔에프]: 13건 (>14일/파싱실패)
2026-07-20 12:23:13,424 [INFO] __main__ — 뉴스 시점 제외 [탑런토탈솔루션]: 12건 (>14일/파싱실패)
2026-07-20 12:23:13,607 [INFO] __main__ — 뉴스 시점 제외 [스톰테크]: 14건 (>14일/파싱실패)
2026-07-20 12:23:14,105 [INFO] __main__ — 뉴스 시점 제외 [정상제이엘에스]: 6건 (>14일/파싱실패)
2026-07-20 12:23:14,309 [INFO] __main__ — 뉴스 시점 제외 [링네트]: 8건 (>14일/파싱실패)
2026-07-20 12:23:14,971 [INFO] __main__ — 뉴스 시점 제외 [서원인텍]: 15건 (>14일/파싱실패)
2026-07-20 12:23:16,549 [INFO] __main__ — 뉴스 시점 제외 [동아엘텍]: 13건 (>14일/파싱실패)
2026-07-20 12:23:17,185 [INFO] __main__ — 뉴스 시점 제외 [아미노로직스]: 12건 (>14일/파싱실패)
2026-07-20 12:23:17,205 [INFO] __main__ — 뉴스 시점 제외 [일지테크]: 5건 (>14일/파싱실패)
2026-07-20 12:23:17,877 [INFO] __main__ — 뉴스 시점 제외 [나이스디앤비]: 10건 (>14일/파싱실패)
2026-07-20 12:23:18,567 [INFO] __main__ — 뉴스 시점 제외 [큐브엔터]: 6건 (>14일/파싱실패)
2026-07-20 12:23:19,249 [INFO] __main__ — 뉴스 시점 제외 [디알텍]: 4건 (>14일/파싱실패)
2026-07-20 12:23:19,936 [INFO] __main__ — 뉴스 시점 제외 [지구홀딩스]: 11건 (>14일/파싱실패)
2026-07-20 12:23:19,975 [INFO] __main__ — 뉴스 시점 제외 [휴비츠]: 9건 (>14일/파싱실패)
2026-07-20 12:23:19,979 [INFO] __main__ — 뉴스 시점 제외 [리드코프]: 11건 (>14일/파싱실패)
2026-07-20 12:23:20,663 [INFO] __main__ — 뉴스 시점 제외 [엔브이에이치코리아]: 11건 (>14일/파싱실패)
2026-07-20 12:23:21,298 [INFO] __main__ — 뉴스 시점 제외 [블루콤]: 14건 (>14일/파싱실패)
2026-07-20 12:23:21,361 [INFO] __main__ — 뉴스 시점 제외 [이상네트웍스]: 11건 (>14일/파싱실패)
2026-07-20 12:23:21,366 [INFO] __main__ — 뉴스 시점 제외 [로스웰]: 9건 (>14일/파싱실패)
2026-07-20 12:23:22,053 [INFO] __main__ — 뉴스 시점 제외 [라이온켐텍]: 9건 (>14일/파싱실패)
2026-07-20 12:23:22,058 [INFO] __main__ — 뉴스 시점 제외 [삼현철강]: 9건 (>14일/파싱실패)
2026-07-20 12:23:22,747 [INFO] __main__ — 뉴스 시점 제외 [팅크웨어]: 9건 (>14일/파싱실패)
2026-07-20 12:23:23,439 [INFO] __main__ — 뉴스 시점 제외 [싸이닉솔루션]: 10건 (>14일/파싱실패)
2026-07-20 12:23:24,144 [INFO] __main__ — 뉴스 시점 제외 [앤디포스]: 10건 (>14일/파싱실패)
2026-07-20 12:23:24,825 [INFO] __main__ — 뉴스 시점 제외 [삼륭물산]: 5건 (>14일/파싱실패)
2026-07-20 12:23:25,376 [INFO] __main__ — 뉴스 시점 제외 [피제이메탈]: 12건 (>14일/파싱실패)
2026-07-20 12:23:26,221 [INFO] __main__ — 뉴스 시점 제외 [제이씨케미칼]: 11건 (>14일/파싱실패)
2026-07-20 12:23:26,756 [INFO] __main__ — 뉴스 시점 제외 [유라테크]: 13건 (>14일/파싱실패)
2026-07-20 12:23:26,907 [INFO] __main__ — 뉴스 시점 제외 [에스피소프트]: 2건 (>14일/파싱실패)
2026-07-20 12:23:26,916 [INFO] __main__ — 뉴스 시점 제외 [푸드웰]: 13건 (>14일/파싱실패)
2026-07-20 12:23:27,603 [INFO] __main__ — 뉴스 시점 제외 [프로티아]: 10건 (>14일/파싱실패)
2026-07-20 12:23:28,281 [INFO] __main__ — 뉴스 시점 제외 [대륙제관]: 4건 (>14일/파싱실패)
2026-07-20 12:23:28,808 [INFO] __main__ — 뉴스 시점 제외 [케이엘넷]: 13건 (>14일/파싱실패)
2026-07-20 12:23:28,973 [INFO] __main__ — 뉴스 시점 제외 [유비벨록스]: 9건 (>14일/파싱실패)
2026-07-20 12:23:29,499 [INFO] __main__ — 뉴스 시점 제외 [인크로스]: 6건 (>14일/파싱실패)
2026-07-20 12:23:31,025 [INFO] __main__ — 뉴스 시점 제외 [동우팜투테이블]: 7건 (>14일/파싱실패)
2026-07-20 12:23:31,706 [INFO] __main__ — 뉴스 시점 제외 [삼양케이씨아이]: 12건 (>14일/파싱실패)
2026-07-20 12:23:31,773 [INFO] __main__ — 뉴스 시점 제외 [빛샘전자]: 2건 (>14일/파싱실패)
2026-07-20 12:23:32,231 [INFO] __main__ — 뉴스 시점 제외 [수산아이앤티]: 14건 (>14일/파싱실패)
2026-07-20 12:23:32,389 [INFO] __main__ — 뉴스 시점 제외 [팬스타엔터프라이즈]: 8건 (>14일/파싱실패)
2026-07-20 12:23:33,062 [INFO] __main__ — 뉴스 시점 제외 [인지소프트]: 14건 (>14일/파싱실패)
2026-07-20 12:23:33,135 [INFO] __main__ — 뉴스 시점 제외 [와이엠텍]: 9건 (>14일/파싱실패)
2026-07-20 12:23:33,693 [INFO] __main__ — 뉴스 시점 제외 [코렌텍]: 12건 (>14일/파싱실패)
2026-07-20 12:23:33,745 [INFO] __main__ — 뉴스 시점 제외 [구영테크]: 12건 (>14일/파싱실패)
2026-07-20 12:23:34,431 [INFO] __main__ — 뉴스 시점 제외 [대성창투]: 12건 (>14일/파싱실패)
2026-07-20 12:23:34,497 [INFO] __main__ — 뉴스 시점 제외 [SG&G]: 13건 (>14일/파싱실패)
2026-07-20 12:23:35,049 [INFO] __main__ — 뉴스 시점 제외 [세코닉스]: 11건 (>14일/파싱실패)
2026-07-20 12:23:35,739 [INFO] __main__ — 뉴스 시점 제외 [이닉스]: 14건 (>14일/파싱실패)
2026-07-20 12:23:36,422 [INFO] __main__ — 뉴스 시점 제외 [씨유테크]: 14건 (>14일/파싱실패)
2026-07-20 12:23:36,468 [INFO] __main__ — 뉴스 시점 제외 [디티씨]: 12건 (>14일/파싱실패)
2026-07-20 12:23:36,544 [INFO] __main__ — 뉴스 시점 제외 [HC홈센타]: 12건 (>14일/파싱실패)
2026-07-20 12:23:37,142 [INFO] __main__ — 뉴스 시점 제외 [HB인베스트먼트]: 4건 (>14일/파싱실패)
2026-07-20 12:23:37,787 [INFO] __main__ — 뉴스 시점 제외 [흥국에프엔비]: 9건 (>14일/파싱실패)
2026-07-20 12:23:37,912 [INFO] __main__ — 뉴스 시점 제외 [퀀타매트릭스]: 8건 (>14일/파싱실패)
2026-07-20 12:23:38,467 [INFO] __main__ — 뉴스 시점 제외 [오상자이엘]: 11건 (>14일/파싱실패)
2026-07-20 12:23:38,595 [INFO] __main__ — 뉴스 시점 제외 [에스피시스템스]: 9건 (>14일/파싱실패)
2026-07-20 12:23:39,146 [INFO] __main__ — 뉴스 시점 제외 [에어레인]: 3건 (>14일/파싱실패)
2026-07-20 12:23:39,178 [INFO] __main__ — 뉴스 시점 제외 [한울앤제주]: 6건 (>14일/파싱실패)
2026-07-20 12:23:39,826 [INFO] __main__ — 뉴스 시점 제외 [앱코]: 5건 (>14일/파싱실패)
2026-07-20 12:23:40,507 [INFO] __main__ — 뉴스 시점 제외 [원익큐브]: 11건 (>14일/파싱실패)
2026-07-20 12:23:40,543 [INFO] __main__ — 뉴스 시점 제외 [쎄노텍]: 11건 (>14일/파싱실패)
2026-07-20 12:23:41,191 [INFO] __main__ — 뉴스 시점 제외 [케이디켐]: 10건 (>14일/파싱실패)
2026-07-20 12:23:41,215 [INFO] __main__ — 뉴스 시점 제외 [에이텍모빌리티]: 13건 (>14일/파싱실패)
2026-07-20 12:23:41,309 [INFO] __main__ — 뉴스 시점 제외 [상신전자]: 12건 (>14일/파싱실패)
2026-07-20 12:23:41,894 [INFO] __main__ — 뉴스 시점 제외 [백금T&A]: 8건 (>14일/파싱실패)
2026-07-20 12:23:41,985 [INFO] __main__ — 뉴스 시점 제외 [이글벳]: 8건 (>14일/파싱실패)
2026-07-20 12:23:42,593 [INFO] __main__ — 뉴스 시점 제외 [램테크놀러지]: 7건 (>14일/파싱실패)
2026-07-20 12:23:42,676 [INFO] __main__ — 뉴스 시점 제외 [나라엠앤디]: 15건 (>14일/파싱실패)
2026-07-20 12:23:43,276 [INFO] __main__ — 뉴스 시점 제외 [케일럼]: 11건 (>14일/파싱실패)
2026-07-20 12:23:43,957 [INFO] __main__ — 뉴스 시점 제외 [보라티알]: 12건 (>14일/파싱실패)
2026-07-20 12:23:44,031 [INFO] __main__ — 뉴스 시점 제외 [마이크로디지탈]: 15건 (>14일/파싱실패)
2026-07-20 12:23:45,335 [INFO] __main__ — 뉴스 시점 제외 [서연탑메탈]: 11건 (>14일/파싱실패)
2026-07-20 12:23:46,010 [INFO] __main__ — 뉴스 시점 제외 [캐스텍코리아]: 13건 (>14일/파싱실패)
2026-07-20 12:23:46,696 [INFO] __main__ — 뉴스 시점 제외 [에코캡]: 11건 (>14일/파싱실패)
2026-07-20 12:23:46,719 [INFO] __main__ — 뉴스 시점 제외 [인스피언]: 11건 (>14일/파싱실패)
2026-07-20 12:23:46,760 [INFO] __main__ — 뉴스 시점 제외 [삼화네트웍스]: 5건 (>14일/파싱실패)
2026-07-20 12:23:47,383 [INFO] __main__ — 뉴스 시점 제외 [엔바이오니아]: 14건 (>14일/파싱실패)
2026-07-20 12:23:47,440 [INFO] __main__ — 뉴스 시점 제외 [큐캐피탈]: 7건 (>14일/파싱실패)
2026-07-20 12:23:48,069 [INFO] __main__ — 뉴스 시점 제외 [스튜디오미르]: 12건 (>14일/파싱실패)
2026-07-20 12:23:48,271 [INFO] __main__ — 뉴스 시점 제외 [미트박스]: 10건 (>14일/파싱실패)
2026-07-20 12:23:49,124 [INFO] __main__ — 뉴스 시점 제외 [위즈코프]: 12건 (>14일/파싱실패)
2026-07-20 12:23:49,556 [INFO] __main__ — POOL_A 후보 부정뉴스 2차 조회: 503개
2026-07-20 12:23:49,559 [INFO] __main__ — POOL_A: 671개 (A:668 B:1 동시:2) | 부정게이트 제외:13
  대형:49 중형:105 소형:517
2026-07-20 12:23:49,563 [INFO] __main__ —   → POOL_A: 671개
2026-07-20 12:23:49,563 [INFO] __main__ — ▶ Step 2: 하드 필터링
2026-07-20 12:23:49,564 [INFO] __main__ — 하드 필터 제거: 664개 | 과열배제 41 | 이격도상한 3 | 이격도하한 180 | MA추세 402 | RSI과열 5 | 거래대금 33
2026-07-20 12:23:49,565 [INFO] __main__ — 과열 gated 기록: 41개 → gated_tickers
2026-07-20 12:23:49,566 [INFO] __main__ — POOL_B: 7개 | 대형:0 중형:1 소형:6
2026-07-20 12:23:49,566 [INFO] __main__ —   → POOL_B: 7개
2026-07-20 12:23:49,566 [INFO] __main__ — ▶ Step 3: 스코어링 (FinBERT 감성 분석)
2026-07-20 12:23:49,566 [INFO] __main__ — NaverClient: 3개 키 로드 (DataLab·검색 독립 회전)
2026-07-20 12:23:49,566 [INFO] __main__ — 텍스트 신규 수집: 2종목 (캐시 적중 5종목)
2026-07-20 12:23:50,336 [INFO] __main__ — 뉴스 시점 제외 [폴레드]: 4건 (>14일/파싱실패)
2026-07-20 12:23:54,512 [INFO] __main__ — 수집 완료: 뉴스 86건 | 공시 17건
2026-07-20 12:23:54,513 [INFO] __main__ — FinBERT 감성 분석 (finbert 모드)...
2026-07-20 12:23:54,513 [INFO] __main__ — FinBERT 로딩: snunlp/KR-FinBert-SC (CPU, batch=8)
2026-07-20 12:23:54,578 [INFO] httpx — HTTP Request: GET https://huggingface.co/api/agent-harnesses "HTTP/1.1 200 OK"
2026-07-20 12:23:54,622 [INFO] httpx — HTTP Request: HEAD https://huggingface.co/snunlp/KR-FinBert-SC/resolve/main/config.json "HTTP/1.1 307 Temporary Redirect"
2026-07-20 12:23:54,638 [INFO] httpx — HTTP Request: HEAD https://huggingface.co/api/resolve-cache/models/snunlp/KR-FinBert-SC/f8586286cc3161fb648e9fee09a456069fd846d0/config.json "HTTP/1.1 200 OK"
2026-07-20 12:23:54,693 [INFO] httpx — HTTP Request: HEAD https://huggingface.co/snunlp/KR-FinBert-SC/resolve/main/model.safetensors "HTTP/1.1 404 Not Found"
2026-07-20 12:23:54,694 [WARNING] huggingface_hub.utils._http — Warning: You are sending unauthenticated requests to the HF Hub. Please set a HF_TOKEN to enable higher rate limits and faster downloads.
2026-07-20 12:23:54,741 [INFO] httpx — HTTP Request: GET https://huggingface.co/api/models/snunlp/KR-FinBert-SC "HTTP/1.1 200 OK"
2026-07-20 12:23:54,794 [INFO] httpx — HTTP Request: GET https://huggingface.co/api/models/snunlp/KR-FinBert-SC/commits/main "HTTP/1.1 200 OK"
2026-07-20 12:23:54,861 [INFO] httpx — HTTP Request: GET https://huggingface.co/api/models/snunlp/KR-FinBert-SC/tree/main/additional_chat_templates?recursive=false&expand=false "HTTP/1.1 404 Not Found"
2026-07-20 12:23:54,905 [INFO] httpx — HTTP Request: GET https://huggingface.co/api/models/snunlp/KR-FinBert-SC/tree/main?recursive=true&expand=false "HTTP/1.1 200 OK"
2026-07-20 12:23:54,905 [INFO] httpx — HTTP Request: GET https://huggingface.co/api/models/snunlp/KR-FinBert-SC/discussions?p=0 "HTTP/1.1 200 OK"
2026-07-20 12:23:54,960 [INFO] httpx — HTTP Request: GET https://huggingface.co/api/models/snunlp/KR-FinBert-SC/commits/refs%2Fpr%2F3 "HTTP/1.1 200 OK"
2026-07-20 12:23:54,967 [INFO] httpx — HTTP Request: HEAD https://huggingface.co/snunlp/KR-FinBert-SC/resolve/main/processor_config.json "HTTP/1.1 404 Not Found"
2026-07-20 12:23:55,000 [INFO] httpx — HTTP Request: HEAD https://huggingface.co/snunlp/KR-FinBert-SC/resolve/refs%2Fpr%2F3/model.safetensors.index.json "HTTP/1.1 404 Not Found"
2026-07-20 12:23:55,007 [INFO] httpx — HTTP Request: HEAD https://huggingface.co/snunlp/KR-FinBert-SC/resolve/main/video_preprocessor_config.json "HTTP/1.1 404 Not Found"
2026-07-20 12:23:55,042 [INFO] httpx — HTTP Request: HEAD https://huggingface.co/snunlp/KR-FinBert-SC/resolve/refs%2Fpr%2F3/model.safetensors "HTTP/1.1 302 Found"
2026-07-20 12:23:55,051 [INFO] httpx — HTTP Request: HEAD https://huggingface.co/snunlp/KR-FinBert-SC/resolve/main/preprocessor_config.json "HTTP/1.1 404 Not Found"
2026-07-20 12:23:55,052 [INFO] __main__ — FinBERT 로드 완료 (CPU)
2026-07-20 12:23:57,276 [INFO] __main__ — Phase A.1: 매핑 신뢰도 < 0.5 → 감성 점수 폐기 6건
2026-07-20 12:23:57,276 [INFO] __main__ — 스코어링: 7개 | 집중:0 | FinBERT:finbert
2026-07-20 12:23:57,293 [INFO] __main__ —   → 7개
2026-07-20 12:23:57,293 [INFO] __main__ — ▶ Step 4: 발송
2026-07-20 12:24:00,431 [WARNING] __main__ — 텔레그램 발송 실패 그룹 → mark_sent skip 1개 (다음 실행 시 재발송 대상)
2026-07-20 12:24:00,431 [INFO] __main__ — DB 기록: 0개 / 전체 to_send 1개
2026-07-20 12:24:00,431 [INFO] __main__ — 발송: 집중 0 / 주시 0
2026-07-20 12:24:00,431 [INFO] __main__ — 완료  |  소요: 1265.9초
2026-07-20 23:37:05,622 [INFO] __main__ — config 검증 완료 ✓
2026-07-20 23:37:05,622 [INFO] __main__ — ============================================================
2026-07-20 23:37:05,622 [INFO] __main__ — AlphaRadar v3.3.1  |  기준일: 20260720
2026-07-20 23:37:05,622 [INFO] __main__ — S = T×0.3 + S_text×0.4 + D×0.3
2026-07-20 23:37:05,622 [INFO] __main__ — ============================================================
2026-07-20 23:37:05,623 [INFO] __main__ — ▶ Step 0: 유니버스 필터링
2026-07-20 23:37:05,774 [INFO] __main__ — FDR 데이터 수집: 20260114 ~ 20260720
2026-07-20 23:37:07,610 [INFO] __main__ — KOSPI: 943개 | 섹터정보 833개 (DART +833개 보완)
2026-07-20 23:37:07,611 [INFO] __main__ — KOSDAQ: 1821개 | 섹터정보 1821개
2026-07-20 23:37:07,611 [INFO] __main__ — 전체: 2764개
2026-07-20 23:37:10,271 [INFO] __main__ — KIS 토큰 발급 완료
2026-07-20 23:52:38,026 [INFO] __main__ — DART corp_code 매핑: 2146/2199개 (97%)
2026-07-20 23:52:38,027 [INFO] __main__ — 유효 유니버스: 2199개
2026-07-20 23:52:38,037 [INFO] __main__ —   → 2199개
2026-07-20 23:52:38,037 [INFO] __main__ — ▶ Step 1: 신호 탐지
2026-07-20 23:52:38,037 [INFO] __main__ — NaverClient: 3개 키 로드 (DataLab·검색 독립 회전)
2026-07-20 23:52:38,037 [INFO] __main__ — 관심 지수 및 부정 뉴스 비율 조회 중...
2026-07-20 23:52:59,496 [INFO] __main__ — 뉴스 시점 제외 [삼기에너지솔루션즈]: 2건 (>14일/파싱실패)
2026-07-20 23:53:09,538 [INFO] __main__ — 뉴스 시점 제외 [스모트로닉]: 5건 (>14일/파싱실패)
2026-07-20 23:53:15,098 [INFO] __main__ — 뉴스 시점 제외 [남선알미늄]: 4건 (>14일/파싱실패)
2026-07-20 23:53:27,020 [INFO] __main__ — 뉴스 시점 제외 [KX하이텍]: 8건 (>14일/파싱실패)
2026-07-20 23:53:33,622 [INFO] __main__ — 뉴스 시점 제외 [한성크린텍]: 9건 (>14일/파싱실패)
2026-07-20 23:53:34,863 [INFO] __main__ — 뉴스 시점 제외 [맥쿼리인프라]: 7건 (>14일/파싱실패)
2026-07-20 23:53:36,014 [INFO] __main__ — 뉴스 시점 제외 [드림시큐리티]: 2건 (>14일/파싱실패)
2026-07-20 23:53:40,604 [INFO] __main__ — 뉴스 시점 제외 [하이드로리튬]: 11건 (>14일/파싱실패)
2026-07-20 23:53:43,049 [INFO] __main__ — 뉴스 시점 제외 [THE E&M]: 3건 (>14일/파싱실패)
2026-07-20 23:53:53,003 [INFO] __main__ — 뉴스 시점 제외 [피델릭스]: 8건 (>14일/파싱실패)
2026-07-20 23:53:54,609 [INFO] __main__ — 뉴스 시점 제외 [세미티에스]: 10건 (>14일/파싱실패)
2026-07-20 23:53:58,296 [INFO] __main__ — 뉴스 시점 제외 [KBI동양철관]: 9건 (>14일/파싱실패)
2026-07-20 23:54:01,959 [INFO] __main__ — 뉴스 시점 제외 [멤레이비티]: 6건 (>14일/파싱실패)
2026-07-20 23:54:02,883 [INFO] __main__ — 뉴스 시점 제외 [해성옵틱스]: 9건 (>14일/파싱실패)
2026-07-20 23:54:10,488 [INFO] __main__ — 뉴스 시점 제외 [성문전자]: 8건 (>14일/파싱실패)
2026-07-20 23:54:12,539 [INFO] __main__ — 뉴스 시점 제외 [보성파워텍]: 5건 (>14일/파싱실패)
2026-07-20 23:54:15,989 [INFO] __main__ — 뉴스 시점 제외 [원텍]: 4건 (>14일/파싱실패)
2026-07-20 23:54:16,410 [INFO] __main__ — 뉴스 시점 제외 [조일알미늄]: 11건 (>14일/파싱실패)
2026-07-20 23:54:16,499 [INFO] __main__ — 뉴스 시점 제외 [옴니시스템]: 4건 (>14일/파싱실패)
2026-07-20 23:54:27,576 [INFO] __main__ — 뉴스 시점 제외 [에코플라스틱]: 6건 (>14일/파싱실패)
2026-07-20 23:54:28,916 [INFO] __main__ — 뉴스 시점 제외 [이수화학]: 9건 (>14일/파싱실패)
2026-07-20 23:54:28,924 [INFO] __main__ — 뉴스 시점 제외 [부국철강]: 11건 (>14일/파싱실패)
2026-07-20 23:54:30,749 [INFO] __main__ — 뉴스 시점 제외 [LS머트리얼즈]: 6건 (>14일/파싱실패)
2026-07-20 23:54:36,151 [INFO] __main__ — 뉴스 시점 제외 [키스트론]: 11건 (>14일/파싱실패)
2026-07-20 23:54:45,382 [INFO] __main__ — 뉴스 시점 제외 [엘브이엠씨홀딩스]: 14건 (>14일/파싱실패)
2026-07-20 23:54:49,791 [INFO] __main__ — 뉴스 시점 제외 [퍼스텍]: 5건 (>14일/파싱실패)
2026-07-20 23:54:49,977 [INFO] __main__ — 뉴스 시점 제외 [KB스타리츠]: 11건 (>14일/파싱실패)
2026-07-20 23:54:51,499 [INFO] __main__ — 뉴스 시점 제외 [대영포장]: 15건 (>14일/파싱실패)
2026-07-20 23:54:51,526 [INFO] __main__ — 뉴스 시점 제외 [양지사]: 11건 (>14일/파싱실패)
2026-07-20 23:54:54,551 [INFO] __main__ — 뉴스 시점 제외 [시너지이노베이션]: 12건 (>14일/파싱실패)
2026-07-20 23:54:57,215 [INFO] __main__ — 뉴스 시점 제외 [대아티아이]: 7건 (>14일/파싱실패)
2026-07-20 23:55:00,457 [INFO] __main__ — 뉴스 시점 제외 [아남전자]: 10건 (>14일/파싱실패)
2026-07-20 23:55:00,724 [INFO] __main__ — 뉴스 시점 제외 [대양금속]: 10건 (>14일/파싱실패)
2026-07-20 23:55:04,572 [INFO] __main__ — 뉴스 시점 제외 [티씨머티리얼즈]: 11건 (>14일/파싱실패)
2026-07-20 23:55:05,890 [INFO] __main__ — 뉴스 시점 제외 [일신석재]: 9건 (>14일/파싱실패)
2026-07-20 23:55:06,278 [INFO] __main__ — 뉴스 시점 제외 [에이팩트]: 8건 (>14일/파싱실패)
2026-07-20 23:55:07,223 [INFO] __main__ — 뉴스 시점 제외 [GRT]: 6건 (>14일/파싱실패)
2026-07-20 23:55:07,404 [INFO] __main__ — 뉴스 시점 제외 [한국팩키지]: 6건 (>14일/파싱실패)
2026-07-20 23:55:11,652 [INFO] __main__ — 뉴스 시점 제외 [우리기술투자]: 11건 (>14일/파싱실패)
2026-07-20 23:55:11,657 [INFO] __main__ — 뉴스 시점 제외 [HB솔루션]: 6건 (>14일/파싱실패)
2026-07-20 23:55:23,705 [INFO] __main__ — 뉴스 시점 제외 [알루코]: 7건 (>14일/파싱실패)
2026-07-20 23:55:25,424 [INFO] __main__ — 뉴스 시점 제외 [우원개발]: 4건 (>14일/파싱실패)
2026-07-20 23:55:31,045 [INFO] __main__ — 뉴스 시점 제외 [태경케미컬]: 5건 (>14일/파싱실패)
2026-07-20 23:55:36,570 [INFO] __main__ — 뉴스 시점 제외 [엔비알모션]: 4건 (>14일/파싱실패)
2026-07-20 23:55:37,498 [INFO] __main__ — 뉴스 시점 제외 [비투엔]: 11건 (>14일/파싱실패)
2026-07-20 23:55:37,888 [INFO] __main__ — 뉴스 시점 제외 [덕신이피씨]: 12건 (>14일/파싱실패)
2026-07-20 23:55:41,842 [INFO] __main__ — 뉴스 시점 제외 [메가터치]: 6건 (>14일/파싱실패)
2026-07-20 23:55:42,121 [INFO] __main__ — 뉴스 시점 제외 [미래에셋증권2우B]: 13건 (>14일/파싱실패)
2026-07-20 23:55:43,444 [INFO] __main__ — 뉴스 시점 제외 [에이티넘인베스트]: 13건 (>14일/파싱실패)
2026-07-20 23:55:52,144 [INFO] __main__ — 뉴스 시점 제외 [티이엠씨]: 5건 (>14일/파싱실패)
2026-07-20 23:55:53,091 [INFO] __main__ — 뉴스 시점 제외 [에이치엠넥스]: 10건 (>14일/파싱실패)
2026-07-20 23:55:54,782 [INFO] __main__ — 뉴스 시점 제외 [광진실업]: 2건 (>14일/파싱실패)
2026-07-20 23:55:58,744 [INFO] __main__ — 뉴스 시점 제외 [슈어소프트테크]: 7건 (>14일/파싱실패)
2026-07-20 23:56:00,103 [INFO] __main__ — 뉴스 시점 제외 [와이제이링크]: 6건 (>14일/파싱실패)
2026-07-20 23:56:01,516 [INFO] __main__ — 뉴스 시점 제외 [휴스틸]: 3건 (>14일/파싱실패)
2026-07-20 23:56:04,758 [INFO] __main__ — 뉴스 시점 제외 [YG PLUS]: 10건 (>14일/파싱실패)
2026-07-20 23:56:07,463 [INFO] __main__ — 뉴스 시점 제외 [넥스틸]: 6건 (>14일/파싱실패)
2026-07-20 23:56:13,199 [INFO] __main__ — 뉴스 시점 제외 [영화금속]: 4건 (>14일/파싱실패)
2026-07-20 23:56:14,938 [INFO] __main__ — 뉴스 시점 제외 [파라텍]: 7건 (>14일/파싱실패)
2026-07-20 23:56:17,015 [INFO] __main__ — 뉴스 시점 제외 [태양금속]: 11건 (>14일/파싱실패)
2026-07-20 23:56:19,897 [INFO] __main__ — 뉴스 시점 제외 [국일제지]: 13건 (>14일/파싱실패)
2026-07-20 23:56:21,218 [INFO] __main__ — 뉴스 시점 제외 [지앤비에스 에코]: 1건 (>14일/파싱실패)
2026-07-20 23:56:22,550 [INFO] __main__ — 뉴스 시점 제외 [네오리진]: 8건 (>14일/파싱실패)
2026-07-20 23:56:25,255 [INFO] __main__ — 뉴스 시점 제외 [디앤디플랫폼리츠]: 11건 (>14일/파싱실패)
2026-07-20 23:56:27,961 [INFO] __main__ — 뉴스 시점 제외 [SK리츠]: 7건 (>14일/파싱실패)
2026-07-20 23:56:29,455 [INFO] __main__ — 뉴스 시점 제외 [한일단조]: 10건 (>14일/파싱실패)
2026-07-20 23:56:32,202 [INFO] __main__ — 뉴스 시점 제외 [민테크]: 7건 (>14일/파싱실패)
2026-07-20 23:56:32,310 [INFO] __main__ — 뉴스 시점 제외 [티케이케미칼]: 8건 (>14일/파싱실패)
2026-07-20 23:56:32,323 [INFO] __main__ — 뉴스 시점 제외 [경인양행]: 7건 (>14일/파싱실패)
2026-07-20 23:56:34,843 [INFO] __main__ — 뉴스 시점 제외 [원익피앤이]: 10건 (>14일/파싱실패)
2026-07-20 23:56:35,103 [INFO] __main__ — 부정 키워드 감지: 37개 종목 (neg_ratio > 0)
2026-07-20 23:56:35,106 [INFO] __main__ — 수급일수충족·합계음수 제외: 127개
2026-07-20 23:56:44,965 [INFO] __main__ — 뉴스 시점 제외 [두산우]: 14건 (>14일/파싱실패)
2026-07-20 23:56:48,089 [INFO] __main__ — 뉴스 시점 제외 [롯데리츠]: 7건 (>14일/파싱실패)
2026-07-20 23:56:49,576 [INFO] __main__ — 뉴스 시점 제외 [LG전자우]: 8건 (>14일/파싱실패)
2026-07-20 23:56:51,732 [INFO] __main__ — 뉴스 시점 제외 [신한알파리츠]: 14건 (>14일/파싱실패)
2026-07-20 23:56:52,426 [INFO] __main__ — 뉴스 시점 제외 [TKG휴켐스]: 4건 (>14일/파싱실패)
2026-07-20 23:56:53,139 [INFO] __main__ — 뉴스 시점 제외 [맵스리얼티]: 15건 (>14일/파싱실패)
2026-07-20 23:56:53,859 [INFO] __main__ — 뉴스 시점 제외 [CJ4우(전환)]: 14건 (>14일/파싱실패)
2026-07-20 23:56:54,594 [INFO] __main__ — 뉴스 시점 제외 [삼성FN리츠]: 6건 (>14일/파싱실패)
2026-07-20 23:56:54,670 [INFO] __main__ — 뉴스 시점 제외 [세아홀딩스]: 3건 (>14일/파싱실패)
2026-07-20 23:56:55,317 [INFO] __main__ — 뉴스 시점 제외 [풍산홀딩스]: 8건 (>14일/파싱실패)
2026-07-20 23:56:56,321 [INFO] __main__ — 뉴스 시점 제외 [바이오노트]: 10건 (>14일/파싱실패)
2026-07-20 23:56:57,049 [INFO] __main__ — 뉴스 시점 제외 [농심홀딩스]: 1건 (>14일/파싱실패)
2026-07-20 23:56:57,053 [INFO] __main__ — 뉴스 시점 제외 [조광피혁]: 10건 (>14일/파싱실패)
2026-07-20 23:56:57,470 [INFO] __main__ — 뉴스 시점 제외 [현대차3우B]: 15건 (>14일/파싱실패)
2026-07-20 23:56:57,782 [INFO] __main__ — 뉴스 시점 제외 [코람코더원리츠]: 7건 (>14일/파싱실패)
2026-07-20 23:56:58,512 [INFO] __main__ — 뉴스 시점 제외 [아모레퍼시픽우]: 10건 (>14일/파싱실패)
2026-07-20 23:56:58,922 [INFO] __main__ — 뉴스 시점 제외 [삼영무역]: 11건 (>14일/파싱실패)
2026-07-20 23:56:59,240 [INFO] __main__ — 뉴스 시점 제외 [국도화학]: 11건 (>14일/파싱실패)
2026-07-20 23:56:59,656 [INFO] __main__ — 뉴스 시점 제외 [일진하이솔루스]: 9건 (>14일/파싱실패)
2026-07-20 23:57:00,026 [INFO] __main__ — 뉴스 시점 제외 [KISCO홀딩스]: 7건 (>14일/파싱실패)
2026-07-20 23:57:01,458 [INFO] __main__ — 뉴스 시점 제외 [현대코퍼레이션]: 6건 (>14일/파싱실패)
2026-07-20 23:57:01,840 [INFO] __main__ — 뉴스 시점 제외 [아세아제지]: 8건 (>14일/파싱실패)
2026-07-20 23:57:02,862 [INFO] __main__ — 뉴스 시점 제외 [송원산업]: 9건 (>14일/파싱실패)
2026-07-20 23:57:03,632 [INFO] __main__ — 뉴스 시점 제외 [포스코스틸리온]: 7건 (>14일/파싱실패)
2026-07-20 23:57:04,343 [INFO] __main__ — 뉴스 시점 제외 [미창석유]: 9건 (>14일/파싱실패)
2026-07-20 23:57:04,755 [INFO] __main__ — 뉴스 시점 제외 [이지스밸류플러스리츠]: 13건 (>14일/파싱실패)
2026-07-20 23:57:05,041 [INFO] __main__ — 뉴스 시점 제외 [아이마켓코리아]: 8건 (>14일/파싱실패)
2026-07-20 23:57:05,469 [INFO] __main__ — 뉴스 시점 제외 [CR홀딩스]: 12건 (>14일/파싱실패)
2026-07-20 23:57:06,824 [INFO] __main__ — 뉴스 시점 제외 [AJ네트웍스]: 13건 (>14일/파싱실패)
2026-07-20 23:57:06,825 [INFO] __main__ — 뉴스 시점 제외 [모토닉]: 13건 (>14일/파싱실패)
2026-07-20 23:57:07,553 [INFO] __main__ — 뉴스 시점 제외 [진양홀딩스]: 12건 (>14일/파싱실패)
2026-07-20 23:57:08,527 [INFO] __main__ — 뉴스 시점 제외 [하이트진로홀딩스]: 11건 (>14일/파싱실패)
2026-07-20 23:57:10,561 [INFO] __main__ — 뉴스 시점 제외 [유화증권]: 5건 (>14일/파싱실패)
2026-07-20 23:57:10,890 [INFO] __main__ — 뉴스 시점 제외 [NH올원리츠]: 13건 (>14일/파싱실패)
2026-07-20 23:57:11,392 [INFO] __main__ — 뉴스 시점 제외 [SYTS]: 12건 (>14일/파싱실패)
2026-07-20 23:57:12,189 [INFO] __main__ — 뉴스 시점 제외 [조선내화]: 10건 (>14일/파싱실패)
2026-07-20 23:57:12,915 [INFO] __main__ — 뉴스 시점 제외 [유수홀딩스]: 5건 (>14일/파싱실패)
2026-07-20 23:57:12,923 [INFO] __main__ — 뉴스 시점 제외 [금호석유화학우]: 13건 (>14일/파싱실패)
2026-07-20 23:57:14,369 [INFO] __main__ — 뉴스 시점 제외 [키다리스튜디오]: 1건 (>14일/파싱실패)
2026-07-20 23:57:14,676 [INFO] __main__ — 뉴스 시점 제외 [미원홀딩스]: 12건 (>14일/파싱실패)
2026-07-20 23:57:15,280 [INFO] __main__ — 뉴스 시점 제외 [이지스레지던스리츠]: 14건 (>14일/파싱실패)
2026-07-20 23:57:15,582 [INFO] __main__ — 뉴스 시점 제외 [화승코퍼레이션]: 7건 (>14일/파싱실패)
2026-07-20 23:57:16,207 [INFO] __main__ — 뉴스 시점 제외 [인천도시가스]: 9건 (>14일/파싱실패)
2026-07-20 23:57:16,920 [INFO] __main__ — 뉴스 시점 제외 [태림포장]: 13건 (>14일/파싱실패)
2026-07-20 23:57:17,214 [INFO] __main__ — 뉴스 시점 제외 [HDC현대EP]: 12건 (>14일/파싱실패)
2026-07-20 23:57:18,355 [INFO] __main__ — 뉴스 시점 제외 [제일파마홀딩스]: 7건 (>14일/파싱실패)
2026-07-20 23:57:18,546 [INFO] __main__ — 뉴스 시점 제외 [경동인베스트]: 8건 (>14일/파싱실패)
2026-07-20 23:57:19,989 [INFO] __main__ — 뉴스 시점 제외 [HS애드]: 5건 (>14일/파싱실패)
2026-07-20 23:57:20,014 [INFO] __main__ — 뉴스 시점 제외 [황금에스티]: 9건 (>14일/파싱실패)
2026-07-20 23:57:20,136 [INFO] __main__ — 뉴스 시점 제외 [NI스틸]: 10건 (>14일/파싱실패)
2026-07-20 23:57:20,907 [INFO] __main__ — 뉴스 시점 제외 [DSR제강]: 10건 (>14일/파싱실패)
2026-07-20 23:57:20,927 [INFO] __main__ — 뉴스 시점 제외 [KTcs]: 9건 (>14일/파싱실패)
2026-07-20 23:57:20,929 [INFO] __main__ — 뉴스 시점 제외 [동일산업]: 6건 (>14일/파싱실패)
2026-07-20 23:57:21,821 [INFO] __main__ — 뉴스 시점 제외 [사조오양]: 8건 (>14일/파싱실패)
2026-07-20 23:57:22,540 [INFO] __main__ — 뉴스 시점 제외 [SK이노베이션우]: 14건 (>14일/파싱실패)
2026-07-20 23:57:22,577 [INFO] __main__ — 뉴스 시점 제외 [CS홀딩스]: 15건 (>14일/파싱실패)
2026-07-20 23:57:23,250 [INFO] __main__ — 뉴스 시점 제외 [우신시스템]: 11건 (>14일/파싱실패)
2026-07-20 23:57:23,307 [INFO] __main__ — 뉴스 시점 제외 [동양고속]: 10건 (>14일/파싱실패)
2026-07-20 23:57:23,309 [INFO] __main__ — 뉴스 시점 제외 [성창기업지주]: 14건 (>14일/파싱실패)
2026-07-20 23:57:24,041 [INFO] __main__ — 뉴스 시점 제외 [NH프라임리츠]: 11건 (>14일/파싱실패)
2026-07-20 23:57:24,042 [INFO] __main__ — 뉴스 시점 제외 [삼정펄프]: 13건 (>14일/파싱실패)
2026-07-20 23:57:24,896 [INFO] __main__ — 뉴스 시점 제외 [아모레퍼시픽홀딩스우]: 14건 (>14일/파싱실패)
2026-07-20 23:57:24,914 [INFO] __main__ — 뉴스 시점 제외 [일동홀딩스]: 8건 (>14일/파싱실패)
2026-07-20 23:57:25,612 [INFO] __main__ — 뉴스 시점 제외 [유한양행우]: 13건 (>14일/파싱실패)
2026-07-20 23:57:25,646 [INFO] __main__ — 뉴스 시점 제외 [삼성출판사]: 5건 (>14일/파싱실패)
2026-07-20 23:57:25,659 [INFO] __main__ — 뉴스 시점 제외 [한국내화]: 10건 (>14일/파싱실패)
2026-07-20 23:57:26,379 [INFO] __main__ — 뉴스 시점 제외 [써니전자]: 12건 (>14일/파싱실패)
2026-07-20 23:57:26,403 [INFO] __main__ — 뉴스 시점 제외 [호전실업]: 10건 (>14일/파싱실패)
2026-07-20 23:57:27,131 [INFO] __main__ — 뉴스 시점 제외 [화천기계]: 8건 (>14일/파싱실패)
2026-07-20 23:57:27,787 [INFO] __main__ — 뉴스 시점 제외 [한국특강]: 1건 (>14일/파싱실패)
2026-07-20 23:57:27,818 [INFO] __main__ — 뉴스 시점 제외 [화승알앤에이]: 6건 (>14일/파싱실패)
2026-07-20 23:57:28,550 [INFO] __main__ — 뉴스 시점 제외 [SJM홀딩스]: 14건 (>14일/파싱실패)
2026-07-20 23:57:28,569 [INFO] __main__ — 뉴스 시점 제외 [롯데칠성우]: 15건 (>14일/파싱실패)
2026-07-20 23:57:29,277 [INFO] __main__ — 뉴스 시점 제외 [유안타증권우]: 14건 (>14일/파싱실패)
2026-07-20 23:57:29,299 [INFO] __main__ — 뉴스 시점 제외 [대덕전자1우]: 13건 (>14일/파싱실패)
2026-07-20 23:57:29,975 [INFO] __main__ — 뉴스 시점 제외 [평화산업]: 6건 (>14일/파싱실패)
2026-07-20 23:57:29,998 [INFO] __main__ — 뉴스 시점 제외 [미래에셋맵스리츠]: 13건 (>14일/파싱실패)
2026-07-20 23:57:30,693 [INFO] __main__ — 뉴스 시점 제외 [SG세계물산]: 10건 (>14일/파싱실패)
2026-07-20 23:57:31,408 [INFO] __main__ — 뉴스 시점 제외 [조광페인트]: 1건 (>14일/파싱실패)
2026-07-20 23:57:31,428 [INFO] __main__ — 뉴스 시점 제외 [SB성보]: 6건 (>14일/파싱실패)
2026-07-20 23:57:31,650 [INFO] __main__ — 뉴스 시점 제외 [금비]: 11건 (>14일/파싱실패)
2026-07-20 23:57:32,135 [INFO] __main__ — 뉴스 시점 제외 [세우글로벌]: 14건 (>14일/파싱실패)
2026-07-20 23:57:32,144 [INFO] __main__ — 뉴스 시점 제외 [에쓰씨엔지니어링]: 6건 (>14일/파싱실패)
2026-07-20 23:57:32,378 [INFO] __main__ — 뉴스 시점 제외 [케이탑리츠]: 14건 (>14일/파싱실패)
2026-07-20 23:57:32,865 [INFO] __main__ — 뉴스 시점 제외 [세방우]: 15건 (>14일/파싱실패)
2026-07-20 23:57:32,868 [INFO] __main__ — 뉴스 시점 제외 [경인전자]: 13건 (>14일/파싱실패)
2026-07-20 23:57:33,085 [INFO] __main__ — 뉴스 시점 제외 [유니드비티플러스]: 4건 (>14일/파싱실패)
2026-07-20 23:57:33,805 [INFO] __main__ — 뉴스 시점 제외 [한창제지]: 6건 (>14일/파싱실패)
2026-07-20 23:57:34,317 [INFO] __main__ — 뉴스 시점 제외 [진양폴리]: 11건 (>14일/파싱실패)
2026-07-20 23:57:34,319 [INFO] __main__ — 뉴스 시점 제외 [세기상사]: 10건 (>14일/파싱실패)
2026-07-20 23:57:34,536 [INFO] __main__ — 뉴스 시점 제외 [SG글로벌]: 13건 (>14일/파싱실패)
2026-07-20 23:57:36,530 [INFO] __main__ — 뉴스 시점 제외 [큐리언트]: 4건 (>14일/파싱실패)
2026-07-20 23:57:39,077 [INFO] __main__ — 뉴스 시점 제외 [펌텍코리아]: 10건 (>14일/파싱실패)
2026-07-20 23:57:39,617 [INFO] __main__ — 뉴스 시점 제외 [에이치브이엠]: 3건 (>14일/파싱실패)
2026-07-20 23:57:44,869 [INFO] __main__ — 뉴스 시점 제외 [우주일렉트로]: 8건 (>14일/파싱실패)
2026-07-20 23:57:45,238 [INFO] __main__ — 뉴스 시점 제외 [JTC]: 5건 (>14일/파싱실패)
2026-07-20 23:57:45,771 [INFO] __main__ — 뉴스 시점 제외 [바이오다인]: 9건 (>14일/파싱실패)
2026-07-20 23:57:45,948 [INFO] __main__ — 뉴스 시점 제외 [아스테라시스]: 11건 (>14일/파싱실패)
2026-07-20 23:57:46,125 [INFO] __main__ — 뉴스 시점 제외 [매커스]: 8건 (>14일/파싱실패)
2026-07-20 23:57:46,481 [INFO] __main__ — 뉴스 시점 제외 [에스바이오메딕스]: 4건 (>14일/파싱실패)
2026-07-20 23:57:46,844 [INFO] __main__ — 뉴스 시점 제외 [코텍]: 11건 (>14일/파싱실패)
2026-07-20 23:57:47,390 [INFO] __main__ — 뉴스 시점 제외 [대원산업]: 9건 (>14일/파싱실패)
2026-07-20 23:57:48,296 [INFO] __main__ — 뉴스 시점 제외 [삼목에스폼]: 8건 (>14일/파싱실패)
2026-07-20 23:57:49,006 [INFO] __main__ — 뉴스 시점 제외 [석경에이티]: 5건 (>14일/파싱실패)
2026-07-20 23:57:49,721 [INFO] __main__ — 뉴스 시점 제외 [BGF에코머티리얼즈]: 14건 (>14일/파싱실패)
2026-07-20 23:57:52,692 [INFO] __main__ — 뉴스 시점 제외 [코리아에프티]: 9건 (>14일/파싱실패)
2026-07-20 23:57:52,702 [INFO] __main__ — 뉴스 시점 제외 [엠아이텍]: 10건 (>14일/파싱실패)
2026-07-20 23:57:53,567 [INFO] __main__ — 뉴스 시점 제외 [우양에이치씨]: 13건 (>14일/파싱실패)
2026-07-20 23:57:54,313 [INFO] __main__ — 뉴스 시점 제외 [고려신용정보]: 14건 (>14일/파싱실패)
2026-07-20 23:57:55,062 [INFO] __main__ — 뉴스 시점 제외 [나노엔텍]: 6건 (>14일/파싱실패)
2026-07-20 23:57:58,034 [INFO] __main__ — 뉴스 시점 제외 [지어소프트]: 12건 (>14일/파싱실패)
2026-07-20 23:57:58,740 [INFO] __main__ — 뉴스 시점 제외 [하이텍팜]: 13건 (>14일/파싱실패)
2026-07-20 23:57:58,769 [INFO] __main__ — 뉴스 시점 제외 [메타바이오메드]: 11건 (>14일/파싱실패)
2026-07-20 23:57:59,457 [INFO] __main__ — 뉴스 시점 제외 [우리손에프앤지]: 14건 (>14일/파싱실패)
2026-07-20 23:57:59,491 [INFO] __main__ — 뉴스 시점 제외 [대정화금]: 13건 (>14일/파싱실패)
2026-07-20 23:57:59,504 [INFO] __main__ — 뉴스 시점 제외 [NICE인프라]: 15건 (>14일/파싱실패)
2026-07-20 23:58:01,625 [INFO] __main__ — 뉴스 시점 제외 [링네트]: 8건 (>14일/파싱실패)
2026-07-20 23:58:01,892 [INFO] __main__ — 뉴스 시점 제외 [서원인텍]: 14건 (>14일/파싱실패)
2026-07-20 23:58:03,070 [INFO] __main__ — 뉴스 시점 제외 [동신건설]: 8건 (>14일/파싱실패)
2026-07-20 23:58:03,800 [INFO] __main__ — 뉴스 시점 제외 [아미노로직스]: 12건 (>14일/파싱실패)
2026-07-20 23:58:04,066 [INFO] __main__ — 뉴스 시점 제외 [동아엘텍]: 13건 (>14일/파싱실패)
2026-07-20 23:58:04,538 [INFO] __main__ — 뉴스 시점 제외 [나이스디앤비]: 10건 (>14일/파싱실패)
2026-07-20 23:58:04,557 [INFO] __main__ — 뉴스 시점 제외 [일지테크]: 4건 (>14일/파싱실패)
2026-07-20 23:58:05,999 [INFO] __main__ — 뉴스 시점 제외 [엑세스바이오]: 4건 (>14일/파싱실패)
2026-07-20 23:58:06,708 [INFO] __main__ — 뉴스 시점 제외 [리드코프]: 11건 (>14일/파싱실패)
2026-07-20 23:58:06,951 [INFO] __main__ — 뉴스 시점 제외 [지구홀딩스]: 11건 (>14일/파싱실패)
2026-07-20 23:58:07,436 [INFO] __main__ — 뉴스 시점 제외 [휴비츠]: 9건 (>14일/파싱실패)
2026-07-20 23:58:08,351 [INFO] __main__ — 뉴스 시점 제외 [로스웰]: 9건 (>14일/파싱실패)
2026-07-20 23:58:08,394 [INFO] __main__ — 뉴스 시점 제외 [엔브이에이치코리아]: 11건 (>14일/파싱실패)
2026-07-20 23:58:08,878 [INFO] __main__ — 뉴스 시점 제외 [블루콤]: 14건 (>14일/파싱실패)
2026-07-20 23:58:09,127 [INFO] __main__ — 뉴스 시점 제외 [이상네트웍스]: 11건 (>14일/파싱실패)
2026-07-20 23:58:09,777 [INFO] __main__ — 뉴스 시점 제외 [라이온켐텍]: 9건 (>14일/파싱실패)
2026-07-20 23:58:10,693 [INFO] __main__ — 뉴스 시점 제외 [팅크웨어]: 8건 (>14일/파싱실패)
2026-07-20 23:58:11,418 [INFO] __main__ — 뉴스 시점 제외 [드림씨아이에스]: 5건 (>14일/파싱실패)
2026-07-20 23:58:11,441 [INFO] __main__ — 뉴스 시점 제외 [엠오티]: 12건 (>14일/파싱실패)
2026-07-20 23:58:11,453 [INFO] __main__ — 뉴스 시점 제외 [로보로보]: 9건 (>14일/파싱실패)
2026-07-20 23:58:12,910 [INFO] __main__ — 뉴스 시점 제외 [삼륭물산]: 5건 (>14일/파싱실패)
2026-07-20 23:58:12,911 [INFO] __main__ — 뉴스 시점 제외 [제이씨케미칼]: 11건 (>14일/파싱실패)
2026-07-20 23:58:14,514 [INFO] __main__ — 뉴스 시점 제외 [푸드웰]: 13건 (>14일/파싱실패)
2026-07-20 23:58:14,551 [INFO] __main__ — 뉴스 시점 제외 [유라테크]: 13건 (>14일/파싱실패)
2026-07-20 23:58:15,241 [INFO] __main__ — 뉴스 시점 제외 [에스피소프트]: 2건 (>14일/파싱실패)
2026-07-20 23:58:15,464 [INFO] __main__ — 뉴스 시점 제외 [대륙제관]: 4건 (>14일/파싱실패)
2026-07-20 23:58:16,093 [INFO] __main__ — 뉴스 시점 제외 [프로티아]: 10건 (>14일/파싱실패)
2026-07-20 23:58:16,199 [INFO] __main__ — 뉴스 시점 제외 [고바이오랩]: 4건 (>14일/파싱실패)
2026-07-20 23:58:16,933 [INFO] __main__ — 뉴스 시점 제외 [케이엘넷]: 13건 (>14일/파싱실패)
2026-07-20 23:58:17,740 [INFO] __main__ — 뉴스 시점 제외 [유비벨록스]: 9건 (>14일/파싱실패)
2026-07-20 23:58:18,432 [INFO] __main__ — 뉴스 시점 제외 [해성에어로보틱스]: 12건 (>14일/파싱실패)
2026-07-20 23:58:19,412 [INFO] __main__ — 뉴스 시점 제외 [빛샘전자]: 2건 (>14일/파싱실패)
2026-07-20 23:58:19,416 [INFO] __main__ — 뉴스 시점 제외 [동우팜투테이블]: 7건 (>14일/파싱실패)
2026-07-20 23:58:20,063 [INFO] __main__ — 뉴스 시점 제외 [삼양케이씨아이]: 13건 (>14일/파싱실패)
2026-07-20 23:58:20,342 [INFO] __main__ — 뉴스 시점 제외 [팬스타엔터프라이즈]: 8건 (>14일/파싱실패)
2026-07-20 23:58:20,960 [INFO] __main__ — 뉴스 시점 제외 [수산아이앤티]: 14건 (>14일/파싱실패)
2026-07-20 23:58:21,076 [INFO] __main__ — 뉴스 시점 제외 [화성밸브]: 13건 (>14일/파싱실패)
2026-07-20 23:58:21,676 [INFO] __main__ — 뉴스 시점 제외 [인지소프트]: 14건 (>14일/파싱실패)
2026-07-20 23:58:22,005 [INFO] __main__ — 뉴스 시점 제외 [코렌텍]: 12건 (>14일/파싱실패)
2026-07-20 23:58:22,011 [INFO] __main__ — 뉴스 시점 제외 [셀바이오휴먼텍]: 9건 (>14일/파싱실패)
2026-07-20 23:58:22,398 [INFO] __main__ — 뉴스 시점 제외 [구영테크]: 12건 (>14일/파싱실패)
2026-07-20 23:58:22,728 [INFO] __main__ — 뉴스 시점 제외 [제이씨현시스템]: 12건 (>14일/파싱실패)
2026-07-20 23:58:22,742 [INFO] __main__ — 뉴스 시점 제외 [와이엠텍]: 9건 (>14일/파싱실패)
2026-07-20 23:58:23,462 [INFO] __main__ — 뉴스 시점 제외 [대성창투]: 12건 (>14일/파싱실패)
2026-07-20 23:58:24,187 [INFO] __main__ — 뉴스 시점 제외 [세코닉스]: 11건 (>14일/파싱실패)
2026-07-20 23:58:24,913 [INFO] __main__ — 뉴스 시점 제외 [씨유테크]: 14건 (>14일/파싱실패)
2026-07-20 23:58:25,475 [INFO] __main__ — 뉴스 시점 제외 [이닉스]: 14건 (>14일/파싱실패)
2026-07-20 23:58:25,650 [INFO] __main__ — 뉴스 시점 제외 [디티씨]: 12건 (>14일/파싱실패)
2026-07-20 23:58:26,383 [INFO] __main__ — 뉴스 시점 제외 [흥국에프엔비]: 9건 (>14일/파싱실패)
2026-07-20 23:58:27,321 [INFO] __main__ — 뉴스 시점 제외 [퀀타매트릭스]: 10건 (>14일/파싱실패)
2026-07-20 23:58:27,659 [INFO] __main__ — 뉴스 시점 제외 [오상자이엘]: 11건 (>14일/파싱실패)
2026-07-20 23:58:28,959 [INFO] __main__ — 뉴스 시점 제외 [에스피시스템스]: 10건 (>14일/파싱실패)
2026-07-20 23:58:29,111 [INFO] __main__ — 뉴스 시점 제외 [한울앤제주]: 6건 (>14일/파싱실패)
2026-07-20 23:58:29,678 [INFO] __main__ — 뉴스 시점 제외 [코닉오토메이션]: 6건 (>14일/파싱실패)
2026-07-20 23:58:29,888 [INFO] __main__ — 뉴스 시점 제외 [앱코]: 4건 (>14일/파싱실패)
2026-07-20 23:58:30,791 [INFO] __main__ — 뉴스 시점 제외 [쎄노텍]: 11건 (>14일/파싱실패)
2026-07-20 23:58:31,333 [INFO] __main__ — 뉴스 시점 제외 [인지디스플레]: 11건 (>14일/파싱실패)
2026-07-20 23:58:31,509 [INFO] __main__ — 뉴스 시점 제외 [원익큐브]: 12건 (>14일/파싱실패)
2026-07-20 23:58:31,843 [INFO] __main__ — 뉴스 시점 제외 [에이텍모빌리티]: 13건 (>14일/파싱실패)
2026-07-20 23:58:32,237 [INFO] __main__ — 뉴스 시점 제외 [케이디켐]: 11건 (>14일/파싱실패)
2026-07-20 23:58:32,784 [INFO] __main__ — 뉴스 시점 제외 [상신전자]: 12건 (>14일/파싱실패)
2026-07-20 23:58:33,294 [INFO] __main__ — 뉴스 시점 제외 [유니온바이오메트릭스]: 7건 (>14일/파싱실패)
2026-07-20 23:58:33,512 [INFO] __main__ — 뉴스 시점 제외 [램테크놀러지]: 7건 (>14일/파싱실패)
2026-07-20 23:58:33,686 [INFO] __main__ — 뉴스 시점 제외 [이글벳]: 8건 (>14일/파싱실패)
2026-07-20 23:58:34,241 [INFO] __main__ — 뉴스 시점 제외 [엔투텍]: 12건 (>14일/파싱실패)
2026-07-20 23:58:34,959 [INFO] __main__ — 뉴스 시점 제외 [나라엠앤디]: 14건 (>14일/파싱실패)
2026-07-20 23:58:35,518 [INFO] __main__ — 뉴스 시점 제외 [케일럼]: 11건 (>14일/파싱실패)
2026-07-20 23:58:35,670 [INFO] __main__ — 뉴스 시점 제외 [보라티알]: 12건 (>14일/파싱실패)
2026-07-20 23:58:36,247 [INFO] __main__ — 뉴스 시점 제외 [마이크로디지탈]: 15건 (>14일/파싱실패)
2026-07-20 23:58:37,159 [INFO] __main__ — 뉴스 시점 제외 [캐스텍코리아]: 14건 (>14일/파싱실패)
2026-07-20 23:58:37,683 [INFO] __main__ — 뉴스 시점 제외 [씨큐브]: 11건 (>14일/파싱실패)
2026-07-20 23:58:37,872 [INFO] __main__ — 뉴스 시점 제외 [에이치와이티씨]: 7건 (>14일/파싱실패)
2026-07-20 23:58:37,912 [INFO] __main__ — 뉴스 시점 제외 [엔바이오니아]: 14건 (>14일/파싱실패)
2026-07-20 23:58:38,402 [INFO] __main__ — 뉴스 시점 제외 [삼화네트웍스]: 5건 (>14일/파싱실패)
2026-07-20 23:58:38,800 [INFO] __main__ — 뉴스 시점 제외 [인스피언]: 11건 (>14일/파싱실패)
2026-07-20 23:58:39,124 [INFO] __main__ — 뉴스 시점 제외 [스튜디오미르]: 12건 (>14일/파싱실패)
2026-07-20 23:58:39,711 [INFO] __main__ — 뉴스 시점 제외 [큐캐피탈]: 7건 (>14일/파싱실패)
2026-07-20 23:58:39,850 [INFO] __main__ — 뉴스 시점 제외 [미트박스]: 11건 (>14일/파싱실패)
2026-07-20 23:58:40,452 [INFO] __main__ — 뉴스 시점 제외 [와토스코리아]: 10건 (>14일/파싱실패)
2026-07-20 23:58:41,187 [INFO] __main__ — 뉴스 시점 제외 [제이엔비]: 11건 (>14일/파싱실패)
2026-07-20 23:58:41,188 [INFO] __main__ — 뉴스 시점 제외 [팬엔터테인먼트]: 9건 (>14일/파싱실패)
2026-07-20 23:58:41,925 [INFO] __main__ — 뉴스 시점 제외 [위즈코프]: 12건 (>14일/파싱실패)
2026-07-20 23:58:42,028 [INFO] __main__ — POOL_A 후보 부정뉴스 2차 조회: 500개
2026-07-20 23:58:42,031 [INFO] __main__ — POOL_A: 676개 (A:653 B:6 동시:17) | 부정게이트 제외:8
  대형:55 중형:110 소형:511
2026-07-20 23:58:42,036 [INFO] __main__ —   → POOL_A: 676개
2026-07-20 23:58:42,036 [INFO] __main__ — ▶ Step 2: 하드 필터링
2026-07-20 23:58:42,037 [INFO] __main__ — 하드 필터 제거: 669개 | 과열배제 42 | 이격도상한 3 | 이격도하한 181 | MA추세 409 | RSI과열 7 | 거래대금 27
2026-07-20 23:58:42,038 [INFO] __main__ — 과열 gated 기록: 42개 → gated_tickers
2026-07-20 23:58:42,039 [INFO] __main__ — POOL_B: 7개 | 대형:0 중형:1 소형:6
2026-07-20 23:58:42,039 [INFO] __main__ —   → POOL_B: 7개
2026-07-20 23:58:42,039 [INFO] __main__ — ▶ Step 3: 스코어링 (FinBERT 감성 분석)
2026-07-20 23:58:42,039 [INFO] __main__ — NaverClient: 3개 키 로드 (DataLab·검색 독립 회전)
2026-07-20 23:58:42,039 [INFO] __main__ — 텍스트 캐시 전체 적중: 7종목 (외부 API 0건)
2026-07-20 23:58:42,039 [INFO] __main__ — FinBERT 감성 분석 (finbert 모드)...
2026-07-20 23:58:42,040 [INFO] __main__ — FinBERT 로딩: snunlp/KR-FinBert-SC (CPU, batch=8)
2026-07-20 23:58:42,108 [INFO] httpx — HTTP Request: GET https://huggingface.co/api/agent-harnesses "HTTP/1.1 200 OK"
2026-07-20 23:58:42,127 [INFO] httpx — HTTP Request: HEAD https://huggingface.co/snunlp/KR-FinBert-SC/resolve/main/config.json "HTTP/1.1 307 Temporary Redirect"
2026-07-20 23:58:42,127 [WARNING] huggingface_hub.utils._http — Warning: You are sending unauthenticated requests to the HF Hub. Please set a HF_TOKEN to enable higher rate limits and faster downloads.
2026-07-20 23:58:42,133 [INFO] httpx — HTTP Request: HEAD https://huggingface.co/api/resolve-cache/models/snunlp/KR-FinBert-SC/f8586286cc3161fb648e9fee09a456069fd846d0/config.json "HTTP/1.1 200 OK"
2026-07-20 23:58:42,172 [INFO] httpx — HTTP Request: HEAD https://huggingface.co/snunlp/KR-FinBert-SC/resolve/main/model.safetensors "HTTP/1.1 404 Not Found"
2026-07-20 23:58:42,195 [INFO] httpx — HTTP Request: GET https://huggingface.co/api/models/snunlp/KR-FinBert-SC "HTTP/1.1 200 OK"
2026-07-20 23:58:42,233 [INFO] httpx — HTTP Request: GET https://huggingface.co/api/models/snunlp/KR-FinBert-SC/commits/main "HTTP/1.1 200 OK"
2026-07-20 23:58:42,270 [INFO] httpx — HTTP Request: GET https://huggingface.co/api/models/snunlp/KR-FinBert-SC/discussions?p=0 "HTTP/1.1 200 OK"
2026-07-20 23:58:42,319 [INFO] httpx — HTTP Request: GET https://huggingface.co/api/models/snunlp/KR-FinBert-SC/commits/refs%2Fpr%2F3 "HTTP/1.1 200 OK"
2026-07-20 23:58:42,337 [INFO] httpx — HTTP Request: HEAD https://huggingface.co/snunlp/KR-FinBert-SC/resolve/refs%2Fpr%2F3/model.safetensors.index.json "HTTP/1.1 404 Not Found"
2026-07-20 23:58:42,348 [INFO] httpx — HTTP Request: GET https://huggingface.co/api/models/snunlp/KR-FinBert-SC/tree/main/additional_chat_templates?recursive=false&expand=false "HTTP/1.1 404 Not Found"
2026-07-20 23:58:42,364 [INFO] httpx — HTTP Request: HEAD https://huggingface.co/snunlp/KR-FinBert-SC/resolve/refs%2Fpr%2F3/model.safetensors "HTTP/1.1 302 Found"
2026-07-20 23:58:42,368 [INFO] httpx — HTTP Request: GET https://huggingface.co/api/models/snunlp/KR-FinBert-SC/tree/main?recursive=true&expand=false "HTTP/1.1 200 OK"
2026-07-20 23:58:42,406 [INFO] httpx — HTTP Request: HEAD https://huggingface.co/snunlp/KR-FinBert-SC/resolve/main/processor_config.json "HTTP/1.1 404 Not Found"
2026-07-20 23:58:42,424 [INFO] httpx — HTTP Request: HEAD https://huggingface.co/snunlp/KR-FinBert-SC/resolve/main/video_preprocessor_config.json "HTTP/1.1 404 Not Found"
2026-07-20 23:58:42,445 [INFO] httpx — HTTP Request: HEAD https://huggingface.co/snunlp/KR-FinBert-SC/resolve/main/preprocessor_config.json "HTTP/1.1 404 Not Found"
2026-07-20 23:58:42,446 [INFO] __main__ — FinBERT 로드 완료 (CPU)
2026-07-20 23:58:44,384 [INFO] __main__ — Phase A.1: 매핑 신뢰도 < 0.5 → 감성 점수 폐기 6건
2026-07-20 23:58:44,384 [INFO] __main__ — 스코어링: 7개 | 집중:0 | FinBERT:finbert
2026-07-20 23:58:44,399 [INFO] __main__ —   → 7개
2026-07-20 23:58:44,399 [INFO] __main__ — ▶ Step 4: 발송
2026-07-20 23:58:47,351 [WARNING] __main__ — 텔레그램 발송 실패 그룹 → mark_sent skip 1개 (다음 실행 시 재발송 대상)
2026-07-20 23:58:47,352 [INFO] __main__ — DB 기록: 0개 / 전체 to_send 1개
2026-07-20 23:58:47,352 [INFO] __main__ — 발송: 집중 0 / 주시 0
2026-07-20 23:58:47,352 [INFO] __main__ — 완료  |  소요: 1301.7초
