2026-06-05 12:25:08,483 [INFO] __main__ — config 검증 완료 ✓
2026-06-05 12:25:08,483 [INFO] __main__ — ============================================================
2026-06-05 12:25:08,483 [INFO] __main__ — AlphaRadar v3.3.1  |  기준일: 20260605
2026-06-05 12:25:08,483 [INFO] __main__ — S = T×0.3 + S_text×0.4 + D×0.3
2026-06-05 12:25:08,483 [INFO] __main__ — ============================================================
2026-06-05 12:25:08,483 [INFO] __main__ — ▶ Step 0: 유니버스 필터링
2026-06-05 12:25:08,796 [INFO] __main__ — FDR 데이터 수집: 20251130 ~ 20260605
2026-06-05 12:25:10,236 [INFO] __main__ — KOSPI: 948개 | 섹터정보 838개 (DART +838개 보완)
2026-06-05 12:25:10,237 [INFO] __main__ — KOSDAQ: 1822개 | 섹터정보 1822개
2026-06-05 12:25:10,237 [INFO] __main__ — 전체: 2770개
2026-06-05 12:25:12,463 [INFO] __main__ — KIS 토큰 발급 완료
2026-06-05 12:41:01,621 [INFO] __main__ — DART corp_code 매핑: 2227/2280개 (97%)
2026-06-05 12:41:01,621 [INFO] __main__ — 유효 유니버스: 2280개
2026-06-05 12:41:01,631 [INFO] __main__ —   → 2280개
2026-06-05 12:41:01,631 [INFO] __main__ — ▶ Step 1: 신호 탐지
2026-06-05 12:41:01,632 [INFO] __main__ — NaverClient: 3개 키 로드 (DataLab·검색 독립 회전)
2026-06-05 12:41:01,632 [INFO] __main__ — 관심 지수 및 부정 뉴스 비율 조회 중...
2026-06-05 12:44:47,561 [INFO] __main__ — 부정 키워드 감지: 18개 종목 (neg_ratio > 0)
2026-06-05 12:44:47,567 [INFO] __main__ — POOL_A: 1106개 (A:795 B:127 동시:184)
  대형:98 중형:222 소형:786
2026-06-05 12:44:47,575 [INFO] __main__ —   → POOL_A: 1106개
2026-06-05 12:44:47,575 [INFO] __main__ — ▶ Step 2: 하드 필터링
2026-06-05 12:44:47,577 [INFO] __main__ — 하드 필터 제거: 1033개 | 이격도상한 38 | 이격도하한 773 | MA추세 138 | RSI과열 1 | 거래대금 83
2026-06-05 12:44:47,577 [INFO] __main__ — POOL_B: 73개 | 대형:17 중형:20 소형:36
2026-06-05 12:44:47,577 [INFO] __main__ —   → POOL_B: 73개
2026-06-05 12:44:47,577 [INFO] __main__ — ▶ Step 3: 스코어링 (FinBERT 감성 분석)
2026-06-05 12:44:47,577 [INFO] __main__ — NaverClient: 3개 키 로드 (DataLab·검색 독립 회전)
2026-06-05 12:44:47,577 [INFO] __main__ — 텍스트 신규 수집: 73종목 (캐시 적중 0종목)
2026-06-05 12:46:29,533 [INFO] __main__ — 수집 완료: 뉴스 592건 | 공시 683건
2026-06-05 12:46:29,534 [INFO] __main__ — FinBERT 감성 분석 (finbert 모드)...
2026-06-05 12:46:29,534 [INFO] __main__ — FinBERT 로딩: snunlp/KR-FinBert-SC (CPU, batch=8)
2026-06-05 12:46:29,616 [INFO] httpx — HTTP Request: HEAD https://huggingface.co/snunlp/KR-FinBert-SC/resolve/main/config.json "HTTP/1.1 307 Temporary Redirect"
2026-06-05 12:46:29,624 [INFO] httpx — HTTP Request: HEAD https://huggingface.co/api/resolve-cache/models/snunlp/KR-FinBert-SC/f8586286cc3161fb648e9fee09a456069fd846d0/config.json "HTTP/1.1 200 OK"
2026-06-05 12:46:29,683 [INFO] httpx — HTTP Request: HEAD https://huggingface.co/snunlp/KR-FinBert-SC/resolve/main/model.safetensors "HTTP/1.1 404 Not Found"
2026-06-05 12:46:29,683 [WARNING] huggingface_hub.utils._http — Warning: You are sending unauthenticated requests to the HF Hub. Please set a HF_TOKEN to enable higher rate limits and faster downloads.
2026-06-05 12:46:29,732 [INFO] httpx — HTTP Request: GET https://huggingface.co/api/models/snunlp/KR-FinBert-SC "HTTP/1.1 200 OK"
2026-06-05 12:46:29,793 [INFO] httpx — HTTP Request: GET https://huggingface.co/api/models/snunlp/KR-FinBert-SC/commits/main "HTTP/1.1 200 OK"
2026-06-05 12:46:29,842 [INFO] httpx — HTTP Request: GET https://huggingface.co/api/models/snunlp/KR-FinBert-SC/discussions?p=0 "HTTP/1.1 200 OK"
2026-06-05 12:46:29,858 [INFO] httpx — HTTP Request: GET https://huggingface.co/api/models/snunlp/KR-FinBert-SC/tree/main/additional_chat_templates?recursive=false&expand=false "HTTP/1.1 404 Not Found"
2026-06-05 12:46:29,892 [INFO] httpx — HTTP Request: GET https://huggingface.co/api/models/snunlp/KR-FinBert-SC/commits/refs%2Fpr%2F3 "HTTP/1.1 200 OK"
2026-06-05 12:46:29,912 [INFO] httpx — HTTP Request: GET https://huggingface.co/api/models/snunlp/KR-FinBert-SC/tree/main?recursive=true&expand=false "HTTP/1.1 200 OK"
2026-06-05 12:46:29,936 [INFO] __main__ — FinBERT 로드 완료 (CPU)
2026-06-05 12:46:29,938 [INFO] httpx — HTTP Request: HEAD https://huggingface.co/snunlp/KR-FinBert-SC/resolve/refs%2Fpr%2F3/model.safetensors.index.json "HTTP/1.1 404 Not Found"
2026-06-05 12:46:29,981 [INFO] httpx — HTTP Request: HEAD https://huggingface.co/snunlp/KR-FinBert-SC/resolve/refs%2Fpr%2F3/model.safetensors "HTTP/1.1 302 Found"
2026-06-05 12:47:15,115 [INFO] __main__ — Phase A.1: 매핑 신뢰도 < 0.5 → 감성 점수 폐기 55건
2026-06-05 12:47:15,115 [INFO] __main__ — 스코어링: 73개 | 집중:1 | FinBERT:finbert
2026-06-05 12:47:15,133 [INFO] __main__ —   → 73개
2026-06-05 12:47:15,133 [INFO] __main__ — ▶ Step 4: 발송
2026-06-05 12:47:20,379 [INFO] __main__ — DB 기록: 19개 / 전체 to_send 19개
2026-06-05 12:47:20,380 [INFO] __main__ — 발송: 집중 1 / 주시 2
2026-06-05 12:47:20,380 [INFO] __main__ — 완료  |  소요: 1331.9초
