2026-08-05 22:42:53,565 [INFO] __main__ — config 검증 완료 ✓
2026-08-05 22:42:53,565 [INFO] __main__ — ============================================================
2026-08-05 22:42:53,565 [INFO] __main__ — AlphaRadar v3.3.1  |  기준일: 20260806
2026-08-05 22:42:53,565 [INFO] __main__ — S = T×0.3 + S_text×0.4 + D×0.3
2026-08-05 22:42:53,565 [INFO] __main__ — ============================================================
2026-08-05 22:42:53,565 [INFO] __main__ — ▶ Step 0: 유니버스 필터링
2026-08-05 22:42:53,721 [INFO] __main__ — FDR 데이터 수집: 20260131 ~ 20260806
2026-08-05 22:42:55,382 [INFO] __main__ — KOSPI: 943개 | 섹터정보 833개 (DART +833개 보완)
2026-08-05 22:42:55,383 [INFO] __main__ — KOSDAQ: 1820개 | 섹터정보 1820개
2026-08-05 22:42:55,383 [INFO] __main__ — 전체: 2763개
2026-08-05 22:42:57,270 [INFO] __main__ — KIS 토큰 발급 완료
2026-08-05 22:56:48,930 [INFO] __main__ — DART corp_code 매핑: 2170/2227개 (97%)
2026-08-05 22:56:48,930 [INFO] __main__ — 유효 유니버스: 2227개
2026-08-05 22:56:48,941 [INFO] __main__ —   → 2227개
2026-08-05 22:56:48,942 [INFO] __main__ — ▶ Step 1: 신호 탐지
2026-08-05 22:56:48,942 [INFO] __main__ — NaverClient: 3개 키 로드 (DataLab·검색 독립 회전)
2026-08-05 22:56:48,942 [INFO] __main__ — 관심 지수 및 부정 뉴스 비율 조회 중...
2026-08-05 22:57:12,947 [INFO] __main__ — 뉴스 시점 제외 [금호전기]: 1건 (>14일/파싱실패)
2026-08-05 22:57:20,790 [INFO] __main__ — 뉴스 시점 제외 [강동씨앤엘]: 9건 (>14일/파싱실패)
2026-08-05 22:57:22,979 [INFO] __main__ — 뉴스 시점 제외 [맥쿼리인프라]: 11건 (>14일/파싱실패)
2026-08-05 22:57:37,341 [INFO] __main__ — 뉴스 시점 제외 [동양파일]: 10건 (>14일/파싱실패)
2026-08-05 22:57:40,206 [INFO] __main__ — 뉴스 시점 제외 [데이타솔루션]: 1건 (>14일/파싱실패)
2026-08-05 22:57:42,419 [INFO] __main__ — 뉴스 시점 제외 [와이지-원]: 3건 (>14일/파싱실패)
2026-08-05 22:57:53,346 [INFO] __main__ — 뉴스 시점 제외 [HB테크놀러지]: 1건 (>14일/파싱실패)
2026-08-05 22:58:07,601 [INFO] __main__ — 뉴스 시점 제외 [중앙첨단소재]: 5건 (>14일/파싱실패)
2026-08-05 22:58:09,867 [INFO] __main__ — 뉴스 시점 제외 [LS머트리얼즈]: 4건 (>14일/파싱실패)
2026-08-05 22:58:10,043 [INFO] __main__ — 뉴스 시점 제외 [세미티에스]: 6건 (>14일/파싱실패)
2026-08-05 22:58:10,640 [INFO] __main__ — 뉴스 시점 제외 [대양금속]: 9건 (>14일/파싱실패)
2026-08-05 22:58:13,921 [INFO] __main__ — 뉴스 시점 제외 [엘브이엠씨홀딩스]: 14건 (>14일/파싱실패)
2026-08-05 22:58:16,092 [INFO] __main__ — 뉴스 시점 제외 [한성크린텍]: 15건 (>14일/파싱실패)
2026-08-05 22:58:25,819 [INFO] __main__ — 뉴스 시점 제외 [레이저쎌]: 2건 (>14일/파싱실패)
2026-08-05 22:58:29,037 [INFO] __main__ — 뉴스 시점 제외 [우리기술투자]: 8건 (>14일/파싱실패)
2026-08-05 22:58:30,031 [INFO] __main__ — 뉴스 시점 제외 [비투엔]: 13건 (>14일/파싱실패)
2026-08-05 22:58:33,477 [INFO] __main__ — 뉴스 시점 제외 [삼성공조]: 14건 (>14일/파싱실패)
2026-08-05 22:58:33,879 [INFO] __main__ — 뉴스 시점 제외 [서부T&D]: 10건 (>14일/파싱실패)
2026-08-05 22:58:35,094 [INFO] __main__ — 뉴스 시점 제외 [THE E&M]: 9건 (>14일/파싱실패)
2026-08-05 22:58:35,884 [INFO] __main__ — 뉴스 시점 제외 [이수화학]: 5건 (>14일/파싱실패)
2026-08-05 22:58:36,888 [INFO] __main__ — 뉴스 시점 제외 [에이치엠넥스]: 6건 (>14일/파싱실패)
2026-08-05 22:58:37,624 [INFO] __main__ — 뉴스 시점 제외 [KB스타리츠]: 8건 (>14일/파싱실패)
2026-08-05 22:58:38,099 [INFO] __main__ — 뉴스 시점 제외 [남화산업]: 9건 (>14일/파싱실패)
2026-08-05 22:58:39,110 [INFO] __main__ — 뉴스 시점 제외 [삼성제약]: 1건 (>14일/파싱실패)
2026-08-05 22:58:44,157 [INFO] __main__ — 뉴스 시점 제외 [제이엠티]: 7건 (>14일/파싱실패)
2026-08-05 22:58:46,049 [INFO] __main__ — 뉴스 시점 제외 [알루코]: 4건 (>14일/파싱실패)
2026-08-05 22:58:49,242 [INFO] __main__ — 뉴스 시점 제외 [성문전자]: 4건 (>14일/파싱실패)
2026-08-05 22:59:00,704 [INFO] __main__ — 뉴스 시점 제외 [엠에스오토텍]: 10건 (>14일/파싱실패)
2026-08-05 22:59:01,703 [INFO] __main__ — 뉴스 시점 제외 [대주산업]: 9건 (>14일/파싱실패)
2026-08-05 22:59:07,569 [INFO] __main__ — 뉴스 시점 제외 [하이드로리튬]: 11건 (>14일/파싱실패)
2026-08-05 22:59:09,807 [INFO] __main__ — 뉴스 시점 제외 [로보로보]: 10건 (>14일/파싱실패)
2026-08-05 22:59:10,685 [INFO] __main__ — 뉴스 시점 제외 [이구산업]: 9건 (>14일/파싱실패)
2026-08-05 22:59:11,820 [INFO] __main__ — 뉴스 시점 제외 [태양금속]: 10건 (>14일/파싱실패)
2026-08-05 22:59:15,783 [INFO] __main__ — 뉴스 시점 제외 [에이티넘인베스트]: 13건 (>14일/파싱실패)
2026-08-05 22:59:19,999 [INFO] __main__ — 뉴스 시점 제외 [YG PLUS]: 4건 (>14일/파싱실패)
2026-08-05 22:59:21,140 [INFO] __main__ — 뉴스 시점 제외 [나우IB]: 7건 (>14일/파싱실패)
2026-08-05 22:59:24,440 [INFO] __main__ — 뉴스 시점 제외 [HDC현대EP]: 9건 (>14일/파싱실패)
2026-08-05 22:59:25,572 [INFO] __main__ — 뉴스 시점 제외 [SV인베스트먼트]: 4건 (>14일/파싱실패)
2026-08-05 22:59:28,961 [INFO] __main__ — 뉴스 시점 제외 [앱튼]: 13건 (>14일/파싱실패)
2026-08-05 22:59:29,999 [INFO] __main__ — 뉴스 시점 제외 [빅텍]: 2건 (>14일/파싱실패)
2026-08-05 22:59:33,987 [INFO] __main__ — 뉴스 시점 제외 [일신석재]: 9건 (>14일/파싱실패)
2026-08-05 22:59:36,270 [INFO] __main__ — 뉴스 시점 제외 [대영포장]: 11건 (>14일/파싱실패)
2026-08-05 22:59:39,354 [INFO] __main__ — 뉴스 시점 제외 [송원산업]: 6건 (>14일/파싱실패)
2026-08-05 22:59:42,071 [INFO] __main__ — 뉴스 시점 제외 [심텍홀딩스]: 9건 (>14일/파싱실패)
2026-08-05 22:59:42,369 [INFO] __main__ — 뉴스 시점 제외 [키스트론]: 10건 (>14일/파싱실패)
2026-08-05 22:59:42,501 [INFO] __main__ — 부정 키워드 감지: 29개 종목 (neg_ratio > 0)
2026-08-05 22:59:42,504 [INFO] __main__ — 수급일수충족·합계음수 제외: 106개
2026-08-05 22:59:48,136 [INFO] __main__ — 뉴스 시점 제외 [미래에셋증권2우B]: 3건 (>14일/파싱실패)
2026-08-05 22:59:51,039 [INFO] __main__ — 뉴스 시점 제외 [LG전자우]: 9건 (>14일/파싱실패)
2026-08-05 22:59:52,181 [INFO] __main__ — 뉴스 시점 제외 [LG화학우]: 15건 (>14일/파싱실패)
2026-08-05 22:59:52,269 [INFO] __main__ — 뉴스 시점 제외 [쿠쿠홀딩스]: 9건 (>14일/파싱실패)
2026-08-05 22:59:56,313 [INFO] __main__ — 뉴스 시점 제외 [맵스리얼티]: 15건 (>14일/파싱실패)
2026-08-05 22:59:57,234 [INFO] __main__ — 뉴스 시점 제외 [CJ4우(전환)]: 15건 (>14일/파싱실패)
2026-08-05 22:59:57,791 [INFO] __main__ — 뉴스 시점 제외 [세아홀딩스]: 3건 (>14일/파싱실패)
2026-08-05 22:59:57,830 [INFO] __main__ — 뉴스 시점 제외 [한일홀딩스]: 13건 (>14일/파싱실패)
2026-08-05 22:59:58,006 [INFO] __main__ — 뉴스 시점 제외 [삼성FN리츠]: 10건 (>14일/파싱실패)
2026-08-05 22:59:58,955 [INFO] __main__ — 뉴스 시점 제외 [NH투자증권우]: 8건 (>14일/파싱실패)
2026-08-05 22:59:59,536 [INFO] __main__ — 뉴스 시점 제외 [아모레퍼시픽우]: 11건 (>14일/파싱실패)
2026-08-05 23:00:00,831 [INFO] __main__ — 뉴스 시점 제외 [명신산업]: 10건 (>14일/파싱실패)
2026-08-05 23:00:01,258 [INFO] __main__ — 뉴스 시점 제외 [KISCO홀딩스]: 2건 (>14일/파싱실패)
2026-08-05 23:00:04,228 [INFO] __main__ — 뉴스 시점 제외 [삼성물산우B]: 15건 (>14일/파싱실패)
2026-08-05 23:00:04,625 [INFO] __main__ — 뉴스 시점 제외 [일진홀딩스]: 9건 (>14일/파싱실패)
2026-08-05 23:00:04,680 [INFO] __main__ — 뉴스 시점 제외 [두산2우B]: 12건 (>14일/파싱실패)
2026-08-05 23:00:07,044 [INFO] __main__ — 뉴스 시점 제외 [서울가스]: 5건 (>14일/파싱실패)
2026-08-05 23:00:07,601 [INFO] __main__ — 뉴스 시점 제외 [삼영전자]: 10건 (>14일/파싱실패)
2026-08-05 23:00:08,079 [INFO] __main__ — 뉴스 시점 제외 [아이마켓코리아]: 8건 (>14일/파싱실패)
2026-08-05 23:00:09,186 [INFO] __main__ — 뉴스 시점 제외 [대원강업]: 8건 (>14일/파싱실패)
2026-08-05 23:00:09,749 [INFO] __main__ — 뉴스 시점 제외 [LG생활건강우]: 12건 (>14일/파싱실패)
2026-08-05 23:00:09,865 [INFO] __main__ — 뉴스 시점 제외 [노루홀딩스]: 8건 (>14일/파싱실패)
2026-08-05 23:00:10,824 [INFO] __main__ — 뉴스 시점 제외 [LG우]: 15건 (>14일/파싱실패)
2026-08-05 23:00:12,010 [INFO] __main__ — 뉴스 시점 제외 [대신증권2우B]: 15건 (>14일/파싱실패)
2026-08-05 23:00:14,379 [INFO] __main__ — 뉴스 시점 제외 [유수홀딩스]: 14건 (>14일/파싱실패)
2026-08-05 23:00:14,776 [INFO] __main__ — 뉴스 시점 제외 [CJ제일제당 우]: 15건 (>14일/파싱실패)
2026-08-05 23:00:15,946 [INFO] __main__ — 뉴스 시점 제외 [대창단조]: 9건 (>14일/파싱실패)
2026-08-05 23:00:16,511 [INFO] __main__ — 뉴스 시점 제외 [한국주철관]: 7건 (>14일/파싱실패)
2026-08-05 23:00:16,609 [INFO] __main__ — 뉴스 시점 제외 [화승인더]: 12건 (>14일/파싱실패)
2026-08-05 23:00:17,017 [INFO] __main__ — 뉴스 시점 제외 [금호석유화학우]: 14건 (>14일/파싱실패)
2026-08-05 23:00:18,315 [INFO] __main__ — 뉴스 시점 제외 [일진다이아]: 11건 (>14일/파싱실패)
2026-08-05 23:00:18,878 [INFO] __main__ — 뉴스 시점 제외 [디씨엠]: 13건 (>14일/파싱실패)
2026-08-05 23:00:19,300 [INFO] __main__ — 뉴스 시점 제외 [이지스레지던스리츠]: 11건 (>14일/파싱실패)
2026-08-05 23:00:19,860 [INFO] __main__ — 뉴스 시점 제외 [현대코퍼레이션홀딩스]: 12건 (>14일/파싱실패)
2026-08-05 23:00:20,034 [INFO] __main__ — 뉴스 시점 제외 [KCTC]: 8건 (>14일/파싱실패)
2026-08-05 23:00:20,046 [INFO] __main__ — 뉴스 시점 제외 [한국무브넥스]: 14건 (>14일/파싱실패)
2026-08-05 23:00:20,436 [INFO] __main__ — 뉴스 시점 제외 [대성홀딩스]: 9건 (>14일/파싱실패)
2026-08-05 23:00:20,602 [INFO] __main__ — 뉴스 시점 제외 [태경비케이]: 7건 (>14일/파싱실패)
2026-08-05 23:00:20,621 [INFO] __main__ — 뉴스 시점 제외 [아시아나IDT]: 10건 (>14일/파싱실패)
2026-08-05 23:00:21,747 [INFO] __main__ — 뉴스 시점 제외 [영보화학]: 12건 (>14일/파싱실패)
2026-08-05 23:00:22,269 [INFO] __main__ — 뉴스 시점 제외 [황금에스티]: 7건 (>14일/파싱실패)
2026-08-05 23:00:23,149 [INFO] __main__ — 뉴스 시점 제외 [DRB동일]: 7건 (>14일/파싱실패)
2026-08-05 23:00:23,163 [INFO] __main__ — 뉴스 시점 제외 [티와이홀딩스]: 7건 (>14일/파싱실패)
2026-08-05 23:00:23,713 [INFO] __main__ — 뉴스 시점 제외 [한신기계]: 7건 (>14일/파싱실패)
2026-08-05 23:00:23,955 [INFO] __main__ — 뉴스 시점 제외 [한솔로지스틱스]: 11건 (>14일/파싱실패)
2026-08-05 23:00:24,272 [INFO] __main__ — 뉴스 시점 제외 [유한양행우]: 9건 (>14일/파싱실패)
2026-08-05 23:00:24,823 [INFO] __main__ — 뉴스 시점 제외 [지엠비코리아]: 8건 (>14일/파싱실패)
2026-08-05 23:00:25,384 [INFO] __main__ — 뉴스 시점 제외 [성창기업지주]: 9건 (>14일/파싱실패)
2026-08-05 23:00:25,945 [INFO] __main__ — 뉴스 시점 제외 [페이퍼코리아]: 10건 (>14일/파싱실패)
2026-08-05 23:00:26,237 [INFO] __main__ — 뉴스 시점 제외 [삼정펄프]: 15건 (>14일/파싱실패)
2026-08-05 23:00:27,070 [INFO] __main__ — 뉴스 시점 제외 [삼일씨엔에스]: 8건 (>14일/파싱실패)
2026-08-05 23:00:27,642 [INFO] __main__ — 뉴스 시점 제외 [써니전자]: 14건 (>14일/파싱실패)
2026-08-05 23:00:27,813 [INFO] __main__ — 뉴스 시점 제외 [남양유업우]: 13건 (>14일/파싱실패)
2026-08-05 23:00:28,088 [INFO] __main__ — 뉴스 시점 제외 [화천기계]: 9건 (>14일/파싱실패)
2026-08-05 23:00:28,645 [INFO] __main__ — 뉴스 시점 제외 [금호에이치티]: 6건 (>14일/파싱실패)
2026-08-05 23:00:29,344 [INFO] __main__ — 뉴스 시점 제외 [SJM]: 7건 (>14일/파싱실패)
2026-08-05 23:00:29,594 [INFO] __main__ — 뉴스 시점 제외 [기신정기]: 13건 (>14일/파싱실패)
2026-08-05 23:00:30,158 [INFO] __main__ — 뉴스 시점 제외 [대덕전자1우]: 15건 (>14일/파싱실패)
2026-08-05 23:00:30,862 [INFO] __main__ — 뉴스 시점 제외 [DYP]: 12건 (>14일/파싱실패)
2026-08-05 23:00:30,866 [INFO] __main__ — 뉴스 시점 제외 [문배철강]: 9건 (>14일/파싱실패)
2026-08-05 23:00:31,427 [INFO] __main__ — 뉴스 시점 제외 [영화금속]: 5건 (>14일/파싱실패)
2026-08-05 23:00:31,989 [INFO] __main__ — 뉴스 시점 제외 [DL우]: 15건 (>14일/파싱실패)
2026-08-05 23:00:32,125 [INFO] __main__ — 뉴스 시점 제외 [한창제지]: 10건 (>14일/파싱실패)
2026-08-05 23:00:32,563 [INFO] __main__ — 뉴스 시점 제외 [디와이에이]: 10건 (>14일/파싱실패)
2026-08-05 23:00:32,691 [INFO] __main__ — 뉴스 시점 제외 [우진플라임]: 7건 (>14일/파싱실패)
2026-08-05 23:00:32,730 [INFO] __main__ — 뉴스 시점 제외 [미래아이앤지]: 9건 (>14일/파싱실패)
2026-08-05 23:00:33,126 [INFO] __main__ — 뉴스 시점 제외 [세방우]: 15건 (>14일/파싱실패)
2026-08-05 23:00:33,845 [INFO] __main__ — 뉴스 시점 제외 [체시스]: 8건 (>14일/파싱실패)
2026-08-05 23:00:37,846 [INFO] __main__ — 뉴스 시점 제외 [다우데이타]: 10건 (>14일/파싱실패)
2026-08-05 23:00:37,854 [INFO] __main__ — 뉴스 시점 제외 [큐리옥스바이오시스템즈]: 11건 (>14일/파싱실패)
2026-08-05 23:00:44,051 [INFO] __main__ — 뉴스 시점 제외 [인화정공]: 6건 (>14일/파싱실패)
2026-08-05 23:00:47,092 [INFO] __main__ — 뉴스 시점 제외 [한국알콜]: 11건 (>14일/파싱실패)
2026-08-05 23:00:50,614 [INFO] __main__ — 뉴스 시점 제외 [피에이치에이]: 11건 (>14일/파싱실패)
2026-08-05 23:00:51,186 [INFO] __main__ — 뉴스 시점 제외 [대원산업]: 10건 (>14일/파싱실패)
2026-08-05 23:00:52,315 [INFO] __main__ — 뉴스 시점 제외 [리파인]: 8건 (>14일/파싱실패)
2026-08-05 23:00:52,557 [INFO] __main__ — 뉴스 시점 제외 [서호전기]: 15건 (>14일/파싱실패)
2026-08-05 23:00:53,121 [INFO] __main__ — 뉴스 시점 제외 [아이스크림미디어]: 2건 (>14일/파싱실패)
2026-08-05 23:00:53,454 [INFO] __main__ — 뉴스 시점 제외 [아스플로]: 8건 (>14일/파싱실패)
2026-08-05 23:00:53,687 [INFO] __main__ — 뉴스 시점 제외 [필에너지]: 3건 (>14일/파싱실패)
2026-08-05 23:00:53,702 [INFO] __main__ — 뉴스 시점 제외 [미래나노텍]: 2건 (>14일/파싱실패)
2026-08-05 23:00:54,267 [INFO] __main__ — 뉴스 시점 제외 [우주일렉트로]: 11건 (>14일/파싱실패)
2026-08-05 23:00:55,159 [INFO] __main__ — 뉴스 시점 제외 [이지바이오]: 11건 (>14일/파싱실패)
2026-08-05 23:00:55,415 [INFO] __main__ — 뉴스 시점 제외 [해성산업]: 11건 (>14일/파싱실패)
2026-08-05 23:00:56,281 [INFO] __main__ — 뉴스 시점 제외 [엠로]: 4건 (>14일/파싱실패)
2026-08-05 23:00:56,544 [INFO] __main__ — 뉴스 시점 제외 [도우인시스]: 7건 (>14일/파싱실패)
2026-08-05 23:01:00,686 [INFO] __main__ — 뉴스 시점 제외 [레드캡투어]: 12건 (>14일/파싱실패)
2026-08-05 23:01:02,982 [INFO] __main__ — 뉴스 시점 제외 [유비쿼스홀딩스]: 12건 (>14일/파싱실패)
2026-08-05 23:01:04,107 [INFO] __main__ — 뉴스 시점 제외 [슈프리마에이치큐]: 5건 (>14일/파싱실패)
2026-08-05 23:01:05,051 [INFO] __main__ — 뉴스 시점 제외 [모다이노칩]: 11건 (>14일/파싱실패)
2026-08-05 23:01:05,236 [INFO] __main__ — 뉴스 시점 제외 [네오오토]: 12건 (>14일/파싱실패)
2026-08-05 23:01:05,614 [INFO] __main__ — 뉴스 시점 제외 [삼보판지]: 15건 (>14일/파싱실패)
2026-08-05 23:01:07,872 [INFO] __main__ — 뉴스 시점 제외 [이엘씨]: 4건 (>14일/파싱실패)
2026-08-05 23:01:09,195 [INFO] __main__ — 뉴스 시점 제외 [퓨릿]: 10건 (>14일/파싱실패)
2026-08-05 23:01:09,748 [INFO] __main__ — 뉴스 시점 제외 [지씨지놈]: 6건 (>14일/파싱실패)
2026-08-05 23:01:12,007 [INFO] __main__ — 뉴스 시점 제외 [KT나스미디어]: 11건 (>14일/파싱실패)
2026-08-05 23:01:12,580 [INFO] __main__ — 뉴스 시점 제외 [현대에버다임]: 4건 (>14일/파싱실패)
2026-08-05 23:01:12,659 [INFO] __main__ — 뉴스 시점 제외 [유아이엘]: 13건 (>14일/파싱실패)
2026-08-05 23:01:13,803 [INFO] __main__ — 뉴스 시점 제외 [풍원정밀]: 9건 (>14일/파싱실패)
2026-08-05 23:01:14,684 [INFO] __main__ — 뉴스 시점 제외 [세경하이테크]: 9건 (>14일/파싱실패)
2026-08-05 23:01:15,486 [INFO] __main__ — 뉴스 시점 제외 [케이엔더블유]: 14건 (>14일/파싱실패)
2026-08-05 23:01:16,814 [INFO] __main__ — 뉴스 시점 제외 [제이아이테크]: 10건 (>14일/파싱실패)
2026-08-05 23:01:17,944 [INFO] __main__ — 뉴스 시점 제외 [세운메디칼]: 11건 (>14일/파싱실패)
2026-08-05 23:01:18,323 [INFO] __main__ — 뉴스 시점 제외 [로체시스템즈]: 10건 (>14일/파싱실패)
2026-08-05 23:01:19,739 [INFO] __main__ — 뉴스 시점 제외 [스톰테크]: 12건 (>14일/파싱실패)
2026-08-05 23:01:20,324 [INFO] __main__ — 뉴스 시점 제외 [와이제이링크]: 8건 (>14일/파싱실패)
2026-08-05 23:01:22,267 [INFO] __main__ — 뉴스 시점 제외 [정상제이엘에스]: 11건 (>14일/파싱실패)
2026-08-05 23:01:23,620 [INFO] __main__ — 뉴스 시점 제외 [디와이피엔에프]: 11건 (>14일/파싱실패)
2026-08-05 23:01:24,104 [INFO] __main__ — 뉴스 시점 제외 [일지테크]: 6건 (>14일/파싱실패)
2026-08-05 23:01:24,118 [INFO] __main__ — 뉴스 시점 제외 [에이치피오]: 13건 (>14일/파싱실패)
2026-08-05 23:01:24,708 [INFO] __main__ — 뉴스 시점 제외 [동신건설]: 7건 (>14일/파싱실패)
2026-08-05 23:01:24,744 [INFO] __main__ — 뉴스 시점 제외 [지니너스]: 9건 (>14일/파싱실패)
2026-08-05 23:01:25,273 [INFO] __main__ — 뉴스 시점 제외 [대림제지]: 11건 (>14일/파싱실패)
2026-08-05 23:01:25,295 [INFO] __main__ — 뉴스 시점 제외 [동국S&C]: 10건 (>14일/파싱실패)
2026-08-05 23:01:25,857 [INFO] __main__ — 뉴스 시점 제외 [중앙백신]: 7건 (>14일/파싱실패)
2026-08-05 23:01:26,455 [INFO] __main__ — 뉴스 시점 제외 [창해에탄올]: 12건 (>14일/파싱실패)
2026-08-05 23:01:28,736 [INFO] __main__ — 뉴스 시점 제외 [에코플라스틱]: 5건 (>14일/파싱실패)
2026-08-05 23:01:28,890 [INFO] __main__ — 뉴스 시점 제외 [초록뱀미디어]: 7건 (>14일/파싱실패)
2026-08-05 23:01:29,297 [INFO] __main__ — 뉴스 시점 제외 [삼아제약]: 9건 (>14일/파싱실패)
2026-08-05 23:01:29,472 [INFO] __main__ — 뉴스 시점 제외 [로스웰]: 9건 (>14일/파싱실패)
2026-08-05 23:01:29,862 [INFO] __main__ — 뉴스 시점 제외 [이상네트웍스]: 15건 (>14일/파싱실패)
2026-08-05 23:01:30,034 [INFO] __main__ — 뉴스 시점 제외 [지에프아이]: 9건 (>14일/파싱실패)
2026-08-05 23:01:30,040 [INFO] __main__ — 뉴스 시점 제외 [포커스에이아이]: 9건 (>14일/파싱실패)
2026-08-05 23:01:31,172 [INFO] __main__ — 뉴스 시점 제외 [제이스로보틱스]: 8건 (>14일/파싱실패)
2026-08-05 23:01:31,197 [INFO] __main__ — 뉴스 시점 제외 [한국가구]: 4건 (>14일/파싱실패)
2026-08-05 23:01:31,532 [INFO] __main__ — 뉴스 시점 제외 [영화테크]: 7건 (>14일/파싱실패)
2026-08-05 23:01:31,742 [INFO] __main__ — 뉴스 시점 제외 [새빗켐]: 8건 (>14일/파싱실패)
2026-08-05 23:01:33,447 [INFO] __main__ — 뉴스 시점 제외 [현대공업]: 1건 (>14일/파싱실패)
2026-08-05 23:01:33,463 [INFO] __main__ — 뉴스 시점 제외 [엠엑스온]: 10건 (>14일/파싱실패)
2026-08-05 23:01:34,027 [INFO] __main__ — 뉴스 시점 제외 [삼현철강]: 8건 (>14일/파싱실패)
2026-08-05 23:01:34,570 [INFO] __main__ — 뉴스 시점 제외 [라이온켐텍]: 9건 (>14일/파싱실패)
2026-08-05 23:01:36,295 [INFO] __main__ — 뉴스 시점 제외 [블랙야크아이앤씨]: 10건 (>14일/파싱실패)
2026-08-05 23:01:37,189 [INFO] __main__ — 뉴스 시점 제외 [APS이노베이션]: 5건 (>14일/파싱실패)
2026-08-05 23:01:38,004 [INFO] __main__ — 뉴스 시점 제외 [팬젠]: 7건 (>14일/파싱실패)
2026-08-05 23:01:38,516 [INFO] __main__ — 뉴스 시점 제외 [피제이메탈]: 14건 (>14일/파싱실패)
2026-08-05 23:01:38,572 [INFO] __main__ — 뉴스 시점 제외 [쿼드메디슨]: 9건 (>14일/파싱실패)
2026-08-05 23:01:39,078 [INFO] __main__ — 뉴스 시점 제외 [동일금속]: 10건 (>14일/파싱실패)
2026-08-05 23:01:39,689 [INFO] __main__ — 뉴스 시점 제외 [엠엑스로보틱스]: 10건 (>14일/파싱실패)
2026-08-05 23:01:40,191 [INFO] __main__ — 뉴스 시점 제외 [프로티아]: 12건 (>14일/파싱실패)
2026-08-05 23:01:40,823 [INFO] __main__ — 뉴스 시점 제외 [지구홀딩스]: 10건 (>14일/파싱실패)
2026-08-05 23:01:41,135 [INFO] __main__ — 뉴스 시점 제외 [케이엘넷]: 10건 (>14일/파싱실패)
2026-08-05 23:01:41,886 [INFO] __main__ — 뉴스 시점 제외 [알파칩스]: 3건 (>14일/파싱실패)
2026-08-05 23:01:42,441 [INFO] __main__ — 뉴스 시점 제외 [푸드웰]: 14건 (>14일/파싱실패)
2026-08-05 23:01:42,527 [INFO] __main__ — 뉴스 시점 제외 [페스카로]: 9건 (>14일/파싱실패)
2026-08-05 23:01:43,105 [INFO] __main__ — 뉴스 시점 제외 [제이엔케이글로벌]: 9건 (>14일/파싱실패)
2026-08-05 23:01:43,578 [INFO] __main__ — 뉴스 시점 제외 [스마트레이더시스템]: 10건 (>14일/파싱실패)
2026-08-05 23:01:44,564 [INFO] __main__ — 뉴스 시점 제외 [셀바이오휴먼텍]: 13건 (>14일/파싱실패)
2026-08-05 23:01:45,272 [INFO] __main__ — 뉴스 시점 제외 [트루엔]: 5건 (>14일/파싱실패)
2026-08-05 23:01:45,949 [INFO] __main__ — 뉴스 시점 제외 [에이에스텍]: 11건 (>14일/파싱실패)
2026-08-05 23:01:47,411 [INFO] __main__ — 뉴스 시점 제외 [오리콤]: 11건 (>14일/파싱실패)
2026-08-05 23:01:47,527 [INFO] __main__ — 뉴스 시점 제외 [덕우전자]: 8건 (>14일/파싱실패)
2026-08-05 23:01:47,970 [INFO] __main__ — 뉴스 시점 제외 [SCL사이언스]: 11건 (>14일/파싱실패)
2026-08-05 23:01:48,236 [INFO] __main__ — 뉴스 시점 제외 [토탈소프트]: 14건 (>14일/파싱실패)
2026-08-05 23:01:48,537 [INFO] __main__ — 뉴스 시점 제외 [제이투케이바이오]: 11건 (>14일/파싱실패)
2026-08-05 23:01:49,673 [INFO] __main__ — 뉴스 시점 제외 [엔젯]: 3건 (>14일/파싱실패)
2026-08-05 23:01:50,093 [INFO] __main__ — 뉴스 시점 제외 [서울평가정보]: 5건 (>14일/파싱실패)
2026-08-05 23:01:50,629 [INFO] __main__ — 뉴스 시점 제외 [SG&G]: 12건 (>14일/파싱실패)
2026-08-05 23:01:51,350 [INFO] __main__ — 뉴스 시점 제외 [제이씨현시스템]: 10건 (>14일/파싱실패)
2026-08-05 23:01:51,788 [INFO] __main__ — 뉴스 시점 제외 [삼양케이씨아이]: 13건 (>14일/파싱실패)
2026-08-05 23:01:51,917 [INFO] __main__ — 뉴스 시점 제외 [엠투엔]: 11건 (>14일/파싱실패)
2026-08-05 23:01:52,489 [INFO] __main__ — 뉴스 시점 제외 [에이테크솔루션]: 10건 (>14일/파싱실패)
2026-08-05 23:01:52,918 [INFO] __main__ — 뉴스 시점 제외 [테고사이언스]: 10건 (>14일/파싱실패)
2026-08-05 23:01:54,153 [INFO] __main__ — 뉴스 시점 제외 [경남스틸]: 5건 (>14일/파싱실패)
2026-08-05 23:01:54,214 [INFO] __main__ — 뉴스 시점 제외 [SM Life Design]: 13건 (>14일/파싱실패)
2026-08-05 23:01:54,716 [INFO] __main__ — 뉴스 시점 제외 [씨티케이]: 12건 (>14일/파싱실패)
2026-08-05 23:01:54,775 [INFO] __main__ — 뉴스 시점 제외 [캐프]: 13건 (>14일/파싱실패)
2026-08-05 23:01:55,164 [INFO] __main__ — 뉴스 시점 제외 [경창산업]: 10건 (>14일/파싱실패)
2026-08-05 23:01:55,280 [INFO] __main__ — 뉴스 시점 제외 [삼진식품]: 14건 (>14일/파싱실패)
2026-08-05 23:01:56,292 [INFO] __main__ — 뉴스 시점 제외 [코아시아씨엠]: 8건 (>14일/파싱실패)
2026-08-05 23:01:56,479 [INFO] __main__ — 뉴스 시점 제외 [제일테크노스]: 11건 (>14일/파싱실패)
2026-08-05 23:01:56,967 [INFO] __main__ — 뉴스 시점 제외 [프로이천]: 9건 (>14일/파싱실패)
2026-08-05 23:01:57,039 [INFO] __main__ — 뉴스 시점 제외 [네오이뮨텍]: 10건 (>14일/파싱실패)
2026-08-05 23:01:57,417 [INFO] __main__ — 뉴스 시점 제외 [YW]: 15건 (>14일/파싱실패)
2026-08-05 23:01:57,532 [INFO] __main__ — 뉴스 시점 제외 [HC홈센타]: 12건 (>14일/파싱실패)
2026-08-05 23:01:57,609 [INFO] __main__ — 뉴스 시점 제외 [HB인베스트먼트]: 9건 (>14일/파싱실패)
2026-08-05 23:01:57,976 [INFO] __main__ — 뉴스 시점 제외 [윈팩]: 8건 (>14일/파싱실패)
2026-08-05 23:01:58,088 [INFO] __main__ — 뉴스 시점 제외 [제이피아이헬스케어]: 6건 (>14일/파싱실패)
2026-08-05 23:01:59,214 [INFO] __main__ — 뉴스 시점 제외 [나노실리칸첨단소재]: 9건 (>14일/파싱실패)
2026-08-05 23:02:00,344 [INFO] __main__ — 뉴스 시점 제외 [동방선기]: 7건 (>14일/파싱실패)
2026-08-05 23:02:01,347 [INFO] __main__ — 뉴스 시점 제외 [NHN벅스]: 8건 (>14일/파싱실패)
2026-08-05 23:02:01,486 [INFO] __main__ — 뉴스 시점 제외 [오비고]: 12건 (>14일/파싱실패)
2026-08-05 23:02:02,629 [INFO] __main__ — 뉴스 시점 제외 [한국팩키지]: 9건 (>14일/파싱실패)
2026-08-05 23:02:03,254 [INFO] __main__ — 뉴스 시점 제외 [린드먼아시아]: 15건 (>14일/파싱실패)
2026-08-05 23:02:03,629 [INFO] __main__ — 뉴스 시점 제외 [얼라인드]: 1건 (>14일/파싱실패)
2026-08-05 23:02:04,196 [INFO] __main__ — 뉴스 시점 제외 [서진오토모티브]: 11건 (>14일/파싱실패)
2026-08-05 23:02:04,885 [INFO] __main__ — 뉴스 시점 제외 [링크제니시스]: 6건 (>14일/파싱실패)
2026-08-05 23:02:04,935 [INFO] __main__ — 뉴스 시점 제외 [대보마그네틱]: 8건 (>14일/파싱실패)
2026-08-05 23:02:05,892 [INFO] __main__ — 뉴스 시점 제외 [포스뱅크]: 13건 (>14일/파싱실패)
2026-08-05 23:02:06,011 [INFO] __main__ — 뉴스 시점 제외 [폴라리스세원]: 8건 (>14일/파싱실패)
2026-08-05 23:02:06,652 [INFO] __main__ — 뉴스 시점 제외 [원바이오젠]: 11건 (>14일/파싱실패)
2026-08-05 23:02:07,006 [INFO] __main__ — 뉴스 시점 제외 [효성오앤비]: 14건 (>14일/파싱실패)
2026-08-05 23:02:07,714 [INFO] __main__ — 뉴스 시점 제외 [아세아텍]: 11건 (>14일/파싱실패)
2026-08-05 23:02:07,780 [INFO] __main__ — 뉴스 시점 제외 [백금T&A]: 5건 (>14일/파싱실패)
2026-08-05 23:02:08,274 [INFO] __main__ — 뉴스 시점 제외 [케일럼]: 10건 (>14일/파싱실패)
2026-08-05 23:02:08,345 [INFO] __main__ — 뉴스 시점 제외 [바이오톡스텍]: 7건 (>14일/파싱실패)
2026-08-05 23:02:09,273 [INFO] __main__ — 뉴스 시점 제외 [이엠넷]: 12건 (>14일/파싱실패)
2026-08-05 23:02:09,478 [INFO] __main__ — 뉴스 시점 제외 [피엔에이치테크]: 13건 (>14일/파싱실패)
2026-08-05 23:02:09,965 [INFO] __main__ — 뉴스 시점 제외 [티케이지애강]: 4건 (>14일/파싱실패)
2026-08-05 23:02:11,541 [INFO] __main__ — 뉴스 시점 제외 [에이치와이티씨]: 1건 (>14일/파싱실패)
2026-08-05 23:02:12,092 [INFO] __main__ — 뉴스 시점 제외 [픽셀플러스]: 9건 (>14일/파싱실패)
2026-08-05 23:02:12,646 [INFO] __main__ — 뉴스 시점 제외 [LSK아이로봇]: 5건 (>14일/파싱실패)
2026-08-05 23:02:12,829 [INFO] __main__ — 뉴스 시점 제외 [미트박스]: 10건 (>14일/파싱실패)
2026-08-05 23:02:14,340 [INFO] __main__ — 뉴스 시점 제외 [에코캡]: 12건 (>14일/파싱실패)
2026-08-05 23:02:14,532 [INFO] __main__ — 뉴스 시점 제외 [케이씨티]: 8건 (>14일/파싱실패)
2026-08-05 23:02:15,472 [INFO] __main__ — 뉴스 시점 제외 [제이엔비]: 12건 (>14일/파싱실패)
2026-08-05 23:02:15,681 [INFO] __main__ — 뉴스 시점 제외 [와토스코리아]: 10건 (>14일/파싱실패)
2026-08-05 23:02:16,609 [INFO] __main__ — 뉴스 시점 제외 [아이즈비전]: 11건 (>14일/파싱실패)
2026-08-05 23:02:16,871 [INFO] __main__ — 뉴스 시점 제외 [아이퀘스트]: 10건 (>14일/파싱실패)
2026-08-05 23:02:16,973 [INFO] __main__ — POOL_A 후보 부정뉴스 2차 조회: 804개
2026-08-05 23:02:16,977 [INFO] __main__ — POOL_A: 1118개 (A:964 B:74 동시:80) | 부정게이트 제외:8
  대형:52 중형:183 소형:883
2026-08-05 23:02:16,986 [INFO] __main__ —   → POOL_A: 1118개
2026-08-05 23:02:16,986 [INFO] __main__ — ▶ Step 2: 하드 필터링
2026-08-05 23:02:16,988 [INFO] __main__ — 하드 필터 제거: 1114개 | 과열배제 440 | 이격도상한 9 | 이격도하한 27 | MA추세 597 | RSI과열 2 | 거래대금 39
2026-08-05 23:02:16,991 [INFO] __main__ — 과열 gated 기록: 440개 → gated_tickers
2026-08-05 23:02:16,992 [INFO] __main__ — POOL_B: 4개 | 대형:0 중형:1 소형:3
2026-08-05 23:02:16,992 [INFO] __main__ —   → POOL_B: 4개
2026-08-05 23:02:16,992 [INFO] __main__ — ▶ Step 3: 스코어링 (FinBERT 감성 분석)
2026-08-05 23:02:16,992 [INFO] __main__ — NaverClient: 3개 키 로드 (DataLab·검색 독립 회전)
2026-08-05 23:02:16,992 [INFO] __main__ — 텍스트 신규 수집: 4종목 (캐시 적중 0종목)
2026-08-05 23:02:17,484 [INFO] __main__ — 뉴스 시점 제외 [삼화전자]: 15건 (>14일/파싱실패)
2026-08-05 23:02:17,496 [INFO] __main__ — 뉴스 시점 제외 [데이타솔루션]: 16건 (>14일/파싱실패)
2026-08-05 23:02:24,979 [INFO] __main__ — 기사 보존(수집): 19건 (4종목) → news_articles
2026-08-05 23:02:24,980 [INFO] __main__ — 공시 보존(수집): 5건 (4종목) → dart_filings
2026-08-05 23:02:24,981 [INFO] __main__ — 수집 완료: 뉴스 19건 | 공시 5건
2026-08-05 23:02:24,981 [INFO] __main__ — FinBERT 감성 분석 (finbert 모드)...
2026-08-05 23:02:24,981 [INFO] __main__ — FinBERT 로딩: snunlp/KR-FinBert-SC (CPU, batch=8)
2026-08-05 23:02:25,090 [INFO] httpx — HTTP Request: GET https://huggingface.co/api/agent-harnesses "HTTP/1.1 200 OK"
2026-08-05 23:02:25,165 [INFO] httpx — HTTP Request: HEAD https://huggingface.co/snunlp/KR-FinBert-SC/resolve/main/config.json "HTTP/1.1 307 Temporary Redirect"
2026-08-05 23:02:25,172 [INFO] httpx — HTTP Request: HEAD https://huggingface.co/api/resolve-cache/models/snunlp/KR-FinBert-SC/f8586286cc3161fb648e9fee09a456069fd846d0/config.json "HTTP/1.1 200 OK"
2026-08-05 23:02:25,269 [INFO] httpx — HTTP Request: HEAD https://huggingface.co/snunlp/KR-FinBert-SC/resolve/main/model.safetensors "HTTP/1.1 404 Not Found"
2026-08-05 23:02:25,359 [INFO] httpx — HTTP Request: GET https://huggingface.co/api/models/snunlp/KR-FinBert-SC "HTTP/1.1 200 OK"
2026-08-05 23:02:25,450 [INFO] httpx — HTTP Request: GET https://huggingface.co/api/models/snunlp/KR-FinBert-SC/commits/main "HTTP/1.1 200 OK"
2026-08-05 23:02:25,505 [INFO] httpx — HTTP Request: GET https://huggingface.co/api/models/snunlp/KR-FinBert-SC/tree/main/additional_chat_templates?recursive=false&expand=false "HTTP/1.1 404 Not Found"
2026-08-05 23:02:25,539 [INFO] httpx — HTTP Request: GET https://huggingface.co/api/models/snunlp/KR-FinBert-SC/discussions?p=0 "HTTP/1.1 200 OK"
2026-08-05 23:02:25,581 [INFO] httpx — HTTP Request: GET https://huggingface.co/api/models/snunlp/KR-FinBert-SC/tree/main?recursive=true&expand=false "HTTP/1.1 200 OK"
2026-08-05 23:02:25,623 [INFO] httpx — HTTP Request: GET https://huggingface.co/api/models/snunlp/KR-FinBert-SC/commits/refs%2Fpr%2F3 "HTTP/1.1 200 OK"
2026-08-05 23:02:25,679 [INFO] httpx — HTTP Request: HEAD https://huggingface.co/snunlp/KR-FinBert-SC/resolve/main/processor_config.json "HTTP/1.1 404 Not Found"
2026-08-05 23:02:25,705 [INFO] httpx — HTTP Request: HEAD https://huggingface.co/snunlp/KR-FinBert-SC/resolve/refs%2Fpr%2F3/model.safetensors.index.json "HTTP/1.1 404 Not Found"
2026-08-05 23:02:25,757 [INFO] httpx — HTTP Request: HEAD https://huggingface.co/snunlp/KR-FinBert-SC/resolve/main/video_preprocessor_config.json "HTTP/1.1 404 Not Found"
2026-08-05 23:02:25,757 [WARNING] huggingface_hub.utils._http — Warning: You are sending unauthenticated requests to the HF Hub. Please set a HF_TOKEN to enable higher rate limits and faster downloads.
2026-08-05 23:02:25,789 [INFO] httpx — HTTP Request: HEAD https://huggingface.co/snunlp/KR-FinBert-SC/resolve/refs%2Fpr%2F3/model.safetensors "HTTP/1.1 302 Found"
2026-08-05 23:02:25,875 [INFO] httpx — HTTP Request: HEAD https://huggingface.co/snunlp/KR-FinBert-SC/resolve/main/preprocessor_config.json "HTTP/1.1 404 Not Found"
2026-08-05 23:02:25,877 [INFO] __main__ — FinBERT 로드 완료 (CPU)
2026-08-05 23:02:26,861 [INFO] __main__ — Phase A.1: 매핑 신뢰도 < 0.5 → 감성 점수 폐기 4건
2026-08-05 23:02:26,862 [INFO] __main__ — 스코어링: 4개 | 집중:0 | FinBERT:finbert
2026-08-05 23:02:26,876 [INFO] __main__ —   → 4개
2026-08-05 23:02:26,876 [INFO] __main__ — ▶ Step 4: 발송
2026-08-05 23:02:30,426 [WARNING] __main__ — 텔레그램 발송 실패 그룹 → mark_sent skip 1개 (다음 실행 시 재발송 대상)
2026-08-05 23:02:30,426 [INFO] __main__ — DB 기록: 0개 / 전체 to_send 1개
2026-08-05 23:02:30,426 [INFO] __main__ — 발송: 집중 0 / 주시 0
2026-08-05 23:02:30,426 [INFO] __main__ — 완료  |  소요: 1176.9초
