2026-10-02 15:58:02,719 [INFO] __main__ — config 검증 완료 ✓
2026-10-02 15:58:02,720 [INFO] __main__ — KIS 조회 도메인: 실전 (https://openapi.koreainvestment.com:9443)
2026-10-02 15:58:02,720 [INFO] __main__ — ============================================================
2026-10-02 15:58:02,720 [INFO] __main__ — AlphaRadar v3.3.1  |  기준일: 20261003  |  런: am
2026-10-02 15:58:02,720 [INFO] __main__ — S = T×0.3 + S_text×0.4 + D×0.3
2026-10-02 15:58:02,720 [INFO] __main__ — ============================================================
2026-10-02 15:58:02,720 [INFO] __main__ — ▶ Step 0: 유니버스 필터링
2026-10-02 15:58:02,936 [INFO] __main__ — 날짜 조정: 20261003 → 20261002
2026-10-02 15:58:02,936 [INFO] __main__ — FDR 데이터 수집: 20260329 ~ 20261002
2026-10-02 15:58:04,408 [INFO] __main__ — master universe 메타: 캐시 사용 2760개 (year=2026)
2026-10-02 15:58:04,410 [INFO] __main__ — master 보강: 등급 833개 | FnGuide/KSIC 2542개 | 섹터(fg_industry) 2542개
2026-10-02 15:58:04,411 [INFO] __main__ — KOSPI: 942개 | 섹터정보 830개 (DART +827개 보완)
2026-10-02 15:58:04,412 [INFO] __main__ — KOSDAQ: 1824개 | 섹터정보 1741개
2026-10-02 15:58:04,412 [INFO] __main__ — 전체: 2766개
2026-10-02 15:58:06,181 [INFO] __main__ — KIS 토큰 발급 완료
2026-10-02 16:04:13,636 [INFO] __main__ — DART corp_code 매핑: 896/920개 (97%)
2026-10-02 16:04:13,636 [INFO] __main__ — 유효 유니버스: 920개
2026-10-02 16:04:13,643 [INFO] __main__ —   → 920개
2026-10-02 16:04:13,643 [INFO] __main__ — ▶ Step 1: 신호 탐지
2026-10-02 16:04:13,643 [INFO] __main__ — NaverClient: 3개 키 로드 (DataLab·검색 독립 회전)
2026-10-02 16:04:13,643 [INFO] __main__ — 관심 지수 및 부정 뉴스 비율 조회 중...
2026-10-02 16:04:15,188 [INFO] __main__ — 봇 주가요약 제외 [한온시스템]: 1건
2026-10-02 16:04:16,514 [INFO] __main__ — 봇 주가요약 제외 [코스모로보틱스]: 2건
2026-10-02 16:04:17,405 [INFO] __main__ — 봇 주가요약 제외 [SFA반도체]: 1건
2026-10-02 16:04:18,492 [INFO] __main__ — 봇 주가요약 제외 [후성]: 2건
2026-10-02 16:04:19,561 [INFO] __main__ — 봇 주가요약 제외 [빛과전자]: 3건
2026-10-02 16:04:20,091 [INFO] __main__ — 봇 주가요약 제외 [우리로]: 1건
2026-10-02 16:04:20,873 [INFO] __main__ — 봇 주가요약 제외 [드림시큐리티]: 2건
2026-10-02 16:04:21,147 [INFO] __main__ — 봇 주가요약 제외 [삼미금속]: 5건
2026-10-02 16:04:21,926 [INFO] __main__ — 봇 주가요약 제외 [엑스게이트]: 1건
2026-10-02 16:04:22,973 [INFO] __main__ — 봇 주가요약 제외 [와이씨]: 3건
2026-10-02 16:04:24,320 [INFO] __main__ — 봇 주가요약 제외 [나라스페이스테크놀로지]: 1건
2026-10-02 16:04:25,080 [INFO] __main__ — 봇 주가요약 제외 [우리기술투자]: 1건
2026-10-02 16:04:26,131 [INFO] __main__ — 봇 주가요약 제외 [피노]: 1건
2026-10-02 16:04:26,406 [INFO] __main__ — 봇 주가요약 제외 [동국산업]: 2건
2026-10-02 16:04:28,555 [INFO] __main__ — 봇 주가요약 제외 [우리기술]: 2건
2026-10-02 16:04:29,253 [INFO] __main__ — 봇 주가요약 제외 [LS머트리얼즈]: 1건
2026-10-02 16:04:29,347 [INFO] __main__ — 봇 주가요약 제외 [서진시스템]: 2건
2026-10-02 16:04:31,647 [INFO] __main__ — 봇 주가요약 제외 [KBI메탈]: 2건
2026-10-02 16:04:31,807 [INFO] __main__ — 봇 주가요약 제외 [고영]: 1건
2026-10-02 16:04:33,880 [INFO] __main__ — 뉴스 시점 제외 [PS일렉트로닉스]: 4건 (>14일/파싱실패)
2026-10-02 16:04:34,781 [INFO] __main__ — 봇 주가요약 제외 [에이팩트]: 2건
2026-10-02 16:04:35,819 [INFO] __main__ — 봇 주가요약 제외 [아주IB투자]: 3건
2026-10-02 16:04:37,904 [INFO] __main__ — 봇 주가요약 제외 [대원전선]: 4건
2026-10-02 16:04:37,971 [INFO] __main__ — 봇 주가요약 제외 [대덕전자]: 2건
2026-10-02 16:04:39,020 [INFO] __main__ — 봇 주가요약 제외 [TCC스틸]: 1건
2026-10-02 16:04:40,037 [INFO] __main__ — 뉴스 시점 제외 [페니트리움바이오]: 3건 (>14일/파싱실패)
2026-10-02 16:04:40,037 [INFO] __main__ — 봇 주가요약 제외 [페니트리움바이오]: 2건
2026-10-02 16:04:40,061 [INFO] __main__ — 봇 주가요약 제외 [한선엔지니어링]: 1건
2026-10-02 16:04:43,308 [INFO] __main__ — 봇 주가요약 제외 [네오셈]: 1건
2026-10-02 16:04:43,314 [INFO] __main__ — 봇 주가요약 제외 [광전자]: 4건
2026-10-02 16:04:43,407 [INFO] __main__ — 봇 주가요약 제외 [원익홀딩스]: 2건
2026-10-02 16:04:44,382 [INFO] __main__ — 봇 주가요약 제외 [RF머트리얼즈]: 2건
2026-10-02 16:04:47,627 [INFO] __main__ — 봇 주가요약 제외 [저스템]: 2건
2026-10-02 16:04:47,643 [INFO] __main__ — 봇 주가요약 제외 [뉴파워프라즈마]: 1건
2026-10-02 16:04:48,630 [INFO] __main__ — 봇 주가요약 제외 [제이앤티씨]: 1건
2026-10-02 16:04:49,663 [INFO] __main__ — 봇 주가요약 제외 [디아이]: 2건
2026-10-02 16:04:49,758 [INFO] __main__ — 봇 주가요약 제외 [코리아써키트]: 4건
2026-10-02 16:04:50,794 [INFO] __main__ — 봇 주가요약 제외 [금호건설]: 1건
2026-10-02 16:04:50,825 [INFO] __main__ — 봇 주가요약 제외 [삼화콘덴서]: 1건
2026-10-02 16:04:51,789 [INFO] __main__ — 봇 주가요약 제외 [현대바이오]: 1건
2026-10-02 16:04:52,895 [INFO] __main__ — 봇 주가요약 제외 [필옵틱스]: 4건
2026-10-02 16:04:53,994 [INFO] __main__ — 봇 주가요약 제외 [테크윙]: 1건
2026-10-02 16:04:56,097 [INFO] __main__ — 봇 주가요약 제외 [아모텍]: 1건
2026-10-02 16:04:57,093 [INFO] __main__ — 뉴스 시점 제외 [엘브이엠씨홀딩스]: 9건 (>14일/파싱실패)
2026-10-02 16:04:58,157 [INFO] __main__ — 봇 주가요약 제외 [동진쎄미켐]: 3건
2026-10-02 16:04:59,232 [INFO] __main__ — 봇 주가요약 제외 [코오롱티슈진]: 2건
2026-10-02 16:05:01,386 [INFO] __main__ — 봇 주가요약 제외 [파인엠텍]: 1건
2026-10-02 16:05:02,452 [INFO] __main__ — 봇 주가요약 제외 [메가터치]: 2건
2026-10-02 16:05:03,457 [INFO] __main__ — 봇 주가요약 제외 [브이엠]: 1건
2026-10-02 16:05:04,502 [INFO] __main__ — 뉴스 시점 제외 [대아티아이]: 11건 (>14일/파싱실패)
2026-10-02 16:05:04,555 [INFO] __main__ — 봇 주가요약 제외 [이수페타시스]: 2건
2026-10-02 16:05:06,569 [INFO] __main__ — 봇 주가요약 제외 [티엘비]: 4건
2026-10-02 16:05:07,707 [INFO] __main__ — 봇 주가요약 제외 [두산퓨얼셀]: 2건
2026-10-02 16:05:08,746 [INFO] __main__ — 봇 주가요약 제외 [SK이터닉스]: 4건
2026-10-02 16:05:10,824 [INFO] __main__ — 봇 주가요약 제외 [에이프릴바이오]: 2건
2026-10-02 16:05:10,844 [INFO] __main__ — 봇 주가요약 제외 [태성]: 4건
2026-10-02 16:05:12,982 [INFO] __main__ — 봇 주가요약 제외 [마키나락스]: 2건
2026-10-02 16:05:14,335 [INFO] __main__ — 봇 주가요약 제외 [DB하이텍]: 1건
2026-10-02 16:05:14,344 [INFO] __main__ — 뉴스 시점 제외 [맥쿼리인프라]: 6건 (>14일/파싱실패)
2026-10-02 16:05:15,400 [INFO] __main__ — 뉴스 시점 제외 [글로벌텍스프리]: 12건 (>14일/파싱실패)
2026-10-02 16:05:16,599 [INFO] __main__ — 봇 주가요약 제외 [비에이치]: 2건
2026-10-02 16:05:16,602 [INFO] __main__ — 뉴스 시점 제외 [와이지-원]: 12건 (>14일/파싱실패)
2026-10-02 16:05:17,789 [INFO] __main__ — 봇 주가요약 제외 [한양디지텍]: 1건
2026-10-02 16:05:20,202 [INFO] __main__ — 봇 주가요약 제외 [오름테라퓨틱]: 1건
2026-10-02 16:05:21,157 [INFO] __main__ — 봇 주가요약 제외 [유니셈]: 2건
2026-10-02 16:05:22,326 [INFO] __main__ — 봇 주가요약 제외 [롯데에너지머티리얼즈]: 1건
2026-10-02 16:05:23,398 [INFO] __main__ — 봇 주가요약 제외 [코미코]: 1건
2026-10-02 16:05:24,810 [INFO] __main__ — 뉴스 시점 제외 [티씨머티리얼즈]: 9건 (>14일/파싱실패)
2026-10-02 16:05:26,662 [INFO] __main__ — 뉴스 시점 제외 [에스에이엠티]: 6건 (>14일/파싱실패)
2026-10-02 16:05:28,731 [INFO] __main__ — 뉴스 시점 제외 [서부T&D]: 1건 (>14일/파싱실패)
2026-10-02 16:05:30,873 [INFO] __main__ — 뉴스 시점 제외 [동국홀딩스]: 9건 (>14일/파싱실패)
2026-10-02 16:05:32,968 [INFO] __main__ — 봇 주가요약 제외 [지엔씨에너지]: 4건
2026-10-02 16:05:34,000 [INFO] __main__ — 봇 주가요약 제외 [SKC]: 1건
2026-10-02 16:05:34,042 [INFO] __main__ — 봇 주가요약 제외 [LG씨엔에스]: 1건
2026-10-02 16:05:34,186 [INFO] __main__ — 봇 주가요약 제외 [지아이이노베이션]: 1건
2026-10-02 16:05:35,045 [INFO] __main__ — 봇 주가요약 제외 [미래에셋벤처투자]: 1건
2026-10-02 16:05:35,107 [INFO] __main__ — 봇 주가요약 제외 [RFHIC]: 2건
2026-10-02 16:05:36,146 [INFO] __main__ — 봇 주가요약 제외 [켐트로닉스]: 2건
2026-10-02 16:05:36,260 [INFO] __main__ — 봇 주가요약 제외 [에이비엘바이오]: 1건
2026-10-02 16:05:39,262 [INFO] __main__ — 봇 주가요약 제외 [엘앤에프]: 1건
2026-10-02 16:05:40,317 [INFO] __main__ — 봇 주가요약 제외 [에스앤에스텍]: 1건
2026-10-02 16:05:41,468 [INFO] __main__ — 봇 주가요약 제외 [피에스케이]: 1건
2026-10-02 16:05:43,561 [INFO] __main__ — 뉴스 시점 제외 [코칩]: 5건 (>14일/파싱실패)
2026-10-02 16:05:46,686 [INFO] __main__ — 봇 주가요약 제외 [지투지바이오]: 1건
2026-10-02 16:05:47,758 [INFO] __main__ — 봇 주가요약 제외 [코세스]: 1건
2026-10-02 16:05:48,811 [INFO] __main__ — 봇 주가요약 제외 [SNT다이내믹스]: 1건
2026-10-02 16:05:49,829 [INFO] __main__ — 봇 주가요약 제외 [네패스]: 1건
2026-10-02 16:05:49,832 [INFO] __main__ — 봇 주가요약 제외 [한국콜마]: 1건
2026-10-02 16:05:49,867 [INFO] __main__ — 봇 주가요약 제외 [두산테스나]: 3건
2026-10-02 16:05:50,898 [INFO] __main__ — 봇 주가요약 제외 [삼현]: 1건
2026-10-02 16:05:51,971 [INFO] __main__ — 봇 주가요약 제외 [네패스아크]: 1건
2026-10-02 16:05:51,977 [INFO] __main__ — 봇 주가요약 제외 [칩스앤미디어]: 3건
2026-10-02 16:05:53,016 [INFO] __main__ — 봇 주가요약 제외 [LS ELECTRIC]: 2건
2026-10-02 16:05:53,050 [INFO] __main__ — 봇 주가요약 제외 [이노스페이스]: 1건
2026-10-02 16:05:54,120 [INFO] __main__ — 봇 주가요약 제외 [두산로보틱스]: 3건
2026-10-02 16:05:55,192 [INFO] __main__ — 뉴스 시점 제외 [하림지주]: 7건 (>14일/파싱실패)
2026-10-02 16:05:55,213 [INFO] __main__ — 뉴스 시점 제외 [미래에셋증권2우B]: 5건 (>14일/파싱실패)
2026-10-02 16:05:55,214 [INFO] __main__ — 봇 주가요약 제외 [대주전자재료]: 2건
2026-10-02 16:05:56,344 [INFO] __main__ — 봇 주가요약 제외 [LG이노텍]: 2건
2026-10-02 16:05:57,398 [INFO] __main__ — 봇 주가요약 제외 [포스코퓨처엠]: 1건
2026-10-02 16:05:59,504 [INFO] __main__ — 봇 주가요약 제외 [한전기술]: 2건
2026-10-02 16:05:59,565 [INFO] __main__ — 봇 주가요약 제외 [산일전기]: 4건
2026-10-02 16:06:01,648 [INFO] __main__ — 봇 주가요약 제외 [원익QnC]: 3건
2026-10-02 16:06:01,685 [INFO] __main__ — 봇 주가요약 제외 [갤럭시아머니트리]: 1건
2026-10-02 16:06:02,751 [INFO] __main__ — 봇 주가요약 제외 [비에이치아이]: 1건
2026-10-02 16:06:03,710 [INFO] __main__ — 봇 주가요약 제외 [케이엠더블유]: 1건
2026-10-02 16:06:03,842 [INFO] __main__ — 뉴스 시점 제외 [상신이디피]: 5건 (>14일/파싱실패)
2026-10-02 16:06:05,963 [INFO] __main__ — 뉴스 시점 제외 [KB스타리츠]: 9건 (>14일/파싱실패)
2026-10-02 16:06:11,163 [INFO] __main__ — 봇 주가요약 제외 [리가켐바이오]: 1건
2026-10-02 16:06:12,135 [INFO] __main__ — 뉴스 시점 제외 [ESR켄달스퀘어리츠]: 10건 (>14일/파싱실패)
2026-10-02 16:06:14,285 [INFO] __main__ — 봇 주가요약 제외 [한화비전]: 1건
2026-10-02 16:06:17,556 [INFO] __main__ — 뉴스 시점 제외 [베뉴지]: 11건 (>14일/파싱실패)
2026-10-02 16:06:18,794 [INFO] __main__ — 봇 주가요약 제외 [클로봇]: 1건
2026-10-02 16:06:23,203 [INFO] __main__ — 봇 주가요약 제외 [SFA]: 1건
2026-10-02 16:06:24,255 [INFO] __main__ — 뉴스 시점 제외 [슈어소프트테크]: 6건 (>14일/파싱실패)
2026-10-02 16:06:25,330 [INFO] __main__ — 봇 주가요약 제외 [유진테크]: 1건
2026-10-02 16:06:30,899 [INFO] __main__ — 봇 주가요약 제외 [성광벤드]: 1건
2026-10-02 16:06:31,760 [INFO] __main__ — 뉴스 시점 제외 [에스티큐브]: 9건 (>14일/파싱실패)
2026-10-02 16:06:31,913 [INFO] __main__ — 봇 주가요약 제외 [삼아알미늄]: 1건
2026-10-02 16:06:32,889 [INFO] __main__ — 봇 주가요약 제외 [엔켐]: 1건
2026-10-02 16:06:32,963 [INFO] __main__ — 봇 주가요약 제외 [해성디에스]: 1건
2026-10-02 16:06:33,901 [INFO] __main__ — 봇 주가요약 제외 [케이씨텍]: 1건
2026-10-02 16:06:34,863 [INFO] __main__ — 뉴스 시점 제외 [아스테라시스]: 7건 (>14일/파싱실패)
2026-10-02 16:06:35,887 [INFO] __main__ — 봇 주가요약 제외 [ISC]: 1건
2026-10-02 16:06:37,194 [INFO] __main__ — 봇 주가요약 제외 [피엔티]: 1건
2026-10-02 16:06:39,151 [INFO] __main__ — 봇 주가요약 제외 [오픈엣지테크놀로지]: 3건
2026-10-02 16:06:40,129 [INFO] __main__ — 봇 주가요약 제외 [디지털대성]: 1건
2026-10-02 16:06:40,213 [INFO] __main__ — 봇 주가요약 제외 [명신산업]: 1건
2026-10-02 16:06:40,341 [INFO] __main__ — 뉴스 시점 제외 [포스코엠텍]: 2건 (>14일/파싱실패)
2026-10-02 16:06:40,341 [INFO] __main__ — 봇 주가요약 제외 [포스코엠텍]: 1건
2026-10-02 16:06:42,166 [INFO] __main__ — 뉴스 시점 제외 [코미팜]: 10건 (>14일/파싱실패)
2026-10-02 16:06:43,472 [INFO] __main__ — 봇 주가요약 제외 [비나텍]: 1건
2026-10-02 16:06:47,700 [INFO] __main__ — 뉴스 시점 제외 [신흥에스이씨]: 4건 (>14일/파싱실패)
2026-10-02 16:06:48,685 [INFO] __main__ — 뉴스 시점 제외 [이지홀딩스]: 12건 (>14일/파싱실패)
2026-10-02 16:06:49,464 [INFO] __main__ — 봇 주가요약 제외 [가온전선]: 2건
2026-10-02 16:06:52,869 [INFO] __main__ — 뉴스 시점 제외 [젬백스]: 6건 (>14일/파싱실패)
2026-10-02 16:06:54,882 [INFO] __main__ — 뉴스 시점 제외 [한국알콜]: 9건 (>14일/파싱실패)
2026-10-02 16:06:55,821 [INFO] __main__ — 뉴스 시점 제외 [현대차2우B]: 12건 (>14일/파싱실패)
2026-10-02 16:06:57,003 [INFO] __main__ — 봇 주가요약 제외 [한전KPS]: 1건
2026-10-02 16:06:59,199 [INFO] __main__ — 봇 주가요약 제외 [가온칩스]: 2건
2026-10-02 16:07:01,037 [INFO] __main__ — 봇 주가요약 제외 [DSC인베스트먼트]: 1건
2026-10-02 16:07:01,143 [INFO] __main__ — 뉴스 시점 제외 [KG에코솔루션]: 12건 (>14일/파싱실패)
2026-10-02 16:07:03,441 [INFO] __main__ — 봇 주가요약 제외 [하나머티리얼즈]: 2건
2026-10-02 16:07:05,181 [INFO] __main__ — 뉴스 시점 제외 [에이디테크놀로지]: 2건 (>14일/파싱실패)
2026-10-02 16:07:05,181 [INFO] __main__ — 봇 주가요약 제외 [에이디테크놀로지]: 1건
2026-10-02 16:07:05,347 [INFO] __main__ — 봇 주가요약 제외 [오스코텍]: 1건
2026-10-02 16:07:07,592 [INFO] __main__ — 뉴스 시점 제외 [세보엠이씨]: 10건 (>14일/파싱실패)
2026-10-02 16:07:10,492 [INFO] __main__ — 뉴스 시점 제외 [신한알파리츠]: 11건 (>14일/파싱실패)
2026-10-02 16:07:12,556 [INFO] __main__ — 뉴스 시점 제외 [동성화인텍]: 6건 (>14일/파싱실패)
2026-10-02 16:07:12,658 [INFO] __main__ — 부정 키워드 감지: 22개 종목 (neg_ratio > 0)
2026-10-02 16:07:12,659 [INFO] __main__ — 수급일수충족·합계음수 제외: 70개
2026-10-02 16:07:17,080 [INFO] __main__ — 봇 주가요약 제외 [풍산]: 1건
2026-10-02 16:07:17,681 [INFO] __main__ — 뉴스 시점 제외 [LG전자우]: 11건 (>14일/파싱실패)
2026-10-02 16:07:17,693 [INFO] __main__ — 뉴스 시점 제외 [삼성전기우]: 8건 (>14일/파싱실패)
2026-10-02 16:07:18,287 [INFO] __main__ — 뉴스 시점 제외 [한화리츠]: 9건 (>14일/파싱실패)
2026-10-02 16:07:20,570 [INFO] __main__ — 뉴스 시점 제외 [맵스리얼티]: 14건 (>14일/파싱실패)
2026-10-02 16:07:21,867 [INFO] __main__ — 뉴스 시점 제외 [CJ4우(전환)]: 15건 (>14일/파싱실패)
2026-10-02 16:07:22,299 [INFO] __main__ — 뉴스 시점 제외 [풍산홀딩스]: 12건 (>14일/파싱실패)
2026-10-02 16:07:22,437 [INFO] __main__ — 뉴스 시점 제외 [세아홀딩스]: 13건 (>14일/파싱실패)
2026-10-02 16:07:23,752 [INFO] __main__ — 뉴스 시점 제외 [조광피혁]: 9건 (>14일/파싱실패)
2026-10-02 16:07:25,474 [INFO] __main__ — 뉴스 시점 제외 [일진홀딩스]: 1건 (>14일/파싱실패)
2026-10-02 16:07:25,623 [INFO] __main__ — 뉴스 시점 제외 [삼영무역]: 12건 (>14일/파싱실패)
2026-10-02 16:07:26,061 [INFO] __main__ — 뉴스 시점 제외 [S-Oil우]: 8건 (>14일/파싱실패)
2026-10-02 16:07:28,729 [INFO] __main__ — 뉴스 시점 제외 [이지스밸류플러스리츠]: 10건 (>14일/파싱실패)
2026-10-02 16:07:28,752 [INFO] __main__ — 뉴스 시점 제외 [신한서부티엔디리츠]: 10건 (>14일/파싱실패)
2026-10-02 16:07:29,329 [INFO] __main__ — 뉴스 시점 제외 [대신밸류리츠]: 13건 (>14일/파싱실패)
2026-10-02 16:07:30,655 [INFO] __main__ — 뉴스 시점 제외 [잇츠한불]: 3건 (>14일/파싱실패)
2026-10-02 16:07:31,261 [INFO] __main__ — 뉴스 시점 제외 [모토닉]: 14건 (>14일/파싱실패)
2026-10-02 16:07:31,868 [INFO] __main__ — 뉴스 시점 제외 [LG우]: 14건 (>14일/파싱실패)
2026-10-02 16:07:32,176 [INFO] __main__ — 봇 주가요약 제외 [솔브레인]: 1건
2026-10-02 16:07:32,428 [INFO] __main__ — 봇 주가요약 제외 [티에스이]: 1건
2026-10-02 16:07:32,452 [INFO] __main__ — 봇 주가요약 제외 [파크시스템스]: 1건
2026-10-02 16:07:32,769 [INFO] __main__ — 뉴스 시점 제외 [큐리옥스바이오시스템즈]: 9건 (>14일/파싱실패)
2026-10-02 16:07:33,926 [INFO] __main__ — 봇 주가요약 제외 [유일로보틱스]: 1건
2026-10-02 16:07:34,162 [INFO] __main__ — 뉴스 시점 제외 [제룡전기]: 4건 (>14일/파싱실패)
2026-10-02 16:07:34,163 [INFO] __main__ — 봇 주가요약 제외 [제룡전기]: 1건
2026-10-02 16:07:35,074 [INFO] __main__ — 봇 주가요약 제외 [타이거일렉]: 1건
2026-10-02 16:07:35,891 [INFO] __main__ — 뉴스 시점 제외 [삼지전자]: 7건 (>14일/파싱실패)
2026-10-02 16:07:36,459 [INFO] __main__ — 뉴스 시점 제외 [현대힘스]: 10건 (>14일/파싱실패)
2026-10-02 16:07:38,543 [INFO] __main__ — 봇 주가요약 제외 [매커스]: 1건
2026-10-02 16:07:38,826 [INFO] __main__ — 뉴스 시점 제외 [사피엔반도체]: 3건 (>14일/파싱실패)
2026-10-02 16:07:39,402 [INFO] __main__ — 봇 주가요약 제외 [에스비비테크]: 1건
2026-10-02 16:07:39,728 [INFO] __main__ — 뉴스 시점 제외 [인화정공]: 8건 (>14일/파싱실패)
2026-10-02 16:07:40,544 [INFO] __main__ — 뉴스 시점 제외 [필에너지]: 8건 (>14일/파싱실패)
2026-10-02 16:07:41,467 [INFO] __main__ — 뉴스 시점 제외 [인투셀]: 4건 (>14일/파싱실패)
2026-10-02 16:07:41,762 [INFO] __main__ — 봇 주가요약 제외 [덕산테코피아]: 1건
2026-10-02 16:07:42,862 [INFO] __main__ — 뉴스 시점 제외 [케이티알파]: 13건 (>14일/파싱실패)
2026-10-02 16:07:43,182 [INFO] __main__ — 뉴스 시점 제외 [신성에스티]: 1건 (>14일/파싱실패)
2026-10-02 16:07:43,775 [INFO] __main__ — 뉴스 시점 제외 [피에이치에이]: 8건 (>14일/파싱실패)
2026-10-02 16:07:44,072 [INFO] __main__ — 뉴스 시점 제외 [삼목에스폼]: 1건 (>14일/파싱실패)
2026-10-02 16:07:44,485 [INFO] __main__ — 뉴스 시점 제외 [에스엔시스]: 9건 (>14일/파싱실패)
2026-10-02 16:07:44,740 [INFO] __main__ — 뉴스 시점 제외 [덕양에너젠]: 2건 (>14일/파싱실패)
2026-10-02 16:07:46,195 [INFO] __main__ — 뉴스 시점 제외 [엠로]: 5건 (>14일/파싱실패)
2026-10-02 16:07:46,202 [INFO] __main__ — 뉴스 시점 제외 [오리엔탈정공]: 8건 (>14일/파싱실패)
2026-10-02 16:07:46,933 [INFO] __main__ — 뉴스 시점 제외 [BGF에코머티리얼즈]: 9건 (>14일/파싱실패)
2026-10-02 16:07:46,954 [INFO] __main__ — 뉴스 시점 제외 [JTC]: 6건 (>14일/파싱실패)
2026-10-02 16:07:47,055 [INFO] __main__ — POOL_A 후보 부정뉴스 2차 조회: 168개
2026-10-02 16:07:47,057 [INFO] __main__ — POOL_A: 652개 (A:163 B:216 동시:273) | 부정게이트 제외:11
  대형:98 중형:284 소형:270
2026-10-02 16:07:47,075 [INFO] __main__ — 대조군 표본(무신호): 40개 / 모집단 268개 → pool_history
2026-10-02 16:07:47,077 [INFO] __main__ —   → POOL_A: 652개
2026-10-02 16:07:47,078 [INFO] __main__ — ▶ Step 2: 하드 필터링
2026-10-02 16:07:47,079 [INFO] __main__ — 하드 필터 제거: 630개 | 과열배제 113 | 이격도상한 43 | 이격도하한 23 | MA추세 346 | RSI과열 11 | 거래대금 94
2026-10-02 16:07:47,081 [INFO] __main__ — 과열 gated 기록: 113개 → gated_tickers
2026-10-02 16:07:47,083 [INFO] __main__ — 대조군 표본(필터탈락): 194개 / 모집단 630개 → pool_history
2026-10-02 16:07:47,084 [INFO] __main__ — POOL_B: 22개 | 대형:0 중형:13 소형:9
2026-10-02 16:07:47,084 [INFO] __main__ —   → POOL_B: 22개
2026-10-02 16:07:47,084 [INFO] __main__ — ▶ Step 3: 스코어링 (FinBERT 감성 분석)
2026-10-02 16:07:47,084 [INFO] __main__ — NaverClient: 3개 키 로드 (DataLab·검색 독립 회전)
2026-10-02 16:07:47,084 [INFO] __main__ — 텍스트 신규 수집: 22종목 (캐시 적중 0종목)
2026-10-02 16:07:47,588 [INFO] __main__ — 봇 주가요약 제외 [한국콜마]: 1건
2026-10-02 16:07:47,611 [INFO] __main__ — 봇 주가요약 제외 [SK이터닉스]: 7건
2026-10-02 16:07:47,644 [INFO] __main__ — 뉴스 시점 제외 [씨에스윈드]: 5건 (>14일/파싱실패)
2026-10-02 16:07:51,668 [INFO] __main__ — 봇 주가요약 제외 [대원전선]: 7건
2026-10-02 16:07:51,693 [INFO] __main__ — 봇 주가요약 제외 [광전자]: 5건
2026-10-02 16:07:51,854 [INFO] __main__ — 뉴스 시점 제외 [삼아알미늄]: 18건 (>14일/파싱실패)
2026-10-02 16:07:51,854 [INFO] __main__ — 봇 주가요약 제외 [삼아알미늄]: 1건
2026-10-02 16:07:59,925 [INFO] __main__ — 봇 주가요약 제외 [피에스케이]: 1건
2026-10-02 16:08:02,909 [INFO] __main__ — 봇 주가요약 제외 [제이앤티씨]: 1건
2026-10-02 16:08:03,008 [INFO] __main__ — 봇 주가요약 제외 [지엔씨에너지]: 5건
2026-10-02 16:08:06,472 [INFO] __main__ — 봇 주가요약 제외 [우리기술투자]: 3건
2026-10-02 16:08:09,744 [INFO] __main__ — 봇 주가요약 제외 [마키나락스]: 2건
2026-10-02 16:08:09,888 [INFO] __main__ — 뉴스 시점 제외 [상신이디피]: 20건 (>14일/파싱실패)
2026-10-02 16:08:10,574 [INFO] __main__ — 뉴스 시점 제외 [세보엠이씨]: 25건 (>14일/파싱실패)
2026-10-02 16:08:16,055 [INFO] __main__ — 기사 보존(수집): 182건 (22종목) → news_articles
2026-10-02 16:08:16,057 [INFO] __main__ — 공시 보존(수집): 28건 (22종목) → dart_filings
2026-10-02 16:08:16,058 [INFO] __main__ — 수집 완료: 뉴스 182건 | 공시 28건
2026-10-02 16:08:16,058 [INFO] __main__ — FinBERT 감성 분석 (finbert 모드)...
2026-10-02 16:08:16,058 [INFO] __main__ — FinBERT 로딩: snunlp/KR-FinBert-SC (CPU, batch=8)
2026-10-02 16:08:16,160 [INFO] httpx — HTTP Request: GET https://huggingface.co/api/agent-harnesses "HTTP/1.1 200 OK"
2026-10-02 16:08:16,234 [INFO] httpx — HTTP Request: GET https://huggingface.co/api/models/snunlp/KR-FinBert-SC "HTTP/1.1 200 OK"
2026-10-02 16:08:16,320 [INFO] httpx — HTTP Request: HEAD https://huggingface.co/snunlp/KR-FinBert-SC/resolve/main/model.safetensors "HTTP/1.1 404 Not Found"
2026-10-02 16:08:16,398 [INFO] httpx — HTTP Request: GET https://huggingface.co/api/models/snunlp/KR-FinBert-SC "HTTP/1.1 200 OK"
2026-10-02 16:08:16,501 [INFO] httpx — HTTP Request: GET https://huggingface.co/api/models/snunlp/KR-FinBert-SC/commits/main "HTTP/1.1 200 OK"
2026-10-02 16:08:16,515 [INFO] httpx — HTTP Request: GET https://huggingface.co/api/models/snunlp/KR-FinBert-SC/tree/main/additional_chat_templates?recursive=false&expand=false "HTTP/1.1 404 Not Found"
2026-10-02 16:08:16,583 [INFO] httpx — HTTP Request: GET https://huggingface.co/api/models/snunlp/KR-FinBert-SC/discussions?p=0 "HTTP/1.1 200 OK"
2026-10-02 16:08:16,590 [INFO] httpx — HTTP Request: GET https://huggingface.co/api/models/snunlp/KR-FinBert-SC/tree/main?recursive=true&expand=false "HTTP/1.1 200 OK"
2026-10-02 16:08:16,665 [INFO] httpx — HTTP Request: GET https://huggingface.co/api/models/snunlp/KR-FinBert-SC/commits/refs%2Fpr%2F3 "HTTP/1.1 200 OK"
2026-10-02 16:08:16,674 [INFO] httpx — HTTP Request: HEAD https://huggingface.co/snunlp/KR-FinBert-SC/resolve/f8586286cc3161fb648e9fee09a456069fd846d0/processor_config.json "HTTP/1.1 404 Not Found"
2026-10-02 16:08:16,674 [WARNING] huggingface_hub.utils._http — Warning: You are sending unauthenticated requests to the HF Hub. Please set a HF_TOKEN to enable higher rate limits and faster downloads.
2026-10-02 16:08:16,735 [INFO] httpx — HTTP Request: HEAD https://huggingface.co/snunlp/KR-FinBert-SC/resolve/refs%2Fpr%2F3/model.safetensors.index.json "HTTP/1.1 404 Not Found"
2026-10-02 16:08:16,741 [INFO] httpx — HTTP Request: HEAD https://huggingface.co/snunlp/KR-FinBert-SC/resolve/f8586286cc3161fb648e9fee09a456069fd846d0/video_preprocessor_config.json "HTTP/1.1 404 Not Found"
2026-10-02 16:08:16,809 [INFO] httpx — HTTP Request: HEAD https://huggingface.co/snunlp/KR-FinBert-SC/resolve/refs%2Fpr%2F3/model.safetensors "HTTP/1.1 302 Found"
2026-10-02 16:08:16,811 [INFO] httpx — HTTP Request: HEAD https://huggingface.co/snunlp/KR-FinBert-SC/resolve/f8586286cc3161fb648e9fee09a456069fd846d0/preprocessor_config.json "HTTP/1.1 404 Not Found"
2026-10-02 16:08:16,811 [INFO] __main__ — FinBERT 로드 완료 (CPU)
2026-10-02 16:08:31,083 [INFO] __main__ — Phase A.1: 매핑 신뢰도 < 0.5 → 감성 점수 폐기 18건
2026-10-02 16:08:31,083 [INFO] __main__ — [shadow] 필드별 검사 기준 폐기 0/22종목 (집행 18건 — 변동 없음)
2026-10-02 16:08:31,083 [INFO] __main__ — 스코어링: 22개 | 집중:0 | FinBERT:finbert
2026-10-02 16:08:31,096 [INFO] __main__ —   → 22개
2026-10-02 16:08:31,096 [INFO] __main__ — ▶ Step 4: 발송
2026-10-02 16:08:36,318 [INFO] __main__ — DB 기록: 17개 / 전체 to_send 17개
2026-10-02 16:08:36,318 [INFO] __main__ — 발송: 17종목 | 누적 4~10회 5 | 신규 1
2026-10-02 16:08:36,318 [INFO] __main__ — 완료  |  소요: 633.6초
2026-10-02 16:08:37,233 [INFO] track_outcomes — pool_history 대조군 11055건 추적 대상 포함
2026-10-02 16:08:37,317 [INFO] track_outcomes — 고아 행 133건 복원 (targets에서 탈락한 미완 키)
2026-10-02 16:08:37,317 [INFO] track_outcomes — 대상 21482건 | 갱신 필요 8479건 | 완료 스킵 13136건
2026-10-02 16:08:37,319 [INFO] track_outcomes —   가격 조회 고유 종목 951개 (기존 301 + 대조군 추가 650)
2026-10-02 16:23:11,121 [INFO] track_outcomes — outcomes 적재: 신규 369건 | 갱신(신규+보완) 369건
