2026-07-16 11:20:33,818 [INFO] __main__ — config 검증 완료 ✓
2026-07-16 11:20:33,819 [INFO] __main__ — ============================================================
2026-07-16 11:20:33,819 [INFO] __main__ — AlphaRadar v3.3.1  |  기준일: 20260716
2026-07-16 11:20:33,819 [INFO] __main__ — S = T×0.3 + S_text×0.4 + D×0.3
2026-07-16 11:20:33,819 [INFO] __main__ — ============================================================
2026-07-16 11:20:33,819 [INFO] __main__ — ▶ Step 0: 유니버스 필터링
2026-07-16 11:20:33,993 [INFO] __main__ — FDR 데이터 수집: 20260110 ~ 20260716
2026-07-16 11:20:35,498 [INFO] __main__ — KOSPI: 944개 | 섹터정보 834개 (DART +834개 보완)
2026-07-16 11:20:35,499 [INFO] __main__ — KOSDAQ: 1821개 | 섹터정보 1821개
2026-07-16 11:20:35,499 [INFO] __main__ — 전체: 2765개
2026-07-16 11:20:38,005 [INFO] __main__ — KIS 토큰 발급 완료
2026-07-16 11:36:22,584 [INFO] __main__ — DART corp_code 매핑: 2167/2220개 (97%)
2026-07-16 11:36:22,584 [INFO] __main__ — 유효 유니버스: 2220개
2026-07-16 11:36:22,596 [INFO] __main__ —   → 2220개
2026-07-16 11:36:22,596 [INFO] __main__ — ▶ Step 1: 신호 탐지
2026-07-16 11:36:22,596 [INFO] __main__ — NaverClient: 3개 키 로드 (DataLab·검색 독립 회전)
2026-07-16 11:36:22,596 [INFO] __main__ — 관심 지수 및 부정 뉴스 비율 조회 중...
2026-07-16 11:36:55,721 [INFO] __main__ — 뉴스 시점 제외 [남선알미늄]: 4건 (>14일/파싱실패)
2026-07-16 11:37:02,708 [INFO] __main__ — 뉴스 시점 제외 [KX하이텍]: 7건 (>14일/파싱실패)
2026-07-16 11:37:23,378 [INFO] __main__ — 뉴스 시점 제외 [맥쿼리인프라]: 6건 (>14일/파싱실패)
2026-07-16 11:37:27,536 [INFO] __main__ — 뉴스 시점 제외 [세미티에스]: 8건 (>14일/파싱실패)
2026-07-16 11:37:27,585 [INFO] __main__ — 뉴스 시점 제외 [하이드로리튬]: 8건 (>14일/파싱실패)
2026-07-16 11:37:28,949 [INFO] __main__ — 뉴스 시점 제외 [THE E&M]: 3건 (>14일/파싱실패)
2026-07-16 11:37:28,956 [INFO] __main__ — 뉴스 시점 제외 [대주산업]: 3건 (>14일/파싱실패)
2026-07-16 11:37:55,297 [INFO] __main__ — 뉴스 시점 제외 [KBI동양철관]: 6건 (>14일/파싱실패)
2026-07-16 11:37:58,417 [INFO] __main__ — 뉴스 시점 제외 [해성옵틱스]: 8건 (>14일/파싱실패)
2026-07-16 11:38:04,633 [INFO] __main__ — 뉴스 시점 제외 [보성파워텍]: 5건 (>14일/파싱실패)
2026-07-16 11:38:05,328 [INFO] __main__ — 뉴스 시점 제외 [조일알미늄]: 4건 (>14일/파싱실패)
2026-07-16 11:38:07,315 [INFO] __main__ — 뉴스 시점 제외 [부국철강]: 8건 (>14일/파싱실패)
2026-07-16 11:38:11,000 [INFO] __main__ — 뉴스 시점 제외 [키스트론]: 8건 (>14일/파싱실패)
2026-07-16 11:38:11,649 [INFO] __main__ — 뉴스 시점 제외 [멤레이비티]: 7건 (>14일/파싱실패)
2026-07-16 11:38:13,033 [INFO] __main__ — 뉴스 시점 제외 [옴니시스템]: 2건 (>14일/파싱실패)
2026-07-16 11:38:38,469 [INFO] __main__ — 뉴스 시점 제외 [벡트]: 5건 (>14일/파싱실패)
2026-07-16 11:38:39,122 [INFO] __main__ — 뉴스 시점 제외 [시너지이노베이션]: 10건 (>14일/파싱실패)
2026-07-16 11:38:40,968 [INFO] __main__ — 뉴스 시점 제외 [엘브이엠씨홀딩스]: 14건 (>14일/파싱실패)
2026-07-16 11:38:42,528 [INFO] __main__ — 뉴스 시점 제외 [KB스타리츠]: 10건 (>14일/파싱실패)
2026-07-16 11:38:43,209 [INFO] __main__ — 뉴스 시점 제외 [티씨머티리얼즈]: 11건 (>14일/파싱실패)
2026-07-16 11:38:46,597 [INFO] __main__ — 뉴스 시점 제외 [대아티아이]: 4건 (>14일/파싱실패)
2026-07-16 11:38:47,692 [INFO] __main__ — 뉴스 시점 제외 [아남전자]: 11건 (>14일/파싱실패)
2026-07-16 11:38:50,304 [INFO] __main__ — 뉴스 시점 제외 [일신석재]: 8건 (>14일/파싱실패)
2026-07-16 11:38:51,851 [INFO] __main__ — 뉴스 시점 제외 [에이팩트]: 6건 (>14일/파싱실패)
2026-07-16 11:38:54,768 [INFO] __main__ — 뉴스 시점 제외 [양지사]: 11건 (>14일/파싱실패)
2026-07-16 11:38:56,351 [INFO] __main__ — 뉴스 시점 제외 [우리기술투자]: 10건 (>14일/파싱실패)
2026-07-16 11:38:58,745 [INFO] __main__ — 뉴스 시점 제외 [덕신이피씨]: 3건 (>14일/파싱실패)
2026-07-16 11:39:01,501 [INFO] __main__ — 뉴스 시점 제외 [빛샘전자]: 1건 (>14일/파싱실패)
2026-07-16 11:39:05,488 [INFO] __main__ — 뉴스 시점 제외 [수산세보틱스]: 9건 (>14일/파싱실패)
2026-07-16 11:39:06,253 [INFO] __main__ — 뉴스 시점 제외 [HB솔루션]: 5건 (>14일/파싱실패)
2026-07-16 11:39:07,069 [INFO] __main__ — 뉴스 시점 제외 [GRT]: 4건 (>14일/파싱실패)
2026-07-16 11:39:16,815 [INFO] __main__ — 뉴스 시점 제외 [메가터치]: 2건 (>14일/파싱실패)
2026-07-16 11:39:21,342 [INFO] __main__ — 뉴스 시점 제외 [에이치엠넥스]: 10건 (>14일/파싱실패)
2026-07-16 11:39:22,878 [INFO] __main__ — 뉴스 시점 제외 [대영포장]: 15건 (>14일/파싱실패)
2026-07-16 11:39:28,569 [INFO] __main__ — 뉴스 시점 제외 [알루코]: 9건 (>14일/파싱실패)
2026-07-16 11:39:32,870 [INFO] __main__ — 뉴스 시점 제외 [미래에셋증권2우B]: 13건 (>14일/파싱실패)
2026-07-16 11:39:34,235 [INFO] __main__ — 뉴스 시점 제외 [태경케미컬]: 4건 (>14일/파싱실패)
2026-07-16 11:39:35,584 [INFO] __main__ — 뉴스 시점 제외 [에이티넘인베스트]: 13건 (>14일/파싱실패)
2026-07-16 11:39:40,949 [INFO] __main__ — 뉴스 시점 제외 [비투엔]: 11건 (>14일/파싱실패)
2026-07-16 11:39:53,664 [INFO] __main__ — 뉴스 시점 제외 [영화금속]: 7건 (>14일/파싱실패)
2026-07-16 11:39:56,713 [INFO] __main__ — 뉴스 시점 제외 [엔비알모션]: 5건 (>14일/파싱실패)
2026-07-16 11:39:58,062 [INFO] __main__ — 뉴스 시점 제외 [네오리진]: 7건 (>14일/파싱실패)
2026-07-16 11:39:59,621 [INFO] __main__ — 뉴스 시점 제외 [와이제이링크]: 10건 (>14일/파싱실패)
2026-07-16 11:39:59,837 [INFO] __main__ — 뉴스 시점 제외 [지앤비에스 에코]: 3건 (>14일/파싱실패)
2026-07-16 11:40:02,342 [INFO] __main__ — 뉴스 시점 제외 [슈어소프트테크]: 9건 (>14일/파싱실패)
2026-07-16 11:40:03,153 [INFO] __main__ — 뉴스 시점 제외 [YG PLUS]: 7건 (>14일/파싱실패)
2026-07-16 11:40:04,517 [INFO] __main__ — 뉴스 시점 제외 [이루온]: 9건 (>14일/파싱실패)
2026-07-16 11:40:05,883 [INFO] __main__ — 뉴스 시점 제외 [국일제지]: 13건 (>14일/파싱실패)
2026-07-16 11:40:16,899 [INFO] __main__ — 뉴스 시점 제외 [경인양행]: 6건 (>14일/파싱실패)
2026-07-16 11:40:18,873 [INFO] __main__ — 뉴스 시점 제외 [티케이케미칼]: 8건 (>14일/파싱실패)
2026-07-16 11:40:21,518 [INFO] __main__ — 뉴스 시점 제외 [넥스틸]: 5건 (>14일/파싱실패)
2026-07-16 11:40:23,074 [INFO] __main__ — 뉴스 시점 제외 [포스코스틸리온]: 3건 (>14일/파싱실패)
2026-07-16 11:40:26,195 [INFO] __main__ — 부정 키워드 감지: 29개 종목 (neg_ratio > 0)
2026-07-16 11:40:26,199 [INFO] __main__ — 수급일수충족·합계음수 제외: 139개
2026-07-16 11:40:39,685 [INFO] __main__ — 뉴스 시점 제외 [LG전자우]: 8건 (>14일/파싱실패)
2026-07-16 11:40:40,031 [INFO] __main__ — 뉴스 시점 제외 [롯데리츠]: 10건 (>14일/파싱실패)
2026-07-16 11:40:42,242 [INFO] __main__ — 뉴스 시점 제외 [세방전지]: 9건 (>14일/파싱실패)
2026-07-16 11:40:43,717 [INFO] __main__ — 뉴스 시점 제외 [맵스리얼티]: 15건 (>14일/파싱실패)
2026-07-16 11:40:44,165 [INFO] __main__ — 뉴스 시점 제외 [CJ4우(전환)]: 14건 (>14일/파싱실패)
2026-07-16 11:40:45,195 [INFO] __main__ — 뉴스 시점 제외 [대신증권우]: 14건 (>14일/파싱실패)
2026-07-16 11:40:46,343 [INFO] __main__ — 뉴스 시점 제외 [삼성FN리츠]: 5건 (>14일/파싱실패)
2026-07-16 11:40:46,374 [INFO] __main__ — 뉴스 시점 제외 [NH투자증권우]: 14건 (>14일/파싱실패)
2026-07-16 11:40:46,671 [INFO] __main__ — 뉴스 시점 제외 [바이오노트]: 9건 (>14일/파싱실패)
2026-07-16 11:40:47,837 [INFO] __main__ — 뉴스 시점 제외 [전진건설로봇]: 7건 (>14일/파싱실패)
2026-07-16 11:40:48,145 [INFO] __main__ — 뉴스 시점 제외 [아모레퍼시픽우]: 9건 (>14일/파싱실패)
2026-07-16 11:40:48,583 [INFO] __main__ — 뉴스 시점 제외 [현대차3우B]: 15건 (>14일/파싱실패)
2026-07-16 11:40:48,883 [INFO] __main__ — 뉴스 시점 제외 [조광피혁]: 12건 (>14일/파싱실패)
2026-07-16 11:40:49,615 [INFO] __main__ — 뉴스 시점 제외 [삼영무역]: 11건 (>14일/파싱실패)
2026-07-16 11:40:50,088 [INFO] __main__ — 뉴스 시점 제외 [코람코더원리츠]: 13건 (>14일/파싱실패)
2026-07-16 11:40:50,358 [INFO] __main__ — 뉴스 시점 제외 [신대양제지]: 13건 (>14일/파싱실패)
2026-07-16 11:40:50,856 [INFO] __main__ — 뉴스 시점 제외 [일진하이솔루스]: 8건 (>14일/파싱실패)
2026-07-16 11:40:51,103 [INFO] __main__ — 뉴스 시점 제외 [KPX홀딩스]: 8건 (>14일/파싱실패)
2026-07-16 11:40:51,604 [INFO] __main__ — 뉴스 시점 제외 [KISCO홀딩스]: 9건 (>14일/파싱실패)
2026-07-16 11:40:52,335 [INFO] __main__ — 뉴스 시점 제외 [코스모화학]: 7건 (>14일/파싱실패)
2026-07-16 11:40:53,492 [INFO] __main__ — 뉴스 시점 제외 [삼양바이오팜]: 7건 (>14일/파싱실패)
2026-07-16 11:40:54,699 [INFO] __main__ — 뉴스 시점 제외 [아세아제지]: 10건 (>14일/파싱실패)
2026-07-16 11:40:55,458 [INFO] __main__ — 뉴스 시점 제외 [삼성물산우B]: 15건 (>14일/파싱실패)
2026-07-16 11:40:56,216 [INFO] __main__ — 뉴스 시점 제외 [서울가스]: 8건 (>14일/파싱실패)
2026-07-16 11:40:56,441 [INFO] __main__ — 뉴스 시점 제외 [S-Oil우]: 11건 (>14일/파싱실패)
2026-07-16 11:40:57,949 [INFO] __main__ — 뉴스 시점 제외 [아이마켓코리아]: 8건 (>14일/파싱실패)
2026-07-16 11:40:59,435 [INFO] __main__ — 뉴스 시점 제외 [모토닉]: 12건 (>14일/파싱실패)
2026-07-16 11:41:00,922 [INFO] __main__ — 뉴스 시점 제외 [화승엔터프라이즈]: 8건 (>14일/파싱실패)
2026-07-16 11:41:01,667 [INFO] __main__ — 뉴스 시점 제외 [진양홀딩스]: 10건 (>14일/파싱실패)
2026-07-16 11:41:03,170 [INFO] __main__ — 뉴스 시점 제외 [유화증권]: 5건 (>14일/파싱실패)
2026-07-16 11:41:03,883 [INFO] __main__ — 뉴스 시점 제외 [현대비앤지스틸]: 6건 (>14일/파싱실패)
2026-07-16 11:41:04,487 [INFO] __main__ — 뉴스 시점 제외 [조선내화]: 10건 (>14일/파싱실패)
2026-07-16 11:41:04,621 [INFO] __main__ — 뉴스 시점 제외 [SYTS]: 12건 (>14일/파싱실패)
2026-07-16 11:41:05,227 [INFO] __main__ — 뉴스 시점 제외 [해태제과식품]: 6건 (>14일/파싱실패)
2026-07-16 11:41:05,358 [INFO] __main__ — 뉴스 시점 제외 [삼익THK]: 3건 (>14일/파싱실패)
2026-07-16 11:41:05,382 [INFO] __main__ — 뉴스 시점 제외 [NH올원리츠]: 12건 (>14일/파싱실패)
2026-07-16 11:41:06,184 [INFO] __main__ — 뉴스 시점 제외 [신라교역]: 7건 (>14일/파싱실패)
2026-07-16 11:41:06,944 [INFO] __main__ — 뉴스 시점 제외 [한국주철관]: 10건 (>14일/파싱실패)
2026-07-16 11:41:07,881 [INFO] __main__ — 뉴스 시점 제외 [유수홀딩스]: 4건 (>14일/파싱실패)
2026-07-16 11:41:07,894 [INFO] __main__ — 뉴스 시점 제외 [아모레퍼시픽홀딩스3우C]: 14건 (>14일/파싱실패)
2026-07-16 11:41:08,640 [INFO] __main__ — 뉴스 시점 제외 [태경산업]: 8건 (>14일/파싱실패)
2026-07-16 11:41:08,653 [INFO] __main__ — 뉴스 시점 제외 [키다리스튜디오]: 3건 (>14일/파싱실패)
2026-07-16 11:41:09,574 [INFO] __main__ — 뉴스 시점 제외 [화승코퍼레이션]: 7건 (>14일/파싱실패)
2026-07-16 11:41:09,586 [INFO] __main__ — 뉴스 시점 제외 [디씨엠]: 13건 (>14일/파싱실패)
2026-07-16 11:41:09,602 [INFO] __main__ — 뉴스 시점 제외 [일진다이아]: 11건 (>14일/파싱실패)
2026-07-16 11:41:10,317 [INFO] __main__ — 뉴스 시점 제외 [미원홀딩스]: 12건 (>14일/파싱실패)
2026-07-16 11:41:10,328 [INFO] __main__ — 뉴스 시점 제외 [이지스레지던스리츠]: 14건 (>14일/파싱실패)
2026-07-16 11:41:11,077 [INFO] __main__ — 뉴스 시점 제외 [태림포장]: 12건 (>14일/파싱실패)
2026-07-16 11:41:11,086 [INFO] __main__ — 뉴스 시점 제외 [HDC현대EP]: 12건 (>14일/파싱실패)
2026-07-16 11:41:12,956 [INFO] __main__ — 뉴스 시점 제외 [인천도시가스]: 10건 (>14일/파싱실패)
2026-07-16 11:41:14,620 [INFO] __main__ — 뉴스 시점 제외 [한국무브넥스]: 13건 (>14일/파싱실패)
2026-07-16 11:41:14,807 [INFO] __main__ — 뉴스 시점 제외 [경동인베스트]: 8건 (>14일/파싱실패)
2026-07-16 11:41:15,005 [INFO] __main__ — 뉴스 시점 제외 [샘표식품]: 5건 (>14일/파싱실패)
2026-07-16 11:41:15,358 [INFO] __main__ — 뉴스 시점 제외 [대성홀딩스]: 10건 (>14일/파싱실패)
2026-07-16 11:41:15,749 [INFO] __main__ — 뉴스 시점 제외 [두올]: 9건 (>14일/파싱실패)
2026-07-16 11:41:16,482 [INFO] __main__ — 뉴스 시점 제외 [차AI헬스케어]: 6건 (>14일/파싱실패)
2026-07-16 11:41:16,848 [INFO] __main__ — 뉴스 시점 제외 [GS우]: 13건 (>14일/파싱실패)
2026-07-16 11:41:17,545 [INFO] __main__ — 뉴스 시점 제외 [HS애드]: 5건 (>14일/파싱실패)
2026-07-16 11:41:17,575 [INFO] __main__ — 뉴스 시점 제외 [KTcs]: 3건 (>14일/파싱실패)
2026-07-16 11:41:17,759 [INFO] __main__ — 뉴스 시점 제외 [영보화학]: 13건 (>14일/파싱실패)
2026-07-16 11:41:18,321 [INFO] __main__ — 뉴스 시점 제외 [NI스틸]: 13건 (>14일/파싱실패)
2026-07-16 11:41:18,508 [INFO] __main__ — 뉴스 시점 제외 [동일산업]: 1건 (>14일/파싱실패)
2026-07-16 11:41:19,019 [INFO] __main__ — 뉴스 시점 제외 [황금에스티]: 8건 (>14일/파싱실패)
2026-07-16 11:41:19,432 [INFO] __main__ — 뉴스 시점 제외 [DSR제강]: 7건 (>14일/파싱실패)
2026-07-16 11:41:19,764 [INFO] __main__ — 뉴스 시점 제외 [사조오양]: 7건 (>14일/파싱실패)
2026-07-16 11:41:19,818 [INFO] __main__ — 뉴스 시점 제외 [한솔로지스틱스]: 5건 (>14일/파싱실패)
2026-07-16 11:41:20,165 [INFO] __main__ — 뉴스 시점 제외 [우신시스템]: 10건 (>14일/파싱실패)
2026-07-16 11:41:20,695 [INFO] __main__ — 뉴스 시점 제외 [한국수출포장]: 15건 (>14일/파싱실패)
2026-07-16 11:41:20,703 [INFO] __main__ — 뉴스 시점 제외 [CS홀딩스]: 15건 (>14일/파싱실패)
2026-07-16 11:41:21,669 [INFO] __main__ — 뉴스 시점 제외 [NH프라임리츠]: 12건 (>14일/파싱실패)
2026-07-16 11:41:22,397 [INFO] __main__ — 뉴스 시점 제외 [화천기공]: 6건 (>14일/파싱실패)
2026-07-16 11:41:22,401 [INFO] __main__ — 뉴스 시점 제외 [동양고속]: 13건 (>14일/파싱실패)
2026-07-16 11:41:23,154 [INFO] __main__ — 뉴스 시점 제외 [아모레퍼시픽홀딩스우]: 14건 (>14일/파싱실패)
2026-07-16 11:41:23,155 [INFO] __main__ — 뉴스 시점 제외 [유한양행우]: 13건 (>14일/파싱실패)
2026-07-16 11:41:23,164 [INFO] __main__ — 뉴스 시점 제외 [삼정펄프]: 13건 (>14일/파싱실패)
2026-07-16 11:41:24,289 [INFO] __main__ — 뉴스 시점 제외 [코오롱인더우]: 15건 (>14일/파싱실패)
2026-07-16 11:41:25,199 [INFO] __main__ — 뉴스 시점 제외 [삼성출판사]: 6건 (>14일/파싱실패)
2026-07-16 11:41:25,221 [INFO] __main__ — 뉴스 시점 제외 [유엔젤]: 9건 (>14일/파싱실패)
2026-07-16 11:41:25,944 [INFO] __main__ — 뉴스 시점 제외 [써니전자]: 12건 (>14일/파싱실패)
2026-07-16 11:41:26,164 [INFO] __main__ — 뉴스 시점 제외 [진양산업]: 10건 (>14일/파싱실패)
2026-07-16 11:41:26,171 [INFO] __main__ — 뉴스 시점 제외 [하이스틸]: 4건 (>14일/파싱실패)
2026-07-16 11:41:26,869 [INFO] __main__ — 뉴스 시점 제외 [보락]: 5건 (>14일/파싱실패)
2026-07-16 11:41:27,961 [INFO] __main__ — 뉴스 시점 제외 [화천기계]: 12건 (>14일/파싱실패)
2026-07-16 11:41:28,906 [INFO] __main__ — 뉴스 시점 제외 [SJM홀딩스]: 14건 (>14일/파싱실패)
2026-07-16 11:41:29,670 [INFO] __main__ — 뉴스 시점 제외 [SG세계물산]: 9건 (>14일/파싱실패)
2026-07-16 11:41:30,378 [INFO] __main__ — 뉴스 시점 제외 [케이비아이동국실업]: 14건 (>14일/파싱실패)
2026-07-16 11:41:30,418 [INFO] __main__ — 뉴스 시점 제외 [씨아이테크]: 11건 (>14일/파싱실패)
2026-07-16 11:41:30,525 [INFO] __main__ — 뉴스 시점 제외 [롯데칠성우]: 15건 (>14일/파싱실패)
2026-07-16 11:41:31,148 [INFO] __main__ — 뉴스 시점 제외 [SK디스커버리우]: 14건 (>14일/파싱실패)
2026-07-16 11:41:32,601 [INFO] __main__ — 뉴스 시점 제외 [SB성보]: 10건 (>14일/파싱실패)
2026-07-16 11:41:32,626 [INFO] __main__ — 뉴스 시점 제외 [문배철강]: 8건 (>14일/파싱실패)
2026-07-16 11:41:32,884 [INFO] __main__ — 뉴스 시점 제외 [신한글로벌액티브리츠]: 13건 (>14일/파싱실패)
2026-07-16 11:41:33,344 [INFO] __main__ — 뉴스 시점 제외 [한화솔루션우]: 13건 (>14일/파싱실패)
2026-07-16 11:41:33,365 [INFO] __main__ — 뉴스 시점 제외 [금비]: 12건 (>14일/파싱실패)
2026-07-16 11:41:34,098 [INFO] __main__ — 뉴스 시점 제외 [에쓰씨엔지니어링]: 7건 (>14일/파싱실패)
2026-07-16 11:41:34,599 [INFO] __main__ — 뉴스 시점 제외 [갤럭시아에스엠]: 9건 (>14일/파싱실패)
2026-07-16 11:41:34,830 [INFO] __main__ — 뉴스 시점 제외 [DL우]: 14건 (>14일/파싱실패)
2026-07-16 11:41:35,552 [INFO] __main__ — 뉴스 시점 제외 [세방우]: 15건 (>14일/파싱실패)
2026-07-16 11:41:35,571 [INFO] __main__ — 뉴스 시점 제외 [경인전자]: 13건 (>14일/파싱실패)
2026-07-16 11:41:36,292 [INFO] __main__ — 뉴스 시점 제외 [대림통상]: 12건 (>14일/파싱실패)
2026-07-16 11:41:36,315 [INFO] __main__ — 뉴스 시점 제외 [MH에탄올]: 11건 (>14일/파싱실패)
2026-07-16 11:41:36,803 [INFO] __main__ — 뉴스 시점 제외 [진양폴리]: 10건 (>14일/파싱실패)
2026-07-16 11:41:37,034 [INFO] __main__ — 뉴스 시점 제외 [SG글로벌]: 10건 (>14일/파싱실패)
2026-07-16 11:41:37,051 [INFO] __main__ — 뉴스 시점 제외 [동일제강]: 5건 (>14일/파싱실패)
2026-07-16 11:41:40,933 [INFO] __main__ — 뉴스 시점 제외 [큐리옥스바이오시스템즈]: 12건 (>14일/파싱실패)
2026-07-16 11:41:45,531 [INFO] __main__ — 뉴스 시점 제외 [티에프이]: 5건 (>14일/파싱실패)
2026-07-16 11:41:51,152 [INFO] __main__ — 뉴스 시점 제외 [큐렉소]: 4건 (>14일/파싱실패)
2026-07-16 11:41:52,948 [INFO] __main__ — 뉴스 시점 제외 [인화정공]: 13건 (>14일/파싱실패)
2026-07-16 11:41:54,424 [INFO] __main__ — 뉴스 시점 제외 [우주일렉트로]: 8건 (>14일/파싱실패)
2026-07-16 11:41:56,891 [INFO] __main__ — 뉴스 시점 제외 [대명에너지]: 3건 (>14일/파싱실패)
2026-07-16 11:41:57,780 [INFO] __main__ — 뉴스 시점 제외 [매커스]: 10건 (>14일/파싱실패)
2026-07-16 11:41:58,514 [INFO] __main__ — 뉴스 시점 제외 [에코아이]: 11건 (>14일/파싱실패)
2026-07-16 11:41:58,852 [INFO] __main__ — 뉴스 시점 제외 [코텍]: 11건 (>14일/파싱실패)
2026-07-16 11:41:59,590 [INFO] __main__ — 뉴스 시점 제외 [케이티알파]: 10건 (>14일/파싱실패)
2026-07-16 11:42:01,128 [INFO] __main__ — 뉴스 시점 제외 [석경에이티]: 4건 (>14일/파싱실패)
2026-07-16 11:42:01,136 [INFO] __main__ — 뉴스 시점 제외 [에스엔시스]: 9건 (>14일/파싱실패)
2026-07-16 11:42:02,576 [INFO] __main__ — 뉴스 시점 제외 [네오위즈홀딩스]: 10건 (>14일/파싱실패)
2026-07-16 11:42:03,320 [INFO] __main__ — 뉴스 시점 제외 [국보디자인]: 11건 (>14일/파싱실패)
2026-07-16 11:42:04,804 [INFO] __main__ — 뉴스 시점 제외 [듀켐바이오]: 9건 (>14일/파싱실패)
2026-07-16 11:42:05,539 [INFO] __main__ — 뉴스 시점 제외 [나이벡]: 7건 (>14일/파싱실패)
2026-07-16 11:42:05,616 [INFO] __main__ — 뉴스 시점 제외 [셀비온]: 3건 (>14일/파싱실패)
2026-07-16 11:42:07,102 [INFO] __main__ — 뉴스 시점 제외 [엠아이텍]: 9건 (>14일/파싱실패)
2026-07-16 11:42:07,753 [INFO] __main__ — 뉴스 시점 제외 [우양에이치씨]: 13건 (>14일/파싱실패)
2026-07-16 11:42:09,237 [INFO] __main__ — 뉴스 시점 제외 [코리아에프티]: 9건 (>14일/파싱실패)
2026-07-16 11:42:09,347 [INFO] __main__ — 뉴스 시점 제외 [인선이엔티]: 12건 (>14일/파싱실패)
2026-07-16 11:42:10,104 [INFO] __main__ — 뉴스 시점 제외 [고려신용정보]: 14건 (>14일/파싱실패)
2026-07-16 11:42:11,025 [INFO] __main__ — 뉴스 시점 제외 [나노엔텍]: 3건 (>14일/파싱실패)
2026-07-16 11:42:11,444 [INFO] __main__ — 뉴스 시점 제외 [하이비젼시스템]: 9건 (>14일/파싱실패)
2026-07-16 11:42:12,180 [INFO] __main__ — 뉴스 시점 제외 [삼보판지]: 15건 (>14일/파싱실패)
2026-07-16 11:42:13,028 [INFO] __main__ — 뉴스 시점 제외 [동국산업]: 6건 (>14일/파싱실패)
2026-07-16 11:42:14,491 [INFO] __main__ — 뉴스 시점 제외 [윤성에프앤씨]: 14건 (>14일/파싱실패)
2026-07-16 11:42:14,894 [INFO] __main__ — 뉴스 시점 제외 [아이비김영]: 1건 (>14일/파싱실패)
2026-07-16 11:42:16,592 [INFO] __main__ — 뉴스 시점 제외 [하이텍팜]: 12건 (>14일/파싱실패)
2026-07-16 11:42:16,716 [INFO] __main__ — 뉴스 시점 제외 [유아이엘]: 10건 (>14일/파싱실패)
2026-07-16 11:42:17,346 [INFO] __main__ — 뉴스 시점 제외 [현대에버다임]: 7건 (>14일/파싱실패)
2026-07-16 11:42:17,454 [INFO] __main__ — 뉴스 시점 제외 [지어소프트]: 13건 (>14일/파싱실패)
2026-07-16 11:42:18,834 [INFO] __main__ — 뉴스 시점 제외 [케이알엠]: 9건 (>14일/파싱실패)
2026-07-16 11:42:18,937 [INFO] __main__ — 뉴스 시점 제외 [우리손에프앤지]: 14건 (>14일/파싱실패)
2026-07-16 11:42:20,351 [INFO] __main__ — 뉴스 시점 제외 [세운메디칼]: 14건 (>14일/파싱실패)
2026-07-16 11:42:20,848 [INFO] __main__ — 뉴스 시점 제외 [옵투스제약]: 6건 (>14일/파싱실패)
2026-07-16 11:42:21,593 [INFO] __main__ — 뉴스 시점 제외 [스모트로닉]: 7건 (>14일/파싱실패)
2026-07-16 11:42:23,807 [INFO] __main__ — 뉴스 시점 제외 [정상제이엘에스]: 6건 (>14일/파싱실패)
2026-07-16 11:42:24,106 [INFO] __main__ — 뉴스 시점 제외 [지니너스]: 12건 (>14일/파싱실패)
2026-07-16 11:42:24,940 [INFO] __main__ — 뉴스 시점 제외 [서원인텍]: 15건 (>14일/파싱실패)
2026-07-16 11:42:25,686 [INFO] __main__ — 뉴스 시점 제외 [동아엘텍]: 13건 (>14일/파싱실패)
2026-07-16 11:42:26,437 [INFO] __main__ — 뉴스 시점 제외 [일지테크]: 5건 (>14일/파싱실패)
2026-07-16 11:42:26,476 [INFO] __main__ — 뉴스 시점 제외 [아미노로직스]: 12건 (>14일/파싱실패)
2026-07-16 11:42:27,215 [INFO] __main__ — 뉴스 시점 제외 [창해에탄올]: 12건 (>14일/파싱실패)
2026-07-16 11:42:27,862 [INFO] __main__ — 뉴스 시점 제외 [RF시스템즈]: 9건 (>14일/파싱실패)
2026-07-16 11:42:27,925 [INFO] __main__ — 뉴스 시점 제외 [리메드]: 8건 (>14일/파싱실패)
2026-07-16 11:42:28,672 [INFO] __main__ — 뉴스 시점 제외 [에이치엔에스하이텍]: 13건 (>14일/파싱실패)
2026-07-16 11:42:28,697 [INFO] __main__ — 뉴스 시점 제외 [나이스디앤비]: 9건 (>14일/파싱실패)
2026-07-16 11:42:30,179 [INFO] __main__ — 뉴스 시점 제외 [삼영엠텍]: 6건 (>14일/파싱실패)
2026-07-16 11:42:30,815 [INFO] __main__ — 뉴스 시점 제외 [디알텍]: 4건 (>14일/파싱실패)
2026-07-16 11:42:31,654 [INFO] __main__ — 뉴스 시점 제외 [엑스페릭스]: 11건 (>14일/파싱실패)
2026-07-16 11:42:32,288 [INFO] __main__ — 뉴스 시점 제외 [대림제지]: 12건 (>14일/파싱실패)
2026-07-16 11:42:33,027 [INFO] __main__ — 뉴스 시점 제외 [지구홀딩스]: 10건 (>14일/파싱실패)
2026-07-16 11:42:33,848 [INFO] __main__ — 뉴스 시점 제외 [리드코프]: 11건 (>14일/파싱실패)
2026-07-16 11:42:34,587 [INFO] __main__ — 뉴스 시점 제외 [엔브이에이치코리아]: 11건 (>14일/파싱실패)
2026-07-16 11:42:34,623 [INFO] __main__ — 뉴스 시점 제외 [뉴프렉스]: 10건 (>14일/파싱실패)
2026-07-16 11:42:35,253 [INFO] __main__ — 뉴스 시점 제외 [드림씨아이에스]: 7건 (>14일/파싱실패)
2026-07-16 11:42:35,319 [INFO] __main__ — 뉴스 시점 제외 [로스웰]: 6건 (>14일/파싱실패)
2026-07-16 11:42:35,988 [INFO] __main__ — 뉴스 시점 제외 [싸이닉솔루션]: 7건 (>14일/파싱실패)
2026-07-16 11:42:36,059 [INFO] __main__ — 뉴스 시점 제외 [로보로보]: 10건 (>14일/파싱실패)
2026-07-16 11:42:36,798 [INFO] __main__ — 뉴스 시점 제외 [라이온켐텍]: 10건 (>14일/파싱실패)
2026-07-16 11:42:37,466 [INFO] __main__ — 뉴스 시점 제외 [삼현철강]: 7건 (>14일/파싱실패)
2026-07-16 11:42:37,562 [INFO] __main__ — 뉴스 시점 제외 [엠오티]: 12건 (>14일/파싱실패)
2026-07-16 11:42:38,210 [INFO] __main__ — 뉴스 시점 제외 [이상네트웍스]: 11건 (>14일/파싱실패)
2026-07-16 11:42:38,281 [INFO] __main__ — 뉴스 시점 제외 [싸이토젠]: 11건 (>14일/파싱실패)
2026-07-16 11:42:38,950 [INFO] __main__ — 뉴스 시점 제외 [블루콤]: 15건 (>14일/파싱실패)
2026-07-16 11:42:39,037 [INFO] __main__ — 뉴스 시점 제외 [아이디피]: 14건 (>14일/파싱실패)
2026-07-16 11:42:39,055 [INFO] __main__ — 뉴스 시점 제외 [팅크웨어]: 9건 (>14일/파싱실패)
2026-07-16 11:42:39,690 [INFO] __main__ — 뉴스 시점 제외 [페스카로]: 14건 (>14일/파싱실패)
2026-07-16 11:42:39,789 [INFO] __main__ — 뉴스 시점 제외 [한일단조]: 10건 (>14일/파싱실패)
2026-07-16 11:42:40,533 [INFO] __main__ — 뉴스 시점 제외 [지아이텍]: 14건 (>14일/파싱실패)
2026-07-16 11:42:41,170 [INFO] __main__ — 뉴스 시점 제외 [CG인바이츠]: 7건 (>14일/파싱실패)
2026-07-16 11:42:41,264 [INFO] __main__ — 뉴스 시점 제외 [제너셈]: 4건 (>14일/파싱실패)
2026-07-16 11:42:42,729 [INFO] __main__ — 뉴스 시점 제외 [큐에스아이]: 9건 (>14일/파싱실패)
2026-07-16 11:42:43,397 [INFO] __main__ — 뉴스 시점 제외 [디케이락]: 8건 (>14일/파싱실패)
2026-07-16 11:42:43,664 [INFO] __main__ — 뉴스 시점 제외 [미투온]: 4건 (>14일/파싱실패)
2026-07-16 11:42:44,132 [INFO] __main__ — 뉴스 시점 제외 [에스피소프트]: 13건 (>14일/파싱실패)
2026-07-16 11:42:44,423 [INFO] __main__ — 뉴스 시점 제외 [셀바스헬스케어]: 12건 (>14일/파싱실패)
2026-07-16 11:42:45,603 [INFO] __main__ — 뉴스 시점 제외 [푸드웰]: 13건 (>14일/파싱실패)
2026-07-16 11:42:45,878 [INFO] __main__ — 뉴스 시점 제외 [대륙제관]: 6건 (>14일/파싱실패)
2026-07-16 11:42:46,823 [INFO] __main__ — 뉴스 시점 제외 [케이엘넷]: 13건 (>14일/파싱실패)
2026-07-16 11:42:47,269 [INFO] __main__ — 뉴스 시점 제외 [해성에어로보틱스]: 12건 (>14일/파싱실패)
2026-07-16 11:42:47,567 [INFO] __main__ — 뉴스 시점 제외 [프로티아]: 10건 (>14일/파싱실패)
2026-07-16 11:42:48,013 [INFO] __main__ — 뉴스 시점 제외 [아이티센엔텍]: 10건 (>14일/파싱실패)
2026-07-16 11:42:48,745 [INFO] __main__ — 뉴스 시점 제외 [유비벨록스]: 10건 (>14일/파싱실패)
2026-07-16 11:42:50,144 [INFO] __main__ — 뉴스 시점 제외 [스마트레이더시스템]: 12건 (>14일/파싱실패)
2026-07-16 11:42:51,087 [INFO] __main__ — 뉴스 시점 제외 [삼양케이씨아이]: 12건 (>14일/파싱실패)
2026-07-16 11:42:51,844 [INFO] __main__ — 뉴스 시점 제외 [이노메트리]: 12건 (>14일/파싱실패)
2026-07-16 11:42:52,787 [INFO] __main__ — 뉴스 시점 제외 [토탈소프트]: 15건 (>14일/파싱실패)
2026-07-16 11:42:53,525 [INFO] __main__ — 뉴스 시점 제외 [화성밸브]: 13건 (>14일/파싱실패)
2026-07-16 11:42:53,529 [INFO] __main__ — 뉴스 시점 제외 [셀바이오휴먼텍]: 9건 (>14일/파싱실패)
2026-07-16 11:42:54,456 [INFO] __main__ — 뉴스 시점 제외 [나래나노텍]: 8건 (>14일/파싱실패)
2026-07-16 11:42:54,788 [INFO] __main__ — 뉴스 시점 제외 [더블유에스아이]: 14건 (>14일/파싱실패)
2026-07-16 11:42:55,394 [INFO] __main__ — 뉴스 시점 제외 [코스리거글로벌]: 11건 (>14일/파싱실패)
2026-07-16 11:42:56,134 [INFO] __main__ — 뉴스 시점 제외 [대성창투]: 13건 (>14일/파싱실패)
2026-07-16 11:42:56,276 [INFO] __main__ — 뉴스 시점 제외 [세코닉스]: 10건 (>14일/파싱실패)
2026-07-16 11:42:57,088 [INFO] __main__ — 뉴스 시점 제외 [제이씨현시스템]: 12건 (>14일/파싱실패)
2026-07-16 11:42:57,089 [INFO] __main__ — 뉴스 시점 제외 [수산아이앤티]: 13건 (>14일/파싱실패)
2026-07-16 11:42:58,788 [INFO] __main__ — 뉴스 시점 제외 [구영테크]: 12건 (>14일/파싱실패)
2026-07-16 11:42:58,794 [INFO] __main__ — 뉴스 시점 제외 [SM Life Design]: 14건 (>14일/파싱실패)
2026-07-16 11:42:59,738 [INFO] __main__ — 뉴스 시점 제외 [케이사인]: 13건 (>14일/파싱실패)
2026-07-16 11:43:00,497 [INFO] __main__ — 뉴스 시점 제외 [제이투케이바이오]: 4건 (>14일/파싱실패)
2026-07-16 11:43:01,260 [INFO] __main__ — 뉴스 시점 제외 [디티씨]: 12건 (>14일/파싱실패)
2026-07-16 11:43:01,986 [INFO] __main__ — 뉴스 시점 제외 [오상자이엘]: 11건 (>14일/파싱실패)
2026-07-16 11:43:02,005 [INFO] __main__ — 뉴스 시점 제외 [캐프]: 10건 (>14일/파싱실패)
2026-07-16 11:43:03,504 [INFO] __main__ — 뉴스 시점 제외 [에어레인]: 4건 (>14일/파싱실패)
2026-07-16 11:43:03,533 [INFO] __main__ — 뉴스 시점 제외 [흥국에프엔비]: 10건 (>14일/파싱실패)
2026-07-16 11:43:04,982 [INFO] __main__ — 뉴스 시점 제외 [TPC로보틱스]: 6건 (>14일/파싱실패)
2026-07-16 11:43:05,038 [INFO] __main__ — 뉴스 시점 제외 [코닉오토메이션]: 5건 (>14일/파싱실패)
2026-07-16 11:43:05,727 [INFO] __main__ — 뉴스 시점 제외 [쎄노텍]: 11건 (>14일/파싱실패)
2026-07-16 11:43:05,985 [INFO] __main__ — 뉴스 시점 제외 [일신바이오]: 7건 (>14일/파싱실패)
2026-07-16 11:43:05,988 [INFO] __main__ — 뉴스 시점 제외 [앱코]: 9건 (>14일/파싱실패)
2026-07-16 11:43:06,657 [INFO] __main__ — 뉴스 시점 제외 [동방선기]: 11건 (>14일/파싱실패)
2026-07-16 11:43:06,742 [INFO] __main__ — 뉴스 시점 제외 [그린생명과학]: 7건 (>14일/파싱실패)
2026-07-16 11:43:07,394 [INFO] __main__ — 뉴스 시점 제외 [엔젯]: 8건 (>14일/파싱실패)
2026-07-16 11:43:08,310 [INFO] __main__ — 뉴스 시점 제외 [상신전자]: 11건 (>14일/파싱실패)
2026-07-16 11:43:08,410 [INFO] __main__ — 뉴스 시점 제외 [인지디스플레]: 11건 (>14일/파싱실패)
2026-07-16 11:43:09,046 [INFO] __main__ — 뉴스 시점 제외 [엔투텍]: 10건 (>14일/파싱실패)
2026-07-16 11:43:09,171 [INFO] __main__ — 뉴스 시점 제외 [아세아텍]: 10건 (>14일/파싱실패)
2026-07-16 11:43:09,175 [INFO] __main__ — 뉴스 시점 제외 [백금T&A]: 8건 (>14일/파싱실패)
2026-07-16 11:43:09,975 [INFO] __main__ — 뉴스 시점 제외 [화인써키트]: 12건 (>14일/파싱실패)
2026-07-16 11:43:09,997 [INFO] __main__ — 뉴스 시점 제외 [마이크로디지탈]: 15건 (>14일/파싱실패)
2026-07-16 11:43:10,923 [INFO] __main__ — 뉴스 시점 제외 [케이디켐]: 12건 (>14일/파싱실패)
2026-07-16 11:43:11,642 [INFO] __main__ — 뉴스 시점 제외 [에쎈테크]: 11건 (>14일/파싱실패)
2026-07-16 11:43:11,665 [INFO] __main__ — 뉴스 시점 제외 [서암기계공업]: 8건 (>14일/파싱실패)
2026-07-16 11:43:12,379 [INFO] __main__ — 뉴스 시점 제외 [나라엠앤디]: 14건 (>14일/파싱실패)
2026-07-16 11:43:12,608 [INFO] __main__ — 뉴스 시점 제외 [케일럼]: 11건 (>14일/파싱실패)
2026-07-16 11:43:13,547 [INFO] __main__ — 뉴스 시점 제외 [보라티알]: 12건 (>14일/파싱실패)
2026-07-16 11:43:13,863 [INFO] __main__ — 뉴스 시점 제외 [KB오토시스]: 12건 (>14일/파싱실패)
2026-07-16 11:43:14,289 [INFO] __main__ — 뉴스 시점 제외 [서연탑메탈]: 10건 (>14일/파싱실패)
2026-07-16 11:43:15,222 [INFO] __main__ — 뉴스 시점 제외 [한네트]: 15건 (>14일/파싱실패)
2026-07-16 11:43:15,230 [INFO] __main__ — 뉴스 시점 제외 [아이컴포넌트]: 14건 (>14일/파싱실패)
2026-07-16 11:43:16,165 [INFO] __main__ — 뉴스 시점 제외 [엔바이오니아]: 12건 (>14일/파싱실패)
2026-07-16 11:43:16,912 [INFO] __main__ — 뉴스 시점 제외 [씨큐브]: 10건 (>14일/파싱실패)
2026-07-16 11:43:16,929 [INFO] __main__ — 뉴스 시점 제외 [캐스텍코리아]: 12건 (>14일/파싱실패)
2026-07-16 11:43:17,863 [INFO] __main__ — 뉴스 시점 제외 [모헨즈]: 9건 (>14일/파싱실패)
2026-07-16 11:43:18,476 [INFO] __main__ — 뉴스 시점 제외 [에이치와이티씨]: 11건 (>14일/파싱실패)
2026-07-16 11:43:19,206 [INFO] __main__ — 뉴스 시점 제외 [삼화네트웍스]: 3건 (>14일/파싱실패)
2026-07-16 11:43:19,366 [INFO] __main__ — 뉴스 시점 제외 [스튜디오미르]: 13건 (>14일/파싱실패)
2026-07-16 11:43:19,377 [INFO] __main__ — 뉴스 시점 제외 [체리부로]: 8건 (>14일/파싱실패)
2026-07-16 11:43:19,947 [INFO] __main__ — 뉴스 시점 제외 [팬엔터테인먼트]: 6건 (>14일/파싱실패)
2026-07-16 11:43:20,100 [INFO] __main__ — 뉴스 시점 제외 [와토스코리아]: 13건 (>14일/파싱실패)
2026-07-16 11:43:20,691 [INFO] __main__ — 뉴스 시점 제외 [미트박스]: 12건 (>14일/파싱실패)
2026-07-16 11:43:20,837 [INFO] __main__ — 뉴스 시점 제외 [티디에스팜]: 10건 (>14일/파싱실패)
2026-07-16 11:43:21,572 [INFO] __main__ — 뉴스 시점 제외 [네오크레마]: 13건 (>14일/파싱실패)
2026-07-16 11:43:21,588 [INFO] __main__ — 뉴스 시점 제외 [기산텔레콤]: 9건 (>14일/파싱실패)
2026-07-16 11:43:22,320 [INFO] __main__ — 뉴스 시점 제외 [위즈코프]: 11건 (>14일/파싱실패)
2026-07-16 11:43:23,115 [INFO] __main__ — 뉴스 시점 제외 [이삭엔지니어링]: 10건 (>14일/파싱실패)
2026-07-16 11:43:23,629 [INFO] __main__ — 뉴스 시점 제외 [디와이씨]: 7건 (>14일/파싱실패)
2026-07-16 11:43:23,804 [INFO] __main__ — 뉴스 시점 제외 [솔디펜스]: 3건 (>14일/파싱실패)
2026-07-16 11:43:23,957 [INFO] __main__ — POOL_A 후보 부정뉴스 2차 조회: 676개
2026-07-16 11:43:23,961 [INFO] __main__ — POOL_A: 1085개 (A:729 B:201 동시:155) | 부정게이트 제외:14
  대형:89 중형:183 소형:813
2026-07-16 11:43:23,970 [INFO] __main__ —   → POOL_A: 1085개
2026-07-16 11:43:23,970 [INFO] __main__ — ▶ Step 2: 하드 필터링
2026-07-16 11:43:23,971 [INFO] __main__ — 하드 필터 제거: 1071개 | 과열배제 79 | 이격도상한 4 | 이격도하한 303 | MA추세 637 | RSI과열 6 | 거래대금 42
2026-07-16 11:43:23,973 [INFO] __main__ — 과열 gated 기록: 79개 → gated_tickers
2026-07-16 11:43:23,973 [INFO] __main__ — POOL_B: 14개 | 대형:1 중형:2 소형:11
2026-07-16 11:43:23,973 [INFO] __main__ —   → POOL_B: 14개
2026-07-16 11:43:23,973 [INFO] __main__ — ▶ Step 3: 스코어링 (FinBERT 감성 분석)
2026-07-16 11:43:23,974 [INFO] __main__ — NaverClient: 3개 키 로드 (DataLab·검색 독립 회전)
2026-07-16 11:43:23,974 [INFO] __main__ — 텍스트 신규 수집: 14종목 (캐시 적중 0종목)
2026-07-16 11:43:24,620 [INFO] __main__ — 뉴스 시점 제외 [이수화학]: 16건 (>14일/파싱실패)
2026-07-16 11:43:30,427 [INFO] __main__ — 뉴스 시점 제외 [와이지-원]: 7건 (>14일/파싱실패)
2026-07-16 11:43:30,442 [INFO] __main__ — 뉴스 시점 제외 [디케이티]: 16건 (>14일/파싱실패)
2026-07-16 11:43:41,465 [INFO] __main__ — 뉴스 시점 제외 [메가터치]: 17건 (>14일/파싱실패)
2026-07-16 11:43:51,435 [INFO] __main__ — 수집 완료: 뉴스 118건 | 공시 28건
2026-07-16 11:43:51,435 [INFO] __main__ — FinBERT 감성 분석 (finbert 모드)...
2026-07-16 11:43:51,436 [INFO] __main__ — FinBERT 로딩: snunlp/KR-FinBert-SC (CPU, batch=8)
2026-07-16 11:43:51,487 [INFO] httpx — HTTP Request: GET https://huggingface.co/api/agent-harnesses "HTTP/1.1 200 OK"
2026-07-16 11:43:51,509 [INFO] httpx — HTTP Request: HEAD https://huggingface.co/snunlp/KR-FinBert-SC/resolve/main/config.json "HTTP/1.1 307 Temporary Redirect"
2026-07-16 11:43:51,510 [WARNING] huggingface_hub.utils._http — Warning: You are sending unauthenticated requests to the HF Hub. Please set a HF_TOKEN to enable higher rate limits and faster downloads.
2026-07-16 11:43:51,519 [INFO] httpx — HTTP Request: HEAD https://huggingface.co/api/resolve-cache/models/snunlp/KR-FinBert-SC/f8586286cc3161fb648e9fee09a456069fd846d0/config.json "HTTP/1.1 200 OK"
2026-07-16 11:43:51,561 [INFO] httpx — HTTP Request: HEAD https://huggingface.co/snunlp/KR-FinBert-SC/resolve/main/model.safetensors "HTTP/1.1 404 Not Found"
2026-07-16 11:43:51,588 [INFO] httpx — HTTP Request: GET https://huggingface.co/api/models/snunlp/KR-FinBert-SC "HTTP/1.1 200 OK"
2026-07-16 11:43:51,628 [INFO] httpx — HTTP Request: GET https://huggingface.co/api/models/snunlp/KR-FinBert-SC/commits/main "HTTP/1.1 200 OK"
2026-07-16 11:43:51,660 [INFO] httpx — HTTP Request: GET https://huggingface.co/api/models/snunlp/KR-FinBert-SC/discussions?p=0 "HTTP/1.1 200 OK"
2026-07-16 11:43:51,702 [INFO] httpx — HTTP Request: GET https://huggingface.co/api/models/snunlp/KR-FinBert-SC/commits/refs%2Fpr%2F3 "HTTP/1.1 200 OK"
2026-07-16 11:43:51,726 [INFO] httpx — HTTP Request: GET https://huggingface.co/api/models/snunlp/KR-FinBert-SC/tree/main/additional_chat_templates?recursive=false&expand=false "HTTP/1.1 404 Not Found"
2026-07-16 11:43:51,728 [INFO] httpx — HTTP Request: HEAD https://huggingface.co/snunlp/KR-FinBert-SC/resolve/refs%2Fpr%2F3/model.safetensors.index.json "HTTP/1.1 404 Not Found"
2026-07-16 11:43:51,751 [INFO] httpx — HTTP Request: GET https://huggingface.co/api/models/snunlp/KR-FinBert-SC/tree/main?recursive=true&expand=false "HTTP/1.1 200 OK"
2026-07-16 11:43:51,758 [INFO] httpx — HTTP Request: HEAD https://huggingface.co/snunlp/KR-FinBert-SC/resolve/refs%2Fpr%2F3/model.safetensors "HTTP/1.1 302 Found"
2026-07-16 11:43:51,794 [INFO] httpx — HTTP Request: HEAD https://huggingface.co/snunlp/KR-FinBert-SC/resolve/main/processor_config.json "HTTP/1.1 404 Not Found"
2026-07-16 11:43:51,817 [INFO] httpx — HTTP Request: HEAD https://huggingface.co/snunlp/KR-FinBert-SC/resolve/main/video_preprocessor_config.json "HTTP/1.1 404 Not Found"
2026-07-16 11:43:51,839 [INFO] httpx — HTTP Request: HEAD https://huggingface.co/snunlp/KR-FinBert-SC/resolve/main/preprocessor_config.json "HTTP/1.1 404 Not Found"
2026-07-16 11:43:51,840 [INFO] __main__ — FinBERT 로드 완료 (CPU)
2026-07-16 11:43:57,877 [INFO] __main__ — Phase A.1: 매핑 신뢰도 < 0.5 → 감성 점수 폐기 10건
2026-07-16 11:43:57,878 [INFO] __main__ — 스코어링: 14개 | 집중:0 | FinBERT:finbert
2026-07-16 11:43:57,894 [INFO] __main__ —   → 14개
2026-07-16 11:43:57,894 [INFO] __main__ — ▶ Step 4: 발송
2026-07-16 11:44:00,925 [WARNING] __main__ — 텔레그램 발송 실패 그룹 → mark_sent skip 1개 (다음 실행 시 재발송 대상)
2026-07-16 11:44:00,926 [INFO] __main__ — DB 기록: 0개 / 전체 to_send 1개
2026-07-16 11:44:00,926 [INFO] __main__ — 발송: 집중 0 / 주시 0
2026-07-16 11:44:00,926 [INFO] __main__ — 완료  |  소요: 1407.1초
