2026-09-17 23:32:50,221 [INFO] __main__ — config 검증 완료 ✓
2026-09-17 23:32:50,221 [INFO] __main__ — KIS 조회 도메인: 실전 (https://openapi.koreainvestment.com:9443)
2026-09-17 23:32:50,221 [INFO] __main__ — ============================================================
2026-09-17 23:32:50,221 [INFO] __main__ — AlphaRadar v3.3.1  |  기준일: 20260918  |  런: am
2026-09-17 23:32:50,221 [INFO] __main__ — S = T×0.3 + S_text×0.4 + D×0.3
2026-09-17 23:32:50,221 [INFO] __main__ — ============================================================
2026-09-17 23:32:50,221 [INFO] __main__ — ▶ Step 0: 유니버스 필터링
2026-09-17 23:32:50,460 [INFO] __main__ — FDR 데이터 수집: 20260315 ~ 20260918
2026-09-17 23:32:52,597 [INFO] __main__ — master universe 메타: 캐시 사용 2760개 (year=2026)
2026-09-17 23:32:52,599 [INFO] __main__ — master 보강: 등급 835개 | FnGuide/KSIC 2546개 | 섹터(fg_industry) 2546개
2026-09-17 23:32:52,599 [INFO] __main__ — KOSPI: 942개 | 섹터정보 830개 (DART +827개 보완)
2026-09-17 23:32:52,600 [INFO] __main__ — KOSDAQ: 1820개 | 섹터정보 1745개
2026-09-17 23:32:52,600 [INFO] __main__ — 전체: 2762개
2026-09-17 23:32:54,865 [INFO] __main__ — KIS 토큰 발급 완료
2026-09-17 23:39:42,933 [INFO] __main__ — DART corp_code 매핑: 879/903개 (97%)
2026-09-17 23:39:42,934 [INFO] __main__ — 유효 유니버스: 903개
2026-09-17 23:39:42,940 [INFO] __main__ —   → 903개
2026-09-17 23:39:42,940 [INFO] __main__ — ▶ Step 1: 신호 탐지
2026-09-17 23:39:42,940 [INFO] __main__ — NaverClient: 3개 키 로드 (DataLab·검색 독립 회전)
2026-09-17 23:39:42,940 [INFO] __main__ — 관심 지수 및 부정 뉴스 비율 조회 중...
2026-09-17 23:39:44,705 [INFO] __main__ — 봇 주가요약 제외 [빛과전자]: 1건
2026-09-17 23:39:44,721 [INFO] __main__ — 봇 주가요약 제외 [드림시큐리티]: 2건
2026-09-17 23:39:46,246 [INFO] __main__ — 봇 주가요약 제외 [광전자]: 1건
2026-09-17 23:39:47,762 [INFO] __main__ — 봇 주가요약 제외 [엑스게이트]: 2건
2026-09-17 23:39:49,298 [INFO] __main__ — 봇 주가요약 제외 [흥구석유]: 5건
2026-09-17 23:39:49,301 [INFO] __main__ — 봇 주가요약 제외 [에스엠벡셀]: 1건
2026-09-17 23:39:50,862 [INFO] __main__ — 봇 주가요약 제외 [후성]: 1건
2026-09-17 23:39:50,900 [INFO] __main__ — 봇 주가요약 제외 [우리기술]: 1건
2026-09-17 23:39:52,240 [INFO] __main__ — 봇 주가요약 제외 [PS일렉트로닉스]: 2건
2026-09-17 23:39:53,578 [INFO] __main__ — 봇 주가요약 제외 [페니트리움바이오]: 1건
2026-09-17 23:39:56,410 [INFO] __main__ — 봇 주가요약 제외 [원익홀딩스]: 2건
2026-09-17 23:40:01,264 [INFO] __main__ — 봇 주가요약 제외 [쏠리드]: 1건
2026-09-17 23:40:01,313 [INFO] __main__ — 봇 주가요약 제외 [한선엔지니어링]: 1건
2026-09-17 23:40:01,772 [INFO] __main__ — 봇 주가요약 제외 [아모텍]: 1건
2026-09-17 23:40:03,126 [INFO] __main__ — 봇 주가요약 제외 [비츠로테크]: 2건
2026-09-17 23:40:04,799 [INFO] __main__ — 봇 주가요약 제외 [코칩]: 1건
2026-09-17 23:40:05,508 [INFO] __main__ — 봇 주가요약 제외 [한국정보인증]: 1건
2026-09-17 23:40:05,999 [INFO] __main__ — 봇 주가요약 제외 [삼화콘덴서]: 1건
2026-09-17 23:40:14,941 [INFO] __main__ — 봇 주가요약 제외 [HPSP]: 1건
2026-09-17 23:40:20,304 [INFO] __main__ — 봇 주가요약 제외 [대한전선]: 1건
2026-09-17 23:40:20,627 [INFO] __main__ — 봇 주가요약 제외 [두산퓨얼셀]: 1건
2026-09-17 23:40:21,836 [INFO] __main__ — 봇 주가요약 제외 [한전기술]: 2건
2026-09-17 23:40:22,140 [INFO] __main__ — 봇 주가요약 제외 [휴림로봇]: 1건
2026-09-17 23:40:23,330 [INFO] __main__ — 봇 주가요약 제외 [SK이터닉스]: 2건
2026-09-17 23:40:29,746 [INFO] __main__ — 뉴스 시점 제외 [맥쿼리인프라]: 7건 (>14일/파싱실패)
2026-09-17 23:40:31,324 [INFO] __main__ — 봇 주가요약 제외 [제주반도체]: 2건
2026-09-17 23:40:32,127 [INFO] __main__ — 봇 주가요약 제외 [삼현]: 1건
2026-09-17 23:40:35,646 [INFO] __main__ — 봇 주가요약 제외 [미래에셋벤처투자]: 2건
2026-09-17 23:40:36,029 [INFO] __main__ — 봇 주가요약 제외 [한미반도체]: 1건
2026-09-17 23:40:36,315 [INFO] __main__ — 봇 주가요약 제외 [에스피지]: 1건
2026-09-17 23:40:37,208 [INFO] __main__ — 봇 주가요약 제외 [대덕전자]: 1건
2026-09-17 23:40:37,478 [INFO] __main__ — 봇 주가요약 제외 [하이젠알앤엠]: 1건
2026-09-17 23:40:38,358 [INFO] __main__ — 봇 주가요약 제외 [오이솔루션]: 2건
2026-09-17 23:40:38,673 [INFO] __main__ — 봇 주가요약 제외 [한양디지텍]: 1건
2026-09-17 23:40:39,749 [INFO] __main__ — 봇 주가요약 제외 [RFHIC]: 1건
2026-09-17 23:40:40,940 [INFO] __main__ — 뉴스 시점 제외 [티씨머티리얼즈]: 5건 (>14일/파싱실패)
2026-09-17 23:40:46,067 [INFO] __main__ — 봇 주가요약 제외 [브이엠]: 3건
2026-09-17 23:40:46,805 [INFO] __main__ — 뉴스 시점 제외 [KB스타리츠]: 10건 (>14일/파싱실패)
2026-09-17 23:40:49,690 [INFO] __main__ — 봇 주가요약 제외 [에이비엘바이오]: 1건
2026-09-17 23:40:52,233 [INFO] __main__ — 봇 주가요약 제외 [이수페타시스]: 2건
2026-09-17 23:40:53,383 [INFO] __main__ — 봇 주가요약 제외 [테크윙]: 1건
2026-09-17 23:40:58,343 [INFO] __main__ — 뉴스 시점 제외 [와이지-원]: 2건 (>14일/파싱실패)
2026-09-17 23:40:59,690 [INFO] __main__ — 봇 주가요약 제외 [비에이치아이]: 1건
2026-09-17 23:41:01,710 [INFO] __main__ — 봇 주가요약 제외 [케이엠더블유]: 1건
2026-09-17 23:41:02,062 [INFO] __main__ — 봇 주가요약 제외 [파두]: 1건
2026-09-17 23:41:09,496 [INFO] __main__ — 봇 주가요약 제외 [LG씨엔에스]: 1건
2026-09-17 23:41:10,055 [INFO] __main__ — 봇 주가요약 제외 [LS ELECTRIC]: 1건
2026-09-17 23:41:11,220 [INFO] __main__ — 봇 주가요약 제외 [올릭스]: 1건
2026-09-17 23:41:11,747 [INFO] __main__ — 봇 주가요약 제외 [디아이]: 1건
2026-09-17 23:41:15,366 [INFO] __main__ — 봇 주가요약 제외 [휴스틸]: 1건
2026-09-17 23:41:18,263 [INFO] __main__ — 봇 주가요약 제외 [LS에코에너지]: 1건
2026-09-17 23:41:19,279 [INFO] __main__ — 봇 주가요약 제외 [두산테스나]: 2건
2026-09-17 23:41:20,631 [INFO] __main__ — 뉴스 시점 제외 [엘브이엠씨홀딩스]: 14건 (>14일/파싱실패)
2026-09-17 23:41:21,736 [INFO] __main__ — 뉴스 시점 제외 [서부T&D]: 6건 (>14일/파싱실패)
2026-09-17 23:41:22,984 [INFO] __main__ — 봇 주가요약 제외 [산일전기]: 2건
2026-09-17 23:41:24,063 [INFO] __main__ — 뉴스 시점 제외 [에스에이엠티]: 5건 (>14일/파싱실패)
2026-09-17 23:41:25,328 [INFO] __main__ — 봇 주가요약 제외 [지투지바이오]: 1건
2026-09-17 23:41:25,329 [INFO] __main__ — 봇 주가요약 제외 [케이엔알시스템]: 1건
2026-09-17 23:41:26,554 [INFO] __main__ — 봇 주가요약 제외 [나우로보틱스]: 1건
2026-09-17 23:41:27,926 [INFO] __main__ — 봇 주가요약 제외 [비츠로넥스텍]: 1건
2026-09-17 23:41:30,248 [INFO] __main__ — 봇 주가요약 제외 [비츠로셀]: 1건
2026-09-17 23:41:35,081 [INFO] __main__ — 봇 주가요약 제외 [테스]: 1건
2026-09-17 23:41:38,825 [INFO] __main__ — 봇 주가요약 제외 [이노스페이스]: 2건
2026-09-17 23:41:39,845 [INFO] __main__ — 봇 주가요약 제외 [에이치브이엠]: 2건
2026-09-17 23:41:48,572 [INFO] __main__ — 봇 주가요약 제외 [비나텍]: 1건
2026-09-17 23:41:52,204 [INFO] __main__ — 뉴스 시점 제외 [ESR켄달스퀘어리츠]: 12건 (>14일/파싱실패)
2026-09-17 23:41:53,262 [INFO] __main__ — 봇 주가요약 제외 [일진전기]: 2건
2026-09-17 23:41:53,593 [INFO] __main__ — 뉴스 시점 제외 [맵스리얼티]: 9건 (>14일/파싱실패)
2026-09-17 23:41:56,913 [INFO] __main__ — 봇 주가요약 제외 [엑시콘]: 1건
2026-09-17 23:42:06,415 [INFO] __main__ — 뉴스 시점 제외 [오리엔탈정공]: 6건 (>14일/파싱실패)
2026-09-17 23:42:07,599 [INFO] __main__ — 봇 주가요약 제외 [리가켐바이오]: 1건
2026-09-17 23:42:11,271 [INFO] __main__ — 뉴스 시점 제외 [KB발해인프라]: 12건 (>14일/파싱실패)
2026-09-17 23:42:13,812 [INFO] __main__ — 뉴스 시점 제외 [미래에셋증권2우B]: 7건 (>14일/파싱실패)
2026-09-17 23:42:15,011 [INFO] __main__ — 봇 주가요약 제외 [파이버프로]: 1건
2026-09-17 23:42:18,526 [INFO] __main__ — 봇 주가요약 제외 [세아베스틸지주]: 1건
2026-09-17 23:42:20,263 [INFO] __main__ — 뉴스 시점 제외 [디앤디플랫폼리츠]: 12건 (>14일/파싱실패)
2026-09-17 23:42:33,607 [INFO] __main__ — 뉴스 시점 제외 [롯데리츠]: 4건 (>14일/파싱실패)
2026-09-17 23:42:37,586 [INFO] __main__ — 봇 주가요약 제외 [삼성에스디에스]: 1건
2026-09-17 23:42:44,810 [INFO] __main__ — 봇 주가요약 제외 [삼아알미늄]: 1건
2026-09-17 23:42:45,304 [INFO] __main__ — 봇 주가요약 제외 [ISC]: 1건
2026-09-17 23:42:47,652 [INFO] __main__ — 봇 주가요약 제외 [펩트론]: 1건
2026-09-17 23:42:47,732 [INFO] __main__ — 뉴스 시점 제외 [현대차2우B]: 6건 (>14일/파싱실패)
2026-09-17 23:42:53,499 [INFO] __main__ — 뉴스 시점 제외 [심텍홀딩스]: 9건 (>14일/파싱실패)
2026-09-17 23:42:57,018 [INFO] __main__ — 봇 주가요약 제외 [이오테크닉스]: 1건
2026-09-17 23:43:01,838 [INFO] __main__ — 뉴스 시점 제외 [젬백스]: 8건 (>14일/파싱실패)
2026-09-17 23:43:09,709 [INFO] __main__ — 부정 키워드 감지: 22개 종목 (neg_ratio > 0)
2026-09-17 23:43:09,711 [INFO] __main__ — 수급일수충족·합계음수 제외: 97개
2026-09-17 23:43:14,237 [INFO] __main__ — 뉴스 시점 제외 [삼성전기우]: 11건 (>14일/파싱실패)
2026-09-17 23:43:15,691 [INFO] __main__ — 뉴스 시점 제외 [한화리츠]: 8건 (>14일/파싱실패)
2026-09-17 23:43:16,337 [INFO] __main__ — 뉴스 시점 제외 [GS피앤엘]: 11건 (>14일/파싱실패)
2026-09-17 23:43:18,281 [INFO] __main__ — 뉴스 시점 제외 [신한알파리츠]: 12건 (>14일/파싱실패)
2026-09-17 23:43:19,126 [INFO] __main__ — 뉴스 시점 제외 [한화3우B]: 11건 (>14일/파싱실패)
2026-09-17 23:43:19,767 [INFO] __main__ — 뉴스 시점 제외 [세아홀딩스]: 5건 (>14일/파싱실패)
2026-09-17 23:43:20,431 [INFO] __main__ — 뉴스 시점 제외 [한일홀딩스]: 9건 (>14일/파싱실패)
2026-09-17 23:43:20,435 [INFO] __main__ — 뉴스 시점 제외 [CJ4우(전환)]: 14건 (>14일/파싱실패)
2026-09-17 23:43:20,436 [INFO] __main__ — 봇 주가요약 제외 [풍산홀딩스]: 1건
2026-09-17 23:43:21,132 [INFO] __main__ — 뉴스 시점 제외 [삼성FN리츠]: 10건 (>14일/파싱실패)
2026-09-17 23:43:21,803 [INFO] __main__ — 뉴스 시점 제외 [아모레퍼시픽우]: 11건 (>14일/파싱실패)
2026-09-17 23:43:23,149 [INFO] __main__ — 뉴스 시점 제외 [KPX홀딩스]: 13건 (>14일/파싱실패)
2026-09-17 23:43:23,179 [INFO] __main__ — 뉴스 시점 제외 [농심홀딩스]: 3건 (>14일/파싱실패)
2026-09-17 23:43:23,843 [INFO] __main__ — 뉴스 시점 제외 [삼영무역]: 12건 (>14일/파싱실패)
2026-09-17 23:43:23,849 [INFO] __main__ — 뉴스 시점 제외 [코람코라이프인프라리츠]: 13건 (>14일/파싱실패)
2026-09-17 23:43:24,501 [INFO] __main__ — 뉴스 시점 제외 [INVENI]: 9건 (>14일/파싱실패)
2026-09-17 23:43:25,751 [INFO] __main__ — 뉴스 시점 제외 [아세아제지]: 9건 (>14일/파싱실패)
2026-09-17 23:43:26,030 [INFO] __main__ — 뉴스 시점 제외 [삼성물산우B]: 14건 (>14일/파싱실패)
2026-09-17 23:43:27,083 [INFO] __main__ — 뉴스 시점 제외 [S-Oil우]: 11건 (>14일/파싱실패)
2026-09-17 23:43:27,745 [INFO] __main__ — 뉴스 시점 제외 [아이마켓코리아]: 12건 (>14일/파싱실패)
2026-09-17 23:43:28,583 [INFO] __main__ — 뉴스 시점 제외 [이지스밸류플러스리츠]: 10건 (>14일/파싱실패)
2026-09-17 23:43:29,228 [INFO] __main__ — 뉴스 시점 제외 [KPX케미칼]: 1건 (>14일/파싱실패)
2026-09-17 23:43:29,913 [INFO] __main__ — 뉴스 시점 제외 [미원화학]: 11건 (>14일/파싱실패)
2026-09-17 23:43:29,916 [INFO] __main__ — 뉴스 시점 제외 [미창석유]: 6건 (>14일/파싱실패)
2026-09-17 23:43:31,257 [INFO] __main__ — 뉴스 시점 제외 [CR홀딩스]: 10건 (>14일/파싱실패)
2026-09-17 23:43:31,258 [INFO] __main__ — 뉴스 시점 제외 [LG우]: 14건 (>14일/파싱실패)
2026-09-17 23:43:32,597 [INFO] __main__ — 봇 주가요약 제외 [제룡전기]: 3건
2026-09-17 23:43:35,281 [INFO] __main__ — 뉴스 시점 제외 [티앤엘]: 1건 (>14일/파싱실패)
2026-09-17 23:43:39,343 [INFO] __main__ — 뉴스 시점 제외 [에코아이]: 11건 (>14일/파싱실패)
2026-09-17 23:43:40,182 [INFO] __main__ — 뉴스 시점 제외 [디지털대성]: 8건 (>14일/파싱실패)
2026-09-17 23:43:40,873 [INFO] __main__ — 뉴스 시점 제외 [케이티알파]: 11건 (>14일/파싱실패)
2026-09-17 23:43:41,523 [INFO] __main__ — 뉴스 시점 제외 [에스엔시스]: 5건 (>14일/파싱실패)
2026-09-17 23:43:42,207 [INFO] __main__ — 뉴스 시점 제외 [뷰웍스]: 2건 (>14일/파싱실패)
2026-09-17 23:43:42,208 [INFO] __main__ — 봇 주가요약 제외 [칩스앤미디어]: 1건
2026-09-17 23:43:43,549 [INFO] __main__ — 뉴스 시점 제외 [우주일렉트로]: 9건 (>14일/파싱실패)
2026-09-17 23:43:45,173 [INFO] __main__ — 뉴스 시점 제외 [미래나노텍]: 3건 (>14일/파싱실패)
2026-09-17 23:43:45,907 [INFO] __main__ — POOL_A 후보 부정뉴스 2차 조회: 155개
2026-09-17 23:43:45,909 [INFO] __main__ — POOL_A: 572개 (A:217 B:185 동시:170) | 부정게이트 제외:5
  대형:85 중형:240 소형:247
2026-09-17 23:43:45,920 [INFO] __main__ — 대조군 표본(무신호): 40개 / 모집단 331개 → pool_history
2026-09-17 23:43:45,922 [INFO] __main__ —   → POOL_A: 572개
2026-09-17 23:43:45,922 [INFO] __main__ — ▶ Step 2: 하드 필터링
2026-09-17 23:43:45,923 [INFO] __main__ — 하드 필터 제거: 552개 | 과열배제 53 | 이격도상한 16 | 이격도하한 44 | MA추세 339 | RSI과열 5 | 거래대금 95
2026-09-17 23:43:45,929 [INFO] __main__ — 과열 gated 기록: 53개 → gated_tickers
2026-09-17 23:43:46,023 [INFO] __main__ — 대조군 표본(필터탈락): 181개 / 모집단 552개 → pool_history
2026-09-17 23:43:46,023 [INFO] __main__ — POOL_B: 20개 | 대형:1 중형:9 소형:10
2026-09-17 23:43:46,024 [INFO] __main__ —   → POOL_B: 20개
2026-09-17 23:43:46,024 [INFO] __main__ — ▶ Step 3: 스코어링 (FinBERT 감성 분석)
2026-09-17 23:43:46,024 [INFO] __main__ — NaverClient: 3개 키 로드 (DataLab·검색 독립 회전)
2026-09-17 23:43:46,024 [INFO] __main__ — 텍스트 신규 수집: 20종목 (캐시 적중 0종목)
2026-09-17 23:43:46,637 [INFO] __main__ — 봇 주가요약 제외 [한국콜마]: 1건
2026-09-17 23:43:51,154 [INFO] __main__ — 봇 주가요약 제외 [대원전선]: 5건
2026-09-17 23:43:51,157 [INFO] __main__ — 봇 주가요약 제외 [SK이터닉스]: 3건
2026-09-17 23:43:55,289 [INFO] __main__ — 뉴스 시점 제외 [동아지질]: 6건 (>14일/파싱실패)
2026-09-17 23:43:55,550 [INFO] __main__ — 봇 주가요약 제외 [HPSP]: 2건
2026-09-17 23:43:59,361 [INFO] __main__ — 뉴스 시점 제외 [인제니아테라퓨틱스(Reg.S)]: 21건 (>14일/파싱실패)
2026-09-17 23:43:59,602 [INFO] __main__ — 봇 주가요약 제외 [지엔씨에너지]: 2건
2026-09-17 23:44:00,166 [INFO] __main__ — 뉴스 시점 제외 [오킨스전자]: 7건 (>14일/파싱실패)
2026-09-17 23:44:11,415 [INFO] __main__ — 봇 주가요약 제외 [바이오니아]: 1건
2026-09-17 23:44:14,750 [INFO] __main__ — 기사 보존(수집): 184건 (20종목) → news_articles
2026-09-17 23:44:14,972 [INFO] __main__ — 공시 보존(수집): 38건 (20종목) → dart_filings
2026-09-17 23:44:14,973 [INFO] __main__ — 수집 완료: 뉴스 184건 | 공시 38건
2026-09-17 23:44:14,973 [INFO] __main__ — FinBERT 감성 분석 (finbert 모드)...
2026-09-17 23:44:14,973 [INFO] __main__ — FinBERT 로딩: snunlp/KR-FinBert-SC (CPU, batch=8)
2026-09-17 23:44:15,099 [INFO] httpx — HTTP Request: GET https://huggingface.co/api/agent-harnesses "HTTP/1.1 200 OK"
2026-09-17 23:44:15,145 [INFO] httpx — HTTP Request: HEAD https://huggingface.co/snunlp/KR-FinBert-SC/resolve/main/config.json "HTTP/1.1 307 Temporary Redirect"
2026-09-17 23:44:15,160 [INFO] httpx — HTTP Request: HEAD https://huggingface.co/api/resolve-cache/models/snunlp/KR-FinBert-SC/f8586286cc3161fb648e9fee09a456069fd846d0/config.json?%2Fsnunlp%2FKR-FinBert-SC%2Fresolve%2Fmain%2Fconfig.json=&etag=%22bd00b2460e394f69e29e6438699e074cbac9584e%22 "HTTP/1.1 200 OK"
2026-09-17 23:44:15,223 [INFO] httpx — HTTP Request: HEAD https://huggingface.co/snunlp/KR-FinBert-SC/resolve/main/model.safetensors "HTTP/1.1 404 Not Found"
2026-09-17 23:44:15,268 [INFO] httpx — HTTP Request: GET https://huggingface.co/api/models/snunlp/KR-FinBert-SC "HTTP/1.1 200 OK"
2026-09-17 23:44:15,332 [INFO] httpx — HTTP Request: GET https://huggingface.co/api/models/snunlp/KR-FinBert-SC/commits/main "HTTP/1.1 200 OK"
2026-09-17 23:44:15,385 [INFO] httpx — HTTP Request: GET https://huggingface.co/api/models/snunlp/KR-FinBert-SC/discussions?p=0 "HTTP/1.1 200 OK"
2026-09-17 23:44:15,391 [INFO] httpx — HTTP Request: GET https://huggingface.co/api/models/snunlp/KR-FinBert-SC/tree/main/additional_chat_templates?recursive=false&expand=false "HTTP/1.1 404 Not Found"
2026-09-17 23:44:15,440 [INFO] httpx — HTTP Request: GET https://huggingface.co/api/models/snunlp/KR-FinBert-SC/commits/refs%2Fpr%2F3 "HTTP/1.1 200 OK"
2026-09-17 23:44:15,448 [INFO] httpx — HTTP Request: GET https://huggingface.co/api/models/snunlp/KR-FinBert-SC/tree/main?recursive=true&expand=false "HTTP/1.1 200 OK"
2026-09-17 23:44:15,487 [INFO] httpx — HTTP Request: HEAD https://huggingface.co/snunlp/KR-FinBert-SC/resolve/refs%2Fpr%2F3/model.safetensors.index.json "HTTP/1.1 404 Not Found"
2026-09-17 23:44:15,487 [WARNING] huggingface_hub.utils._http — Warning: You are sending unauthenticated requests to the HF Hub. Please set a HF_TOKEN to enable higher rate limits and faster downloads.
2026-09-17 23:44:15,513 [INFO] httpx — HTTP Request: HEAD https://huggingface.co/snunlp/KR-FinBert-SC/resolve/main/processor_config.json "HTTP/1.1 404 Not Found"
2026-09-17 23:44:15,537 [INFO] httpx — HTTP Request: HEAD https://huggingface.co/snunlp/KR-FinBert-SC/resolve/refs%2Fpr%2F3/model.safetensors "HTTP/1.1 302 Found"
2026-09-17 23:44:15,571 [INFO] httpx — HTTP Request: HEAD https://huggingface.co/snunlp/KR-FinBert-SC/resolve/main/video_preprocessor_config.json "HTTP/1.1 404 Not Found"
2026-09-17 23:44:15,627 [INFO] httpx — HTTP Request: HEAD https://huggingface.co/snunlp/KR-FinBert-SC/resolve/main/preprocessor_config.json "HTTP/1.1 404 Not Found"
2026-09-17 23:44:15,628 [INFO] __main__ — FinBERT 로드 완료 (CPU)
2026-09-17 23:44:27,804 [INFO] __main__ — Phase A.1: 매핑 신뢰도 < 0.5 → 감성 점수 폐기 16건
2026-09-17 23:44:27,805 [INFO] __main__ — [shadow] 필드별 검사 기준 폐기 0/20종목 (집행 16건 — 변동 없음)
2026-09-17 23:44:27,805 [INFO] __main__ — 스코어링: 20개 | 집중:0 | FinBERT:finbert
2026-09-17 23:44:27,816 [INFO] __main__ —   → 20개
2026-09-17 23:44:27,816 [INFO] __main__ — ▶ Step 4: 발송
2026-09-17 23:44:33,009 [INFO] __main__ — DB 기록: 14개 / 전체 to_send 14개
2026-09-17 23:44:33,009 [INFO] __main__ — 발송: 14종목 | 누적 4~10회 5 | 신규 0
2026-09-17 23:44:33,009 [INFO] __main__ — 완료  |  소요: 702.8초
2026-09-17 23:44:33,942 [INFO] track_outcomes — pool_history 대조군 8111건 추적 대상 포함
2026-09-17 23:44:33,989 [INFO] track_outcomes — 고아 행 167건 복원 (targets에서 탈락한 미완 키)
2026-09-17 23:44:33,990 [INFO] track_outcomes — 대상 17407건 | 갱신 필요 8209건 | 완료 스킵 9365건
2026-09-17 23:44:33,991 [INFO] track_outcomes —   가격 조회 고유 종목 1095개 (기존 385 + 대조군 추가 710)
2026-09-18 00:04:24,568 [INFO] track_outcomes — outcomes 적재: 신규 294건 | 갱신(신규+보완) 802건
2026-09-18 13:47:44,773 [INFO] __main__ — config 검증 완료 ✓
2026-09-18 13:47:44,773 [INFO] __main__ — KIS 조회 도메인: 실전 (https://openapi.koreainvestment.com:9443)
2026-09-18 13:47:44,773 [INFO] __main__ — ============================================================
2026-09-18 13:47:44,774 [INFO] __main__ — AlphaRadar v3.3.1  |  기준일: 20260918  |  런: pm
2026-09-18 13:47:44,774 [INFO] __main__ — S = T×0.3 + S_text×0.4 + D×0.3
2026-09-18 13:47:44,774 [INFO] __main__ — ============================================================
2026-09-18 13:47:44,774 [INFO] __main__ — ▶ Step 0: 유니버스 필터링
2026-09-18 13:47:45,091 [INFO] __main__ — FDR 데이터 수집: 20260315 ~ 20260918
2026-09-18 13:47:46,686 [INFO] __main__ — master universe 메타: 캐시 사용 2760개 (year=2026)
2026-09-18 13:47:46,689 [INFO] __main__ — master 보강: 등급 835개 | FnGuide/KSIC 2546개 | 섹터(fg_industry) 2546개
2026-09-18 13:47:46,689 [INFO] __main__ — KOSPI: 942개 | 섹터정보 830개 (DART +827개 보완)
2026-09-18 13:47:46,690 [INFO] __main__ — KOSDAQ: 1820개 | 섹터정보 1745개
2026-09-18 13:47:46,690 [INFO] __main__ — 전체: 2762개
2026-09-18 13:47:48,393 [INFO] __main__ — KIS 토큰 발급 완료
2026-09-18 13:53:33,689 [INFO] __main__ — DART corp_code 매핑: 879/903개 (97%)
2026-09-18 13:53:33,689 [INFO] __main__ — 유효 유니버스: 903개
2026-09-18 13:53:33,696 [INFO] __main__ —   → 903개
2026-09-18 13:53:33,696 [INFO] __main__ — ▶ Step 1: 신호 탐지
2026-09-18 13:53:33,696 [INFO] __main__ — NaverClient: 3개 키 로드 (DataLab·검색 독립 회전)
2026-09-18 13:53:33,696 [INFO] __main__ — 관심 지수 및 부정 뉴스 비율 조회 중...
2026-09-18 13:53:35,095 [INFO] __main__ — 봇 주가요약 제외 [광전자]: 2건
2026-09-18 13:53:36,189 [INFO] __main__ — 봇 주가요약 제외 [드림시큐리티]: 2건
2026-09-18 13:53:37,542 [INFO] __main__ — 봇 주가요약 제외 [엑스게이트]: 4건
2026-09-18 13:53:38,475 [INFO] __main__ — 봇 주가요약 제외 [SFA반도체]: 1건
2026-09-18 13:53:38,485 [INFO] __main__ — 봇 주가요약 제외 [아주IB투자]: 1건
2026-09-18 13:53:38,517 [INFO] __main__ — 봇 주가요약 제외 [에스엠벡셀]: 1건
2026-09-18 13:53:39,711 [INFO] __main__ — 봇 주가요약 제외 [후성]: 1건
2026-09-18 13:53:40,578 [INFO] __main__ — 봇 주가요약 제외 [우리기술]: 1건
2026-09-18 13:53:40,706 [INFO] __main__ — 봇 주가요약 제외 [PS일렉트로닉스]: 2건
2026-09-18 13:53:41,553 [INFO] __main__ — 봇 주가요약 제외 [KBI메탈]: 2건
2026-09-18 13:53:42,790 [INFO] __main__ — 봇 주가요약 제외 [원익홀딩스]: 2건
2026-09-18 13:53:43,498 [INFO] __main__ — 봇 주가요약 제외 [파미셀]: 2건
2026-09-18 13:53:43,746 [INFO] __main__ — 봇 주가요약 제외 [비츠로테크]: 2건
2026-09-18 13:53:45,025 [INFO] __main__ — 봇 주가요약 제외 [페니트리움바이오]: 1건
2026-09-18 13:53:45,994 [INFO] __main__ — 봇 주가요약 제외 [쏠리드]: 2건
2026-09-18 13:53:46,950 [INFO] __main__ — 봇 주가요약 제외 [대한전선]: 1건
2026-09-18 13:53:48,595 [INFO] __main__ — 봇 주가요약 제외 [한선엔지니어링]: 1건
2026-09-18 13:53:51,834 [INFO] __main__ — 봇 주가요약 제외 [스피어]: 1건
2026-09-18 13:53:51,875 [INFO] __main__ — 봇 주가요약 제외 [현대무벡스]: 1건
2026-09-18 13:53:52,431 [INFO] __main__ — 봇 주가요약 제외 [아모텍]: 1건
2026-09-18 13:53:53,412 [INFO] __main__ — 봇 주가요약 제외 [한국정보인증]: 1건
2026-09-18 13:53:54,834 [INFO] __main__ — 봇 주가요약 제외 [코칩]: 1건
2026-09-18 13:53:55,746 [INFO] __main__ — 봇 주가요약 제외 [하나마이크론]: 1건
2026-09-18 13:53:58,272 [INFO] __main__ — 봇 주가요약 제외 [RF머트리얼즈]: 1건
2026-09-18 13:53:58,647 [INFO] __main__ — 봇 주가요약 제외 [삼화콘덴서]: 2건
2026-09-18 13:53:59,680 [INFO] __main__ — 봇 주가요약 제외 [휴림로봇]: 2건
2026-09-18 13:54:03,130 [INFO] __main__ — 봇 주가요약 제외 [한화엔진]: 1건
2026-09-18 13:54:04,090 [INFO] __main__ — 봇 주가요약 제외 [두산퓨얼셀]: 2건
2026-09-18 13:54:07,984 [INFO] __main__ — 봇 주가요약 제외 [DB하이텍]: 1건
2026-09-18 13:54:10,294 [INFO] __main__ — 봇 주가요약 제외 [지엔씨에너지]: 1건
2026-09-18 13:54:11,856 [INFO] __main__ — 뉴스 시점 제외 [KB스타리츠]: 10건 (>14일/파싱실패)
2026-09-18 13:54:12,229 [INFO] __main__ — 봇 주가요약 제외 [미래에셋벤처투자]: 3건
2026-09-18 13:54:12,334 [INFO] __main__ — 봇 주가요약 제외 [SK이터닉스]: 1건
2026-09-18 13:54:13,287 [INFO] __main__ — 뉴스 시점 제외 [맥쿼리인프라]: 7건 (>14일/파싱실패)
2026-09-18 13:54:15,220 [INFO] __main__ — 봇 주가요약 제외 [서진시스템]: 1건
2026-09-18 13:54:15,732 [INFO] __main__ — 봇 주가요약 제외 [오이솔루션]: 1건
2026-09-18 13:54:17,047 [INFO] __main__ — 봇 주가요약 제외 [삼현]: 1건
2026-09-18 13:54:17,173 [INFO] __main__ — 봇 주가요약 제외 [제주반도체]: 3건
2026-09-18 13:54:18,137 [INFO] __main__ — 봇 주가요약 제외 [브이엠]: 4건
2026-09-18 13:54:19,621 [INFO] __main__ — 뉴스 시점 제외 [KB발해인프라]: 12건 (>14일/파싱실패)
2026-09-18 13:54:20,117 [INFO] __main__ — 봇 주가요약 제외 [대덕전자]: 2건
2026-09-18 13:54:21,877 [INFO] __main__ — 봇 주가요약 제외 [에스피지]: 1건
2026-09-18 13:54:26,429 [INFO] __main__ — 봇 주가요약 제외 [케이엠더블유]: 1건
2026-09-18 13:54:26,717 [INFO] __main__ — 봇 주가요약 제외 [LS에코에너지]: 1건
2026-09-18 13:54:33,885 [INFO] __main__ — 뉴스 시점 제외 [와이지-원]: 2건 (>14일/파싱실패)
2026-09-18 13:54:38,057 [INFO] __main__ — 봇 주가요약 제외 [테크윙]: 1건
2026-09-18 13:54:38,731 [INFO] __main__ — 봇 주가요약 제외 [로보티즈]: 1건
2026-09-18 13:54:40,702 [INFO] __main__ — 봇 주가요약 제외 [비에이치아이]: 1건
2026-09-18 13:54:44,082 [INFO] __main__ — 봇 주가요약 제외 [두산테스나]: 2건
2026-09-18 13:54:45,051 [INFO] __main__ — 봇 주가요약 제외 [디아이]: 1건
2026-09-18 13:54:46,236 [INFO] __main__ — 봇 주가요약 제외 [일진전기]: 1건
2026-09-18 13:54:47,080 [INFO] __main__ — 뉴스 시점 제외 [맵스리얼티]: 9건 (>14일/파싱실패)
2026-09-18 13:54:51,250 [INFO] __main__ — 봇 주가요약 제외 [삼성SDI]: 1건
2026-09-18 13:54:51,310 [INFO] __main__ — 봇 주가요약 제외 [비츠로넥스텍]: 1건
2026-09-18 13:54:52,487 [INFO] __main__ — 봇 주가요약 제외 [산일전기]: 1건
2026-09-18 13:54:52,495 [INFO] __main__ — 뉴스 시점 제외 [휴스틸]: 5건 (>14일/파싱실패)
2026-09-18 13:54:52,496 [INFO] __main__ — 뉴스 시점 제외 [엘브이엠씨홀딩스]: 15건 (>14일/파싱실패)
2026-09-18 13:54:54,474 [INFO] __main__ — 뉴스 시점 제외 [ESR켄달스퀘어리츠]: 12건 (>14일/파싱실패)
2026-09-18 13:54:57,443 [INFO] __main__ — 뉴스 시점 제외 [서부T&D]: 6건 (>14일/파싱실패)
2026-09-18 13:54:58,411 [INFO] __main__ — 뉴스 시점 제외 [디앤디플랫폼리츠]: 12건 (>14일/파싱실패)
2026-09-18 13:54:58,424 [INFO] __main__ — 봇 주가요약 제외 [케이엔알시스템]: 1건
2026-09-18 13:55:10,242 [INFO] __main__ — 봇 주가요약 제외 [이노스페이스]: 2건
2026-09-18 13:55:15,170 [INFO] __main__ — 봇 주가요약 제외 [에이피알]: 1건
2026-09-18 13:55:16,135 [INFO] __main__ — 봇 주가요약 제외 [비나텍]: 1건
2026-09-18 13:55:17,116 [INFO] __main__ — 봇 주가요약 제외 [에이치브이엠]: 2건
2026-09-18 13:55:18,100 [INFO] __main__ — 뉴스 시점 제외 [미래에셋증권2우B]: 6건 (>14일/파싱실패)
2026-09-18 13:55:25,848 [INFO] __main__ — 봇 주가요약 제외 [엑시콘]: 1건
2026-09-18 13:55:26,862 [INFO] __main__ — 봇 주가요약 제외 [SFA]: 1건
2026-09-18 13:55:33,647 [INFO] __main__ — 뉴스 시점 제외 [오리엔탈정공]: 7건 (>14일/파싱실패)
2026-09-18 13:55:36,855 [INFO] __main__ — 봇 주가요약 제외 [달바글로벌]: 2건
2026-09-18 13:55:39,773 [INFO] __main__ — 봇 주가요약 제외 [세아베스틸지주]: 1건
2026-09-18 13:55:40,903 [INFO] __main__ — 봇 주가요약 제외 [한컴]: 1건
2026-09-18 13:55:42,946 [INFO] __main__ — 봇 주가요약 제외 [리가켐바이오]: 1건
2026-09-18 13:55:44,063 [INFO] __main__ — 뉴스 시점 제외 [롯데리츠]: 6건 (>14일/파싱실패)
2026-09-18 13:55:54,416 [INFO] __main__ — 뉴스 시점 제외 [삼성FN리츠]: 10건 (>14일/파싱실패)
2026-09-18 13:56:01,767 [INFO] __main__ — 뉴스 시점 제외 [현대차2우B]: 7건 (>14일/파싱실패)
2026-09-18 13:56:03,609 [INFO] __main__ — 봇 주가요약 제외 [삼성에스디에스]: 1건
2026-09-18 13:56:04,029 [INFO] __main__ — 봇 주가요약 제외 [OCI홀딩스]: 1건
2026-09-18 13:56:09,640 [INFO] __main__ — 뉴스 시점 제외 [신한알파리츠]: 12건 (>14일/파싱실패)
2026-09-18 13:56:11,591 [INFO] __main__ — 뉴스 시점 제외 [심텍홀딩스]: 9건 (>14일/파싱실패)
2026-09-18 13:56:11,756 [INFO] __main__ — 봇 주가요약 제외 [펩트론]: 2건
2026-09-18 13:56:20,530 [INFO] __main__ — 뉴스 시점 제외 [젬백스]: 9건 (>14일/파싱실패)
2026-09-18 13:56:24,275 [INFO] __main__ — 봇 주가요약 제외 [삼아알미늄]: 1건
2026-09-18 13:56:28,337 [INFO] __main__ — 봇 주가요약 제외 [상아프론테크]: 1건
2026-09-18 13:56:32,221 [INFO] __main__ — 부정 키워드 감지: 14개 종목 (neg_ratio > 0)
2026-09-18 13:56:32,223 [INFO] __main__ — 수급일수충족·합계음수 제외: 94개
2026-09-18 13:56:32,671 [INFO] __main__ — 봇 주가요약 제외 [삼양식품]: 1건
2026-09-18 13:56:35,705 [INFO] __main__ — 뉴스 시점 제외 [삼성전기우]: 9건 (>14일/파싱실패)
2026-09-18 13:56:36,263 [INFO] __main__ — 뉴스 시점 제외 [한화리츠]: 10건 (>14일/파싱실패)
2026-09-18 13:56:37,376 [INFO] __main__ — 뉴스 시점 제외 [GS피앤엘]: 12건 (>14일/파싱실패)
2026-09-18 13:56:38,997 [INFO] __main__ — 뉴스 시점 제외 [한화3우B]: 12건 (>14일/파싱실패)
2026-09-18 13:56:39,592 [INFO] __main__ — 봇 주가요약 제외 [풍산홀딩스]: 1건
2026-09-18 13:56:39,595 [INFO] __main__ — 뉴스 시점 제외 [한일홀딩스]: 10건 (>14일/파싱실패)
2026-09-18 13:56:40,073 [INFO] __main__ — 뉴스 시점 제외 [세아홀딩스]: 8건 (>14일/파싱실패)
2026-09-18 13:56:40,147 [INFO] __main__ — 뉴스 시점 제외 [CJ4우(전환)]: 14건 (>14일/파싱실패)
2026-09-18 13:56:41,228 [INFO] __main__ — 뉴스 시점 제외 [아모레퍼시픽우]: 11건 (>14일/파싱실패)
2026-09-18 13:56:42,310 [INFO] __main__ — 뉴스 시점 제외 [농심홀딩스]: 4건 (>14일/파싱실패)
2026-09-18 13:56:42,337 [INFO] __main__ — 뉴스 시점 제외 [코람코라이프인프라리츠]: 13건 (>14일/파싱실패)
2026-09-18 13:56:42,844 [INFO] __main__ — 뉴스 시점 제외 [KPX홀딩스]: 14건 (>14일/파싱실패)
2026-09-18 13:56:42,879 [INFO] __main__ — 뉴스 시점 제외 [INVENI]: 10건 (>14일/파싱실패)
2026-09-18 13:56:43,333 [INFO] __main__ — 뉴스 시점 제외 [삼영무역]: 12건 (>14일/파싱실패)
2026-09-18 13:56:43,863 [INFO] __main__ — 뉴스 시점 제외 [일진홀딩스]: 1건 (>14일/파싱실패)
2026-09-18 13:56:44,477 [INFO] __main__ — 뉴스 시점 제외 [삼성물산우B]: 14건 (>14일/파싱실패)
2026-09-18 13:56:44,509 [INFO] __main__ — 뉴스 시점 제외 [S-Oil우]: 11건 (>14일/파싱실패)
2026-09-18 13:56:44,945 [INFO] __main__ — 뉴스 시점 제외 [아세아제지]: 10건 (>14일/파싱실패)
2026-09-18 13:56:45,574 [INFO] __main__ — 뉴스 시점 제외 [아이마켓코리아]: 11건 (>14일/파싱실패)
2026-09-18 13:56:46,148 [INFO] __main__ — 뉴스 시점 제외 [이지스밸류플러스리츠]: 10건 (>14일/파싱실패)
2026-09-18 13:56:47,112 [INFO] __main__ — 뉴스 시점 제외 [미원화학]: 11건 (>14일/파싱실패)
2026-09-18 13:56:47,659 [INFO] __main__ — 뉴스 시점 제외 [대신밸류리츠]: 10건 (>14일/파싱실패)
2026-09-18 13:56:48,290 [INFO] __main__ — 뉴스 시점 제외 [미창석유]: 5건 (>14일/파싱실패)
2026-09-18 13:56:48,743 [INFO] __main__ — 뉴스 시점 제외 [LG생활건강우]: 10건 (>14일/파싱실패)
2026-09-18 13:56:48,827 [INFO] __main__ — 뉴스 시점 제외 [LG우]: 14건 (>14일/파싱실패)
2026-09-18 13:56:49,991 [INFO] __main__ — 봇 주가요약 제외 [제룡전기]: 3건
2026-09-18 13:56:52,334 [INFO] __main__ — 뉴스 시점 제외 [티앤엘]: 1건 (>14일/파싱실패)
2026-09-18 13:56:56,404 [INFO] __main__ — 뉴스 시점 제외 [한라IMS]: 4건 (>14일/파싱실패)
2026-09-18 13:56:57,389 [INFO] __main__ — 뉴스 시점 제외 [에코아이]: 11건 (>14일/파싱실패)
2026-09-18 13:56:58,062 [INFO] __main__ — 뉴스 시점 제외 [디지털대성]: 8건 (>14일/파싱실패)
2026-09-18 13:56:58,365 [INFO] __main__ — 뉴스 시점 제외 [케이티알파]: 11건 (>14일/파싱실패)
2026-09-18 13:56:58,739 [INFO] __main__ — 뉴스 시점 제외 [에스엔시스]: 7건 (>14일/파싱실패)
2026-09-18 13:56:58,918 [INFO] __main__ — 뉴스 시점 제외 [뷰웍스]: 2건 (>14일/파싱실패)
2026-09-18 13:56:59,851 [INFO] __main__ — 뉴스 시점 제외 [칩스앤미디어]: 1건 (>14일/파싱실패)
2026-09-18 13:56:59,851 [INFO] __main__ — 봇 주가요약 제외 [칩스앤미디어]: 1건
2026-09-18 13:57:02,508 [INFO] __main__ — POOL_A 후보 부정뉴스 2차 조회: 158개
2026-09-18 13:57:02,511 [INFO] __main__ — POOL_A: 638개 (A:173 B:251 동시:214) | 부정게이트 제외:3
  대형:98 중형:284 소형:256
2026-09-18 13:57:02,520 [INFO] __main__ — 대조군 표본(무신호): 40개 / 모집단 265개 → pool_history
2026-09-18 13:57:02,522 [INFO] __main__ —   → POOL_A: 638개
2026-09-18 13:57:02,522 [INFO] __main__ — ▶ Step 2: 하드 필터링
2026-09-18 13:57:02,523 [INFO] __main__ — 하드 필터 제거: 613개 | 과열배제 64 | 이격도상한 8 | 이격도하한 45 | MA추세 381 | RSI과열 6 | 거래대금 109
2026-09-18 13:57:02,526 [INFO] __main__ — 과열 gated 기록: 64개 → gated_tickers
2026-09-18 13:57:02,529 [INFO] __main__ — 대조군 표본(필터탈락): 174개 / 모집단 613개 → pool_history
2026-09-18 13:57:02,530 [INFO] __main__ — POOL_B: 25개 | 대형:3 중형:11 소형:11
2026-09-18 13:57:02,530 [INFO] __main__ —   → POOL_B: 25개
2026-09-18 13:57:02,530 [INFO] __main__ — ▶ Step 3: 스코어링 (FinBERT 감성 분석)
2026-09-18 13:57:02,530 [INFO] __main__ — NaverClient: 3개 키 로드 (DataLab·검색 독립 회전)
2026-09-18 13:57:02,531 [INFO] __main__ — 텍스트 신규 수집: 12종목 (캐시 적중 13종목)
2026-09-18 13:57:03,089 [INFO] __main__ — 봇 주가요약 제외 [후성]: 4건
2026-09-18 13:57:03,122 [INFO] __main__ — 뉴스 시점 제외 [삼성전기우]: 24건 (>14일/파싱실패)
2026-09-18 13:57:07,238 [INFO] __main__ — 봇 주가요약 제외 [로보티즈]: 1건
2026-09-18 13:57:10,355 [INFO] __main__ — 봇 주가요약 제외 [코스모로보틱스]: 1건
2026-09-18 13:57:13,599 [INFO] __main__ — 뉴스 시점 제외 [메가터치]: 5건 (>14일/파싱실패)
2026-09-18 13:57:13,604 [INFO] __main__ — 봇 주가요약 제외 [코칩]: 3건
2026-09-18 13:57:16,531 [INFO] __main__ — 기사 보존(수집): 183건 (25종목) → news_articles
2026-09-18 13:57:16,533 [INFO] __main__ — 공시 보존(수집): 37건 (25종목) → dart_filings
2026-09-18 13:57:16,535 [INFO] __main__ — 수집 완료: 뉴스 251건 | 공시 50건
2026-09-18 13:57:16,535 [INFO] __main__ — FinBERT 감성 분석 (finbert 모드)...
2026-09-18 13:57:16,535 [INFO] __main__ — FinBERT 로딩: snunlp/KR-FinBert-SC (CPU, batch=8)
2026-09-18 13:57:16,676 [INFO] httpx — HTTP Request: GET https://huggingface.co/api/agent-harnesses "HTTP/1.1 200 OK"
2026-09-18 13:57:16,768 [INFO] httpx — HTTP Request: HEAD https://huggingface.co/snunlp/KR-FinBert-SC/resolve/main/config.json "HTTP/1.1 307 Temporary Redirect"
2026-09-18 13:57:16,783 [INFO] httpx — HTTP Request: HEAD https://huggingface.co/api/resolve-cache/models/snunlp/KR-FinBert-SC/f8586286cc3161fb648e9fee09a456069fd846d0/config.json?%2Fsnunlp%2FKR-FinBert-SC%2Fresolve%2Fmain%2Fconfig.json=&etag=%22bd00b2460e394f69e29e6438699e074cbac9584e%22 "HTTP/1.1 200 OK"
2026-09-18 13:57:16,902 [INFO] httpx — HTTP Request: HEAD https://huggingface.co/snunlp/KR-FinBert-SC/resolve/main/model.safetensors "HTTP/1.1 404 Not Found"
2026-09-18 13:57:16,902 [WARNING] huggingface_hub.utils._http — Warning: You are sending unauthenticated requests to the HF Hub. Please set a HF_TOKEN to enable higher rate limits and faster downloads.
2026-09-18 13:57:16,995 [INFO] httpx — HTTP Request: GET https://huggingface.co/api/models/snunlp/KR-FinBert-SC "HTTP/1.1 200 OK"
2026-09-18 13:57:17,106 [INFO] httpx — HTTP Request: GET https://huggingface.co/api/models/snunlp/KR-FinBert-SC/commits/main "HTTP/1.1 200 OK"
2026-09-18 13:57:17,162 [INFO] httpx — HTTP Request: GET https://huggingface.co/api/models/snunlp/KR-FinBert-SC/tree/main/additional_chat_templates?recursive=false&expand=false "HTTP/1.1 404 Not Found"
2026-09-18 13:57:17,205 [INFO] httpx — HTTP Request: GET https://huggingface.co/api/models/snunlp/KR-FinBert-SC/discussions?p=0 "HTTP/1.1 200 OK"
2026-09-18 13:57:17,272 [INFO] httpx — HTTP Request: GET https://huggingface.co/api/models/snunlp/KR-FinBert-SC/tree/main?recursive=true&expand=false "HTTP/1.1 200 OK"
2026-09-18 13:57:17,314 [INFO] httpx — HTTP Request: GET https://huggingface.co/api/models/snunlp/KR-FinBert-SC/commits/refs%2Fpr%2F3 "HTTP/1.1 200 OK"
2026-09-18 13:57:17,380 [INFO] httpx — HTTP Request: HEAD https://huggingface.co/snunlp/KR-FinBert-SC/resolve/main/processor_config.json "HTTP/1.1 404 Not Found"
2026-09-18 13:57:17,401 [INFO] httpx — HTTP Request: HEAD https://huggingface.co/snunlp/KR-FinBert-SC/resolve/refs%2Fpr%2F3/model.safetensors.index.json "HTTP/1.1 404 Not Found"
2026-09-18 13:57:17,478 [INFO] httpx — HTTP Request: HEAD https://huggingface.co/snunlp/KR-FinBert-SC/resolve/main/video_preprocessor_config.json "HTTP/1.1 404 Not Found"
2026-09-18 13:57:17,498 [INFO] httpx — HTTP Request: HEAD https://huggingface.co/snunlp/KR-FinBert-SC/resolve/refs%2Fpr%2F3/model.safetensors "HTTP/1.1 302 Found"
2026-09-18 13:57:17,580 [INFO] httpx — HTTP Request: HEAD https://huggingface.co/snunlp/KR-FinBert-SC/resolve/main/preprocessor_config.json "HTTP/1.1 404 Not Found"
2026-09-18 13:57:17,581 [INFO] __main__ — FinBERT 로드 완료 (CPU)
2026-09-18 13:57:39,568 [INFO] __main__ — Phase A.1: 매핑 신뢰도 < 0.5 → 감성 점수 폐기 23건
2026-09-18 13:57:39,568 [INFO] __main__ — [shadow] 필드별 검사 기준 폐기 3/23종목 (집행 23건 — 변동 없음)
2026-09-18 13:57:39,568 [INFO] __main__ — 스코어링: 25개 | 집중:0 | FinBERT:finbert
2026-09-18 13:57:39,586 [INFO] __main__ —   → 25개
2026-09-18 13:57:39,586 [INFO] __main__ — ▶ Step 4: 발송
2026-09-18 13:57:45,226 [INFO] __main__ — DB 기록: 15개 / 전체 to_send 15개
2026-09-18 13:57:45,226 [INFO] __main__ — 발송: 15종목 | 누적 4~10회 4 | 신규 0
2026-09-18 13:57:45,226 [INFO] __main__ — 완료  |  소요: 600.5초
2026-09-18 13:57:46,502 [INFO] track_outcomes — pool_history 대조군 8233건 추적 대상 포함
2026-09-18 13:57:46,567 [INFO] track_outcomes — 고아 행 177건 복원 (targets에서 탈락한 미완 키)
2026-09-18 13:57:46,567 [INFO] track_outcomes — 대상 17568건 | 갱신 필요 8217건 | 완료 스킵 9528건
2026-09-18 13:57:46,570 [INFO] track_outcomes —   가격 조회 고유 종목 1042개 (기존 372 + 대조군 추가 670)
2026-09-18 14:12:36,437 [INFO] track_outcomes — outcomes 적재: 신규 177건 | 갱신(신규+보완) 1601건
