2026-08-18 21:36:26,626 [INFO] __main__ — config 검증 완료 ✓
2026-08-18 21:36:26,627 [INFO] __main__ — KIS 조회 도메인: 실전 (https://openapi.koreainvestment.com:9443)
2026-08-18 21:36:26,627 [INFO] __main__ — ============================================================
2026-08-18 21:36:26,627 [INFO] __main__ — AlphaRadar v3.3.1  |  기준일: 20260819
2026-08-18 21:36:26,627 [INFO] __main__ — S = T×0.3 + S_text×0.4 + D×0.3
2026-08-18 21:36:26,627 [INFO] __main__ — ============================================================
2026-08-18 21:36:26,627 [INFO] __main__ — ▶ Step 0: 유니버스 필터링
2026-08-18 21:36:26,783 [INFO] __main__ — FDR 데이터 수집: 20260213 ~ 20260819
2026-08-18 21:36:28,700 [INFO] __main__ — KOSPI: 942개 | 섹터정보 829개 (DART +829개 보완)
2026-08-18 21:36:28,701 [INFO] __main__ — KOSDAQ: 1821개 | 섹터정보 1821개
2026-08-18 21:36:28,701 [INFO] __main__ — 전체: 2763개
2026-08-18 21:36:30,611 [INFO] __main__ — KIS 토큰 발급 완료
2026-08-18 21:45:21,174 [INFO] __main__ — DART corp_code 매핑: 2195/2246개 (97%)
2026-08-18 21:45:21,175 [INFO] __main__ — 유효 유니버스: 2246개
2026-08-18 21:45:21,187 [INFO] __main__ —   → 2246개
2026-08-18 21:45:21,187 [INFO] __main__ — ▶ Step 1: 신호 탐지
2026-08-18 21:45:21,187 [INFO] __main__ — NaverClient: 3개 키 로드 (DataLab·검색 독립 회전)
2026-08-18 21:45:21,187 [INFO] __main__ — 관심 지수 및 부정 뉴스 비율 조회 중...
2026-08-18 21:45:23,939 [INFO] __main__ — 봇 주가요약 제외 [대원전선]: 3건
2026-08-18 21:45:27,307 [INFO] __main__ — 봇 주가요약 제외 [PS일렉트로닉스]: 1건
2026-08-18 21:45:27,319 [INFO] __main__ — 봇 주가요약 제외 [금호전기]: 3건
2026-08-18 21:45:30,536 [INFO] __main__ — 봇 주가요약 제외 [한라캐스트]: 1건
2026-08-18 21:45:30,720 [INFO] __main__ — 봇 주가요약 제외 [코오롱티슈진]: 2건
2026-08-18 21:45:32,476 [INFO] __main__ — 봇 주가요약 제외 [빛과전자]: 2건
2026-08-18 21:45:32,546 [INFO] __main__ — 봇 주가요약 제외 [아난티]: 1건
2026-08-18 21:45:33,883 [INFO] __main__ — 봇 주가요약 제외 [아이로보틱스]: 1건
2026-08-18 21:45:34,491 [INFO] __main__ — 봇 주가요약 제외 [일신석재]: 1건
2026-08-18 21:45:34,541 [INFO] __main__ — 봇 주가요약 제외 [해성옵틱스]: 1건
2026-08-18 21:45:35,497 [INFO] __main__ — 봇 주가요약 제외 [SK이터닉스]: 2건
2026-08-18 21:45:35,543 [INFO] __main__ — 봇 주가요약 제외 [져스텍]: 2건
2026-08-18 21:45:38,544 [INFO] __main__ — 봇 주가요약 제외 [세아메카닉스]: 1건
2026-08-18 21:45:38,896 [INFO] __main__ — 뉴스 시점 제외 [신스틸]: 3건 (>14일/파싱실패)
2026-08-18 21:45:38,896 [INFO] __main__ — 봇 주가요약 제외 [신스틸]: 1건
2026-08-18 21:45:39,902 [INFO] __main__ — 봇 주가요약 제외 [남화토건]: 2건
2026-08-18 21:45:40,540 [INFO] __main__ — 봇 주가요약 제외 [보성파워텍]: 1건
2026-08-18 21:45:40,922 [INFO] __main__ — 봇 주가요약 제외 [현대무벡스]: 1건
2026-08-18 21:45:41,544 [INFO] __main__ — 뉴스 시점 제외 [한켐]: 3건 (>14일/파싱실패)
2026-08-18 21:45:41,570 [INFO] __main__ — 봇 주가요약 제외 [코스모로보틱스]: 1건
2026-08-18 21:45:41,929 [INFO] __main__ — 봇 주가요약 제외 [제주반도체]: 2건
2026-08-18 21:45:42,545 [INFO] __main__ — 봇 주가요약 제외 [레몬헬스케어]: 1건
2026-08-18 21:45:42,944 [INFO] __main__ — 뉴스 시점 제외 [강동씨앤엘]: 8건 (>14일/파싱실패)
2026-08-18 21:45:45,570 [INFO] __main__ — 봇 주가요약 제외 [하나마이크론]: 2건
2026-08-18 21:45:46,579 [INFO] __main__ — 봇 주가요약 제외 [레메디]: 1건
2026-08-18 21:45:48,975 [INFO] __main__ — 봇 주가요약 제외 [코칩]: 1건
2026-08-18 21:45:49,608 [INFO] __main__ — 봇 주가요약 제외 [대아티아이]: 1건
2026-08-18 21:45:50,631 [INFO] __main__ — 뉴스 시점 제외 [앤로보틱스]: 7건 (>14일/파싱실패)
2026-08-18 21:45:50,631 [INFO] __main__ — 봇 주가요약 제외 [앤로보틱스]: 1건
2026-08-18 21:45:52,676 [INFO] __main__ — 봇 주가요약 제외 [이랜시스]: 1건
2026-08-18 21:45:52,713 [INFO] __main__ — 봇 주가요약 제외 [우리기술]: 2건
2026-08-18 21:45:55,715 [INFO] __main__ — 뉴스 시점 제외 [화신정공]: 2건 (>14일/파싱실패)
2026-08-18 21:45:56,730 [INFO] __main__ — 뉴스 시점 제외 [하이드로리튬]: 4건 (>14일/파싱실패)
2026-08-18 21:45:58,750 [INFO] __main__ — 봇 주가요약 제외 [삼화콘덴서]: 1건
2026-08-18 21:45:58,761 [INFO] __main__ — 봇 주가요약 제외 [디아이씨]: 1건
2026-08-18 21:46:00,782 [INFO] __main__ — 봇 주가요약 제외 [휴림로봇]: 1건
2026-08-18 21:46:02,030 [INFO] __main__ — 봇 주가요약 제외 [흥구석유]: 1건
2026-08-18 21:46:04,047 [INFO] __main__ — 봇 주가요약 제외 [LG씨엔에스]: 2건
2026-08-18 21:46:04,841 [INFO] __main__ — 뉴스 시점 제외 [삼화전자]: 7건 (>14일/파싱실패)
2026-08-18 21:46:05,045 [INFO] __main__ — 뉴스 시점 제외 [부국철강]: 6건 (>14일/파싱실패)
2026-08-18 21:46:06,804 [INFO] __main__ — 봇 주가요약 제외 [재영솔루텍]: 1건
2026-08-18 21:46:08,897 [INFO] __main__ — 뉴스 시점 제외 [고려산업]: 9건 (>14일/파싱실패)
2026-08-18 21:46:09,901 [INFO] __main__ — 뉴스 시점 제외 [한성크린텍]: 6건 (>14일/파싱실패)
2026-08-18 21:46:12,812 [INFO] __main__ — 뉴스 시점 제외 [SKAI]: 4건 (>14일/파싱실패)
2026-08-18 21:46:13,108 [INFO] __main__ — 뉴스 시점 제외 [남화산업]: 8건 (>14일/파싱실패)
2026-08-18 21:46:15,833 [INFO] __main__ — 봇 주가요약 제외 [클로봇]: 1건
2026-08-18 21:46:16,833 [INFO] __main__ — 뉴스 시점 제외 [보해양조]: 2건 (>14일/파싱실패)
2026-08-18 21:46:16,940 [INFO] __main__ — 뉴스 시점 제외 [피제이메탈]: 8건 (>14일/파싱실패)
2026-08-18 21:46:17,957 [INFO] __main__ — 봇 주가요약 제외 [SK오션플랜트]: 1건
2026-08-18 21:46:25,297 [INFO] __main__ — 봇 주가요약 제외 [에스피지]: 1건
2026-08-18 21:46:28,571 [INFO] __main__ — 봇 주가요약 제외 [제이에스티나]: 1건
2026-08-18 21:46:29,730 [INFO] __main__ — 봇 주가요약 제외 [삼성공조]: 1건
2026-08-18 21:46:32,885 [INFO] __main__ — 봇 주가요약 제외 [대덕전자]: 1건
2026-08-18 21:46:32,926 [INFO] __main__ — 뉴스 시점 제외 [서부T&D]: 2건 (>14일/파싱실패)
2026-08-18 21:46:33,877 [INFO] __main__ — 뉴스 시점 제외 [남선알미늄]: 12건 (>14일/파싱실패)
2026-08-18 21:46:35,159 [INFO] __main__ — 봇 주가요약 제외 [일승]: 2건
2026-08-18 21:46:39,211 [INFO] __main__ — 봇 주가요약 제외 [이노테크]: 1건
2026-08-18 21:46:41,376 [INFO] __main__ — 봇 주가요약 제외 [와이씨]: 4건
2026-08-18 21:46:42,385 [INFO] __main__ — 뉴스 시점 제외 [하이딥]: 7건 (>14일/파싱실패)
2026-08-18 21:46:43,251 [INFO] __main__ — 봇 주가요약 제외 [오킨스전자]: 1건
2026-08-18 21:46:46,427 [INFO] __main__ — 뉴스 시점 제외 [대원강업]: 7건 (>14일/파싱실패)
2026-08-18 21:46:47,433 [INFO] __main__ — 뉴스 시점 제외 [키스트론]: 12건 (>14일/파싱실패)
2026-08-18 21:46:49,355 [INFO] __main__ — 봇 주가요약 제외 [JYP Ent.]: 1건
2026-08-18 21:46:51,427 [INFO] __main__ — 봇 주가요약 제외 [일진전기]: 3건
2026-08-18 21:46:53,461 [INFO] __main__ — 뉴스 시점 제외 [멤레이비티]: 10건 (>14일/파싱실패)
2026-08-18 21:46:59,564 [INFO] __main__ — 봇 주가요약 제외 [테크윙]: 1건
2026-08-18 21:47:02,589 [INFO] __main__ — 봇 주가요약 제외 [두산로보틱스]: 1건
2026-08-18 21:47:02,615 [INFO] __main__ — 뉴스 시점 제외 [엠에스오토텍]: 9건 (>14일/파싱실패)
2026-08-18 21:47:06,529 [INFO] __main__ — 뉴스 시점 제외 [한일사료]: 10건 (>14일/파싱실패)
2026-08-18 21:47:06,654 [INFO] __main__ — 뉴스 시점 제외 [한일철강]: 5건 (>14일/파싱실패)
2026-08-18 21:47:10,726 [INFO] __main__ — 뉴스 시점 제외 [THE E&M]: 13건 (>14일/파싱실패)
2026-08-18 21:47:11,785 [INFO] __main__ — 뉴스 시점 제외 [LS머트리얼즈]: 5건 (>14일/파싱실패)
2026-08-18 21:47:16,796 [INFO] __main__ — 봇 주가요약 제외 [팸텍]: 1건
2026-08-18 21:47:17,807 [INFO] __main__ — 봇 주가요약 제외 [코리아써키트]: 4건
2026-08-18 21:47:18,809 [INFO] __main__ — 뉴스 시점 제외 [KBI동양철관]: 7건 (>14일/파싱실패)
2026-08-18 21:47:27,228 [INFO] __main__ — 뉴스 시점 제외 [알루코]: 1건 (>14일/파싱실패)
2026-08-18 21:47:27,247 [INFO] __main__ — 뉴스 시점 제외 [넥스틸]: 7건 (>14일/파싱실패)
2026-08-18 21:47:27,247 [INFO] __main__ — 봇 주가요약 제외 [넥스틸]: 1건
2026-08-18 21:47:35,855 [INFO] __main__ — 뉴스 시점 제외 [미래생명자원]: 6건 (>14일/파싱실패)
2026-08-18 21:47:37,979 [INFO] __main__ — 봇 주가요약 제외 [태성]: 1건
2026-08-18 21:47:39,013 [INFO] __main__ — 봇 주가요약 제외 [인텍플러스]: 1건
2026-08-18 21:47:39,813 [INFO] __main__ — 뉴스 시점 제외 [바이오플러스]: 7건 (>14일/파싱실패)
2026-08-18 21:47:40,161 [INFO] __main__ — 봇 주가요약 제외 [피에스케이]: 1건
2026-08-18 21:47:42,179 [INFO] __main__ — 봇 주가요약 제외 [남해화학]: 1건
2026-08-18 21:47:42,839 [INFO] __main__ — 뉴스 시점 제외 [ESR켄달스퀘어리츠]: 10건 (>14일/파싱실패)
2026-08-18 21:47:46,975 [INFO] __main__ — 봇 주가요약 제외 [원익QnC]: 1건
2026-08-18 21:47:48,217 [INFO] __main__ — 뉴스 시점 제외 [에스와이스틸텍]: 13건 (>14일/파싱실패)
2026-08-18 21:47:50,261 [INFO] __main__ — 뉴스 시점 제외 [더블유에스아이]: 12건 (>14일/파싱실패)
2026-08-18 21:47:51,997 [INFO] __main__ — 봇 주가요약 제외 [엑시콘]: 1건
2026-08-18 21:47:53,002 [INFO] __main__ — 뉴스 시점 제외 [로체시스템즈]: 10건 (>14일/파싱실패)
2026-08-18 21:47:53,441 [INFO] __main__ — 뉴스 시점 제외 [KB스타리츠]: 13건 (>14일/파싱실패)
2026-08-18 21:47:57,383 [INFO] __main__ — 봇 주가요약 제외 [OCI홀딩스]: 1건
2026-08-18 21:47:58,394 [INFO] __main__ — 뉴스 시점 제외 [퀀텀레일]: 2건 (>14일/파싱실패)
2026-08-18 21:47:59,056 [INFO] __main__ — 봇 주가요약 제외 [삼성에스디에스]: 3건
2026-08-18 21:47:59,401 [INFO] __main__ — 봇 주가요약 제외 [마이크로컨텍솔]: 1건
2026-08-18 21:48:04,679 [INFO] __main__ — 뉴스 시점 제외 [에스씨디]: 12건 (>14일/파싱실패)
2026-08-18 21:48:08,713 [INFO] __main__ — 뉴스 시점 제외 [제룡산업]: 8건 (>14일/파싱실패)
2026-08-18 21:48:08,713 [INFO] __main__ — 봇 주가요약 제외 [제룡산업]: 2건
2026-08-18 21:48:11,535 [INFO] __main__ — 봇 주가요약 제외 [유니테스트]: 1건
2026-08-18 21:48:13,647 [INFO] __main__ — 부정 키워드 감지: 27개 종목 (neg_ratio > 0)
2026-08-18 21:48:13,650 [INFO] __main__ — 수급일수충족·합계음수 제외: 162개
2026-08-18 21:48:15,853 [INFO] __main__ — 봇 주가요약 제외 [가온전선]: 2건
2026-08-18 21:48:19,825 [INFO] __main__ — 뉴스 시점 제외 [두산우]: 15건 (>14일/파싱실패)
2026-08-18 21:48:20,956 [INFO] __main__ — 뉴스 시점 제외 [삼성화재우]: 15건 (>14일/파싱실패)
2026-08-18 21:48:20,979 [INFO] __main__ — 뉴스 시점 제외 [LG전자우]: 11건 (>14일/파싱실패)
2026-08-18 21:48:22,087 [INFO] __main__ — 뉴스 시점 제외 [쿠쿠홀딩스]: 5건 (>14일/파싱실패)
2026-08-18 21:48:22,111 [INFO] __main__ — 봇 주가요약 제외 [해성디에스]: 1건
2026-08-18 21:48:23,382 [INFO] __main__ — 봇 주가요약 제외 [삼아알미늄]: 1건
2026-08-18 21:48:24,538 [INFO] __main__ — 뉴스 시점 제외 [맵스리얼티]: 15건 (>14일/파싱실패)
2026-08-18 21:48:25,076 [INFO] __main__ — 뉴스 시점 제외 [신한알파리츠]: 14건 (>14일/파싱실패)
2026-08-18 21:48:27,365 [INFO] __main__ — 뉴스 시점 제외 [현대차3우B]: 10건 (>14일/파싱실패)
2026-08-18 21:48:27,367 [INFO] __main__ — 뉴스 시점 제외 [아모레퍼시픽우]: 14건 (>14일/파싱실패)
2026-08-18 21:48:27,949 [INFO] __main__ — 뉴스 시점 제외 [KPX홀딩스]: 13건 (>14일/파싱실패)
2026-08-18 21:48:28,826 [INFO] __main__ — 뉴스 시점 제외 [KISCO홀딩스]: 4건 (>14일/파싱실패)
2026-08-18 21:48:29,658 [INFO] __main__ — 뉴스 시점 제외 [삼성물산우B]: 14건 (>14일/파싱실패)
2026-08-18 21:48:30,092 [INFO] __main__ — 뉴스 시점 제외 [국도화학]: 12건 (>14일/파싱실패)
2026-08-18 21:48:31,229 [INFO] __main__ — 뉴스 시점 제외 [두산2우B]: 15건 (>14일/파싱실패)
2026-08-18 21:48:32,211 [INFO] __main__ — 뉴스 시점 제외 [S-Oil우]: 15건 (>14일/파싱실패)
2026-08-18 21:48:32,368 [INFO] __main__ — 뉴스 시점 제외 [포스코스틸리온]: 3건 (>14일/파싱실패)
2026-08-18 21:48:32,913 [INFO] __main__ — 뉴스 시점 제외 [미창석유]: 11건 (>14일/파싱실패)
2026-08-18 21:48:32,917 [INFO] __main__ — 봇 주가요약 제외 [서흥]: 1건
2026-08-18 21:48:33,616 [INFO] __main__ — 뉴스 시점 제외 [신한서부티엔디리츠]: 11건 (>14일/파싱실패)
2026-08-18 21:48:34,198 [INFO] __main__ — 뉴스 시점 제외 [미원화학]: 13건 (>14일/파싱실패)
2026-08-18 21:48:35,350 [INFO] __main__ — 뉴스 시점 제외 [노루홀딩스]: 13건 (>14일/파싱실패)
2026-08-18 21:48:35,932 [INFO] __main__ — 뉴스 시점 제외 [한농화성]: 3건 (>14일/파싱실패)
2026-08-18 21:48:35,943 [INFO] __main__ — 뉴스 시점 제외 [SK우]: 13건 (>14일/파싱실패)
2026-08-18 21:48:36,471 [INFO] __main__ — 뉴스 시점 제외 [LG우]: 14건 (>14일/파싱실패)
2026-08-18 21:48:37,591 [INFO] __main__ — 봇 주가요약 제외 [경농]: 1건
2026-08-18 21:48:37,894 [INFO] __main__ — 뉴스 시점 제외 [대창단조]: 11건 (>14일/파싱실패)
2026-08-18 21:48:38,841 [INFO] __main__ — 뉴스 시점 제외 [SYTS]: 8건 (>14일/파싱실패)
2026-08-18 21:48:39,136 [INFO] __main__ — 뉴스 시점 제외 [금호석유화학우]: 15건 (>14일/파싱실패)
2026-08-18 21:48:39,401 [INFO] __main__ — 뉴스 시점 제외 [한진중공업홀딩스]: 13건 (>14일/파싱실패)
2026-08-18 21:48:39,473 [INFO] __main__ — 뉴스 시점 제외 [이구산업]: 9건 (>14일/파싱실패)
2026-08-18 21:48:39,956 [INFO] __main__ — 뉴스 시점 제외 [태경산업]: 7건 (>14일/파싱실패)
2026-08-18 21:48:40,037 [INFO] __main__ — 뉴스 시점 제외 [디씨엠]: 9건 (>14일/파싱실패)
2026-08-18 21:48:40,381 [INFO] __main__ — 뉴스 시점 제외 [현대코퍼레이션홀딩스]: 12건 (>14일/파싱실패)
2026-08-18 21:48:40,602 [INFO] __main__ — 뉴스 시점 제외 [GS우]: 14건 (>14일/파싱실패)
2026-08-18 21:48:40,942 [INFO] __main__ — 봇 주가요약 제외 [모나용평]: 1건
2026-08-18 21:48:41,072 [INFO] __main__ — 뉴스 시점 제외 [동남합성]: 3건 (>14일/파싱실패)
2026-08-18 21:48:41,169 [INFO] __main__ — 뉴스 시점 제외 [세원정공]: 12건 (>14일/파싱실패)
2026-08-18 21:48:41,770 [INFO] __main__ — 뉴스 시점 제외 [황금에스티]: 1건 (>14일/파싱실패)
2026-08-18 21:48:41,771 [INFO] __main__ — 뉴스 시점 제외 [DL이앤씨2우(전환)]: 14건 (>14일/파싱실패)
2026-08-18 21:48:42,339 [INFO] __main__ — 뉴스 시점 제외 [영보화학]: 13건 (>14일/파싱실패)
2026-08-18 21:48:42,679 [INFO] __main__ — 뉴스 시점 제외 [삼원강재]: 12건 (>14일/파싱실패)
2026-08-18 21:48:42,907 [INFO] __main__ — 뉴스 시점 제외 [동인기연]: 12건 (>14일/파싱실패)
2026-08-18 21:48:42,911 [INFO] __main__ — 뉴스 시점 제외 [NI스틸]: 13건 (>14일/파싱실패)
2026-08-18 21:48:43,238 [INFO] __main__ — 뉴스 시점 제외 [SK이노베이션우]: 13건 (>14일/파싱실패)
2026-08-18 21:48:43,478 [INFO] __main__ — 뉴스 시점 제외 [사조오양]: 9건 (>14일/파싱실패)
2026-08-18 21:48:43,481 [INFO] __main__ — 뉴스 시점 제외 [화천기공]: 14건 (>14일/파싱실패)
2026-08-18 21:48:43,803 [INFO] __main__ — 뉴스 시점 제외 [유한양행우]: 15건 (>14일/파싱실패)
2026-08-18 21:48:44,044 [INFO] __main__ — 뉴스 시점 제외 [대림바스]: 11건 (>14일/파싱실패)
2026-08-18 21:48:44,050 [INFO] __main__ — 뉴스 시점 제외 [CS홀딩스]: 15건 (>14일/파싱실패)
2026-08-18 21:48:44,361 [INFO] __main__ — 뉴스 시점 제외 [동방아그로]: 6건 (>14일/파싱실패)
2026-08-18 21:48:44,612 [INFO] __main__ — 뉴스 시점 제외 [페이퍼코리아]: 13건 (>14일/파싱실패)
2026-08-18 21:48:45,184 [INFO] __main__ — 뉴스 시점 제외 [삼정펄프]: 13건 (>14일/파싱실패)
2026-08-18 21:48:45,752 [INFO] __main__ — 뉴스 시점 제외 [삼성출판사]: 10건 (>14일/파싱실패)
2026-08-18 21:48:46,054 [INFO] __main__ — 뉴스 시점 제외 [보락]: 5건 (>14일/파싱실패)
2026-08-18 21:48:46,328 [INFO] __main__ — 뉴스 시점 제외 [기신정기]: 15건 (>14일/파싱실패)
2026-08-18 21:48:46,615 [INFO] __main__ — 뉴스 시점 제외 [평화산업]: 2건 (>14일/파싱실패)
2026-08-18 21:48:46,890 [INFO] __main__ — 뉴스 시점 제외 [삼화왕관]: 14건 (>14일/파싱실패)
2026-08-18 21:48:46,894 [INFO] __main__ — 뉴스 시점 제외 [BYC우]: 7건 (>14일/파싱실패)
2026-08-18 21:48:47,174 [INFO] __main__ — 뉴스 시점 제외 [화승알앤에이]: 13건 (>14일/파싱실패)
2026-08-18 21:48:47,457 [INFO] __main__ — 뉴스 시점 제외 [유안타증권우]: 15건 (>14일/파싱실패)
2026-08-18 21:48:48,019 [INFO] __main__ — 뉴스 시점 제외 [SJM]: 7건 (>14일/파싱실패)
2026-08-18 21:48:48,302 [INFO] __main__ — 뉴스 시점 제외 [인바이오젠]: 8건 (>14일/파싱실패)
2026-08-18 21:48:48,589 [INFO] __main__ — 뉴스 시점 제외 [DL이앤씨우]: 15건 (>14일/파싱실패)
2026-08-18 21:48:48,773 [INFO] __main__ — 뉴스 시점 제외 [대덕전자1우]: 15건 (>14일/파싱실패)
2026-08-18 21:48:48,884 [INFO] __main__ — 봇 주가요약 제외 [부산산업]: 1건
2026-08-18 21:48:49,152 [INFO] __main__ — 뉴스 시점 제외 [미래에셋맵스리츠]: 15건 (>14일/파싱실패)
2026-08-18 21:48:49,337 [INFO] __main__ — 뉴스 시점 제외 [씨아이테크]: 10건 (>14일/파싱실패)
2026-08-18 21:48:49,449 [INFO] __main__ — 뉴스 시점 제외 [롯데칠성우]: 15건 (>14일/파싱실패)
2026-08-18 21:48:49,720 [INFO] __main__ — 뉴스 시점 제외 [상신브레이크]: 6건 (>14일/파싱실패)
2026-08-18 21:48:49,893 [INFO] __main__ — 뉴스 시점 제외 [문배철강]: 10건 (>14일/파싱실패)
2026-08-18 21:48:50,016 [INFO] __main__ — 뉴스 시점 제외 [한화솔루션우]: 10건 (>14일/파싱실패)
2026-08-18 21:48:50,585 [INFO] __main__ — 뉴스 시점 제외 [유성기업]: 14건 (>14일/파싱실패)
2026-08-18 21:48:51,715 [INFO] __main__ — 뉴스 시점 제외 [세방우]: 15건 (>14일/파싱실패)
2026-08-18 21:48:51,961 [INFO] __main__ — 뉴스 시점 제외 [화인베스틸]: 9건 (>14일/파싱실패)
2026-08-18 21:48:52,520 [INFO] __main__ — 뉴스 시점 제외 [동일제강]: 8건 (>14일/파싱실패)
2026-08-18 21:48:52,733 [INFO] __main__ — 뉴스 시점 제외 [WISCOM]: 10건 (>14일/파싱실패)
2026-08-18 21:49:02,087 [INFO] __main__ — 뉴스 시점 제외 [우주일렉트로]: 11건 (>14일/파싱실패)
2026-08-18 21:49:02,651 [INFO] __main__ — 뉴스 시점 제외 [필에너지]: 7건 (>14일/파싱실패)
2026-08-18 21:49:02,851 [INFO] __main__ — 뉴스 시점 제외 [JTC]: 13건 (>14일/파싱실패)
2026-08-18 21:49:06,221 [INFO] __main__ — 뉴스 시점 제외 [빅솔론]: 14건 (>14일/파싱실패)
2026-08-18 21:49:06,616 [INFO] __main__ — 뉴스 시점 제외 [아이디스]: 7건 (>14일/파싱실패)
2026-08-18 21:49:08,126 [INFO] __main__ — 뉴스 시점 제외 [코리아에프티]: 3건 (>14일/파싱실패)
2026-08-18 21:49:08,319 [INFO] __main__ — 뉴스 시점 제외 [퓨릿]: 6건 (>14일/파싱실패)
2026-08-18 21:49:08,481 [INFO] __main__ — 뉴스 시점 제외 [유성티엔에스]: 11건 (>14일/파싱실패)
2026-08-18 21:49:08,685 [INFO] __main__ — 뉴스 시점 제외 [삼보판지]: 14건 (>14일/파싱실패)
2026-08-18 21:49:09,044 [INFO] __main__ — 뉴스 시점 제외 [나우IB]: 3건 (>14일/파싱실패)
2026-08-18 21:49:10,165 [INFO] __main__ — 뉴스 시점 제외 [씨앤지하이테크]: 7건 (>14일/파싱실패)
2026-08-18 21:49:10,557 [INFO] __main__ — 뉴스 시점 제외 [솔본]: 12건 (>14일/파싱실패)
2026-08-18 21:49:10,724 [INFO] __main__ — 뉴스 시점 제외 [신화프리텍]: 5건 (>14일/파싱실패)
2026-08-18 21:49:10,934 [INFO] __main__ — 뉴스 시점 제외 [케이엔솔]: 5건 (>14일/파싱실패)
2026-08-18 21:49:11,283 [INFO] __main__ — 뉴스 시점 제외 [엠에스씨]: 12건 (>14일/파싱실패)
2026-08-18 21:49:12,408 [INFO] __main__ — 뉴스 시점 제외 [푸드나무]: 11건 (>14일/파싱실패)
2026-08-18 21:49:13,353 [INFO] __main__ — 뉴스 시점 제외 [우리손에프앤지]: 12건 (>14일/파싱실패)
2026-08-18 21:49:13,729 [INFO] __main__ — 뉴스 시점 제외 [케이엔더블유]: 13건 (>14일/파싱실패)
2026-08-18 21:49:14,668 [INFO] __main__ — 뉴스 시점 제외 [와이제이링크]: 1건 (>14일/파싱실패)
2026-08-18 21:49:14,845 [INFO] __main__ — 뉴스 시점 제외 [탑런토탈솔루션]: 5건 (>14일/파싱실패)
2026-08-18 21:49:15,619 [INFO] __main__ — 뉴스 시점 제외 [동아엘텍]: 6건 (>14일/파싱실패)
2026-08-18 21:49:15,798 [INFO] __main__ — 뉴스 시점 제외 [대림제지]: 12건 (>14일/파싱실패)
2026-08-18 21:49:17,098 [INFO] __main__ — 뉴스 시점 제외 [아이씨디]: 8건 (>14일/파싱실패)
2026-08-18 21:49:17,309 [INFO] __main__ — 뉴스 시점 제외 [에코플라스틱]: 7건 (>14일/파싱실패)
2026-08-18 21:49:18,791 [INFO] __main__ — 뉴스 시점 제외 [이상네트웍스]: 15건 (>14일/파싱실패)
2026-08-18 21:49:19,346 [INFO] __main__ — 뉴스 시점 제외 [쎄니트]: 14건 (>14일/파싱실패)
2026-08-18 21:49:19,541 [INFO] __main__ — 뉴스 시점 제외 [블루콤]: 8건 (>14일/파싱실패)
2026-08-18 21:49:20,113 [INFO] __main__ — 뉴스 시점 제외 [선바이오]: 13건 (>14일/파싱실패)
2026-08-18 21:49:20,676 [INFO] __main__ — 뉴스 시점 제외 [라이온켐텍]: 8건 (>14일/파싱실패)
2026-08-18 21:49:21,033 [INFO] __main__ — 뉴스 시점 제외 [피제이전자]: 12건 (>14일/파싱실패)
2026-08-18 21:49:21,599 [INFO] __main__ — 뉴스 시점 제외 [동국생명과학]: 4건 (>14일/파싱실패)
2026-08-18 21:49:22,552 [INFO] __main__ — 뉴스 시점 제외 [유라테크]: 13건 (>14일/파싱실패)
2026-08-18 21:49:22,726 [INFO] __main__ — 뉴스 시점 제외 [아이디피]: 15건 (>14일/파싱실패)
2026-08-18 21:49:22,932 [INFO] __main__ — 뉴스 시점 제외 [나래나노텍]: 7건 (>14일/파싱실패)
2026-08-18 21:49:23,250 [INFO] __main__ — 뉴스 시점 제외 [센코]: 5건 (>14일/파싱실패)
2026-08-18 21:49:24,053 [INFO] __main__ — 뉴스 시점 제외 [스마트레이더시스템]: 10건 (>14일/파싱실패)
2026-08-18 21:49:24,368 [INFO] __main__ — 뉴스 시점 제외 [동일금속]: 12건 (>14일/파싱실패)
2026-08-18 21:49:24,619 [INFO] __main__ — 뉴스 시점 제외 [이건홀딩스]: 8건 (>14일/파싱실패)
2026-08-18 21:49:25,175 [INFO] __main__ — 뉴스 시점 제외 [대륙제관]: 8건 (>14일/파싱실패)
2026-08-18 21:49:25,403 [INFO] __main__ — 뉴스 시점 제외 [엔젯]: 11건 (>14일/파싱실패)
2026-08-18 21:49:25,500 [INFO] __main__ — 뉴스 시점 제외 [케이엘넷]: 11건 (>14일/파싱실패)
2026-08-18 21:49:25,738 [INFO] __main__ — 뉴스 시점 제외 [코스리거글로벌]: 12건 (>14일/파싱실패)
2026-08-18 21:49:25,958 [INFO] __main__ — 뉴스 시점 제외 [푸드웰]: 9건 (>14일/파싱실패)
2026-08-18 21:49:26,057 [INFO] __main__ — 뉴스 시점 제외 [샌즈랩]: 9건 (>14일/파싱실패)
2026-08-18 21:49:26,294 [INFO] __main__ — 뉴스 시점 제외 [유비벨록스]: 11건 (>14일/파싱실패)
2026-08-18 21:49:26,620 [INFO] __main__ — 뉴스 시점 제외 [와이어블]: 6건 (>14일/파싱실패)
2026-08-18 21:49:26,856 [INFO] __main__ — 뉴스 시점 제외 [포니링크]: 5건 (>14일/파싱실패)
2026-08-18 21:49:27,083 [INFO] __main__ — 뉴스 시점 제외 [수산아이앤티]: 10건 (>14일/파싱실패)
2026-08-18 21:49:27,416 [INFO] __main__ — 뉴스 시점 제외 [셀바이오휴먼텍]: 3건 (>14일/파싱실패)
2026-08-18 21:49:28,547 [INFO] __main__ — 뉴스 시점 제외 [푸른로보틱스]: 7건 (>14일/파싱실패)
2026-08-18 21:49:28,991 [INFO] __main__ — 뉴스 시점 제외 [코렌텍]: 13건 (>14일/파싱실패)
2026-08-18 21:49:29,437 [INFO] __main__ — 뉴스 시점 제외 [토탈소프트]: 7건 (>14일/파싱실패)
2026-08-18 21:49:29,993 [INFO] __main__ — 뉴스 시점 제외 [SG&G]: 8건 (>14일/파싱실패)
2026-08-18 21:49:30,266 [INFO] __main__ — 뉴스 시점 제외 [코닉오토메이션]: 9건 (>14일/파싱실패)
2026-08-18 21:49:30,739 [INFO] __main__ — 뉴스 시점 제외 [대성창투]: 7건 (>14일/파싱실패)
2026-08-18 21:49:30,830 [INFO] __main__ — 뉴스 시점 제외 [홈캐스트]: 15건 (>14일/파싱실패)
2026-08-18 21:49:31,296 [INFO] __main__ — 뉴스 시점 제외 [삼진식품]: 13건 (>14일/파싱실패)
2026-08-18 21:49:31,408 [INFO] __main__ — 뉴스 시점 제외 [에이테크솔루션]: 14건 (>14일/파싱실패)
2026-08-18 21:49:32,002 [INFO] __main__ — 뉴스 시점 제외 [HC홈센타]: 12건 (>14일/파싱실패)
2026-08-18 21:49:32,006 [INFO] __main__ — 뉴스 시점 제외 [모티브링크]: 9건 (>14일/파싱실패)
2026-08-18 21:49:33,134 [INFO] __main__ — 뉴스 시점 제외 [제노레이]: 13건 (>14일/파싱실패)
2026-08-18 21:49:33,137 [INFO] __main__ — 뉴스 시점 제외 [제일테크노스]: 11건 (>14일/파싱실패)
2026-08-18 21:49:33,711 [INFO] __main__ — 뉴스 시점 제외 [ES큐브]: 15건 (>14일/파싱실패)
2026-08-18 21:49:34,276 [INFO] __main__ — 뉴스 시점 제외 [마이크로투나노]: 5건 (>14일/파싱실패)
2026-08-18 21:49:34,981 [INFO] __main__ — 뉴스 시점 제외 [YW]: 14건 (>14일/파싱실패)
2026-08-18 21:49:34,985 [INFO] __main__ — 뉴스 시점 제외 [제이피아이헬스케어]: 8건 (>14일/파싱실패)
2026-08-18 21:49:36,237 [INFO] __main__ — 뉴스 시점 제외 [비아이매트릭스]: 14건 (>14일/파싱실패)
2026-08-18 21:49:36,796 [INFO] __main__ — 뉴스 시점 제외 [씨큐브]: 12건 (>14일/파싱실패)
2026-08-18 21:49:37,264 [INFO] __main__ — 뉴스 시점 제외 [한국팩키지]: 14건 (>14일/파싱실패)
2026-08-18 21:49:37,963 [INFO] __main__ — 뉴스 시점 제외 [효성오앤비]: 7건 (>14일/파싱실패)
2026-08-18 21:49:38,384 [INFO] __main__ — 뉴스 시점 제외 [NHN벅스]: 6건 (>14일/파싱실패)
2026-08-18 21:49:39,494 [INFO] __main__ — 뉴스 시점 제외 [하이즈항공]: 7건 (>14일/파싱실패)
2026-08-18 21:49:40,056 [INFO] __main__ — 뉴스 시점 제외 [백금T&A]: 5건 (>14일/파싱실패)
2026-08-18 21:49:40,341 [INFO] __main__ — 뉴스 시점 제외 [DH오토리드]: 12건 (>14일/파싱실패)
2026-08-18 21:49:40,619 [INFO] __main__ — 뉴스 시점 제외 [비비씨]: 10건 (>14일/파싱실패)
2026-08-18 21:49:41,741 [INFO] __main__ — 뉴스 시점 제외 [에코캡]: 10건 (>14일/파싱실패)
2026-08-18 21:49:42,186 [INFO] __main__ — 뉴스 시점 제외 [서암기계공업]: 5건 (>14일/파싱실패)
2026-08-18 21:49:42,188 [INFO] __main__ — 뉴스 시점 제외 [동일기연]: 9건 (>14일/파싱실패)
2026-08-18 21:49:44,023 [INFO] __main__ — 뉴스 시점 제외 [다산디엠씨]: 10건 (>14일/파싱실패)
2026-08-18 21:49:44,032 [INFO] __main__ — 뉴스 시점 제외 [유니온바이오메트릭스]: 9건 (>14일/파싱실패)
2026-08-18 21:49:44,601 [INFO] __main__ — 뉴스 시점 제외 [코셈]: 15건 (>14일/파싱실패)
2026-08-18 21:49:45,156 [INFO] __main__ — 뉴스 시점 제외 [메가엠디]: 7건 (>14일/파싱실패)
2026-08-18 21:49:45,169 [INFO] __main__ — 뉴스 시점 제외 [DH오토웨어]: 13건 (>14일/파싱실패)
2026-08-18 21:49:45,726 [INFO] __main__ — 뉴스 시점 제외 [큐캐피탈]: 2건 (>14일/파싱실패)
2026-08-18 21:49:46,299 [INFO] __main__ — 뉴스 시점 제외 [티디에스팜]: 13건 (>14일/파싱실패)
2026-08-18 21:49:46,513 [INFO] __main__ — 뉴스 시점 제외 [솔디펜스]: 4건 (>14일/파싱실패)
2026-08-18 21:49:46,893 [INFO] __main__ — 뉴스 시점 제외 [제이엔비]: 10건 (>14일/파싱실패)
2026-08-18 21:49:47,439 [INFO] __main__ — 뉴스 시점 제외 [파인디지털]: 10건 (>14일/파싱실패)
2026-08-18 21:49:48,002 [INFO] __main__ — 뉴스 시점 제외 [이삭엔지니어링]: 13건 (>14일/파싱실패)
2026-08-18 21:49:48,589 [INFO] __main__ — 뉴스 시점 제외 [와토스코리아]: 12건 (>14일/파싱실패)
2026-08-18 21:49:49,155 [INFO] __main__ — 뉴스 시점 제외 [시큐브]: 8건 (>14일/파싱실패)
2026-08-18 21:49:49,341 [INFO] __main__ — 뉴스 시점 제외 [케이씨티]: 13건 (>14일/파싱실패)
2026-08-18 21:49:49,710 [INFO] __main__ — 뉴스 시점 제외 [에스에이티]: 13건 (>14일/파싱실패)
2026-08-18 21:49:49,727 [INFO] __main__ — 뉴스 시점 제외 [에스프리즘]: 13건 (>14일/파싱실패)
2026-08-18 21:49:50,024 [INFO] __main__ — POOL_A 후보 부정뉴스 2차 조회: 498개
2026-08-18 21:49:50,026 [INFO] __main__ — POOL_A: 716개 (A:710 B:1 동시:5) | 부정게이트 제외:13
  대형:41 중형:117 소형:558
2026-08-18 21:49:50,031 [INFO] __main__ — 대조군 표본(무신호): 40개 / 모집단 1530개 → pool_history
2026-08-18 21:49:50,033 [INFO] __main__ —   → POOL_A: 716개
2026-08-18 21:49:50,033 [INFO] __main__ — ▶ Step 2: 하드 필터링
2026-08-18 21:49:50,034 [INFO] __main__ — 하드 필터 제거: 700개 | 과열배제 116 | 이격도상한 34 | 이격도하한 22 | MA추세 465 | RSI과열 9 | 거래대금 54
2026-08-18 21:49:50,036 [INFO] __main__ — 과열 gated 기록: 116개 → gated_tickers
2026-08-18 21:49:50,038 [INFO] __main__ — 대조군 표본(필터탈락): 185개 / 모집단 700개 → pool_history
2026-08-18 21:49:50,038 [INFO] __main__ — POOL_B: 16개 | 대형:0 중형:3 소형:13
2026-08-18 21:49:50,039 [INFO] __main__ —   → POOL_B: 16개
2026-08-18 21:49:50,039 [INFO] __main__ — ▶ Step 3: 스코어링 (FinBERT 감성 분석)
2026-08-18 21:49:50,039 [INFO] __main__ — NaverClient: 3개 키 로드 (DataLab·검색 독립 회전)
2026-08-18 21:49:50,039 [INFO] __main__ — 텍스트 신규 수집: 16종목 (캐시 적중 0종목)
2026-08-18 21:49:50,522 [INFO] __main__ — 봇 주가요약 제외 [SK이터닉스]: 3건
2026-08-18 21:49:50,529 [INFO] __main__ — 봇 주가요약 제외 [서흥]: 1건
2026-08-18 21:49:54,609 [INFO] __main__ — 뉴스 시점 제외 [코스맥스비티아이]: 15건 (>14일/파싱실패)
2026-08-18 21:49:58,638 [INFO] __main__ — 뉴스 시점 제외 [싸이맥스]: 15건 (>14일/파싱실패)
2026-08-18 21:49:58,671 [INFO] __main__ — 뉴스 시점 제외 [한국알콜]: 20건 (>14일/파싱실패)
2026-08-18 21:50:06,204 [INFO] __main__ — 뉴스 시점 제외 [네오오토]: 16건 (>14일/파싱실패)
2026-08-18 21:50:06,222 [INFO] __main__ — 뉴스 시점 제외 [청담글로벌]: 19건 (>14일/파싱실패)
2026-08-18 21:50:12,813 [INFO] __main__ — 기사 보존(수집): 124건 (16종목) → news_articles
2026-08-18 21:50:12,815 [INFO] __main__ — 공시 보존(수집): 41건 (16종목) → dart_filings
2026-08-18 21:50:12,816 [INFO] __main__ — 수집 완료: 뉴스 124건 | 공시 41건
2026-08-18 21:50:12,816 [INFO] __main__ — FinBERT 감성 분석 (finbert 모드)...
2026-08-18 21:50:12,816 [INFO] __main__ — FinBERT 로딩: snunlp/KR-FinBert-SC (CPU, batch=8)
2026-08-18 21:50:12,926 [INFO] httpx — HTTP Request: GET https://huggingface.co/api/agent-harnesses "HTTP/1.1 200 OK"
2026-08-18 21:50:13,002 [INFO] httpx — HTTP Request: HEAD https://huggingface.co/snunlp/KR-FinBert-SC/resolve/main/config.json "HTTP/1.1 307 Temporary Redirect"
2026-08-18 21:50:13,007 [INFO] httpx — HTTP Request: HEAD https://huggingface.co/api/resolve-cache/models/snunlp/KR-FinBert-SC/f8586286cc3161fb648e9fee09a456069fd846d0/config.json "HTTP/1.1 200 OK"
2026-08-18 21:50:13,105 [INFO] httpx — HTTP Request: HEAD https://huggingface.co/snunlp/KR-FinBert-SC/resolve/main/model.safetensors "HTTP/1.1 404 Not Found"
2026-08-18 21:50:13,203 [INFO] httpx — HTTP Request: GET https://huggingface.co/api/models/snunlp/KR-FinBert-SC "HTTP/1.1 200 OK"
2026-08-18 21:50:13,313 [INFO] httpx — HTTP Request: GET https://huggingface.co/api/models/snunlp/KR-FinBert-SC/commits/main "HTTP/1.1 200 OK"
2026-08-18 21:50:13,325 [INFO] httpx — HTTP Request: GET https://huggingface.co/api/models/snunlp/KR-FinBert-SC/tree/main/additional_chat_templates?recursive=false&expand=false "HTTP/1.1 404 Not Found"
2026-08-18 21:50:13,404 [INFO] httpx — HTTP Request: GET https://huggingface.co/api/models/snunlp/KR-FinBert-SC/tree/main?recursive=true&expand=false "HTTP/1.1 200 OK"
2026-08-18 21:50:13,405 [INFO] httpx — HTTP Request: GET https://huggingface.co/api/models/snunlp/KR-FinBert-SC/discussions?p=0 "HTTP/1.1 200 OK"
2026-08-18 21:50:13,495 [INFO] httpx — HTTP Request: GET https://huggingface.co/api/models/snunlp/KR-FinBert-SC/commits/refs%2Fpr%2F3 "HTTP/1.1 200 OK"
2026-08-18 21:50:13,498 [INFO] httpx — HTTP Request: HEAD https://huggingface.co/snunlp/KR-FinBert-SC/resolve/main/processor_config.json "HTTP/1.1 404 Not Found"
2026-08-18 21:50:13,498 [WARNING] huggingface_hub.utils._http — Warning: You are sending unauthenticated requests to the HF Hub. Please set a HF_TOKEN to enable higher rate limits and faster downloads.
2026-08-18 21:50:13,571 [INFO] httpx — HTTP Request: HEAD https://huggingface.co/snunlp/KR-FinBert-SC/resolve/refs%2Fpr%2F3/model.safetensors.index.json "HTTP/1.1 404 Not Found"
2026-08-18 21:50:13,578 [INFO] httpx — HTTP Request: HEAD https://huggingface.co/snunlp/KR-FinBert-SC/resolve/main/video_preprocessor_config.json "HTTP/1.1 404 Not Found"
2026-08-18 21:50:13,650 [INFO] httpx — HTTP Request: HEAD https://huggingface.co/snunlp/KR-FinBert-SC/resolve/refs%2Fpr%2F3/model.safetensors "HTTP/1.1 302 Found"
2026-08-18 21:50:13,653 [INFO] httpx — HTTP Request: HEAD https://huggingface.co/snunlp/KR-FinBert-SC/resolve/main/preprocessor_config.json "HTTP/1.1 404 Not Found"
2026-08-18 21:50:13,653 [INFO] __main__ — FinBERT 로드 완료 (CPU)
2026-08-18 21:50:18,944 [INFO] __main__ — Phase A.1: 매핑 신뢰도 < 0.5 → 감성 점수 폐기 12건
2026-08-18 21:50:18,944 [INFO] __main__ — 스코어링: 16개 | 집중:0 | FinBERT:finbert
2026-08-18 21:50:18,961 [INFO] __main__ —   → 16개
2026-08-18 21:50:18,961 [INFO] __main__ — ▶ Step 4: 발송
2026-08-18 21:50:24,146 [INFO] __main__ — DB 기록: 12개 / 전체 to_send 12개
2026-08-18 21:50:24,146 [INFO] __main__ — 발송: 12종목 | 누적 4~10회 3 | 신규 0
2026-08-18 21:50:24,146 [INFO] __main__ — 완료  |  소요: 837.5초
