2026-05-29 12:35:24,427 [INFO] __main__ — config 검증 완료 ✓
2026-05-29 12:35:24,427 [INFO] __main__ — ============================================================
2026-05-29 12:35:24,427 [INFO] __main__ — AlphaRadar v3.3.1  |  기준일: 20260529
2026-05-29 12:35:24,427 [INFO] __main__ — S = T×0.3 + S_text×0.4 + D×0.3
2026-05-29 12:35:24,427 [INFO] __main__ — ============================================================
2026-05-29 12:35:24,427 [INFO] __main__ — ▶ Step 0: 유니버스 필터링
2026-05-29 12:35:24,625 [INFO] __main__ — FDR 데이터 수집: 20251123 ~ 20260529
2026-05-29 12:35:26,472 [INFO] __main__ — KOSPI: 948개 | 섹터정보 838개 (DART +838개 보완)
2026-05-29 12:35:26,473 [INFO] __main__ — KOSDAQ: 1822개 | 섹터정보 1822개
2026-05-29 12:35:26,473 [INFO] __main__ — 전체: 2770개
2026-05-29 12:35:28,423 [INFO] __main__ — KIS 토큰 발급 완료
2026-05-29 12:50:27,948 [INFO] __main__ — DART corp_code 매핑: 2273/2330개 (97%)
2026-05-29 12:50:27,948 [INFO] __main__ — 유효 유니버스: 2330개
2026-05-29 12:50:27,958 [INFO] __main__ —   → 2330개
2026-05-29 12:50:27,958 [INFO] __main__ — ▶ Step 1: 신호 탐지
2026-05-29 12:50:27,958 [INFO] __main__ — NaverClient: 3개 키 로드 (DataLab·검색 독립 회전)
2026-05-29 12:50:27,959 [INFO] __main__ — 관심 지수 및 부정 뉴스 비율 조회 중...
2026-05-29 12:53:47,075 [INFO] __main__ — 부정 키워드 감지: 26개 종목 (neg_ratio > 0)
2026-05-29 12:53:47,081 [INFO] __main__ — POOL_A: 1002개 (A:540 B:245 동시:217)
  대형:98 중형:204 소형:700
2026-05-29 12:53:47,088 [INFO] __main__ —   → POOL_A: 1002개
2026-05-29 12:53:47,088 [INFO] __main__ — ▶ Step 2: 하드 필터링
2026-05-29 12:53:47,090 [INFO] __main__ — 하드 필터 제거: 884개 | 이격도상한 59 | 이격도하한 564 | MA추세 133 | RSI과열 5 | 거래대금 123
2026-05-29 12:53:47,090 [INFO] __main__ — POOL_B: 118개 | 대형:9 중형:33 소형:76
2026-05-29 12:53:47,090 [INFO] __main__ —   → POOL_B: 118개
2026-05-29 12:53:47,090 [INFO] __main__ — ▶ Step 3: 스코어링 (FinBERT 감성 분석)
2026-05-29 12:53:47,090 [INFO] __main__ — NaverClient: 3개 키 로드 (DataLab·검색 독립 회전)
2026-05-29 12:53:47,091 [INFO] __main__ — 텍스트 신규 수집: 118종목 (캐시 적중 0종목)
2026-05-29 12:56:20,369 [INFO] __main__ — 수집 완료: 뉴스 1081건 | 공시 1188건
2026-05-29 12:56:20,370 [INFO] __main__ — FinBERT 감성 분석 (finbert 모드)...
2026-05-29 12:56:20,370 [INFO] __main__ — FinBERT 로딩: snunlp/KR-FinBert-SC (CPU, batch=8)
2026-05-29 12:56:20,529 [INFO] httpx — HTTP Request: HEAD https://huggingface.co/snunlp/KR-FinBert-SC/resolve/main/config.json "HTTP/1.1 307 Temporary Redirect"
2026-05-29 12:56:20,553 [INFO] httpx — HTTP Request: HEAD https://huggingface.co/api/resolve-cache/models/snunlp/KR-FinBert-SC/f8586286cc3161fb648e9fee09a456069fd846d0/config.json "HTTP/1.1 200 OK"
2026-05-29 12:56:20,633 [INFO] httpx — HTTP Request: HEAD https://huggingface.co/snunlp/KR-FinBert-SC/resolve/main/model.safetensors "HTTP/1.1 404 Not Found"
2026-05-29 12:56:20,697 [INFO] httpx — HTTP Request: GET https://huggingface.co/api/models/snunlp/KR-FinBert-SC "HTTP/1.1 200 OK"
2026-05-29 12:56:20,776 [INFO] httpx — HTTP Request: GET https://huggingface.co/api/models/snunlp/KR-FinBert-SC/commits/main "HTTP/1.1 200 OK"
2026-05-29 12:56:20,843 [INFO] httpx — HTTP Request: GET https://huggingface.co/api/models/snunlp/KR-FinBert-SC/discussions?p=0 "HTTP/1.1 200 OK"
2026-05-29 12:56:20,856 [INFO] httpx — HTTP Request: GET https://huggingface.co/api/models/snunlp/KR-FinBert-SC/tree/main/additional_chat_templates?recursive=false&expand=false "HTTP/1.1 404 Not Found"
2026-05-29 12:56:20,914 [INFO] httpx — HTTP Request: GET https://huggingface.co/api/models/snunlp/KR-FinBert-SC/commits/refs%2Fpr%2F3 "HTTP/1.1 200 OK"
2026-05-29 12:56:20,919 [INFO] httpx — HTTP Request: GET https://huggingface.co/api/models/snunlp/KR-FinBert-SC/tree/main?recursive=true&expand=false "HTTP/1.1 200 OK"
2026-05-29 12:56:20,939 [INFO] __main__ — FinBERT 로드 완료 (CPU)
2026-05-29 12:56:20,976 [INFO] httpx — HTTP Request: HEAD https://huggingface.co/snunlp/KR-FinBert-SC/resolve/refs%2Fpr%2F3/model.safetensors.index.json "HTTP/1.1 404 Not Found"
2026-05-29 12:56:20,976 [WARNING] huggingface_hub.utils._http — Warning: You are sending unauthenticated requests to the HF Hub. Please set a HF_TOKEN to enable higher rate limits and faster downloads.
2026-05-29 12:56:21,041 [INFO] httpx — HTTP Request: HEAD https://huggingface.co/snunlp/KR-FinBert-SC/resolve/refs%2Fpr%2F3/model.safetensors "HTTP/1.1 302 Found"
2026-05-29 12:57:29,996 [INFO] __main__ — Phase A.1: 매핑 신뢰도 < 0.5 → 감성 점수 폐기 97건
2026-05-29 12:57:29,996 [INFO] __main__ — 스코어링: 118개 | 집중:1 | FinBERT:finbert
2026-05-29 12:57:30,014 [INFO] __main__ —   → 118개
2026-05-29 12:57:30,014 [INFO] __main__ — ▶ Step 4: 발송
2026-05-29 12:57:35,748 [INFO] __main__ — DB 기록: 30개 / 전체 to_send 30개
2026-05-29 12:57:35,748 [INFO] __main__ — 발송: 집중 1 / 주시 4
2026-05-29 12:57:35,748 [INFO] __main__ — 완료  |  소요: 1331.3초
