2026-09-10 23:08:01,357 [INFO] __main__ — config 검증 완료 ✓
2026-09-10 23:08:01,357 [INFO] __main__ — KIS 조회 도메인: 실전 (https://openapi.koreainvestment.com:9443)
2026-09-10 23:08:01,357 [INFO] __main__ — ============================================================
2026-09-10 23:08:01,357 [INFO] __main__ — AlphaRadar v3.3.1  |  기준일: 20260911
2026-09-10 23:08:01,357 [INFO] __main__ — S = T×0.3 + S_text×0.4 + D×0.3
2026-09-10 23:08:01,357 [INFO] __main__ — ============================================================
2026-09-10 23:08:01,357 [INFO] __main__ — ▶ Step 0: 유니버스 필터링
2026-09-10 23:08:01,635 [INFO] __main__ — FDR 데이터 수집: 20260308 ~ 20260911
2026-09-10 23:08:04,230 [INFO] __main__ — master universe 메타: 캐시 사용 2760개 (year=2026)
2026-09-10 23:08:04,232 [INFO] __main__ — master 보강: 등급 836개 | FnGuide/KSIC 2550개 | 섹터(fg_industry) 2550개
2026-09-10 23:08:04,233 [INFO] __main__ — KOSPI: 943개 | 섹터정보 831개 (DART +828개 보완)
2026-09-10 23:08:04,233 [INFO] __main__ — KOSDAQ: 1823개 | 섹터정보 1748개
2026-09-10 23:08:04,233 [INFO] __main__ — 전체: 2766개
2026-09-10 23:08:06,246 [INFO] __main__ — KIS 토큰 발급 완료
2026-09-10 23:14:07,136 [INFO] __main__ — DART corp_code 매핑: 886/909개 (97%)
2026-09-10 23:14:07,137 [INFO] __main__ — 유효 유니버스: 909개
2026-09-10 23:14:07,143 [INFO] __main__ —   → 909개
2026-09-10 23:14:07,143 [INFO] __main__ — ▶ Step 1: 신호 탐지
2026-09-10 23:14:07,143 [INFO] __main__ — NaverClient: 3개 키 로드 (DataLab·검색 독립 회전)
2026-09-10 23:14:07,143 [INFO] __main__ — 관심 지수 및 부정 뉴스 비율 조회 중...
2026-09-10 23:14:08,576 [INFO] __main__ — 봇 주가요약 제외 [빛과전자]: 2건
2026-09-10 23:14:08,584 [INFO] __main__ — 봇 주가요약 제외 [흥아해운]: 1건
2026-09-10 23:14:09,596 [INFO] __main__ — 봇 주가요약 제외 [우리기술]: 1건
2026-09-10 23:14:10,757 [INFO] __main__ — 봇 주가요약 제외 [대한광통신]: 2건
2026-09-10 23:14:10,760 [INFO] __main__ — 봇 주가요약 제외 [삼미금속]: 3건
2026-09-10 23:14:11,903 [INFO] __main__ — 봇 주가요약 제외 [에스엠벡셀]: 1건
2026-09-10 23:14:11,910 [INFO] __main__ — 봇 주가요약 제외 [스트라드비젼]: 1건
2026-09-10 23:14:13,035 [INFO] __main__ — 봇 주가요약 제외 [SFA반도체]: 1건
2026-09-10 23:14:14,061 [INFO] __main__ — 봇 주가요약 제외 [원익홀딩스]: 2건
2026-09-10 23:14:14,386 [INFO] __main__ — 봇 주가요약 제외 [지투파워]: 2건
2026-09-10 23:14:17,870 [INFO] __main__ — 봇 주가요약 제외 [오르비텍]: 3건
2026-09-10 23:14:20,903 [INFO] __main__ — 봇 주가요약 제외 [더즌]: 1건
2026-09-10 23:14:24,462 [INFO] __main__ — 봇 주가요약 제외 [대원전선]: 4건
2026-09-10 23:14:25,624 [INFO] __main__ — 봇 주가요약 제외 [금호타이어]: 1건
2026-09-10 23:14:26,659 [INFO] __main__ — 봇 주가요약 제외 [두산퓨얼셀]: 2건
2026-09-10 23:14:27,682 [INFO] __main__ — 봇 주가요약 제외 [삼성E&A]: 1건
2026-09-10 23:14:27,696 [INFO] __main__ — 봇 주가요약 제외 [하나마이크론]: 1건
2026-09-10 23:14:28,693 [INFO] __main__ — 봇 주가요약 제외 [고영]: 1건
2026-09-10 23:14:29,073 [INFO] __main__ — 봇 주가요약 제외 [한전산업]: 1건
2026-09-10 23:14:31,908 [INFO] __main__ — 봇 주가요약 제외 [RF머트리얼즈]: 2건
2026-09-10 23:14:31,995 [INFO] __main__ — 봇 주가요약 제외 [제주반도체]: 2건
2026-09-10 23:14:32,939 [INFO] __main__ — 봇 주가요약 제외 [휴림로봇]: 1건
2026-09-10 23:14:34,445 [INFO] __main__ — 봇 주가요약 제외 [PS일렉트로닉스]: 3건
2026-09-10 23:14:36,527 [INFO] __main__ — 봇 주가요약 제외 [코스모로보틱스]: 1건
2026-09-10 23:14:36,544 [INFO] __main__ — 봇 주가요약 제외 [SK이터닉스]: 3건
2026-09-10 23:14:37,692 [INFO] __main__ — 봇 주가요약 제외 [대덕전자]: 1건
2026-09-10 23:14:38,854 [INFO] __main__ — 봇 주가요약 제외 [대성에너지]: 1건
2026-09-10 23:14:39,733 [INFO] __main__ — 봇 주가요약 제외 [DB하이텍]: 2건
2026-09-10 23:14:39,868 [INFO] __main__ — 봇 주가요약 제외 [한전기술]: 2건
2026-09-10 23:14:44,021 [INFO] __main__ — 봇 주가요약 제외 [SK아이이테크놀로지]: 1건
2026-09-10 23:14:45,004 [INFO] __main__ — 봇 주가요약 제외 [지엔씨에너지]: 2건
2026-09-10 23:14:49,190 [INFO] __main__ — 봇 주가요약 제외 [필옵틱스]: 2건
2026-09-10 23:14:51,243 [INFO] __main__ — 뉴스 시점 제외 [맥쿼리인프라]: 10건 (>14일/파싱실패)
2026-09-10 23:14:52,263 [INFO] __main__ — 봇 주가요약 제외 [브이엠]: 2건
2026-09-10 23:14:54,158 [INFO] __main__ — 봇 주가요약 제외 [파두]: 1건
2026-09-10 23:14:54,895 [INFO] __main__ — 봇 주가요약 제외 [우진]: 1건
2026-09-10 23:14:55,308 [INFO] __main__ — 봇 주가요약 제외 [테스]: 1건
2026-09-10 23:14:57,927 [INFO] __main__ — 봇 주가요약 제외 [비에이치아이]: 1건
2026-09-10 23:14:58,346 [INFO] __main__ — 봇 주가요약 제외 [현대무벡스]: 1건
2026-09-10 23:14:58,902 [INFO] __main__ — 봇 주가요약 제외 [휴스틸]: 1건
2026-09-10 23:15:02,004 [INFO] __main__ — 봇 주가요약 제외 [HLB]: 1건
2026-09-10 23:15:03,033 [INFO] __main__ — 봇 주가요약 제외 [에스피지]: 2건
2026-09-10 23:15:04,200 [INFO] __main__ — 봇 주가요약 제외 [삼화콘덴서]: 3건
2026-09-10 23:15:06,228 [INFO] __main__ — 봇 주가요약 제외 [LG씨엔에스]: 1건
2026-09-10 23:15:08,665 [INFO] __main__ — 봇 주가요약 제외 [SNT에너지]: 2건
2026-09-10 23:15:10,784 [INFO] __main__ — 봇 주가요약 제외 [태성]: 1건
2026-09-10 23:15:12,105 [INFO] __main__ — 봇 주가요약 제외 [명신산업]: 1건
2026-09-10 23:15:18,503 [INFO] __main__ — 뉴스 시점 제외 [한선엔지니어링]: 1건 (>14일/파싱실패)
2026-09-10 23:15:19,525 [INFO] __main__ — 봇 주가요약 제외 [유진로봇]: 1건
2026-09-10 23:15:22,744 [INFO] __main__ — 봇 주가요약 제외 [두산테스나]: 1건
2026-09-10 23:15:23,664 [INFO] __main__ — 봇 주가요약 제외 [퍼스텍]: 1건
2026-09-10 23:15:24,139 [INFO] __main__ — 뉴스 시점 제외 [에스에이엠티]: 4건 (>14일/파싱실패)
2026-09-10 23:15:25,044 [INFO] __main__ — 봇 주가요약 제외 [두산로보틱스]: 2건
2026-09-10 23:15:25,138 [INFO] __main__ — 뉴스 시점 제외 [와이지-원]: 8건 (>14일/파싱실패)
2026-09-10 23:15:28,374 [INFO] __main__ — 뉴스 시점 제외 [LS머트리얼즈]: 4건 (>14일/파싱실패)
2026-09-10 23:15:29,270 [INFO] __main__ — 봇 주가요약 제외 [아모텍]: 1건
2026-09-10 23:15:30,282 [INFO] __main__ — 봇 주가요약 제외 [산일전기]: 3건
2026-09-10 23:15:32,324 [INFO] __main__ — 봇 주가요약 제외 [지아이이노베이션]: 1건
2026-09-10 23:15:32,609 [INFO] __main__ — 봇 주가요약 제외 [엑시콘]: 1건
2026-09-10 23:15:34,520 [INFO] __main__ — 봇 주가요약 제외 [범한퓨얼셀]: 2건
2026-09-10 23:15:34,652 [INFO] __main__ — 봇 주가요약 제외 [신풍제약]: 1건
2026-09-10 23:15:37,607 [INFO] __main__ — 봇 주가요약 제외 [OCI홀딩스]: 2건
2026-09-10 23:15:40,673 [INFO] __main__ — 봇 주가요약 제외 [신세계 I&C]: 1건
2026-09-10 23:15:41,104 [INFO] __main__ — 봇 주가요약 제외 [오이솔루션]: 3건
2026-09-10 23:15:42,158 [INFO] __main__ — 봇 주가요약 제외 [삼현]: 2건
2026-09-10 23:15:43,936 [INFO] __main__ — 뉴스 시점 제외 [KB스타리츠]: 11건 (>14일/파싱실패)
2026-09-10 23:15:44,789 [INFO] __main__ — 뉴스 시점 제외 [동국홀딩스]: 9건 (>14일/파싱실패)
2026-09-10 23:15:52,534 [INFO] __main__ — 뉴스 시점 제외 [GRT]: 3건 (>14일/파싱실패)
2026-09-10 23:15:53,603 [INFO] __main__ — 봇 주가요약 제외 [롯데에너지머티리얼즈]: 1건
2026-09-10 23:15:55,037 [INFO] __main__ — 봇 주가요약 제외 [덕산테코피아]: 1건
2026-09-10 23:15:57,125 [INFO] __main__ — 봇 주가요약 제외 [POSCO홀딩스]: 1건
2026-09-10 23:15:59,277 [INFO] __main__ — 뉴스 시점 제외 [에코프로머티]: 2건 (>14일/파싱실패)
2026-09-10 23:15:59,278 [INFO] __main__ — 봇 주가요약 제외 [에코프로머티]: 1건
2026-09-10 23:16:01,344 [INFO] __main__ — 뉴스 시점 제외 [서부T&D]: 1건 (>14일/파싱실패)
2026-09-10 23:16:03,394 [INFO] __main__ — 뉴스 시점 제외 [엘브이엠씨홀딩스]: 10건 (>14일/파싱실패)
2026-09-10 23:16:04,577 [INFO] __main__ — 봇 주가요약 제외 [로보스타]: 1건
2026-09-10 23:16:07,792 [INFO] __main__ — 봇 주가요약 제외 [씨메스로보틱스]: 2건
2026-09-10 23:16:09,901 [INFO] __main__ — 봇 주가요약 제외 [삼성에스디에스]: 2건
2026-09-10 23:16:10,931 [INFO] __main__ — 뉴스 시점 제외 [ESR켄달스퀘어리츠]: 12건 (>14일/파싱실패)
2026-09-10 23:16:13,344 [INFO] __main__ — 봇 주가요약 제외 [삼아알미늄]: 1건
2026-09-10 23:16:19,473 [INFO] __main__ — 봇 주가요약 제외 [신흥에스이씨]: 1건
2026-09-10 23:16:23,076 [INFO] __main__ — 봇 주가요약 제외 [엔켐]: 2건
2026-09-10 23:16:23,946 [INFO] __main__ — 뉴스 시점 제외 [삼양컴텍]: 7건 (>14일/파싱실패)
2026-09-10 23:16:24,801 [INFO] __main__ — 뉴스 시점 제외 [전진건설로봇]: 4건 (>14일/파싱실패)
2026-09-10 23:16:24,801 [INFO] __main__ — 봇 주가요약 제외 [전진건설로봇]: 2건
2026-09-10 23:16:26,591 [INFO] __main__ — 봇 주가요약 제외 [세방전지]: 1건
2026-09-10 23:16:27,284 [INFO] __main__ — 뉴스 시점 제외 [현대힘스]: 8건 (>14일/파싱실패)
2026-09-10 23:16:30,482 [INFO] __main__ — 봇 주가요약 제외 [달바글로벌]: 2건
2026-09-10 23:16:31,510 [INFO] __main__ — 뉴스 시점 제외 [미래에셋증권2우B]: 11건 (>14일/파싱실패)
2026-09-10 23:16:32,676 [INFO] __main__ — 봇 주가요약 제외 [펩트론]: 1건
2026-09-10 23:16:34,445 [INFO] __main__ — 뉴스 시점 제외 [KB발해인프라]: 12건 (>14일/파싱실패)
2026-09-10 23:16:44,159 [INFO] __main__ — 뉴스 시점 제외 [싸이맥스]: 2건 (>14일/파싱실패)
2026-09-10 23:16:45,726 [INFO] __main__ — 뉴스 시점 제외 [한양디지텍]: 4건 (>14일/파싱실패)
2026-09-10 23:16:46,236 [INFO] __main__ — 뉴스 시점 제외 [나이스정보통신]: 5건 (>14일/파싱실패)
2026-09-10 23:17:03,962 [INFO] __main__ — 뉴스 시점 제외 [롯데리츠]: 1건 (>14일/파싱실패)
2026-09-10 23:17:06,051 [INFO] __main__ — 봇 주가요약 제외 [비나텍]: 1건
2026-09-10 23:17:08,265 [INFO] __main__ — 뉴스 시점 제외 [DS단석]: 6건 (>14일/파싱실패)
2026-09-10 23:17:08,853 [INFO] __main__ — 부정 키워드 감지: 20개 종목 (neg_ratio > 0)
2026-09-10 23:17:08,855 [INFO] __main__ — 수급일수충족·합계음수 제외: 71개
2026-09-10 23:17:12,452 [INFO] __main__ — 뉴스 시점 제외 [두산우]: 14건 (>14일/파싱실패)
2026-09-10 23:17:12,941 [INFO] __main__ — 뉴스 시점 제외 [삼성전기우]: 8건 (>14일/파싱실패)
2026-09-10 23:17:17,588 [INFO] __main__ — 뉴스 시점 제외 [한화3우B]: 8건 (>14일/파싱실패)
2026-09-10 23:17:18,156 [INFO] __main__ — 뉴스 시점 제외 [세아홀딩스]: 2건 (>14일/파싱실패)
2026-09-10 23:17:18,752 [INFO] __main__ — 뉴스 시점 제외 [CJ4우(전환)]: 14건 (>14일/파싱실패)
2026-09-10 23:17:19,333 [INFO] __main__ — 뉴스 시점 제외 [삼성FN리츠]: 9건 (>14일/파싱실패)
2026-09-10 23:17:21,101 [INFO] __main__ — 뉴스 시점 제외 [현대차3우B]: 9건 (>14일/파싱실패)
2026-09-10 23:17:21,652 [INFO] __main__ — 뉴스 시점 제외 [삼영무역]: 13건 (>14일/파싱실패)
2026-09-10 23:17:22,232 [INFO] __main__ — 뉴스 시점 제외 [일진홀딩스]: 1건 (>14일/파싱실패)
2026-09-10 23:17:23,408 [INFO] __main__ — 뉴스 시점 제외 [두산2우B]: 13건 (>14일/파싱실패)
2026-09-10 23:17:24,123 [INFO] __main__ — 뉴스 시점 제외 [S-Oil우]: 8건 (>14일/파싱실패)
2026-09-10 23:17:24,696 [INFO] __main__ — 봇 주가요약 제외 [세방]: 1건
2026-09-10 23:17:26,696 [INFO] __main__ — 뉴스 시점 제외 [노루홀딩스]: 7건 (>14일/파싱실패)
2026-09-10 23:17:26,721 [INFO] __main__ — 뉴스 시점 제외 [천일고속]: 13건 (>14일/파싱실패)
2026-09-10 23:17:28,855 [INFO] __main__ — 봇 주가요약 제외 [유일로보틱스]: 2건
2026-09-10 23:17:29,551 [INFO] __main__ — 봇 주가요약 제외 [제룡전기]: 3건
2026-09-10 23:17:31,980 [INFO] __main__ — 뉴스 시점 제외 [매커스]: 6건 (>14일/파싱실패)
2026-09-10 23:17:32,838 [INFO] __main__ — 뉴스 시점 제외 [한국알콜]: 8건 (>14일/파싱실패)
2026-09-10 23:17:32,855 [INFO] __main__ — 뉴스 시점 제외 [툴젠]: 7건 (>14일/파싱실패)
2026-09-10 23:17:33,417 [INFO] __main__ — 봇 주가요약 제외 [티로보틱스]: 1건
2026-09-10 23:17:35,198 [INFO] __main__ — 뉴스 시점 제외 [서호전기]: 10건 (>14일/파싱실패)
2026-09-10 23:17:35,777 [INFO] __main__ — 뉴스 시점 제외 [오리엔탈정공]: 6건 (>14일/파싱실패)
2026-09-10 23:17:36,277 [INFO] __main__ — 봇 주가요약 제외 [도우인시스]: 1건
2026-09-10 23:17:37,891 [INFO] __main__ — POOL_A 후보 부정뉴스 2차 조회: 141개
2026-09-10 23:17:37,893 [INFO] __main__ — POOL_A: 586개 (A:180 B:196 동시:210) | 부정게이트 제외:5
  대형:91 중형:256 소형:239
2026-09-10 23:17:37,902 [INFO] __main__ — 대조군 표본(무신호): 40개 / 모집단 323개 → pool_history
2026-09-10 23:17:37,904 [INFO] __main__ —   → POOL_A: 586개
2026-09-10 23:17:37,904 [INFO] __main__ — ▶ Step 2: 하드 필터링
2026-09-10 23:17:37,904 [INFO] __main__ — 하드 필터 제거: 561개 | 과열배제 60 | 이격도상한 8 | 이격도하한 37 | MA추세 369 | RSI과열 9 | 거래대금 78
2026-09-10 23:17:37,909 [INFO] __main__ — 과열 gated 기록: 60개 → gated_tickers
2026-09-10 23:17:37,911 [INFO] __main__ — 대조군 표본(필터탈락): 174개 / 모집단 561개 → pool_history
2026-09-10 23:17:37,912 [INFO] __main__ — POOL_B: 25개 | 대형:0 중형:15 소형:10
2026-09-10 23:17:37,912 [INFO] __main__ —   → POOL_B: 25개
2026-09-10 23:17:37,912 [INFO] __main__ — ▶ Step 3: 스코어링 (FinBERT 감성 분석)
2026-09-10 23:17:37,912 [INFO] __main__ — NaverClient: 3개 키 로드 (DataLab·검색 독립 회전)
2026-09-10 23:17:37,912 [INFO] __main__ — 텍스트 신규 수집: 25종목 (캐시 적중 0종목)
2026-09-10 23:17:38,402 [INFO] __main__ — 봇 주가요약 제외 [GS건설]: 1건
2026-09-10 23:17:38,409 [INFO] __main__ — 봇 주가요약 제외 [한국콜마]: 1건
2026-09-10 23:17:41,937 [INFO] __main__ — 봇 주가요약 제외 [SK이터닉스]: 6건
2026-09-10 23:17:41,960 [INFO] __main__ — 봇 주가요약 제외 [대원전선]: 8건
2026-09-10 23:17:45,399 [INFO] __main__ — 봇 주가요약 제외 [세방전지]: 1건
2026-09-10 23:17:49,011 [INFO] __main__ — 뉴스 시점 제외 [이수화학]: 14건 (>14일/파싱실패)
2026-09-10 23:17:52,447 [INFO] __main__ — 뉴스 시점 제외 [S-Oil우]: 23건 (>14일/파싱실패)
2026-09-10 23:17:52,471 [INFO] __main__ — 봇 주가요약 제외 [피에스케이]: 1건
2026-09-10 23:17:52,950 [INFO] __main__ — 봇 주가요약 제외 [테스]: 2건
2026-09-10 23:17:53,036 [INFO] __main__ — 봇 주가요약 제외 [제주반도체]: 3건
2026-09-10 23:17:56,038 [INFO] __main__ — 봇 주가요약 제외 [로보스타]: 3건
2026-09-10 23:17:56,382 [INFO] __main__ — 뉴스 시점 제외 [샘씨엔에스]: 15건 (>14일/파싱실패)
2026-09-10 23:18:03,398 [INFO] __main__ — 봇 주가요약 제외 [KBI메탈]: 1건
2026-09-10 23:18:06,451 [INFO] __main__ — 기사 보존(수집): 212건 (25종목) → news_articles
2026-09-10 23:18:06,455 [INFO] __main__ — 공시 보존(수집): 67건 (25종목) → dart_filings
2026-09-10 23:18:06,456 [INFO] __main__ — 수집 완료: 뉴스 212건 | 공시 67건
2026-09-10 23:18:06,456 [INFO] __main__ — FinBERT 감성 분석 (finbert 모드)...
2026-09-10 23:18:06,456 [INFO] __main__ — FinBERT 로딩: snunlp/KR-FinBert-SC (CPU, batch=8)
2026-09-10 23:18:06,578 [INFO] httpx — HTTP Request: GET https://huggingface.co/api/agent-harnesses "HTTP/1.1 200 OK"
2026-09-10 23:18:06,647 [INFO] httpx — HTTP Request: HEAD https://huggingface.co/snunlp/KR-FinBert-SC/resolve/main/config.json "HTTP/1.1 307 Temporary Redirect"
2026-09-10 23:18:06,648 [WARNING] huggingface_hub.utils._http — Warning: You are sending unauthenticated requests to the HF Hub. Please set a HF_TOKEN to enable higher rate limits and faster downloads.
2026-09-10 23:18:06,654 [INFO] httpx — HTTP Request: HEAD https://huggingface.co/api/resolve-cache/models/snunlp/KR-FinBert-SC/f8586286cc3161fb648e9fee09a456069fd846d0/config.json?%2Fsnunlp%2FKR-FinBert-SC%2Fresolve%2Fmain%2Fconfig.json=&etag=%22bd00b2460e394f69e29e6438699e074cbac9584e%22 "HTTP/1.1 200 OK"
2026-09-10 23:18:06,740 [INFO] httpx — HTTP Request: HEAD https://huggingface.co/snunlp/KR-FinBert-SC/resolve/main/model.safetensors "HTTP/1.1 404 Not Found"
2026-09-10 23:18:06,814 [INFO] httpx — HTTP Request: GET https://huggingface.co/api/models/snunlp/KR-FinBert-SC "HTTP/1.1 200 OK"
2026-09-10 23:18:06,902 [INFO] httpx — HTTP Request: GET https://huggingface.co/api/models/snunlp/KR-FinBert-SC/commits/main "HTTP/1.1 200 OK"
2026-09-10 23:18:06,913 [INFO] httpx — HTTP Request: GET https://huggingface.co/api/models/snunlp/KR-FinBert-SC/tree/main/additional_chat_templates?recursive=false&expand=false "HTTP/1.1 404 Not Found"
2026-09-10 23:18:06,983 [INFO] httpx — HTTP Request: GET https://huggingface.co/api/models/snunlp/KR-FinBert-SC/discussions?p=0 "HTTP/1.1 200 OK"
2026-09-10 23:18:06,989 [INFO] httpx — HTTP Request: GET https://huggingface.co/api/models/snunlp/KR-FinBert-SC/tree/main?recursive=true&expand=false "HTTP/1.1 200 OK"
2026-09-10 23:18:07,064 [INFO] httpx — HTTP Request: GET https://huggingface.co/api/models/snunlp/KR-FinBert-SC/commits/refs%2Fpr%2F3 "HTTP/1.1 200 OK"
2026-09-10 23:18:07,072 [INFO] httpx — HTTP Request: HEAD https://huggingface.co/snunlp/KR-FinBert-SC/resolve/main/processor_config.json "HTTP/1.1 404 Not Found"
2026-09-10 23:18:07,134 [INFO] httpx — HTTP Request: HEAD https://huggingface.co/snunlp/KR-FinBert-SC/resolve/refs%2Fpr%2F3/model.safetensors.index.json "HTTP/1.1 404 Not Found"
2026-09-10 23:18:07,144 [INFO] httpx — HTTP Request: HEAD https://huggingface.co/snunlp/KR-FinBert-SC/resolve/main/video_preprocessor_config.json "HTTP/1.1 404 Not Found"
2026-09-10 23:18:07,211 [INFO] httpx — HTTP Request: HEAD https://huggingface.co/snunlp/KR-FinBert-SC/resolve/refs%2Fpr%2F3/model.safetensors "HTTP/1.1 302 Found"
2026-09-10 23:18:07,215 [INFO] httpx — HTTP Request: HEAD https://huggingface.co/snunlp/KR-FinBert-SC/resolve/main/preprocessor_config.json "HTTP/1.1 404 Not Found"
2026-09-10 23:18:07,216 [INFO] __main__ — FinBERT 로드 완료 (CPU)
2026-09-10 23:18:32,432 [INFO] __main__ — Phase A.1: 매핑 신뢰도 < 0.5 → 감성 점수 폐기 23건
2026-09-10 23:18:32,432 [INFO] __main__ — [shadow] 필드별 검사 기준 폐기 0/24종목 (집행 23건 — 변동 없음)
2026-09-10 23:18:32,432 [INFO] __main__ — 스코어링: 25개 | 집중:0 | FinBERT:finbert
2026-09-10 23:18:32,453 [INFO] __main__ —   → 25개
2026-09-10 23:18:32,453 [INFO] __main__ — ▶ Step 4: 발송
2026-09-10 23:18:37,803 [INFO] __main__ — DB 기록: 16개 / 전체 to_send 16개
2026-09-10 23:18:37,803 [INFO] __main__ — 발송: 16종목 | 누적 4~10회 2 | 신규 1
2026-09-10 23:18:37,803 [INFO] __main__ — 완료  |  소요: 636.4초
2026-09-10 23:18:38,939 [INFO] track_outcomes — pool_history 대조군 6237건 추적 대상 포함
2026-09-10 23:18:38,982 [INFO] track_outcomes — 고아 행 186건 복원 (targets에서 탈락한 미완 키)
2026-09-10 23:18:38,982 [INFO] track_outcomes — 대상 15017건 | 갱신 필요 9174건 | 완료 스킵 6029건
2026-09-10 23:18:38,984 [INFO] track_outcomes —   가격 조회 고유 종목 1591개 (기존 524 + 대조군 추가 1067)
2026-09-10 23:43:00,918 [INFO] track_outcomes — outcomes 적재: 신규 299건 | 갱신(신규+보완) 1111건
2026-09-11 13:48:19,256 [INFO] __main__ — config 검증 완료 ✓
2026-09-11 13:48:19,256 [INFO] __main__ — KIS 조회 도메인: 실전 (https://openapi.koreainvestment.com:9443)
2026-09-11 13:48:19,256 [INFO] __main__ — ============================================================
2026-09-11 13:48:19,257 [INFO] __main__ — AlphaRadar v3.3.1  |  기준일: 20260911  |  런: pm
2026-09-11 13:48:19,257 [INFO] __main__ — S = T×0.3 + S_text×0.4 + D×0.3
2026-09-11 13:48:19,257 [INFO] __main__ — ============================================================
2026-09-11 13:48:19,257 [INFO] __main__ — ▶ Step 0: 유니버스 필터링
2026-09-11 13:48:19,544 [INFO] __main__ — FDR 데이터 수집: 20260308 ~ 20260911
2026-09-11 13:48:21,165 [INFO] __main__ — master universe 메타: 캐시 사용 2760개 (year=2026)
2026-09-11 13:48:21,168 [INFO] __main__ — master 보강: 등급 836개 | FnGuide/KSIC 2549개 | 섹터(fg_industry) 2549개
2026-09-11 13:48:21,168 [INFO] __main__ — KOSPI: 943개 | 섹터정보 831개 (DART +828개 보완)
2026-09-11 13:48:21,169 [INFO] __main__ — KOSDAQ: 1822개 | 섹터정보 1747개
2026-09-11 13:48:21,169 [INFO] __main__ — 전체: 2765개
2026-09-11 13:48:23,526 [INFO] __main__ — KIS 토큰 발급 완료
2026-09-11 13:56:02,120 [INFO] __main__ — DART corp_code 매핑: 884/907개 (97%)
2026-09-11 13:56:02,120 [INFO] __main__ — 유효 유니버스: 907개
2026-09-11 13:56:02,128 [INFO] __main__ —   → 907개
2026-09-11 13:56:02,128 [INFO] __main__ — ▶ Step 1: 신호 탐지
2026-09-11 13:56:02,128 [INFO] __main__ — NaverClient: 3개 키 로드 (DataLab·검색 독립 회전)
2026-09-11 13:56:02,128 [INFO] __main__ — 관심 지수 및 부정 뉴스 비율 조회 중...
2026-09-11 13:56:04,138 [INFO] __main__ — 봇 주가요약 제외 [흥아해운]: 2건
2026-09-11 13:56:04,140 [INFO] __main__ — 봇 주가요약 제외 [빛과전자]: 4건
2026-09-11 13:56:05,865 [INFO] __main__ — 봇 주가요약 제외 [현대약품]: 1건
2026-09-11 13:56:05,902 [INFO] __main__ — 봇 주가요약 제외 [우리기술]: 2건
2026-09-11 13:56:07,571 [INFO] __main__ — 봇 주가요약 제외 [드림시큐리티]: 2건
2026-09-11 13:56:07,582 [INFO] __main__ — 봇 주가요약 제외 [대한광통신]: 2건
2026-09-11 13:56:07,590 [INFO] __main__ — 봇 주가요약 제외 [삼미금속]: 5건
2026-09-11 13:56:09,424 [INFO] __main__ — 봇 주가요약 제외 [우리로]: 2건
2026-09-11 13:56:09,433 [INFO] __main__ — 봇 주가요약 제외 [흥구석유]: 2건
2026-09-11 13:56:10,761 [INFO] __main__ — 봇 주가요약 제외 [스트라드비젼]: 1건
2026-09-11 13:56:12,291 [INFO] __main__ — 봇 주가요약 제외 [지투파워]: 2건
2026-09-11 13:56:12,761 [INFO] __main__ — 봇 주가요약 제외 [엑스게이트]: 2건
2026-09-11 13:56:12,780 [INFO] __main__ — 봇 주가요약 제외 [페니트리움바이오]: 1건
2026-09-11 13:56:14,294 [INFO] __main__ — 봇 주가요약 제외 [오르비텍]: 1건
2026-09-11 13:56:17,656 [INFO] __main__ — 봇 주가요약 제외 [원익홀딩스]: 2건
2026-09-11 13:56:18,840 [INFO] __main__ — 봇 주가요약 제외 [HPSP]: 1건
2026-09-11 13:56:21,481 [INFO] __main__ — 봇 주가요약 제외 [한국화장품제조]: 2건
2026-09-11 13:56:21,879 [INFO] __main__ — 봇 주가요약 제외 [후성]: 1건
2026-09-11 13:56:23,477 [INFO] __main__ — 봇 주가요약 제외 [성호전자]: 1건
2026-09-11 13:56:28,466 [INFO] __main__ — 봇 주가요약 제외 [대원전선]: 4건
2026-09-11 13:56:28,467 [INFO] __main__ — 봇 주가요약 제외 [대한전선]: 1건
2026-09-11 13:56:29,541 [INFO] __main__ — 봇 주가요약 제외 [더즌]: 1건
2026-09-11 13:56:31,083 [INFO] __main__ — 봇 주가요약 제외 [한전산업]: 1건
2026-09-11 13:56:32,604 [INFO] __main__ — 봇 주가요약 제외 [두산퓨얼셀]: 2건
2026-09-11 13:56:33,085 [INFO] __main__ — 봇 주가요약 제외 [하나마이크론]: 1건
2026-09-11 13:56:34,051 [INFO] __main__ — 봇 주가요약 제외 [고영]: 1건
2026-09-11 13:56:34,664 [INFO] __main__ — 봇 주가요약 제외 [PS일렉트로닉스]: 2건
2026-09-11 13:56:35,421 [INFO] __main__ — 봇 주가요약 제외 [RF머트리얼즈]: 1건
2026-09-11 13:56:37,840 [INFO] __main__ — 봇 주가요약 제외 [제주반도체]: 2건
2026-09-11 13:56:39,152 [INFO] __main__ — 봇 주가요약 제외 [SK이터닉스]: 4건
2026-09-11 13:56:39,180 [INFO] __main__ — 봇 주가요약 제외 [바이오니아]: 1건
2026-09-11 13:56:40,490 [INFO] __main__ — 봇 주가요약 제외 [삼화콘덴서]: 2건
2026-09-11 13:56:40,496 [INFO] __main__ — 봇 주가요약 제외 [대성에너지]: 1건
2026-09-11 13:56:42,038 [INFO] __main__ — 봇 주가요약 제외 [한전기술]: 1건
2026-09-11 13:56:45,129 [INFO] __main__ — 봇 주가요약 제외 [DB하이텍]: 1건
2026-09-11 13:56:48,443 [INFO] __main__ — 봇 주가요약 제외 [대덕전자]: 2건
2026-09-11 13:56:49,772 [INFO] __main__ — 봇 주가요약 제외 [SK아이이테크놀로지]: 1건
2026-09-11 13:56:52,442 [INFO] __main__ — 봇 주가요약 제외 [코스모로보틱스]: 1건
2026-09-11 13:56:57,801 [INFO] __main__ — 봇 주가요약 제외 [필옵틱스]: 2건
2026-09-11 13:56:58,818 [INFO] __main__ — 뉴스 시점 제외 [맥쿼리인프라]: 10건 (>14일/파싱실패)
2026-09-11 13:57:01,323 [INFO] __main__ — 봇 주가요약 제외 [엘앤에프]: 2건
2026-09-11 13:57:02,828 [INFO] __main__ — 봇 주가요약 제외 [쏠리드]: 1건
2026-09-11 13:57:04,283 [INFO] __main__ — 봇 주가요약 제외 [브이엠]: 2건
2026-09-11 13:57:04,936 [INFO] __main__ — 봇 주가요약 제외 [파두]: 1건
2026-09-11 13:57:06,995 [INFO] __main__ — 봇 주가요약 제외 [비에이치아이]: 2건
2026-09-11 13:57:08,308 [INFO] __main__ — 봇 주가요약 제외 [테스]: 2건
2026-09-11 13:57:11,001 [INFO] __main__ — 봇 주가요약 제외 [휴스틸]: 1건
2026-09-11 13:57:12,360 [INFO] __main__ — 봇 주가요약 제외 [RFHIC]: 1건
2026-09-11 13:57:14,397 [INFO] __main__ — 봇 주가요약 제외 [DL이앤씨]: 1건
2026-09-11 13:57:20,517 [INFO] __main__ — 봇 주가요약 제외 [태성]: 1건
2026-09-11 13:57:23,246 [INFO] __main__ — 봇 주가요약 제외 [LG씨엔에스]: 1건
2026-09-11 13:57:25,213 [INFO] __main__ — 봇 주가요약 제외 [범한퓨얼셀]: 1건
2026-09-11 13:57:25,952 [INFO] __main__ — 봇 주가요약 제외 [SNT에너지]: 2건
2026-09-11 13:57:29,474 [INFO] __main__ — 봇 주가요약 제외 [태웅]: 2건
2026-09-11 13:57:35,382 [INFO] __main__ — 봇 주가요약 제외 [두산테스나]: 1건
2026-09-11 13:57:38,207 [INFO] __main__ — 봇 주가요약 제외 [퍼스텍]: 1건
2026-09-11 13:57:39,565 [INFO] __main__ — 봇 주가요약 제외 [이수페타시스]: 1건
2026-09-11 13:57:39,863 [INFO] __main__ — 봇 주가요약 제외 [LS ELECTRIC]: 1건
2026-09-11 13:57:42,439 [INFO] __main__ — 봇 주가요약 제외 [신풍제약]: 1건
2026-09-11 13:57:42,892 [INFO] __main__ — 뉴스 시점 제외 [와이지-원]: 7건 (>14일/파싱실패)
2026-09-11 13:57:43,794 [INFO] __main__ — 봇 주가요약 제외 [엘앤씨바이오]: 1건
2026-09-11 13:57:47,830 [INFO] __main__ — 뉴스 시점 제외 [LS머트리얼즈]: 5건 (>14일/파싱실패)
2026-09-11 13:57:51,356 [INFO] __main__ — 봇 주가요약 제외 [삼현]: 1건
2026-09-11 13:57:53,316 [INFO] __main__ — 봇 주가요약 제외 [두산로보틱스]: 1건
2026-09-11 13:57:54,226 [INFO] __main__ — 봇 주가요약 제외 [산일전기]: 3건
2026-09-11 13:57:55,771 [INFO] __main__ — 봇 주가요약 제외 [지아이이노베이션]: 1건
2026-09-11 13:57:59,970 [INFO] __main__ — 봇 주가요약 제외 [유진로봇]: 1건
2026-09-11 13:58:01,271 [INFO] __main__ — 뉴스 시점 제외 [KB스타리츠]: 11건 (>14일/파싱실패)
2026-09-11 13:58:01,375 [INFO] __main__ — 봇 주가요약 제외 [오이솔루션]: 4건
2026-09-11 13:58:02,620 [INFO] __main__ — 봇 주가요약 제외 [롯데에너지머티리얼즈]: 1건
2026-09-11 13:58:05,684 [INFO] __main__ — 봇 주가요약 제외 [한국콜마]: 2건
2026-09-11 13:58:07,027 [INFO] __main__ — 뉴스 시점 제외 [동국홀딩스]: 9건 (>14일/파싱실패)
2026-09-11 13:58:09,696 [INFO] __main__ — 봇 주가요약 제외 [OCI홀딩스]: 4건
2026-09-11 13:58:12,523 [INFO] __main__ — 봇 주가요약 제외 [신세계 I&C]: 1건
2026-09-11 13:58:13,740 [INFO] __main__ — 봇 주가요약 제외 [포스코퓨처엠]: 1건
2026-09-11 13:58:15,107 [INFO] __main__ — 봇 주가요약 제외 [엑시콘]: 1건
2026-09-11 13:58:19,120 [INFO] __main__ — 뉴스 시점 제외 [GRT]: 3건 (>14일/파싱실패)
2026-09-11 13:58:24,466 [INFO] __main__ — 봇 주가요약 제외 [덕산테코피아]: 1건
2026-09-11 13:58:25,785 [INFO] __main__ — 뉴스 시점 제외 [에코프로머티]: 3건 (>14일/파싱실패)
2026-09-11 13:58:25,786 [INFO] __main__ — 봇 주가요약 제외 [에코프로머티]: 1건
2026-09-11 13:58:26,062 [INFO] __main__ — 봇 주가요약 제외 [나우로보틱스]: 1건
2026-09-11 13:58:28,974 [INFO] __main__ — 봇 주가요약 제외 [씨메스로보틱스]: 2건
2026-09-11 13:58:29,898 [INFO] __main__ — 뉴스 시점 제외 [엘브이엠씨홀딩스]: 10건 (>14일/파싱실패)
2026-09-11 13:58:33,432 [INFO] __main__ — 봇 주가요약 제외 [POSCO홀딩스]: 1건
2026-09-11 13:58:36,051 [INFO] __main__ — 봇 주가요약 제외 [명신산업]: 1건
2026-09-11 13:58:38,239 [INFO] __main__ — 뉴스 시점 제외 [서부T&D]: 2건 (>14일/파싱실패)
2026-09-11 13:58:39,784 [INFO] __main__ — 봇 주가요약 제외 [한국항공우주]: 1건
2026-09-11 13:58:41,497 [INFO] __main__ — 뉴스 시점 제외 [ESR켄달스퀘어리츠]: 12건 (>14일/파싱실패)
2026-09-11 13:58:45,975 [INFO] __main__ — 봇 주가요약 제외 [삼아알미늄]: 1건
2026-09-11 13:58:48,696 [INFO] __main__ — 봇 주가요약 제외 [로킷헬스케어]: 1건
2026-09-11 13:58:51,460 [INFO] __main__ — 봇 주가요약 제외 [삼성에스디에스]: 1건
2026-09-11 13:58:55,276 [INFO] __main__ — 봇 주가요약 제외 [엔켐]: 2건
2026-09-11 13:58:58,329 [INFO] __main__ — 봇 주가요약 제외 [달바글로벌]: 4건
2026-09-11 13:59:01,393 [INFO] __main__ — 뉴스 시점 제외 [이지스밸류플러스리츠]: 11건 (>14일/파싱실패)
2026-09-11 13:59:02,341 [INFO] __main__ — 뉴스 시점 제외 [현대힘스]: 7건 (>14일/파싱실패)
2026-09-11 13:59:03,908 [INFO] __main__ — 봇 주가요약 제외 [신흥에스이씨]: 1건
2026-09-11 13:59:16,726 [INFO] __main__ — 봇 주가요약 제외 [세방전지]: 1건
2026-09-11 13:59:17,619 [INFO] __main__ — 뉴스 시점 제외 [KB발해인프라]: 12건 (>14일/파싱실패)
2026-09-11 13:59:17,760 [INFO] __main__ — 봇 주가요약 제외 [전진건설로봇]: 2건
2026-09-11 13:59:18,074 [INFO] __main__ — 봇 주가요약 제외 [로보스타]: 1건
2026-09-11 13:59:21,642 [INFO] __main__ — 뉴스 시점 제외 [미래에셋증권2우B]: 10건 (>14일/파싱실패)
2026-09-11 13:59:23,427 [INFO] __main__ — 봇 주가요약 제외 [코리아써키트]: 1건
2026-09-11 13:59:25,888 [INFO] __main__ — 봇 주가요약 제외 [펩트론]: 2건
2026-09-11 13:59:27,423 [INFO] __main__ — 뉴스 시점 제외 [한양디지텍]: 6건 (>14일/파싱실패)
2026-09-11 13:59:35,221 [INFO] __main__ — Naver datalab 키1 한도/인증 오류 → 키2 전환
2026-09-11 13:59:39,303 [INFO] __main__ — 뉴스 시점 제외 [싸이맥스]: 4건 (>14일/파싱실패)
2026-09-11 13:59:41,644 [INFO] __main__ — 뉴스 시점 제외 [삼양컴텍]: 7건 (>14일/파싱실패)
2026-09-11 13:59:44,927 [INFO] __main__ — 뉴스 시점 제외 [나이스정보통신]: 4건 (>14일/파싱실패)
2026-09-11 13:59:50,861 [INFO] __main__ — 봇 주가요약 제외 [파이버프로]: 1건
2026-09-11 13:59:53,526 [INFO] __main__ — 뉴스 시점 제외 [DS단석]: 6건 (>14일/파싱실패)
2026-09-11 13:59:56,414 [INFO] __main__ — 봇 주가요약 제외 [켐트로닉스]: 1건
2026-09-11 13:59:57,943 [INFO] __main__ — 뉴스 시점 제외 [롯데리츠]: 3건 (>14일/파싱실패)
2026-09-11 13:59:59,305 [INFO] __main__ — 봇 주가요약 제외 [비나텍]: 1건
2026-09-11 14:00:04,926 [INFO] __main__ — 부정 키워드 감지: 26개 종목 (neg_ratio > 0)
2026-09-11 14:00:04,928 [INFO] __main__ — 수급일수충족·합계음수 제외: 73개
2026-09-11 14:00:09,654 [INFO] __main__ — 뉴스 시점 제외 [두산우]: 14건 (>14일/파싱실패)
2026-09-11 14:00:10,572 [INFO] __main__ — 뉴스 시점 제외 [삼성전기우]: 9건 (>14일/파싱실패)
2026-09-11 14:00:15,159 [INFO] __main__ — 뉴스 시점 제외 [미원에스씨]: 6건 (>14일/파싱실패)
2026-09-11 14:00:16,821 [INFO] __main__ — 뉴스 시점 제외 [한화3우B]: 11건 (>14일/파싱실패)
2026-09-11 14:00:17,535 [INFO] __main__ — 뉴스 시점 제외 [세아홀딩스]: 2건 (>14일/파싱실패)
2026-09-11 14:00:17,569 [INFO] __main__ — 뉴스 시점 제외 [CJ4우(전환)]: 14건 (>14일/파싱실패)
2026-09-11 14:00:19,041 [INFO] __main__ — 뉴스 시점 제외 [삼성FN리츠]: 10건 (>14일/파싱실패)
2026-09-11 14:00:21,489 [INFO] __main__ — 뉴스 시점 제외 [현대차3우B]: 9건 (>14일/파싱실패)
2026-09-11 14:00:21,953 [INFO] __main__ — 뉴스 시점 제외 [삼영무역]: 13건 (>14일/파싱실패)
2026-09-11 14:00:23,158 [INFO] __main__ — 뉴스 시점 제외 [일진홀딩스]: 3건 (>14일/파싱실패)
2026-09-11 14:00:24,072 [INFO] __main__ — 뉴스 시점 제외 [두산2우B]: 13건 (>14일/파싱실패)
2026-09-11 14:00:26,389 [INFO] __main__ — 뉴스 시점 제외 [S-Oil우]: 8건 (>14일/파싱실패)
2026-09-11 14:00:27,128 [INFO] __main__ — 뉴스 시점 제외 [서울가스]: 10건 (>14일/파싱실패)
2026-09-11 14:00:27,994 [INFO] __main__ — 봇 주가요약 제외 [세방]: 1건
2026-09-11 14:00:29,658 [INFO] __main__ — 뉴스 시점 제외 [노루홀딩스]: 7건 (>14일/파싱실패)
2026-09-11 14:00:30,588 [INFO] __main__ — 뉴스 시점 제외 [천일고속]: 13건 (>14일/파싱실패)
2026-09-11 14:00:33,488 [INFO] __main__ — 봇 주가요약 제외 [제룡전기]: 3건
2026-09-11 14:00:37,062 [INFO] __main__ — 뉴스 시점 제외 [매커스]: 7건 (>14일/파싱실패)
2026-09-11 14:00:38,534 [INFO] __main__ — 뉴스 시점 제외 [한국알콜]: 6건 (>14일/파싱실패)
2026-09-11 14:00:38,540 [INFO] __main__ — 봇 주가요약 제외 [티로보틱스]: 1건
2026-09-11 14:00:39,575 [INFO] __main__ — 뉴스 시점 제외 [툴젠]: 7건 (>14일/파싱실패)
2026-09-11 14:00:40,516 [INFO] __main__ — 뉴스 시점 제외 [KH바텍]: 2건 (>14일/파싱실패)
2026-09-11 14:00:41,648 [INFO] __main__ — 뉴스 시점 제외 [서호전기]: 10건 (>14일/파싱실패)
2026-09-11 14:00:43,631 [INFO] __main__ — 뉴스 시점 제외 [오리엔탈정공]: 4건 (>14일/파싱실패)
2026-09-11 14:00:44,386 [INFO] __main__ — 뉴스 시점 제외 [우주일렉트로]: 13건 (>14일/파싱실패)
2026-09-11 14:00:45,124 [INFO] __main__ — 봇 주가요약 제외 [한국정보인증]: 1건
2026-09-11 14:00:45,419 [INFO] __main__ — POOL_A 후보 부정뉴스 2차 조회: 145개
2026-09-11 14:00:45,422 [INFO] __main__ — POOL_A: 626개 (A:158 B:231 동시:237) | 부정게이트 제외:4
  대형:95 중형:275 소형:256
2026-09-11 14:00:45,435 [INFO] __main__ — 대조군 표본(무신호): 40개 / 모집단 281개 → pool_history
2026-09-11 14:00:45,437 [INFO] __main__ —   → POOL_A: 626개
2026-09-11 14:00:45,437 [INFO] __main__ — ▶ Step 2: 하드 필터링
2026-09-11 14:00:45,438 [INFO] __main__ — 하드 필터 제거: 597개 | 과열배제 55 | 이격도상한 15 | 이격도하한 56 | MA추세 375 | RSI과열 11 | 거래대금 85
2026-09-11 14:00:45,440 [INFO] __main__ — 과열 gated 기록: 55개 → gated_tickers
2026-09-11 14:00:45,443 [INFO] __main__ — 대조군 표본(필터탈락): 186개 / 모집단 597개 → pool_history
2026-09-11 14:00:45,443 [INFO] __main__ — POOL_B: 29개 | 대형:0 중형:21 소형:8
2026-09-11 14:00:45,443 [INFO] __main__ —   → POOL_B: 29개
2026-09-11 14:00:45,443 [INFO] __main__ — ▶ Step 3: 스코어링 (FinBERT 감성 분석)
2026-09-11 14:00:45,443 [INFO] __main__ — NaverClient: 3개 키 로드 (DataLab·검색 독립 회전)
2026-09-11 14:00:45,445 [INFO] __main__ — 텍스트 신규 수집: 13종목 (캐시 적중 16종목)
2026-09-11 14:00:46,084 [INFO] __main__ — 봇 주가요약 제외 [삼아알미늄]: 2건
2026-09-11 14:00:46,250 [INFO] __main__ — 봇 주가요약 제외 [심텍]: 1건
2026-09-11 14:00:50,707 [INFO] __main__ — 봇 주가요약 제외 [지엔씨에너지]: 2건
2026-09-11 14:00:59,395 [INFO] __main__ — 뉴스 시점 제외 [PS일렉트로닉스]: 12건 (>14일/파싱실패)
2026-09-11 14:00:59,395 [INFO] __main__ — 봇 주가요약 제외 [PS일렉트로닉스]: 4건
2026-09-11 14:01:03,848 [INFO] __main__ — 뉴스 시점 제외 [메가터치]: 15건 (>14일/파싱실패)
2026-09-11 14:01:07,705 [INFO] __main__ — 기사 보존(수집): 263건 (29종목) → news_articles
2026-09-11 14:01:07,707 [INFO] __main__ — 공시 보존(수집): 97건 (29종목) → dart_filings
2026-09-11 14:01:07,709 [INFO] __main__ — 수집 완료: 뉴스 333건 | 공시 117건
2026-09-11 14:01:07,709 [INFO] __main__ — FinBERT 감성 분석 (finbert 모드)...
2026-09-11 14:01:07,709 [INFO] __main__ — FinBERT 로딩: snunlp/KR-FinBert-SC (CPU, batch=8)
2026-09-11 14:01:07,782 [INFO] httpx — HTTP Request: GET https://huggingface.co/api/agent-harnesses "HTTP/1.1 200 OK"
2026-09-11 14:01:07,799 [INFO] httpx — HTTP Request: HEAD https://huggingface.co/snunlp/KR-FinBert-SC/resolve/main/config.json "HTTP/1.1 307 Temporary Redirect"
2026-09-11 14:01:07,800 [WARNING] huggingface_hub.utils._http — Warning: You are sending unauthenticated requests to the HF Hub. Please set a HF_TOKEN to enable higher rate limits and faster downloads.
2026-09-11 14:01:07,806 [INFO] httpx — HTTP Request: HEAD https://huggingface.co/api/resolve-cache/models/snunlp/KR-FinBert-SC/f8586286cc3161fb648e9fee09a456069fd846d0/config.json?%2Fsnunlp%2FKR-FinBert-SC%2Fresolve%2Fmain%2Fconfig.json=&etag=%22bd00b2460e394f69e29e6438699e074cbac9584e%22 "HTTP/1.1 200 OK"
2026-09-11 14:01:07,844 [INFO] httpx — HTTP Request: HEAD https://huggingface.co/snunlp/KR-FinBert-SC/resolve/main/model.safetensors "HTTP/1.1 404 Not Found"
2026-09-11 14:01:07,883 [INFO] httpx — HTTP Request: GET https://huggingface.co/api/models/snunlp/KR-FinBert-SC "HTTP/1.1 200 OK"
2026-09-11 14:01:07,940 [INFO] httpx — HTTP Request: GET https://huggingface.co/api/models/snunlp/KR-FinBert-SC/commits/main "HTTP/1.1 200 OK"
2026-09-11 14:01:07,981 [INFO] httpx — HTTP Request: GET https://huggingface.co/api/models/snunlp/KR-FinBert-SC/discussions?p=0 "HTTP/1.1 200 OK"
2026-09-11 14:01:08,017 [INFO] httpx — HTTP Request: GET https://huggingface.co/api/models/snunlp/KR-FinBert-SC/commits/refs%2Fpr%2F3 "HTTP/1.1 200 OK"
2026-09-11 14:01:08,025 [INFO] httpx — HTTP Request: GET https://huggingface.co/api/models/snunlp/KR-FinBert-SC/tree/main/additional_chat_templates?recursive=false&expand=false "HTTP/1.1 404 Not Found"
2026-09-11 14:01:08,036 [INFO] httpx — HTTP Request: HEAD https://huggingface.co/snunlp/KR-FinBert-SC/resolve/refs%2Fpr%2F3/model.safetensors.index.json "HTTP/1.1 404 Not Found"
2026-09-11 14:01:08,046 [INFO] httpx — HTTP Request: GET https://huggingface.co/api/models/snunlp/KR-FinBert-SC/tree/main?recursive=true&expand=false "HTTP/1.1 200 OK"
2026-09-11 14:01:08,064 [INFO] httpx — HTTP Request: HEAD https://huggingface.co/snunlp/KR-FinBert-SC/resolve/refs%2Fpr%2F3/model.safetensors "HTTP/1.1 302 Found"
2026-09-11 14:01:08,083 [INFO] httpx — HTTP Request: HEAD https://huggingface.co/snunlp/KR-FinBert-SC/resolve/main/processor_config.json "HTTP/1.1 404 Not Found"
2026-09-11 14:01:08,101 [INFO] httpx — HTTP Request: HEAD https://huggingface.co/snunlp/KR-FinBert-SC/resolve/main/video_preprocessor_config.json "HTTP/1.1 404 Not Found"
2026-09-11 14:01:08,118 [INFO] httpx — HTTP Request: HEAD https://huggingface.co/snunlp/KR-FinBert-SC/resolve/main/preprocessor_config.json "HTTP/1.1 404 Not Found"
2026-09-11 14:01:08,119 [INFO] __main__ — FinBERT 로드 완료 (CPU)
2026-09-11 14:01:46,121 [INFO] __main__ — Phase A.1: 매핑 신뢰도 < 0.5 → 감성 점수 폐기 22건
2026-09-11 14:01:46,121 [INFO] __main__ — [shadow] 필드별 검사 기준 폐기 0/29종목 (집행 22건 — 변동 없음)
2026-09-11 14:01:46,121 [INFO] __main__ — 스코어링: 29개 | 집중:1 | FinBERT:finbert
2026-09-11 14:01:46,139 [INFO] __main__ —   → 29개
2026-09-11 14:01:46,140 [INFO] __main__ — ▶ Step 4: 발송
2026-09-11 14:01:51,246 [INFO] __main__ — DB 기록: 23개 / 전체 to_send 23개
2026-09-11 14:01:51,246 [INFO] __main__ — 발송: 23종목 | 누적 4~10회 5 | 신규 1
2026-09-11 14:01:51,247 [INFO] __main__ — 완료  |  소요: 812.0초
2026-09-11 14:01:52,377 [INFO] track_outcomes — pool_history 대조군 6692건 추적 대상 포함
2026-09-11 14:01:52,449 [INFO] track_outcomes — 고아 행 199건 복원 (targets에서 탈락한 미완 키)
2026-09-11 14:01:52,450 [INFO] track_outcomes — 대상 15592건 | 갱신 필요 9563건 | 완료 스킵 6228건
2026-09-11 14:01:52,454 [INFO] track_outcomes —   가격 조회 고유 종목 1588개 (기존 509 + 대조군 추가 1079)
2026-09-11 14:35:14,600 [INFO] track_outcomes — outcomes 적재: 신규 588건 | 갱신(신규+보완) 2464건
