2026-08-30 23:27:55,252 [INFO] __main__ — config 검증 완료 ✓
2026-08-30 23:27:55,252 [INFO] __main__ — KIS 조회 도메인: 실전 (https://openapi.koreainvestment.com:9443)
2026-08-30 23:27:55,252 [INFO] __main__ — ============================================================
2026-08-30 23:27:55,252 [INFO] __main__ — AlphaRadar v3.3.1  |  기준일: 20260831
2026-08-30 23:27:55,252 [INFO] __main__ — S = T×0.3 + S_text×0.4 + D×0.3
2026-08-30 23:27:55,252 [INFO] __main__ — ============================================================
2026-08-30 23:27:55,252 [INFO] __main__ — ▶ Step 0: 유니버스 필터링
2026-08-30 23:27:55,396 [INFO] __main__ — FDR 데이터 수집: 20260225 ~ 20260831
2026-08-30 23:27:57,720 [INFO] __main__ — master universe 메타: 캐시 사용 2760개 (year=2026)
2026-08-30 23:27:57,723 [INFO] __main__ — master 보강: 등급 836개 | FnGuide/KSIC 2553개 | 섹터(fg_industry) 2553개
2026-08-30 23:27:57,723 [INFO] __main__ — KOSPI: 944개 | 섹터정보 832개 (DART +829개 보완)
2026-08-30 23:27:57,724 [INFO] __main__ — KOSDAQ: 1823개 | 섹터정보 1750개
2026-08-30 23:27:57,724 [INFO] __main__ — 전체: 2767개
2026-08-30 23:27:59,778 [INFO] __main__ — KIS 토큰 발급 완료
2026-08-30 23:34:26,530 [INFO] __main__ — DART corp_code 매핑: 881/904개 (97%)
2026-08-30 23:34:26,530 [INFO] __main__ — 유효 유니버스: 904개
2026-08-30 23:34:26,538 [INFO] __main__ —   → 904개
2026-08-30 23:34:26,538 [INFO] __main__ — ▶ Step 1: 신호 탐지
2026-08-30 23:34:26,538 [INFO] __main__ — NaverClient: 3개 키 로드 (DataLab·검색 독립 회전)
2026-08-30 23:34:26,538 [INFO] __main__ — 관심 지수 및 부정 뉴스 비율 조회 중...
2026-08-30 23:34:27,988 [INFO] __main__ — 봇 주가요약 제외 [빛과전자]: 2건
2026-08-30 23:34:28,024 [INFO] __main__ — 봇 주가요약 제외 [우리기술투자]: 2건
2026-08-30 23:34:30,840 [INFO] __main__ — 봇 주가요약 제외 [신라젠]: 1건
2026-08-30 23:34:36,162 [INFO] __main__ — 봇 주가요약 제외 [KBI메탈]: 2건
2026-08-30 23:34:37,989 [INFO] __main__ — 봇 주가요약 제외 [대원전선]: 4건
2026-08-30 23:34:40,139 [INFO] __main__ — 봇 주가요약 제외 [PS일렉트로닉스]: 3건
2026-08-30 23:34:42,092 [INFO] __main__ — 봇 주가요약 제외 [후성]: 2건
2026-08-30 23:34:45,290 [INFO] __main__ — 봇 주가요약 제외 [광전자]: 3건
2026-08-30 23:34:45,928 [INFO] __main__ — 봇 주가요약 제외 [원익홀딩스]: 1건
2026-08-30 23:34:47,207 [INFO] __main__ — 봇 주가요약 제외 [코오롱티슈진]: 2건
2026-08-30 23:34:48,344 [INFO] __main__ — 봇 주가요약 제외 [페니트리움바이오]: 2건
2026-08-30 23:34:49,733 [INFO] __main__ — 봇 주가요약 제외 [SK이터닉스]: 1건
2026-08-30 23:34:53,205 [INFO] __main__ — 뉴스 시점 제외 [맥쿼리인프라]: 11건 (>14일/파싱실패)
2026-08-30 23:34:53,225 [INFO] __main__ — 봇 주가요약 제외 [글로벌텍스프리]: 1건
2026-08-30 23:34:56,631 [INFO] __main__ — 봇 주가요약 제외 [엑스게이트]: 1건
2026-08-30 23:35:01,375 [INFO] __main__ — 봇 주가요약 제외 [SFA반도체]: 2건
2026-08-30 23:35:03,925 [INFO] __main__ — 봇 주가요약 제외 [제주반도체]: 1건
2026-08-30 23:35:04,773 [INFO] __main__ — 봇 주가요약 제외 [삼화콘덴서]: 6건
2026-08-30 23:35:06,809 [INFO] __main__ — 뉴스 시점 제외 [티엠씨]: 9건 (>14일/파싱실패)
2026-08-30 23:35:11,036 [INFO] __main__ — 봇 주가요약 제외 [두산퓨얼셀]: 3건
2026-08-30 23:35:11,276 [INFO] __main__ — 봇 주가요약 제외 [성호전자]: 8건
2026-08-30 23:35:12,445 [INFO] __main__ — 봇 주가요약 제외 [현대무벡스]: 1건
2026-08-30 23:35:17,098 [INFO] __main__ — 뉴스 시점 제외 [ESR켄달스퀘어리츠]: 10건 (>14일/파싱실패)
2026-08-30 23:35:19,138 [INFO] __main__ — 봇 주가요약 제외 [휴림로봇]: 1건
2026-08-30 23:35:19,427 [INFO] __main__ — 봇 주가요약 제외 [RF머트리얼즈]: 1건
2026-08-30 23:35:20,305 [INFO] __main__ — 봇 주가요약 제외 [LG씨엔에스]: 2건
2026-08-30 23:35:21,350 [INFO] __main__ — 봇 주가요약 제외 [미래에셋생명]: 1건
2026-08-30 23:35:21,389 [INFO] __main__ — 뉴스 시점 제외 [제이앤티씨]: 8건 (>14일/파싱실패)
2026-08-30 23:35:22,458 [INFO] __main__ — 봇 주가요약 제외 [티엑스알로보틱스]: 1건
2026-08-30 23:35:22,612 [INFO] __main__ — 봇 주가요약 제외 [동국제약]: 1건
2026-08-30 23:35:23,532 [INFO] __main__ — 봇 주가요약 제외 [포스코인터내셔널]: 1건
2026-08-30 23:35:27,325 [INFO] __main__ — 봇 주가요약 제외 [원익IPS]: 1건
2026-08-30 23:35:32,946 [INFO] __main__ — 봇 주가요약 제외 [포스코엠텍]: 1건
2026-08-30 23:35:34,028 [INFO] __main__ — 봇 주가요약 제외 [지엔씨에너지]: 3건
2026-08-30 23:35:35,304 [INFO] __main__ — 봇 주가요약 제외 [비에이치아이]: 1건
2026-08-30 23:35:38,089 [INFO] __main__ — 뉴스 시점 제외 [와이지-원]: 3건 (>14일/파싱실패)
2026-08-30 23:35:40,198 [INFO] __main__ — 봇 주가요약 제외 [쿠콘]: 2건
2026-08-30 23:35:44,919 [INFO] __main__ — 뉴스 시점 제외 [GRT]: 2건 (>14일/파싱실패)
2026-08-30 23:35:46,338 [INFO] __main__ — 뉴스 시점 제외 [엘브이엠씨홀딩스]: 14건 (>14일/파싱실패)
2026-08-30 23:35:47,444 [INFO] __main__ — 봇 주가요약 제외 [큐리언트]: 1건
2026-08-30 23:35:49,650 [INFO] __main__ — 봇 주가요약 제외 [엔켐]: 1건
2026-08-30 23:35:49,846 [INFO] __main__ — 봇 주가요약 제외 [테크윙]: 6건
2026-08-30 23:35:54,472 [INFO] __main__ — 봇 주가요약 제외 [동진쎄미켐]: 2건
2026-08-30 23:35:56,994 [INFO] __main__ — 봇 주가요약 제외 [일진전기]: 1건
2026-08-30 23:36:03,089 [INFO] __main__ — 뉴스 시점 제외 [에스에이엠티]: 5건 (>14일/파싱실패)
2026-08-30 23:36:05,611 [INFO] __main__ — 봇 주가요약 제외 [SNT에너지]: 2건
2026-08-30 23:36:07,176 [INFO] __main__ — 봇 주가요약 제외 [코리아써키트]: 1건
2026-08-30 23:36:08,103 [INFO] __main__ — 뉴스 시점 제외 [엘티씨]: 9건 (>14일/파싱실패)
2026-08-30 23:36:09,362 [INFO] __main__ — 봇 주가요약 제외 [에스피지]: 1건
2026-08-30 23:36:10,471 [INFO] __main__ — 봇 주가요약 제외 [에이프릴바이오]: 2건
2026-08-30 23:36:11,885 [INFO] __main__ — 뉴스 시점 제외 [레이크머티리얼즈]: 6건 (>14일/파싱실패)
2026-08-30 23:36:11,898 [INFO] __main__ — 봇 주가요약 제외 [POSCO홀딩스]: 2건
2026-08-30 23:36:13,263 [INFO] __main__ — 봇 주가요약 제외 [애경케미칼]: 2건
2026-08-30 23:36:14,560 [INFO] __main__ — 뉴스 시점 제외 [샘씨엔에스]: 6건 (>14일/파싱실패)
2026-08-30 23:36:19,455 [INFO] __main__ — 뉴스 시점 제외 [서부T&D]: 4건 (>14일/파싱실패)
2026-08-30 23:36:22,738 [INFO] __main__ — 봇 주가요약 제외 [포스코DX]: 1건
2026-08-30 23:36:25,281 [INFO] __main__ — 봇 주가요약 제외 [클로봇]: 2건
2026-08-30 23:36:26,182 [INFO] __main__ — 뉴스 시점 제외 [넥스틸]: 7건 (>14일/파싱실패)
2026-08-30 23:36:33,031 [INFO] __main__ — 뉴스 시점 제외 [한솔아이원스]: 2건 (>14일/파싱실패)
2026-08-30 23:36:41,578 [INFO] __main__ — 봇 주가요약 제외 [원익QnC]: 1건
2026-08-30 23:36:44,815 [INFO] __main__ — 뉴스 시점 제외 [삼양컴텍]: 11건 (>14일/파싱실패)
2026-08-30 23:36:46,697 [INFO] __main__ — 뉴스 시점 제외 [강원에너지]: 4건 (>14일/파싱실패)
2026-08-30 23:36:46,697 [INFO] __main__ — 봇 주가요약 제외 [강원에너지]: 1건
2026-08-30 23:36:47,184 [INFO] __main__ — 뉴스 시점 제외 [네패스아크]: 4건 (>14일/파싱실패)
2026-08-30 23:36:47,827 [INFO] __main__ — 봇 주가요약 제외 [OCI홀딩스]: 1건
2026-08-30 23:36:48,927 [INFO] __main__ — 봇 주가요약 제외 [삼성에스디에스]: 2건
2026-08-30 23:36:50,654 [INFO] __main__ — 뉴스 시점 제외 [KB스타리츠]: 8건 (>14일/파싱실패)
2026-08-30 23:36:51,287 [INFO] __main__ — 봇 주가요약 제외 [유진로봇]: 1건
2026-08-30 23:36:53,767 [INFO] __main__ — 뉴스 시점 제외 [성우하이텍]: 6건 (>14일/파싱실패)
2026-08-30 23:36:56,834 [INFO] __main__ — 뉴스 시점 제외 [대원강업]: 11건 (>14일/파싱실패)
2026-08-30 23:37:00,252 [INFO] __main__ — 뉴스 시점 제외 [KB발해인프라]: 14건 (>14일/파싱실패)
2026-08-30 23:37:02,646 [INFO] __main__ — 뉴스 시점 제외 [아이마켓코리아]: 12건 (>14일/파싱실패)
2026-08-30 23:37:02,664 [INFO] __main__ — 봇 주가요약 제외 [에스앤에스텍]: 1건
2026-08-30 23:37:03,910 [INFO] __main__ — 뉴스 시점 제외 [신한알파리츠]: 9건 (>14일/파싱실패)
2026-08-30 23:37:03,911 [INFO] __main__ — 뉴스 시점 제외 [파이버프로]: 10건 (>14일/파싱실패)
2026-08-30 23:37:09,915 [INFO] __main__ — 뉴스 시점 제외 [아세아제지]: 10건 (>14일/파싱실패)
2026-08-30 23:37:11,507 [INFO] __main__ — 뉴스 시점 제외 [현대차2우B]: 10건 (>14일/파싱실패)
2026-08-30 23:37:17,576 [INFO] __main__ — 뉴스 시점 제외 [미래에셋증권2우B]: 14건 (>14일/파싱실패)
2026-08-30 23:37:18,670 [INFO] __main__ — 봇 주가요약 제외 [피에스케이홀딩스]: 1건
2026-08-30 23:37:18,676 [INFO] __main__ — 봇 주가요약 제외 [제룡전기]: 1건
2026-08-30 23:37:21,345 [INFO] __main__ — 뉴스 시점 제외 [명신산업]: 11건 (>14일/파싱실패)
2026-08-30 23:37:29,443 [INFO] __main__ — 뉴스 시점 제외 [송원산업]: 11건 (>14일/파싱실패)
2026-08-30 23:37:30,876 [INFO] __main__ — 뉴스 시점 제외 [오리엔탈정공]: 13건 (>14일/파싱실패)
2026-08-30 23:37:33,111 [INFO] __main__ — 뉴스 시점 제외 [코스모화학]: 8건 (>14일/파싱실패)
2026-08-30 23:37:35,103 [INFO] __main__ — 봇 주가요약 제외 [케이씨텍]: 1건
2026-08-30 23:37:35,860 [INFO] __main__ — 뉴스 시점 제외 [폰드그룹]: 9건 (>14일/파싱실패)
2026-08-30 23:37:39,854 [INFO] __main__ — 봇 주가요약 제외 [디아이]: 1건
2026-08-30 23:37:40,833 [INFO] __main__ — 뉴스 시점 제외 [한화3우B]: 6건 (>14일/파싱실패)
2026-08-30 23:37:42,229 [INFO] __main__ — 뉴스 시점 제외 [현대퓨처넷]: 1건 (>14일/파싱실패)
2026-08-30 23:37:43,138 [INFO] __main__ — 뉴스 시점 제외 [이지스밸류플러스리츠]: 10건 (>14일/파싱실패)
2026-08-30 23:37:43,504 [INFO] __main__ — 봇 주가요약 제외 [유진테크]: 1건
2026-08-30 23:37:44,763 [INFO] __main__ — 봇 주가요약 제외 [삼현]: 1건
2026-08-30 23:37:47,130 [INFO] __main__ — 뉴스 시점 제외 [한양디지텍]: 5건 (>14일/파싱실패)
2026-08-30 23:37:50,720 [INFO] __main__ — 뉴스 시점 제외 [현대차우]: 10건 (>14일/파싱실패)
2026-08-30 23:37:51,480 [INFO] __main__ — 뉴스 시점 제외 [진양홀딩스]: 10건 (>14일/파싱실패)
2026-08-30 23:37:52,814 [INFO] __main__ — 부정 키워드 감지: 23개 종목 (neg_ratio > 0)
2026-08-30 23:37:52,816 [INFO] __main__ — 수급일수충족·합계음수 제외: 68개
2026-08-30 23:37:58,124 [INFO] __main__ — 뉴스 시점 제외 [두산우]: 15건 (>14일/파싱실패)
2026-08-30 23:38:00,693 [INFO] __main__ — 뉴스 시점 제외 [코스모신소재]: 2건 (>14일/파싱실패)
2026-08-30 23:38:00,693 [INFO] __main__ — 봇 주가요약 제외 [코스모신소재]: 1건
2026-08-30 23:38:00,694 [INFO] __main__ — 뉴스 시점 제외 [삼성전기우]: 10건 (>14일/파싱실패)
2026-08-30 23:38:01,437 [INFO] __main__ — 뉴스 시점 제외 [삼성화재우]: 14건 (>14일/파싱실패)
2026-08-30 23:38:02,067 [INFO] __main__ — 뉴스 시점 제외 [LG전자우]: 14건 (>14일/파싱실패)
2026-08-30 23:38:03,575 [INFO] __main__ — 뉴스 시점 제외 [GS피앤엘]: 12건 (>14일/파싱실패)
2026-08-30 23:38:04,194 [INFO] __main__ — 봇 주가요약 제외 [OCI]: 1건
2026-08-30 23:38:04,673 [INFO] __main__ — 뉴스 시점 제외 [미원에스씨]: 4건 (>14일/파싱실패)
2026-08-30 23:38:04,803 [INFO] __main__ — 뉴스 시점 제외 [한국쉘석유]: 11건 (>14일/파싱실패)
2026-08-30 23:38:06,331 [INFO] __main__ — 뉴스 시점 제외 [맵스리얼티]: 15건 (>14일/파싱실패)
2026-08-30 23:38:07,568 [INFO] __main__ — 뉴스 시점 제외 [한일홀딩스]: 11건 (>14일/파싱실패)
2026-08-30 23:38:07,582 [INFO] __main__ — 뉴스 시점 제외 [F&F홀딩스]: 1건 (>14일/파싱실패)
2026-08-30 23:38:08,790 [INFO] __main__ — 뉴스 시점 제외 [CJ4우(전환)]: 15건 (>14일/파싱실패)
2026-08-30 23:38:09,593 [INFO] __main__ — 뉴스 시점 제외 [아모레퍼시픽우]: 14건 (>14일/파싱실패)
2026-08-30 23:38:12,184 [INFO] __main__ — 뉴스 시점 제외 [신대양제지]: 13건 (>14일/파싱실패)
2026-08-30 23:38:12,213 [INFO] __main__ — 뉴스 시점 제외 [율촌화학]: 7건 (>14일/파싱실패)
2026-08-30 23:38:12,812 [INFO] __main__ — 뉴스 시점 제외 [신도리코]: 12건 (>14일/파싱실패)
2026-08-30 23:38:14,359 [INFO] __main__ — 뉴스 시점 제외 [국도화학]: 12건 (>14일/파싱실패)
2026-08-30 23:38:15,073 [INFO] __main__ — 뉴스 시점 제외 [삼성SDI우]: 15건 (>14일/파싱실패)
2026-08-30 23:38:15,693 [INFO] __main__ — 뉴스 시점 제외 [삼성물산우B]: 15건 (>14일/파싱실패)
2026-08-30 23:38:16,605 [INFO] __main__ — 뉴스 시점 제외 [서연이화]: 1건 (>14일/파싱실패)
2026-08-30 23:38:17,063 [INFO] __main__ — 뉴스 시점 제외 [SIMPAC]: 13건 (>14일/파싱실패)
2026-08-30 23:38:17,358 [INFO] __main__ — 뉴스 시점 제외 [두산2우B]: 15건 (>14일/파싱실패)
2026-08-30 23:38:18,289 [INFO] __main__ — 뉴스 시점 제외 [TCC스틸]: 8건 (>14일/파싱실패)
2026-08-30 23:38:19,180 [INFO] __main__ — 뉴스 시점 제외 [서울가스]: 13건 (>14일/파싱실패)
2026-08-30 23:38:22,105 [INFO] __main__ — 뉴스 시점 제외 [노루홀딩스]: 13건 (>14일/파싱실패)
2026-08-30 23:38:22,154 [INFO] __main__ — 뉴스 시점 제외 [PKC]: 10건 (>14일/파싱실패)
2026-08-30 23:38:22,963 [INFO] __main__ — 뉴스 시점 제외 [한농화성]: 8건 (>14일/파싱실패)
2026-08-30 23:38:23,507 [INFO] __main__ — 뉴스 시점 제외 [LG우]: 15건 (>14일/파싱실패)
2026-08-30 23:38:24,108 [INFO] __main__ — 봇 주가요약 제외 [AJ네트웍스]: 1건
2026-08-30 23:38:24,213 [INFO] __main__ — 뉴스 시점 제외 [천일고속]: 13건 (>14일/파싱실패)
2026-08-30 23:38:25,320 [INFO] __main__ — 봇 주가요약 제외 [솔브레인]: 1건
2026-08-30 23:38:26,522 [INFO] __main__ — 봇 주가요약 제외 [SFA]: 1건
2026-08-30 23:38:27,331 [INFO] __main__ — 봇 주가요약 제외 [로보스타]: 1건
2026-08-30 23:38:28,602 [INFO] __main__ — 뉴스 시점 제외 [동성화인텍]: 8건 (>14일/파싱실패)
2026-08-30 23:38:29,210 [INFO] __main__ — 뉴스 시점 제외 [하이젠알앤엠]: 6건 (>14일/파싱실패)
2026-08-30 23:38:29,210 [INFO] __main__ — 봇 주가요약 제외 [하이젠알앤엠]: 1건
2026-08-30 23:38:30,225 [INFO] __main__ — 뉴스 시점 제외 [성일하이텍]: 6건 (>14일/파싱실패)
2026-08-30 23:38:33,575 [INFO] __main__ — 뉴스 시점 제외 [인화정공]: 6건 (>14일/파싱실패)
2026-08-30 23:38:34,185 [INFO] __main__ — 뉴스 시점 제외 [한국알콜]: 7건 (>14일/파싱실패)
2026-08-30 23:38:34,579 [INFO] __main__ — 뉴스 시점 제외 [티로보틱스]: 1건 (>14일/파싱실패)
2026-08-30 23:38:34,579 [INFO] __main__ — 봇 주가요약 제외 [티로보틱스]: 1건
2026-08-30 23:38:35,391 [INFO] __main__ — 뉴스 시점 제외 [진성티이씨]: 5건 (>14일/파싱실패)
2026-08-30 23:38:36,154 [INFO] __main__ — 뉴스 시점 제외 [세보엠이씨]: 9건 (>14일/파싱실패)
2026-08-30 23:38:36,570 [INFO] __main__ — 봇 주가요약 제외 [오픈엣지테크놀로지]: 1건
2026-08-30 23:38:37,183 [INFO] __main__ — 뉴스 시점 제외 [필에너지]: 11건 (>14일/파싱실패)
2026-08-30 23:38:37,799 [INFO] __main__ — 뉴스 시점 제외 [에스바이오메딕스]: 8건 (>14일/파싱실패)
2026-08-30 23:38:38,461 [INFO] __main__ — 뉴스 시점 제외 [상아프론테크]: 4건 (>14일/파싱실패)
2026-08-30 23:38:38,472 [INFO] __main__ — 뉴스 시점 제외 [덕양에너젠]: 7건 (>14일/파싱실패)
2026-08-30 23:38:38,523 [INFO] __main__ — 뉴스 시점 제외 [서호전기]: 10건 (>14일/파싱실패)
2026-08-30 23:38:39,685 [INFO] __main__ — 뉴스 시점 제외 [신성에스티]: 4건 (>14일/파싱실패)
2026-08-30 23:38:39,830 [INFO] __main__ — 봇 주가요약 제외 [칩스앤미디어]: 1건
2026-08-30 23:38:40,446 [INFO] __main__ — 뉴스 시점 제외 [미래나노텍]: 11건 (>14일/파싱실패)
2026-08-30 23:38:41,063 [INFO] __main__ — 뉴스 시점 제외 [이지바이오]: 8건 (>14일/파싱실패)
2026-08-30 23:38:41,067 [INFO] __main__ — 뉴스 시점 제외 [덕산테코피아]: 2건 (>14일/파싱실패)
2026-08-30 23:38:42,496 [INFO] __main__ — 뉴스 시점 제외 [동원개발]: 3건 (>14일/파싱실패)
2026-08-30 23:38:42,597 [INFO] __main__ — POOL_A 후보 부정뉴스 2차 조회: 222개
2026-08-30 23:38:42,600 [INFO] __main__ — POOL_A: 586개 (A:360 B:87 동시:139) | 부정게이트 제외:10
  대형:87 중형:247 소형:252
2026-08-30 23:38:42,607 [INFO] __main__ — 대조군 표본(무신호): 40개 / 모집단 318개 → pool_history
2026-08-30 23:38:42,609 [INFO] __main__ —   → POOL_A: 586개
2026-08-30 23:38:42,609 [INFO] __main__ — ▶ Step 2: 하드 필터링
2026-08-30 23:38:42,610 [INFO] __main__ — 하드 필터 제거: 582개 | 과열배제 174 | 이격도상한 1 | 이격도하한 22 | MA추세 311 | RSI과열 3 | 거래대금 71
2026-08-30 23:38:42,611 [INFO] __main__ — 과열 gated 기록: 174개 → gated_tickers
2026-08-30 23:38:42,613 [INFO] __main__ — 대조군 표본(필터탈락): 146개 / 모집단 582개 → pool_history
2026-08-30 23:38:42,614 [INFO] __main__ — POOL_B: 4개 | 대형:0 중형:3 소형:1
2026-08-30 23:38:42,614 [INFO] __main__ —   → POOL_B: 4개
2026-08-30 23:38:42,614 [INFO] __main__ — ▶ Step 3: 스코어링 (FinBERT 감성 분석)
2026-08-30 23:38:42,614 [INFO] __main__ — NaverClient: 3개 키 로드 (DataLab·검색 독립 회전)
2026-08-30 23:38:42,614 [INFO] __main__ — 텍스트 신규 수집: 4종목 (캐시 적중 0종목)
2026-08-30 23:38:43,146 [INFO] __main__ — 봇 주가요약 제외 [대원전선]: 14건
2026-08-30 23:38:51,308 [INFO] __main__ — 기사 보존(수집): 37건 (4종목) → news_articles
2026-08-30 23:38:51,310 [INFO] __main__ — 공시 보존(수집): 14건 (4종목) → dart_filings
2026-08-30 23:38:51,310 [INFO] __main__ — 수집 완료: 뉴스 37건 | 공시 14건
2026-08-30 23:38:51,310 [INFO] __main__ — FinBERT 감성 분석 (finbert 모드)...
2026-08-30 23:38:51,311 [INFO] __main__ — FinBERT 로딩: snunlp/KR-FinBert-SC (CPU, batch=8)
2026-08-30 23:38:51,449 [INFO] httpx — HTTP Request: GET https://huggingface.co/api/agent-harnesses "HTTP/1.1 200 OK"
2026-08-30 23:38:51,518 [INFO] httpx — HTTP Request: HEAD https://huggingface.co/snunlp/KR-FinBert-SC/resolve/main/config.json "HTTP/1.1 307 Temporary Redirect"
2026-08-30 23:38:51,540 [INFO] httpx — HTTP Request: HEAD https://huggingface.co/api/resolve-cache/models/snunlp/KR-FinBert-SC/f8586286cc3161fb648e9fee09a456069fd846d0/config.json "HTTP/1.1 200 OK"
2026-08-30 23:38:51,624 [INFO] httpx — HTTP Request: HEAD https://huggingface.co/snunlp/KR-FinBert-SC/resolve/main/model.safetensors "HTTP/1.1 404 Not Found"
2026-08-30 23:38:51,688 [INFO] httpx — HTTP Request: GET https://huggingface.co/api/models/snunlp/KR-FinBert-SC "HTTP/1.1 200 OK"
2026-08-30 23:38:51,771 [INFO] httpx — HTTP Request: GET https://huggingface.co/api/models/snunlp/KR-FinBert-SC/commits/main "HTTP/1.1 200 OK"
2026-08-30 23:38:51,843 [INFO] httpx — HTTP Request: GET https://huggingface.co/api/models/snunlp/KR-FinBert-SC/tree/main/additional_chat_templates?recursive=false&expand=false "HTTP/1.1 404 Not Found"
2026-08-30 23:38:51,845 [INFO] httpx — HTTP Request: GET https://huggingface.co/api/models/snunlp/KR-FinBert-SC/discussions?p=0 "HTTP/1.1 200 OK"
2026-08-30 23:38:51,908 [INFO] httpx — HTTP Request: GET https://huggingface.co/api/models/snunlp/KR-FinBert-SC/tree/main?recursive=true&expand=false "HTTP/1.1 200 OK"
2026-08-30 23:38:51,929 [INFO] httpx — HTTP Request: GET https://huggingface.co/api/models/snunlp/KR-FinBert-SC/commits/refs%2Fpr%2F3 "HTTP/1.1 200 OK"
2026-08-30 23:38:51,993 [INFO] httpx — HTTP Request: HEAD https://huggingface.co/snunlp/KR-FinBert-SC/resolve/refs%2Fpr%2F3/model.safetensors.index.json "HTTP/1.1 404 Not Found"
2026-08-30 23:38:51,996 [INFO] httpx — HTTP Request: HEAD https://huggingface.co/snunlp/KR-FinBert-SC/resolve/main/processor_config.json "HTTP/1.1 404 Not Found"
2026-08-30 23:38:51,996 [WARNING] huggingface_hub.utils._http — Warning: You are sending unauthenticated requests to the HF Hub. Please set a HF_TOKEN to enable higher rate limits and faster downloads.
2026-08-30 23:38:52,061 [INFO] httpx — HTTP Request: HEAD https://huggingface.co/snunlp/KR-FinBert-SC/resolve/refs%2Fpr%2F3/model.safetensors "HTTP/1.1 302 Found"
2026-08-30 23:38:52,063 [INFO] httpx — HTTP Request: HEAD https://huggingface.co/snunlp/KR-FinBert-SC/resolve/main/video_preprocessor_config.json "HTTP/1.1 404 Not Found"
2026-08-30 23:38:52,129 [INFO] httpx — HTTP Request: HEAD https://huggingface.co/snunlp/KR-FinBert-SC/resolve/main/preprocessor_config.json "HTTP/1.1 404 Not Found"
2026-08-30 23:38:52,130 [INFO] __main__ — FinBERT 로드 완료 (CPU)
2026-08-30 23:38:58,984 [INFO] __main__ — Phase A.1: 매핑 신뢰도 < 0.5 → 감성 점수 폐기 2건
2026-08-30 23:38:58,984 [INFO] __main__ — [shadow] 필드별 검사 기준 폐기 0/4종목 (집행 2건 — 변동 없음)
2026-08-30 23:38:58,984 [INFO] __main__ — 스코어링: 4개 | 집중:0 | FinBERT:finbert
2026-08-30 23:38:59,000 [INFO] __main__ —   → 4개
2026-08-30 23:38:59,001 [INFO] __main__ — ▶ Step 4: 발송
2026-08-30 23:39:03,095 [INFO] __main__ — DB 기록: 4개 / 전체 to_send 4개
2026-08-30 23:39:03,095 [INFO] __main__ — 발송: 4종목 | 누적 4~10회 2 | 신규 0
2026-08-30 23:39:03,095 [INFO] __main__ — 완료  |  소요: 667.8초
2026-08-30 23:39:04,181 [INFO] track_outcomes — pool_history 대조군 4142건 추적 대상 포함
2026-08-30 23:39:04,225 [INFO] track_outcomes — 고아 행 146건 복원 (targets에서 탈락한 미완 키)
2026-08-30 23:39:04,225 [INFO] track_outcomes — 대상 12321건 | 갱신 필요 8474건 | 완료 스킵 3993건
2026-08-30 23:39:04,228 [INFO] track_outcomes —   가격 조회 고유 종목 1734개 (기존 980 + 대조군 추가 754)
2026-08-31 00:07:25,091 [INFO] track_outcomes — outcomes 적재: 신규 566건 | 갱신(신규+보완) 2458건
