2026-07-15 11:14:11,031 [INFO] __main__ — config 검증 완료 ✓
2026-07-15 11:14:11,031 [INFO] __main__ — ============================================================
2026-07-15 11:14:11,031 [INFO] __main__ — AlphaRadar v3.3.1  |  기준일: 20260715
2026-07-15 11:14:11,031 [INFO] __main__ — S = T×0.3 + S_text×0.4 + D×0.3
2026-07-15 11:14:11,031 [INFO] __main__ — ============================================================
2026-07-15 11:14:11,031 [INFO] __main__ — ▶ Step 0: 유니버스 필터링
2026-07-15 11:14:11,206 [INFO] __main__ — FDR 데이터 수집: 20260109 ~ 20260715
2026-07-15 11:14:12,470 [INFO] __main__ — KOSPI: 944개 | 섹터정보 834개 (DART +834개 보완)
2026-07-15 11:14:12,471 [INFO] __main__ — KOSDAQ: 1821개 | 섹터정보 1821개
2026-07-15 11:14:12,471 [INFO] __main__ — 전체: 2765개
2026-07-15 11:14:14,287 [INFO] __main__ — KIS 토큰 발급 완료
2026-07-15 11:28:12,578 [INFO] __main__ — DART corp_code 매핑: 2166/2220개 (97%)
2026-07-15 11:28:12,578 [INFO] __main__ — 유효 유니버스: 2220개
2026-07-15 11:28:12,590 [INFO] __main__ —   → 2220개
2026-07-15 11:28:12,590 [INFO] __main__ — ▶ Step 1: 신호 탐지
2026-07-15 11:28:12,590 [INFO] __main__ — NaverClient: 3개 키 로드 (DataLab·검색 독립 회전)
2026-07-15 11:28:12,590 [INFO] __main__ — 관심 지수 및 부정 뉴스 비율 조회 중...
2026-07-15 11:28:36,722 [INFO] __main__ — 뉴스 시점 제외 [KX하이텍]: 7건 (>14일/파싱실패)
2026-07-15 11:28:53,403 [INFO] __main__ — 뉴스 시점 제외 [맥쿼리인프라]: 6건 (>14일/파싱실패)
2026-07-15 11:28:56,533 [INFO] __main__ — 뉴스 시점 제외 [세미티에스]: 8건 (>14일/파싱실패)
2026-07-15 11:29:02,856 [INFO] __main__ — 뉴스 시점 제외 [하이드로리튬]: 8건 (>14일/파싱실패)
2026-07-15 11:29:03,081 [INFO] __main__ — 뉴스 시점 제외 [THE E&M]: 3건 (>14일/파싱실패)
2026-07-15 11:29:11,322 [INFO] __main__ — 뉴스 시점 제외 [대주산업]: 7건 (>14일/파싱실패)
2026-07-15 11:29:17,442 [INFO] __main__ — 뉴스 시점 제외 [KBI동양철관]: 6건 (>14일/파싱실패)
2026-07-15 11:29:22,599 [INFO] __main__ — 뉴스 시점 제외 [보성파워텍]: 2건 (>14일/파싱실패)
2026-07-15 11:29:25,777 [INFO] __main__ — 뉴스 시점 제외 [부국철강]: 7건 (>14일/파싱실패)
2026-07-15 11:29:25,953 [INFO] __main__ — 뉴스 시점 제외 [조일알미늄]: 3건 (>14일/파싱실패)
2026-07-15 11:29:27,078 [INFO] __main__ — 뉴스 시점 제외 [해성옵틱스]: 8건 (>14일/파싱실패)
2026-07-15 11:29:31,943 [INFO] __main__ — 뉴스 시점 제외 [키스트론]: 9건 (>14일/파싱실패)
2026-07-15 11:29:44,451 [INFO] __main__ — 뉴스 시점 제외 [벡트]: 4건 (>14일/파싱실패)
2026-07-15 11:29:44,640 [INFO] __main__ — 뉴스 시점 제외 [시너지이노베이션]: 10건 (>14일/파싱실패)
2026-07-15 11:29:48,410 [INFO] __main__ — 뉴스 시점 제외 [티씨머티리얼즈]: 9건 (>14일/파싱실패)
2026-07-15 11:29:55,622 [INFO] __main__ — 뉴스 시점 제외 [아남전자]: 11건 (>14일/파싱실패)
2026-07-15 11:29:55,870 [INFO] __main__ — 뉴스 시점 제외 [KB스타리츠]: 10건 (>14일/파싱실패)
2026-07-15 11:29:56,709 [INFO] __main__ — 뉴스 시점 제외 [우리기술투자]: 9건 (>14일/파싱실패)
2026-07-15 11:29:57,111 [INFO] __main__ — 뉴스 시점 제외 [HB솔루션]: 4건 (>14일/파싱실패)
2026-07-15 11:29:58,150 [INFO] __main__ — 뉴스 시점 제외 [모베이스전자]: 7건 (>14일/파싱실패)
2026-07-15 11:29:58,760 [INFO] __main__ — 뉴스 시점 제외 [일신석재]: 8건 (>14일/파싱실패)
2026-07-15 11:29:59,808 [INFO] __main__ — 뉴스 시점 제외 [대아티아이]: 2건 (>14일/파싱실패)
2026-07-15 11:30:00,061 [INFO] __main__ — 뉴스 시점 제외 [에이팩트]: 6건 (>14일/파싱실패)
2026-07-15 11:30:00,852 [INFO] __main__ — 뉴스 시점 제외 [수산세보틱스]: 9건 (>14일/파싱실패)
2026-07-15 11:30:03,163 [INFO] __main__ — 뉴스 시점 제외 [엘브이엠씨홀딩스]: 14건 (>14일/파싱실패)
2026-07-15 11:30:07,433 [INFO] __main__ — 뉴스 시점 제외 [한라캐스트]: 7건 (>14일/파싱실패)
2026-07-15 11:30:08,056 [INFO] __main__ — 뉴스 시점 제외 [GRT]: 2건 (>14일/파싱실패)
2026-07-15 11:30:28,206 [INFO] __main__ — 뉴스 시점 제외 [미래에셋증권2우B]: 13건 (>14일/파싱실패)
2026-07-15 11:30:32,819 [INFO] __main__ — 뉴스 시점 제외 [에이티넘인베스트]: 13건 (>14일/파싱실패)
2026-07-15 11:30:33,558 [INFO] __main__ — 뉴스 시점 제외 [대영포장]: 15건 (>14일/파싱실패)
2026-07-15 11:30:37,646 [INFO] __main__ — 뉴스 시점 제외 [지에스이]: 8건 (>14일/파싱실패)
2026-07-15 11:30:38,691 [INFO] __main__ — 뉴스 시점 제외 [알루코]: 6건 (>14일/파싱실패)
2026-07-15 11:30:39,273 [INFO] __main__ — 뉴스 시점 제외 [네오리진]: 7건 (>14일/파싱실패)
2026-07-15 11:30:44,394 [INFO] __main__ — 뉴스 시점 제외 [태경케미컬]: 4건 (>14일/파싱실패)
2026-07-15 11:30:49,572 [INFO] __main__ — 뉴스 시점 제외 [와이제이링크]: 10건 (>14일/파싱실패)
2026-07-15 11:30:50,083 [INFO] __main__ — 뉴스 시점 제외 [YG PLUS]: 6건 (>14일/파싱실패)
2026-07-15 11:30:51,088 [INFO] __main__ — 뉴스 시점 제외 [영화금속]: 7건 (>14일/파싱실패)
2026-07-15 11:30:53,212 [INFO] __main__ — 뉴스 시점 제외 [원익피앤이]: 9건 (>14일/파싱실패)
2026-07-15 11:30:55,160 [INFO] __main__ — 뉴스 시점 제외 [티케이케미칼]: 8건 (>14일/파싱실패)
2026-07-15 11:30:55,743 [INFO] __main__ — 뉴스 시점 제외 [슈어소프트테크]: 9건 (>14일/파싱실패)
2026-07-15 11:30:58,339 [INFO] __main__ — 뉴스 시점 제외 [이루온]: 9건 (>14일/파싱실패)
2026-07-15 11:31:02,415 [INFO] __main__ — 뉴스 시점 제외 [엔비알모션]: 6건 (>14일/파싱실패)
2026-07-15 11:31:06,354 [INFO] __main__ — 뉴스 시점 제외 [경인양행]: 6건 (>14일/파싱실패)
2026-07-15 11:31:06,998 [INFO] __main__ — 뉴스 시점 제외 [에코프로에이치엔]: 5건 (>14일/파싱실패)
2026-07-15 11:31:09,061 [INFO] __main__ — 뉴스 시점 제외 [한일단조]: 10건 (>14일/파싱실패)
2026-07-15 11:31:09,511 [INFO] __main__ — 부정 키워드 감지: 26개 종목 (neg_ratio > 0)
2026-07-15 11:31:09,514 [INFO] __main__ — 수급일수충족·합계음수 제외: 142개
2026-07-15 11:31:17,539 [INFO] __main__ — 뉴스 시점 제외 [두산우]: 14건 (>14일/파싱실패)
2026-07-15 11:31:20,490 [INFO] __main__ — 뉴스 시점 제외 [롯데리츠]: 11건 (>14일/파싱실패)
2026-07-15 11:31:22,122 [INFO] __main__ — 뉴스 시점 제외 [세진중공업]: 3건 (>14일/파싱실패)
2026-07-15 11:31:22,642 [INFO] __main__ — 뉴스 시점 제외 [맵스리얼티]: 15건 (>14일/파싱실패)
2026-07-15 11:31:23,775 [INFO] __main__ — 뉴스 시점 제외 [CJ4우(전환)]: 14건 (>14일/파싱실패)
2026-07-15 11:31:23,836 [INFO] __main__ — 뉴스 시점 제외 [미원에스씨]: 1건 (>14일/파싱실패)
2026-07-15 11:31:24,435 [INFO] __main__ — 뉴스 시점 제외 [삼성FN리츠]: 6건 (>14일/파싱실패)
2026-07-15 11:31:24,989 [INFO] __main__ — 뉴스 시점 제외 [전진건설로봇]: 7건 (>14일/파싱실패)
2026-07-15 11:31:26,119 [INFO] __main__ — 뉴스 시점 제외 [현대차3우B]: 15건 (>14일/파싱실패)
2026-07-15 11:31:26,192 [INFO] __main__ — 뉴스 시점 제외 [코람코라이프인프라리츠]: 13건 (>14일/파싱실패)
2026-07-15 11:31:26,676 [INFO] __main__ — 뉴스 시점 제외 [조광피혁]: 13건 (>14일/파싱실패)
2026-07-15 11:31:27,205 [INFO] __main__ — 뉴스 시점 제외 [코람코더원리츠]: 13건 (>14일/파싱실패)
2026-07-15 11:31:27,237 [INFO] __main__ — 뉴스 시점 제외 [일진하이솔루스]: 8건 (>14일/파싱실패)
2026-07-15 11:31:27,324 [INFO] __main__ — 뉴스 시점 제외 [코스모화학]: 7건 (>14일/파싱실패)
2026-07-15 11:31:27,798 [INFO] __main__ — 뉴스 시점 제외 [KISCO홀딩스]: 8건 (>14일/파싱실패)
2026-07-15 11:31:27,899 [INFO] __main__ — 뉴스 시점 제외 [삼영무역]: 11건 (>14일/파싱실패)
2026-07-15 11:31:28,939 [INFO] __main__ — 뉴스 시점 제외 [국도화학]: 11건 (>14일/파싱실패)
2026-07-15 11:31:29,497 [INFO] __main__ — 뉴스 시점 제외 [현대퓨처넷]: 9건 (>14일/파싱실패)
2026-07-15 11:31:30,194 [INFO] __main__ — 뉴스 시점 제외 [삼성물산우B]: 15건 (>14일/파싱실패)
2026-07-15 11:31:31,365 [INFO] __main__ — 뉴스 시점 제외 [포스코스틸리온]: 1건 (>14일/파싱실패)
2026-07-15 11:31:31,536 [INFO] __main__ — 뉴스 시점 제외 [S-Oil우]: 12건 (>14일/파싱실패)
2026-07-15 11:31:32,794 [INFO] __main__ — 뉴스 시점 제외 [아이마켓코리아]: 8건 (>14일/파싱실패)
2026-07-15 11:31:33,171 [INFO] __main__ — 뉴스 시점 제외 [이지스밸류플러스리츠]: 12건 (>14일/파싱실패)
2026-07-15 11:31:33,183 [INFO] __main__ — 뉴스 시점 제외 [미창석유]: 10건 (>14일/파싱실패)
2026-07-15 11:31:34,306 [INFO] __main__ — 뉴스 시점 제외 [CR홀딩스]: 11건 (>14일/파싱실패)
2026-07-15 11:31:35,563 [INFO] __main__ — 뉴스 시점 제외 [모토닉]: 12건 (>14일/파싱실패)
2026-07-15 11:31:35,936 [INFO] __main__ — 뉴스 시점 제외 [동아지질]: 4건 (>14일/파싱실패)
2026-07-15 11:31:36,334 [INFO] __main__ — 뉴스 시점 제외 [대성에너지]: 8건 (>14일/파싱실패)
2026-07-15 11:31:36,710 [INFO] __main__ — 뉴스 시점 제외 [진양홀딩스]: 10건 (>14일/파싱실패)
2026-07-15 11:31:37,082 [INFO] __main__ — 뉴스 시점 제외 [대성산업]: 6건 (>14일/파싱실패)
2026-07-15 11:31:38,427 [INFO] __main__ — 뉴스 시점 제외 [현대비앤지스틸]: 6건 (>14일/파싱실패)
2026-07-15 11:31:38,772 [INFO] __main__ — 뉴스 시점 제외 [SYTS]: 12건 (>14일/파싱실패)
2026-07-15 11:31:39,067 [INFO] __main__ — 뉴스 시점 제외 [조선내화]: 11건 (>14일/파싱실패)
2026-07-15 11:31:39,628 [INFO] __main__ — 뉴스 시점 제외 [삼화전기]: 6건 (>14일/파싱실패)
2026-07-15 11:31:40,045 [INFO] __main__ — 뉴스 시점 제외 [한국주철관]: 10건 (>14일/파싱실패)
2026-07-15 11:31:40,222 [INFO] __main__ — 뉴스 시점 제외 [유수홀딩스]: 4건 (>14일/파싱실패)
2026-07-15 11:31:40,918 [INFO] __main__ — 뉴스 시점 제외 [신라교역]: 8건 (>14일/파싱실패)
2026-07-15 11:31:41,501 [INFO] __main__ — 뉴스 시점 제외 [금호석유화학우]: 13건 (>14일/파싱실패)
2026-07-15 11:31:41,510 [INFO] __main__ — 뉴스 시점 제외 [이구산업]: 8건 (>14일/파싱실패)
2026-07-15 11:31:41,795 [INFO] __main__ — 뉴스 시점 제외 [화승코퍼레이션]: 12건 (>14일/파싱실패)
2026-07-15 11:31:42,079 [INFO] __main__ — 뉴스 시점 제외 [키다리스튜디오]: 3건 (>14일/파싱실패)
2026-07-15 11:31:42,669 [INFO] __main__ — 뉴스 시점 제외 [디씨엠]: 12건 (>14일/파싱실패)
2026-07-15 11:31:42,671 [INFO] __main__ — 뉴스 시점 제외 [미원홀딩스]: 12건 (>14일/파싱실패)
2026-07-15 11:31:42,994 [INFO] __main__ — 뉴스 시점 제외 [태림포장]: 11건 (>14일/파싱실패)
2026-07-15 11:31:43,251 [INFO] __main__ — 뉴스 시점 제외 [인천도시가스]: 11건 (>14일/파싱실패)
2026-07-15 11:31:44,145 [INFO] __main__ — 뉴스 시점 제외 [경동인베스트]: 8건 (>14일/파싱실패)
2026-07-15 11:31:44,396 [INFO] __main__ — 뉴스 시점 제외 [한국무브넥스]: 13건 (>14일/파싱실패)
2026-07-15 11:31:44,426 [INFO] __main__ — 뉴스 시점 제외 [샘표식품]: 6건 (>14일/파싱실패)
2026-07-15 11:31:45,306 [INFO] __main__ — 뉴스 시점 제외 [HS애드]: 6건 (>14일/파싱실패)
2026-07-15 11:31:45,525 [INFO] __main__ — 뉴스 시점 제외 [황금에스티]: 6건 (>14일/파싱실패)
2026-07-15 11:31:45,866 [INFO] __main__ — 뉴스 시점 제외 [NI스틸]: 14건 (>14일/파싱실패)
2026-07-15 11:31:46,440 [INFO] __main__ — 뉴스 시점 제외 [DSR제강]: 7건 (>14일/파싱실패)
2026-07-15 11:31:46,680 [INFO] __main__ — 뉴스 시점 제외 [CS홀딩스]: 14건 (>14일/파싱실패)
2026-07-15 11:31:46,771 [INFO] __main__ — 뉴스 시점 제외 [사조오양]: 7건 (>14일/파싱실패)
2026-07-15 11:31:47,009 [INFO] __main__ — 뉴스 시점 제외 [동인기연]: 11건 (>14일/파싱실패)
2026-07-15 11:31:47,246 [INFO] __main__ — 뉴스 시점 제외 [한솔로지스틱스]: 6건 (>14일/파싱실패)
2026-07-15 11:31:47,353 [INFO] __main__ — 뉴스 시점 제외 [한신기계]: 11건 (>14일/파싱실패)
2026-07-15 11:31:47,588 [INFO] __main__ — 뉴스 시점 제외 [우신시스템]: 10건 (>14일/파싱실패)
2026-07-15 11:31:47,807 [INFO] __main__ — 뉴스 시점 제외 [화천기공]: 6건 (>14일/파싱실패)
2026-07-15 11:31:47,937 [INFO] __main__ — 뉴스 시점 제외 [SK이노베이션우]: 14건 (>14일/파싱실패)
2026-07-15 11:31:48,158 [INFO] __main__ — 뉴스 시점 제외 [동양고속]: 14건 (>14일/파싱실패)
2026-07-15 11:31:48,496 [INFO] __main__ — 뉴스 시점 제외 [성창기업지주]: 14건 (>14일/파싱실패)
2026-07-15 11:31:48,724 [INFO] __main__ — 뉴스 시점 제외 [삼정펄프]: 14건 (>14일/파싱실패)
2026-07-15 11:31:48,937 [INFO] __main__ — 뉴스 시점 제외 [유엔젤]: 10건 (>14일/파싱실패)
2026-07-15 11:31:49,656 [INFO] __main__ — 뉴스 시점 제외 [아모레퍼시픽홀딩스우]: 14건 (>14일/파싱실패)
2026-07-15 11:31:49,846 [INFO] __main__ — 뉴스 시점 제외 [써니전자]: 12건 (>14일/파싱실패)
2026-07-15 11:31:50,071 [INFO] __main__ — 뉴스 시점 제외 [남양유업우]: 15건 (>14일/파싱실패)
2026-07-15 11:31:50,213 [INFO] __main__ — 뉴스 시점 제외 [코오롱인더우]: 15건 (>14일/파싱실패)
2026-07-15 11:31:50,411 [INFO] __main__ — 뉴스 시점 제외 [삼성출판사]: 10건 (>14일/파싱실패)
2026-07-15 11:31:50,782 [INFO] __main__ — 뉴스 시점 제외 [화천기계]: 12건 (>14일/파싱실패)
2026-07-15 11:31:51,228 [INFO] __main__ — 뉴스 시점 제외 [호전실업]: 11건 (>14일/파싱실패)
2026-07-15 11:31:51,922 [INFO] __main__ — 뉴스 시점 제외 [대덕전자1우]: 13건 (>14일/파싱실패)
2026-07-15 11:31:52,110 [INFO] __main__ — 뉴스 시점 제외 [인바이오젠]: 9건 (>14일/파싱실패)
2026-07-15 11:31:52,373 [INFO] __main__ — 뉴스 시점 제외 [SJM홀딩스]: 15건 (>14일/파싱실패)
2026-07-15 11:31:52,517 [INFO] __main__ — 뉴스 시점 제외 [유안타증권우]: 14건 (>14일/파싱실패)
2026-07-15 11:31:52,698 [INFO] __main__ — 뉴스 시점 제외 [롯데칠성우]: 15건 (>14일/파싱실패)
2026-07-15 11:31:52,949 [INFO] __main__ — 뉴스 시점 제외 [현대건설우]: 14건 (>14일/파싱실패)
2026-07-15 11:31:53,088 [INFO] __main__ — 뉴스 시점 제외 [SG세계물산]: 9건 (>14일/파싱실패)
2026-07-15 11:31:54,089 [INFO] __main__ — 뉴스 시점 제외 [한화솔루션우]: 12건 (>14일/파싱실패)
2026-07-15 11:31:54,234 [INFO] __main__ — 뉴스 시점 제외 [문배철강]: 8건 (>14일/파싱실패)
2026-07-15 11:31:54,802 [INFO] __main__ — 뉴스 시점 제외 [금비]: 12건 (>14일/파싱실패)
2026-07-15 11:31:55,228 [INFO] __main__ — 뉴스 시점 제외 [유니드비티플러스]: 2건 (>14일/파싱실패)
2026-07-15 11:31:55,395 [INFO] __main__ — 뉴스 시점 제외 [경인전자]: 13건 (>14일/파싱실패)
2026-07-15 11:31:55,966 [INFO] __main__ — 뉴스 시점 제외 [세우글로벌]: 15건 (>14일/파싱실패)
2026-07-15 11:31:56,365 [INFO] __main__ — 뉴스 시점 제외 [우진아이엔에스]: 2건 (>14일/파싱실패)
2026-07-15 11:31:56,534 [INFO] __main__ — 뉴스 시점 제외 [대림통상]: 12건 (>14일/파싱실패)
2026-07-15 11:31:56,716 [INFO] __main__ — 뉴스 시점 제외 [세기상사]: 10건 (>14일/파싱실패)
2026-07-15 11:31:56,938 [INFO] __main__ — 뉴스 시점 제외 [동일제강]: 1건 (>14일/파싱실패)
2026-07-15 11:31:57,102 [INFO] __main__ — 뉴스 시점 제외 [SG글로벌]: 9건 (>14일/파싱실패)
2026-07-15 11:32:01,158 [INFO] __main__ — 뉴스 시점 제외 [큐리옥스바이오시스템즈]: 12건 (>14일/파싱실패)
2026-07-15 11:32:01,728 [INFO] __main__ — 뉴스 시점 제외 [케이아이엔엑스]: 6건 (>14일/파싱실패)
2026-07-15 11:32:05,125 [INFO] __main__ — 뉴스 시점 제외 [젬백스]: 5건 (>14일/파싱실패)
2026-07-15 11:32:08,158 [INFO] __main__ — 뉴스 시점 제외 [큐렉소]: 3건 (>14일/파싱실패)
2026-07-15 11:32:08,965 [INFO] __main__ — 뉴스 시점 제외 [인화정공]: 9건 (>14일/파싱실패)
2026-07-15 11:32:09,683 [INFO] __main__ — 뉴스 시점 제외 [우주일렉트로]: 13건 (>14일/파싱실패)
2026-07-15 11:32:11,001 [INFO] __main__ — 뉴스 시점 제외 [엔젤로보틱스]: 2건 (>14일/파싱실패)
2026-07-15 11:32:12,421 [INFO] __main__ — 뉴스 시점 제외 [아스테라시스]: 9건 (>14일/파싱실패)
2026-07-15 11:32:12,560 [INFO] __main__ — 뉴스 시점 제외 [매커스]: 10건 (>14일/파싱실패)
2026-07-15 11:32:12,996 [INFO] __main__ — 뉴스 시점 제외 [KH바텍]: 8건 (>14일/파싱실패)
2026-07-15 11:32:13,309 [INFO] __main__ — 뉴스 시점 제외 [코텍]: 11건 (>14일/파싱실패)
2026-07-15 11:32:13,880 [INFO] __main__ — 뉴스 시점 제외 [이지바이오]: 11건 (>14일/파싱실패)
2026-07-15 11:32:14,867 [INFO] __main__ — 뉴스 시점 제외 [에스엔시스]: 12건 (>14일/파싱실패)
2026-07-15 11:32:16,156 [INFO] __main__ — 뉴스 시점 제외 [국보디자인]: 12건 (>14일/파싱실패)
2026-07-15 11:32:16,608 [INFO] __main__ — 뉴스 시점 제외 [네오위즈홀딩스]: 7건 (>14일/파싱실패)
2026-07-15 11:32:17,164 [INFO] __main__ — 뉴스 시점 제외 [BGF에코머티리얼즈]: 14건 (>14일/파싱실패)
2026-07-15 11:32:17,719 [INFO] __main__ — 뉴스 시점 제외 [신성에스티]: 12건 (>14일/파싱실패)
2026-07-15 11:32:18,289 [INFO] __main__ — 뉴스 시점 제외 [코메론]: 13건 (>14일/파싱실패)
2026-07-15 11:32:18,383 [INFO] __main__ — 뉴스 시점 제외 [듀켐바이오]: 9건 (>14일/파싱실패)
2026-07-15 11:32:18,959 [INFO] __main__ — 뉴스 시점 제외 [일진파워]: 7건 (>14일/파싱실패)
2026-07-15 11:32:21,133 [INFO] __main__ — 뉴스 시점 제외 [에스오에스랩]: 5건 (>14일/파싱실패)
2026-07-15 11:32:21,337 [INFO] __main__ — 뉴스 시점 제외 [엠아이텍]: 9건 (>14일/파싱실패)
2026-07-15 11:32:21,698 [INFO] __main__ — 뉴스 시점 제외 [인선이엔티]: 11건 (>14일/파싱실패)
2026-07-15 11:32:21,912 [INFO] __main__ — 뉴스 시점 제외 [유비쿼스]: 5건 (>14일/파싱실패)
2026-07-15 11:32:22,256 [INFO] __main__ — 뉴스 시점 제외 [하이비젼시스템]: 11건 (>14일/파싱실패)
2026-07-15 11:32:22,851 [INFO] __main__ — 뉴스 시점 제외 [고려신용정보]: 14건 (>14일/파싱실패)
2026-07-15 11:32:24,201 [INFO] __main__ — 뉴스 시점 제외 [제룡산업]: 1건 (>14일/파싱실패)
2026-07-15 11:32:25,137 [INFO] __main__ — 뉴스 시점 제외 [삼보판지]: 15건 (>14일/파싱실패)
2026-07-15 11:32:25,786 [INFO] __main__ — 뉴스 시점 제외 [윤성에프앤씨]: 13건 (>14일/파싱실패)
2026-07-15 11:32:26,295 [INFO] __main__ — 뉴스 시점 제외 [동국산업]: 5건 (>14일/파싱실패)
2026-07-15 11:32:26,495 [INFO] __main__ — 뉴스 시점 제외 [코칩]: 11건 (>14일/파싱실패)
2026-07-15 11:32:27,498 [INFO] __main__ — 뉴스 시점 제외 [솔본]: 11건 (>14일/파싱실패)
2026-07-15 11:32:27,999 [INFO] __main__ — 뉴스 시점 제외 [아가방컴퍼니]: 8건 (>14일/파싱실패)
2026-07-15 11:32:29,717 [INFO] __main__ — 뉴스 시점 제외 [유아이엘]: 11건 (>14일/파싱실패)
2026-07-15 11:32:30,926 [INFO] __main__ — 뉴스 시점 제외 [NICE인프라]: 15건 (>14일/파싱실패)
2026-07-15 11:32:32,171 [INFO] __main__ — 뉴스 시점 제외 [메타바이오메드]: 10건 (>14일/파싱실패)
2026-07-15 11:32:32,831 [INFO] __main__ — 뉴스 시점 제외 [세운메디칼]: 14건 (>14일/파싱실패)
2026-07-15 11:32:33,402 [INFO] __main__ — 뉴스 시점 제외 [대정화금]: 13건 (>14일/파싱실패)
2026-07-15 11:32:34,072 [INFO] __main__ — 뉴스 시점 제외 [케이씨에스]: 4건 (>14일/파싱실패)
2026-07-15 11:32:34,087 [INFO] __main__ — 뉴스 시점 제외 [우림피티에스]: 1건 (>14일/파싱실패)
2026-07-15 11:32:34,091 [INFO] __main__ — 뉴스 시점 제외 [스모트로닉]: 7건 (>14일/파싱실패)
2026-07-15 11:32:34,795 [INFO] __main__ — 뉴스 시점 제외 [탑런토탈솔루션]: 13건 (>14일/파싱실패)
2026-07-15 11:32:35,502 [INFO] __main__ — 뉴스 시점 제외 [스톰테크]: 14건 (>14일/파싱실패)
2026-07-15 11:32:36,082 [INFO] __main__ — 뉴스 시점 제외 [디와이피엔에프]: 13건 (>14일/파싱실패)
2026-07-15 11:32:37,348 [INFO] __main__ — 뉴스 시점 제외 [동아엘텍]: 10건 (>14일/파싱실패)
2026-07-15 11:32:37,376 [INFO] __main__ — 뉴스 시점 제외 [정상제이엘에스]: 7건 (>14일/파싱실패)
2026-07-15 11:32:38,082 [INFO] __main__ — 뉴스 시점 제외 [RF시스템즈]: 7건 (>14일/파싱실패)
2026-07-15 11:32:38,086 [INFO] __main__ — 뉴스 시점 제외 [아미노로직스]: 12건 (>14일/파싱실패)
2026-07-15 11:32:39,496 [INFO] __main__ — 뉴스 시점 제외 [오상헬스케어]: 10건 (>14일/파싱실패)
2026-07-15 11:32:40,079 [INFO] __main__ — 뉴스 시점 제외 [에이치엔에스하이텍]: 13건 (>14일/파싱실패)
2026-07-15 11:32:40,775 [INFO] __main__ — 뉴스 시점 제외 [리메드]: 6건 (>14일/파싱실패)
2026-07-15 11:32:40,786 [INFO] __main__ — 뉴스 시점 제외 [오늘이엔엠]: 9건 (>14일/파싱실패)
2026-07-15 11:32:41,346 [INFO] __main__ — 뉴스 시점 제외 [디앤씨미디어]: 3건 (>14일/파싱실패)
2026-07-15 11:32:42,674 [INFO] __main__ — 뉴스 시점 제외 [대림제지]: 12건 (>14일/파싱실패)
2026-07-15 11:32:43,931 [INFO] __main__ — 뉴스 시점 제외 [로보로보]: 10건 (>14일/파싱실패)
2026-07-15 11:32:43,934 [INFO] __main__ — 뉴스 시점 제외 [드림씨아이에스]: 7건 (>14일/파싱실패)
2026-07-15 11:32:44,497 [INFO] __main__ — 뉴스 시점 제외 [케이피에프]: 9건 (>14일/파싱실패)
2026-07-15 11:32:44,505 [INFO] __main__ — 뉴스 시점 제외 [리드코프]: 12건 (>14일/파싱실패)
2026-07-15 11:32:45,075 [INFO] __main__ — 뉴스 시점 제외 [팅크웨어]: 12건 (>14일/파싱실패)
2026-07-15 11:32:45,145 [INFO] __main__ — 뉴스 시점 제외 [새빗켐]: 14건 (>14일/파싱실패)
2026-07-15 11:32:45,802 [INFO] __main__ — 뉴스 시점 제외 [라이온켐텍]: 11건 (>14일/파싱실패)
2026-07-15 11:32:46,400 [INFO] __main__ — 뉴스 시점 제외 [엠오티]: 11건 (>14일/파싱실패)
2026-07-15 11:32:46,782 [INFO] __main__ — 뉴스 시점 제외 [바이오에프디엔씨]: 6건 (>14일/파싱실패)
2026-07-15 11:32:46,942 [INFO] __main__ — 뉴스 시점 제외 [페스카로]: 14건 (>14일/파싱실패)
2026-07-15 11:32:47,664 [INFO] __main__ — 뉴스 시점 제외 [삼현철강]: 6건 (>14일/파싱실패)
2026-07-15 11:32:47,912 [INFO] __main__ — 뉴스 시점 제외 [옵티팜]: 9건 (>14일/파싱실패)
2026-07-15 11:32:48,218 [INFO] __main__ — 뉴스 시점 제외 [아이디피]: 14건 (>14일/파싱실패)
2026-07-15 11:32:48,501 [INFO] __main__ — 뉴스 시점 제외 [큐에스아이]: 9건 (>14일/파싱실패)
2026-07-15 11:32:48,792 [INFO] __main__ — 뉴스 시점 제외 [모델솔루션]: 8건 (>14일/파싱실패)
2026-07-15 11:32:49,087 [INFO] __main__ — 뉴스 시점 제외 [에스피소프트]: 12건 (>14일/파싱실패)
2026-07-15 11:32:49,356 [INFO] __main__ — 뉴스 시점 제외 [블루콤]: 15건 (>14일/파싱실패)
2026-07-15 11:32:49,398 [INFO] __main__ — 뉴스 시점 제외 [CG인바이츠]: 5건 (>14일/파싱실패)
2026-07-15 11:32:49,651 [INFO] __main__ — 뉴스 시점 제외 [미투온]: 3건 (>14일/파싱실패)
2026-07-15 11:32:49,943 [INFO] __main__ — 뉴스 시점 제외 [유라테크]: 13건 (>14일/파싱실패)
2026-07-15 11:32:49,977 [INFO] __main__ — 뉴스 시점 제외 [한국전자인증]: 1건 (>14일/파싱실패)
2026-07-15 11:32:50,536 [INFO] __main__ — 뉴스 시점 제외 [셀바스헬스케어]: 12건 (>14일/파싱실패)
2026-07-15 11:32:51,667 [INFO] __main__ — 뉴스 시점 제외 [삼륭물산]: 13건 (>14일/파싱실패)
2026-07-15 11:32:51,936 [INFO] __main__ — 뉴스 시점 제외 [제이씨케미칼]: 10건 (>14일/파싱실패)
2026-07-15 11:32:52,497 [INFO] __main__ — 뉴스 시점 제외 [레뷰코퍼레이션]: 9건 (>14일/파싱실패)
2026-07-15 11:32:52,868 [INFO] __main__ — 뉴스 시점 제외 [고바이오랩]: 6건 (>14일/파싱실패)
2026-07-15 11:32:53,446 [INFO] __main__ — 뉴스 시점 제외 [프로티아]: 11건 (>14일/파싱실패)
2026-07-15 11:32:53,648 [INFO] __main__ — 뉴스 시점 제외 [대륙제관]: 7건 (>14일/파싱실패)
2026-07-15 11:32:54,209 [INFO] __main__ — 뉴스 시점 제외 [스마트레이더시스템]: 8건 (>14일/파싱실패)
2026-07-15 11:32:54,481 [INFO] __main__ — 뉴스 시점 제외 [케이엘넷]: 13건 (>14일/파싱실패)
2026-07-15 11:32:54,766 [INFO] __main__ — 뉴스 시점 제외 [유비벨록스]: 10건 (>14일/파싱실패)
2026-07-15 11:32:55,067 [INFO] __main__ — 뉴스 시점 제외 [이노메트리]: 12건 (>14일/파싱실패)
2026-07-15 11:32:55,717 [INFO] __main__ — 뉴스 시점 제외 [셀바이오휴먼텍]: 9건 (>14일/파싱실패)
2026-07-15 11:32:56,301 [INFO] __main__ — 뉴스 시점 제외 [부방]: 14건 (>14일/파싱실패)
2026-07-15 11:32:56,531 [INFO] __main__ — 뉴스 시점 제외 [삼양케이씨아이]: 11건 (>14일/파싱실패)
2026-07-15 11:32:56,757 [INFO] __main__ — 뉴스 시점 제외 [나래나노텍]: 8건 (>14일/파싱실패)
2026-07-15 11:32:57,093 [INFO] __main__ — 뉴스 시점 제외 [코츠테크놀로지]: 9건 (>14일/파싱실패)
2026-07-15 11:32:57,328 [INFO] __main__ — 뉴스 시점 제외 [한국선재]: 7건 (>14일/파싱실패)
2026-07-15 11:32:57,485 [INFO] __main__ — 뉴스 시점 제외 [화성밸브]: 13건 (>14일/파싱실패)
2026-07-15 11:32:57,669 [INFO] __main__ — 뉴스 시점 제외 [코스리거글로벌]: 11건 (>14일/파싱실패)
2026-07-15 11:32:58,045 [INFO] __main__ — 뉴스 시점 제외 [더블유에스아이]: 14건 (>14일/파싱실패)
2026-07-15 11:32:59,196 [INFO] __main__ — 뉴스 시점 제외 [퓨런티어]: 10건 (>14일/파싱실패)
2026-07-15 11:32:59,416 [INFO] __main__ — 뉴스 시점 제외 [SG&G]: 13건 (>14일/파싱실패)
2026-07-15 11:32:59,775 [INFO] __main__ — 뉴스 시점 제외 [탑코미디어]: 15건 (>14일/파싱실패)
2026-07-15 11:32:59,980 [INFO] __main__ — 뉴스 시점 제외 [코렌텍]: 12건 (>14일/파싱실패)
2026-07-15 11:33:00,550 [INFO] __main__ — 뉴스 시점 제외 [제이씨현시스템]: 12건 (>14일/파싱실패)
2026-07-15 11:33:01,105 [INFO] __main__ — 뉴스 시점 제외 [구영테크]: 12건 (>14일/파싱실패)
2026-07-15 11:33:01,347 [INFO] __main__ — 뉴스 시점 제외 [케이사인]: 12건 (>14일/파싱실패)
2026-07-15 11:33:01,913 [INFO] __main__ — 뉴스 시점 제외 [프로이천]: 7건 (>14일/파싱실패)
2026-07-15 11:33:02,496 [INFO] __main__ — 뉴스 시점 제외 [제이투케이바이오]: 6건 (>14일/파싱실패)
2026-07-15 11:33:02,600 [INFO] __main__ — 뉴스 시점 제외 [에스피시스템스]: 10건 (>14일/파싱실패)
2026-07-15 11:33:04,218 [INFO] __main__ — 뉴스 시점 제외 [에어레인]: 3건 (>14일/파싱실패)
2026-07-15 11:33:04,557 [INFO] __main__ — 뉴스 시점 제외 [흥국에프엔비]: 10건 (>14일/파싱실패)
2026-07-15 11:33:04,920 [INFO] __main__ — 뉴스 시점 제외 [코닉오토메이션]: 4건 (>14일/파싱실패)
2026-07-15 11:33:05,129 [INFO] __main__ — 뉴스 시점 제외 [아이엠비디엑스]: 13건 (>14일/파싱실패)
2026-07-15 11:33:05,340 [INFO] __main__ — 뉴스 시점 제외 [캐프]: 10건 (>14일/파싱실패)
2026-07-15 11:33:05,708 [INFO] __main__ — 뉴스 시점 제외 [디티씨]: 12건 (>14일/파싱실패)
2026-07-15 11:33:05,911 [INFO] __main__ — 뉴스 시점 제외 [제이엠티]: 14건 (>14일/파싱실패)
2026-07-15 11:33:06,278 [INFO] __main__ — 뉴스 시점 제외 [포시에스]: 3건 (>14일/파싱실패)
2026-07-15 11:33:06,475 [INFO] __main__ — 뉴스 시점 제외 [일월지엠엘]: 15건 (>14일/파싱실패)
2026-07-15 11:33:06,645 [INFO] __main__ — 뉴스 시점 제외 [푸른로보틱스]: 10건 (>14일/파싱실패)
2026-07-15 11:33:06,850 [INFO] __main__ — 뉴스 시점 제외 [디케이앤디]: 10건 (>14일/파싱실패)
2026-07-15 11:33:07,774 [INFO] __main__ — 뉴스 시점 제외 [쎄노텍]: 11건 (>14일/파싱실패)
2026-07-15 11:33:07,972 [INFO] __main__ — 뉴스 시점 제외 [엔투텍]: 9건 (>14일/파싱실패)
2026-07-15 11:33:08,186 [INFO] __main__ — 뉴스 시점 제외 [동방선기]: 8건 (>14일/파싱실패)
2026-07-15 11:33:08,343 [INFO] __main__ — 뉴스 시점 제외 [일신바이오]: 7건 (>14일/파싱실패)
2026-07-15 11:33:08,552 [INFO] __main__ — 뉴스 시점 제외 [한국팩키지]: 12건 (>14일/파싱실패)
2026-07-15 11:33:08,774 [INFO] __main__ — 뉴스 시점 제외 [원익큐브]: 10건 (>14일/파싱실패)
2026-07-15 11:33:09,119 [INFO] __main__ — 뉴스 시점 제외 [NHN벅스]: 10건 (>14일/파싱실패)
2026-07-15 11:33:09,341 [INFO] __main__ — 뉴스 시점 제외 [서린바이오]: 10건 (>14일/파싱실패)
2026-07-15 11:33:09,478 [INFO] __main__ — 뉴스 시점 제외 [에이텍모빌리티]: 8건 (>14일/파싱실패)
2026-07-15 11:33:09,695 [INFO] __main__ — 뉴스 시점 제외 [쓰리에이로직스]: 12건 (>14일/파싱실패)
2026-07-15 11:33:09,925 [INFO] __main__ — 뉴스 시점 제외 [링크제니시스]: 13건 (>14일/파싱실패)
2026-07-15 11:33:10,251 [INFO] __main__ — 뉴스 시점 제외 [아세아텍]: 10건 (>14일/파싱실패)
2026-07-15 11:33:10,496 [INFO] __main__ — 뉴스 시점 제외 [이글벳]: 4건 (>14일/파싱실패)
2026-07-15 11:33:10,606 [INFO] __main__ — 뉴스 시점 제외 [케일럼]: 11건 (>14일/파싱실패)
2026-07-15 11:33:11,069 [INFO] __main__ — 뉴스 시점 제외 [백금T&A]: 9건 (>14일/파싱실패)
2026-07-15 11:33:11,161 [INFO] __main__ — 뉴스 시점 제외 [한독크린텍]: 14건 (>14일/파싱실패)
2026-07-15 11:33:11,734 [INFO] __main__ — 뉴스 시점 제외 [보라티알]: 13건 (>14일/파싱실패)
2026-07-15 11:33:11,955 [INFO] __main__ — 뉴스 시점 제외 [그린생명과학]: 10건 (>14일/파싱실패)
2026-07-15 11:33:12,516 [INFO] __main__ — 뉴스 시점 제외 [서연탑메탈]: 10건 (>14일/파싱실패)
2026-07-15 11:33:12,785 [INFO] __main__ — 뉴스 시점 제외 [모헨즈]: 8건 (>14일/파싱실패)
2026-07-15 11:33:13,093 [INFO] __main__ — 뉴스 시점 제외 [KB오토시스]: 13건 (>14일/파싱실패)
2026-07-15 11:33:13,620 [INFO] __main__ — 뉴스 시점 제외 [큐캐피탈]: 1건 (>14일/파싱실패)
2026-07-15 11:33:14,199 [INFO] __main__ — 뉴스 시점 제외 [성우전자]: 11건 (>14일/파싱실패)
2026-07-15 11:33:15,369 [INFO] __main__ — 뉴스 시점 제외 [에코캡]: 11건 (>14일/파싱실패)
2026-07-15 11:33:15,403 [INFO] __main__ — 뉴스 시점 제외 [캐스텍코리아]: 12건 (>14일/파싱실패)
2026-07-15 11:33:15,410 [INFO] __main__ — 뉴스 시점 제외 [삼화네트웍스]: 3건 (>14일/파싱실패)
2026-07-15 11:33:15,934 [INFO] __main__ — 뉴스 시점 제외 [씨큐브]: 11건 (>14일/파싱실패)
2026-07-15 11:33:15,998 [INFO] __main__ — 뉴스 시점 제외 [체리부로]: 9건 (>14일/파싱실패)
2026-07-15 11:33:16,499 [INFO] __main__ — 뉴스 시점 제외 [엔바이오니아]: 12건 (>14일/파싱실패)
2026-07-15 11:33:16,559 [INFO] __main__ — 뉴스 시점 제외 [멤레이비티]: 14건 (>14일/파싱실패)
2026-07-15 11:33:16,574 [INFO] __main__ — 뉴스 시점 제외 [팬엔터테인먼트]: 6건 (>14일/파싱실패)
2026-07-15 11:33:17,144 [INFO] __main__ — 뉴스 시점 제외 [기산텔레콤]: 9건 (>14일/파싱실패)
2026-07-15 11:33:17,698 [INFO] __main__ — 뉴스 시점 제외 [미트박스]: 12건 (>14일/파싱실패)
2026-07-15 11:33:17,713 [INFO] __main__ — 뉴스 시점 제외 [티디에스팜]: 10건 (>14일/파싱실패)
2026-07-15 11:33:18,275 [INFO] __main__ — 뉴스 시점 제외 [메가엠디]: 8건 (>14일/파싱실패)
2026-07-15 11:33:18,287 [INFO] __main__ — 뉴스 시점 제외 [네오크레마]: 13건 (>14일/파싱실패)
2026-07-15 11:33:18,764 [INFO] __main__ — 뉴스 시점 제외 [디와이씨]: 7건 (>14일/파싱실패)
2026-07-15 11:33:18,849 [INFO] __main__ — 뉴스 시점 제외 [엔텔스]: 9건 (>14일/파싱실패)
2026-07-15 11:33:18,951 [INFO] __main__ — POOL_A 후보 부정뉴스 2차 조회: 662개
2026-07-15 11:33:18,954 [INFO] __main__ — POOL_A: 928개 (A:824 B:36 동시:68) | 부정게이트 제외:15
  대형:68 중형:157 소형:703
2026-07-15 11:33:18,961 [INFO] __main__ —   → POOL_A: 928개
2026-07-15 11:33:18,961 [INFO] __main__ — ▶ Step 2: 하드 필터링
2026-07-15 11:33:18,962 [INFO] __main__ — 하드 필터 제거: 918개 | 과열배제 91 | 이격도상한 7 | 이격도하한 209 | MA추세 567 | RSI과열 6 | 거래대금 38
2026-07-15 11:33:18,965 [INFO] __main__ — 과열 gated 기록: 91개 → gated_tickers
2026-07-15 11:33:18,965 [INFO] __main__ — POOL_B: 10개 | 대형:2 중형:1 소형:7
2026-07-15 11:33:18,965 [INFO] __main__ —   → POOL_B: 10개
2026-07-15 11:33:18,965 [INFO] __main__ — ▶ Step 3: 스코어링 (FinBERT 감성 분석)
2026-07-15 11:33:18,965 [INFO] __main__ — NaverClient: 3개 키 로드 (DataLab·검색 독립 회전)
2026-07-15 11:33:18,965 [INFO] __main__ — 텍스트 신규 수집: 10종목 (캐시 적중 0종목)
2026-07-15 11:33:23,583 [INFO] __main__ — 뉴스 시점 제외 [이수화학]: 15건 (>14일/파싱실패)
2026-07-15 11:33:27,542 [INFO] __main__ — 뉴스 시점 제외 [화신정공]: 15건 (>14일/파싱실패)
2026-07-15 11:33:34,223 [INFO] __main__ — 수집 완료: 뉴스 76건 | 공시 20건
2026-07-15 11:33:34,224 [INFO] __main__ — FinBERT 감성 분석 (finbert 모드)...
2026-07-15 11:33:34,224 [INFO] __main__ — FinBERT 로딩: snunlp/KR-FinBert-SC (CPU, batch=8)
2026-07-15 11:33:34,333 [INFO] httpx — HTTP Request: GET https://huggingface.co/api/agent-harnesses "HTTP/1.1 200 OK"
2026-07-15 11:33:34,409 [INFO] httpx — HTTP Request: HEAD https://huggingface.co/snunlp/KR-FinBert-SC/resolve/main/config.json "HTTP/1.1 307 Temporary Redirect"
2026-07-15 11:33:34,409 [WARNING] huggingface_hub.utils._http — Warning: You are sending unauthenticated requests to the HF Hub. Please set a HF_TOKEN to enable higher rate limits and faster downloads.
2026-07-15 11:33:34,414 [INFO] httpx — HTTP Request: HEAD https://huggingface.co/api/resolve-cache/models/snunlp/KR-FinBert-SC/f8586286cc3161fb648e9fee09a456069fd846d0/config.json "HTTP/1.1 200 OK"
2026-07-15 11:33:34,508 [INFO] httpx — HTTP Request: HEAD https://huggingface.co/snunlp/KR-FinBert-SC/resolve/main/model.safetensors "HTTP/1.1 404 Not Found"
2026-07-15 11:33:34,588 [INFO] httpx — HTTP Request: GET https://huggingface.co/api/models/snunlp/KR-FinBert-SC "HTTP/1.1 200 OK"
2026-07-15 11:33:34,679 [INFO] httpx — HTTP Request: GET https://huggingface.co/api/models/snunlp/KR-FinBert-SC/commits/main "HTTP/1.1 200 OK"
2026-07-15 11:33:34,724 [INFO] httpx — HTTP Request: GET https://huggingface.co/api/models/snunlp/KR-FinBert-SC/tree/main/additional_chat_templates?recursive=false&expand=false "HTTP/1.1 404 Not Found"
2026-07-15 11:33:34,762 [INFO] httpx — HTTP Request: GET https://huggingface.co/api/models/snunlp/KR-FinBert-SC/discussions?p=0 "HTTP/1.1 200 OK"
2026-07-15 11:33:34,804 [INFO] httpx — HTTP Request: GET https://huggingface.co/api/models/snunlp/KR-FinBert-SC/tree/main?recursive=true&expand=false "HTTP/1.1 200 OK"
2026-07-15 11:33:34,848 [INFO] httpx — HTTP Request: GET https://huggingface.co/api/models/snunlp/KR-FinBert-SC/commits/refs%2Fpr%2F3 "HTTP/1.1 200 OK"
2026-07-15 11:33:34,900 [INFO] httpx — HTTP Request: HEAD https://huggingface.co/snunlp/KR-FinBert-SC/resolve/main/processor_config.json "HTTP/1.1 404 Not Found"
2026-07-15 11:33:34,923 [INFO] httpx — HTTP Request: HEAD https://huggingface.co/snunlp/KR-FinBert-SC/resolve/refs%2Fpr%2F3/model.safetensors.index.json "HTTP/1.1 404 Not Found"
2026-07-15 11:33:34,974 [INFO] httpx — HTTP Request: HEAD https://huggingface.co/snunlp/KR-FinBert-SC/resolve/main/video_preprocessor_config.json "HTTP/1.1 404 Not Found"
2026-07-15 11:33:35,003 [INFO] httpx — HTTP Request: HEAD https://huggingface.co/snunlp/KR-FinBert-SC/resolve/refs%2Fpr%2F3/model.safetensors "HTTP/1.1 302 Found"
2026-07-15 11:33:35,051 [INFO] httpx — HTTP Request: HEAD https://huggingface.co/snunlp/KR-FinBert-SC/resolve/main/preprocessor_config.json "HTTP/1.1 404 Not Found"
2026-07-15 11:33:35,052 [INFO] __main__ — FinBERT 로드 완료 (CPU)
2026-07-15 11:33:40,169 [INFO] __main__ — Phase A.1: 매핑 신뢰도 < 0.5 → 감성 점수 폐기 7건
2026-07-15 11:33:40,169 [INFO] __main__ — 스코어링: 10개 | 집중:0 | FinBERT:finbert
2026-07-15 11:33:40,185 [INFO] __main__ —   → 10개
2026-07-15 11:33:40,185 [INFO] __main__ — ▶ Step 4: 발송
2026-07-15 11:33:43,727 [WARNING] __main__ — 텔레그램 발송 실패 그룹 → mark_sent skip 1개 (다음 실행 시 재발송 대상)
2026-07-15 11:33:43,728 [INFO] __main__ — DB 기록: 0개 / 전체 to_send 1개
2026-07-15 11:33:43,728 [INFO] __main__ — 발송: 집중 0 / 주시 0
2026-07-15 11:33:43,728 [INFO] __main__ — 완료  |  소요: 1172.7초
