2026-09-15 23:31:54,069 [INFO] __main__ — config 검증 완료 ✓
2026-09-15 23:31:54,069 [INFO] __main__ — KIS 조회 도메인: 실전 (https://openapi.koreainvestment.com:9443)
2026-09-15 23:31:54,069 [INFO] __main__ — ============================================================
2026-09-15 23:31:54,069 [INFO] __main__ — AlphaRadar v3.3.1  |  기준일: 20260916  |  런: am
2026-09-15 23:31:54,070 [INFO] __main__ — S = T×0.3 + S_text×0.4 + D×0.3
2026-09-15 23:31:54,070 [INFO] __main__ — ============================================================
2026-09-15 23:31:54,070 [INFO] __main__ — ▶ Step 0: 유니버스 필터링
2026-09-15 23:31:54,326 [INFO] __main__ — FDR 데이터 수집: 20260313 ~ 20260916
2026-09-15 23:31:55,980 [INFO] __main__ — master universe 메타: 캐시 사용 2760개 (year=2026)
2026-09-15 23:31:55,983 [INFO] __main__ — master 보강: 등급 836개 | FnGuide/KSIC 2547개 | 섹터(fg_industry) 2547개
2026-09-15 23:31:55,983 [INFO] __main__ — KOSPI: 943개 | 섹터정보 831개 (DART +828개 보완)
2026-09-15 23:31:55,984 [INFO] __main__ — KOSDAQ: 1820개 | 섹터정보 1745개
2026-09-15 23:31:55,984 [INFO] __main__ — 전체: 2763개
2026-09-15 23:31:58,128 [INFO] __main__ — KIS 토큰 발급 완료
2026-09-15 23:38:42,441 [INFO] __main__ — DART corp_code 매핑: 876/900개 (97%)
2026-09-15 23:38:42,442 [INFO] __main__ — 유효 유니버스: 900개
2026-09-15 23:38:42,449 [INFO] __main__ —   → 900개
2026-09-15 23:38:42,449 [INFO] __main__ — ▶ Step 1: 신호 탐지
2026-09-15 23:38:42,449 [INFO] __main__ — NaverClient: 3개 키 로드 (DataLab·검색 독립 회전)
2026-09-15 23:38:42,449 [INFO] __main__ — 관심 지수 및 부정 뉴스 비율 조회 중...
2026-09-15 23:38:44,052 [INFO] __main__ — 봇 주가요약 제외 [드림시큐리티]: 2건
2026-09-15 23:38:44,064 [INFO] __main__ — 봇 주가요약 제외 [흥아해운]: 2건
2026-09-15 23:38:44,212 [INFO] __main__ — 봇 주가요약 제외 [빛과전자]: 2건
2026-09-15 23:38:45,602 [INFO] __main__ — 봇 주가요약 제외 [JW신약]: 1건
2026-09-15 23:38:47,134 [INFO] __main__ — 봇 주가요약 제외 [대한광통신]: 1건
2026-09-15 23:38:47,148 [INFO] __main__ — 봇 주가요약 제외 [우리로]: 1건
2026-09-15 23:38:47,327 [INFO] __main__ — 봇 주가요약 제외 [우리기술]: 1건
2026-09-15 23:38:48,687 [INFO] __main__ — 봇 주가요약 제외 [흥구석유]: 4건
2026-09-15 23:38:48,695 [INFO] __main__ — 봇 주가요약 제외 [에스엠벡셀]: 1건
2026-09-15 23:38:49,880 [INFO] __main__ — 봇 주가요약 제외 [엑스게이트]: 2건
2026-09-15 23:38:50,192 [INFO] __main__ — 봇 주가요약 제외 [SFA반도체]: 2건
2026-09-15 23:38:51,210 [INFO] __main__ — 봇 주가요약 제외 [삼미금속]: 1건
2026-09-15 23:38:51,580 [INFO] __main__ — 봇 주가요약 제외 [더즌]: 2건
2026-09-15 23:38:51,586 [INFO] __main__ — 봇 주가요약 제외 [페니트리움바이오]: 1건
2026-09-15 23:38:52,414 [INFO] __main__ — 봇 주가요약 제외 [후성]: 2건
2026-09-15 23:38:52,756 [INFO] __main__ — 봇 주가요약 제외 [한국화장품제조]: 2건
2026-09-15 23:38:56,921 [INFO] __main__ — 봇 주가요약 제외 [PS일렉트로닉스]: 1건
2026-09-15 23:38:57,609 [INFO] __main__ — 봇 주가요약 제외 [원익홀딩스]: 1건
2026-09-15 23:38:58,982 [INFO] __main__ — 봇 주가요약 제외 [HPSP]: 1건
2026-09-15 23:38:59,511 [INFO] __main__ — 봇 주가요약 제외 [티엠씨]: 1건
2026-09-15 23:39:01,392 [INFO] __main__ — 봇 주가요약 제외 [성호전자]: 1건
2026-09-15 23:39:02,570 [INFO] __main__ — 봇 주가요약 제외 [금호건설]: 1건
2026-09-15 23:39:05,129 [INFO] __main__ — 뉴스 시점 제외 [동국홀딩스]: 8건 (>14일/파싱실패)
2026-09-15 23:39:05,139 [INFO] __main__ — 봇 주가요약 제외 [아모텍]: 1건
2026-09-15 23:39:06,714 [INFO] __main__ — 봇 주가요약 제외 [대원전선]: 5건
2026-09-15 23:39:07,506 [INFO] __main__ — 봇 주가요약 제외 [RF머트리얼즈]: 2건
2026-09-15 23:39:08,695 [INFO] __main__ — 봇 주가요약 제외 [삼화콘덴서]: 2건
2026-09-15 23:39:12,263 [INFO] __main__ — 봇 주가요약 제외 [한국정보인증]: 2건
2026-09-15 23:39:12,272 [INFO] __main__ — 봇 주가요약 제외 [위메이드맥스]: 2건
2026-09-15 23:39:13,468 [INFO] __main__ — 봇 주가요약 제외 [아이씨티케이]: 2건
2026-09-15 23:39:14,662 [INFO] __main__ — 봇 주가요약 제외 [제주반도체]: 2건
2026-09-15 23:39:14,666 [INFO] __main__ — 봇 주가요약 제외 [SK이터닉스]: 1건
2026-09-15 23:39:15,859 [INFO] __main__ — 봇 주가요약 제외 [휴림로봇]: 1건
2026-09-15 23:39:16,110 [INFO] __main__ — 봇 주가요약 제외 [DB하이텍]: 1건
2026-09-15 23:39:18,277 [INFO] __main__ — 봇 주가요약 제외 [원익IPS]: 1건
2026-09-15 23:39:19,490 [INFO] __main__ — 봇 주가요약 제외 [한화엔진]: 1건
2026-09-15 23:39:19,663 [INFO] __main__ — 봇 주가요약 제외 [한전기술]: 2건
2026-09-15 23:39:20,696 [INFO] __main__ — 봇 주가요약 제외 [한미반도체]: 1건
2026-09-15 23:39:23,081 [INFO] __main__ — 봇 주가요약 제외 [한전산업]: 1건
2026-09-15 23:39:23,090 [INFO] __main__ — 봇 주가요약 제외 [바이오니아]: 1건
2026-09-15 23:39:23,236 [INFO] __main__ — 뉴스 시점 제외 [맥쿼리인프라]: 8건 (>14일/파싱실패)
2026-09-15 23:39:24,261 [INFO] __main__ — 봇 주가요약 제외 [쏠리드]: 1건
2026-09-15 23:39:26,798 [INFO] __main__ — 봇 주가요약 제외 [대덕전자]: 1건
2026-09-15 23:39:30,176 [INFO] __main__ — 뉴스 시점 제외 [LS머트리얼즈]: 1건 (>14일/파싱실패)
2026-09-15 23:39:31,386 [INFO] __main__ — 봇 주가요약 제외 [지엔씨에너지]: 1건
2026-09-15 23:39:33,731 [INFO] __main__ — 봇 주가요약 제외 [휴스틸]: 1건
2026-09-15 23:39:33,733 [INFO] __main__ — 봇 주가요약 제외 [파두]: 1건
2026-09-15 23:39:34,933 [INFO] __main__ — 봇 주가요약 제외 [브이엠]: 1건
2026-09-15 23:39:47,067 [INFO] __main__ — 봇 주가요약 제외 [하이젠알앤엠]: 1건
2026-09-15 23:39:52,245 [INFO] __main__ — 봇 주가요약 제외 [스피어]: 1건
2026-09-15 23:39:52,682 [INFO] __main__ — 봇 주가요약 제외 [필옵틱스]: 1건
2026-09-15 23:39:59,077 [INFO] __main__ — 봇 주가요약 제외 [두산테스나]: 2건
2026-09-15 23:40:05,971 [INFO] __main__ — 뉴스 시점 제외 [KB스타리츠]: 9건 (>14일/파싱실패)
2026-09-15 23:40:09,863 [INFO] __main__ — 봇 주가요약 제외 [이수페타시스]: 1건
2026-09-15 23:40:11,002 [INFO] __main__ — 뉴스 시점 제외 [와이지-원]: 6건 (>14일/파싱실패)
2026-09-15 23:40:13,189 [INFO] __main__ — 봇 주가요약 제외 [오이솔루션]: 2건
2026-09-15 23:40:17,234 [INFO] __main__ — 봇 주가요약 제외 [산일전기]: 4건
2026-09-15 23:40:26,665 [INFO] __main__ — 봇 주가요약 제외 [신세계 I&C]: 1건
2026-09-15 23:40:27,830 [INFO] __main__ — 봇 주가요약 제외 [나우로보틱스]: 1건
2026-09-15 23:40:29,051 [INFO] __main__ — 뉴스 시점 제외 [엘브이엠씨홀딩스]: 13건 (>14일/파싱실패)
2026-09-15 23:40:31,493 [INFO] __main__ — 봇 주가요약 제외 [지투지바이오]: 2건
2026-09-15 23:40:36,244 [INFO] __main__ — 봇 주가요약 제외 [에코프로머티]: 1건
2026-09-15 23:40:37,440 [INFO] __main__ — 뉴스 시점 제외 [에스에이엠티]: 6건 (>14일/파싱실패)
2026-09-15 23:40:40,930 [INFO] __main__ — 봇 주가요약 제외 [케이엔알시스템]: 1건
2026-09-15 23:40:49,258 [INFO] __main__ — 뉴스 시점 제외 [서부T&D]: 6건 (>14일/파싱실패)
2026-09-15 23:40:52,748 [INFO] __main__ — 봇 주가요약 제외 [일진전기]: 1건
2026-09-15 23:40:59,842 [INFO] __main__ — 봇 주가요약 제외 [엑시콘]: 1건
2026-09-15 23:41:06,307 [INFO] __main__ — 뉴스 시점 제외 [ESR켄달스퀘어리츠]: 11건 (>14일/파싱실패)
2026-09-15 23:41:13,436 [INFO] __main__ — 봇 주가요약 제외 [로킷헬스케어]: 1건
2026-09-15 23:41:15,882 [INFO] __main__ — 봇 주가요약 제외 [삼아알미늄]: 1건
2026-09-15 23:41:16,072 [INFO] __main__ — 봇 주가요약 제외 [OCI홀딩스]: 1건
2026-09-15 23:41:17,247 [INFO] __main__ — 뉴스 시점 제외 [현대힘스]: 6건 (>14일/파싱실패)
2026-09-15 23:41:20,964 [INFO] __main__ — 뉴스 시점 제외 [KB발해인프라]: 13건 (>14일/파싱실패)
2026-09-15 23:41:22,143 [INFO] __main__ — 봇 주가요약 제외 [명신산업]: 1건
2026-09-15 23:41:24,768 [INFO] __main__ — 봇 주가요약 제외 [SFA]: 2건
2026-09-15 23:41:24,777 [INFO] __main__ — 뉴스 시점 제외 [미래에셋증권2우B]: 10건 (>14일/파싱실패)
2026-09-15 23:41:31,876 [INFO] __main__ — 봇 주가요약 제외 [코리아써키트]: 1건
2026-09-15 23:41:33,053 [INFO] __main__ — 봇 주가요약 제외 [펩트론]: 1건
2026-09-15 23:41:33,241 [INFO] __main__ — 봇 주가요약 제외 [에스엠]: 1건
2026-09-15 23:41:41,469 [INFO] __main__ — 뉴스 시점 제외 [한양디지텍]: 3건 (>14일/파싱실패)
2026-09-15 23:41:46,286 [INFO] __main__ — 뉴스 시점 제외 [DS단석]: 10건 (>14일/파싱실패)
2026-09-15 23:41:52,139 [INFO] __main__ — 봇 주가요약 제외 [파이버프로]: 1건
2026-09-15 23:41:53,399 [INFO] __main__ — 봇 주가요약 제외 [전진건설로봇]: 2건
2026-09-15 23:42:01,640 [INFO] __main__ — 뉴스 시점 제외 [롯데리츠]: 2건 (>14일/파싱실패)
2026-09-15 23:42:08,030 [INFO] __main__ — 뉴스 시점 제외 [오리엔탈정공]: 6건 (>14일/파싱실패)
2026-09-15 23:42:09,316 [INFO] __main__ — 부정 키워드 감지: 20개 종목 (neg_ratio > 0)
2026-09-15 23:42:09,318 [INFO] __main__ — 수급일수충족·합계음수 제외: 81개
2026-09-15 23:42:14,066 [INFO] __main__ — 뉴스 시점 제외 [두산우]: 14건 (>14일/파싱실패)
2026-09-15 23:42:14,679 [INFO] __main__ — 뉴스 시점 제외 [삼성전기우]: 12건 (>14일/파싱실패)
2026-09-15 23:42:17,297 [INFO] __main__ — 뉴스 시점 제외 [한국금융지주우]: 11건 (>14일/파싱실패)
2026-09-15 23:42:17,525 [INFO] __main__ — 봇 주가요약 제외 [세방전지]: 1건
2026-09-15 23:42:18,180 [INFO] __main__ — 뉴스 시점 제외 [TKG휴켐스]: 5건 (>14일/파싱실패)
2026-09-15 23:42:19,687 [INFO] __main__ — 뉴스 시점 제외 [신한알파리츠]: 11건 (>14일/파싱실패)
2026-09-15 23:42:20,055 [INFO] __main__ — 뉴스 시점 제외 [미원상사]: 4건 (>14일/파싱실패)
2026-09-15 23:42:20,330 [INFO] __main__ — 뉴스 시점 제외 [한화3우B]: 11건 (>14일/파싱실패)
2026-09-15 23:42:21,159 [INFO] __main__ — 뉴스 시점 제외 [세아홀딩스]: 1건 (>14일/파싱실패)
2026-09-15 23:42:21,166 [INFO] __main__ — 뉴스 시점 제외 [CJ4우(전환)]: 13건 (>14일/파싱실패)
2026-09-15 23:42:21,992 [INFO] __main__ — 봇 주가요약 제외 [풍산홀딩스]: 1건
2026-09-15 23:42:22,467 [INFO] __main__ — 뉴스 시점 제외 [삼성FN리츠]: 9건 (>14일/파싱실패)
2026-09-15 23:42:23,303 [INFO] __main__ — 뉴스 시점 제외 [아모레퍼시픽우]: 11건 (>14일/파싱실패)
2026-09-15 23:42:23,308 [INFO] __main__ — 뉴스 시점 제외 [바이오노트]: 3건 (>14일/파싱실패)
2026-09-15 23:42:24,141 [INFO] __main__ — 뉴스 시점 제외 [조광피혁]: 10건 (>14일/파싱실패)
2026-09-15 23:42:24,979 [INFO] __main__ — 뉴스 시점 제외 [KPX홀딩스]: 12건 (>14일/파싱실패)
2026-09-15 23:42:24,980 [INFO] __main__ — 뉴스 시점 제외 [농심홀딩스]: 1건 (>14일/파싱실패)
2026-09-15 23:42:24,982 [INFO] __main__ — 뉴스 시점 제외 [INVENI]: 8건 (>14일/파싱실패)
2026-09-15 23:42:25,693 [INFO] __main__ — 뉴스 시점 제외 [삼영무역]: 13건 (>14일/파싱실패)
2026-09-15 23:42:26,964 [INFO] __main__ — 뉴스 시점 제외 [일진홀딩스]: 2건 (>14일/파싱실패)
2026-09-15 23:42:26,977 [INFO] __main__ — 뉴스 시점 제외 [아세아제지]: 9건 (>14일/파싱실패)
2026-09-15 23:42:27,161 [INFO] __main__ — 뉴스 시점 제외 [삼성물산우B]: 14건 (>14일/파싱실패)
2026-09-15 23:42:28,424 [INFO] __main__ — 뉴스 시점 제외 [S-Oil우]: 10건 (>14일/파싱실패)
2026-09-15 23:42:28,475 [INFO] __main__ — 뉴스 시점 제외 [서울가스]: 10건 (>14일/파싱실패)
2026-09-15 23:42:28,887 [INFO] __main__ — 뉴스 시점 제외 [이지스밸류플러스리츠]: 10건 (>14일/파싱실패)
2026-09-15 23:42:29,293 [INFO] __main__ — 뉴스 시점 제외 [아이마켓코리아]: 13건 (>14일/파싱실패)
2026-09-15 23:42:31,488 [INFO] __main__ — 뉴스 시점 제외 [LG우]: 14건 (>14일/파싱실패)
2026-09-15 23:42:31,641 [INFO] __main__ — 뉴스 시점 제외 [SK우]: 11건 (>14일/파싱실패)
2026-09-15 23:42:31,900 [INFO] __main__ — 뉴스 시점 제외 [CR홀딩스]: 10건 (>14일/파싱실패)
2026-09-15 23:42:34,086 [INFO] __main__ — 봇 주가요약 제외 [제룡전기]: 4건
2026-09-15 23:42:36,794 [INFO] __main__ — 봇 주가요약 제외 [켐트로닉스]: 1건
2026-09-15 23:42:39,912 [INFO] __main__ — 뉴스 시점 제외 [에코아이]: 12건 (>14일/파싱실패)
2026-09-15 23:42:40,295 [INFO] __main__ — 뉴스 시점 제외 [KG에코솔루션]: 10건 (>14일/파싱실패)
2026-09-15 23:42:42,588 [INFO] __main__ — 뉴스 시점 제외 [케이티알파]: 11건 (>14일/파싱실패)
2026-09-15 23:42:43,126 [INFO] __main__ — 봇 주가요약 제외 [칩스앤미디어]: 1건
2026-09-15 23:42:45,082 [INFO] __main__ — 뉴스 시점 제외 [우주일렉트로]: 11건 (>14일/파싱실패)
2026-09-15 23:42:45,436 [INFO] __main__ — POOL_A 후보 부정뉴스 2차 조회: 158개
2026-09-15 23:42:45,438 [INFO] __main__ — POOL_A: 395개 (A:366 B:7 동시:22) | 부정게이트 제외:5
  대형:38 중형:173 소형:184
2026-09-15 23:42:45,444 [INFO] __main__ — 대조군 표본(무신호): 40개 / 모집단 505개 → pool_history
2026-09-15 23:42:45,446 [INFO] __main__ —   → POOL_A: 395개
2026-09-15 23:42:45,446 [INFO] __main__ — ▶ Step 2: 하드 필터링
2026-09-15 23:42:45,447 [INFO] __main__ — 하드 필터 제거: 374개 | 과열배제 51 | 이격도상한 8 | 이격도하한 23 | MA추세 219 | RSI과열 4 | 거래대금 69
2026-09-15 23:42:45,449 [INFO] __main__ — 과열 gated 기록: 51개 → gated_tickers
2026-09-15 23:42:45,451 [INFO] __main__ — 대조군 표본(필터탈락): 155개 / 모집단 374개 → pool_history
2026-09-15 23:42:45,452 [INFO] __main__ — POOL_B: 21개 | 대형:0 중형:11 소형:10
2026-09-15 23:42:45,452 [INFO] __main__ —   → POOL_B: 21개
2026-09-15 23:42:45,452 [INFO] __main__ — ▶ Step 3: 스코어링 (FinBERT 감성 분석)
2026-09-15 23:42:45,452 [INFO] __main__ — NaverClient: 3개 키 로드 (DataLab·검색 독립 회전)
2026-09-15 23:42:45,452 [INFO] __main__ — 텍스트 신규 수집: 21종목 (캐시 적중 0종목)
2026-09-15 23:42:46,046 [INFO] __main__ — 봇 주가요약 제외 [SK이터닉스]: 1건
2026-09-15 23:42:50,613 [INFO] __main__ — 봇 주가요약 제외 [한국화장품제조]: 4건
2026-09-15 23:42:54,533 [INFO] __main__ — 뉴스 시점 제외 [이수화학]: 15건 (>14일/파싱실패)
2026-09-15 23:42:54,971 [INFO] __main__ — 봇 주가요약 제외 [HPSP]: 2건
2026-09-15 23:42:59,322 [INFO] __main__ — 봇 주가요약 제외 [지엔씨에너지]: 1건
2026-09-15 23:43:03,577 [INFO] __main__ — 뉴스 시점 제외 [오킨스전자]: 15건 (>14일/파싱실패)
2026-09-15 23:43:06,926 [INFO] __main__ — 봇 주가요약 제외 [엑시콘]: 1건
2026-09-15 23:43:07,668 [INFO] __main__ — 봇 주가요약 제외 [PS일렉트로닉스]: 3건
2026-09-15 23:43:10,904 [INFO] __main__ — 봇 주가요약 제외 [마녀공장]: 1건
2026-09-15 23:43:11,551 [INFO] __main__ — 봇 주가요약 제외 [바이오니아]: 2건
2026-09-15 23:43:14,909 [INFO] __main__ — 기사 보존(수집): 183건 (21종목) → news_articles
2026-09-15 23:43:14,912 [INFO] __main__ — 공시 보존(수집): 35건 (21종목) → dart_filings
2026-09-15 23:43:14,913 [INFO] __main__ — 수집 완료: 뉴스 183건 | 공시 35건
2026-09-15 23:43:14,913 [INFO] __main__ — FinBERT 감성 분석 (finbert 모드)...
2026-09-15 23:43:14,913 [INFO] __main__ — FinBERT 로딩: snunlp/KR-FinBert-SC (CPU, batch=8)
2026-09-15 23:43:15,019 [INFO] httpx — HTTP Request: GET https://huggingface.co/api/agent-harnesses "HTTP/1.1 200 OK"
2026-09-15 23:43:15,070 [INFO] httpx — HTTP Request: HEAD https://huggingface.co/snunlp/KR-FinBert-SC/resolve/main/config.json "HTTP/1.1 307 Temporary Redirect"
2026-09-15 23:43:15,071 [WARNING] huggingface_hub.utils._http — Warning: You are sending unauthenticated requests to the HF Hub. Please set a HF_TOKEN to enable higher rate limits and faster downloads.
2026-09-15 23:43:15,090 [INFO] httpx — HTTP Request: HEAD https://huggingface.co/api/resolve-cache/models/snunlp/KR-FinBert-SC/f8586286cc3161fb648e9fee09a456069fd846d0/config.json?%2Fsnunlp%2FKR-FinBert-SC%2Fresolve%2Fmain%2Fconfig.json=&etag=%22bd00b2460e394f69e29e6438699e074cbac9584e%22 "HTTP/1.1 200 OK"
2026-09-15 23:43:15,156 [INFO] httpx — HTTP Request: HEAD https://huggingface.co/snunlp/KR-FinBert-SC/resolve/main/model.safetensors "HTTP/1.1 404 Not Found"
2026-09-15 23:43:15,208 [INFO] httpx — HTTP Request: GET https://huggingface.co/api/models/snunlp/KR-FinBert-SC "HTTP/1.1 200 OK"
2026-09-15 23:43:15,283 [INFO] httpx — HTTP Request: GET https://huggingface.co/api/models/snunlp/KR-FinBert-SC/commits/main "HTTP/1.1 200 OK"
2026-09-15 23:43:15,343 [INFO] httpx — HTTP Request: GET https://huggingface.co/api/models/snunlp/KR-FinBert-SC/discussions?p=0 "HTTP/1.1 200 OK"
2026-09-15 23:43:15,352 [INFO] httpx — HTTP Request: GET https://huggingface.co/api/models/snunlp/KR-FinBert-SC/tree/main/additional_chat_templates?recursive=false&expand=false "HTTP/1.1 404 Not Found"
2026-09-15 23:43:15,406 [INFO] httpx — HTTP Request: GET https://huggingface.co/api/models/snunlp/KR-FinBert-SC/tree/main?recursive=true&expand=false "HTTP/1.1 200 OK"
2026-09-15 23:43:15,443 [INFO] httpx — HTTP Request: GET https://huggingface.co/api/models/snunlp/KR-FinBert-SC/commits/refs%2Fpr%2F3 "HTTP/1.1 200 OK"
2026-09-15 23:43:15,468 [INFO] httpx — HTTP Request: HEAD https://huggingface.co/snunlp/KR-FinBert-SC/resolve/main/processor_config.json "HTTP/1.1 404 Not Found"
2026-09-15 23:43:15,490 [INFO] httpx — HTTP Request: HEAD https://huggingface.co/snunlp/KR-FinBert-SC/resolve/refs%2Fpr%2F3/model.safetensors.index.json "HTTP/1.1 404 Not Found"
2026-09-15 23:43:15,517 [INFO] httpx — HTTP Request: HEAD https://huggingface.co/snunlp/KR-FinBert-SC/resolve/main/video_preprocessor_config.json "HTTP/1.1 404 Not Found"
2026-09-15 23:43:15,549 [INFO] httpx — HTTP Request: HEAD https://huggingface.co/snunlp/KR-FinBert-SC/resolve/refs%2Fpr%2F3/model.safetensors "HTTP/1.1 302 Found"
2026-09-15 23:43:15,566 [INFO] httpx — HTTP Request: HEAD https://huggingface.co/snunlp/KR-FinBert-SC/resolve/main/preprocessor_config.json "HTTP/1.1 404 Not Found"
2026-09-15 23:43:15,566 [INFO] __main__ — FinBERT 로드 완료 (CPU)
2026-09-15 23:43:29,480 [INFO] __main__ — Phase A.1: 매핑 신뢰도 < 0.5 → 감성 점수 폐기 16건
2026-09-15 23:43:29,480 [INFO] __main__ — [shadow] 필드별 검사 기준 폐기 0/21종목 (집행 16건 — 변동 없음)
2026-09-15 23:43:29,480 [INFO] __main__ — 스코어링: 21개 | 집중:0 | FinBERT:finbert
2026-09-15 23:43:29,493 [INFO] __main__ —   → 21개
2026-09-15 23:43:29,493 [INFO] __main__ — ▶ Step 4: 발송
2026-09-15 23:43:34,455 [INFO] __main__ — DB 기록: 14개 / 전체 to_send 14개
2026-09-15 23:43:34,456 [INFO] __main__ — 발송: 14종목 | 누적 4~10회 4 | 신규 0
2026-09-15 23:43:34,456 [INFO] __main__ — 완료  |  소요: 700.4초
2026-09-15 23:43:35,349 [INFO] track_outcomes — pool_history 대조군 7434건 추적 대상 포함
2026-09-15 23:43:35,409 [INFO] track_outcomes — 고아 행 182건 복원 (targets에서 탈락한 미완 키)
2026-09-15 23:43:35,409 [INFO] track_outcomes — 대상 16560건 | 갱신 필요 8434건 | 완료 스킵 8308건
2026-09-15 23:43:35,411 [INFO] track_outcomes —   가격 조회 고유 종목 1306개 (기존 427 + 대조군 추가 879)
2026-09-16 00:07:12,201 [INFO] track_outcomes — outcomes 적재: 신규 267건 | 갱신(신규+보완) 825건
