2026-06-30 12:00:18,795 [INFO] __main__ — config 검증 완료 ✓
2026-06-30 12:00:18,795 [INFO] __main__ — ============================================================
2026-06-30 12:00:18,796 [INFO] __main__ — AlphaRadar v3.3.1  |  기준일: 20260630
2026-06-30 12:00:18,796 [INFO] __main__ — S = T×0.3 + S_text×0.4 + D×0.3
2026-06-30 12:00:18,796 [INFO] __main__ — ============================================================
2026-06-30 12:00:18,796 [INFO] __main__ — ▶ Step 0: 유니버스 필터링
2026-06-30 12:00:18,958 [INFO] __main__ — FDR 데이터 수집: 20251225 ~ 20260630
2026-06-30 12:00:20,476 [INFO] __main__ — KOSPI: 945개 | 섹터정보 835개 (DART +835개 보완)
2026-06-30 12:00:20,477 [INFO] __main__ — KOSDAQ: 1824개 | 섹터정보 1824개
2026-06-30 12:00:20,477 [INFO] __main__ — 전체: 2769개
2026-06-30 12:00:22,711 [INFO] __main__ — KIS 토큰 발급 완료
2026-06-30 12:15:58,044 [INFO] __main__ — DART corp_code 매핑: 2162/2214개 (97%)
2026-06-30 12:15:58,044 [INFO] __main__ — 유효 유니버스: 2214개
2026-06-30 12:15:58,055 [INFO] __main__ —   → 2214개
2026-06-30 12:15:58,055 [INFO] __main__ — ▶ Step 1: 신호 탐지
2026-06-30 12:15:58,055 [INFO] __main__ — NaverClient: 3개 키 로드 (DataLab·검색 독립 회전)
2026-06-30 12:15:58,055 [INFO] __main__ — 관심 지수 및 부정 뉴스 비율 조회 중...
2026-06-30 12:19:56,495 [INFO] __main__ — 부정 키워드 감지: 40개 종목 (neg_ratio > 0)
2026-06-30 12:19:56,501 [INFO] __main__ — POOL_A: 1049개 (A:1009 B:5 동시:35)
  대형:55 중형:173 소형:821
2026-06-30 12:19:56,506 [INFO] __main__ —   → POOL_A: 1049개
2026-06-30 12:19:56,506 [INFO] __main__ — ▶ Step 2: 하드 필터링
2026-06-30 12:19:56,507 [INFO] __main__ — 하드 필터 제거: 1028개 | 이격도상한 36 | 이격도하한 485 | MA추세 458 | RSI과열 5 | 거래대금 44
2026-06-30 12:19:56,507 [INFO] __main__ — POOL_B: 21개 | 대형:0 중형:9 소형:12
2026-06-30 12:19:56,508 [INFO] __main__ —   → POOL_B: 21개
2026-06-30 12:19:56,508 [INFO] __main__ — ▶ Step 3: 스코어링 (FinBERT 감성 분석)
2026-06-30 12:19:56,508 [INFO] __main__ — NaverClient: 3개 키 로드 (DataLab·검색 독립 회전)
2026-06-30 12:19:56,508 [INFO] __main__ — 텍스트 신규 수집: 21종목 (캐시 적중 0종목)
2026-06-30 12:20:31,783 [INFO] __main__ — 수집 완료: 뉴스 187건 | 공시 150건
2026-06-30 12:20:31,784 [INFO] __main__ — FinBERT 감성 분석 (finbert 모드)...
2026-06-30 12:20:31,784 [INFO] __main__ — FinBERT 로딩: snunlp/KR-FinBert-SC (CPU, batch=8)
2026-06-30 12:20:31,852 [INFO] httpx — HTTP Request: GET https://huggingface.co/api/agent-harnesses "HTTP/1.1 200 OK"
2026-06-30 12:20:31,871 [INFO] httpx — HTTP Request: HEAD https://huggingface.co/snunlp/KR-FinBert-SC/resolve/main/config.json "HTTP/1.1 307 Temporary Redirect"
2026-06-30 12:20:31,872 [WARNING] huggingface_hub.utils._http — Warning: You are sending unauthenticated requests to the HF Hub. Please set a HF_TOKEN to enable higher rate limits and faster downloads.
2026-06-30 12:20:31,877 [INFO] httpx — HTTP Request: HEAD https://huggingface.co/api/resolve-cache/models/snunlp/KR-FinBert-SC/f8586286cc3161fb648e9fee09a456069fd846d0/config.json "HTTP/1.1 200 OK"
2026-06-30 12:20:31,914 [INFO] httpx — HTTP Request: HEAD https://huggingface.co/snunlp/KR-FinBert-SC/resolve/main/model.safetensors "HTTP/1.1 404 Not Found"
2026-06-30 12:20:31,952 [INFO] httpx — HTTP Request: GET https://huggingface.co/api/models/snunlp/KR-FinBert-SC "HTTP/1.1 200 OK"
2026-06-30 12:20:31,996 [INFO] httpx — HTTP Request: GET https://huggingface.co/api/models/snunlp/KR-FinBert-SC/commits/main "HTTP/1.1 200 OK"
2026-06-30 12:20:32,026 [INFO] httpx — HTTP Request: GET https://huggingface.co/api/models/snunlp/KR-FinBert-SC/discussions?p=0 "HTTP/1.1 200 OK"
2026-06-30 12:20:32,045 [INFO] httpx — HTTP Request: GET https://huggingface.co/api/models/snunlp/KR-FinBert-SC/tree/main/additional_chat_templates?recursive=false&expand=false "HTTP/1.1 404 Not Found"
2026-06-30 12:20:32,060 [INFO] httpx — HTTP Request: GET https://huggingface.co/api/models/snunlp/KR-FinBert-SC/commits/refs%2Fpr%2F3 "HTTP/1.1 200 OK"
2026-06-30 12:20:32,066 [INFO] httpx — HTTP Request: GET https://huggingface.co/api/models/snunlp/KR-FinBert-SC/tree/main?recursive=true&expand=false "HTTP/1.1 200 OK"
2026-06-30 12:20:32,085 [INFO] httpx — HTTP Request: HEAD https://huggingface.co/snunlp/KR-FinBert-SC/resolve/refs%2Fpr%2F3/model.safetensors.index.json "HTTP/1.1 404 Not Found"
2026-06-30 12:20:32,102 [INFO] httpx — HTTP Request: HEAD https://huggingface.co/snunlp/KR-FinBert-SC/resolve/main/processor_config.json "HTTP/1.1 404 Not Found"
2026-06-30 12:20:32,116 [INFO] httpx — HTTP Request: HEAD https://huggingface.co/snunlp/KR-FinBert-SC/resolve/refs%2Fpr%2F3/model.safetensors "HTTP/1.1 302 Found"
2026-06-30 12:20:32,117 [INFO] httpx — HTTP Request: HEAD https://huggingface.co/snunlp/KR-FinBert-SC/resolve/main/video_preprocessor_config.json "HTTP/1.1 404 Not Found"
2026-06-30 12:20:32,135 [INFO] httpx — HTTP Request: HEAD https://huggingface.co/snunlp/KR-FinBert-SC/resolve/main/preprocessor_config.json "HTTP/1.1 404 Not Found"
2026-06-30 12:20:32,136 [INFO] __main__ — FinBERT 로드 완료 (CPU)
2026-06-30 12:20:43,981 [INFO] __main__ — Phase A.1: 매핑 신뢰도 < 0.5 → 감성 점수 폐기 18건
2026-06-30 12:20:43,981 [INFO] __main__ — 스코어링: 21개 | 집중:0 | FinBERT:finbert
2026-06-30 12:20:43,997 [INFO] __main__ —   → 21개
2026-06-30 12:20:43,997 [INFO] __main__ — ▶ Step 4: 발송
2026-06-30 12:20:46,994 [WARNING] __main__ — 텔레그램 발송 실패 그룹 → mark_sent skip 4개 (다음 실행 시 재발송 대상)
2026-06-30 12:20:46,995 [INFO] __main__ — DB 기록: 0개 / 전체 to_send 4개
2026-06-30 12:20:46,995 [INFO] __main__ — 발송: 집중 0 / 주시 0
2026-06-30 12:20:46,995 [INFO] __main__ — 완료  |  소요: 1228.2초
