2026-08-03 12:44:35,215 [INFO] __main__ — config 검증 완료 ✓
2026-08-03 12:44:35,215 [INFO] __main__ — ============================================================
2026-08-03 12:44:35,215 [INFO] __main__ — AlphaRadar v3.3.1  |  기준일: 20260803
2026-08-03 12:44:35,215 [INFO] __main__ — S = T×0.3 + S_text×0.4 + D×0.3
2026-08-03 12:44:35,215 [INFO] __main__ — ============================================================
2026-08-03 12:44:35,215 [INFO] __main__ — ▶ Step 0: 유니버스 필터링
2026-08-03 12:44:35,368 [INFO] __main__ — FDR 데이터 수집: 20260128 ~ 20260803
2026-08-03 12:44:37,140 [INFO] __main__ — KOSPI: 943개 | 섹터정보 833개 (DART +833개 보완)
2026-08-03 12:44:37,141 [INFO] __main__ — KOSDAQ: 1820개 | 섹터정보 1820개
2026-08-03 12:44:37,141 [INFO] __main__ — 전체: 2763개
2026-08-03 12:44:39,099 [INFO] __main__ — KIS 토큰 발급 완료
2026-08-03 12:58:44,203 [INFO] __main__ — DART corp_code 매핑: 2131/2188개 (97%)
2026-08-03 12:58:44,203 [INFO] __main__ — 유효 유니버스: 2188개
2026-08-03 12:58:44,215 [INFO] __main__ —   → 2188개
2026-08-03 12:58:44,215 [INFO] __main__ — ▶ Step 1: 신호 탐지
2026-08-03 12:58:44,215 [INFO] __main__ — NaverClient: 3개 키 로드 (DataLab·검색 독립 회전)
2026-08-03 12:58:44,215 [INFO] __main__ — 관심 지수 및 부정 뉴스 비율 조회 중...
2026-08-03 12:59:12,839 [INFO] __main__ — 뉴스 시점 제외 [맥쿼리인프라]: 13건 (>14일/파싱실패)
2026-08-03 12:59:18,106 [INFO] __main__ — 뉴스 시점 제외 [KX하이텍]: 10건 (>14일/파싱실패)
2026-08-03 12:59:31,886 [INFO] __main__ — 뉴스 시점 제외 [화신정공]: 9건 (>14일/파싱실패)
2026-08-03 12:59:34,929 [INFO] __main__ — 뉴스 시점 제외 [동양파일]: 6건 (>14일/파싱실패)
2026-08-03 12:59:41,268 [INFO] __main__ — 뉴스 시점 제외 [HB테크놀러지]: 5건 (>14일/파싱실패)
2026-08-03 12:59:45,456 [INFO] __main__ — 뉴스 시점 제외 [글로벌텍스프리]: 3건 (>14일/파싱실패)
2026-08-03 12:59:56,796 [INFO] __main__ — 뉴스 시점 제외 [한성크린텍]: 15건 (>14일/파싱실패)
2026-08-03 13:00:00,128 [INFO] __main__ — 뉴스 시점 제외 [LS머트리얼즈]: 6건 (>14일/파싱실패)
2026-08-03 13:00:02,243 [INFO] __main__ — 뉴스 시점 제외 [KB스타리츠]: 7건 (>14일/파싱실패)
2026-08-03 13:00:03,358 [INFO] __main__ — 뉴스 시점 제외 [엘브이엠씨홀딩스]: 13건 (>14일/파싱실패)
2026-08-03 13:00:04,445 [INFO] __main__ — 뉴스 시점 제외 [중앙첨단소재]: 6건 (>14일/파싱실패)
2026-08-03 13:00:07,517 [INFO] __main__ — 뉴스 시점 제외 [세미티에스]: 10건 (>14일/파싱실패)
2026-08-03 13:00:09,644 [INFO] __main__ — 뉴스 시점 제외 [HB솔루션]: 7건 (>14일/파싱실패)
2026-08-03 13:00:14,934 [INFO] __main__ — 뉴스 시점 제외 [우리기술투자]: 8건 (>14일/파싱실패)
2026-08-03 13:00:15,950 [INFO] __main__ — 뉴스 시점 제외 [티씨머티리얼즈]: 10건 (>14일/파싱실패)
2026-08-03 13:00:20,108 [INFO] __main__ — 뉴스 시점 제외 [대양금속]: 12건 (>14일/파싱실패)
2026-08-03 13:00:21,225 [INFO] __main__ — 뉴스 시점 제외 [삼성공조]: 9건 (>14일/파싱실패)
2026-08-03 13:00:23,273 [INFO] __main__ — 뉴스 시점 제외 [레이저쎌]: 3건 (>14일/파싱실패)
2026-08-03 13:00:24,322 [INFO] __main__ — 뉴스 시점 제외 [대주산업]: 7건 (>14일/파싱실패)
2026-08-03 13:00:28,562 [INFO] __main__ — 뉴스 시점 제외 [에이치엠넥스]: 7건 (>14일/파싱실패)
2026-08-03 13:00:31,708 [INFO] __main__ — 뉴스 시점 제외 [네오셈]: 7건 (>14일/파싱실패)
2026-08-03 13:00:37,018 [INFO] __main__ — 뉴스 시점 제외 [남화산업]: 9건 (>14일/파싱실패)
2026-08-03 13:00:39,133 [INFO] __main__ — 뉴스 시점 제외 [이수화학]: 7건 (>14일/파싱실패)
2026-08-03 13:00:40,174 [INFO] __main__ — 뉴스 시점 제외 [서부T&D]: 11건 (>14일/파싱실패)
2026-08-03 13:00:42,290 [INFO] __main__ — 뉴스 시점 제외 [성문전자]: 7건 (>14일/파싱실패)
2026-08-03 13:00:48,794 [INFO] __main__ — 뉴스 시점 제외 [송원산업]: 9건 (>14일/파싱실패)
2026-08-03 13:00:51,079 [INFO] __main__ — 뉴스 시점 제외 [태양금속]: 10건 (>14일/파싱실패)
2026-08-03 13:00:55,516 [INFO] __main__ — 뉴스 시점 제외 [에이티넘인베스트]: 15건 (>14일/파싱실패)
2026-08-03 13:00:56,704 [INFO] __main__ — 뉴스 시점 제외 [YG PLUS]: 4건 (>14일/파싱실패)
2026-08-03 13:00:57,752 [INFO] __main__ — 뉴스 시점 제외 [일신석재]: 8건 (>14일/파싱실패)
2026-08-03 13:01:02,227 [INFO] __main__ — 뉴스 시점 제외 [하이드로리튬]: 13건 (>14일/파싱실패)
2026-08-03 13:01:04,283 [INFO] __main__ — 뉴스 시점 제외 [엠에스오토텍]: 12건 (>14일/파싱실패)
2026-08-03 13:01:07,443 [INFO] __main__ — 뉴스 시점 제외 [나우IB]: 9건 (>14일/파싱실패)
2026-08-03 13:01:11,536 [INFO] __main__ — 뉴스 시점 제외 [빅텍]: 7건 (>14일/파싱실패)
2026-08-03 13:01:15,700 [INFO] __main__ — 뉴스 시점 제외 [심텍홀딩스]: 8건 (>14일/파싱실패)
2026-08-03 13:01:18,853 [INFO] __main__ — 뉴스 시점 제외 [대영포장]: 12건 (>14일/파싱실패)
2026-08-03 13:01:20,936 [INFO] __main__ — 뉴스 시점 제외 [에코플라스틱]: 1건 (>14일/파싱실패)
2026-08-03 13:01:21,118 [INFO] __main__ — 뉴스 시점 제외 [비투엔]: 12건 (>14일/파싱실패)
2026-08-03 13:01:24,079 [INFO] __main__ — 뉴스 시점 제외 [미래에셋증권2우B]: 3건 (>14일/파싱실패)
2026-08-03 13:01:27,331 [INFO] __main__ — 뉴스 시점 제외 [키스트론]: 9건 (>14일/파싱실패)
2026-08-03 13:01:31,546 [INFO] __main__ — 뉴스 시점 제외 [서플러스글로벌]: 6건 (>14일/파싱실패)
2026-08-03 13:01:31,608 [INFO] __main__ — 뉴스 시점 제외 [현대지에프홀딩스]: 9건 (>14일/파싱실패)
2026-08-03 13:01:33,530 [INFO] __main__ — 뉴스 시점 제외 [파인엠텍]: 8건 (>14일/파싱실패)
2026-08-03 13:01:34,738 [INFO] __main__ — 뉴스 시점 제외 [티이엠씨]: 4건 (>14일/파싱실패)
2026-08-03 13:01:35,585 [INFO] __main__ — 뉴스 시점 제외 [경인양행]: 1건 (>14일/파싱실패)
2026-08-03 13:01:35,893 [INFO] __main__ — 뉴스 시점 제외 [부국철강]: 11건 (>14일/파싱실패)
2026-08-03 13:01:39,758 [INFO] __main__ — 뉴스 시점 제외 [에스티큐브]: 12건 (>14일/파싱실패)
2026-08-03 13:01:42,131 [INFO] __main__ — 뉴스 시점 제외 [THE E&M]: 10건 (>14일/파싱실패)
2026-08-03 13:01:43,248 [INFO] __main__ — 부정 키워드 감지: 26개 종목 (neg_ratio > 0)
2026-08-03 13:01:43,251 [INFO] __main__ — 수급일수충족·합계음수 제외: 91개
2026-08-03 13:01:49,792 [INFO] __main__ — 뉴스 시점 제외 [오리온홀딩스]: 8건 (>14일/파싱실패)
2026-08-03 13:01:51,141 [INFO] __main__ — 뉴스 시점 제외 [삼성전기우]: 4건 (>14일/파싱실패)
2026-08-03 13:01:53,092 [INFO] __main__ — 뉴스 시점 제외 [쿠쿠홀딩스]: 10건 (>14일/파싱실패)
2026-08-03 13:01:58,022 [INFO] __main__ — 뉴스 시점 제외 [한일홀딩스]: 12건 (>14일/파싱실패)
2026-08-03 13:01:58,276 [INFO] __main__ — 뉴스 시점 제외 [F&F홀딩스]: 6건 (>14일/파싱실패)
2026-08-03 13:01:58,740 [INFO] __main__ — 뉴스 시점 제외 [CJ4우(전환)]: 15건 (>14일/파싱실패)
2026-08-03 13:01:59,324 [INFO] __main__ — 뉴스 시점 제외 [삼성FN리츠]: 10건 (>14일/파싱실패)
2026-08-03 13:01:59,909 [INFO] __main__ — 뉴스 시점 제외 [NH투자증권우]: 14건 (>14일/파싱실패)
2026-08-03 13:02:00,465 [INFO] __main__ — 뉴스 시점 제외 [아모레퍼시픽우]: 11건 (>14일/파싱실패)
2026-08-03 13:02:01,639 [INFO] __main__ — 뉴스 시점 제외 [농심홀딩스]: 8건 (>14일/파싱실패)
2026-08-03 13:02:02,770 [INFO] __main__ — 뉴스 시점 제외 [조광피혁]: 11건 (>14일/파싱실패)
2026-08-03 13:02:03,380 [INFO] __main__ — 뉴스 시점 제외 [KISCO홀딩스]: 1건 (>14일/파싱실패)
2026-08-03 13:02:03,965 [INFO] __main__ — 뉴스 시점 제외 [일진하이솔루스]: 13건 (>14일/파싱실패)
2026-08-03 13:02:05,744 [INFO] __main__ — 뉴스 시점 제외 [명신산업]: 12건 (>14일/파싱실패)
2026-08-03 13:02:06,327 [INFO] __main__ — 뉴스 시점 제외 [현대퓨처넷]: 5건 (>14일/파싱실패)
2026-08-03 13:02:07,527 [INFO] __main__ — 뉴스 시점 제외 [삼성물산우B]: 15건 (>14일/파싱실패)
2026-08-03 13:02:08,680 [INFO] __main__ — 뉴스 시점 제외 [아세아제지]: 5건 (>14일/파싱실패)
2026-08-03 13:02:12,062 [INFO] __main__ — 뉴스 시점 제외 [사조산업]: 5건 (>14일/파싱실패)
2026-08-03 13:02:12,758 [INFO] __main__ — 뉴스 시점 제외 [미원화학]: 12건 (>14일/파싱실패)
2026-08-03 13:02:13,214 [INFO] __main__ — 뉴스 시점 제외 [S-Oil우]: 15건 (>14일/파싱실패)
2026-08-03 13:02:13,802 [INFO] __main__ — 뉴스 시점 제외 [LG생활건강우]: 13건 (>14일/파싱실패)
2026-08-03 13:02:14,506 [INFO] __main__ — 뉴스 시점 제외 [천일고속]: 13건 (>14일/파싱실패)
2026-08-03 13:02:15,026 [INFO] __main__ — 뉴스 시점 제외 [화승엔터프라이즈]: 11건 (>14일/파싱실패)
2026-08-03 13:02:16,221 [INFO] __main__ — 뉴스 시점 제외 [하이트진로홀딩스]: 13건 (>14일/파싱실패)
2026-08-03 13:02:18,407 [INFO] __main__ — 뉴스 시점 제외 [NH올원리츠]: 6건 (>14일/파싱실패)
2026-08-03 13:02:19,750 [INFO] __main__ — 뉴스 시점 제외 [SYTS]: 9건 (>14일/파싱실패)
2026-08-03 13:02:20,340 [INFO] __main__ — 뉴스 시점 제외 [아모레퍼시픽홀딩스3우C]: 14건 (>14일/파싱실패)
2026-08-03 13:02:20,921 [INFO] __main__ — 뉴스 시점 제외 [화승인더]: 12건 (>14일/파싱실패)
2026-08-03 13:02:21,509 [INFO] __main__ — 뉴스 시점 제외 [삼양패키징]: 11건 (>14일/파싱실패)
2026-08-03 13:02:21,513 [INFO] __main__ — 뉴스 시점 제외 [태경산업]: 7건 (>14일/파싱실패)
2026-08-03 13:02:21,864 [INFO] __main__ — 뉴스 시점 제외 [이구산업]: 9건 (>14일/파싱실패)
2026-08-03 13:02:22,435 [INFO] __main__ — 뉴스 시점 제외 [디씨엠]: 13건 (>14일/파싱실패)
2026-08-03 13:02:22,697 [INFO] __main__ — 뉴스 시점 제외 [HDC현대EP]: 9건 (>14일/파싱실패)
2026-08-03 13:02:22,702 [INFO] __main__ — 뉴스 시점 제외 [미원홀딩스]: 12건 (>14일/파싱실패)
2026-08-03 13:02:23,035 [INFO] __main__ — 뉴스 시점 제외 [이지스레지던스리츠]: 11건 (>14일/파싱실패)
2026-08-03 13:02:23,899 [INFO] __main__ — 뉴스 시점 제외 [현대코퍼레이션홀딩스]: 12건 (>14일/파싱실패)
2026-08-03 13:02:24,465 [INFO] __main__ — 뉴스 시점 제외 [대성홀딩스]: 7건 (>14일/파싱실패)
2026-08-03 13:02:24,485 [INFO] __main__ — 뉴스 시점 제외 [조선선재]: 14건 (>14일/파싱실패)
2026-08-03 13:02:24,779 [INFO] __main__ — 뉴스 시점 제외 [한국무브넥스]: 14건 (>14일/파싱실패)
2026-08-03 13:02:25,039 [INFO] __main__ — 뉴스 시점 제외 [태경비케이]: 5건 (>14일/파싱실패)
2026-08-03 13:02:25,665 [INFO] __main__ — 뉴스 시점 제외 [세원정공]: 12건 (>14일/파싱실패)
2026-08-03 13:02:27,933 [INFO] __main__ — 뉴스 시점 제외 [영보화학]: 12건 (>14일/파싱실패)
2026-08-03 13:02:27,963 [INFO] __main__ — 뉴스 시점 제외 [황금에스티]: 10건 (>14일/파싱실패)
2026-08-03 13:02:28,544 [INFO] __main__ — 뉴스 시점 제외 [크라운해태홀딩스]: 7건 (>14일/파싱실패)
2026-08-03 13:02:29,079 [INFO] __main__ — 뉴스 시점 제외 [티와이홀딩스]: 12건 (>14일/파싱실패)
2026-08-03 13:02:29,116 [INFO] __main__ — 뉴스 시점 제외 [아주스틸]: 8건 (>14일/파싱실패)
2026-08-03 13:02:29,569 [INFO] __main__ — 뉴스 시점 제외 [동방아그로]: 10건 (>14일/파싱실패)
2026-08-03 13:02:29,664 [INFO] __main__ — 뉴스 시점 제외 [인지컨트롤스]: 8건 (>14일/파싱실패)
2026-08-03 13:02:30,166 [INFO] __main__ — 뉴스 시점 제외 [한국수출포장]: 15건 (>14일/파싱실패)
2026-08-03 13:02:30,246 [INFO] __main__ — 뉴스 시점 제외 [CS홀딩스]: 13건 (>14일/파싱실패)
2026-08-03 13:02:30,278 [INFO] __main__ — 뉴스 시점 제외 [지엠비코리아]: 11건 (>14일/파싱실패)
2026-08-03 13:02:30,740 [INFO] __main__ — 뉴스 시점 제외 [성창기업지주]: 8건 (>14일/파싱실패)
2026-08-03 13:02:30,827 [INFO] __main__ — 뉴스 시점 제외 [한신기계]: 3건 (>14일/파싱실패)
2026-08-03 13:02:31,313 [INFO] __main__ — 뉴스 시점 제외 [아모레퍼시픽홀딩스우]: 14건 (>14일/파싱실패)
2026-08-03 13:02:32,050 [INFO] __main__ — 뉴스 시점 제외 [삼정펄프]: 15건 (>14일/파싱실패)
2026-08-03 13:02:32,608 [INFO] __main__ — 뉴스 시점 제외 [동원모빌리티]: 3건 (>14일/파싱실패)
2026-08-03 13:02:32,617 [INFO] __main__ — 뉴스 시점 제외 [미래에셋글로벌리츠]: 9건 (>14일/파싱실패)
2026-08-03 13:02:33,194 [INFO] __main__ — 뉴스 시점 제외 [남양유업우]: 13건 (>14일/파싱실패)
2026-08-03 13:02:33,222 [INFO] __main__ — 뉴스 시점 제외 [동양고속]: 12건 (>14일/파싱실패)
2026-08-03 13:02:33,764 [INFO] __main__ — 뉴스 시점 제외 [삼일씨엔에스]: 10건 (>14일/파싱실패)
2026-08-03 13:02:33,804 [INFO] __main__ — 뉴스 시점 제외 [써니전자]: 14건 (>14일/파싱실패)
2026-08-03 13:02:34,213 [INFO] __main__ — 뉴스 시점 제외 [화천기계]: 5건 (>14일/파싱실패)
2026-08-03 13:02:34,799 [INFO] __main__ — 뉴스 시점 제외 [롯데칠성우]: 14건 (>14일/파싱실패)
2026-08-03 13:02:35,483 [INFO] __main__ — 뉴스 시점 제외 [유안타증권우]: 15건 (>14일/파싱실패)
2026-08-03 13:02:36,124 [INFO] __main__ — 뉴스 시점 제외 [현대건설우]: 15건 (>14일/파싱실패)
2026-08-03 13:02:37,079 [INFO] __main__ — 뉴스 시점 제외 [BYC우]: 15건 (>14일/파싱실패)
2026-08-03 13:02:37,216 [INFO] __main__ — 뉴스 시점 제외 [진양산업]: 8건 (>14일/파싱실패)
2026-08-03 13:02:37,886 [INFO] __main__ — 뉴스 시점 제외 [케이비아이동국실업]: 14건 (>14일/파싱실패)
2026-08-03 13:02:38,237 [INFO] __main__ — 뉴스 시점 제외 [SB성보]: 9건 (>14일/파싱실패)
2026-08-03 13:02:38,454 [INFO] __main__ — 뉴스 시점 제외 [SK케미칼우]: 14건 (>14일/파싱실패)
2026-08-03 13:02:39,036 [INFO] __main__ — 뉴스 시점 제외 [DYP]: 13건 (>14일/파싱실패)
2026-08-03 13:02:39,503 [INFO] __main__ — 뉴스 시점 제외 [갤럭시아에스엠]: 10건 (>14일/파싱실패)
2026-08-03 13:02:40,246 [INFO] __main__ — 뉴스 시점 제외 [에쓰씨엔지니어링]: 13건 (>14일/파싱실패)
2026-08-03 13:02:40,659 [INFO] __main__ — 뉴스 시점 제외 [한창제지]: 11건 (>14일/파싱실패)
2026-08-03 13:02:41,155 [INFO] __main__ — 뉴스 시점 제외 [세방우]: 15건 (>14일/파싱실패)
2026-08-03 13:02:41,237 [INFO] __main__ — 뉴스 시점 제외 [DL우]: 15건 (>14일/파싱실패)
2026-08-03 13:02:41,980 [INFO] __main__ — 뉴스 시점 제외 [미래아이앤지]: 9건 (>14일/파싱실패)
2026-08-03 13:02:42,321 [INFO] __main__ — 뉴스 시점 제외 [경인전자]: 9건 (>14일/파싱실패)
2026-08-03 13:02:47,507 [INFO] __main__ — 뉴스 시점 제외 [큐리옥스바이오시스템즈]: 9건 (>14일/파싱실패)
2026-08-03 13:02:56,860 [INFO] __main__ — 뉴스 시점 제외 [지노믹트리]: 4건 (>14일/파싱실패)
2026-08-03 13:02:57,018 [INFO] __main__ — 뉴스 시점 제외 [인화정공]: 8건 (>14일/파싱실패)
2026-08-03 13:03:00,675 [INFO] __main__ — 뉴스 시점 제외 [에이유브랜즈]: 12건 (>14일/파싱실패)
2026-08-03 13:03:02,761 [INFO] __main__ — 뉴스 시점 제외 [피에이치에이]: 11건 (>14일/파싱실패)
2026-08-03 13:03:04,258 [INFO] __main__ — 뉴스 시점 제외 [리파인]: 4건 (>14일/파싱실패)
2026-08-03 13:03:05,825 [INFO] __main__ — 뉴스 시점 제외 [해성산업]: 10건 (>14일/파싱실패)
2026-08-03 13:03:07,403 [INFO] __main__ — 뉴스 시점 제외 [강원에너지]: 5건 (>14일/파싱실패)
2026-08-03 13:03:07,990 [INFO] __main__ — 뉴스 시점 제외 [도우인시스]: 7건 (>14일/파싱실패)
2026-08-03 13:03:08,576 [INFO] __main__ — 뉴스 시점 제외 [베뉴지]: 11건 (>14일/파싱실패)
2026-08-03 13:03:09,457 [INFO] __main__ — 뉴스 시점 제외 [엠로]: 3건 (>14일/파싱실패)
2026-08-03 13:03:11,192 [INFO] __main__ — 뉴스 시점 제외 [BGF에코머티리얼즈]: 14건 (>14일/파싱실패)
2026-08-03 13:03:11,768 [INFO] __main__ — 뉴스 시점 제외 [빅솔론]: 10건 (>14일/파싱실패)
2026-08-03 13:03:13,300 [INFO] __main__ — 뉴스 시점 제외 [대한약품]: 2건 (>14일/파싱실패)
2026-08-03 13:03:15,736 [INFO] __main__ — 뉴스 시점 제외 [유비쿼스홀딩스]: 12건 (>14일/파싱실패)
2026-08-03 13:03:16,959 [INFO] __main__ — 뉴스 시점 제외 [삼미금속]: 6건 (>14일/파싱실패)
2026-08-03 13:03:17,476 [INFO] __main__ — 뉴스 시점 제외 [삼보판지]: 15건 (>14일/파싱실패)
2026-08-03 13:03:17,555 [INFO] __main__ — 뉴스 시점 제외 [현대이지웰]: 8건 (>14일/파싱실패)
2026-08-03 13:03:17,885 [INFO] __main__ — 뉴스 시점 제외 [재영솔루텍]: 11건 (>14일/파싱실패)
2026-08-03 13:03:19,859 [INFO] __main__ — 뉴스 시점 제외 [크레오에스지]: 14건 (>14일/파싱실패)
2026-08-03 13:03:21,596 [INFO] __main__ — 뉴스 시점 제외 [윤성에프앤씨]: 10건 (>14일/파싱실패)
2026-08-03 13:03:22,135 [INFO] __main__ — 뉴스 시점 제외 [KT나스미디어]: 8건 (>14일/파싱실패)
2026-08-03 13:03:22,527 [INFO] __main__ — 뉴스 시점 제외 [이엘씨]: 5건 (>14일/파싱실패)
2026-08-03 13:03:23,911 [INFO] __main__ — 뉴스 시점 제외 [동방메디컬]: 12건 (>14일/파싱실패)
2026-08-03 13:03:26,255 [INFO] __main__ — 뉴스 시점 제외 [풍원정밀]: 11건 (>14일/파싱실패)
2026-08-03 13:03:26,786 [INFO] __main__ — 뉴스 시점 제외 [세경하이테크]: 9건 (>14일/파싱실패)
2026-08-03 13:03:27,152 [INFO] __main__ — 뉴스 시점 제외 [그린리소스]: 5건 (>14일/파싱실패)
2026-08-03 13:03:28,514 [INFO] __main__ — 뉴스 시점 제외 [디에스케이]: 13건 (>14일/파싱실패)
2026-08-03 13:03:29,144 [INFO] __main__ — 뉴스 시점 제외 [대정화금]: 8건 (>14일/파싱실패)
2026-08-03 13:03:30,077 [INFO] __main__ — 뉴스 시점 제외 [바이젠셀]: 6건 (>14일/파싱실패)
2026-08-03 13:03:30,843 [INFO] __main__ — 뉴스 시점 제외 [제이아이테크]: 10건 (>14일/파싱실패)
2026-08-03 13:03:31,460 [INFO] __main__ — 뉴스 시점 제외 [루미르]: 6건 (>14일/파싱실패)
2026-08-03 13:03:31,467 [INFO] __main__ — 뉴스 시점 제외 [하나기술]: 1건 (>14일/파싱실패)
2026-08-03 13:03:32,633 [INFO] __main__ — 뉴스 시점 제외 [탑런토탈솔루션]: 9건 (>14일/파싱실패)
2026-08-03 13:03:32,635 [INFO] __main__ — 뉴스 시점 제외 [오상헬스케어]: 5건 (>14일/파싱실패)
2026-08-03 13:03:32,971 [INFO] __main__ — 뉴스 시점 제외 [동아엘텍]: 12건 (>14일/파싱실패)
2026-08-03 13:03:33,217 [INFO] __main__ — 뉴스 시점 제외 [정상제이엘에스]: 8건 (>14일/파싱실패)
2026-08-03 13:03:33,540 [INFO] __main__ — 뉴스 시점 제외 [아미노로직스]: 11건 (>14일/파싱실패)
2026-08-03 13:03:34,115 [INFO] __main__ — 뉴스 시점 제외 [디와이피엔에프]: 11건 (>14일/파싱실패)
2026-08-03 13:03:35,538 [INFO] __main__ — 뉴스 시점 제외 [창해에탄올]: 10건 (>14일/파싱실패)
2026-08-03 13:03:37,312 [INFO] __main__ — 뉴스 시점 제외 [대림제지]: 9건 (>14일/파싱실패)
2026-08-03 13:03:37,908 [INFO] __main__ — 뉴스 시점 제외 [동국S&C]: 13건 (>14일/파싱실패)
2026-08-03 13:03:38,808 [INFO] __main__ — 뉴스 시점 제외 [한국파마]: 5건 (>14일/파싱실패)
2026-08-03 13:03:40,212 [INFO] __main__ — 뉴스 시점 제외 [선바이오]: 10건 (>14일/파싱실패)
2026-08-03 13:03:40,790 [INFO] __main__ — 뉴스 시점 제외 [이상네트웍스]: 14건 (>14일/파싱실패)
2026-08-03 13:03:40,806 [INFO] __main__ — 뉴스 시점 제외 [삼아제약]: 11건 (>14일/파싱실패)
2026-08-03 13:03:41,681 [INFO] __main__ — 뉴스 시점 제외 [영화테크]: 11건 (>14일/파싱실패)
2026-08-03 13:03:41,960 [INFO] __main__ — 뉴스 시점 제외 [테라뷰]: 14건 (>14일/파싱실패)
2026-08-03 13:03:42,556 [INFO] __main__ — 뉴스 시점 제외 [제이스로보틱스]: 10건 (>14일/파싱실패)
2026-08-03 13:03:43,098 [INFO] __main__ — 뉴스 시점 제외 [현대공업]: 4건 (>14일/파싱실패)
2026-08-03 13:03:43,415 [INFO] __main__ — 뉴스 시점 제외 [엔브이에이치코리아]: 11건 (>14일/파싱실패)
2026-08-03 13:03:43,973 [INFO] __main__ — 뉴스 시점 제외 [아이디피]: 10건 (>14일/파싱실패)
2026-08-03 13:03:44,821 [INFO] __main__ — 뉴스 시점 제외 [양지사]: 14건 (>14일/파싱실패)
2026-08-03 13:03:45,994 [INFO] __main__ — 뉴스 시점 제외 [새빗켐]: 9건 (>14일/파싱실패)
2026-08-03 13:03:47,298 [INFO] __main__ — 뉴스 시점 제외 [팬젠]: 5건 (>14일/파싱실패)
2026-08-03 13:03:47,470 [INFO] __main__ — 뉴스 시점 제외 [동일금속]: 11건 (>14일/파싱실패)
2026-08-03 13:03:47,881 [INFO] __main__ — 뉴스 시점 제외 [블랙야크아이앤씨]: 11건 (>14일/파싱실패)
2026-08-03 13:03:48,057 [INFO] __main__ — 뉴스 시점 제외 [쿼드메디슨]: 9건 (>14일/파싱실패)
2026-08-03 13:03:48,313 [INFO] __main__ — 뉴스 시점 제외 [지구홀딩스]: 9건 (>14일/파싱실패)
2026-08-03 13:03:48,476 [INFO] __main__ — 뉴스 시점 제외 [한일단조]: 11건 (>14일/파싱실패)
2026-08-03 13:03:48,894 [INFO] __main__ — 뉴스 시점 제외 [잉크테크]: 7건 (>14일/파싱실패)
2026-08-03 13:03:49,662 [INFO] __main__ — 뉴스 시점 제외 [APS이노베이션]: 10건 (>14일/파싱실패)
2026-08-03 13:03:50,240 [INFO] __main__ — 뉴스 시점 제외 [앤디포스]: 10건 (>14일/파싱실패)
2026-08-03 13:03:50,813 [INFO] __main__ — 뉴스 시점 제외 [프로티아]: 11건 (>14일/파싱실패)
2026-08-03 13:03:51,228 [INFO] __main__ — 뉴스 시점 제외 [케이엘넷]: 10건 (>14일/파싱실패)
2026-08-03 13:03:51,527 [INFO] __main__ — 뉴스 시점 제외 [특수건설]: 9건 (>14일/파싱실패)
2026-08-03 13:03:52,108 [INFO] __main__ — 뉴스 시점 제외 [아이티센엔텍]: 8건 (>14일/파싱실패)
2026-08-03 13:03:52,384 [INFO] __main__ — 뉴스 시점 제외 [푸드웰]: 15건 (>14일/파싱실패)
2026-08-03 13:03:53,844 [INFO] __main__ — 뉴스 시점 제외 [페스카로]: 11건 (>14일/파싱실패)
2026-08-03 13:03:53,859 [INFO] __main__ — 뉴스 시점 제외 [에이에스텍]: 11건 (>14일/파싱실패)
2026-08-03 13:03:54,421 [INFO] __main__ — 뉴스 시점 제외 [제이엔케이글로벌]: 8건 (>14일/파싱실패)
2026-08-03 13:03:54,439 [INFO] __main__ — 뉴스 시점 제외 [팬스타엔터프라이즈]: 6건 (>14일/파싱실패)
2026-08-03 13:03:55,019 [INFO] __main__ — 뉴스 시점 제외 [셀바이오휴먼텍]: 13건 (>14일/파싱실패)
2026-08-03 13:03:55,610 [INFO] __main__ — 뉴스 시점 제외 [웨이브일렉트로]: 7건 (>14일/파싱실패)
2026-08-03 13:03:56,184 [INFO] __main__ — 뉴스 시점 제외 [토탈소프트]: 13건 (>14일/파싱실패)
2026-08-03 13:03:57,539 [INFO] __main__ — 뉴스 시점 제외 [스마트레이더시스템]: 10건 (>14일/파싱실패)
2026-08-03 13:03:58,753 [INFO] __main__ — 뉴스 시점 제외 [디와이디]: 7건 (>14일/파싱실패)
2026-08-03 13:03:58,773 [INFO] __main__ — 뉴스 시점 제외 [삼양케이씨아이]: 13건 (>14일/파싱실패)
2026-08-03 13:03:59,360 [INFO] __main__ — 뉴스 시점 제외 [에스엠씨지]: 11건 (>14일/파싱실패)
2026-08-03 13:03:59,361 [INFO] __main__ — 뉴스 시점 제외 [한국선재]: 8건 (>14일/파싱실패)
2026-08-03 13:03:59,960 [INFO] __main__ — 뉴스 시점 제외 [엠투엔]: 12건 (>14일/파싱실패)
2026-08-03 13:04:00,552 [INFO] __main__ — 뉴스 시점 제외 [피엔케이피부임상연구센타]: 4건 (>14일/파싱실패)
2026-08-03 13:04:01,998 [INFO] __main__ — 뉴스 시점 제외 [엑스큐어]: 11건 (>14일/파싱실패)
2026-08-03 13:04:03,115 [INFO] __main__ — 뉴스 시점 제외 [제이엠티]: 9건 (>14일/파싱실패)
2026-08-03 13:04:03,136 [INFO] __main__ — 뉴스 시점 제외 [지에스이]: 8건 (>14일/파싱실패)
2026-08-03 13:04:03,177 [INFO] __main__ — 뉴스 시점 제외 [경남스틸]: 7건 (>14일/파싱실패)
2026-08-03 13:04:03,761 [INFO] __main__ — 뉴스 시점 제외 [홈캐스트]: 10건 (>14일/파싱실패)
2026-08-03 13:04:04,272 [INFO] __main__ — 뉴스 시점 제외 [아셈스]: 12건 (>14일/파싱실패)
2026-08-03 13:04:05,036 [INFO] __main__ — 뉴스 시점 제외 [경창산업]: 12건 (>14일/파싱실패)
2026-08-03 13:04:05,643 [INFO] __main__ — 뉴스 시점 제외 [오상자이엘]: 5건 (>14일/파싱실패)
2026-08-03 13:04:06,216 [INFO] __main__ — 뉴스 시점 제외 [삼진식품]: 13건 (>14일/파싱실패)
2026-08-03 13:04:06,357 [INFO] __main__ — 뉴스 시점 제외 [YW]: 15건 (>14일/파싱실패)
2026-08-03 13:04:06,651 [INFO] __main__ — 뉴스 시점 제외 [네오이뮨텍]: 10건 (>14일/파싱실패)
2026-08-03 13:04:07,500 [INFO] __main__ — 뉴스 시점 제외 [HB인베스트먼트]: 10건 (>14일/파싱실패)
2026-08-03 13:04:08,112 [INFO] __main__ — 뉴스 시점 제외 [흥국에프엔비]: 6건 (>14일/파싱실패)
2026-08-03 13:04:08,417 [INFO] __main__ — 뉴스 시점 제외 [아이엠비디엑스]: 8건 (>14일/파싱실패)
2026-08-03 13:04:09,574 [INFO] __main__ — 뉴스 시점 제외 [오비고]: 9건 (>14일/파싱실패)
2026-08-03 13:04:09,854 [INFO] __main__ — 뉴스 시점 제외 [윈팩]: 9건 (>14일/파싱실패)
2026-08-03 13:04:10,419 [INFO] __main__ — 뉴스 시점 제외 [신화인터텍]: 11건 (>14일/파싱실패)
2026-08-03 13:04:10,442 [INFO] __main__ — 뉴스 시점 제외 [디케이앤디]: 14건 (>14일/파싱실패)
2026-08-03 13:04:11,014 [INFO] __main__ — 뉴스 시점 제외 [린드먼아시아]: 15건 (>14일/파싱실패)
2026-08-03 13:04:11,611 [INFO] __main__ — 뉴스 시점 제외 [코아시아씨엠]: 12건 (>14일/파싱실패)
2026-08-03 13:04:12,195 [INFO] __main__ — 뉴스 시점 제외 [디에이피]: 10건 (>14일/파싱실패)
2026-08-03 13:04:12,781 [INFO] __main__ — 뉴스 시점 제외 [원바이오젠]: 11건 (>14일/파싱실패)
2026-08-03 13:04:12,782 [INFO] __main__ — 뉴스 시점 제외 [램테크놀러지]: 5건 (>14일/파싱실패)
2026-08-03 13:04:13,053 [INFO] __main__ — 뉴스 시점 제외 [링크제니시스]: 5건 (>14일/파싱실패)
2026-08-03 13:04:13,358 [INFO] __main__ — 뉴스 시점 제외 [서진오토모티브]: 11건 (>14일/파싱실패)
2026-08-03 13:04:13,635 [INFO] __main__ — 뉴스 시점 제외 [엔투텍]: 10건 (>14일/파싱실패)
2026-08-03 13:04:14,218 [INFO] __main__ — 뉴스 시점 제외 [이글벳]: 10건 (>14일/파싱실패)
2026-08-03 13:04:14,535 [INFO] __main__ — 뉴스 시점 제외 [아세아텍]: 10건 (>14일/파싱실패)
2026-08-03 13:04:14,812 [INFO] __main__ — 뉴스 시점 제외 [포스뱅크]: 13건 (>14일/파싱실패)
2026-08-03 13:04:15,150 [INFO] __main__ — 뉴스 시점 제외 [효성오앤비]: 11건 (>14일/파싱실패)
2026-08-03 13:04:15,728 [INFO] __main__ — 뉴스 시점 제외 [크리스탈신소재]: 9건 (>14일/파싱실패)
2026-08-03 13:04:15,733 [INFO] __main__ — 뉴스 시점 제외 [이엠넷]: 11건 (>14일/파싱실패)
2026-08-03 13:04:16,306 [INFO] __main__ — 뉴스 시점 제외 [백금T&A]: 7건 (>14일/파싱실패)
2026-08-03 13:04:16,309 [INFO] __main__ — 뉴스 시점 제외 [씨앤투스]: 11건 (>14일/파싱실패)
2026-08-03 13:04:16,910 [INFO] __main__ — 뉴스 시점 제외 [보라티알]: 14건 (>14일/파싱실패)
2026-08-03 13:04:17,481 [INFO] __main__ — 뉴스 시점 제외 [쓰리에이로직스]: 10건 (>14일/파싱실패)
2026-08-03 13:04:17,486 [INFO] __main__ — 뉴스 시점 제외 [씨큐브]: 10건 (>14일/파싱실패)
2026-08-03 13:04:18,643 [INFO] __main__ — 뉴스 시점 제외 [바이오톡스텍]: 12건 (>14일/파싱실패)
2026-08-03 13:04:18,841 [INFO] __main__ — 뉴스 시점 제외 [피엔에이치테크]: 14건 (>14일/파싱실패)
2026-08-03 13:04:19,234 [INFO] __main__ — 뉴스 시점 제외 [에이아이코리아]: 9건 (>14일/파싱실패)
2026-08-03 13:04:19,812 [INFO] __main__ — 뉴스 시점 제외 [모헨즈]: 13건 (>14일/파싱실패)
2026-08-03 13:04:20,576 [INFO] __main__ — 뉴스 시점 제외 [화인써키트]: 10건 (>14일/파싱실패)
2026-08-03 13:04:20,995 [INFO] __main__ — 뉴스 시점 제외 [스튜디오미르]: 5건 (>14일/파싱실패)
2026-08-03 13:04:21,569 [INFO] __main__ — 뉴스 시점 제외 [티케이지애강]: 2건 (>14일/파싱실패)
2026-08-03 13:04:21,585 [INFO] __main__ — 뉴스 시점 제외 [비비씨]: 8건 (>14일/파싱실패)
2026-08-03 13:04:22,326 [INFO] __main__ — 뉴스 시점 제외 [아이퀘스트]: 10건 (>14일/파싱실패)
2026-08-03 13:04:22,858 [INFO] __main__ — POOL_A 후보 부정뉴스 2차 조회: 803개
2026-08-03 13:04:22,862 [INFO] __main__ — POOL_A: 1042개 (A:1038 B:2 동시:2) | 부정게이트 제외:12
  대형:42 중형:165 소형:835
2026-08-03 13:04:22,868 [INFO] __main__ —   → POOL_A: 1042개
2026-08-03 13:04:22,868 [INFO] __main__ — ▶ Step 2: 하드 필터링
2026-08-03 13:04:22,869 [INFO] __main__ — 하드 필터 제거: 1039개 | 과열배제 35 | 이격도상한 8 | 이격도하한 176 | MA추세 781 | RSI과열 1 | 거래대금 38
2026-08-03 13:04:22,872 [INFO] __main__ — 과열 gated 기록: 35개 → gated_tickers
2026-08-03 13:04:22,872 [INFO] __main__ — POOL_B: 3개 | 대형:0 중형:3 소형:0
2026-08-03 13:04:22,872 [INFO] __main__ —   → POOL_B: 3개
2026-08-03 13:04:22,872 [INFO] __main__ — ▶ Step 3: 스코어링 (FinBERT 감성 분석)
2026-08-03 13:04:22,872 [INFO] __main__ — NaverClient: 3개 키 로드 (DataLab·검색 독립 회전)
2026-08-03 13:04:22,872 [INFO] __main__ — 텍스트 신규 수집: 3종목 (캐시 적중 0종목)
2026-08-03 13:04:26,836 [INFO] __main__ — 수집 완료: 뉴스 30건 | 공시 8건
2026-08-03 13:04:26,836 [INFO] __main__ — FinBERT 감성 분석 (finbert 모드)...
2026-08-03 13:04:26,836 [INFO] __main__ — FinBERT 로딩: snunlp/KR-FinBert-SC (CPU, batch=8)
2026-08-03 13:04:26,931 [INFO] httpx — HTTP Request: GET https://huggingface.co/api/agent-harnesses "HTTP/1.1 200 OK"
2026-08-03 13:04:26,999 [INFO] httpx — HTTP Request: HEAD https://huggingface.co/snunlp/KR-FinBert-SC/resolve/main/config.json "HTTP/1.1 307 Temporary Redirect"
2026-08-03 13:04:27,000 [WARNING] huggingface_hub.utils._http — Warning: You are sending unauthenticated requests to the HF Hub. Please set a HF_TOKEN to enable higher rate limits and faster downloads.
2026-08-03 13:04:27,006 [INFO] httpx — HTTP Request: HEAD https://huggingface.co/api/resolve-cache/models/snunlp/KR-FinBert-SC/f8586286cc3161fb648e9fee09a456069fd846d0/config.json "HTTP/1.1 200 OK"
2026-08-03 13:04:27,096 [INFO] httpx — HTTP Request: HEAD https://huggingface.co/snunlp/KR-FinBert-SC/resolve/main/model.safetensors "HTTP/1.1 404 Not Found"
2026-08-03 13:04:27,167 [INFO] httpx — HTTP Request: GET https://huggingface.co/api/models/snunlp/KR-FinBert-SC "HTTP/1.1 200 OK"
2026-08-03 13:04:27,282 [INFO] httpx — HTTP Request: GET https://huggingface.co/api/models/snunlp/KR-FinBert-SC/commits/main "HTTP/1.1 200 OK"
2026-08-03 13:04:27,321 [INFO] httpx — HTTP Request: GET https://huggingface.co/api/models/snunlp/KR-FinBert-SC/tree/main/additional_chat_templates?recursive=false&expand=false "HTTP/1.1 404 Not Found"
2026-08-03 13:04:27,362 [INFO] httpx — HTTP Request: GET https://huggingface.co/api/models/snunlp/KR-FinBert-SC/discussions?p=0 "HTTP/1.1 200 OK"
2026-08-03 13:04:27,392 [INFO] httpx — HTTP Request: GET https://huggingface.co/api/models/snunlp/KR-FinBert-SC/tree/main?recursive=true&expand=false "HTTP/1.1 200 OK"
2026-08-03 13:04:27,449 [INFO] httpx — HTTP Request: GET https://huggingface.co/api/models/snunlp/KR-FinBert-SC/commits/refs%2Fpr%2F3 "HTTP/1.1 200 OK"
2026-08-03 13:04:27,483 [INFO] httpx — HTTP Request: HEAD https://huggingface.co/snunlp/KR-FinBert-SC/resolve/main/processor_config.json "HTTP/1.1 404 Not Found"
2026-08-03 13:04:27,521 [INFO] httpx — HTTP Request: HEAD https://huggingface.co/snunlp/KR-FinBert-SC/resolve/refs%2Fpr%2F3/model.safetensors.index.json "HTTP/1.1 404 Not Found"
2026-08-03 13:04:27,553 [INFO] httpx — HTTP Request: HEAD https://huggingface.co/snunlp/KR-FinBert-SC/resolve/main/video_preprocessor_config.json "HTTP/1.1 404 Not Found"
2026-08-03 13:04:27,593 [INFO] httpx — HTTP Request: HEAD https://huggingface.co/snunlp/KR-FinBert-SC/resolve/refs%2Fpr%2F3/model.safetensors "HTTP/1.1 302 Found"
2026-08-03 13:04:27,623 [INFO] httpx — HTTP Request: HEAD https://huggingface.co/snunlp/KR-FinBert-SC/resolve/main/preprocessor_config.json "HTTP/1.1 404 Not Found"
2026-08-03 13:04:27,625 [INFO] __main__ — FinBERT 로드 완료 (CPU)
2026-08-03 13:04:28,054 [INFO] __main__ — Phase A.1: 매핑 신뢰도 < 0.5 → 감성 점수 폐기 3건
2026-08-03 13:04:28,054 [INFO] __main__ — 스코어링: 3개 | 집중:0 | FinBERT:finbert
2026-08-03 13:04:28,069 [INFO] __main__ —   → 3개
2026-08-03 13:04:28,069 [INFO] __main__ — ▶ Step 4: 발송
2026-08-03 13:04:31,113 [INFO] __main__ — DB 기록: 0개 / 전체 to_send 0개
2026-08-03 13:04:31,114 [INFO] __main__ — 발송: 집중 0 / 주시 0
2026-08-03 13:04:31,114 [INFO] __main__ — 완료  |  소요: 1195.9초
