2026-07-23 11:28:42,556 [INFO] __main__ — config 검증 완료 ✓
2026-07-23 11:28:42,556 [INFO] __main__ — ============================================================
2026-07-23 11:28:42,556 [INFO] __main__ — AlphaRadar v3.3.1  |  기준일: 20260723
2026-07-23 11:28:42,556 [INFO] __main__ — S = T×0.3 + S_text×0.4 + D×0.3
2026-07-23 11:28:42,556 [INFO] __main__ — ============================================================
2026-07-23 11:28:42,556 [INFO] __main__ — ▶ Step 0: 유니버스 필터링
2026-07-23 11:28:42,706 [INFO] __main__ — FDR 데이터 수집: 20260117 ~ 20260723
2026-07-23 11:28:44,049 [INFO] __main__ — KOSPI: 943개 | 섹터정보 833개 (DART +833개 보완)
2026-07-23 11:28:44,050 [INFO] __main__ — KOSDAQ: 1821개 | 섹터정보 1821개
2026-07-23 11:28:44,050 [INFO] __main__ — 전체: 2764개
2026-07-23 11:28:45,891 [INFO] __main__ — KIS 토큰 발급 완료
2026-07-23 11:42:35,951 [INFO] __main__ — DART corp_code 매핑: 2160/2213개 (97%)
2026-07-23 11:42:35,951 [INFO] __main__ — 유효 유니버스: 2213개
2026-07-23 11:42:35,962 [INFO] __main__ —   → 2213개
2026-07-23 11:42:35,962 [INFO] __main__ — ▶ Step 1: 신호 탐지
2026-07-23 11:42:35,962 [INFO] __main__ — NaverClient: 3개 키 로드 (DataLab·검색 독립 회전)
2026-07-23 11:42:35,962 [INFO] __main__ — 관심 지수 및 부정 뉴스 비율 조회 중...
2026-07-23 11:42:57,110 [INFO] __main__ — 뉴스 시점 제외 [삼기에너지솔루션즈]: 5건 (>14일/파싱실패)
2026-07-23 11:43:17,578 [INFO] __main__ — 뉴스 시점 제외 [남선알미늄]: 2건 (>14일/파싱실패)
2026-07-23 11:43:23,732 [INFO] __main__ — 뉴스 시점 제외 [맥쿼리인프라]: 8건 (>14일/파싱실패)
2026-07-23 11:43:27,813 [INFO] __main__ — 뉴스 시점 제외 [한성크린텍]: 9건 (>14일/파싱실패)
2026-07-23 11:43:31,924 [INFO] __main__ — 뉴스 시점 제외 [에이팩트]: 5건 (>14일/파싱실패)
2026-07-23 11:43:32,139 [INFO] __main__ — 뉴스 시점 제외 [중앙첨단소재]: 9건 (>14일/파싱실패)
2026-07-23 11:43:33,172 [INFO] __main__ — 뉴스 시점 제외 [멤레이비티]: 7건 (>14일/파싱실패)
2026-07-23 11:43:37,090 [INFO] __main__ — 뉴스 시점 제외 [솔디펜스]: 10건 (>14일/파싱실패)
2026-07-23 11:43:37,562 [INFO] __main__ — 뉴스 시점 제외 [하이드로리튬]: 14건 (>14일/파싱실패)
2026-07-23 11:43:39,191 [INFO] __main__ — 뉴스 시점 제외 [태양금속]: 13건 (>14일/파싱실패)
2026-07-23 11:43:39,913 [INFO] __main__ — 뉴스 시점 제외 [GRT]: 5건 (>14일/파싱실패)
2026-07-23 11:43:42,399 [INFO] __main__ — 뉴스 시점 제외 [KBI동양철관]: 8건 (>14일/파싱실패)
2026-07-23 11:43:48,990 [INFO] __main__ — 뉴스 시점 제외 [에코플라스틱]: 7건 (>14일/파싱실패)
2026-07-23 11:43:53,557 [INFO] __main__ — 뉴스 시점 제외 [이수화학]: 9건 (>14일/파싱실패)
2026-07-23 11:43:55,385 [INFO] __main__ — 뉴스 시점 제외 [LS머트리얼즈]: 5건 (>14일/파싱실패)
2026-07-23 11:43:55,566 [INFO] __main__ — 뉴스 시점 제외 [대영포장]: 15건 (>14일/파싱실패)
2026-07-23 11:43:58,676 [INFO] __main__ — 뉴스 시점 제외 [글로벌텍스프리]: 8건 (>14일/파싱실패)
2026-07-23 11:43:59,438 [INFO] __main__ — 뉴스 시점 제외 [세미티에스]: 10건 (>14일/파싱실패)
2026-07-23 11:44:02,884 [INFO] __main__ — 뉴스 시점 제외 [아미코젠]: 8건 (>14일/파싱실패)
2026-07-23 11:44:04,867 [INFO] __main__ — 뉴스 시점 제외 [성문전자]: 10건 (>14일/파싱실패)
2026-07-23 11:44:05,874 [INFO] __main__ — 뉴스 시점 제외 [엘브이엠씨홀딩스]: 14건 (>14일/파싱실패)
2026-07-23 11:44:08,041 [INFO] __main__ — 뉴스 시점 제외 [양지사]: 13건 (>14일/파싱실패)
2026-07-23 11:44:12,020 [INFO] __main__ — 뉴스 시점 제외 [엑스큐어]: 10건 (>14일/파싱실패)
2026-07-23 11:44:12,152 [INFO] __main__ — 뉴스 시점 제외 [KB스타리츠]: 12건 (>14일/파싱실패)
2026-07-23 11:44:15,281 [INFO] __main__ — 뉴스 시점 제외 [한국팩키지]: 7건 (>14일/파싱실패)
2026-07-23 11:44:16,315 [INFO] __main__ — 뉴스 시점 제외 [일신석재]: 9건 (>14일/파싱실패)
2026-07-23 11:44:20,478 [INFO] __main__ — 뉴스 시점 제외 [정원엔시스]: 10건 (>14일/파싱실패)
2026-07-23 11:44:25,669 [INFO] __main__ — 뉴스 시점 제외 [티씨머티리얼즈]: 10건 (>14일/파싱실패)
2026-07-23 11:44:26,539 [INFO] __main__ — 뉴스 시점 제외 [청담글로벌]: 7건 (>14일/파싱실패)
2026-07-23 11:44:27,549 [INFO] __main__ — 뉴스 시점 제외 [대아티아이]: 6건 (>14일/파싱실패)
2026-07-23 11:44:29,755 [INFO] __main__ — 뉴스 시점 제외 [휴스틸]: 4건 (>14일/파싱실패)
2026-07-23 11:44:29,784 [INFO] __main__ — 뉴스 시점 제외 [디와이에이]: 4건 (>14일/파싱실패)
2026-07-23 11:44:30,653 [INFO] __main__ — 뉴스 시점 제외 [키스트론]: 11건 (>14일/파싱실패)
2026-07-23 11:44:31,664 [INFO] __main__ — 뉴스 시점 제외 [부국철강]: 12건 (>14일/파싱실패)
2026-07-23 11:44:32,701 [INFO] __main__ — 뉴스 시점 제외 [시너지이노베이션]: 14건 (>14일/파싱실패)
2026-07-23 11:44:33,865 [INFO] __main__ — 뉴스 시점 제외 [서부T&D]: 2건 (>14일/파싱실패)
2026-07-23 11:44:34,784 [INFO] __main__ — 뉴스 시점 제외 [우리기술투자]: 9건 (>14일/파싱실패)
2026-07-23 11:44:42,295 [INFO] __main__ — 뉴스 시점 제외 [아남전자]: 11건 (>14일/파싱실패)
2026-07-23 11:44:45,427 [INFO] __main__ — 뉴스 시점 제외 [셀리드]: 9건 (>14일/파싱실패)
2026-07-23 11:44:45,478 [INFO] __main__ — 뉴스 시점 제외 [알루코]: 4건 (>14일/파싱실패)
2026-07-23 11:44:48,974 [INFO] __main__ — 뉴스 시점 제외 [빅텍]: 3건 (>14일/파싱실패)
2026-07-23 11:44:48,984 [INFO] __main__ — 뉴스 시점 제외 [HB솔루션]: 12건 (>14일/파싱실패)
2026-07-23 11:44:50,147 [INFO] __main__ — 뉴스 시점 제외 [갤럭시아에스엠]: 13건 (>14일/파싱실패)
2026-07-23 11:44:52,629 [INFO] __main__ — 뉴스 시점 제외 [비투엔]: 13건 (>14일/파싱실패)
2026-07-23 11:44:54,797 [INFO] __main__ — 뉴스 시점 제외 [에스와이스틸텍]: 8건 (>14일/파싱실패)
2026-07-23 11:44:58,048 [INFO] __main__ — 뉴스 시점 제외 [에이치엠넥스]: 8건 (>14일/파싱실패)
2026-07-23 11:45:06,663 [INFO] __main__ — 뉴스 시점 제외 [한일철강]: 11건 (>14일/파싱실패)
2026-07-23 11:45:07,109 [INFO] __main__ — 뉴스 시점 제외 [수산세보틱스]: 6건 (>14일/파싱실패)
2026-07-23 11:45:08,133 [INFO] __main__ — 뉴스 시점 제외 [더즌]: 6건 (>14일/파싱실패)
2026-07-23 11:45:09,145 [INFO] __main__ — 뉴스 시점 제외 [미래에셋증권2우B]: 10건 (>14일/파싱실패)
2026-07-23 11:45:10,787 [INFO] __main__ — 뉴스 시점 제외 [이리츠코크렙]: 8건 (>14일/파싱실패)
2026-07-23 11:45:11,807 [INFO] __main__ — 뉴스 시점 제외 [코람코더원리츠]: 3건 (>14일/파싱실패)
2026-07-23 11:45:14,265 [INFO] __main__ — 뉴스 시점 제외 [티케이케미칼]: 6건 (>14일/파싱실패)
2026-07-23 11:45:17,258 [INFO] __main__ — 뉴스 시점 제외 [덕신이피씨]: 14건 (>14일/파싱실패)
2026-07-23 11:45:17,336 [INFO] __main__ — 뉴스 시점 제외 [신화프리텍]: 9건 (>14일/파싱실패)
2026-07-23 11:45:19,029 [INFO] __main__ — 뉴스 시점 제외 [원익피앤이]: 4건 (>14일/파싱실패)
2026-07-23 11:45:20,416 [INFO] __main__ — 뉴스 시점 제외 [SK리츠]: 8건 (>14일/파싱실패)
2026-07-23 11:45:21,070 [INFO] __main__ — 뉴스 시점 제외 [오리엔트정공]: 11건 (>14일/파싱실패)
2026-07-23 11:45:22,458 [INFO] __main__ — 뉴스 시점 제외 [대양금속]: 13건 (>14일/파싱실패)
2026-07-23 11:45:23,471 [INFO] __main__ — 뉴스 시점 제외 [에이티넘인베스트]: 13건 (>14일/파싱실패)
2026-07-23 11:45:26,869 [INFO] __main__ — 뉴스 시점 제외 [파라텍]: 12건 (>14일/파싱실패)
2026-07-23 11:45:27,517 [INFO] __main__ — 뉴스 시점 제외 [HS애드]: 3건 (>14일/파싱실패)
2026-07-23 11:45:27,878 [INFO] __main__ — 뉴스 시점 제외 [디앤디플랫폼리츠]: 11건 (>14일/파싱실패)
2026-07-23 11:45:30,538 [INFO] __main__ — 뉴스 시점 제외 [지앤비에스 에코]: 2건 (>14일/파싱실패)
2026-07-23 11:45:31,249 [INFO] __main__ — 뉴스 시점 제외 [대신정보통신]: 7건 (>14일/파싱실패)
2026-07-23 11:45:33,020 [INFO] __main__ — 부정 키워드 감지: 31개 종목 (neg_ratio > 0)
2026-07-23 11:45:33,024 [INFO] __main__ — 수급일수충족·합계음수 제외: 115개
2026-07-23 11:45:37,004 [INFO] __main__ — 뉴스 시점 제외 [현대차우]: 13건 (>14일/파싱실패)
2026-07-23 11:45:42,587 [INFO] __main__ — 뉴스 시점 제외 [두산우]: 14건 (>14일/파싱실패)
2026-07-23 11:45:45,074 [INFO] __main__ — 뉴스 시점 제외 [LG전자우]: 7건 (>14일/파싱실패)
2026-07-23 11:45:46,756 [INFO] __main__ — 뉴스 시점 제외 [쿠쿠홀딩스]: 8건 (>14일/파싱실패)
2026-07-23 11:45:47,326 [INFO] __main__ — 뉴스 시점 제외 [한국단자]: 9건 (>14일/파싱실패)
2026-07-23 11:45:47,807 [INFO] __main__ — 뉴스 시점 제외 [한화3우B]: 15건 (>14일/파싱실패)
2026-07-23 11:45:47,895 [INFO] __main__ — 뉴스 시점 제외 [신한알파리츠]: 14건 (>14일/파싱실패)
2026-07-23 11:45:48,455 [INFO] __main__ — 뉴스 시점 제외 [맵스리얼티]: 15건 (>14일/파싱실패)
2026-07-23 11:45:49,613 [INFO] __main__ — 뉴스 시점 제외 [동원시스템즈]: 6건 (>14일/파싱실패)
2026-07-23 11:45:49,884 [INFO] __main__ — 뉴스 시점 제외 [삼성FN리츠]: 8건 (>14일/파싱실패)
2026-07-23 11:45:50,448 [INFO] __main__ — 뉴스 시점 제외 [세아홀딩스]: 2건 (>14일/파싱실패)
2026-07-23 11:45:50,957 [INFO] __main__ — 뉴스 시점 제외 [현대차3우B]: 15건 (>14일/파싱실패)
2026-07-23 11:45:51,527 [INFO] __main__ — 뉴스 시점 제외 [조광피혁]: 10건 (>14일/파싱실패)
2026-07-23 11:45:52,221 [INFO] __main__ — 뉴스 시점 제외 [아모레퍼시픽우]: 9건 (>14일/파싱실패)
2026-07-23 11:45:52,241 [INFO] __main__ — 뉴스 시점 제외 [신도리코]: 9건 (>14일/파싱실패)
2026-07-23 11:45:53,640 [INFO] __main__ — 뉴스 시점 제외 [KPX홀딩스]: 12건 (>14일/파싱실패)
2026-07-23 11:45:53,941 [INFO] __main__ — 뉴스 시점 제외 [국도화학]: 7건 (>14일/파싱실패)
2026-07-23 11:45:55,651 [INFO] __main__ — 뉴스 시점 제외 [현대퓨처넷]: 11건 (>14일/파싱실패)
2026-07-23 11:45:55,770 [INFO] __main__ — 뉴스 시점 제외 [송원산업]: 8건 (>14일/파싱실패)
2026-07-23 11:45:56,235 [INFO] __main__ — 뉴스 시점 제외 [삼성물산우B]: 15건 (>14일/파싱실패)
2026-07-23 11:45:56,333 [INFO] __main__ — 뉴스 시점 제외 [서연이화]: 3건 (>14일/파싱실패)
2026-07-23 11:45:57,522 [INFO] __main__ — 뉴스 시점 제외 [S-Oil우]: 13건 (>14일/파싱실패)
2026-07-23 11:45:58,103 [INFO] __main__ — 뉴스 시점 제외 [포스코스틸리온]: 4건 (>14일/파싱실패)
2026-07-23 11:45:59,104 [INFO] __main__ — 뉴스 시점 제외 [이지스밸류플러스리츠]: 12건 (>14일/파싱실패)
2026-07-23 11:45:59,427 [INFO] __main__ — 뉴스 시점 제외 [신한서부티엔디리츠]: 11건 (>14일/파싱실패)
2026-07-23 11:46:00,281 [INFO] __main__ — 뉴스 시점 제외 [KPX케미칼]: 11건 (>14일/파싱실패)
2026-07-23 11:46:00,393 [INFO] __main__ — 뉴스 시점 제외 [모토닉]: 14건 (>14일/파싱실패)
2026-07-23 11:46:00,585 [INFO] __main__ — 뉴스 시점 제외 [LG생활건강우]: 14건 (>14일/파싱실패)
2026-07-23 11:46:00,842 [INFO] __main__ — 뉴스 시점 제외 [YG PLUS]: 9건 (>14일/파싱실패)
2026-07-23 11:46:02,024 [INFO] __main__ — 뉴스 시점 제외 [진양홀딩스]: 11건 (>14일/파싱실패)
2026-07-23 11:46:02,108 [INFO] __main__ — 뉴스 시점 제외 [AJ네트웍스]: 9건 (>14일/파싱실패)
2026-07-23 11:46:02,413 [INFO] __main__ — 뉴스 시점 제외 [미래에셋증권우]: 11건 (>14일/파싱실패)
2026-07-23 11:46:03,546 [INFO] __main__ — 뉴스 시점 제외 [NH올원리츠]: 13건 (>14일/파싱실패)
2026-07-23 11:46:04,386 [INFO] __main__ — 뉴스 시점 제외 [유수홀딩스]: 6건 (>14일/파싱실패)
2026-07-23 11:46:04,730 [INFO] __main__ — 뉴스 시점 제외 [금호석유화학우]: 13건 (>14일/파싱실패)
2026-07-23 11:46:05,295 [INFO] __main__ — 뉴스 시점 제외 [신라교역]: 10건 (>14일/파싱실패)
2026-07-23 11:46:05,408 [INFO] __main__ — 뉴스 시점 제외 [한국주철관]: 8건 (>14일/파싱실패)
2026-07-23 11:46:05,523 [INFO] __main__ — 뉴스 시점 제외 [한진중공업홀딩스]: 14건 (>14일/파싱실패)
2026-07-23 11:46:05,977 [INFO] __main__ — 뉴스 시점 제외 [태경산업]: 9건 (>14일/파싱실패)
2026-07-23 11:46:06,101 [INFO] __main__ — 뉴스 시점 제외 [아모레퍼시픽홀딩스3우C]: 14건 (>14일/파싱실패)
2026-07-23 11:46:07,256 [INFO] __main__ — 뉴스 시점 제외 [일진다이아]: 11건 (>14일/파싱실패)
2026-07-23 11:46:07,674 [INFO] __main__ — 뉴스 시점 제외 [이지스레지던스리츠]: 14건 (>14일/파싱실패)
2026-07-23 11:46:08,413 [INFO] __main__ — 뉴스 시점 제외 [인천도시가스]: 9건 (>14일/파싱실패)
2026-07-23 11:46:09,282 [INFO] __main__ — 뉴스 시점 제외 [현대코퍼레이션홀딩스]: 13건 (>14일/파싱실패)
2026-07-23 11:46:09,377 [INFO] __main__ — 뉴스 시점 제외 [조선선재]: 13건 (>14일/파싱실패)
2026-07-23 11:46:09,942 [INFO] __main__ — 뉴스 시점 제외 [티에이치엔]: 12건 (>14일/파싱실패)
2026-07-23 11:46:10,098 [INFO] __main__ — 뉴스 시점 제외 [무림P&P]: 1건 (>14일/파싱실패)
2026-07-23 11:46:11,215 [INFO] __main__ — 뉴스 시점 제외 [DKME]: 13건 (>14일/파싱실패)
2026-07-23 11:46:11,669 [INFO] __main__ — 뉴스 시점 제외 [DL이앤씨2우(전환)]: 15건 (>14일/파싱실패)
2026-07-23 11:46:12,140 [INFO] __main__ — 뉴스 시점 제외 [KTis]: 9건 (>14일/파싱실패)
2026-07-23 11:46:12,229 [INFO] __main__ — 뉴스 시점 제외 [인지컨트롤스]: 9건 (>14일/파싱실패)
2026-07-23 11:46:12,359 [INFO] __main__ — 뉴스 시점 제외 [동일산업]: 3건 (>14일/파싱실패)
2026-07-23 11:46:12,708 [INFO] __main__ — 뉴스 시점 제외 [DSR제강]: 11건 (>14일/파싱실패)
2026-07-23 11:46:12,786 [INFO] __main__ — 뉴스 시점 제외 [티와이홀딩스]: 11건 (>14일/파싱실패)
2026-07-23 11:46:12,915 [INFO] __main__ — 뉴스 시점 제외 [두산퓨얼셀1우]: 14건 (>14일/파싱실패)
2026-07-23 11:46:13,276 [INFO] __main__ — 뉴스 시점 제외 [아주스틸]: 5건 (>14일/파싱실패)
2026-07-23 11:46:13,479 [INFO] __main__ — 뉴스 시점 제외 [한솔로지스틱스]: 1건 (>14일/파싱실패)
2026-07-23 11:46:13,863 [INFO] __main__ — 뉴스 시점 제외 [동양고속]: 11건 (>14일/파싱실패)
2026-07-23 11:46:13,926 [INFO] __main__ — 뉴스 시점 제외 [성창기업지주]: 10건 (>14일/파싱실패)
2026-07-23 11:46:14,438 [INFO] __main__ — 뉴스 시점 제외 [사조오양]: 9건 (>14일/파싱실패)
2026-07-23 11:46:14,485 [INFO] __main__ — 뉴스 시점 제외 [지엠비코리아]: 11건 (>14일/파싱실패)
2026-07-23 11:46:15,641 [INFO] __main__ — 뉴스 시점 제외 [아모레퍼시픽홀딩스우]: 14건 (>14일/파싱실패)
2026-07-23 11:46:15,745 [INFO] __main__ — 뉴스 시점 제외 [유한양행우]: 13건 (>14일/파싱실패)
2026-07-23 11:46:16,223 [INFO] __main__ — 뉴스 시점 제외 [태경케미컬]: 6건 (>14일/파싱실패)
2026-07-23 11:46:16,304 [INFO] __main__ — 뉴스 시점 제외 [남양유업우]: 15건 (>14일/파싱실패)
2026-07-23 11:46:16,709 [INFO] __main__ — 뉴스 시점 제외 [휴니드]: 9건 (>14일/파싱실패)
2026-07-23 11:46:17,283 [INFO] __main__ — 뉴스 시점 제외 [삼성출판사]: 5건 (>14일/파싱실패)
2026-07-23 11:46:17,356 [INFO] __main__ — 뉴스 시점 제외 [보락]: 1건 (>14일/파싱실패)
2026-07-23 11:46:17,439 [INFO] __main__ — 뉴스 시점 제외 [화천기계]: 7건 (>14일/파싱실패)
2026-07-23 11:46:17,841 [INFO] __main__ — 뉴스 시점 제외 [한국내화]: 9건 (>14일/파싱실패)
2026-07-23 11:46:18,016 [INFO] __main__ — 뉴스 시점 제외 [한국특강]: 7건 (>14일/파싱실패)
2026-07-23 11:46:18,988 [INFO] __main__ — 뉴스 시점 제외 [유안타증권우]: 14건 (>14일/파싱실패)
2026-07-23 11:46:19,077 [INFO] __main__ — 뉴스 시점 제외 [SJM홀딩스]: 14건 (>14일/파싱실패)
2026-07-23 11:46:19,146 [INFO] __main__ — 뉴스 시점 제외 [SJM]: 3건 (>14일/파싱실패)
2026-07-23 11:46:19,552 [INFO] __main__ — 뉴스 시점 제외 [롯데칠성우]: 15건 (>14일/파싱실패)
2026-07-23 11:46:19,645 [INFO] __main__ — 뉴스 시점 제외 [현대건설우]: 14건 (>14일/파싱실패)
2026-07-23 11:46:19,713 [INFO] __main__ — 뉴스 시점 제외 [인바이오젠]: 8건 (>14일/파싱실패)
2026-07-23 11:46:20,125 [INFO] __main__ — 뉴스 시점 제외 [대덕전자1우]: 13건 (>14일/파싱실패)
2026-07-23 11:46:20,229 [INFO] __main__ — 뉴스 시점 제외 [BYC우]: 14건 (>14일/파싱실패)
2026-07-23 11:46:20,271 [INFO] __main__ — 뉴스 시점 제외 [케이비아이동국실업]: 15건 (>14일/파싱실패)
2026-07-23 11:46:20,792 [INFO] __main__ — 뉴스 시점 제외 [미래에셋맵스리츠]: 13건 (>14일/파싱실패)
2026-07-23 11:46:20,836 [INFO] __main__ — 뉴스 시점 제외 [SK디스커버리우]: 14건 (>14일/파싱실패)
2026-07-23 11:46:21,251 [INFO] __main__ — 뉴스 시점 제외 [SK케미칼우]: 14건 (>14일/파싱실패)
2026-07-23 11:46:21,405 [INFO] __main__ — 뉴스 시점 제외 [유성기업]: 14건 (>14일/파싱실패)
2026-07-23 11:46:21,840 [INFO] __main__ — 뉴스 시점 제외 [한화솔루션우]: 13건 (>14일/파싱실패)
2026-07-23 11:46:21,953 [INFO] __main__ — 뉴스 시점 제외 [조광페인트]: 5건 (>14일/파싱실패)
2026-07-23 11:46:21,985 [INFO] __main__ — 뉴스 시점 제외 [신한글로벌액티브리츠]: 14건 (>14일/파싱실패)
2026-07-23 11:46:22,424 [INFO] __main__ — 뉴스 시점 제외 [영화금속]: 5건 (>14일/파싱실패)
2026-07-23 11:46:22,509 [INFO] __main__ — 뉴스 시점 제외 [케이탑리츠]: 14건 (>14일/파싱실패)
2026-07-23 11:46:22,554 [INFO] __main__ — 뉴스 시점 제외 [에쓰씨엔지니어링]: 7건 (>14일/파싱실패)
2026-07-23 11:46:22,990 [INFO] __main__ — 뉴스 시점 제외 [유니켐]: 11건 (>14일/파싱실패)
2026-07-23 11:46:23,111 [INFO] __main__ — 뉴스 시점 제외 [DL우]: 14건 (>14일/파싱실패)
2026-07-23 11:46:23,122 [INFO] __main__ — 뉴스 시점 제외 [한창제지]: 6건 (>14일/파싱실패)
2026-07-23 11:46:23,543 [INFO] __main__ — 뉴스 시점 제외 [세방우]: 15건 (>14일/파싱실패)
2026-07-23 11:46:24,112 [INFO] __main__ — 뉴스 시점 제외 [MH에탄올]: 9건 (>14일/파싱실패)
2026-07-23 11:46:24,242 [INFO] __main__ — 뉴스 시점 제외 [WISCOM]: 10건 (>14일/파싱실패)
2026-07-23 11:46:24,829 [INFO] __main__ — 뉴스 시점 제외 [미래아이앤지]: 5건 (>14일/파싱실패)
2026-07-23 11:46:28,721 [INFO] __main__ — 뉴스 시점 제외 [큐리옥스바이오시스템즈]: 11건 (>14일/파싱실패)
2026-07-23 11:46:30,526 [INFO] __main__ — 뉴스 시점 제외 [펌텍코리아]: 10건 (>14일/파싱실패)
2026-07-23 11:46:34,984 [INFO] __main__ — 뉴스 시점 제외 [한국알콜]: 3건 (>14일/파싱실패)
2026-07-23 11:46:36,224 [INFO] __main__ — 뉴스 시점 제외 [바이오다인]: 10건 (>14일/파싱실패)
2026-07-23 11:46:36,721 [INFO] __main__ — 뉴스 시점 제외 [우주일렉트로]: 6건 (>14일/파싱실패)
2026-07-23 11:46:37,435 [INFO] __main__ — 뉴스 시점 제외 [폰드그룹]: 4건 (>14일/파싱실패)
2026-07-23 11:46:37,912 [INFO] __main__ — 뉴스 시점 제외 [아스테라시스]: 11건 (>14일/파싱실패)
2026-07-23 11:46:38,003 [INFO] __main__ — 뉴스 시점 제외 [케이티알파]: 8건 (>14일/파싱실패)
2026-07-23 11:46:38,617 [INFO] __main__ — 뉴스 시점 제외 [삼목에스폼]: 4건 (>14일/파싱실패)
2026-07-23 11:46:39,165 [INFO] __main__ — 뉴스 시점 제외 [대원산업]: 9건 (>14일/파싱실패)
2026-07-23 11:46:39,764 [INFO] __main__ — 뉴스 시점 제외 [슈어소프트테크]: 5건 (>14일/파싱실패)
2026-07-23 11:46:40,301 [INFO] __main__ — 뉴스 시점 제외 [석경에이티]: 4건 (>14일/파싱실패)
2026-07-23 11:46:40,871 [INFO] __main__ — 뉴스 시점 제외 [네오위즈홀딩스]: 8건 (>14일/파싱실패)
2026-07-23 11:46:40,886 [INFO] __main__ — 뉴스 시점 제외 [도우인시스]: 7건 (>14일/파싱실패)
2026-07-23 11:46:41,395 [INFO] __main__ — 뉴스 시점 제외 [BGF에코머티리얼즈]: 15건 (>14일/파싱실패)
2026-07-23 11:46:41,440 [INFO] __main__ — 뉴스 시점 제외 [엠로]: 7건 (>14일/파싱실패)
2026-07-23 11:46:41,475 [INFO] __main__ — 뉴스 시점 제외 [국보디자인]: 4건 (>14일/파싱실패)
2026-07-23 11:46:42,027 [INFO] __main__ — 뉴스 시점 제외 [코메론]: 11건 (>14일/파싱실패)
2026-07-23 11:46:42,527 [INFO] __main__ — 뉴스 시점 제외 [아이디스]: 9건 (>14일/파싱실패)
2026-07-23 11:46:44,295 [INFO] __main__ — 뉴스 시점 제외 [코리아에프티]: 6건 (>14일/파싱실패)
2026-07-23 11:46:44,800 [INFO] __main__ — 뉴스 시점 제외 [아나패스]: 10건 (>14일/파싱실패)
2026-07-23 11:46:44,859 [INFO] __main__ — 뉴스 시점 제외 [유비쿼스홀딩스]: 14건 (>14일/파싱실패)
2026-07-23 11:46:45,441 [INFO] __main__ — 뉴스 시점 제외 [하이비젼시스템]: 5건 (>14일/파싱실패)
2026-07-23 11:46:46,148 [INFO] __main__ — 뉴스 시점 제외 [삼보판지]: 15건 (>14일/파싱실패)
2026-07-23 11:46:46,734 [INFO] __main__ — 뉴스 시점 제외 [동국산업]: 8건 (>14일/파싱실패)
2026-07-23 11:46:46,797 [INFO] __main__ — 뉴스 시점 제외 [제룡산업]: 7건 (>14일/파싱실패)
2026-07-23 11:46:47,485 [INFO] __main__ — 뉴스 시점 제외 [모트렉스]: 8건 (>14일/파싱실패)
2026-07-23 11:46:48,473 [INFO] __main__ — 뉴스 시점 제외 [윤성에프앤씨]: 13건 (>14일/파싱실패)
2026-07-23 11:46:48,622 [INFO] __main__ — 뉴스 시점 제외 [풍원정밀]: 10건 (>14일/파싱실패)
2026-07-23 11:46:49,785 [INFO] __main__ — 뉴스 시점 제외 [지어소프트]: 6건 (>14일/파싱실패)
2026-07-23 11:46:50,372 [INFO] __main__ — 뉴스 시점 제외 [유아이엘]: 10건 (>14일/파싱실패)
2026-07-23 11:46:51,506 [INFO] __main__ — 뉴스 시점 제외 [NICE인프라]: 15건 (>14일/파싱실패)
2026-07-23 11:46:51,663 [INFO] __main__ — 뉴스 시점 제외 [대정화금]: 12건 (>14일/파싱실패)
2026-07-23 11:46:52,215 [INFO] __main__ — 뉴스 시점 제외 [케이알엠]: 6건 (>14일/파싱실패)
2026-07-23 11:46:52,803 [INFO] __main__ — 뉴스 시점 제외 [탑런토탈솔루션]: 11건 (>14일/파싱실패)
2026-07-23 11:46:52,939 [INFO] __main__ — 뉴스 시점 제외 [엠에스오토텍]: 14건 (>14일/파싱실패)
2026-07-23 11:46:53,380 [INFO] __main__ — 뉴스 시점 제외 [케이씨에스]: 7건 (>14일/파싱실패)
2026-07-23 11:46:53,529 [INFO] __main__ — 뉴스 시점 제외 [일승]: 4건 (>14일/파싱실패)
2026-07-23 11:46:54,087 [INFO] __main__ — 뉴스 시점 제외 [링네트]: 9건 (>14일/파싱실패)
2026-07-23 11:46:54,110 [INFO] __main__ — 뉴스 시점 제외 [스톰테크]: 14건 (>14일/파싱실패)
2026-07-23 11:46:54,662 [INFO] __main__ — 뉴스 시점 제외 [풍국주정]: 14건 (>14일/파싱실패)
2026-07-23 11:46:54,664 [INFO] __main__ — 뉴스 시점 제외 [디와이피엔에프]: 13건 (>14일/파싱실패)
2026-07-23 11:46:54,679 [INFO] __main__ — 뉴스 시점 제외 [나노팀]: 9건 (>14일/파싱실패)
2026-07-23 11:46:55,245 [INFO] __main__ — 뉴스 시점 제외 [아미노로직스]: 11건 (>14일/파싱실패)
2026-07-23 11:46:55,262 [INFO] __main__ — 뉴스 시점 제외 [동아엘텍]: 14건 (>14일/파싱실패)
2026-07-23 11:46:55,839 [INFO] __main__ — 뉴스 시점 제외 [동국S&C]: 10건 (>14일/파싱실패)
2026-07-23 11:46:56,994 [INFO] __main__ — 뉴스 시점 제외 [오상헬스케어]: 12건 (>14일/파싱실패)
2026-07-23 11:46:57,119 [INFO] __main__ — 뉴스 시점 제외 [테라뷰]: 8건 (>14일/파싱실패)
2026-07-23 11:46:57,557 [INFO] __main__ — 뉴스 시점 제외 [에이치피오]: 9건 (>14일/파싱실패)
2026-07-23 11:46:58,097 [INFO] __main__ — 뉴스 시점 제외 [삼영엠텍]: 5건 (>14일/파싱실패)
2026-07-23 11:46:58,382 [INFO] __main__ — 뉴스 시점 제외 [에이치엔에스하이텍]: 15건 (>14일/파싱실패)
2026-07-23 11:46:59,375 [INFO] __main__ — 뉴스 시점 제외 [엑세스바이오]: 9건 (>14일/파싱실패)
2026-07-23 11:46:59,669 [INFO] __main__ — 뉴스 시점 제외 [디알텍]: 3건 (>14일/파싱실패)
2026-07-23 11:46:59,980 [INFO] __main__ — 뉴스 시점 제외 [대림제지]: 9건 (>14일/파싱실패)
2026-07-23 11:47:01,232 [INFO] __main__ — 뉴스 시점 제외 [리드코프]: 13건 (>14일/파싱실패)
2026-07-23 11:47:01,496 [INFO] __main__ — 뉴스 시점 제외 [이상네트웍스]: 12건 (>14일/파싱실패)
2026-07-23 11:47:01,822 [INFO] __main__ — 뉴스 시점 제외 [엠오티]: 8건 (>14일/파싱실패)
2026-07-23 11:47:02,074 [INFO] __main__ — 뉴스 시점 제외 [엔브이에이치코리아]: 13건 (>14일/파싱실패)
2026-07-23 11:47:02,391 [INFO] __main__ — 뉴스 시점 제외 [삼현철강]: 9건 (>14일/파싱실패)
2026-07-23 11:47:02,519 [INFO] __main__ — 뉴스 시점 제외 [싸이토젠]: 13건 (>14일/파싱실패)
2026-07-23 11:47:02,956 [INFO] __main__ — 뉴스 시점 제외 [모델솔루션]: 7건 (>14일/파싱실패)
2026-07-23 11:47:03,084 [INFO] __main__ — 뉴스 시점 제외 [블루콤]: 14건 (>14일/파싱실패)
2026-07-23 11:47:03,341 [INFO] __main__ — 뉴스 시점 제외 [바이오스마트]: 6건 (>14일/파싱실패)
2026-07-23 11:47:03,518 [INFO] __main__ — 뉴스 시점 제외 [태웅로직스]: 9건 (>14일/파싱실패)
2026-07-23 11:47:03,644 [INFO] __main__ — 뉴스 시점 제외 [피제이전자]: 11건 (>14일/파싱실패)
2026-07-23 11:47:04,081 [INFO] __main__ — 뉴스 시점 제외 [페스카로]: 14건 (>14일/파싱실패)
2026-07-23 11:47:05,219 [INFO] __main__ — 뉴스 시점 제외 [동일금속]: 15건 (>14일/파싱실패)
2026-07-23 11:47:05,342 [INFO] __main__ — 뉴스 시점 제외 [피제이메탈]: 11건 (>14일/파싱실패)
2026-07-23 11:47:06,151 [INFO] __main__ — 뉴스 시점 제외 [센코]: 5건 (>14일/파싱실패)
2026-07-23 11:47:06,956 [INFO] __main__ — 뉴스 시점 제외 [원일티엔아이]: 6건 (>14일/파싱실패)
2026-07-23 11:47:07,623 [INFO] __main__ — 뉴스 시점 제외 [드림어스컴퍼니]: 7건 (>14일/파싱실패)
2026-07-23 11:47:08,095 [INFO] __main__ — 뉴스 시점 제외 [해성에어로보틱스]: 9건 (>14일/파싱실패)
2026-07-23 11:47:08,187 [INFO] __main__ — 뉴스 시점 제외 [아이티센엔텍]: 9건 (>14일/파싱실패)
2026-07-23 11:47:08,747 [INFO] __main__ — 뉴스 시점 제외 [케이피항공산업]: 8건 (>14일/파싱실패)
2026-07-23 11:47:08,973 [INFO] __main__ — 뉴스 시점 제외 [케이엘넷]: 12건 (>14일/파싱실패)
2026-07-23 11:47:10,107 [INFO] __main__ — 뉴스 시점 제외 [알파칩스]: 8건 (>14일/파싱실패)
2026-07-23 11:47:10,438 [INFO] __main__ — 뉴스 시점 제외 [지에스이]: 8건 (>14일/파싱실패)
2026-07-23 11:47:10,665 [INFO] __main__ — 뉴스 시점 제외 [트루엔]: 12건 (>14일/파싱실패)
2026-07-23 11:47:10,931 [INFO] __main__ — 뉴스 시점 제외 [인크로스]: 5건 (>14일/파싱실패)
2026-07-23 11:47:11,227 [INFO] __main__ — 뉴스 시점 제외 [코츠테크놀로지]: 10건 (>14일/파싱실패)
2026-07-23 11:47:11,485 [INFO] __main__ — 뉴스 시점 제외 [이노메트리]: 4건 (>14일/파싱실패)
2026-07-23 11:47:11,612 [INFO] __main__ — 뉴스 시점 제외 [한국선재]: 13건 (>14일/파싱실패)
2026-07-23 11:47:11,783 [INFO] __main__ — 뉴스 시점 제외 [셀바이오휴먼텍]: 11건 (>14일/파싱실패)
2026-07-23 11:47:12,349 [INFO] __main__ — 뉴스 시점 제외 [제이씨현시스템]: 13건 (>14일/파싱실패)
2026-07-23 11:47:12,615 [INFO] __main__ — 뉴스 시점 제외 [인지소프트]: 13건 (>14일/파싱실패)
2026-07-23 11:47:12,747 [INFO] __main__ — 뉴스 시점 제외 [퓨런티어]: 11건 (>14일/파싱실패)
2026-07-23 11:47:12,918 [INFO] __main__ — 뉴스 시점 제외 [에르코스]: 8건 (>14일/파싱실패)
2026-07-23 11:47:13,483 [INFO] __main__ — 뉴스 시점 제외 [엠투엔]: 13건 (>14일/파싱실패)
2026-07-23 11:47:13,768 [INFO] __main__ — 뉴스 시점 제외 [이닉스]: 14건 (>14일/파싱실패)
2026-07-23 11:47:14,440 [INFO] __main__ — 뉴스 시점 제외 [홈캐스트]: 15건 (>14일/파싱실패)
2026-07-23 11:47:14,892 [INFO] __main__ — 뉴스 시점 제외 [덕우전자]: 12건 (>14일/파싱실패)
2026-07-23 11:47:15,204 [INFO] __main__ — 뉴스 시점 제외 [에스엠씨지]: 13건 (>14일/파싱실패)
2026-07-23 11:47:15,455 [INFO] __main__ — 뉴스 시점 제외 [엔젯]: 9건 (>14일/파싱실패)
2026-07-23 11:47:16,576 [INFO] __main__ — 뉴스 시점 제외 [디티씨]: 14건 (>14일/파싱실패)
2026-07-23 11:47:16,713 [INFO] __main__ — 뉴스 시점 제외 [현우산업]: 11건 (>14일/파싱실패)
2026-07-23 11:47:16,897 [INFO] __main__ — 뉴스 시점 제외 [코콤]: 7건 (>14일/파싱실패)
2026-07-23 11:47:17,143 [INFO] __main__ — 뉴스 시점 제외 [에어레인]: 4건 (>14일/파싱실패)
2026-07-23 11:47:17,714 [INFO] __main__ — 뉴스 시점 제외 [HC홈센타]: 13건 (>14일/파싱실패)
2026-07-23 11:47:18,274 [INFO] __main__ — 뉴스 시점 제외 [퀀타매트릭스]: 4건 (>14일/파싱실패)
2026-07-23 11:47:18,434 [INFO] __main__ — 뉴스 시점 제외 [씨유테크]: 14건 (>14일/파싱실패)
2026-07-23 11:47:19,143 [INFO] __main__ — 뉴스 시점 제외 [디케이앤디]: 12건 (>14일/파싱실패)
2026-07-23 11:47:19,414 [INFO] __main__ — 뉴스 시점 제외 [제이피아이헬스케어]: 14건 (>14일/파싱실패)
2026-07-23 11:47:19,715 [INFO] __main__ — 뉴스 시점 제외 [동방선기]: 10건 (>14일/파싱실패)
2026-07-23 11:47:19,982 [INFO] __main__ — 뉴스 시점 제외 [린드먼아시아]: 15건 (>14일/파싱실패)
2026-07-23 11:47:20,136 [INFO] __main__ — 뉴스 시점 제외 [서린바이오]: 11건 (>14일/파싱실패)
2026-07-23 11:47:20,286 [INFO] __main__ — 뉴스 시점 제외 [대창스틸]: 10건 (>14일/파싱실패)
2026-07-23 11:47:20,719 [INFO] __main__ — 뉴스 시점 제외 [쓰리에이로직스]: 11건 (>14일/파싱실패)
2026-07-23 11:47:20,857 [INFO] __main__ — 뉴스 시점 제외 [에이텍모빌리티]: 13건 (>14일/파싱실패)
2026-07-23 11:47:21,281 [INFO] __main__ — 뉴스 시점 제외 [램테크놀러지]: 2건 (>14일/파싱실패)
2026-07-23 11:47:21,440 [INFO] __main__ — 뉴스 시점 제외 [인지디스플레]: 11건 (>14일/파싱실패)
2026-07-23 11:47:21,844 [INFO] __main__ — 뉴스 시점 제외 [레이저옵텍]: 11건 (>14일/파싱실패)
2026-07-23 11:47:22,264 [INFO] __main__ — 뉴스 시점 제외 [ES큐브]: 15건 (>14일/파싱실패)
2026-07-23 11:47:22,410 [INFO] __main__ — 뉴스 시점 제외 [서진오토모티브]: 14건 (>14일/파싱실패)
2026-07-23 11:47:22,599 [INFO] __main__ — 뉴스 시점 제외 [NHN벅스]: 9건 (>14일/파싱실패)
2026-07-23 11:47:22,829 [INFO] __main__ — 뉴스 시점 제외 [케일럼]: 11건 (>14일/파싱실패)
2026-07-23 11:47:22,978 [INFO] __main__ — 뉴스 시점 제외 [케이디켐]: 11건 (>14일/파싱실패)
2026-07-23 11:47:23,163 [INFO] __main__ — 뉴스 시점 제외 [아세아텍]: 13건 (>14일/파싱실패)
2026-07-23 11:47:23,550 [INFO] __main__ — 뉴스 시점 제외 [DH오토리드]: 15건 (>14일/파싱실패)
2026-07-23 11:47:23,733 [INFO] __main__ — 뉴스 시점 제외 [백금T&A]: 8건 (>14일/파싱실패)
2026-07-23 11:47:23,972 [INFO] __main__ — 뉴스 시점 제외 [이엠넷]: 8건 (>14일/파싱실패)
2026-07-23 11:47:24,311 [INFO] __main__ — 뉴스 시점 제외 [한네트]: 15건 (>14일/파싱실패)
2026-07-23 11:47:24,538 [INFO] __main__ — 뉴스 시점 제외 [마이크로디지탈]: 13건 (>14일/파싱실패)
2026-07-23 11:47:24,884 [INFO] __main__ — 뉴스 시점 제외 [유에스티]: 10건 (>14일/파싱실패)
2026-07-23 11:47:25,252 [INFO] __main__ — 뉴스 시점 제외 [보라티알]: 12건 (>14일/파싱실패)
2026-07-23 11:47:25,819 [INFO] __main__ — 뉴스 시점 제외 [서연탑메탈]: 13건 (>14일/파싱실패)
2026-07-23 11:47:26,006 [INFO] __main__ — 뉴스 시점 제외 [씨큐브]: 10건 (>14일/파싱실패)
2026-07-23 11:47:26,969 [INFO] __main__ — 뉴스 시점 제외 [에코캡]: 13건 (>14일/파싱실패)
2026-07-23 11:47:27,140 [INFO] __main__ — 뉴스 시점 제외 [모헨즈]: 12건 (>14일/파싱실패)
2026-07-23 11:47:27,382 [INFO] __main__ — 뉴스 시점 제외 [에이아이코리아]: 7건 (>14일/파싱실패)
2026-07-23 11:47:28,276 [INFO] __main__ — 뉴스 시점 제외 [큐캐피탈]: 6건 (>14일/파싱실패)
2026-07-23 11:47:28,505 [INFO] __main__ — 뉴스 시점 제외 [팬엔터테인먼트]: 9건 (>14일/파싱실패)
2026-07-23 11:47:28,830 [INFO] __main__ — 뉴스 시점 제외 [체리부로]: 8건 (>14일/파싱실패)
2026-07-23 11:47:29,252 [INFO] __main__ — 뉴스 시점 제외 [기산텔레콤]: 6건 (>14일/파싱실패)
2026-07-23 11:47:29,407 [INFO] __main__ — 뉴스 시점 제외 [제이엔비]: 9건 (>14일/파싱실패)
2026-07-23 11:47:29,818 [INFO] __main__ — 뉴스 시점 제외 [와토스코리아]: 10건 (>14일/파싱실패)
2026-07-23 11:47:30,209 [INFO] __main__ — 뉴스 시점 제외 [이삭엔지니어링]: 9건 (>14일/파싱실패)
2026-07-23 11:47:30,378 [INFO] __main__ — 뉴스 시점 제외 [메가엠디]: 14건 (>14일/파싱실패)
2026-07-23 11:47:30,539 [INFO] __main__ — 뉴스 시점 제외 [티디에스팜]: 8건 (>14일/파싱실패)
2026-07-23 11:47:30,641 [INFO] __main__ — POOL_A 후보 부정뉴스 2차 조회: 603개
2026-07-23 11:47:30,644 [INFO] __main__ — POOL_A: 1081개 (A:621 B:280 동시:180) | 부정게이트 제외:9
  대형:90 중형:220 소형:771
2026-07-23 11:47:30,653 [INFO] __main__ —   → POOL_A: 1081개
2026-07-23 11:47:30,653 [INFO] __main__ — ▶ Step 2: 하드 필터링
2026-07-23 11:47:30,655 [INFO] __main__ — 하드 필터 제거: 1060개 | 과열배제 53 | 이격도상한 17 | 이격도하한 165 | MA추세 766 | RSI과열 2 | 거래대금 57
2026-07-23 11:47:30,657 [INFO] __main__ — 과열 gated 기록: 53개 → gated_tickers
2026-07-23 11:47:30,657 [INFO] __main__ — POOL_B: 21개 | 대형:2 중형:5 소형:14
2026-07-23 11:47:30,657 [INFO] __main__ —   → POOL_B: 21개
2026-07-23 11:47:30,657 [INFO] __main__ — ▶ Step 3: 스코어링 (FinBERT 감성 분석)
2026-07-23 11:47:30,657 [INFO] __main__ — NaverClient: 3개 키 로드 (DataLab·검색 독립 회전)
2026-07-23 11:47:30,657 [INFO] __main__ — 텍스트 신규 수집: 21종목 (캐시 적중 0종목)
2026-07-23 11:47:34,895 [INFO] __main__ — 뉴스 시점 제외 [이수화학]: 24건 (>14일/파싱실패)
2026-07-23 11:47:38,492 [INFO] __main__ — 뉴스 시점 제외 [삼화전자]: 13건 (>14일/파싱실패)
2026-07-23 11:47:42,428 [INFO] __main__ — 뉴스 시점 제외 [디케이티]: 15건 (>14일/파싱실패)
2026-07-23 11:47:45,602 [INFO] __main__ — 뉴스 시점 제외 [뉴파워프라즈마]: 11건 (>14일/파싱실패)
2026-07-23 11:47:45,904 [INFO] __main__ — 뉴스 시점 제외 [싸이맥스]: 11건 (>14일/파싱실패)
2026-07-23 11:47:49,446 [INFO] __main__ — 뉴스 시점 제외 [피델릭스]: 18건 (>14일/파싱실패)
2026-07-23 11:47:52,920 [INFO] __main__ — 뉴스 시점 제외 [화신정공]: 19건 (>14일/파싱실패)
2026-07-23 11:47:56,013 [INFO] __main__ — 수집 완료: 뉴스 168건 | 공시 42건
2026-07-23 11:47:56,013 [INFO] __main__ — FinBERT 감성 분석 (finbert 모드)...
2026-07-23 11:47:56,013 [INFO] __main__ — FinBERT 로딩: snunlp/KR-FinBert-SC (CPU, batch=8)
2026-07-23 11:47:56,124 [INFO] httpx — HTTP Request: GET https://huggingface.co/api/agent-harnesses "HTTP/1.1 200 OK"
2026-07-23 11:47:56,212 [INFO] httpx — HTTP Request: HEAD https://huggingface.co/snunlp/KR-FinBert-SC/resolve/main/config.json "HTTP/1.1 307 Temporary Redirect"
2026-07-23 11:47:56,213 [WARNING] huggingface_hub.utils._http — Warning: You are sending unauthenticated requests to the HF Hub. Please set a HF_TOKEN to enable higher rate limits and faster downloads.
2026-07-23 11:47:56,221 [INFO] httpx — HTTP Request: HEAD https://huggingface.co/api/resolve-cache/models/snunlp/KR-FinBert-SC/f8586286cc3161fb648e9fee09a456069fd846d0/config.json "HTTP/1.1 200 OK"
2026-07-23 11:47:56,330 [INFO] httpx — HTTP Request: HEAD https://huggingface.co/snunlp/KR-FinBert-SC/resolve/main/model.safetensors "HTTP/1.1 404 Not Found"
2026-07-23 11:47:56,425 [INFO] httpx — HTTP Request: GET https://huggingface.co/api/models/snunlp/KR-FinBert-SC "HTTP/1.1 200 OK"
2026-07-23 11:47:56,528 [INFO] httpx — HTTP Request: GET https://huggingface.co/api/models/snunlp/KR-FinBert-SC/commits/main "HTTP/1.1 200 OK"
2026-07-23 11:47:56,567 [INFO] httpx — HTTP Request: GET https://huggingface.co/api/models/snunlp/KR-FinBert-SC/tree/main/additional_chat_templates?recursive=false&expand=false "HTTP/1.1 404 Not Found"
2026-07-23 11:47:56,627 [INFO] httpx — HTTP Request: GET https://huggingface.co/api/models/snunlp/KR-FinBert-SC/discussions?p=0 "HTTP/1.1 200 OK"
2026-07-23 11:47:56,659 [INFO] httpx — HTTP Request: GET https://huggingface.co/api/models/snunlp/KR-FinBert-SC/tree/main?recursive=true&expand=false "HTTP/1.1 200 OK"
2026-07-23 11:47:56,725 [INFO] httpx — HTTP Request: GET https://huggingface.co/api/models/snunlp/KR-FinBert-SC/commits/refs%2Fpr%2F3 "HTTP/1.1 200 OK"
2026-07-23 11:47:56,800 [INFO] httpx — HTTP Request: HEAD https://huggingface.co/snunlp/KR-FinBert-SC/resolve/main/processor_config.json "HTTP/1.1 404 Not Found"
2026-07-23 11:47:56,816 [INFO] httpx — HTTP Request: HEAD https://huggingface.co/snunlp/KR-FinBert-SC/resolve/refs%2Fpr%2F3/model.safetensors.index.json "HTTP/1.1 404 Not Found"
2026-07-23 11:47:56,890 [INFO] httpx — HTTP Request: HEAD https://huggingface.co/snunlp/KR-FinBert-SC/resolve/main/video_preprocessor_config.json "HTTP/1.1 404 Not Found"
2026-07-23 11:47:56,910 [INFO] httpx — HTTP Request: HEAD https://huggingface.co/snunlp/KR-FinBert-SC/resolve/refs%2Fpr%2F3/model.safetensors "HTTP/1.1 302 Found"
2026-07-23 11:47:56,978 [INFO] httpx — HTTP Request: HEAD https://huggingface.co/snunlp/KR-FinBert-SC/resolve/main/preprocessor_config.json "HTTP/1.1 404 Not Found"
2026-07-23 11:47:56,979 [INFO] __main__ — FinBERT 로드 완료 (CPU)
2026-07-23 11:48:02,232 [INFO] __main__ — Phase A.1: 매핑 신뢰도 < 0.5 → 감성 점수 폐기 16건
2026-07-23 11:48:02,233 [INFO] __main__ — 스코어링: 21개 | 집중:1 | FinBERT:finbert
2026-07-23 11:48:02,249 [INFO] __main__ —   → 21개
2026-07-23 11:48:02,249 [INFO] __main__ — ▶ Step 4: 발송
2026-07-23 11:48:07,147 [WARNING] __main__ — 텔레그램 발송 실패 그룹 → mark_sent skip 2개 (다음 실행 시 재발송 대상)
2026-07-23 11:48:07,147 [INFO] __main__ — DB 기록: 1개 / 전체 to_send 3개
2026-07-23 11:48:07,147 [INFO] __main__ — 발송: 집중 1 / 주시 0
2026-07-23 11:48:07,147 [INFO] __main__ — 완료  |  소요: 1164.6초
2026-07-23 23:33:48,910 [INFO] __main__ — config 검증 완료 ✓
2026-07-23 23:33:48,911 [INFO] __main__ — ============================================================
2026-07-23 23:33:48,911 [INFO] __main__ — AlphaRadar v3.3.1  |  기준일: 20260723
2026-07-23 23:33:48,911 [INFO] __main__ — S = T×0.3 + S_text×0.4 + D×0.3
2026-07-23 23:33:48,911 [INFO] __main__ — ============================================================
2026-07-23 23:33:48,911 [INFO] __main__ — ▶ Step 0: 유니버스 필터링
2026-07-23 23:33:49,060 [INFO] __main__ — FDR 데이터 수집: 20260117 ~ 20260723
2026-07-23 23:33:51,819 [INFO] __main__ — KOSPI: 943개 | 섹터정보 833개 (DART +833개 보완)
2026-07-23 23:33:51,820 [INFO] __main__ — KOSDAQ: 1821개 | 섹터정보 1821개
2026-07-23 23:33:51,820 [INFO] __main__ — 전체: 2764개
2026-07-23 23:33:54,597 [INFO] __main__ — KIS 토큰 발급 완료
2026-07-23 23:49:40,419 [INFO] __main__ — DART corp_code 매핑: 2160/2213개 (97%)
2026-07-23 23:49:40,420 [INFO] __main__ — 유효 유니버스: 2213개
2026-07-23 23:49:40,431 [INFO] __main__ —   → 2213개
2026-07-23 23:49:40,431 [INFO] __main__ — ▶ Step 1: 신호 탐지
2026-07-23 23:49:40,431 [INFO] __main__ — NaverClient: 3개 키 로드 (DataLab·검색 독립 회전)
2026-07-23 23:49:40,431 [INFO] __main__ — 관심 지수 및 부정 뉴스 비율 조회 중...
2026-07-23 23:50:10,398 [INFO] __main__ — 뉴스 시점 제외 [삼기에너지솔루션즈]: 6건 (>14일/파싱실패)
2026-07-23 23:50:30,267 [INFO] __main__ — 뉴스 시점 제외 [드림시큐리티]: 4건 (>14일/파싱실패)
2026-07-23 23:50:36,984 [INFO] __main__ — 뉴스 시점 제외 [남선알미늄]: 2건 (>14일/파싱실패)
2026-07-23 23:50:45,385 [INFO] __main__ — 뉴스 시점 제외 [맥쿼리인프라]: 9건 (>14일/파싱실패)
2026-07-23 23:50:51,277 [INFO] __main__ — 뉴스 시점 제외 [한성크린텍]: 9건 (>14일/파싱실패)
2026-07-23 23:50:57,429 [INFO] __main__ — 뉴스 시점 제외 [에이팩트]: 5건 (>14일/파싱실패)
2026-07-23 23:50:57,743 [INFO] __main__ — 뉴스 시점 제외 [중앙첨단소재]: 9건 (>14일/파싱실패)
2026-07-23 23:50:59,275 [INFO] __main__ — 뉴스 시점 제외 [멤레이비티]: 7건 (>14일/파싱실패)
2026-07-23 23:51:05,015 [INFO] __main__ — 뉴스 시점 제외 [하이드로리튬]: 14건 (>14일/파싱실패)
2026-07-23 23:51:05,046 [INFO] __main__ — 뉴스 시점 제외 [솔디펜스]: 11건 (>14일/파싱실패)
2026-07-23 23:51:07,908 [INFO] __main__ — 뉴스 시점 제외 [태양금속]: 13건 (>14일/파싱실패)
2026-07-23 23:51:08,576 [INFO] __main__ — 뉴스 시점 제외 [GRT]: 5건 (>14일/파싱실패)
2026-07-23 23:51:11,979 [INFO] __main__ — 뉴스 시점 제외 [KBI동양철관]: 8건 (>14일/파싱실패)
2026-07-23 23:51:19,719 [INFO] __main__ — 뉴스 시점 제외 [에코플라스틱]: 7건 (>14일/파싱실패)
2026-07-23 23:51:26,149 [INFO] __main__ — 뉴스 시점 제외 [이수화학]: 9건 (>14일/파싱실패)
2026-07-23 23:51:28,105 [INFO] __main__ — 뉴스 시점 제외 [LS머트리얼즈]: 5건 (>14일/파싱실패)
2026-07-23 23:51:28,631 [INFO] __main__ — 뉴스 시점 제외 [대영포장]: 15건 (>14일/파싱실패)
2026-07-23 23:51:33,517 [INFO] __main__ — 뉴스 시점 제외 [글로벌텍스프리]: 8건 (>14일/파싱실패)
2026-07-23 23:51:34,268 [INFO] __main__ — 뉴스 시점 제외 [세미티에스]: 10건 (>14일/파싱실패)
2026-07-23 23:51:39,002 [INFO] __main__ — 뉴스 시점 제외 [아미코젠]: 9건 (>14일/파싱실패)
2026-07-23 23:51:40,347 [INFO] __main__ — 뉴스 시점 제외 [성문전자]: 11건 (>14일/파싱실패)
2026-07-23 23:51:42,731 [INFO] __main__ — 뉴스 시점 제외 [엘브이엠씨홀딩스]: 14건 (>14일/파싱실패)
2026-07-23 23:51:45,432 [INFO] __main__ — 뉴스 시점 제외 [양지사]: 13건 (>14일/파싱실패)
2026-07-23 23:51:50,970 [INFO] __main__ — 뉴스 시점 제외 [엑스큐어]: 10건 (>14일/파싱실패)
2026-07-23 23:51:51,320 [INFO] __main__ — 뉴스 시점 제외 [KB스타리츠]: 11건 (>14일/파싱실패)
2026-07-23 23:51:55,585 [INFO] __main__ — 뉴스 시점 제외 [한국팩키지]: 7건 (>14일/파싱실패)
2026-07-23 23:51:57,575 [INFO] __main__ — 뉴스 시점 제외 [일신석재]: 9건 (>14일/파싱실패)
2026-07-23 23:52:02,974 [INFO] __main__ — 뉴스 시점 제외 [정원엔시스]: 7건 (>14일/파싱실패)
2026-07-23 23:52:10,674 [INFO] __main__ — 뉴스 시점 제외 [티씨머티리얼즈]: 10건 (>14일/파싱실패)
2026-07-23 23:52:11,318 [INFO] __main__ — 뉴스 시점 제외 [청담글로벌]: 7건 (>14일/파싱실패)
2026-07-23 23:52:12,191 [INFO] __main__ — 뉴스 시점 제외 [대아티아이]: 8건 (>14일/파싱실패)
2026-07-23 23:52:16,577 [INFO] __main__ — 뉴스 시점 제외 [휴스틸]: 4건 (>14일/파싱실패)
2026-07-23 23:52:16,760 [INFO] __main__ — 뉴스 시점 제외 [디와이에이]: 4건 (>14일/파싱실패)
2026-07-23 23:52:17,628 [INFO] __main__ — 뉴스 시점 제외 [키스트론]: 11건 (>14일/파싱실패)
2026-07-23 23:52:18,109 [INFO] __main__ — 뉴스 시점 제외 [부국철강]: 12건 (>14일/파싱실패)
2026-07-23 23:52:19,469 [INFO] __main__ — 뉴스 시점 제외 [시너지이노베이션]: 13건 (>14일/파싱실패)
2026-07-23 23:52:21,824 [INFO] __main__ — 뉴스 시점 제외 [서부T&D]: 2건 (>14일/파싱실패)
2026-07-23 23:52:22,045 [INFO] __main__ — 뉴스 시점 제외 [우리기술투자]: 9건 (>14일/파싱실패)
2026-07-23 23:52:27,647 [INFO] __main__ — 뉴스 시점 제외 [아남전자]: 8건 (>14일/파싱실패)
2026-07-23 23:52:35,988 [INFO] __main__ — 뉴스 시점 제외 [셀리드]: 9건 (>14일/파싱실패)
2026-07-23 23:52:36,915 [INFO] __main__ — 뉴스 시점 제외 [알루코]: 4건 (>14일/파싱실패)
2026-07-23 23:52:38,522 [INFO] __main__ — 뉴스 시점 제외 [HB솔루션]: 8건 (>14일/파싱실패)
2026-07-23 23:52:41,265 [INFO] __main__ — 뉴스 시점 제외 [갤럭시아에스엠]: 13건 (>14일/파싱실패)
2026-07-23 23:52:41,348 [INFO] __main__ — 뉴스 시점 제외 [빅텍]: 4건 (>14일/파싱실패)
2026-07-23 23:52:46,158 [INFO] __main__ — 뉴스 시점 제외 [비투엔]: 13건 (>14일/파싱실패)
2026-07-23 23:52:49,911 [INFO] __main__ — 뉴스 시점 제외 [에스와이스틸텍]: 10건 (>14일/파싱실패)
2026-07-23 23:52:55,418 [INFO] __main__ — 뉴스 시점 제외 [에이치엠넥스]: 8건 (>14일/파싱실패)
2026-07-23 23:53:07,288 [INFO] __main__ — 뉴스 시점 제외 [한일철강]: 11건 (>14일/파싱실패)
2026-07-23 23:53:09,260 [INFO] __main__ — 뉴스 시점 제외 [더즌]: 6건 (>14일/파싱실패)
2026-07-23 23:53:10,222 [INFO] __main__ — 뉴스 시점 제외 [미래에셋증권2우B]: 10건 (>14일/파싱실패)
2026-07-23 23:53:12,749 [INFO] __main__ — 뉴스 시점 제외 [이리츠코크렙]: 8건 (>14일/파싱실패)
2026-07-23 23:53:14,100 [INFO] __main__ — 뉴스 시점 제외 [코람코더원리츠]: 2건 (>14일/파싱실패)
2026-07-23 23:53:17,347 [INFO] __main__ — 뉴스 시점 제외 [티케이케미칼]: 7건 (>14일/파싱실패)
2026-07-23 23:53:21,111 [INFO] __main__ — 뉴스 시점 제외 [덕신이피씨]: 14건 (>14일/파싱실패)
2026-07-23 23:53:21,435 [INFO] __main__ — 뉴스 시점 제외 [신화프리텍]: 9건 (>14일/파싱실패)
2026-07-23 23:53:24,115 [INFO] __main__ — 뉴스 시점 제외 [원익피앤이]: 4건 (>14일/파싱실패)
2026-07-23 23:53:25,147 [INFO] __main__ — 뉴스 시점 제외 [SK리츠]: 7건 (>14일/파싱실패)
2026-07-23 23:53:26,253 [INFO] __main__ — 뉴스 시점 제외 [오리엔트정공]: 11건 (>14일/파싱실패)
2026-07-23 23:53:27,834 [INFO] __main__ — 뉴스 시점 제외 [대양금속]: 13건 (>14일/파싱실패)
2026-07-23 23:53:29,195 [INFO] __main__ — 뉴스 시점 제외 [에이티넘인베스트]: 13건 (>14일/파싱실패)
2026-07-23 23:53:32,950 [INFO] __main__ — 뉴스 시점 제외 [파라텍]: 12건 (>14일/파싱실패)
2026-07-23 23:53:34,660 [INFO] __main__ — 뉴스 시점 제외 [HS애드]: 3건 (>14일/파싱실패)
2026-07-23 23:53:34,850 [INFO] __main__ — 뉴스 시점 제외 [디앤디플랫폼리츠]: 10건 (>14일/파싱실패)
2026-07-23 23:53:38,332 [INFO] __main__ — 뉴스 시점 제외 [지앤비에스 에코]: 3건 (>14일/파싱실패)
2026-07-23 23:53:39,715 [INFO] __main__ — 뉴스 시점 제외 [대신정보통신]: 7건 (>14일/파싱실패)
2026-07-23 23:53:41,181 [INFO] __main__ — 부정 키워드 감지: 33개 종목 (neg_ratio > 0)
2026-07-23 23:53:41,186 [INFO] __main__ — 수급일수충족·합계음수 제외: 126개
2026-07-23 23:53:47,861 [INFO] __main__ — 뉴스 시점 제외 [현대차우]: 13건 (>14일/파싱실패)
2026-07-23 23:53:54,457 [INFO] __main__ — 뉴스 시점 제외 [두산우]: 14건 (>14일/파싱실패)
2026-07-23 23:53:58,165 [INFO] __main__ — 뉴스 시점 제외 [KB발해인프라]: 13건 (>14일/파싱실패)
2026-07-23 23:53:58,609 [INFO] __main__ — 뉴스 시점 제외 [LG전자우]: 7건 (>14일/파싱실패)
2026-07-23 23:54:00,992 [INFO] __main__ — 뉴스 시점 제외 [쿠쿠홀딩스]: 9건 (>14일/파싱실패)
2026-07-23 23:54:02,884 [INFO] __main__ — 뉴스 시점 제외 [한국단자]: 9건 (>14일/파싱실패)
2026-07-23 23:54:03,152 [INFO] __main__ — 뉴스 시점 제외 [한국쉘석유]: 10건 (>14일/파싱실패)
2026-07-23 23:54:03,603 [INFO] __main__ — 뉴스 시점 제외 [한화3우B]: 15건 (>14일/파싱실패)
2026-07-23 23:54:03,627 [INFO] __main__ — 뉴스 시점 제외 [신한알파리츠]: 13건 (>14일/파싱실패)
2026-07-23 23:54:04,830 [INFO] __main__ — 뉴스 시점 제외 [맵스리얼티]: 15건 (>14일/파싱실패)
2026-07-23 23:54:05,758 [INFO] __main__ — 뉴스 시점 제외 [CJ4우(전환)]: 15건 (>14일/파싱실패)
2026-07-23 23:54:06,496 [INFO] __main__ — 뉴스 시점 제외 [삼성FN리츠]: 7건 (>14일/파싱실패)
2026-07-23 23:54:07,108 [INFO] __main__ — 뉴스 시점 제외 [전진건설로봇]: 9건 (>14일/파싱실패)
2026-07-23 23:54:07,212 [INFO] __main__ — 뉴스 시점 제외 [세아홀딩스]: 1건 (>14일/파싱실패)
2026-07-23 23:54:08,812 [INFO] __main__ — 뉴스 시점 제외 [조광피혁]: 10건 (>14일/파싱실패)
2026-07-23 23:54:08,997 [INFO] __main__ — 뉴스 시점 제외 [아모레퍼시픽우]: 10건 (>14일/파싱실패)
2026-07-23 23:54:09,549 [INFO] __main__ — 뉴스 시점 제외 [농심홀딩스]: 1건 (>14일/파싱실패)
2026-07-23 23:54:09,751 [INFO] __main__ — 뉴스 시점 제외 [삼영무역]: 11건 (>14일/파싱실패)
2026-07-23 23:54:10,484 [INFO] __main__ — 뉴스 시점 제외 [일진하이솔루스]: 12건 (>14일/파싱실패)
2026-07-23 23:54:10,499 [INFO] __main__ — 뉴스 시점 제외 [신도리코]: 7건 (>14일/파싱실패)
2026-07-23 23:54:11,259 [INFO] __main__ — 뉴스 시점 제외 [INVENI]: 9건 (>14일/파싱실패)
2026-07-23 23:54:11,992 [INFO] __main__ — 뉴스 시점 제외 [코스모화학]: 4건 (>14일/파싱실패)
2026-07-23 23:54:12,667 [INFO] __main__ — 뉴스 시점 제외 [국도화학]: 5건 (>14일/파싱실패)
2026-07-23 23:54:12,734 [INFO] __main__ — 뉴스 시점 제외 [KPX홀딩스]: 12건 (>14일/파싱실패)
2026-07-23 23:54:14,136 [INFO] __main__ — 뉴스 시점 제외 [현대퓨처넷]: 11건 (>14일/파싱실패)
2026-07-23 23:54:15,074 [INFO] __main__ — 뉴스 시점 제외 [송원산업]: 8건 (>14일/파싱실패)
2026-07-23 23:54:15,105 [INFO] __main__ — 뉴스 시점 제외 [삼성물산우B]: 15건 (>14일/파싱실패)
2026-07-23 23:54:15,796 [INFO] __main__ — 뉴스 시점 제외 [서연이화]: 3건 (>14일/파싱실패)
2026-07-23 23:54:16,533 [INFO] __main__ — 뉴스 시점 제외 [아세아제지]: 5건 (>14일/파싱실패)
2026-07-23 23:54:17,277 [INFO] __main__ — 뉴스 시점 제외 [S-Oil우]: 13건 (>14일/파싱실패)
2026-07-23 23:54:18,843 [INFO] __main__ — 뉴스 시점 제외 [포스코스틸리온]: 4건 (>14일/파싱실패)
2026-07-23 23:54:19,576 [INFO] __main__ — 뉴스 시점 제외 [미창석유]: 10건 (>14일/파싱실패)
2026-07-23 23:54:20,307 [INFO] __main__ — 뉴스 시점 제외 [아이마켓코리아]: 13건 (>14일/파싱실패)
2026-07-23 23:54:20,486 [INFO] __main__ — 뉴스 시점 제외 [이지스밸류플러스리츠]: 12건 (>14일/파싱실패)
2026-07-23 23:54:21,759 [INFO] __main__ — 뉴스 시점 제외 [신한서부티엔디리츠]: 11건 (>14일/파싱실패)
2026-07-23 23:54:21,782 [INFO] __main__ — 뉴스 시점 제외 [모토닉]: 14건 (>14일/파싱실패)
2026-07-23 23:54:21,926 [INFO] __main__ — 뉴스 시점 제외 [KPX케미칼]: 11건 (>14일/파싱실패)
2026-07-23 23:54:22,473 [INFO] __main__ — 뉴스 시점 제외 [DS단석]: 9건 (>14일/파싱실패)
2026-07-23 23:54:22,654 [INFO] __main__ — 뉴스 시점 제외 [YG PLUS]: 9건 (>14일/파싱실패)
2026-07-23 23:54:23,411 [INFO] __main__ — 뉴스 시점 제외 [AJ네트웍스]: 9건 (>14일/파싱실패)
2026-07-23 23:54:24,688 [INFO] __main__ — 뉴스 시점 제외 [LG우]: 15건 (>14일/파싱실패)
2026-07-23 23:54:25,432 [INFO] __main__ — 뉴스 시점 제외 [동성케미컬]: 3건 (>14일/파싱실패)
2026-07-23 23:54:25,654 [INFO] __main__ — 뉴스 시점 제외 [에스엠벡셀]: 10건 (>14일/파싱실패)
2026-07-23 23:54:26,195 [INFO] __main__ — 뉴스 시점 제외 [SJG세종]: 5건 (>14일/파싱실패)
2026-07-23 23:54:28,397 [INFO] __main__ — 뉴스 시점 제외 [금호석유화학우]: 13건 (>14일/파싱실패)
2026-07-23 23:54:28,400 [INFO] __main__ — 뉴스 시점 제외 [NH올원리츠]: 13건 (>14일/파싱실패)
2026-07-23 23:54:28,552 [INFO] __main__ — 뉴스 시점 제외 [유수홀딩스]: 7건 (>14일/파싱실패)
2026-07-23 23:54:29,273 [INFO] __main__ — 뉴스 시점 제외 [신라교역]: 10건 (>14일/파싱실패)
2026-07-23 23:54:30,010 [INFO] __main__ — 뉴스 시점 제외 [아모레퍼시픽홀딩스3우C]: 14건 (>14일/파싱실패)
2026-07-23 23:54:30,599 [INFO] __main__ — 뉴스 시점 제외 [태경산업]: 9건 (>14일/파싱실패)
2026-07-23 23:54:31,300 [INFO] __main__ — 뉴스 시점 제외 [삼양패키징]: 11건 (>14일/파싱실패)
2026-07-23 23:54:31,337 [INFO] __main__ — 뉴스 시점 제외 [일진다이아]: 11건 (>14일/파싱실패)
2026-07-23 23:54:32,029 [INFO] __main__ — 뉴스 시점 제외 [화승코퍼레이션]: 7건 (>14일/파싱실패)
2026-07-23 23:54:32,788 [INFO] __main__ — 뉴스 시점 제외 [이지스레지던스리츠]: 14건 (>14일/파싱실패)
2026-07-23 23:54:33,565 [INFO] __main__ — 뉴스 시점 제외 [인천도시가스]: 9건 (>14일/파싱실패)
2026-07-23 23:54:34,278 [INFO] __main__ — 뉴스 시점 제외 [한국무브넥스]: 14건 (>14일/파싱실패)
2026-07-23 23:54:34,441 [INFO] __main__ — 뉴스 시점 제외 [경동인베스트]: 10건 (>14일/파싱실패)
2026-07-23 23:54:34,979 [INFO] __main__ — 뉴스 시점 제외 [티에이치엔]: 12건 (>14일/파싱실패)
2026-07-23 23:54:35,010 [INFO] __main__ — 뉴스 시점 제외 [조선선재]: 13건 (>14일/파싱실패)
2026-07-23 23:54:36,448 [INFO] __main__ — 뉴스 시점 제외 [DKME]: 13건 (>14일/파싱실패)
2026-07-23 23:54:37,174 [INFO] __main__ — 뉴스 시점 제외 [DL이앤씨2우(전환)]: 15건 (>14일/파싱실패)
2026-07-23 23:54:37,177 [INFO] __main__ — 뉴스 시점 제외 [황금에스티]: 9건 (>14일/파싱실패)
2026-07-23 23:54:37,355 [INFO] __main__ — 뉴스 시점 제외 [KTis]: 9건 (>14일/파싱실패)
2026-07-23 23:54:37,906 [INFO] __main__ — 뉴스 시점 제외 [NI스틸]: 8건 (>14일/파싱실패)
2026-07-23 23:54:37,915 [INFO] __main__ — 뉴스 시점 제외 [인지컨트롤스]: 8건 (>14일/파싱실패)
2026-07-23 23:54:38,640 [INFO] __main__ — 뉴스 시점 제외 [티와이홀딩스]: 11건 (>14일/파싱실패)
2026-07-23 23:54:38,645 [INFO] __main__ — 뉴스 시점 제외 [동일산업]: 3건 (>14일/파싱실패)
2026-07-23 23:54:38,830 [INFO] __main__ — 뉴스 시점 제외 [아주스틸]: 7건 (>14일/파싱실패)
2026-07-23 23:54:39,375 [INFO] __main__ — 뉴스 시점 제외 [CS홀딩스]: 15건 (>14일/파싱실패)
2026-07-23 23:54:39,574 [INFO] __main__ — 뉴스 시점 제외 [한솔로지스틱스]: 1건 (>14일/파싱실패)
2026-07-23 23:54:40,118 [INFO] __main__ — 뉴스 시점 제외 [동인기연]: 12건 (>14일/파싱실패)
2026-07-23 23:54:40,313 [INFO] __main__ — 뉴스 시점 제외 [지엠비코리아]: 12건 (>14일/파싱실패)
2026-07-23 23:54:40,845 [INFO] __main__ — 뉴스 시점 제외 [사조오양]: 9건 (>14일/파싱실패)
2026-07-23 23:54:41,024 [INFO] __main__ — 뉴스 시점 제외 [성창기업지주]: 10건 (>14일/파싱실패)
2026-07-23 23:54:42,301 [INFO] __main__ — 뉴스 시점 제외 [유한양행우]: 13건 (>14일/파싱실패)
2026-07-23 23:54:42,496 [INFO] __main__ — 뉴스 시점 제외 [미래에셋글로벌리츠]: 11건 (>14일/파싱실패)
2026-07-23 23:54:43,549 [INFO] __main__ — 뉴스 시점 제외 [휴니드]: 9건 (>14일/파싱실패)
2026-07-23 23:54:43,783 [INFO] __main__ — 뉴스 시점 제외 [코오롱인더우]: 15건 (>14일/파싱실패)
2026-07-23 23:54:44,306 [INFO] __main__ — 뉴스 시점 제외 [남양유업우]: 15건 (>14일/파싱실패)
2026-07-23 23:54:44,308 [INFO] __main__ — 뉴스 시점 제외 [삼성출판사]: 5건 (>14일/파싱실패)
2026-07-23 23:54:45,050 [INFO] __main__ — 뉴스 시점 제외 [디와이덕양]: 10건 (>14일/파싱실패)
2026-07-23 23:54:45,055 [INFO] __main__ — 뉴스 시점 제외 [보락]: 1건 (>14일/파싱실패)
2026-07-23 23:54:45,808 [INFO] __main__ — 뉴스 시점 제외 [호전실업]: 9건 (>14일/파싱실패)
2026-07-23 23:54:46,541 [INFO] __main__ — 뉴스 시점 제외 [한국특강]: 7건 (>14일/파싱실패)
2026-07-23 23:54:47,267 [INFO] __main__ — 뉴스 시점 제외 [현대건설우]: 14건 (>14일/파싱실패)
2026-07-23 23:54:47,286 [INFO] __main__ — 뉴스 시점 제외 [유안타증권우]: 14건 (>14일/파싱실패)
2026-07-23 23:54:48,003 [INFO] __main__ — 뉴스 시점 제외 [인바이오젠]: 8건 (>14일/파싱실패)
2026-07-23 23:54:48,016 [INFO] __main__ — 뉴스 시점 제외 [대덕전자1우]: 13건 (>14일/파싱실패)
2026-07-23 23:54:48,250 [INFO] __main__ — 뉴스 시점 제외 [SJM홀딩스]: 14건 (>14일/파싱실패)
2026-07-23 23:54:48,939 [INFO] __main__ — 뉴스 시점 제외 [SG세계물산]: 9건 (>14일/파싱실패)
2026-07-23 23:54:48,945 [INFO] __main__ — 뉴스 시점 제외 [BYC우]: 14건 (>14일/파싱실패)
2026-07-23 23:54:49,665 [INFO] __main__ — 뉴스 시점 제외 [DL이앤씨우]: 14건 (>14일/파싱실패)
2026-07-23 23:54:49,685 [INFO] __main__ — 뉴스 시점 제외 [케이비아이동국실업]: 15건 (>14일/파싱실패)
2026-07-23 23:54:49,718 [INFO] __main__ — 뉴스 시점 제외 [한화솔루션우]: 13건 (>14일/파싱실패)
2026-07-23 23:54:50,373 [INFO] __main__ — 뉴스 시점 제외 [미래에셋맵스리츠]: 13건 (>14일/파싱실패)
2026-07-23 23:54:50,611 [INFO] __main__ — 뉴스 시점 제외 [유성기업]: 13건 (>14일/파싱실패)
2026-07-23 23:54:50,622 [INFO] __main__ — 뉴스 시점 제외 [SK케미칼우]: 14건 (>14일/파싱실패)
2026-07-23 23:54:51,332 [INFO] __main__ — 뉴스 시점 제외 [문배철강]: 10건 (>14일/파싱실패)
2026-07-23 23:54:51,834 [INFO] __main__ — 뉴스 시점 제외 [SB성보]: 8건 (>14일/파싱실패)
2026-07-23 23:54:52,056 [INFO] __main__ — 뉴스 시점 제외 [조광페인트]: 5건 (>14일/파싱실패)
2026-07-23 23:54:52,270 [INFO] __main__ — 뉴스 시점 제외 [영화금속]: 5건 (>14일/파싱실패)
2026-07-23 23:54:52,764 [INFO] __main__ — 뉴스 시점 제외 [씨케이솔루션]: 12건 (>14일/파싱실패)
2026-07-23 23:54:52,811 [INFO] __main__ — 뉴스 시점 제외 [케이탑리츠]: 14건 (>14일/파싱실패)
2026-07-23 23:54:52,988 [INFO] __main__ — 뉴스 시점 제외 [DL우]: 14건 (>14일/파싱실패)
2026-07-23 23:54:53,503 [INFO] __main__ — 뉴스 시점 제외 [유니켐]: 10건 (>14일/파싱실패)
2026-07-23 23:54:53,518 [INFO] __main__ — 뉴스 시점 제외 [세우글로벌]: 14건 (>14일/파싱실패)
2026-07-23 23:54:54,221 [INFO] __main__ — 뉴스 시점 제외 [한창제지]: 6건 (>14일/파싱실패)
2026-07-23 23:54:54,526 [INFO] __main__ — 뉴스 시점 제외 [세방우]: 15건 (>14일/파싱실패)
2026-07-23 23:54:54,527 [INFO] __main__ — 뉴스 시점 제외 [우진아이엔에스]: 10건 (>14일/파싱실패)
2026-07-23 23:54:55,256 [INFO] __main__ — 뉴스 시점 제외 [MH에탄올]: 9건 (>14일/파싱실패)
2026-07-23 23:54:56,011 [INFO] __main__ — 뉴스 시점 제외 [미래아이앤지]: 5건 (>14일/파싱실패)
2026-07-23 23:54:56,749 [INFO] __main__ — 뉴스 시점 제외 [WISCOM]: 10건 (>14일/파싱실패)
2026-07-23 23:55:01,258 [INFO] __main__ — 뉴스 시점 제외 [큐리옥스바이오시스템즈]: 11건 (>14일/파싱실패)
2026-07-23 23:55:03,512 [INFO] __main__ — 뉴스 시점 제외 [펌텍코리아]: 10건 (>14일/파싱실패)
2026-07-23 23:55:08,625 [INFO] __main__ — 뉴스 시점 제외 [인화정공]: 13건 (>14일/파싱실패)
2026-07-23 23:55:10,144 [INFO] __main__ — 뉴스 시점 제외 [한국알콜]: 4건 (>14일/파싱실패)
2026-07-23 23:55:12,718 [INFO] __main__ — 뉴스 시점 제외 [우주일렉트로]: 6건 (>14일/파싱실패)
2026-07-23 23:55:13,443 [INFO] __main__ — 뉴스 시점 제외 [세보엠이씨]: 8건 (>14일/파싱실패)
2026-07-23 23:55:13,465 [INFO] __main__ — 뉴스 시점 제외 [아스테라시스]: 11건 (>14일/파싱실패)
2026-07-23 23:55:14,148 [INFO] __main__ — 뉴스 시점 제외 [폰드그룹]: 4건 (>14일/파싱실패)
2026-07-23 23:55:14,875 [INFO] __main__ — 뉴스 시점 제외 [케이티알파]: 9건 (>14일/파싱실패)
2026-07-23 23:55:15,174 [INFO] __main__ — 뉴스 시점 제외 [삼목에스폼]: 4건 (>14일/파싱실패)
2026-07-23 23:55:15,620 [INFO] __main__ — 뉴스 시점 제외 [슈어소프트테크]: 5건 (>14일/파싱실패)
2026-07-23 23:55:15,639 [INFO] __main__ — 뉴스 시점 제외 [코텍]: 9건 (>14일/파싱실패)
2026-07-23 23:55:18,226 [INFO] __main__ — 뉴스 시점 제외 [네오위즈홀딩스]: 8건 (>14일/파싱실패)
2026-07-23 23:55:19,013 [INFO] __main__ — 뉴스 시점 제외 [도우인시스]: 7건 (>14일/파싱실패)
2026-07-23 23:55:19,902 [INFO] __main__ — 뉴스 시점 제외 [엠로]: 7건 (>14일/파싱실패)
2026-07-23 23:55:19,912 [INFO] __main__ — 뉴스 시점 제외 [국보디자인]: 5건 (>14일/파싱실패)
2026-07-23 23:55:20,635 [INFO] __main__ — 뉴스 시점 제외 [아이디스]: 9건 (>14일/파싱실패)
2026-07-23 23:55:20,651 [INFO] __main__ — 뉴스 시점 제외 [코메론]: 11건 (>14일/파싱실패)
2026-07-23 23:55:23,649 [INFO] __main__ — 뉴스 시점 제외 [코리아에프티]: 5건 (>14일/파싱실패)
2026-07-23 23:55:24,544 [INFO] __main__ — 뉴스 시점 제외 [유비쿼스홀딩스]: 14건 (>14일/파싱실패)
2026-07-23 23:55:24,571 [INFO] __main__ — 뉴스 시점 제외 [아나패스]: 10건 (>14일/파싱실패)
2026-07-23 23:55:25,306 [INFO] __main__ — 뉴스 시점 제외 [하이비젼시스템]: 5건 (>14일/파싱실패)
2026-07-23 23:55:26,015 [INFO] __main__ — 뉴스 시점 제외 [현대이지웰]: 11건 (>14일/파싱실패)
2026-07-23 23:55:26,978 [INFO] __main__ — 뉴스 시점 제외 [동국산업]: 8건 (>14일/파싱실패)
2026-07-23 23:55:29,153 [INFO] __main__ — 뉴스 시점 제외 [윤성에프앤씨]: 13건 (>14일/파싱실패)
2026-07-23 23:55:31,325 [INFO] __main__ — 뉴스 시점 제외 [지어소프트]: 6건 (>14일/파싱실패)
2026-07-23 23:55:31,862 [INFO] __main__ — 뉴스 시점 제외 [유아이엘]: 10건 (>14일/파싱실패)
2026-07-23 23:55:32,595 [INFO] __main__ — 뉴스 시점 제외 [현대에버다임]: 9건 (>14일/파싱실패)
2026-07-23 23:55:33,501 [INFO] __main__ — 뉴스 시점 제외 [메타바이오메드]: 5건 (>14일/파싱실패)
2026-07-23 23:55:33,756 [INFO] __main__ — 뉴스 시점 제외 [대정화금]: 12건 (>14일/파싱실패)
2026-07-23 23:55:34,238 [INFO] __main__ — 뉴스 시점 제외 [케이알엠]: 6건 (>14일/파싱실패)
2026-07-23 23:55:34,480 [INFO] __main__ — 뉴스 시점 제외 [우리손에프앤지]: 14건 (>14일/파싱실패)
2026-07-23 23:55:34,973 [INFO] __main__ — 뉴스 시점 제외 [탑런토탈솔루션]: 11건 (>14일/파싱실패)
2026-07-23 23:55:35,189 [INFO] __main__ — 뉴스 시점 제외 [엠에스오토텍]: 14건 (>14일/파싱실패)
2026-07-23 23:55:35,509 [INFO] __main__ — 뉴스 시점 제외 [케이씨에스]: 9건 (>14일/파싱실패)
2026-07-23 23:55:35,891 [INFO] __main__ — 뉴스 시점 제외 [일승]: 4건 (>14일/파싱실패)
2026-07-23 23:55:35,915 [INFO] __main__ — 뉴스 시점 제외 [코아스템켐온]: 8건 (>14일/파싱실패)
2026-07-23 23:55:36,605 [INFO] __main__ — 뉴스 시점 제외 [링네트]: 9건 (>14일/파싱실패)
2026-07-23 23:55:36,644 [INFO] __main__ — 뉴스 시점 제외 [풍국주정]: 14건 (>14일/파싱실패)
2026-07-23 23:55:36,966 [INFO] __main__ — 뉴스 시점 제외 [아미노로직스]: 11건 (>14일/파싱실패)
2026-07-23 23:55:37,337 [INFO] __main__ — 뉴스 시점 제외 [나노팀]: 9건 (>14일/파싱실패)
2026-07-23 23:55:37,382 [INFO] __main__ — 뉴스 시점 제외 [디와이피엔에프]: 13건 (>14일/파싱실패)
2026-07-23 23:55:38,793 [INFO] __main__ — 뉴스 시점 제외 [서원인텍]: 14건 (>14일/파싱실패)
2026-07-23 23:55:39,921 [INFO] __main__ — 뉴스 시점 제외 [에이치피오]: 9건 (>14일/파싱실패)
2026-07-23 23:55:40,253 [INFO] __main__ — 뉴스 시점 제외 [오상헬스케어]: 12건 (>14일/파싱실패)
2026-07-23 23:55:40,629 [INFO] __main__ — 뉴스 시점 제외 [테라뷰]: 10건 (>14일/파싱실패)
2026-07-23 23:55:40,984 [INFO] __main__ — 뉴스 시점 제외 [창해에탄올]: 10건 (>14일/파싱실패)
2026-07-23 23:55:41,711 [INFO] __main__ — 뉴스 시점 제외 [삼영엠텍]: 5건 (>14일/파싱실패)
2026-07-23 23:55:42,438 [INFO] __main__ — 뉴스 시점 제외 [에이치엔에스하이텍]: 15건 (>14일/파싱실패)
2026-07-23 23:55:43,255 [INFO] __main__ — 뉴스 시점 제외 [엑세스바이오]: 9건 (>14일/파싱실패)
2026-07-23 23:55:43,560 [INFO] __main__ — 뉴스 시점 제외 [디알텍]: 2건 (>14일/파싱실패)
2026-07-23 23:55:45,775 [INFO] __main__ — 뉴스 시점 제외 [리드코프]: 13건 (>14일/파싱실패)
2026-07-23 23:55:46,493 [INFO] __main__ — 뉴스 시점 제외 [이상네트웍스]: 12건 (>14일/파싱실패)
2026-07-23 23:55:47,233 [INFO] __main__ — 뉴스 시점 제외 [드림씨아이에스]: 6건 (>14일/파싱실패)
2026-07-23 23:55:47,984 [INFO] __main__ — 뉴스 시점 제외 [엔브이에이치코리아]: 13건 (>14일/파싱실패)
2026-07-23 23:55:47,987 [INFO] __main__ — 뉴스 시점 제외 [삐아]: 6건 (>14일/파싱실패)
2026-07-23 23:55:47,997 [INFO] __main__ — 뉴스 시점 제외 [엠엑스온]: 11건 (>14일/파싱실패)
2026-07-23 23:55:48,712 [INFO] __main__ — 뉴스 시점 제외 [한일단조]: 12건 (>14일/파싱실패)
2026-07-23 23:55:48,718 [INFO] __main__ — 뉴스 시점 제외 [싸이토젠]: 13건 (>14일/파싱실패)
2026-07-23 23:55:49,457 [INFO] __main__ — 뉴스 시점 제외 [블루콤]: 14건 (>14일/파싱실패)
2026-07-23 23:55:49,481 [INFO] __main__ — 뉴스 시점 제외 [바이오스마트]: 6건 (>14일/파싱실패)
2026-07-23 23:55:50,179 [INFO] __main__ — 뉴스 시점 제외 [태웅로직스]: 9건 (>14일/파싱실패)
2026-07-23 23:55:50,180 [INFO] __main__ — 뉴스 시점 제외 [모델솔루션]: 7건 (>14일/파싱실패)
2026-07-23 23:55:50,223 [INFO] __main__ — 뉴스 시점 제외 [팅크웨어]: 8건 (>14일/파싱실패)
2026-07-23 23:55:51,667 [INFO] __main__ — 뉴스 시점 제외 [피제이전자]: 11건 (>14일/파싱실패)
2026-07-23 23:55:52,435 [INFO] __main__ — 뉴스 시점 제외 [피제이메탈]: 11건 (>14일/파싱실패)
2026-07-23 23:55:53,193 [INFO] __main__ — 뉴스 시점 제외 [센코]: 5건 (>14일/파싱실패)
2026-07-23 23:55:53,195 [INFO] __main__ — 뉴스 시점 제외 [유라테크]: 14건 (>14일/파싱실패)
2026-07-23 23:55:53,859 [INFO] __main__ — 뉴스 시점 제외 [큐에스아이]: 9건 (>14일/파싱실패)
2026-07-23 23:55:55,339 [INFO] __main__ — 뉴스 시점 제외 [드림어스컴퍼니]: 7건 (>14일/파싱실패)
2026-07-23 23:55:56,112 [INFO] __main__ — 뉴스 시점 제외 [아이티센엔텍]: 9건 (>14일/파싱실패)
2026-07-23 23:55:56,294 [INFO] __main__ — 뉴스 시점 제외 [고바이오랩]: 8건 (>14일/파싱실패)
2026-07-23 23:55:57,024 [INFO] __main__ — 뉴스 시점 제외 [스마트레이더시스템]: 13건 (>14일/파싱실패)
2026-07-23 23:55:57,036 [INFO] __main__ — 뉴스 시점 제외 [케이피항공산업]: 8건 (>14일/파싱실패)
2026-07-23 23:55:57,752 [INFO] __main__ — 뉴스 시점 제외 [케이엘넷]: 12건 (>14일/파싱실패)
2026-07-23 23:55:58,553 [INFO] __main__ — 뉴스 시점 제외 [알파칩스]: 8건 (>14일/파싱실패)
2026-07-23 23:55:59,191 [INFO] __main__ — 뉴스 시점 제외 [트루엔]: 12건 (>14일/파싱실패)
2026-07-23 23:55:59,266 [INFO] __main__ — 뉴스 시점 제외 [인크로스]: 5건 (>14일/파싱실패)
2026-07-23 23:55:59,953 [INFO] __main__ — 뉴스 시점 제외 [지에스이]: 8건 (>14일/파싱실패)
2026-07-23 23:55:59,986 [INFO] __main__ — 뉴스 시점 제외 [오리콤]: 7건 (>14일/파싱실패)
2026-07-23 23:56:00,829 [INFO] __main__ — 뉴스 시점 제외 [화성밸브]: 12건 (>14일/파싱실패)
2026-07-23 23:56:00,839 [INFO] __main__ — 뉴스 시점 제외 [코츠테크놀로지]: 9건 (>14일/파싱실패)
2026-07-23 23:56:00,847 [INFO] __main__ — 뉴스 시점 제외 [이노메트리]: 4건 (>14일/파싱실패)
2026-07-23 23:56:01,572 [INFO] __main__ — 뉴스 시점 제외 [한국선재]: 13건 (>14일/파싱실패)
2026-07-23 23:56:01,747 [INFO] __main__ — 뉴스 시점 제외 [셀바이오휴먼텍]: 11건 (>14일/파싱실패)
2026-07-23 23:56:02,474 [INFO] __main__ — 뉴스 시점 제외 [퓨런티어]: 11건 (>14일/파싱실패)
2026-07-23 23:56:03,040 [INFO] __main__ — 뉴스 시점 제외 [세코닉스]: 8건 (>14일/파싱실패)
2026-07-23 23:56:03,205 [INFO] __main__ — 뉴스 시점 제외 [에르코스]: 8건 (>14일/파싱실패)
2026-07-23 23:56:03,215 [INFO] __main__ — 뉴스 시점 제외 [코렌텍]: 11건 (>14일/파싱실패)
2026-07-23 23:56:03,959 [INFO] __main__ — 뉴스 시점 제외 [더블유에스아이]: 13건 (>14일/파싱실패)
2026-07-23 23:56:04,042 [INFO] __main__ — 뉴스 시점 제외 [이닉스]: 14건 (>14일/파싱실패)
2026-07-23 23:56:04,748 [INFO] __main__ — 뉴스 시점 제외 [엠투엔]: 13건 (>14일/파싱실패)
2026-07-23 23:56:05,610 [INFO] __main__ — 뉴스 시점 제외 [제이투케이바이오]: 8건 (>14일/파싱실패)
2026-07-23 23:56:06,377 [INFO] __main__ — 뉴스 시점 제외 [덕우전자]: 12건 (>14일/파싱실패)
2026-07-23 23:56:06,689 [INFO] __main__ — 뉴스 시점 제외 [에스엠씨지]: 13건 (>14일/파싱실패)
2026-07-23 23:56:08,186 [INFO] __main__ — 뉴스 시점 제외 [코콤]: 7건 (>14일/파싱실패)
2026-07-23 23:56:08,960 [INFO] __main__ — 뉴스 시점 제외 [현우산업]: 11건 (>14일/파싱실패)
2026-07-23 23:56:08,962 [INFO] __main__ — 뉴스 시점 제외 [흥국에프엔비]: 7건 (>14일/파싱실패)
2026-07-23 23:56:10,197 [INFO] __main__ — 뉴스 시점 제외 [오상자이엘]: 13건 (>14일/파싱실패)
2026-07-23 23:56:10,604 [INFO] __main__ — 뉴스 시점 제외 [씨유테크]: 14건 (>14일/파싱실패)
2026-07-23 23:56:10,925 [INFO] __main__ — 뉴스 시점 제외 [에어레인]: 4건 (>14일/파싱실패)
2026-07-23 23:56:11,332 [INFO] __main__ — 뉴스 시점 제외 [제이엠티]: 13건 (>14일/파싱실패)
2026-07-23 23:56:11,345 [INFO] __main__ — 뉴스 시점 제외 [HC홈센타]: 13건 (>14일/파싱실패)
2026-07-23 23:56:11,845 [INFO] __main__ — 뉴스 시점 제외 [제이피아이헬스케어]: 14건 (>14일/파싱실패)
2026-07-23 23:56:12,569 [INFO] __main__ — 뉴스 시점 제외 [동방선기]: 10건 (>14일/파싱실패)
2026-07-23 23:56:12,785 [INFO] __main__ — 뉴스 시점 제외 [디케이앤디]: 12건 (>14일/파싱실패)
2026-07-23 23:56:13,303 [INFO] __main__ — 뉴스 시점 제외 [린드먼아시아]: 15건 (>14일/파싱실패)
2026-07-23 23:56:13,507 [INFO] __main__ — 뉴스 시점 제외 [대창스틸]: 10건 (>14일/파싱실패)
2026-07-23 23:56:14,227 [INFO] __main__ — 뉴스 시점 제외 [서린바이오]: 11건 (>14일/파싱실패)
2026-07-23 23:56:14,989 [INFO] __main__ — 뉴스 시점 제외 [램테크놀러지]: 2건 (>14일/파싱실패)
2026-07-23 23:56:15,732 [INFO] __main__ — 뉴스 시점 제외 [ES큐브]: 15건 (>14일/파싱실패)
2026-07-23 23:56:16,464 [INFO] __main__ — 뉴스 시점 제외 [케일럼]: 10건 (>14일/파싱실패)
2026-07-23 23:56:16,609 [INFO] __main__ — 뉴스 시점 제외 [케이디켐]: 11건 (>14일/파싱실패)
2026-07-23 23:56:17,407 [INFO] __main__ — 뉴스 시점 제외 [아세아텍]: 13건 (>14일/파싱실패)
2026-07-23 23:56:17,414 [INFO] __main__ — 뉴스 시점 제외 [DH오토리드]: 15건 (>14일/파싱실패)
2026-07-23 23:56:17,933 [INFO] __main__ — 뉴스 시점 제외 [이엠넷]: 8건 (>14일/파싱실패)
2026-07-23 23:56:18,157 [INFO] __main__ — 뉴스 시점 제외 [마이크로디지탈]: 13건 (>14일/파싱실패)
2026-07-23 23:56:18,189 [INFO] __main__ — 뉴스 시점 제외 [백금T&A]: 8건 (>14일/파싱실패)
2026-07-23 23:56:18,654 [INFO] __main__ — 뉴스 시점 제외 [한네트]: 15건 (>14일/파싱실패)
2026-07-23 23:56:19,634 [INFO] __main__ — 뉴스 시점 제외 [서연탑메탈]: 13건 (>14일/파싱실패)
2026-07-23 23:56:19,973 [INFO] __main__ — 뉴스 시점 제외 [보라티알]: 12건 (>14일/파싱실패)
2026-07-23 23:56:20,535 [INFO] __main__ — 뉴스 시점 제외 [씨큐브]: 10건 (>14일/파싱실패)
2026-07-23 23:56:21,027 [INFO] __main__ — 뉴스 시점 제외 [에코캡]: 13건 (>14일/파싱실패)
2026-07-23 23:56:21,251 [INFO] __main__ — 뉴스 시점 제외 [스튜디오미르]: 6건 (>14일/파싱실패)
2026-07-23 23:56:21,617 [INFO] __main__ — 뉴스 시점 제외 [인스피언]: 15건 (>14일/파싱실패)
2026-07-23 23:56:22,326 [INFO] __main__ — 뉴스 시점 제외 [삼화네트웍스]: 6건 (>14일/파싱실패)
2026-07-23 23:56:22,704 [INFO] __main__ — 뉴스 시점 제외 [팬엔터테인먼트]: 10건 (>14일/파싱실패)
2026-07-23 23:56:23,060 [INFO] __main__ — 뉴스 시점 제외 [큐캐피탈]: 6건 (>14일/파싱실패)
2026-07-23 23:56:23,441 [INFO] __main__ — 뉴스 시점 제외 [미트박스]: 10건 (>14일/파싱실패)
2026-07-23 23:56:24,176 [INFO] __main__ — 뉴스 시점 제외 [기산텔레콤]: 6건 (>14일/파싱실패)
2026-07-23 23:56:24,861 [INFO] __main__ — 뉴스 시점 제외 [와토스코리아]: 10건 (>14일/파싱실패)
2026-07-23 23:56:25,093 [INFO] __main__ — 뉴스 시점 제외 [메가엠디]: 14건 (>14일/파싱실패)
2026-07-23 23:56:25,468 [INFO] __main__ — 뉴스 시점 제외 [제이엔비]: 9건 (>14일/파싱실패)
2026-07-23 23:56:25,578 [INFO] __main__ — 뉴스 시점 제외 [티디에스팜]: 8건 (>14일/파싱실패)
2026-07-23 23:56:25,840 [INFO] __main__ — 뉴스 시점 제외 [이삭엔지니어링]: 9건 (>14일/파싱실패)
2026-07-23 23:56:26,313 [INFO] __main__ — 뉴스 시점 제외 [에스프리즘]: 12건 (>14일/파싱실패)
2026-07-23 23:56:26,414 [INFO] __main__ — POOL_A 후보 부정뉴스 2차 조회: 642개
2026-07-23 23:56:26,419 [INFO] __main__ — POOL_A: 1117개 (A:658 B:257 동시:202) | 부정게이트 제외:15
  대형:88 중형:230 소형:799
2026-07-23 23:56:26,429 [INFO] __main__ —   → POOL_A: 1117개
2026-07-23 23:56:26,429 [INFO] __main__ — ▶ Step 2: 하드 필터링
2026-07-23 23:56:26,430 [INFO] __main__ — 하드 필터 제거: 1097개 | 과열배제 51 | 이격도상한 16 | 이격도하한 163 | MA추세 805 | RSI과열 2 | 거래대금 60
2026-07-23 23:56:26,431 [INFO] __main__ — 과열 gated 기록: 51개 → gated_tickers
2026-07-23 23:56:26,432 [INFO] __main__ — POOL_B: 20개 | 대형:2 중형:4 소형:14
2026-07-23 23:56:26,432 [INFO] __main__ —   → POOL_B: 20개
2026-07-23 23:56:26,432 [INFO] __main__ — ▶ Step 3: 스코어링 (FinBERT 감성 분석)
2026-07-23 23:56:26,432 [INFO] __main__ — NaverClient: 3개 키 로드 (DataLab·검색 독립 회전)
2026-07-23 23:56:26,432 [INFO] __main__ — 텍스트 캐시 전체 적중: 20종목 (외부 API 0건)
2026-07-23 23:56:26,433 [INFO] __main__ — FinBERT 감성 분석 (finbert 모드)...
2026-07-23 23:56:26,433 [INFO] __main__ — FinBERT 로딩: snunlp/KR-FinBert-SC (CPU, batch=8)
2026-07-23 23:56:26,503 [INFO] httpx — HTTP Request: GET https://huggingface.co/api/agent-harnesses "HTTP/1.1 200 OK"
2026-07-23 23:56:26,525 [INFO] httpx — HTTP Request: HEAD https://huggingface.co/snunlp/KR-FinBert-SC/resolve/main/config.json "HTTP/1.1 307 Temporary Redirect"
2026-07-23 23:56:26,526 [WARNING] huggingface_hub.utils._http — Warning: You are sending unauthenticated requests to the HF Hub. Please set a HF_TOKEN to enable higher rate limits and faster downloads.
2026-07-23 23:56:26,539 [INFO] httpx — HTTP Request: HEAD https://huggingface.co/api/resolve-cache/models/snunlp/KR-FinBert-SC/f8586286cc3161fb648e9fee09a456069fd846d0/config.json "HTTP/1.1 200 OK"
2026-07-23 23:56:26,578 [INFO] httpx — HTTP Request: HEAD https://huggingface.co/snunlp/KR-FinBert-SC/resolve/main/model.safetensors "HTTP/1.1 404 Not Found"
2026-07-23 23:56:26,603 [INFO] httpx — HTTP Request: GET https://huggingface.co/api/models/snunlp/KR-FinBert-SC "HTTP/1.1 200 OK"
2026-07-23 23:56:26,669 [INFO] httpx — HTTP Request: GET https://huggingface.co/api/models/snunlp/KR-FinBert-SC/commits/main "HTTP/1.1 200 OK"
2026-07-23 23:56:26,704 [INFO] httpx — HTTP Request: GET https://huggingface.co/api/models/snunlp/KR-FinBert-SC/discussions?p=0 "HTTP/1.1 200 OK"
2026-07-23 23:56:26,737 [INFO] httpx — HTTP Request: GET https://huggingface.co/api/models/snunlp/KR-FinBert-SC/tree/main/additional_chat_templates?recursive=false&expand=false "HTTP/1.1 404 Not Found"
2026-07-23 23:56:26,742 [INFO] httpx — HTTP Request: GET https://huggingface.co/api/models/snunlp/KR-FinBert-SC/commits/refs%2Fpr%2F3 "HTTP/1.1 200 OK"
2026-07-23 23:56:26,760 [INFO] httpx — HTTP Request: GET https://huggingface.co/api/models/snunlp/KR-FinBert-SC/tree/main?recursive=true&expand=false "HTTP/1.1 200 OK"
2026-07-23 23:56:26,767 [INFO] httpx — HTTP Request: HEAD https://huggingface.co/snunlp/KR-FinBert-SC/resolve/refs%2Fpr%2F3/model.safetensors.index.json "HTTP/1.1 404 Not Found"
2026-07-23 23:56:26,795 [INFO] httpx — HTTP Request: HEAD https://huggingface.co/snunlp/KR-FinBert-SC/resolve/refs%2Fpr%2F3/model.safetensors "HTTP/1.1 302 Found"
2026-07-23 23:56:26,806 [INFO] httpx — HTTP Request: HEAD https://huggingface.co/snunlp/KR-FinBert-SC/resolve/main/processor_config.json "HTTP/1.1 404 Not Found"
2026-07-23 23:56:26,827 [INFO] httpx — HTTP Request: HEAD https://huggingface.co/snunlp/KR-FinBert-SC/resolve/main/video_preprocessor_config.json "HTTP/1.1 404 Not Found"
2026-07-23 23:56:26,851 [INFO] httpx — HTTP Request: HEAD https://huggingface.co/snunlp/KR-FinBert-SC/resolve/main/preprocessor_config.json "HTTP/1.1 404 Not Found"
2026-07-23 23:56:26,852 [INFO] __main__ — FinBERT 로드 완료 (CPU)
2026-07-23 23:56:32,971 [INFO] __main__ — Phase A.1: 매핑 신뢰도 < 0.5 → 감성 점수 폐기 15건
2026-07-23 23:56:32,971 [INFO] __main__ — 스코어링: 20개 | 집중:1 | FinBERT:finbert
2026-07-23 23:56:32,987 [INFO] __main__ —   → 20개
2026-07-23 23:56:32,988 [INFO] __main__ — ▶ Step 4: 발송
2026-07-23 23:56:37,095 [WARNING] __main__ — 텔레그램 발송 실패 그룹 → mark_sent skip 3개 (다음 실행 시 재발송 대상)
2026-07-23 23:56:37,095 [INFO] __main__ — DB 기록: 1개 / 전체 to_send 4개
2026-07-23 23:56:37,095 [INFO] __main__ — 발송: 집중 1 / 주시 0
2026-07-23 23:56:37,095 [INFO] __main__ — 완료  |  소요: 1368.2초
