2026-06-22 15:08:03,824 [INFO] __main__ — config 검증 완료 ✓
2026-06-22 15:08:03,824 [INFO] __main__ — ============================================================
2026-06-22 15:08:03,824 [INFO] __main__ — AlphaRadar v3.3.1  |  기준일: 20260622
2026-06-22 15:08:03,824 [INFO] __main__ — S = T×0.3 + S_text×0.4 + D×0.3
2026-06-22 15:08:03,824 [INFO] __main__ — ============================================================
2026-06-22 15:08:03,824 [INFO] __main__ — ▶ Step 0: 유니버스 필터링
2026-06-22 15:08:03,990 [INFO] __main__ — FDR 데이터 수집: 20251217 ~ 20260622
2026-06-22 15:08:06,260 [INFO] __main__ — KOSPI: 946개 | 섹터정보 836개 (DART +836개 보완)
2026-06-22 15:08:06,261 [INFO] __main__ — KOSDAQ: 1822개 | 섹터정보 1822개
2026-06-22 15:08:06,261 [INFO] __main__ — 전체: 2768개
2026-06-22 15:08:08,841 [INFO] __main__ — KIS 토큰 발급 완료
2026-06-22 15:24:15,894 [INFO] __main__ — DART corp_code 매핑: 2192/2246개 (97%)
2026-06-22 15:24:15,894 [INFO] __main__ — 유효 유니버스: 2246개
2026-06-22 15:24:15,905 [INFO] __main__ —   → 2246개
2026-06-22 15:24:15,905 [INFO] __main__ — ▶ Step 1: 신호 탐지
2026-06-22 15:24:15,905 [INFO] __main__ — NaverClient: 3개 키 로드 (DataLab·검색 독립 회전)
2026-06-22 15:24:15,905 [INFO] __main__ — 관심 지수 및 부정 뉴스 비율 조회 중...
2026-06-22 15:28:24,062 [INFO] __main__ — 부정 키워드 감지: 31개 종목 (neg_ratio > 0)
2026-06-22 15:28:24,067 [INFO] __main__ — POOL_A: 706개 (A:686 B:2 동시:18)
  대형:40 중형:152 소형:514
2026-06-22 15:28:24,072 [INFO] __main__ —   → POOL_A: 706개
2026-06-22 15:28:24,072 [INFO] __main__ — ▶ Step 2: 하드 필터링
2026-06-22 15:28:24,073 [INFO] __main__ — 하드 필터 제거: 667개 | 이격도상한 42 | 이격도하한 316 | MA추세 249 | RSI과열 4 | 거래대금 56
2026-06-22 15:28:24,073 [INFO] __main__ — POOL_B: 39개 | 대형:5 중형:18 소형:16
2026-06-22 15:28:24,073 [INFO] __main__ —   → POOL_B: 39개
2026-06-22 15:28:24,073 [INFO] __main__ — ▶ Step 3: 스코어링 (FinBERT 감성 분석)
2026-06-22 15:28:24,073 [INFO] __main__ — NaverClient: 3개 키 로드 (DataLab·검색 독립 회전)
2026-06-22 15:28:24,074 [INFO] __main__ — 텍스트 신규 수집: 39종목 (캐시 적중 0종목)
2026-06-22 15:29:30,190 [INFO] __main__ — 수집 완료: 뉴스 350건 | 공시 285건
2026-06-22 15:29:30,191 [INFO] __main__ — FinBERT 감성 분석 (finbert 모드)...
2026-06-22 15:29:30,191 [INFO] __main__ — FinBERT 로딩: snunlp/KR-FinBert-SC (CPU, batch=8)
2026-06-22 15:29:30,263 [INFO] httpx — HTTP Request: GET https://huggingface.co/api/agent-harnesses "HTTP/1.1 200 OK"
2026-06-22 15:29:30,281 [INFO] httpx — HTTP Request: HEAD https://huggingface.co/snunlp/KR-FinBert-SC/resolve/main/config.json "HTTP/1.1 307 Temporary Redirect"
2026-06-22 15:29:30,288 [INFO] httpx — HTTP Request: HEAD https://huggingface.co/api/resolve-cache/models/snunlp/KR-FinBert-SC/f8586286cc3161fb648e9fee09a456069fd846d0/config.json "HTTP/1.1 200 OK"
2026-06-22 15:29:30,325 [INFO] httpx — HTTP Request: HEAD https://huggingface.co/snunlp/KR-FinBert-SC/resolve/main/model.safetensors "HTTP/1.1 404 Not Found"
2026-06-22 15:29:30,344 [INFO] httpx — HTTP Request: GET https://huggingface.co/api/models/snunlp/KR-FinBert-SC "HTTP/1.1 200 OK"
2026-06-22 15:29:30,378 [INFO] httpx — HTTP Request: GET https://huggingface.co/api/models/snunlp/KR-FinBert-SC/commits/main "HTTP/1.1 200 OK"
2026-06-22 15:29:30,405 [INFO] httpx — HTTP Request: GET https://huggingface.co/api/models/snunlp/KR-FinBert-SC/discussions?p=0 "HTTP/1.1 200 OK"
2026-06-22 15:29:30,449 [INFO] httpx — HTTP Request: GET https://huggingface.co/api/models/snunlp/KR-FinBert-SC/commits/refs%2Fpr%2F3 "HTTP/1.1 200 OK"
2026-06-22 15:29:30,476 [INFO] httpx — HTTP Request: GET https://huggingface.co/api/models/snunlp/KR-FinBert-SC/tree/main/additional_chat_templates?recursive=false&expand=false "HTTP/1.1 404 Not Found"
2026-06-22 15:29:30,497 [INFO] httpx — HTTP Request: GET https://huggingface.co/api/models/snunlp/KR-FinBert-SC/tree/main?recursive=true&expand=false "HTTP/1.1 200 OK"
2026-06-22 15:29:30,504 [INFO] httpx — HTTP Request: HEAD https://huggingface.co/snunlp/KR-FinBert-SC/resolve/refs%2Fpr%2F3/model.safetensors.index.json "HTTP/1.1 404 Not Found"
2026-06-22 15:29:30,535 [INFO] httpx — HTTP Request: HEAD https://huggingface.co/snunlp/KR-FinBert-SC/resolve/main/processor_config.json "HTTP/1.1 404 Not Found"
2026-06-22 15:29:30,535 [WARNING] huggingface_hub.utils._http — Warning: You are sending unauthenticated requests to the HF Hub. Please set a HF_TOKEN to enable higher rate limits and faster downloads.
2026-06-22 15:29:30,541 [INFO] httpx — HTTP Request: HEAD https://huggingface.co/snunlp/KR-FinBert-SC/resolve/refs%2Fpr%2F3/model.safetensors "HTTP/1.1 302 Found"
2026-06-22 15:29:30,553 [INFO] httpx — HTTP Request: HEAD https://huggingface.co/snunlp/KR-FinBert-SC/resolve/main/video_preprocessor_config.json "HTTP/1.1 404 Not Found"
2026-06-22 15:29:30,573 [INFO] httpx — HTTP Request: HEAD https://huggingface.co/snunlp/KR-FinBert-SC/resolve/main/preprocessor_config.json "HTTP/1.1 404 Not Found"
2026-06-22 15:29:30,574 [INFO] __main__ — FinBERT 로드 완료 (CPU)
2026-06-22 15:29:55,997 [INFO] __main__ — Phase A.1: 매핑 신뢰도 < 0.5 → 감성 점수 폐기 27건
2026-06-22 15:29:55,997 [INFO] __main__ — 스코어링: 39개 | 집중:0 | FinBERT:finbert
2026-06-22 15:29:56,014 [INFO] __main__ —   → 39개
2026-06-22 15:29:56,014 [INFO] __main__ — ▶ Step 4: 발송
2026-06-22 15:29:59,957 [INFO] __main__ — DB 기록: 7개 / 전체 to_send 7개
2026-06-22 15:29:59,957 [INFO] __main__ — 발송: 집중 0 / 주시 1
2026-06-22 15:29:59,958 [INFO] __main__ — 완료  |  소요: 1316.1초
2026-06-22 23:54:10,451 [INFO] __main__ — config 검증 완료 ✓
2026-06-22 23:54:10,451 [INFO] __main__ — ============================================================
2026-06-22 23:54:10,452 [INFO] __main__ — AlphaRadar v3.3.1  |  기준일: 20260622
2026-06-22 23:54:10,452 [INFO] __main__ — S = T×0.3 + S_text×0.4 + D×0.3
2026-06-22 23:54:10,452 [INFO] __main__ — ============================================================
2026-06-22 23:54:10,452 [INFO] __main__ — ▶ Step 0: 유니버스 필터링
2026-06-22 23:54:10,628 [INFO] __main__ — FDR 데이터 수집: 20251217 ~ 20260622
2026-06-22 23:54:13,177 [INFO] __main__ — KOSPI: 946개 | 섹터정보 836개 (DART +836개 보완)
2026-06-22 23:54:13,178 [INFO] __main__ — KOSDAQ: 1822개 | 섹터정보 1822개
2026-06-22 23:54:13,178 [INFO] __main__ — 전체: 2768개
2026-06-22 23:54:15,597 [INFO] __main__ — KIS 토큰 발급 완료
2026-06-23 00:10:22,954 [INFO] __main__ — DART corp_code 매핑: 2192/2246개 (97%)
2026-06-23 00:10:22,954 [INFO] __main__ — 유효 유니버스: 2246개
2026-06-23 00:10:22,966 [INFO] __main__ —   → 2246개
2026-06-23 00:10:22,967 [INFO] __main__ — ▶ Step 1: 신호 탐지
2026-06-23 00:10:22,967 [INFO] __main__ — NaverClient: 3개 키 로드 (DataLab·검색 독립 회전)
2026-06-23 00:10:22,967 [INFO] __main__ — 관심 지수 및 부정 뉴스 비율 조회 중...
2026-06-23 00:14:26,436 [INFO] __main__ — 부정 키워드 감지: 30개 종목 (neg_ratio > 0)
2026-06-23 00:14:26,442 [INFO] __main__ — POOL_A: 741개 (A:701 B:8 동시:32)
  대형:44 중형:153 소형:544
2026-06-23 00:14:26,448 [INFO] __main__ —   → POOL_A: 741개
2026-06-23 00:14:26,448 [INFO] __main__ — ▶ Step 2: 하드 필터링
2026-06-23 00:14:26,449 [INFO] __main__ — 하드 필터 제거: 705개 | 이격도상한 45 | 이격도하한 338 | MA추세 255 | RSI과열 4 | 거래대금 63
2026-06-23 00:14:26,449 [INFO] __main__ — POOL_B: 36개 | 대형:5 중형:16 소형:15
2026-06-23 00:14:26,449 [INFO] __main__ —   → POOL_B: 36개
2026-06-23 00:14:26,450 [INFO] __main__ — ▶ Step 3: 스코어링 (FinBERT 감성 분석)
2026-06-23 00:14:26,450 [INFO] __main__ — NaverClient: 3개 키 로드 (DataLab·검색 독립 회전)
2026-06-23 00:14:26,451 [INFO] __main__ — 텍스트 신규 수집: 3종목 (캐시 적중 33종목)
2026-06-23 00:14:31,953 [INFO] __main__ — 수집 완료: 뉴스 371건 | 공시 304건
2026-06-23 00:14:31,953 [INFO] __main__ — FinBERT 감성 분석 (finbert 모드)...
2026-06-23 00:14:31,953 [INFO] __main__ — FinBERT 로딩: snunlp/KR-FinBert-SC (CPU, batch=8)
2026-06-23 00:14:32,079 [INFO] httpx — HTTP Request: GET https://huggingface.co/api/agent-harnesses "HTTP/1.1 200 OK"
2026-06-23 00:14:32,101 [INFO] httpx — HTTP Request: HEAD https://huggingface.co/snunlp/KR-FinBert-SC/resolve/main/config.json "HTTP/1.1 307 Temporary Redirect"
2026-06-23 00:14:32,102 [WARNING] huggingface_hub.utils._http — Warning: You are sending unauthenticated requests to the HF Hub. Please set a HF_TOKEN to enable higher rate limits and faster downloads.
2026-06-23 00:14:32,111 [INFO] httpx — HTTP Request: HEAD https://huggingface.co/api/resolve-cache/models/snunlp/KR-FinBert-SC/f8586286cc3161fb648e9fee09a456069fd846d0/config.json "HTTP/1.1 200 OK"
2026-06-23 00:14:32,153 [INFO] httpx — HTTP Request: HEAD https://huggingface.co/snunlp/KR-FinBert-SC/resolve/main/model.safetensors "HTTP/1.1 404 Not Found"
2026-06-23 00:14:32,181 [INFO] httpx — HTTP Request: GET https://huggingface.co/api/models/snunlp/KR-FinBert-SC "HTTP/1.1 200 OK"
2026-06-23 00:14:32,246 [INFO] httpx — HTTP Request: GET https://huggingface.co/api/models/snunlp/KR-FinBert-SC/commits/main "HTTP/1.1 200 OK"
2026-06-23 00:14:32,275 [INFO] httpx — HTTP Request: GET https://huggingface.co/api/models/snunlp/KR-FinBert-SC/discussions?p=0 "HTTP/1.1 200 OK"
2026-06-23 00:14:32,303 [INFO] httpx — HTTP Request: GET https://huggingface.co/api/models/snunlp/KR-FinBert-SC/tree/main/additional_chat_templates?recursive=false&expand=false "HTTP/1.1 404 Not Found"
2026-06-23 00:14:32,318 [INFO] httpx — HTTP Request: GET https://huggingface.co/api/models/snunlp/KR-FinBert-SC/commits/refs%2Fpr%2F3 "HTTP/1.1 200 OK"
2026-06-23 00:14:32,328 [INFO] httpx — HTTP Request: GET https://huggingface.co/api/models/snunlp/KR-FinBert-SC/tree/main?recursive=true&expand=false "HTTP/1.1 200 OK"
2026-06-23 00:14:32,351 [INFO] httpx — HTTP Request: HEAD https://huggingface.co/snunlp/KR-FinBert-SC/resolve/refs%2Fpr%2F3/model.safetensors.index.json "HTTP/1.1 404 Not Found"
2026-06-23 00:14:32,375 [INFO] httpx — HTTP Request: HEAD https://huggingface.co/snunlp/KR-FinBert-SC/resolve/main/processor_config.json "HTTP/1.1 404 Not Found"
2026-06-23 00:14:32,378 [INFO] httpx — HTTP Request: HEAD https://huggingface.co/snunlp/KR-FinBert-SC/resolve/refs%2Fpr%2F3/model.safetensors "HTTP/1.1 302 Found"
2026-06-23 00:14:32,399 [INFO] httpx — HTTP Request: HEAD https://huggingface.co/snunlp/KR-FinBert-SC/resolve/main/video_preprocessor_config.json "HTTP/1.1 404 Not Found"
2026-06-23 00:14:32,421 [INFO] httpx — HTTP Request: HEAD https://huggingface.co/snunlp/KR-FinBert-SC/resolve/main/preprocessor_config.json "HTTP/1.1 404 Not Found"
2026-06-23 00:14:32,422 [INFO] __main__ — FinBERT 로드 완료 (CPU)
2026-06-23 00:15:01,070 [INFO] __main__ — Phase A.1: 매핑 신뢰도 < 0.5 → 감성 점수 폐기 27건
2026-06-23 00:15:01,070 [INFO] __main__ — 스코어링: 36개 | 집중:0 | FinBERT:finbert
2026-06-23 00:15:01,087 [INFO] __main__ —   → 36개
2026-06-23 00:15:01,087 [INFO] __main__ — ▶ Step 4: 발송
2026-06-23 00:15:05,166 [INFO] __main__ — DB 기록: 6개 / 전체 to_send 6개
2026-06-23 00:15:05,166 [INFO] __main__ — 발송: 집중 0 / 주시 1
2026-06-23 00:15:05,166 [INFO] __main__ — 완료  |  소요: 1254.7초
