2026-07-13 12:22:26,013 [INFO] __main__ — config 검증 완료 ✓
2026-07-13 12:22:26,013 [INFO] __main__ — ============================================================
2026-07-13 12:22:26,013 [INFO] __main__ — AlphaRadar v3.3.1  |  기준일: 20260713
2026-07-13 12:22:26,013 [INFO] __main__ — S = T×0.3 + S_text×0.4 + D×0.3
2026-07-13 12:22:26,013 [INFO] __main__ — ============================================================
2026-07-13 12:22:26,013 [INFO] __main__ — ▶ Step 0: 유니버스 필터링
2026-07-13 12:22:26,178 [INFO] __main__ — FDR 데이터 수집: 20260107 ~ 20260713
2026-07-13 12:22:27,502 [INFO] __main__ — KOSPI: 945개 | 섹터정보 835개 (DART +835개 보완)
2026-07-13 12:22:27,503 [INFO] __main__ — KOSDAQ: 1821개 | 섹터정보 1821개
2026-07-13 12:22:27,503 [INFO] __main__ — 전체: 2766개
2026-07-13 12:22:29,862 [INFO] __main__ — KIS 토큰 발급 완료
2026-07-13 12:37:59,560 [INFO] __main__ — DART corp_code 매핑: 2152/2205개 (97%)
2026-07-13 12:37:59,561 [INFO] __main__ — 유효 유니버스: 2205개
2026-07-13 12:37:59,572 [INFO] __main__ —   → 2205개
2026-07-13 12:37:59,572 [INFO] __main__ — ▶ Step 1: 신호 탐지
2026-07-13 12:37:59,572 [INFO] __main__ — NaverClient: 3개 키 로드 (DataLab·검색 독립 회전)
2026-07-13 12:37:59,572 [INFO] __main__ — 관심 지수 및 부정 뉴스 비율 조회 중...
2026-07-13 12:38:32,421 [INFO] __main__ — 뉴스 시점 제외 [KX하이텍]: 7건 (>14일/파싱실패)
2026-07-13 12:38:45,799 [INFO] __main__ — 뉴스 시점 제외 [맥쿼리인프라]: 4건 (>14일/파싱실패)
2026-07-13 12:38:52,627 [INFO] __main__ — 뉴스 시점 제외 [GRT]: 2건 (>14일/파싱실패)
2026-07-13 12:39:14,711 [INFO] __main__ — 뉴스 시점 제외 [보성파워텍]: 1건 (>14일/파싱실패)
2026-07-13 12:39:16,906 [INFO] __main__ — 뉴스 시점 제외 [KBI동양철관]: 7건 (>14일/파싱실패)
2026-07-13 12:39:22,575 [WARNING] __main__ — DataLab 실패 (엑스게이트): 500 Server Error: Internal Server Error for url: https://openapi.naver.com/v1/datalab/search
2026-07-13 12:39:37,330 [INFO] __main__ — 뉴스 시점 제외 [샘씨엔에스]: 5건 (>14일/파싱실패)
2026-07-13 12:39:46,662 [INFO] __main__ — 뉴스 시점 제외 [벡트]: 4건 (>14일/파싱실패)
2026-07-13 12:39:47,409 [INFO] __main__ — 뉴스 시점 제외 [한국팩키지]: 14건 (>14일/파싱실패)
2026-07-13 12:39:54,951 [INFO] __main__ — 뉴스 시점 제외 [서울식품]: 4건 (>14일/파싱실패)
2026-07-13 12:39:55,468 [INFO] __main__ — 뉴스 시점 제외 [KB스타리츠]: 9건 (>14일/파싱실패)
2026-07-13 12:40:00,503 [INFO] __main__ — 뉴스 시점 제외 [수산세보틱스]: 10건 (>14일/파싱실패)
2026-07-13 12:40:01,421 [INFO] __main__ — 뉴스 시점 제외 [우리기술투자]: 10건 (>14일/파싱실패)
2026-07-13 12:40:03,945 [INFO] __main__ — 뉴스 시점 제외 [HB솔루션]: 3건 (>14일/파싱실패)
2026-07-13 12:40:09,925 [INFO] __main__ — 뉴스 시점 제외 [대아티아이]: 2건 (>14일/파싱실패)
2026-07-13 12:40:12,393 [INFO] __main__ — 뉴스 시점 제외 [시너지이노베이션]: 10건 (>14일/파싱실패)
2026-07-13 12:40:12,764 [INFO] __main__ — 뉴스 시점 제외 [해성옵틱스]: 4건 (>14일/파싱실패)
2026-07-13 12:40:12,957 [INFO] __main__ — 뉴스 시점 제외 [일신석재]: 9건 (>14일/파싱실패)
2026-07-13 12:40:14,658 [INFO] __main__ — 뉴스 시점 제외 [아남전자]: 7건 (>14일/파싱실패)
2026-07-13 12:40:22,096 [INFO] __main__ — 뉴스 시점 제외 [ESR켄달스퀘어리츠]: 5건 (>14일/파싱실패)
2026-07-13 12:40:23,660 [INFO] __main__ — 뉴스 시점 제외 [엘브이엠씨홀딩스]: 10건 (>14일/파싱실패)
2026-07-13 12:40:25,890 [INFO] __main__ — 뉴스 시점 제외 [아이로보틱스]: 5건 (>14일/파싱실패)
2026-07-13 12:40:26,351 [INFO] __main__ — 뉴스 시점 제외 [옴니시스템]: 2건 (>14일/파싱실패)
2026-07-13 12:40:29,390 [INFO] __main__ — 뉴스 시점 제외 [미래에셋증권2우B]: 13건 (>14일/파싱실패)
2026-07-13 12:40:29,620 [INFO] __main__ — 뉴스 시점 제외 [THE E&M]: 13건 (>14일/파싱실패)
2026-07-13 12:40:36,489 [INFO] __main__ — 뉴스 시점 제외 [대영포장]: 15건 (>14일/파싱실패)
2026-07-13 12:40:43,479 [INFO] __main__ — 뉴스 시점 제외 [모헨즈]: 6건 (>14일/파싱실패)
2026-07-13 12:40:45,967 [INFO] __main__ — 뉴스 시점 제외 [위지트]: 3건 (>14일/파싱실패)
2026-07-13 12:40:55,274 [INFO] __main__ — 뉴스 시점 제외 [와이제이링크]: 10건 (>14일/파싱실패)
2026-07-13 12:40:56,050 [INFO] __main__ — 뉴스 시점 제외 [삼륭물산]: 14건 (>14일/파싱실패)
2026-07-13 12:41:05,504 [INFO] __main__ — 뉴스 시점 제외 [영화금속]: 11건 (>14일/파싱실패)
2026-07-13 12:41:07,416 [INFO] __main__ — 뉴스 시점 제외 [에이티넘인베스트]: 13건 (>14일/파싱실패)
2026-07-13 12:41:16,855 [INFO] __main__ — 뉴스 시점 제외 [심텍홀딩스]: 7건 (>14일/파싱실패)
2026-07-13 12:41:18,259 [INFO] __main__ — 뉴스 시점 제외 [MDS테크]: 5건 (>14일/파싱실패)
2026-07-13 12:41:20,607 [INFO] __main__ — 뉴스 시점 제외 [경인양행]: 8건 (>14일/파싱실패)
2026-07-13 12:41:22,021 [INFO] __main__ — 뉴스 시점 제외 [티케이케미칼]: 10건 (>14일/파싱실패)
2026-07-13 12:41:24,889 [INFO] __main__ — 뉴스 시점 제외 [이루온]: 9건 (>14일/파싱실패)
2026-07-13 12:41:24,892 [INFO] __main__ — 뉴스 시점 제외 [지에스이]: 7건 (>14일/파싱실패)
2026-07-13 12:41:29,345 [INFO] __main__ — 뉴스 시점 제외 [슈어소프트테크]: 10건 (>14일/파싱실패)
2026-07-13 12:41:31,173 [INFO] __main__ — 뉴스 시점 제외 [원익피앤이]: 5건 (>14일/파싱실패)
2026-07-13 12:41:35,133 [INFO] __main__ — 뉴스 시점 제외 [YG PLUS]: 7건 (>14일/파싱실패)
2026-07-13 12:41:35,746 [INFO] __main__ — 뉴스 시점 제외 [태양금속]: 11건 (>14일/파싱실패)
2026-07-13 12:41:36,381 [INFO] __main__ — 뉴스 시점 제외 [네오오토]: 11건 (>14일/파싱실패)
2026-07-13 12:41:40,159 [INFO] __main__ — 뉴스 시점 제외 [한일단조]: 11건 (>14일/파싱실패)
2026-07-13 12:41:40,324 [INFO] __main__ — 뉴스 시점 제외 [태경케미컬]: 5건 (>14일/파싱실패)
2026-07-13 12:41:41,406 [INFO] __main__ — 뉴스 시점 제외 [성도이엔지]: 9건 (>14일/파싱실패)
2026-07-13 12:41:41,565 [INFO] __main__ — 뉴스 시점 제외 [오리엔탈정공]: 3건 (>14일/파싱실패)
2026-07-13 12:41:42,000 [INFO] __main__ — 뉴스 시점 제외 [대성에너지]: 7건 (>14일/파싱실패)
2026-07-13 12:41:42,102 [INFO] __main__ — 부정 키워드 감지: 43개 종목 (neg_ratio > 0)
2026-07-13 12:41:42,106 [INFO] __main__ — 수급일수충족·합계음수 제외: 118개
2026-07-13 12:41:50,497 [INFO] __main__ — 뉴스 시점 제외 [DN오토모티브]: 7건 (>14일/파싱실패)
2026-07-13 12:41:52,577 [INFO] __main__ — 뉴스 시점 제외 [SK리츠]: 8건 (>14일/파싱실패)
2026-07-13 12:41:52,612 [INFO] __main__ — 뉴스 시점 제외 [두산우]: 14건 (>14일/파싱실패)
2026-07-13 12:41:54,656 [INFO] __main__ — 뉴스 시점 제외 [KB발해인프라]: 12건 (>14일/파싱실패)
2026-07-13 12:41:56,727 [INFO] __main__ — 뉴스 시점 제외 [롯데리츠]: 14건 (>14일/파싱실패)
2026-07-13 12:42:00,861 [INFO] __main__ — 뉴스 시점 제외 [신한알파리츠]: 14건 (>14일/파싱실패)
2026-07-13 12:42:00,869 [INFO] __main__ — 뉴스 시점 제외 [세진중공업]: 1건 (>14일/파싱실패)
2026-07-13 12:42:03,045 [INFO] __main__ — 뉴스 시점 제외 [맵스리얼티]: 15건 (>14일/파싱실패)
2026-07-13 12:42:05,094 [INFO] __main__ — 뉴스 시점 제외 [삼성FN리츠]: 7건 (>14일/파싱실패)
2026-07-13 12:42:05,791 [INFO] __main__ — 뉴스 시점 제외 [바이오노트]: 7건 (>14일/파싱실패)
2026-07-13 12:42:07,194 [INFO] __main__ — 뉴스 시점 제외 [아모레퍼시픽우]: 9건 (>14일/파싱실패)
2026-07-13 12:42:07,848 [INFO] __main__ — 뉴스 시점 제외 [코람코더원리츠]: 13건 (>14일/파싱실패)
2026-07-13 12:42:07,886 [INFO] __main__ — 뉴스 시점 제외 [농심홀딩스]: 2건 (>14일/파싱실패)
2026-07-13 12:42:08,559 [INFO] __main__ — 뉴스 시점 제외 [코람코라이프인프라리츠]: 14건 (>14일/파싱실패)
2026-07-13 12:42:09,243 [INFO] __main__ — 뉴스 시점 제외 [KPX홀딩스]: 9건 (>14일/파싱실패)
2026-07-13 12:42:09,925 [INFO] __main__ — 뉴스 시점 제외 [KISCO홀딩스]: 9건 (>14일/파싱실패)
2026-07-13 12:42:10,631 [INFO] __main__ — 뉴스 시점 제외 [국도화학]: 12건 (>14일/파싱실패)
2026-07-13 12:42:10,641 [INFO] __main__ — 뉴스 시점 제외 [두산2우B]: 15건 (>14일/파싱실패)
2026-07-13 12:42:12,697 [INFO] __main__ — 뉴스 시점 제외 [삼성물산우B]: 15건 (>14일/파싱실패)
2026-07-13 12:42:12,773 [INFO] __main__ — 뉴스 시점 제외 [아세아제지]: 12건 (>14일/파싱실패)
2026-07-13 12:42:14,760 [INFO] __main__ — 뉴스 시점 제외 [S-Oil우]: 12건 (>14일/파싱실패)
2026-07-13 12:42:16,881 [INFO] __main__ — 뉴스 시점 제외 [이지스밸류플러스리츠]: 12건 (>14일/파싱실패)
2026-07-13 12:42:17,486 [INFO] __main__ — 뉴스 시점 제외 [CR홀딩스]: 11건 (>14일/파싱실패)
2026-07-13 12:42:18,861 [INFO] __main__ — 뉴스 시점 제외 [이리츠코크렙]: 15건 (>14일/파싱실패)
2026-07-13 12:42:18,924 [INFO] __main__ — 뉴스 시점 제외 [동아지질]: 4건 (>14일/파싱실패)
2026-07-13 12:42:19,551 [INFO] __main__ — 뉴스 시점 제외 [모토닉]: 13건 (>14일/파싱실패)
2026-07-13 12:42:20,227 [INFO] __main__ — 뉴스 시점 제외 [대성산업]: 5건 (>14일/파싱실패)
2026-07-13 12:42:20,294 [INFO] __main__ — 뉴스 시점 제외 [화승엔터프라이즈]: 9건 (>14일/파싱실패)
2026-07-13 12:42:21,673 [INFO] __main__ — 뉴스 시점 제외 [조선내화]: 9건 (>14일/파싱실패)
2026-07-13 12:42:22,361 [INFO] __main__ — 뉴스 시점 제외 [유화증권]: 6건 (>14일/파싱실패)
2026-07-13 12:42:22,984 [INFO] __main__ — 뉴스 시점 제외 [현대비앤지스틸]: 8건 (>14일/파싱실패)
2026-07-13 12:42:23,678 [INFO] __main__ — 뉴스 시점 제외 [CJ제일제당 우]: 15건 (>14일/파싱실패)
2026-07-13 12:42:25,241 [INFO] __main__ — 뉴스 시점 제외 [신라교역]: 8건 (>14일/파싱실패)
2026-07-13 12:42:25,250 [INFO] __main__ — 뉴스 시점 제외 [한국주철관]: 13건 (>14일/파싱실패)
2026-07-13 12:42:26,123 [INFO] __main__ — 뉴스 시점 제외 [태경산업]: 6건 (>14일/파싱실패)
2026-07-13 12:42:26,812 [INFO] __main__ — 뉴스 시점 제외 [미원홀딩스]: 12건 (>14일/파싱실패)
2026-07-13 12:42:26,909 [INFO] __main__ — 뉴스 시점 제외 [키다리스튜디오]: 4건 (>14일/파싱실패)
2026-07-13 12:42:27,491 [INFO] __main__ — 뉴스 시점 제외 [화승코퍼레이션]: 13건 (>14일/파싱실패)
2026-07-13 12:42:28,328 [INFO] __main__ — 뉴스 시점 제외 [디씨엠]: 12건 (>14일/파싱실패)
2026-07-13 12:42:29,023 [INFO] __main__ — 뉴스 시점 제외 [HDC현대EP]: 13건 (>14일/파싱실패)
2026-07-13 12:42:29,119 [INFO] __main__ — 뉴스 시점 제외 [한솔홀딩스]: 5건 (>14일/파싱실패)
2026-07-13 12:42:29,892 [INFO] __main__ — 뉴스 시점 제외 [인천도시가스]: 10건 (>14일/파싱실패)
2026-07-13 12:42:30,588 [INFO] __main__ — 뉴스 시점 제외 [조선선재]: 7건 (>14일/파싱실패)
2026-07-13 12:42:30,589 [INFO] __main__ — 뉴스 시점 제외 [대성홀딩스]: 9건 (>14일/파싱실패)
2026-07-13 12:42:31,276 [INFO] __main__ — 뉴스 시점 제외 [태경비케이]: 6건 (>14일/파싱실패)
2026-07-13 12:42:31,960 [INFO] __main__ — 뉴스 시점 제외 [현대코퍼레이션홀딩스]: 12건 (>14일/파싱실패)
2026-07-13 12:42:32,576 [INFO] __main__ — 뉴스 시점 제외 [경동인베스트]: 9건 (>14일/파싱실패)
2026-07-13 12:42:33,257 [INFO] __main__ — 뉴스 시점 제외 [HS애드]: 11건 (>14일/파싱실패)
2026-07-13 12:42:33,527 [INFO] __main__ — 뉴스 시점 제외 [영보화학]: 12건 (>14일/파싱실패)
2026-07-13 12:42:33,569 [INFO] __main__ — 뉴스 시점 제외 [GS우]: 13건 (>14일/파싱실패)
2026-07-13 12:42:33,937 [INFO] __main__ — 뉴스 시점 제외 [삼원강재]: 12건 (>14일/파싱실패)
2026-07-13 12:42:34,267 [INFO] __main__ — 뉴스 시점 제외 [황금에스티]: 6건 (>14일/파싱실패)
2026-07-13 12:42:35,128 [INFO] __main__ — 뉴스 시점 제외 [NI스틸]: 15건 (>14일/파싱실패)
2026-07-13 12:42:35,310 [INFO] __main__ — 뉴스 시점 제외 [CS홀딩스]: 14건 (>14일/파싱실패)
2026-07-13 12:42:36,175 [INFO] __main__ — 뉴스 시점 제외 [한국수출포장]: 15건 (>14일/파싱실패)
2026-07-13 12:42:36,480 [INFO] __main__ — 뉴스 시점 제외 [동양고속]: 14건 (>14일/파싱실패)
2026-07-13 12:42:36,855 [INFO] __main__ — 뉴스 시점 제외 [SK이노베이션우]: 14건 (>14일/파싱실패)
2026-07-13 12:42:36,975 [INFO] __main__ — 뉴스 시점 제외 [NH프라임리츠]: 12건 (>14일/파싱실패)
2026-07-13 12:42:37,163 [INFO] __main__ — 뉴스 시점 제외 [성창기업지주]: 14건 (>14일/파싱실패)
2026-07-13 12:42:37,539 [INFO] __main__ — 뉴스 시점 제외 [CJ씨푸드]: 7건 (>14일/파싱실패)
2026-07-13 12:42:37,655 [INFO] __main__ — 뉴스 시점 제외 [아모레퍼시픽홀딩스우]: 14건 (>14일/파싱실패)
2026-07-13 12:42:37,851 [INFO] __main__ — 뉴스 시점 제외 [삼정펄프]: 14건 (>14일/파싱실패)
2026-07-13 12:42:38,334 [INFO] __main__ — 뉴스 시점 제외 [유엔젤]: 9건 (>14일/파싱실패)
2026-07-13 12:42:38,526 [INFO] __main__ — 뉴스 시점 제외 [남양유업우]: 15건 (>14일/파싱실패)
2026-07-13 12:42:38,905 [INFO] __main__ — 뉴스 시점 제외 [제일연마]: 12건 (>14일/파싱실패)
2026-07-13 12:42:39,009 [INFO] __main__ — 뉴스 시점 제외 [삼성출판사]: 10건 (>14일/파싱실패)
2026-07-13 12:42:39,689 [INFO] __main__ — 뉴스 시점 제외 [테이팩스]: 7건 (>14일/파싱실패)
2026-07-13 12:42:40,063 [INFO] __main__ — 뉴스 시점 제외 [화천기계]: 12건 (>14일/파싱실패)
2026-07-13 12:42:40,374 [INFO] __main__ — 뉴스 시점 제외 [호전실업]: 11건 (>14일/파싱실패)
2026-07-13 12:42:41,422 [INFO] __main__ — 뉴스 시점 제외 [새론오토모티브]: 13건 (>14일/파싱실패)
2026-07-13 12:42:41,643 [INFO] __main__ — 뉴스 시점 제외 [보락]: 7건 (>14일/파싱실패)
2026-07-13 12:42:42,128 [INFO] __main__ — 뉴스 시점 제외 [롯데칠성우]: 15건 (>14일/파싱실패)
2026-07-13 12:42:42,814 [INFO] __main__ — 뉴스 시점 제외 [SJM홀딩스]: 15건 (>14일/파싱실패)
2026-07-13 12:42:43,122 [INFO] __main__ — 뉴스 시점 제외 [BYC우]: 14건 (>14일/파싱실패)
2026-07-13 12:42:43,513 [INFO] __main__ — 뉴스 시점 제외 [SG세계물산]: 9건 (>14일/파싱실패)
2026-07-13 12:42:43,679 [INFO] __main__ — 뉴스 시점 제외 [대덕전자1우]: 13건 (>14일/파싱실패)
2026-07-13 12:42:44,352 [INFO] __main__ — 뉴스 시점 제외 [문배철강]: 9건 (>14일/파싱실패)
2026-07-13 12:42:44,656 [INFO] __main__ — 뉴스 시점 제외 [갤럭시아에스엠]: 9건 (>14일/파싱실패)
2026-07-13 12:42:45,326 [INFO] __main__ — 뉴스 시점 제외 [DL우]: 14건 (>14일/파싱실패)
2026-07-13 12:42:45,593 [INFO] __main__ — 뉴스 시점 제외 [대림통상]: 8건 (>14일/파싱실패)
2026-07-13 12:42:45,720 [INFO] __main__ — 뉴스 시점 제외 [우진플라임]: 14건 (>14일/파싱실패)
2026-07-13 12:42:45,998 [INFO] __main__ — 뉴스 시점 제외 [세우글로벌]: 15건 (>14일/파싱실패)
2026-07-13 12:42:46,272 [INFO] __main__ — 뉴스 시점 제외 [우진아이엔에스]: 1건 (>14일/파싱실패)
2026-07-13 12:42:46,402 [INFO] __main__ — 뉴스 시점 제외 [진양폴리]: 9건 (>14일/파싱실패)
2026-07-13 12:42:46,959 [INFO] __main__ — 뉴스 시점 제외 [SG글로벌]: 9건 (>14일/파싱실패)
2026-07-13 12:42:58,863 [INFO] __main__ — 뉴스 시점 제외 [에프에스티]: 4건 (>14일/파싱실패)
2026-07-13 12:42:59,562 [INFO] __main__ — 뉴스 시점 제외 [티에프이]: 2건 (>14일/파싱실패)
2026-07-13 12:42:59,668 [INFO] __main__ — 뉴스 시점 제외 [젬백스]: 5건 (>14일/파싱실패)
2026-07-13 12:43:04,366 [INFO] __main__ — 뉴스 시점 제외 [큐렉소]: 3건 (>14일/파싱실패)
2026-07-13 12:43:05,735 [INFO] __main__ — 뉴스 시점 제외 [인화정공]: 8건 (>14일/파싱실패)
2026-07-13 12:43:11,390 [INFO] __main__ — 뉴스 시점 제외 [바이오다인]: 7건 (>14일/파싱실패)
2026-07-13 12:43:13,319 [INFO] __main__ — 뉴스 시점 제외 [케이티알파]: 10건 (>14일/파싱실패)
2026-07-13 12:43:13,441 [INFO] __main__ — 뉴스 시점 제외 [매커스]: 12건 (>14일/파싱실패)
2026-07-13 12:43:14,650 [INFO] __main__ — 뉴스 시점 제외 [해성산업]: 13건 (>14일/파싱실패)
2026-07-13 12:43:16,024 [INFO] __main__ — 뉴스 시점 제외 [네오위즈홀딩스]: 3건 (>14일/파싱실패)
2026-07-13 12:43:16,031 [INFO] __main__ — 뉴스 시점 제외 [코메론]: 14건 (>14일/파싱실패)
2026-07-13 12:43:19,472 [INFO] __main__ — 뉴스 시점 제외 [일진파워]: 5건 (>14일/파싱실패)
2026-07-13 12:43:20,157 [INFO] __main__ — 뉴스 시점 제외 [와이솔]: 12건 (>14일/파싱실패)
2026-07-13 12:43:20,989 [INFO] __main__ — 뉴스 시점 제외 [우양에이치씨]: 9건 (>14일/파싱실패)
2026-07-13 12:43:21,518 [INFO] __main__ — 뉴스 시점 제외 [하이비젼시스템]: 9건 (>14일/파싱실패)
2026-07-13 12:43:21,543 [INFO] __main__ — 뉴스 시점 제외 [코리아에프티]: 13건 (>14일/파싱실패)
2026-07-13 12:43:21,674 [INFO] __main__ — 뉴스 시점 제외 [인선이엔티]: 11건 (>14일/파싱실패)
2026-07-13 12:43:22,892 [INFO] __main__ — 뉴스 시점 제외 [재영솔루텍]: 8건 (>14일/파싱실패)
2026-07-13 12:43:22,897 [INFO] __main__ — 뉴스 시점 제외 [엠아이텍]: 10건 (>14일/파싱실패)
2026-07-13 12:43:23,040 [INFO] __main__ — 뉴스 시점 제외 [유비쿼스]: 8건 (>14일/파싱실패)
2026-07-13 12:43:24,401 [INFO] __main__ — 뉴스 시점 제외 [고려신용정보]: 12건 (>14일/파싱실패)
2026-07-13 12:43:26,317 [INFO] __main__ — 뉴스 시점 제외 [삼보판지]: 15건 (>14일/파싱실패)
2026-07-13 12:43:27,710 [INFO] __main__ — 뉴스 시점 제외 [동국산업]: 3건 (>14일/파싱실패)
2026-07-13 12:43:27,803 [INFO] __main__ — 뉴스 시점 제외 [코칩]: 11건 (>14일/파싱실패)
2026-07-13 12:43:30,954 [INFO] __main__ — 뉴스 시점 제외 [인포바인]: 13건 (>14일/파싱실패)
2026-07-13 12:43:30,964 [INFO] __main__ — 뉴스 시점 제외 [코윈테크]: 10건 (>14일/파싱실패)
2026-07-13 12:43:31,653 [INFO] __main__ — 뉴스 시점 제외 [현대에버다임]: 7건 (>14일/파싱실패)
2026-07-13 12:43:32,511 [INFO] __main__ — 뉴스 시점 제외 [킵스파마]: 5건 (>14일/파싱실패)
2026-07-13 12:43:32,994 [INFO] __main__ — 뉴스 시점 제외 [솔본]: 12건 (>14일/파싱실패)
2026-07-13 12:43:33,666 [INFO] __main__ — 뉴스 시점 제외 [우리손에프앤지]: 14건 (>14일/파싱실패)
2026-07-13 12:43:33,910 [INFO] __main__ — 뉴스 시점 제외 [NICE인프라]: 15건 (>14일/파싱실패)
2026-07-13 12:43:35,289 [INFO] __main__ — 뉴스 시점 제외 [레이언스]: 15건 (>14일/파싱실패)
2026-07-13 12:43:35,912 [INFO] __main__ — 뉴스 시점 제외 [탑런토탈솔루션]: 13건 (>14일/파싱실패)
2026-07-13 12:43:36,151 [INFO] __main__ — 뉴스 시점 제외 [케이씨에스]: 3건 (>14일/파싱실패)
2026-07-13 12:43:37,281 [INFO] __main__ — 뉴스 시점 제외 [풍국주정]: 11건 (>14일/파싱실패)
2026-07-13 12:43:38,269 [INFO] __main__ — 뉴스 시점 제외 [디와이피엔에프]: 12건 (>14일/파싱실패)
2026-07-13 12:43:39,592 [INFO] __main__ — 뉴스 시점 제외 [RF시스템즈]: 8건 (>14일/파싱실패)
2026-07-13 12:43:40,855 [INFO] __main__ — 뉴스 시점 제외 [에이치엔에스하이텍]: 13건 (>14일/파싱실패)
2026-07-13 12:43:41,152 [INFO] __main__ — 뉴스 시점 제외 [오상헬스케어]: 6건 (>14일/파싱실패)
2026-07-13 12:43:41,546 [INFO] __main__ — 뉴스 시점 제외 [창해에탄올]: 13건 (>14일/파싱실패)
2026-07-13 12:43:42,511 [INFO] __main__ — 뉴스 시점 제외 [지구홀딩스]: 10건 (>14일/파싱실패)
2026-07-13 12:43:43,875 [INFO] __main__ — 뉴스 시점 제외 [디앤씨미디어]: 4건 (>14일/파싱실패)
2026-07-13 12:43:43,903 [INFO] __main__ — 뉴스 시점 제외 [대림제지]: 12건 (>14일/파싱실패)
2026-07-13 12:43:44,623 [INFO] __main__ — 뉴스 시점 제외 [일지테크]: 6건 (>14일/파싱실패)
2026-07-13 12:43:46,676 [INFO] __main__ — 뉴스 시점 제외 [휴비츠]: 7건 (>14일/파싱실패)
2026-07-13 12:43:46,701 [INFO] __main__ — 뉴스 시점 제외 [네오리진]: 6건 (>14일/파싱실패)
2026-07-13 12:43:47,562 [INFO] __main__ — 뉴스 시점 제외 [오늘이엔엠]: 9건 (>14일/파싱실패)
2026-07-13 12:43:48,272 [INFO] __main__ — 뉴스 시점 제외 [양지사]: 12건 (>14일/파싱실패)
2026-07-13 12:43:48,943 [INFO] __main__ — 뉴스 시점 제외 [로보로보]: 9건 (>14일/파싱실패)
2026-07-13 12:43:48,955 [INFO] __main__ — 뉴스 시점 제외 [리드코프]: 12건 (>14일/파싱실패)
2026-07-13 12:43:50,992 [INFO] __main__ — 뉴스 시점 제외 [라이온켐텍]: 10건 (>14일/파싱실패)
2026-07-13 12:43:51,028 [INFO] __main__ — 뉴스 시점 제외 [새빗켐]: 9건 (>14일/파싱실패)
2026-07-13 12:43:51,029 [INFO] __main__ — 뉴스 시점 제외 [삼현철강]: 6건 (>14일/파싱실패)
2026-07-13 12:43:51,720 [INFO] __main__ — 뉴스 시점 제외 [팅크웨어]: 8건 (>14일/파싱실패)
2026-07-13 12:43:52,419 [INFO] __main__ — 뉴스 시점 제외 [아이디피]: 14건 (>14일/파싱실패)
2026-07-13 12:43:53,218 [INFO] __main__ — 뉴스 시점 제외 [싸이토젠]: 12건 (>14일/파싱실패)
2026-07-13 12:43:53,899 [INFO] __main__ — 뉴스 시점 제외 [제닉스로보틱스]: 12건 (>14일/파싱실패)
2026-07-13 12:43:53,922 [INFO] __main__ — 뉴스 시점 제외 [SY동아]: 11건 (>14일/파싱실패)
2026-07-13 12:43:53,935 [INFO] __main__ — 뉴스 시점 제외 [큐에스아이]: 9건 (>14일/파싱실패)
2026-07-13 12:43:54,620 [INFO] __main__ — 뉴스 시점 제외 [셀바스헬스케어]: 12건 (>14일/파싱실패)
2026-07-13 12:43:55,299 [INFO] __main__ — 뉴스 시점 제외 [에스피소프트]: 9건 (>14일/파싱실패)
2026-07-13 12:43:55,304 [INFO] __main__ — 뉴스 시점 제외 [미투온]: 1건 (>14일/파싱실패)
2026-07-13 12:43:55,949 [INFO] __main__ — 뉴스 시점 제외 [레뷰코퍼레이션]: 9건 (>14일/파싱실패)
2026-07-13 12:43:56,671 [INFO] __main__ — 뉴스 시점 제외 [유니테크노]: 11건 (>14일/파싱실패)
2026-07-13 12:43:57,370 [INFO] __main__ — 뉴스 시점 제외 [대륙제관]: 12건 (>14일/파싱실패)
2026-07-13 12:43:57,377 [INFO] __main__ — 뉴스 시점 제외 [블루콤]: 13건 (>14일/파싱실패)
2026-07-13 12:43:58,117 [INFO] __main__ — 뉴스 시점 제외 [제이씨케미칼]: 9건 (>14일/파싱실패)
2026-07-13 12:43:58,685 [INFO] __main__ — 뉴스 시점 제외 [삼양케이씨아이]: 11건 (>14일/파싱실패)
2026-07-13 12:43:59,523 [INFO] __main__ — 뉴스 시점 제외 [케이엘넷]: 13건 (>14일/파싱실패)
2026-07-13 12:43:59,524 [INFO] __main__ — 뉴스 시점 제외 [스마트레이더시스템]: 9건 (>14일/파싱실패)
2026-07-13 12:44:00,055 [INFO] __main__ — 뉴스 시점 제외 [셀바이오휴먼텍]: 8건 (>14일/파싱실패)
2026-07-13 12:44:00,231 [INFO] __main__ — 뉴스 시점 제외 [퓨런티어]: 10건 (>14일/파싱실패)
2026-07-13 12:44:03,497 [INFO] __main__ — 뉴스 시점 제외 [SG&G]: 11건 (>14일/파싱실패)
2026-07-13 12:44:03,501 [INFO] __main__ — 뉴스 시점 제외 [화성밸브]: 13건 (>14일/파싱실패)
2026-07-13 12:44:03,662 [INFO] __main__ — 뉴스 시점 제외 [경창산업]: 8건 (>14일/파싱실패)
2026-07-13 12:44:04,347 [INFO] __main__ — 뉴스 시점 제외 [수산아이앤티]: 12건 (>14일/파싱실패)
2026-07-13 12:44:04,894 [INFO] __main__ — 뉴스 시점 제외 [탑코미디어]: 15건 (>14일/파싱실패)
2026-07-13 12:44:04,896 [INFO] __main__ — 뉴스 시점 제외 [코렌텍]: 12건 (>14일/파싱실패)
2026-07-13 12:44:05,589 [INFO] __main__ — 뉴스 시점 제외 [덕우전자]: 12건 (>14일/파싱실패)
2026-07-13 12:44:05,742 [INFO] __main__ — 뉴스 시점 제외 [케이사인]: 12건 (>14일/파싱실패)
2026-07-13 12:44:06,429 [INFO] __main__ — 뉴스 시점 제외 [셀로맥스사이언스]: 9건 (>14일/파싱실패)
2026-07-13 12:44:07,125 [INFO] __main__ — 뉴스 시점 제외 [오상자이엘]: 10건 (>14일/파싱실패)
2026-07-13 12:44:07,655 [INFO] __main__ — 뉴스 시점 제외 [프로이천]: 12건 (>14일/파싱실패)
2026-07-13 12:44:07,799 [INFO] __main__ — 뉴스 시점 제외 [탑엔지니어링]: 5건 (>14일/파싱실패)
2026-07-13 12:44:08,344 [INFO] __main__ — 뉴스 시점 제외 [제이투케이바이오]: 8건 (>14일/파싱실패)
2026-07-13 12:44:09,040 [INFO] __main__ — 뉴스 시점 제외 [씨유테크]: 11건 (>14일/파싱실패)
2026-07-13 12:44:09,716 [INFO] __main__ — 뉴스 시점 제외 [포시에스]: 5건 (>14일/파싱실패)
2026-07-13 12:44:10,418 [INFO] __main__ — 뉴스 시점 제외 [일월지엠엘]: 15건 (>14일/파싱실패)
2026-07-13 12:44:11,107 [INFO] __main__ — 뉴스 시점 제외 [디티씨]: 12건 (>14일/파싱실패)
2026-07-13 12:44:12,463 [INFO] __main__ — 뉴스 시점 제외 [TPC로보틱스]: 10건 (>14일/파싱실패)
2026-07-13 12:44:12,499 [INFO] __main__ — 뉴스 시점 제외 [푸른로보틱스]: 10건 (>14일/파싱실패)
2026-07-13 12:44:13,143 [INFO] __main__ — 뉴스 시점 제외 [쎄노텍]: 10건 (>14일/파싱실패)
2026-07-13 12:44:13,257 [INFO] __main__ — 뉴스 시점 제외 [서린바이오]: 8건 (>14일/파싱실패)
2026-07-13 12:44:13,862 [INFO] __main__ — 뉴스 시점 제외 [링크제니시스]: 13건 (>14일/파싱실패)
2026-07-13 12:44:13,931 [INFO] __main__ — 뉴스 시점 제외 [에이텍모빌리티]: 8건 (>14일/파싱실패)
2026-07-13 12:44:14,511 [INFO] __main__ — 뉴스 시점 제외 [쓰리에이로직스]: 12건 (>14일/파싱실패)
2026-07-13 12:44:14,545 [INFO] __main__ — 뉴스 시점 제외 [효성오앤비]: 10건 (>14일/파싱실패)
2026-07-13 12:44:15,197 [INFO] __main__ — 뉴스 시점 제외 [아세아텍]: 9건 (>14일/파싱실패)
2026-07-13 12:44:16,569 [INFO] __main__ — 뉴스 시점 제외 [케일럼]: 12건 (>14일/파싱실패)
2026-07-13 12:44:17,254 [INFO] __main__ — 뉴스 시점 제외 [그린생명과학]: 8건 (>14일/파싱실패)
2026-07-13 12:44:17,284 [INFO] __main__ — 뉴스 시점 제외 [서연탑메탈]: 10건 (>14일/파싱실패)
2026-07-13 12:44:18,636 [INFO] __main__ — 뉴스 시점 제외 [엔바이오니아]: 12건 (>14일/파싱실패)
2026-07-13 12:44:18,705 [INFO] __main__ — 뉴스 시점 제외 [백금T&A]: 10건 (>14일/파싱실패)
2026-07-13 12:44:19,991 [INFO] __main__ — 뉴스 시점 제외 [와이랩]: 7건 (>14일/파싱실패)
2026-07-13 12:44:20,073 [INFO] __main__ — 뉴스 시점 제외 [큐캐피탈]: 1건 (>14일/파싱실패)
2026-07-13 12:44:20,663 [INFO] __main__ — 뉴스 시점 제외 [하이딥]: 7건 (>14일/파싱실패)
2026-07-13 12:44:20,761 [INFO] __main__ — 뉴스 시점 제외 [에이치와이티씨]: 10건 (>14일/파싱실패)
2026-07-13 12:44:21,345 [INFO] __main__ — 뉴스 시점 제외 [스튜디오미르]: 12건 (>14일/파싱실패)
2026-07-13 12:44:22,027 [INFO] __main__ — 뉴스 시점 제외 [팬엔터테인먼트]: 4건 (>14일/파싱실패)
2026-07-13 12:44:22,738 [INFO] __main__ — 뉴스 시점 제외 [비비씨]: 13건 (>14일/파싱실패)
2026-07-13 12:44:24,107 [INFO] __main__ — 뉴스 시점 제외 [제이엔비]: 9건 (>14일/파싱실패)
2026-07-13 12:44:24,157 [INFO] __main__ — 뉴스 시점 제외 [네오크레마]: 13건 (>14일/파싱실패)
2026-07-13 12:44:24,802 [INFO] __main__ — 뉴스 시점 제외 [메가엠디]: 8건 (>14일/파싱실패)
2026-07-13 12:44:25,506 [INFO] __main__ — 뉴스 시점 제외 [엔텔스]: 9건 (>14일/파싱실패)
2026-07-13 12:44:25,522 [INFO] __main__ — 뉴스 시점 제외 [알톤]: 3건 (>14일/파싱실패)
2026-07-13 12:44:26,217 [INFO] __main__ — 뉴스 시점 제외 [자이언트스텝]: 7건 (>14일/파싱실패)
2026-07-13 12:44:26,889 [INFO] __main__ — 뉴스 시점 제외 [플랜티넷]: 9건 (>14일/파싱실패)
2026-07-13 12:44:26,991 [INFO] __main__ — POOL_A 후보 부정뉴스 2차 조회: 705개
2026-07-13 12:44:26,996 [INFO] __main__ — POOL_A: 957개 (A:943 B:1 동시:13) | 부정게이트 제외:25
  대형:65 중형:198 소형:694
2026-07-13 12:44:27,003 [INFO] __main__ —   → POOL_A: 957개
2026-07-13 12:44:27,003 [INFO] __main__ — ▶ Step 2: 하드 필터링
2026-07-13 12:44:27,004 [INFO] __main__ — 하드 필터 제거: 936개 | 과열배제 32 | 이격도상한 6 | 이격도하한 381 | MA추세 477 | RSI과열 4 | 거래대금 36
2026-07-13 12:44:27,006 [INFO] __main__ — 과열 gated 기록: 32개 → gated_tickers
2026-07-13 12:44:27,006 [INFO] __main__ — POOL_B: 21개 | 대형:2 중형:12 소형:7
2026-07-13 12:44:27,006 [INFO] __main__ —   → POOL_B: 21개
2026-07-13 12:44:27,006 [INFO] __main__ — ▶ Step 3: 스코어링 (FinBERT 감성 분석)
2026-07-13 12:44:27,006 [INFO] __main__ — NaverClient: 3개 키 로드 (DataLab·검색 독립 회전)
2026-07-13 12:44:27,006 [INFO] __main__ — 텍스트 신규 수집: 21종목 (캐시 적중 0종목)
2026-07-13 12:44:45,009 [INFO] __main__ — 뉴스 시점 제외 [샘씨엔에스]: 20건 (>14일/파싱실패)
2026-07-13 12:44:49,977 [INFO] __main__ — 뉴스 시점 제외 [글로벌텍스프리]: 18건 (>14일/파싱실패)
2026-07-13 12:44:57,939 [INFO] __main__ — 수집 완료: 뉴스 185건 | 공시 47건
2026-07-13 12:44:57,939 [INFO] __main__ — FinBERT 감성 분석 (finbert 모드)...
2026-07-13 12:44:57,939 [INFO] __main__ — FinBERT 로딩: snunlp/KR-FinBert-SC (CPU, batch=8)
2026-07-13 12:44:58,006 [INFO] httpx — HTTP Request: GET https://huggingface.co/api/agent-harnesses "HTTP/1.1 200 OK"
2026-07-13 12:44:58,044 [INFO] httpx — HTTP Request: HEAD https://huggingface.co/snunlp/KR-FinBert-SC/resolve/main/config.json "HTTP/1.1 307 Temporary Redirect"
2026-07-13 12:44:58,044 [WARNING] huggingface_hub.utils._http — Warning: You are sending unauthenticated requests to the HF Hub. Please set a HF_TOKEN to enable higher rate limits and faster downloads.
2026-07-13 12:44:58,051 [INFO] httpx — HTTP Request: HEAD https://huggingface.co/api/resolve-cache/models/snunlp/KR-FinBert-SC/f8586286cc3161fb648e9fee09a456069fd846d0/config.json "HTTP/1.1 200 OK"
2026-07-13 12:44:58,101 [INFO] httpx — HTTP Request: HEAD https://huggingface.co/snunlp/KR-FinBert-SC/resolve/main/model.safetensors "HTTP/1.1 404 Not Found"
2026-07-13 12:44:58,145 [INFO] httpx — HTTP Request: GET https://huggingface.co/api/models/snunlp/KR-FinBert-SC "HTTP/1.1 200 OK"
2026-07-13 12:44:58,209 [INFO] httpx — HTTP Request: GET https://huggingface.co/api/models/snunlp/KR-FinBert-SC/commits/main "HTTP/1.1 200 OK"
2026-07-13 12:44:58,257 [INFO] httpx — HTTP Request: GET https://huggingface.co/api/models/snunlp/KR-FinBert-SC/discussions?p=0 "HTTP/1.1 200 OK"
2026-07-13 12:44:58,260 [INFO] httpx — HTTP Request: GET https://huggingface.co/api/models/snunlp/KR-FinBert-SC/tree/main/additional_chat_templates?recursive=false&expand=false "HTTP/1.1 404 Not Found"
2026-07-13 12:44:58,300 [INFO] httpx — HTTP Request: GET https://huggingface.co/api/models/snunlp/KR-FinBert-SC/tree/main?recursive=true&expand=false "HTTP/1.1 200 OK"
2026-07-13 12:44:58,319 [INFO] httpx — HTTP Request: GET https://huggingface.co/api/models/snunlp/KR-FinBert-SC/commits/refs%2Fpr%2F3 "HTTP/1.1 200 OK"
2026-07-13 12:44:58,356 [INFO] httpx — HTTP Request: HEAD https://huggingface.co/snunlp/KR-FinBert-SC/resolve/main/processor_config.json "HTTP/1.1 404 Not Found"
2026-07-13 12:44:58,359 [INFO] httpx — HTTP Request: HEAD https://huggingface.co/snunlp/KR-FinBert-SC/resolve/refs%2Fpr%2F3/model.safetensors.index.json "HTTP/1.1 404 Not Found"
2026-07-13 12:44:58,401 [INFO] httpx — HTTP Request: HEAD https://huggingface.co/snunlp/KR-FinBert-SC/resolve/main/video_preprocessor_config.json "HTTP/1.1 404 Not Found"
2026-07-13 12:44:58,402 [INFO] httpx — HTTP Request: HEAD https://huggingface.co/snunlp/KR-FinBert-SC/resolve/refs%2Fpr%2F3/model.safetensors "HTTP/1.1 302 Found"
2026-07-13 12:44:58,534 [INFO] httpx — HTTP Request: HEAD https://huggingface.co/snunlp/KR-FinBert-SC/resolve/main/preprocessor_config.json "HTTP/1.1 404 Not Found"
2026-07-13 12:44:58,535 [INFO] __main__ — FinBERT 로드 완료 (CPU)
2026-07-13 12:45:04,737 [INFO] __main__ — Phase A.1: 매핑 신뢰도 < 0.5 → 감성 점수 폐기 18건
2026-07-13 12:45:04,737 [INFO] __main__ — 스코어링: 21개 | 집중:0 | FinBERT:finbert
2026-07-13 12:45:04,754 [INFO] __main__ —   → 21개
2026-07-13 12:45:04,754 [INFO] __main__ — ▶ Step 4: 발송
2026-07-13 12:45:06,815 [INFO] __main__ — DB 기록: 0개 / 전체 to_send 0개
2026-07-13 12:45:06,815 [INFO] __main__ — 발송: 집중 0 / 주시 0
2026-07-13 12:45:06,816 [INFO] __main__ — 완료  |  소요: 1360.8초
2026-07-13 23:32:20,761 [INFO] __main__ — config 검증 완료 ✓
2026-07-13 23:32:20,761 [INFO] __main__ — ============================================================
2026-07-13 23:32:20,761 [INFO] __main__ — AlphaRadar v3.3.1  |  기준일: 20260713
2026-07-13 23:32:20,761 [INFO] __main__ — S = T×0.3 + S_text×0.4 + D×0.3
2026-07-13 23:32:20,761 [INFO] __main__ — ============================================================
2026-07-13 23:32:20,761 [INFO] __main__ — ▶ Step 0: 유니버스 필터링
2026-07-13 23:32:20,893 [INFO] __main__ — FDR 데이터 수집: 20260107 ~ 20260713
2026-07-13 23:32:22,608 [INFO] __main__ — KOSPI: 945개 | 섹터정보 835개 (DART +835개 보완)
2026-07-13 23:32:22,609 [INFO] __main__ — KOSDAQ: 1821개 | 섹터정보 1821개
2026-07-13 23:32:22,609 [INFO] __main__ — 전체: 2766개
2026-07-13 23:32:24,437 [INFO] __main__ — KIS 토큰 발급 완료
2026-07-13 23:46:22,770 [INFO] __main__ — DART corp_code 매핑: 2152/2205개 (97%)
2026-07-13 23:46:22,770 [INFO] __main__ — 유효 유니버스: 2205개
2026-07-13 23:46:22,779 [INFO] __main__ —   → 2205개
2026-07-13 23:46:22,780 [INFO] __main__ — ▶ Step 1: 신호 탐지
2026-07-13 23:46:22,780 [INFO] __main__ — NaverClient: 3개 키 로드 (DataLab·검색 독립 회전)
2026-07-13 23:46:22,780 [INFO] __main__ — 관심 지수 및 부정 뉴스 비율 조회 중...
2026-07-13 23:46:49,162 [INFO] __main__ — 뉴스 시점 제외 [KX하이텍]: 7건 (>14일/파싱실패)
2026-07-13 23:47:00,239 [INFO] __main__ — 뉴스 시점 제외 [맥쿼리인프라]: 3건 (>14일/파싱실패)
2026-07-13 23:47:06,479 [INFO] __main__ — 뉴스 시점 제외 [GRT]: 2건 (>14일/파싱실패)
2026-07-13 23:47:22,328 [INFO] __main__ — 뉴스 시점 제외 [보성파워텍]: 1건 (>14일/파싱실패)
2026-07-13 23:47:24,304 [INFO] __main__ — 뉴스 시점 제외 [KBI동양철관]: 7건 (>14일/파싱실패)
2026-07-13 23:47:38,405 [INFO] __main__ — 뉴스 시점 제외 [샘씨엔에스]: 5건 (>14일/파싱실패)
2026-07-13 23:47:46,181 [INFO] __main__ — 뉴스 시점 제외 [벡트]: 4건 (>14일/파싱실패)
2026-07-13 23:47:47,221 [INFO] __main__ — 뉴스 시점 제외 [한국팩키지]: 14건 (>14일/파싱실패)
2026-07-13 23:47:53,511 [INFO] __main__ — 뉴스 시점 제외 [서울식품]: 4건 (>14일/파싱실패)
2026-07-13 23:47:54,021 [INFO] __main__ — 뉴스 시점 제외 [KB스타리츠]: 10건 (>14일/파싱실패)
2026-07-13 23:47:58,207 [INFO] __main__ — 뉴스 시점 제외 [수산세보틱스]: 10건 (>14일/파싱실패)
2026-07-13 23:47:58,744 [INFO] __main__ — 뉴스 시점 제외 [우리기술투자]: 9건 (>14일/파싱실패)
2026-07-13 23:48:00,821 [INFO] __main__ — 뉴스 시점 제외 [HB솔루션]: 3건 (>14일/파싱실패)
2026-07-13 23:48:05,532 [INFO] __main__ — 뉴스 시점 제외 [대아티아이]: 2건 (>14일/파싱실패)
2026-07-13 23:48:07,129 [INFO] __main__ — 뉴스 시점 제외 [일신석재]: 9건 (>14일/파싱실패)
2026-07-13 23:48:07,731 [INFO] __main__ — 뉴스 시점 제외 [시너지이노베이션]: 10건 (>14일/파싱실패)
2026-07-13 23:48:08,189 [INFO] __main__ — 뉴스 시점 제외 [해성옵틱스]: 4건 (>14일/파싱실패)
2026-07-13 23:48:09,228 [INFO] __main__ — 뉴스 시점 제외 [아남전자]: 10건 (>14일/파싱실패)
2026-07-13 23:48:15,118 [INFO] __main__ — 뉴스 시점 제외 [ESR켄달스퀘어리츠]: 5건 (>14일/파싱실패)
2026-07-13 23:48:15,515 [INFO] __main__ — 뉴스 시점 제외 [에이팩트]: 8건 (>14일/파싱실패)
2026-07-13 23:48:15,954 [INFO] __main__ — 뉴스 시점 제외 [엘브이엠씨홀딩스]: 13건 (>14일/파싱실패)
2026-07-13 23:48:18,225 [INFO] __main__ — 뉴스 시점 제외 [옴니시스템]: 2건 (>14일/파싱실패)
2026-07-13 23:48:21,153 [INFO] __main__ — 뉴스 시점 제외 [미래에셋증권2우B]: 13건 (>14일/파싱실패)
2026-07-13 23:48:21,326 [INFO] __main__ — 뉴스 시점 제외 [THE E&M]: 13건 (>14일/파싱실패)
2026-07-13 23:48:26,384 [INFO] __main__ — 뉴스 시점 제외 [대영포장]: 15건 (>14일/파싱실패)
2026-07-13 23:48:33,522 [INFO] __main__ — 뉴스 시점 제외 [모헨즈]: 6건 (>14일/파싱실패)
2026-07-13 23:48:36,079 [INFO] __main__ — 뉴스 시점 제외 [위지트]: 2건 (>14일/파싱실패)
2026-07-13 23:48:42,301 [INFO] __main__ — 뉴스 시점 제외 [와이제이링크]: 10건 (>14일/파싱실패)
2026-07-13 23:48:43,787 [INFO] __main__ — 뉴스 시점 제외 [삼륭물산]: 14건 (>14일/파싱실패)
2026-07-13 23:48:51,377 [INFO] __main__ — 뉴스 시점 제외 [영화금속]: 11건 (>14일/파싱실패)
2026-07-13 23:48:53,134 [INFO] __main__ — 뉴스 시점 제외 [에이티넘인베스트]: 13건 (>14일/파싱실패)
2026-07-13 23:49:00,427 [INFO] __main__ — 뉴스 시점 제외 [심텍홀딩스]: 7건 (>14일/파싱실패)
2026-07-13 23:49:01,888 [INFO] __main__ — 뉴스 시점 제외 [MDS테크]: 5건 (>14일/파싱실패)
2026-07-13 23:49:03,621 [INFO] __main__ — 뉴스 시점 제외 [경인양행]: 8건 (>14일/파싱실패)
2026-07-13 23:49:04,218 [INFO] __main__ — 뉴스 시점 제외 [티케이케미칼]: 10건 (>14일/파싱실패)
2026-07-13 23:49:04,656 [INFO] __main__ — 뉴스 시점 제외 [지앤비에스 에코]: 1건 (>14일/파싱실패)
2026-07-13 23:49:06,011 [INFO] __main__ — 뉴스 시점 제외 [지에스이]: 7건 (>14일/파싱실패)
2026-07-13 23:49:07,378 [INFO] __main__ — 뉴스 시점 제외 [이루온]: 9건 (>14일/파싱실패)
2026-07-13 23:49:10,175 [INFO] __main__ — 뉴스 시점 제외 [슈어소프트테크]: 10건 (>14일/파싱실패)
2026-07-13 23:49:11,556 [INFO] __main__ — 뉴스 시점 제외 [원익피앤이]: 4건 (>14일/파싱실패)
2026-07-13 23:49:14,297 [INFO] __main__ — 뉴스 시점 제외 [YG PLUS]: 7건 (>14일/파싱실패)
2026-07-13 23:49:14,674 [INFO] __main__ — 뉴스 시점 제외 [태양금속]: 11건 (>14일/파싱실패)
2026-07-13 23:49:15,155 [INFO] __main__ — 뉴스 시점 제외 [네오오토]: 10건 (>14일/파싱실패)
2026-07-13 23:49:18,289 [INFO] __main__ — 뉴스 시점 제외 [한일단조]: 11건 (>14일/파싱실패)
2026-07-13 23:49:18,459 [INFO] __main__ — 뉴스 시점 제외 [태경케미컬]: 5건 (>14일/파싱실패)
2026-07-13 23:49:19,356 [INFO] __main__ — 뉴스 시점 제외 [성도이엔지]: 9건 (>14일/파싱실패)
2026-07-13 23:49:19,494 [INFO] __main__ — 뉴스 시점 제외 [네오리진]: 6건 (>14일/파싱실패)
2026-07-13 23:49:19,867 [INFO] __main__ — 뉴스 시점 제외 [오리엔탈정공]: 3건 (>14일/파싱실패)
2026-07-13 23:49:19,969 [INFO] __main__ — 부정 키워드 감지: 47개 종목 (neg_ratio > 0)
2026-07-13 23:49:19,972 [INFO] __main__ — 수급일수충족·합계음수 제외: 111개
2026-07-13 23:49:28,321 [INFO] __main__ — 뉴스 시점 제외 [두산우]: 14건 (>14일/파싱실패)
2026-07-13 23:49:30,778 [INFO] __main__ — 뉴스 시점 제외 [KB발해인프라]: 12건 (>14일/파싱실패)
2026-07-13 23:49:34,448 [INFO] __main__ — 뉴스 시점 제외 [세진중공업]: 2건 (>14일/파싱실패)
2026-07-13 23:49:34,638 [INFO] __main__ — 뉴스 시점 제외 [신한알파리츠]: 14건 (>14일/파싱실패)
2026-07-13 23:49:35,712 [INFO] __main__ — 뉴스 시점 제외 [CJ4우(전환)]: 13건 (>14일/파싱실패)
2026-07-13 23:49:37,436 [INFO] __main__ — 뉴스 시점 제외 [미원에스씨]: 3건 (>14일/파싱실패)
2026-07-13 23:49:37,742 [INFO] __main__ — 뉴스 시점 제외 [삼성FN리츠]: 7건 (>14일/파싱실패)
2026-07-13 23:49:38,645 [INFO] __main__ — 뉴스 시점 제외 [풍산홀딩스]: 10건 (>14일/파싱실패)
2026-07-13 23:49:39,791 [INFO] __main__ — 뉴스 시점 제외 [아모레퍼시픽우]: 9건 (>14일/파싱실패)
2026-07-13 23:49:40,342 [INFO] __main__ — 뉴스 시점 제외 [코람코더원리츠]: 14건 (>14일/파싱실패)
2026-07-13 23:49:40,997 [INFO] __main__ — 뉴스 시점 제외 [신도리코]: 8건 (>14일/파싱실패)
2026-07-13 23:49:41,804 [INFO] __main__ — 뉴스 시점 제외 [KPX홀딩스]: 9건 (>14일/파싱실패)
2026-07-13 23:49:42,077 [INFO] __main__ — 뉴스 시점 제외 [KISCO홀딩스]: 9건 (>14일/파싱실패)
2026-07-13 23:49:43,433 [INFO] __main__ — 뉴스 시점 제외 [국도화학]: 12건 (>14일/파싱실패)
2026-07-13 23:49:44,035 [INFO] __main__ — 뉴스 시점 제외 [현대퓨처넷]: 12건 (>14일/파싱실패)
2026-07-13 23:49:44,426 [INFO] __main__ — 뉴스 시점 제외 [아세아제지]: 12건 (>14일/파싱실패)
2026-07-13 23:49:46,356 [INFO] __main__ — 뉴스 시점 제외 [S-Oil우]: 12건 (>14일/파싱실패)
2026-07-13 23:49:48,110 [INFO] __main__ — 뉴스 시점 제외 [천일고속]: 15건 (>14일/파싱실패)
2026-07-13 23:49:49,248 [INFO] __main__ — 뉴스 시점 제외 [이리츠코크렙]: 15건 (>14일/파싱실패)
2026-07-13 23:49:49,834 [INFO] __main__ — 뉴스 시점 제외 [동아지질]: 4건 (>14일/파싱실패)
2026-07-13 23:49:50,390 [INFO] __main__ — 뉴스 시점 제외 [진양홀딩스]: 8건 (>14일/파싱실패)
2026-07-13 23:49:50,543 [INFO] __main__ — 뉴스 시점 제외 [화승엔터프라이즈]: 9건 (>14일/파싱실패)
2026-07-13 23:49:51,000 [INFO] __main__ — 뉴스 시점 제외 [에스엠벡셀]: 10건 (>14일/파싱실패)
2026-07-13 23:49:51,539 [INFO] __main__ — 뉴스 시점 제외 [유화증권]: 6건 (>14일/파싱실패)
2026-07-13 23:49:52,153 [INFO] __main__ — 뉴스 시점 제외 [조선내화]: 10건 (>14일/파싱실패)
2026-07-13 23:49:52,865 [INFO] __main__ — 뉴스 시점 제외 [해태제과식품]: 7건 (>14일/파싱실패)
2026-07-13 23:49:53,307 [INFO] __main__ — 뉴스 시점 제외 [현대비앤지스틸]: 8건 (>14일/파싱실패)
2026-07-13 23:49:54,477 [INFO] __main__ — 뉴스 시점 제외 [한국주철관]: 13건 (>14일/파싱실패)
2026-07-13 23:49:54,517 [INFO] __main__ — 뉴스 시점 제외 [신라교역]: 8건 (>14일/파싱실패)
2026-07-13 23:49:55,773 [INFO] __main__ — 뉴스 시점 제외 [화승인더]: 15건 (>14일/파싱실패)
2026-07-13 23:49:56,347 [INFO] __main__ — 뉴스 시점 제외 [이지스레지던스리츠]: 15건 (>14일/파싱실패)
2026-07-13 23:49:56,759 [INFO] __main__ — 뉴스 시점 제외 [미원홀딩스]: 12건 (>14일/파싱실패)
2026-07-13 23:49:56,845 [INFO] __main__ — 뉴스 시점 제외 [키다리스튜디오]: 4건 (>14일/파싱실패)
2026-07-13 23:49:56,929 [INFO] __main__ — 뉴스 시점 제외 [화승코퍼레이션]: 13건 (>14일/파싱실패)
2026-07-13 23:49:57,327 [INFO] __main__ — 뉴스 시점 제외 [디씨엠]: 12건 (>14일/파싱실패)
2026-07-13 23:49:57,419 [INFO] __main__ — 뉴스 시점 제외 [HDC현대EP]: 13건 (>14일/파싱실패)
2026-07-13 23:49:57,533 [INFO] __main__ — 뉴스 시점 제외 [유니퀘스트]: 9건 (>14일/파싱실패)
2026-07-13 23:49:57,918 [INFO] __main__ — 뉴스 시점 제외 [인천도시가스]: 10건 (>14일/파싱실패)
2026-07-13 23:49:58,712 [INFO] __main__ — 뉴스 시점 제외 [태경비케이]: 6건 (>14일/파싱실패)
2026-07-13 23:49:59,089 [INFO] __main__ — 뉴스 시점 제외 [조선선재]: 7건 (>14일/파싱실패)
2026-07-13 23:49:59,803 [INFO] __main__ — 뉴스 시점 제외 [대성홀딩스]: 9건 (>14일/파싱실패)
2026-07-13 23:49:59,866 [INFO] __main__ — 뉴스 시점 제외 [두올]: 8건 (>14일/파싱실패)
2026-07-13 23:50:00,394 [INFO] __main__ — 뉴스 시점 제외 [HS애드]: 11건 (>14일/파싱실패)
2026-07-13 23:50:00,826 [INFO] __main__ — 뉴스 시점 제외 [GS우]: 13건 (>14일/파싱실패)
2026-07-13 23:50:00,965 [INFO] __main__ — 뉴스 시점 제외 [영보화학]: 12건 (>14일/파싱실패)
2026-07-13 23:50:01,033 [INFO] __main__ — 뉴스 시점 제외 [황금에스티]: 6건 (>14일/파싱실패)
2026-07-13 23:50:01,400 [INFO] __main__ — 뉴스 시점 제외 [삼원강재]: 12건 (>14일/파싱실패)
2026-07-13 23:50:01,614 [INFO] __main__ — 뉴스 시점 제외 [우신시스템]: 8건 (>14일/파싱실패)
2026-07-13 23:50:01,982 [INFO] __main__ — 뉴스 시점 제외 [CS홀딩스]: 14건 (>14일/파싱실패)
2026-07-13 23:50:02,787 [INFO] __main__ — 뉴스 시점 제외 [동양고속]: 14건 (>14일/파싱실패)
2026-07-13 23:50:03,185 [INFO] __main__ — 뉴스 시점 제외 [SK이노베이션우]: 14건 (>14일/파싱실패)
2026-07-13 23:50:03,302 [INFO] __main__ — 뉴스 시점 제외 [삼정펄프]: 14건 (>14일/파싱실패)
2026-07-13 23:50:03,368 [INFO] __main__ — 뉴스 시점 제외 [유한양행우]: 12건 (>14일/파싱실패)
2026-07-13 23:50:03,883 [INFO] __main__ — 뉴스 시점 제외 [성창기업지주]: 14건 (>14일/파싱실패)
2026-07-13 23:50:03,934 [INFO] __main__ — 뉴스 시점 제외 [유엔젤]: 9건 (>14일/파싱실패)
2026-07-13 23:50:04,449 [INFO] __main__ — 뉴스 시점 제외 [아모레퍼시픽홀딩스우]: 14건 (>14일/파싱실패)
2026-07-13 23:50:04,923 [INFO] __main__ — 뉴스 시점 제외 [진양산업]: 10건 (>14일/파싱실패)
2026-07-13 23:50:05,073 [INFO] __main__ — 뉴스 시점 제외 [삼성출판사]: 10건 (>14일/파싱실패)
2026-07-13 23:50:05,515 [INFO] __main__ — 뉴스 시점 제외 [하이스틸]: 5건 (>14일/파싱실패)
2026-07-13 23:50:05,667 [INFO] __main__ — 뉴스 시점 제외 [호전실업]: 11건 (>14일/파싱실패)
2026-07-13 23:50:06,084 [INFO] __main__ — 뉴스 시점 제외 [써니전자]: 12건 (>14일/파싱실패)
2026-07-13 23:50:06,262 [INFO] __main__ — 뉴스 시점 제외 [보락]: 7건 (>14일/파싱실패)
2026-07-13 23:50:06,674 [INFO] __main__ — 뉴스 시점 제외 [새론오토모티브]: 13건 (>14일/파싱실패)
2026-07-13 23:50:07,257 [INFO] __main__ — 뉴스 시점 제외 [롯데칠성우]: 15건 (>14일/파싱실패)
2026-07-13 23:50:08,013 [INFO] __main__ — 뉴스 시점 제외 [SJM홀딩스]: 15건 (>14일/파싱실패)
2026-07-13 23:50:08,029 [INFO] __main__ — 뉴스 시점 제외 [SG세계물산]: 9건 (>14일/파싱실패)
2026-07-13 23:50:08,607 [INFO] __main__ — 뉴스 시점 제외 [BYC우]: 14건 (>14일/파싱실패)
2026-07-13 23:50:08,614 [INFO] __main__ — 뉴스 시점 제외 [대덕전자1우]: 13건 (>14일/파싱실패)
2026-07-13 23:50:08,999 [INFO] __main__ — 뉴스 시점 제외 [인팩]: 11건 (>14일/파싱실패)
2026-07-13 23:50:09,197 [INFO] __main__ — 뉴스 시점 제외 [조광페인트]: 2건 (>14일/파싱실패)
2026-07-13 23:50:09,780 [INFO] __main__ — 뉴스 시점 제외 [갤럭시아에스엠]: 9건 (>14일/파싱실패)
2026-07-13 23:50:10,138 [INFO] __main__ — 뉴스 시점 제외 [DL우]: 14건 (>14일/파싱실패)
2026-07-13 23:50:10,357 [INFO] __main__ — 뉴스 시점 제외 [우진플라임]: 14건 (>14일/파싱실패)
2026-07-13 23:50:10,362 [INFO] __main__ — 뉴스 시점 제외 [세우글로벌]: 15건 (>14일/파싱실패)
2026-07-13 23:50:10,725 [INFO] __main__ — 뉴스 시점 제외 [대림통상]: 8건 (>14일/파싱실패)
2026-07-13 23:50:10,937 [INFO] __main__ — 뉴스 시점 제외 [진양폴리]: 9건 (>14일/파싱실패)
2026-07-13 23:50:11,315 [INFO] __main__ — 뉴스 시점 제외 [우진아이엔에스]: 1건 (>14일/파싱실패)
2026-07-13 23:50:21,451 [INFO] __main__ — 뉴스 시점 제외 [티에프이]: 3건 (>14일/파싱실패)
2026-07-13 23:50:21,473 [INFO] __main__ — 뉴스 시점 제외 [젬백스]: 5건 (>14일/파싱실패)
2026-07-13 23:50:22,030 [INFO] __main__ — 뉴스 시점 제외 [에프에스티]: 4건 (>14일/파싱실패)
2026-07-13 23:50:25,186 [INFO] __main__ — 뉴스 시점 제외 [큐렉소]: 3건 (>14일/파싱실패)
2026-07-13 23:50:30,364 [INFO] __main__ — 뉴스 시점 제외 [바이오다인]: 8건 (>14일/파싱실패)
2026-07-13 23:50:32,052 [INFO] __main__ — 뉴스 시점 제외 [매커스]: 12건 (>14일/파싱실패)
2026-07-13 23:50:32,974 [INFO] __main__ — 뉴스 시점 제외 [해성산업]: 13건 (>14일/파싱실패)
2026-07-13 23:50:33,357 [INFO] __main__ — 뉴스 시점 제외 [한선엔지니어링]: 10건 (>14일/파싱실패)
2026-07-13 23:50:34,146 [INFO] __main__ — 뉴스 시점 제외 [BGF에코머티리얼즈]: 14건 (>14일/파싱실패)
2026-07-13 23:50:34,621 [INFO] __main__ — 뉴스 시점 제외 [국보디자인]: 11건 (>14일/파싱실패)
2026-07-13 23:50:34,749 [INFO] __main__ — 뉴스 시점 제외 [네오위즈홀딩스]: 3건 (>14일/파싱실패)
2026-07-13 23:50:35,914 [INFO] __main__ — 뉴스 시점 제외 [나이벡]: 5건 (>14일/파싱실패)
2026-07-13 23:50:37,270 [INFO] __main__ — 뉴스 시점 제외 [와이솔]: 12건 (>14일/파싱실패)
2026-07-13 23:50:38,543 [INFO] __main__ — 뉴스 시점 제외 [우양에이치씨]: 8건 (>14일/파싱실패)
2026-07-13 23:50:39,150 [INFO] __main__ — 뉴스 시점 제외 [재영솔루텍]: 8건 (>14일/파싱실패)
2026-07-13 23:50:40,909 [INFO] __main__ — 뉴스 시점 제외 [고려신용정보]: 13건 (>14일/파싱실패)
2026-07-13 23:50:42,243 [INFO] __main__ — 뉴스 시점 제외 [윤성에프앤씨]: 11건 (>14일/파싱실패)
2026-07-13 23:50:43,003 [INFO] __main__ — 뉴스 시점 제외 [동국산업]: 4건 (>14일/파싱실패)
2026-07-13 23:50:43,568 [INFO] __main__ — 뉴스 시점 제외 [디에스케이]: 11건 (>14일/파싱실패)
2026-07-13 23:50:44,147 [INFO] __main__ — 뉴스 시점 제외 [그린리소스]: 11건 (>14일/파싱실패)
2026-07-13 23:50:44,376 [INFO] __main__ — 뉴스 시점 제외 [코칩]: 11건 (>14일/파싱실패)
2026-07-13 23:50:45,858 [INFO] __main__ — 뉴스 시점 제외 [인포바인]: 13건 (>14일/파싱실패)
2026-07-13 23:50:46,429 [INFO] __main__ — 뉴스 시점 제외 [코윈테크]: 9건 (>14일/파싱실패)
2026-07-13 23:50:46,676 [INFO] __main__ — 뉴스 시점 제외 [킵스파마]: 5건 (>14일/파싱실패)
2026-07-13 23:50:46,906 [INFO] __main__ — 뉴스 시점 제외 [현대에버다임]: 7건 (>14일/파싱실패)
2026-07-13 23:50:47,632 [INFO] __main__ — 뉴스 시점 제외 [솔본]: 12건 (>14일/파싱실패)
2026-07-13 23:50:47,851 [INFO] __main__ — 뉴스 시점 제외 [우리손에프앤지]: 14건 (>14일/파싱실패)
2026-07-13 23:50:48,079 [INFO] __main__ — 뉴스 시점 제외 [케이알엠]: 11건 (>14일/파싱실패)
2026-07-13 23:50:48,817 [INFO] __main__ — 뉴스 시점 제외 [세운메디칼]: 14건 (>14일/파싱실패)
2026-07-13 23:50:49,828 [INFO] __main__ — 뉴스 시점 제외 [탑런토탈솔루션]: 13건 (>14일/파싱실패)
2026-07-13 23:50:50,408 [INFO] __main__ — 뉴스 시점 제외 [풍국주정]: 11건 (>14일/파싱실패)
2026-07-13 23:50:51,565 [INFO] __main__ — 뉴스 시점 제외 [동아엘텍]: 10건 (>14일/파싱실패)
2026-07-13 23:50:52,774 [INFO] __main__ — 뉴스 시점 제외 [에이치엔에스하이텍]: 13건 (>14일/파싱실패)
2026-07-13 23:50:53,094 [INFO] __main__ — 뉴스 시점 제외 [오상헬스케어]: 6건 (>14일/파싱실패)
2026-07-13 23:50:54,515 [INFO] __main__ — 뉴스 시점 제외 [디앤씨미디어]: 4건 (>14일/파싱실패)
2026-07-13 23:50:54,613 [INFO] __main__ — 뉴스 시점 제외 [일지테크]: 5건 (>14일/파싱실패)
2026-07-13 23:50:54,974 [INFO] __main__ — 뉴스 시점 제외 [대림제지]: 12건 (>14일/파싱실패)
2026-07-13 23:50:56,710 [INFO] __main__ — 뉴스 시점 제외 [휴비츠]: 7건 (>14일/파싱실패)
2026-07-13 23:50:57,592 [INFO] __main__ — 뉴스 시점 제외 [HRS]: 1건 (>14일/파싱실패)
2026-07-13 23:50:57,932 [INFO] __main__ — 뉴스 시점 제외 [양지사]: 12건 (>14일/파싱실패)
2026-07-13 23:50:59,031 [INFO] __main__ — 뉴스 시점 제외 [로보로보]: 9건 (>14일/파싱실패)
2026-07-13 23:50:59,664 [INFO] __main__ — 뉴스 시점 제외 [새빗켐]: 9건 (>14일/파싱실패)
2026-07-13 23:50:59,919 [INFO] __main__ — 뉴스 시점 제외 [라이온켐텍]: 10건 (>14일/파싱실패)
2026-07-13 23:51:00,832 [INFO] __main__ — 뉴스 시점 제외 [싸이토젠]: 12건 (>14일/파싱실패)
2026-07-13 23:51:01,316 [INFO] __main__ — 뉴스 시점 제외 [제닉스로보틱스]: 12건 (>14일/파싱실패)
2026-07-13 23:51:01,992 [INFO] __main__ — 뉴스 시점 제외 [큐에스아이]: 9건 (>14일/파싱실패)
2026-07-13 23:51:02,554 [INFO] __main__ — 뉴스 시점 제외 [셀바스헬스케어]: 12건 (>14일/파싱실패)
2026-07-13 23:51:03,090 [INFO] __main__ — 뉴스 시점 제외 [제이엔케이글로벌]: 3건 (>14일/파싱실패)
2026-07-13 23:51:03,133 [INFO] __main__ — 뉴스 시점 제외 [에스피소프트]: 9건 (>14일/파싱실패)
2026-07-13 23:51:03,418 [INFO] __main__ — 뉴스 시점 제외 [한국전자인증]: 2건 (>14일/파싱실패)
2026-07-13 23:51:03,711 [INFO] __main__ — 뉴스 시점 제외 [미투온]: 1건 (>14일/파싱실패)
2026-07-13 23:51:04,247 [INFO] __main__ — 뉴스 시점 제외 [블루콤]: 13건 (>14일/파싱실패)
2026-07-13 23:51:04,281 [INFO] __main__ — 뉴스 시점 제외 [레뷰코퍼레이션]: 9건 (>14일/파싱실패)
2026-07-13 23:51:04,583 [INFO] __main__ — 뉴스 시점 제외 [제이씨케미칼]: 9건 (>14일/파싱실패)
2026-07-13 23:51:04,827 [INFO] __main__ — 뉴스 시점 제외 [대륙제관]: 12건 (>14일/파싱실패)
2026-07-13 23:51:05,401 [INFO] __main__ — 뉴스 시점 제외 [삼양케이씨아이]: 11건 (>14일/파싱실패)
2026-07-13 23:51:05,739 [INFO] __main__ — 뉴스 시점 제외 [셀바이오휴먼텍]: 8건 (>14일/파싱실패)
2026-07-13 23:51:05,964 [INFO] __main__ — 뉴스 시점 제외 [케이엘넷]: 13건 (>14일/파싱실패)
2026-07-13 23:51:06,030 [INFO] __main__ — 뉴스 시점 제외 [퓨런티어]: 10건 (>14일/파싱실패)
2026-07-13 23:51:06,302 [INFO] __main__ — 뉴스 시점 제외 [스마트레이더시스템]: 9건 (>14일/파싱실패)
2026-07-13 23:51:06,872 [INFO] __main__ — 뉴스 시점 제외 [유비벨록스]: 8건 (>14일/파싱실패)
2026-07-13 23:51:07,451 [INFO] __main__ — 뉴스 시점 제외 [대주산업]: 12건 (>14일/파싱실패)
2026-07-13 23:51:08,982 [INFO] __main__ — 뉴스 시점 제외 [경창산업]: 8건 (>14일/파싱실패)
2026-07-13 23:51:09,564 [INFO] __main__ — 뉴스 시점 제외 [수산아이앤티]: 12건 (>14일/파싱실패)
2026-07-13 23:51:09,725 [INFO] __main__ — 뉴스 시점 제외 [코렌텍]: 12건 (>14일/파싱실패)
2026-07-13 23:51:10,705 [INFO] __main__ — 뉴스 시점 제외 [덕우전자]: 12건 (>14일/파싱실패)
2026-07-13 23:51:10,906 [INFO] __main__ — 뉴스 시점 제외 [셀로맥스사이언스]: 9건 (>14일/파싱실패)
2026-07-13 23:51:12,045 [INFO] __main__ — 뉴스 시점 제외 [프로이천]: 11건 (>14일/파싱실패)
2026-07-13 23:51:12,436 [INFO] __main__ — 뉴스 시점 제외 [탑엔지니어링]: 5건 (>14일/파싱실패)
2026-07-13 23:51:12,629 [INFO] __main__ — 뉴스 시점 제외 [씨유테크]: 11건 (>14일/파싱실패)
2026-07-13 23:51:13,623 [INFO] __main__ — 뉴스 시점 제외 [제이투케이바이오]: 8건 (>14일/파싱실패)
2026-07-13 23:51:13,796 [INFO] __main__ — 뉴스 시점 제외 [흥국에프엔비]: 10건 (>14일/파싱실패)
2026-07-13 23:51:14,222 [INFO] __main__ — 뉴스 시점 제외 [캐프]: 7건 (>14일/파싱실패)
2026-07-13 23:51:15,348 [INFO] __main__ — 뉴스 시점 제외 [일월지엠엘]: 15건 (>14일/파싱실패)
2026-07-13 23:51:15,366 [INFO] __main__ — 뉴스 시점 제외 [NHN벅스]: 10건 (>14일/파싱실패)
2026-07-13 23:51:15,979 [INFO] __main__ — 뉴스 시점 제외 [TPC로보틱스]: 10건 (>14일/파싱실패)
2026-07-13 23:51:16,127 [INFO] __main__ — 뉴스 시점 제외 [인지디스플레]: 10건 (>14일/파싱실패)
2026-07-13 23:51:16,560 [INFO] __main__ — 뉴스 시점 제외 [쎄노텍]: 10건 (>14일/파싱실패)
2026-07-13 23:51:17,116 [INFO] __main__ — 뉴스 시점 제외 [서린바이오]: 8건 (>14일/파싱실패)
2026-07-13 23:51:17,137 [INFO] __main__ — 뉴스 시점 제외 [에이텍모빌리티]: 8건 (>14일/파싱실패)
2026-07-13 23:51:17,681 [INFO] __main__ — 뉴스 시점 제외 [링크제니시스]: 13건 (>14일/파싱실패)
2026-07-13 23:51:17,889 [INFO] __main__ — 뉴스 시점 제외 [쓰리에이로직스]: 12건 (>14일/파싱실패)
2026-07-13 23:51:18,316 [INFO] __main__ — 뉴스 시점 제외 [효성오앤비]: 10건 (>14일/파싱실패)
2026-07-13 23:51:18,480 [INFO] __main__ — 뉴스 시점 제외 [한독크린텍]: 14건 (>14일/파싱실패)
2026-07-13 23:51:19,063 [INFO] __main__ — 뉴스 시점 제외 [케일럼]: 13건 (>14일/파싱실패)
2026-07-13 23:51:19,422 [INFO] __main__ — 뉴스 시점 제외 [미래생명자원]: 8건 (>14일/파싱실패)
2026-07-13 23:51:20,228 [INFO] __main__ — 뉴스 시점 제외 [서연탑메탈]: 10건 (>14일/파싱실패)
2026-07-13 23:51:21,204 [INFO] __main__ — 뉴스 시점 제외 [엔바이오니아]: 12건 (>14일/파싱실패)
2026-07-13 23:51:21,733 [INFO] __main__ — 뉴스 시점 제외 [백금T&A]: 10건 (>14일/파싱실패)
2026-07-13 23:51:22,303 [INFO] __main__ — 뉴스 시점 제외 [하이딥]: 7건 (>14일/파싱실패)
2026-07-13 23:51:22,530 [INFO] __main__ — 뉴스 시점 제외 [와이랩]: 7건 (>14일/파싱실패)
2026-07-13 23:51:23,122 [INFO] __main__ — 뉴스 시점 제외 [팬엔터테인먼트]: 5건 (>14일/파싱실패)
2026-07-13 23:51:24,548 [INFO] __main__ — 뉴스 시점 제외 [네오크레마]: 13건 (>14일/파싱실패)
2026-07-13 23:51:24,616 [INFO] __main__ — 뉴스 시점 제외 [비비씨]: 13건 (>14일/파싱실패)
2026-07-13 23:51:25,110 [INFO] __main__ — 뉴스 시점 제외 [플랜티넷]: 9건 (>14일/파싱실패)
2026-07-13 23:51:25,184 [INFO] __main__ — 뉴스 시점 제외 [알톤]: 3건 (>14일/파싱실패)
2026-07-13 23:51:25,693 [INFO] __main__ — 뉴스 시점 제외 [제이엔비]: 9건 (>14일/파싱실패)
2026-07-13 23:51:26,357 [INFO] __main__ — 뉴스 시점 제외 [자이언트스텝]: 7건 (>14일/파싱실패)
2026-07-13 23:51:26,459 [INFO] __main__ — POOL_A 후보 부정뉴스 2차 조회: 642개
2026-07-13 23:51:26,462 [INFO] __main__ — POOL_A: 906개 (A:883 B:6 동시:17) | 부정게이트 제외:19
  대형:63 중형:191 소형:652
2026-07-13 23:51:26,538 [INFO] __main__ —   → POOL_A: 906개
2026-07-13 23:51:26,538 [INFO] __main__ — ▶ Step 2: 하드 필터링
2026-07-13 23:51:26,540 [INFO] __main__ — 하드 필터 제거: 886개 | 과열배제 34 | 이격도상한 3 | 이격도하한 366 | MA추세 446 | RSI과열 5 | 거래대금 32
2026-07-13 23:51:26,542 [INFO] __main__ — 과열 gated 기록: 34개 → gated_tickers
2026-07-13 23:51:26,542 [INFO] __main__ — POOL_B: 20개 | 대형:2 중형:10 소형:8
2026-07-13 23:51:26,542 [INFO] __main__ —   → POOL_B: 20개
2026-07-13 23:51:26,542 [INFO] __main__ — ▶ Step 3: 스코어링 (FinBERT 감성 분석)
2026-07-13 23:51:26,542 [INFO] __main__ — NaverClient: 3개 키 로드 (DataLab·검색 독립 회전)
2026-07-13 23:51:26,543 [INFO] __main__ — 텍스트 신규 수집: 2종목 (캐시 적중 18종목)
2026-07-13 23:51:27,029 [INFO] __main__ — 뉴스 시점 제외 [이수화학]: 14건 (>14일/파싱실패)
2026-07-13 23:51:30,739 [INFO] __main__ — 수집 완료: 뉴스 201건 | 공시 48건
2026-07-13 23:51:30,739 [INFO] __main__ — FinBERT 감성 분석 (finbert 모드)...
2026-07-13 23:51:30,739 [INFO] __main__ — FinBERT 로딩: snunlp/KR-FinBert-SC (CPU, batch=8)
2026-07-13 23:51:30,841 [INFO] httpx — HTTP Request: GET https://huggingface.co/api/agent-harnesses "HTTP/1.1 200 OK"
2026-07-13 23:51:30,912 [INFO] httpx — HTTP Request: HEAD https://huggingface.co/snunlp/KR-FinBert-SC/resolve/main/config.json "HTTP/1.1 307 Temporary Redirect"
2026-07-13 23:51:30,912 [WARNING] huggingface_hub.utils._http — Warning: You are sending unauthenticated requests to the HF Hub. Please set a HF_TOKEN to enable higher rate limits and faster downloads.
2026-07-13 23:51:30,919 [INFO] httpx — HTTP Request: HEAD https://huggingface.co/api/resolve-cache/models/snunlp/KR-FinBert-SC/f8586286cc3161fb648e9fee09a456069fd846d0/config.json "HTTP/1.1 200 OK"
2026-07-13 23:51:31,004 [INFO] httpx — HTTP Request: HEAD https://huggingface.co/snunlp/KR-FinBert-SC/resolve/main/model.safetensors "HTTP/1.1 404 Not Found"
2026-07-13 23:51:31,084 [INFO] httpx — HTTP Request: GET https://huggingface.co/api/models/snunlp/KR-FinBert-SC "HTTP/1.1 200 OK"
2026-07-13 23:51:31,165 [INFO] httpx — HTTP Request: GET https://huggingface.co/api/models/snunlp/KR-FinBert-SC/commits/main "HTTP/1.1 200 OK"
2026-07-13 23:51:31,175 [INFO] httpx — HTTP Request: GET https://huggingface.co/api/models/snunlp/KR-FinBert-SC/tree/main/additional_chat_templates?recursive=false&expand=false "HTTP/1.1 404 Not Found"
2026-07-13 23:51:31,243 [INFO] httpx — HTTP Request: GET https://huggingface.co/api/models/snunlp/KR-FinBert-SC/discussions?p=0 "HTTP/1.1 200 OK"
2026-07-13 23:51:31,257 [INFO] httpx — HTTP Request: GET https://huggingface.co/api/models/snunlp/KR-FinBert-SC/tree/main?recursive=true&expand=false "HTTP/1.1 200 OK"
2026-07-13 23:51:31,323 [INFO] httpx — HTTP Request: GET https://huggingface.co/api/models/snunlp/KR-FinBert-SC/commits/refs%2Fpr%2F3 "HTTP/1.1 200 OK"
2026-07-13 23:51:31,345 [INFO] httpx — HTTP Request: HEAD https://huggingface.co/snunlp/KR-FinBert-SC/resolve/main/processor_config.json "HTTP/1.1 404 Not Found"
2026-07-13 23:51:31,392 [INFO] httpx — HTTP Request: HEAD https://huggingface.co/snunlp/KR-FinBert-SC/resolve/refs%2Fpr%2F3/model.safetensors.index.json "HTTP/1.1 404 Not Found"
2026-07-13 23:51:31,414 [INFO] httpx — HTTP Request: HEAD https://huggingface.co/snunlp/KR-FinBert-SC/resolve/main/video_preprocessor_config.json "HTTP/1.1 404 Not Found"
2026-07-13 23:51:31,466 [INFO] httpx — HTTP Request: HEAD https://huggingface.co/snunlp/KR-FinBert-SC/resolve/refs%2Fpr%2F3/model.safetensors "HTTP/1.1 302 Found"
2026-07-13 23:51:31,485 [INFO] httpx — HTTP Request: HEAD https://huggingface.co/snunlp/KR-FinBert-SC/resolve/main/preprocessor_config.json "HTTP/1.1 404 Not Found"
2026-07-13 23:51:31,486 [INFO] __main__ — FinBERT 로드 완료 (CPU)
2026-07-13 23:51:34,071 [INFO] __main__ — Phase A.1: 매핑 신뢰도 < 0.5 → 감성 점수 폐기 18건
2026-07-13 23:51:34,071 [INFO] __main__ — 스코어링: 20개 | 집중:0 | FinBERT:finbert
2026-07-13 23:51:34,082 [INFO] __main__ —   → 20개
2026-07-13 23:51:34,082 [INFO] __main__ — ▶ Step 4: 발송
2026-07-13 23:51:36,358 [INFO] __main__ — DB 기록: 0개 / 전체 to_send 0개
2026-07-13 23:51:36,358 [INFO] __main__ — 발송: 집중 0 / 주시 0
2026-07-13 23:51:36,358 [INFO] __main__ — 완료  |  소요: 1155.6초
