2026-06-24 12:08:41,640 [INFO] __main__ — config 검증 완료 ✓
2026-06-24 12:08:41,640 [INFO] __main__ — ============================================================
2026-06-24 12:08:41,640 [INFO] __main__ — AlphaRadar v3.3.1  |  기준일: 20260624
2026-06-24 12:08:41,640 [INFO] __main__ — S = T×0.3 + S_text×0.4 + D×0.3
2026-06-24 12:08:41,640 [INFO] __main__ — ============================================================
2026-06-24 12:08:41,640 [INFO] __main__ — ▶ Step 0: 유니버스 필터링
2026-06-24 12:08:41,819 [INFO] __main__ — FDR 데이터 수집: 20251219 ~ 20260624
2026-06-24 12:08:44,154 [INFO] __main__ — KOSPI: 946개 | 섹터정보 836개 (DART +836개 보완)
2026-06-24 12:08:44,155 [INFO] __main__ — KOSDAQ: 1822개 | 섹터정보 1822개
2026-06-24 12:08:44,155 [INFO] __main__ — 전체: 2768개
2026-06-24 12:08:46,092 [INFO] __main__ — KIS 토큰 발급 완료
2026-06-24 12:22:50,378 [INFO] __main__ — DART corp_code 매핑: 2164/2216개 (97%)
2026-06-24 12:22:50,378 [INFO] __main__ — 유효 유니버스: 2216개
2026-06-24 12:22:50,390 [INFO] __main__ —   → 2216개
2026-06-24 12:22:50,390 [INFO] __main__ — ▶ Step 1: 신호 탐지
2026-06-24 12:22:50,390 [INFO] __main__ — NaverClient: 3개 키 로드 (DataLab·검색 독립 회전)
2026-06-24 12:22:50,390 [INFO] __main__ — 관심 지수 및 부정 뉴스 비율 조회 중...
2026-06-24 12:25:56,048 [INFO] __main__ — 부정 키워드 감지: 36개 종목 (neg_ratio > 0)
2026-06-24 12:25:56,054 [INFO] __main__ — POOL_A: 834개 (A:723 B:41 동시:70)
  대형:52 중형:165 소형:617
2026-06-24 12:25:56,060 [INFO] __main__ —   → POOL_A: 834개
2026-06-24 12:25:56,060 [INFO] __main__ — ▶ Step 2: 하드 필터링
2026-06-24 12:25:56,061 [INFO] __main__ — 하드 필터 제거: 804개 | 이격도상한 35 | 이격도하한 512 | MA추세 208 | RSI과열 1 | 거래대금 48
2026-06-24 12:25:56,062 [INFO] __main__ — POOL_B: 30개 | 대형:3 중형:9 소형:18
2026-06-24 12:25:56,062 [INFO] __main__ —   → POOL_B: 30개
2026-06-24 12:25:56,062 [INFO] __main__ — ▶ Step 3: 스코어링 (FinBERT 감성 분석)
2026-06-24 12:25:56,062 [INFO] __main__ — NaverClient: 3개 키 로드 (DataLab·검색 독립 회전)
2026-06-24 12:25:56,062 [INFO] __main__ — 텍스트 신규 수집: 30종목 (캐시 적중 0종목)
2026-06-24 12:26:31,310 [INFO] __main__ — 수집 완료: 뉴스 243건 | 공시 213건
2026-06-24 12:26:31,311 [INFO] __main__ — FinBERT 감성 분석 (finbert 모드)...
2026-06-24 12:26:31,311 [INFO] __main__ — FinBERT 로딩: snunlp/KR-FinBert-SC (CPU, batch=8)
2026-06-24 12:26:31,458 [INFO] httpx — HTTP Request: GET https://huggingface.co/api/agent-harnesses "HTTP/1.1 200 OK"
2026-06-24 12:26:31,551 [INFO] httpx — HTTP Request: HEAD https://huggingface.co/snunlp/KR-FinBert-SC/resolve/main/config.json "HTTP/1.1 307 Temporary Redirect"
2026-06-24 12:26:31,552 [WARNING] huggingface_hub.utils._http — Warning: You are sending unauthenticated requests to the HF Hub. Please set a HF_TOKEN to enable higher rate limits and faster downloads.
2026-06-24 12:26:31,564 [INFO] httpx — HTTP Request: HEAD https://huggingface.co/api/resolve-cache/models/snunlp/KR-FinBert-SC/f8586286cc3161fb648e9fee09a456069fd846d0/config.json "HTTP/1.1 200 OK"
2026-06-24 12:26:31,680 [INFO] httpx — HTTP Request: HEAD https://huggingface.co/snunlp/KR-FinBert-SC/resolve/main/model.safetensors "HTTP/1.1 404 Not Found"
2026-06-24 12:26:31,781 [INFO] httpx — HTTP Request: GET https://huggingface.co/api/models/snunlp/KR-FinBert-SC "HTTP/1.1 200 OK"
2026-06-24 12:26:31,902 [INFO] httpx — HTTP Request: GET https://huggingface.co/api/models/snunlp/KR-FinBert-SC/commits/main "HTTP/1.1 200 OK"
2026-06-24 12:26:31,954 [INFO] httpx — HTTP Request: GET https://huggingface.co/api/models/snunlp/KR-FinBert-SC/tree/main/additional_chat_templates?recursive=false&expand=false "HTTP/1.1 404 Not Found"
2026-06-24 12:26:32,004 [INFO] httpx — HTTP Request: GET https://huggingface.co/api/models/snunlp/KR-FinBert-SC/discussions?p=0 "HTTP/1.1 200 OK"
2026-06-24 12:26:32,047 [INFO] httpx — HTTP Request: GET https://huggingface.co/api/models/snunlp/KR-FinBert-SC/tree/main?recursive=true&expand=false "HTTP/1.1 200 OK"
2026-06-24 12:26:32,110 [INFO] httpx — HTTP Request: GET https://huggingface.co/api/models/snunlp/KR-FinBert-SC/commits/refs%2Fpr%2F3 "HTTP/1.1 200 OK"
2026-06-24 12:26:32,160 [INFO] httpx — HTTP Request: HEAD https://huggingface.co/snunlp/KR-FinBert-SC/resolve/main/processor_config.json "HTTP/1.1 404 Not Found"
2026-06-24 12:26:32,206 [INFO] httpx — HTTP Request: HEAD https://huggingface.co/snunlp/KR-FinBert-SC/resolve/refs%2Fpr%2F3/model.safetensors.index.json "HTTP/1.1 404 Not Found"
2026-06-24 12:26:32,249 [INFO] httpx — HTTP Request: HEAD https://huggingface.co/snunlp/KR-FinBert-SC/resolve/main/video_preprocessor_config.json "HTTP/1.1 404 Not Found"
2026-06-24 12:26:32,298 [INFO] httpx — HTTP Request: HEAD https://huggingface.co/snunlp/KR-FinBert-SC/resolve/refs%2Fpr%2F3/model.safetensors "HTTP/1.1 302 Found"
2026-06-24 12:26:32,339 [INFO] httpx — HTTP Request: HEAD https://huggingface.co/snunlp/KR-FinBert-SC/resolve/main/preprocessor_config.json "HTTP/1.1 404 Not Found"
2026-06-24 12:26:32,340 [INFO] __main__ — FinBERT 로드 완료 (CPU)
2026-06-24 12:26:49,962 [INFO] __main__ — Phase A.1: 매핑 신뢰도 < 0.5 → 감성 점수 폐기 22건
2026-06-24 12:26:49,962 [INFO] __main__ — 스코어링: 30개 | 집중:0 | FinBERT:finbert
2026-06-24 12:26:49,980 [INFO] __main__ —   → 30개
2026-06-24 12:26:49,980 [INFO] __main__ — ▶ Step 4: 발송
2026-06-24 12:26:53,997 [WARNING] __main__ — 텔레그램 발송 실패 그룹 → mark_sent skip 4개 (다음 실행 시 재발송 대상)
2026-06-24 12:26:53,997 [INFO] __main__ — DB 기록: 0개 / 전체 to_send 4개
2026-06-24 12:26:53,998 [INFO] __main__ — 발송: 집중 0 / 주시 0
2026-06-24 12:26:53,998 [INFO] __main__ — 완료  |  소요: 1092.4초
2026-06-24 23:47:31,526 [INFO] __main__ — config 검증 완료 ✓
2026-06-24 23:47:31,526 [INFO] __main__ — ============================================================
2026-06-24 23:47:31,526 [INFO] __main__ — AlphaRadar v3.3.1  |  기준일: 20260624
2026-06-24 23:47:31,526 [INFO] __main__ — S = T×0.3 + S_text×0.4 + D×0.3
2026-06-24 23:47:31,526 [INFO] __main__ — ============================================================
2026-06-24 23:47:31,526 [INFO] __main__ — ▶ Step 0: 유니버스 필터링
2026-06-24 23:47:31,681 [INFO] __main__ — FDR 데이터 수집: 20251219 ~ 20260624
2026-06-24 23:47:33,460 [INFO] __main__ — KOSPI: 946개 | 섹터정보 836개 (DART +836개 보완)
2026-06-24 23:47:33,461 [INFO] __main__ — KOSDAQ: 1822개 | 섹터정보 1822개
2026-06-24 23:47:33,461 [INFO] __main__ — 전체: 2768개
2026-06-24 23:47:35,558 [INFO] __main__ — KIS 토큰 발급 완료
2026-06-25 00:03:07,677 [INFO] __main__ — DART corp_code 매핑: 2164/2216개 (97%)
2026-06-25 00:03:07,677 [INFO] __main__ — 유효 유니버스: 2216개
2026-06-25 00:03:07,687 [INFO] __main__ —   → 2216개
2026-06-25 00:03:07,687 [INFO] __main__ — ▶ Step 1: 신호 탐지
2026-06-25 00:03:07,687 [INFO] __main__ — NaverClient: 3개 키 로드 (DataLab·검색 독립 회전)
2026-06-25 00:03:07,687 [INFO] __main__ — 관심 지수 및 부정 뉴스 비율 조회 중...
2026-06-25 00:06:51,904 [INFO] __main__ — 부정 키워드 감지: 44개 종목 (neg_ratio > 0)
2026-06-25 00:06:51,911 [INFO] __main__ — POOL_A: 1015개 (A:694 B:161 동시:160)
  대형:86 중형:205 소형:724
2026-06-25 00:06:51,919 [INFO] __main__ —   → POOL_A: 1015개
2026-06-25 00:06:51,919 [INFO] __main__ — ▶ Step 2: 하드 필터링
2026-06-25 00:06:51,920 [INFO] __main__ — 하드 필터 제거: 976개 | 이격도상한 36 | 이격도하한 653 | MA추세 229 | RSI과열 1 | 거래대금 57
2026-06-25 00:06:51,921 [INFO] __main__ — POOL_B: 39개 | 대형:4 중형:14 소형:21
2026-06-25 00:06:51,921 [INFO] __main__ —   → POOL_B: 39개
2026-06-25 00:06:51,921 [INFO] __main__ — ▶ Step 3: 스코어링 (FinBERT 감성 분석)
2026-06-25 00:06:51,921 [INFO] __main__ — NaverClient: 3개 키 로드 (DataLab·검색 독립 회전)
2026-06-25 00:06:51,922 [INFO] __main__ — 텍스트 신규 수집: 10종목 (캐시 적중 29종목)
2026-06-25 00:07:10,110 [INFO] __main__ — 수집 완료: 뉴스 322건 | 공시 276건
2026-06-25 00:07:10,110 [INFO] __main__ — FinBERT 감성 분석 (finbert 모드)...
2026-06-25 00:07:10,111 [INFO] __main__ — FinBERT 로딩: snunlp/KR-FinBert-SC (CPU, batch=8)
2026-06-25 00:07:10,222 [INFO] httpx — HTTP Request: GET https://huggingface.co/api/agent-harnesses "HTTP/1.1 200 OK"
2026-06-25 00:07:10,262 [INFO] httpx — HTTP Request: HEAD https://huggingface.co/snunlp/KR-FinBert-SC/resolve/main/config.json "HTTP/1.1 307 Temporary Redirect"
2026-06-25 00:07:10,272 [INFO] httpx — HTTP Request: HEAD https://huggingface.co/api/resolve-cache/models/snunlp/KR-FinBert-SC/f8586286cc3161fb648e9fee09a456069fd846d0/config.json "HTTP/1.1 200 OK"
2026-06-25 00:07:10,325 [INFO] httpx — HTTP Request: HEAD https://huggingface.co/snunlp/KR-FinBert-SC/resolve/main/model.safetensors "HTTP/1.1 404 Not Found"
2026-06-25 00:07:10,370 [INFO] httpx — HTTP Request: GET https://huggingface.co/api/models/snunlp/KR-FinBert-SC "HTTP/1.1 200 OK"
2026-06-25 00:07:10,432 [INFO] httpx — HTTP Request: GET https://huggingface.co/api/models/snunlp/KR-FinBert-SC/commits/main "HTTP/1.1 200 OK"
2026-06-25 00:07:10,483 [INFO] httpx — HTTP Request: GET https://huggingface.co/api/models/snunlp/KR-FinBert-SC/discussions?p=0 "HTTP/1.1 200 OK"
2026-06-25 00:07:10,490 [INFO] httpx — HTTP Request: GET https://huggingface.co/api/models/snunlp/KR-FinBert-SC/tree/main/additional_chat_templates?recursive=false&expand=false "HTTP/1.1 404 Not Found"
2026-06-25 00:07:10,535 [INFO] httpx — HTTP Request: GET https://huggingface.co/api/models/snunlp/KR-FinBert-SC/tree/main?recursive=true&expand=false "HTTP/1.1 200 OK"
2026-06-25 00:07:10,543 [INFO] httpx — HTTP Request: GET https://huggingface.co/api/models/snunlp/KR-FinBert-SC/commits/refs%2Fpr%2F3 "HTTP/1.1 200 OK"
2026-06-25 00:07:10,585 [INFO] httpx — HTTP Request: HEAD https://huggingface.co/snunlp/KR-FinBert-SC/resolve/refs%2Fpr%2F3/model.safetensors.index.json "HTTP/1.1 404 Not Found"
2026-06-25 00:07:10,597 [INFO] httpx — HTTP Request: HEAD https://huggingface.co/snunlp/KR-FinBert-SC/resolve/main/processor_config.json "HTTP/1.1 404 Not Found"
2026-06-25 00:07:10,597 [WARNING] huggingface_hub.utils._http — Warning: You are sending unauthenticated requests to the HF Hub. Please set a HF_TOKEN to enable higher rate limits and faster downloads.
2026-06-25 00:07:10,628 [INFO] httpx — HTTP Request: HEAD https://huggingface.co/snunlp/KR-FinBert-SC/resolve/refs%2Fpr%2F3/model.safetensors "HTTP/1.1 302 Found"
2026-06-25 00:07:10,636 [INFO] httpx — HTTP Request: HEAD https://huggingface.co/snunlp/KR-FinBert-SC/resolve/main/video_preprocessor_config.json "HTTP/1.1 404 Not Found"
2026-06-25 00:07:10,679 [INFO] httpx — HTTP Request: HEAD https://huggingface.co/snunlp/KR-FinBert-SC/resolve/main/preprocessor_config.json "HTTP/1.1 404 Not Found"
2026-06-25 00:07:10,680 [INFO] __main__ — FinBERT 로드 완료 (CPU)
2026-06-25 00:07:26,220 [INFO] __main__ — Phase A.1: 매핑 신뢰도 < 0.5 → 감성 점수 폐기 28건
2026-06-25 00:07:26,220 [INFO] __main__ — 스코어링: 39개 | 집중:0 | FinBERT:finbert
2026-06-25 00:07:26,232 [INFO] __main__ —   → 39개
2026-06-25 00:07:26,232 [INFO] __main__ — ▶ Step 4: 발송
2026-06-25 00:07:29,349 [WARNING] __main__ — 텔레그램 발송 실패 그룹 → mark_sent skip 9개 (다음 실행 시 재발송 대상)
2026-06-25 00:07:29,350 [INFO] __main__ — DB 기록: 0개 / 전체 to_send 9개
2026-06-25 00:07:29,350 [INFO] __main__ — 발송: 집중 0 / 주시 0
2026-06-25 00:07:29,350 [INFO] __main__ — 완료  |  소요: 1197.8초
