2026-09-21 16:00:55,114 [INFO] __main__ — config 검증 완료 ✓
2026-09-21 16:00:55,114 [INFO] __main__ — KIS 조회 도메인: 실전 (https://openapi.koreainvestment.com:9443)
2026-09-21 16:00:55,114 [INFO] __main__ — ============================================================
2026-09-21 16:00:55,114 [INFO] __main__ — AlphaRadar v3.3.1  |  기준일: 20260922  |  런: am
2026-09-21 16:00:55,114 [INFO] __main__ — S = T×0.3 + S_text×0.4 + D×0.3
2026-09-21 16:00:55,114 [INFO] __main__ — ============================================================
2026-09-21 16:00:55,114 [INFO] __main__ — ▶ Step 0: 유니버스 필터링
2026-09-21 16:00:55,374 [INFO] __main__ — FDR 데이터 수집: 20260319 ~ 20260922
2026-09-21 16:00:56,903 [INFO] __main__ — master universe 메타: 캐시 사용 2760개 (year=2026)
2026-09-21 16:00:56,904 [INFO] __main__ — master 보강: 등급 833개 | FnGuide/KSIC 2543개 | 섹터(fg_industry) 2543개
2026-09-21 16:00:56,905 [INFO] __main__ — KOSPI: 942개 | 섹터정보 830개 (DART +827개 보완)
2026-09-21 16:00:56,905 [INFO] __main__ — KOSDAQ: 1818개 | 섹터정보 1742개
2026-09-21 16:00:56,905 [INFO] __main__ — 전체: 2760개
2026-09-21 16:00:58,635 [INFO] __main__ — KIS 토큰 발급 완료
2026-09-21 16:06:49,866 [INFO] __main__ — DART corp_code 매핑: 881/905개 (97%)
2026-09-21 16:06:49,866 [INFO] __main__ — 유효 유니버스: 905개
2026-09-21 16:06:49,873 [INFO] __main__ —   → 905개
2026-09-21 16:06:49,873 [INFO] __main__ — ▶ Step 1: 신호 탐지
2026-09-21 16:06:49,873 [INFO] __main__ — NaverClient: 3개 키 로드 (DataLab·검색 독립 회전)
2026-09-21 16:06:49,873 [INFO] __main__ — 관심 지수 및 부정 뉴스 비율 조회 중...
2026-09-21 16:06:51,316 [INFO] __main__ — 봇 주가요약 제외 [빛과전자]: 2건
2026-09-21 16:06:52,716 [INFO] __main__ — 봇 주가요약 제외 [현대약품]: 1건
2026-09-21 16:06:53,597 [INFO] __main__ — 봇 주가요약 제외 [성호전자]: 2건
2026-09-21 16:06:53,985 [INFO] __main__ — 봇 주가요약 제외 [드림시큐리티]: 1건
2026-09-21 16:06:53,987 [INFO] __main__ — 봇 주가요약 제외 [아주IB투자]: 3건
2026-09-21 16:06:55,227 [INFO] __main__ — 봇 주가요약 제외 [우리로]: 2건
2026-09-21 16:06:55,228 [INFO] __main__ — 봇 주가요약 제외 [에스엠벡셀]: 2건
2026-09-21 16:06:55,941 [INFO] __main__ — 봇 주가요약 제외 [엑스게이트]: 4건
2026-09-21 16:06:56,372 [INFO] __main__ — 봇 주가요약 제외 [후성]: 3건
2026-09-21 16:06:57,385 [INFO] __main__ — 봇 주가요약 제외 [PS일렉트로닉스]: 2건
2026-09-21 16:06:58,533 [INFO] __main__ — 봇 주가요약 제외 [티엠씨]: 1건
2026-09-21 16:06:59,671 [INFO] __main__ — 봇 주가요약 제외 [원익홀딩스]: 2건
2026-09-21 16:07:00,256 [INFO] __main__ — 봇 주가요약 제외 [대원전선]: 1건
2026-09-21 16:07:04,771 [INFO] __main__ — 봇 주가요약 제외 [드림텍]: 1건
2026-09-21 16:07:07,340 [INFO] __main__ — 봇 주가요약 제외 [현대무벡스]: 1건
2026-09-21 16:07:08,759 [INFO] __main__ — 봇 주가요약 제외 [티이엠씨]: 2건
2026-09-21 16:07:10,381 [INFO] __main__ — 봇 주가요약 제외 [페니트리움바이오]: 1건
2026-09-21 16:07:10,767 [INFO] __main__ — 봇 주가요약 제외 [한국정보인증]: 1건
2026-09-21 16:07:11,402 [INFO] __main__ — 봇 주가요약 제외 [아이씨티케이]: 1건
2026-09-21 16:07:12,799 [INFO] __main__ — 봇 주가요약 제외 [코칩]: 1건
2026-09-21 16:07:14,821 [INFO] __main__ — 봇 주가요약 제외 [아모텍]: 1건
2026-09-21 16:07:15,777 [INFO] __main__ — 봇 주가요약 제외 [휴림로봇]: 3건
2026-09-21 16:07:15,810 [INFO] __main__ — 봇 주가요약 제외 [삼현]: 2건
2026-09-21 16:07:17,784 [INFO] __main__ — 봇 주가요약 제외 [HPSP]: 1건
2026-09-21 16:07:18,801 [INFO] __main__ — 봇 주가요약 제외 [삼화콘덴서]: 2건
2026-09-21 16:07:19,822 [INFO] __main__ — 봇 주가요약 제외 [RF머트리얼즈]: 1건
2026-09-21 16:07:23,787 [INFO] __main__ — 봇 주가요약 제외 [RFHIC]: 1건
2026-09-21 16:07:23,826 [INFO] __main__ — 뉴스 시점 제외 [동국홀딩스]: 7건 (>14일/파싱실패)
2026-09-21 16:07:24,794 [INFO] __main__ — 봇 주가요약 제외 [두산퓨얼셀]: 3건
2026-09-21 16:07:26,828 [INFO] __main__ — 봇 주가요약 제외 [루닛]: 2건
2026-09-21 16:07:27,805 [INFO] __main__ — 뉴스 시점 제외 [KB스타리츠]: 10건 (>14일/파싱실패)
2026-09-21 16:07:28,807 [INFO] __main__ — 봇 주가요약 제외 [서진시스템]: 2건
2026-09-21 16:07:29,785 [INFO] __main__ — 봇 주가요약 제외 [HLB]: 3건
2026-09-21 16:07:30,797 [INFO] __main__ — 봇 주가요약 제외 [미래에셋벤처투자]: 2건
2026-09-21 16:07:30,840 [INFO] __main__ — 봇 주가요약 제외 [지엔씨에너지]: 1건
2026-09-21 16:07:31,800 [INFO] __main__ — 봇 주가요약 제외 [DB하이텍]: 2건
2026-09-21 16:07:32,853 [INFO] __main__ — 봇 주가요약 제외 [한전기술]: 2건
2026-09-21 16:07:33,851 [INFO] __main__ — 봇 주가요약 제외 [SK이터닉스]: 1건
2026-09-21 16:07:35,831 [INFO] __main__ — 봇 주가요약 제외 [제주반도체]: 3건
2026-09-21 16:07:36,917 [INFO] __main__ — 뉴스 시점 제외 [맥쿼리인프라]: 6건 (>14일/파싱실패)
2026-09-21 16:07:37,905 [INFO] __main__ — 봇 주가요약 제외 [피델릭스]: 1건
2026-09-21 16:07:39,856 [INFO] __main__ — 봇 주가요약 제외 [브이엠]: 3건
2026-09-21 16:07:39,871 [INFO] __main__ — 봇 주가요약 제외 [에이비엘바이오]: 1건
2026-09-21 16:07:40,910 [INFO] __main__ — 뉴스 시점 제외 [KB발해인프라]: 12건 (>14일/파싱실패)
2026-09-21 16:07:41,858 [INFO] __main__ — 봇 주가요약 제외 [대덕전자]: 2건
2026-09-21 16:07:47,000 [INFO] __main__ — 봇 주가요약 제외 [HLB제약]: 2건
2026-09-21 16:07:48,003 [INFO] __main__ — 봇 주가요약 제외 [갤럭시아머니트리]: 1건
2026-09-21 16:07:49,010 [INFO] __main__ — 봇 주가요약 제외 [테크윙]: 1건
2026-09-21 16:07:50,035 [INFO] __main__ — 뉴스 시점 제외 [와이지-원]: 6건 (>14일/파싱실패)
2026-09-21 16:07:50,050 [INFO] __main__ — 봇 주가요약 제외 [두산테스나]: 2건
2026-09-21 16:07:54,152 [INFO] __main__ — 봇 주가요약 제외 [LS ELECTRIC]: 2건
2026-09-21 16:07:58,565 [INFO] __main__ — 봇 주가요약 제외 [명신산업]: 1건
2026-09-21 16:08:00,575 [INFO] __main__ — 봇 주가요약 제외 [LG씨엔에스]: 1건
2026-09-21 16:08:03,424 [INFO] __main__ — 봇 주가요약 제외 [비에이치아이]: 1건
2026-09-21 16:08:06,585 [INFO] __main__ — 뉴스 시점 제외 [ESR켄달스퀘어리츠]: 13건 (>14일/파싱실패)
2026-09-21 16:08:08,718 [INFO] __main__ — 뉴스 시점 제외 [맵스리얼티]: 9건 (>14일/파싱실패)
2026-09-21 16:08:09,998 [INFO] __main__ — 봇 주가요약 제외 [HLB생명과학]: 1건
2026-09-21 16:08:12,487 [INFO] __main__ — 봇 주가요약 제외 [한섬]: 1건
2026-09-21 16:08:14,216 [INFO] __main__ — 봇 주가요약 제외 [현대로템]: 1건
2026-09-21 16:08:15,462 [INFO] __main__ — 봇 주가요약 제외 [비츠로넥스텍]: 1건
2026-09-21 16:08:16,349 [INFO] __main__ — 봇 주가요약 제외 [산일전기]: 2건
2026-09-21 16:08:17,493 [INFO] __main__ — 뉴스 시점 제외 [미래에셋증권2우B]: 6건 (>14일/파싱실패)
2026-09-21 16:08:18,360 [INFO] __main__ — 봇 주가요약 제외 [케이엔알시스템]: 1건
2026-09-21 16:08:20,384 [INFO] __main__ — 봇 주가요약 제외 [파두]: 1건
2026-09-21 16:08:21,886 [INFO] __main__ — 봇 주가요약 제외 [비나텍]: 1건
2026-09-21 16:08:22,602 [INFO] __main__ — 봇 주가요약 제외 [엑시콘]: 1건
2026-09-21 16:08:26,445 [INFO] __main__ — 뉴스 시점 제외 [서부T&D]: 6건 (>14일/파싱실패)
2026-09-21 16:08:33,038 [INFO] __main__ — 뉴스 시점 제외 [휴스틸]: 6건 (>14일/파싱실패)
2026-09-21 16:08:34,491 [INFO] __main__ — 뉴스 시점 제외 [이수화학]: 1건 (>14일/파싱실패)
2026-09-21 16:08:37,895 [INFO] __main__ — 뉴스 시점 제외 [삼성FN리츠]: 8건 (>14일/파싱실패)
2026-09-21 16:08:41,886 [INFO] __main__ — 뉴스 시점 제외 [엘브이엠씨홀딩스]: 15건 (>14일/파싱실패)
2026-09-21 16:08:45,902 [INFO] __main__ — 뉴스 시점 제외 [오리엔탈정공]: 6건 (>14일/파싱실패)
2026-09-21 16:08:46,196 [INFO] __main__ — 봇 주가요약 제외 [유니테스트]: 1건
2026-09-21 16:08:54,261 [INFO] __main__ — 봇 주가요약 제외 [서희건설]: 1건
2026-09-21 16:08:57,300 [INFO] __main__ — 봇 주가요약 제외 [OCI홀딩스]: 2건
2026-09-21 16:08:57,885 [INFO] __main__ — 봇 주가요약 제외 [동진쎄미켐]: 1건
2026-09-21 16:09:00,309 [INFO] __main__ — 봇 주가요약 제외 [테스]: 2건
2026-09-21 16:09:00,909 [INFO] __main__ — 봇 주가요약 제외 [케이씨텍]: 1건
2026-09-21 16:09:04,395 [INFO] __main__ — 봇 주가요약 제외 [피에스케이홀딩스]: 1건
2026-09-21 16:09:10,529 [INFO] __main__ — 뉴스 시점 제외 [현대차2우B]: 9건 (>14일/파싱실패)
2026-09-21 16:09:17,802 [INFO] __main__ — 뉴스 시점 제외 [신한알파리츠]: 12건 (>14일/파싱실패)
2026-09-21 16:09:19,923 [INFO] __main__ — 봇 주가요약 제외 [유진테크]: 1건
2026-09-21 16:09:21,080 [INFO] __main__ — 봇 주가요약 제외 [에스엠]: 1건
2026-09-21 16:09:23,379 [INFO] __main__ — 뉴스 시점 제외 [심텍홀딩스]: 9건 (>14일/파싱실패)
2026-09-21 16:09:28,430 [INFO] __main__ — 봇 주가요약 제외 [펩트론]: 1건
2026-09-21 16:09:30,460 [INFO] __main__ — 봇 주가요약 제외 [상아프론테크]: 1건
2026-09-21 16:09:32,405 [INFO] __main__ — 뉴스 시점 제외 [젬백스]: 7건 (>14일/파싱실패)
2026-09-21 16:09:34,473 [INFO] __main__ — 봇 주가요약 제외 [보로노이]: 1건
2026-09-21 16:09:36,452 [INFO] __main__ — 봇 주가요약 제외 [가온칩스]: 1건
2026-09-21 16:09:39,493 [INFO] __main__ — 봇 주가요약 제외 [삼아알미늄]: 1건
2026-09-21 16:09:43,750 [INFO] __main__ — 부정 키워드 감지: 8개 종목 (neg_ratio > 0)
2026-09-21 16:09:43,751 [INFO] __main__ — 수급일수충족·합계음수 제외: 72개
2026-09-21 16:09:46,523 [INFO] __main__ — 뉴스 시점 제외 [LG전자우]: 8건 (>14일/파싱실패)
2026-09-21 16:09:47,080 [INFO] __main__ — 뉴스 시점 제외 [한화리츠]: 11건 (>14일/파싱실패)
2026-09-21 16:09:48,179 [INFO] __main__ — 뉴스 시점 제외 [LG화학우]: 13건 (>14일/파싱실패)
2026-09-21 16:09:49,902 [INFO] __main__ — 뉴스 시점 제외 [CJ4우(전환)]: 14건 (>14일/파싱실패)
2026-09-21 16:09:49,905 [INFO] __main__ — 뉴스 시점 제외 [풍산홀딩스]: 2건 (>14일/파싱실패)
2026-09-21 16:09:49,905 [INFO] __main__ — 봇 주가요약 제외 [풍산홀딩스]: 1건
2026-09-21 16:09:50,462 [INFO] __main__ — 봇 주가요약 제외 [케이씨]: 1건
2026-09-21 16:09:51,810 [INFO] __main__ — 뉴스 시점 제외 [아모레퍼시픽우]: 11건 (>14일/파싱실패)
2026-09-21 16:09:52,389 [INFO] __main__ — 뉴스 시점 제외 [코람코라이프인프라리츠]: 12건 (>14일/파싱실패)
2026-09-21 16:09:52,395 [INFO] __main__ — 뉴스 시점 제외 [INVENI]: 10건 (>14일/파싱실패)
2026-09-21 16:09:52,956 [INFO] __main__ — 뉴스 시점 제외 [삼성SDI우]: 11건 (>14일/파싱실패)
2026-09-21 16:09:52,967 [INFO] __main__ — 뉴스 시점 제외 [삼성물산우B]: 14건 (>14일/파싱실패)
2026-09-21 16:09:55,236 [INFO] __main__ — 뉴스 시점 제외 [신한서부티엔디리츠]: 12건 (>14일/파싱실패)
2026-09-21 16:09:55,252 [INFO] __main__ — 뉴스 시점 제외 [미원화학]: 11건 (>14일/파싱실패)
2026-09-21 16:09:55,809 [INFO] __main__ — 뉴스 시점 제외 [대신밸류리츠]: 12건 (>14일/파싱실패)
2026-09-21 16:09:55,813 [INFO] __main__ — 뉴스 시점 제외 [천일고속]: 14건 (>14일/파싱실패)
2026-09-21 16:09:56,370 [INFO] __main__ — 뉴스 시점 제외 [LG생활건강우]: 10건 (>14일/파싱실패)
2026-09-21 16:09:56,375 [INFO] __main__ — 봇 주가요약 제외 [레인보우로보틱스]: 1건
2026-09-21 16:09:56,963 [INFO] __main__ — 봇 주가요약 제외 [솔브레인]: 2건
2026-09-21 16:09:58,053 [INFO] __main__ — 봇 주가요약 제외 [솔브레인홀딩스]: 1건
2026-09-21 16:09:58,612 [INFO] __main__ — 봇 주가요약 제외 [제룡전기]: 2건
2026-09-21 16:09:59,782 [INFO] __main__ — 뉴스 시점 제외 [티앤엘]: 1건 (>14일/파싱실패)
2026-09-21 16:10:00,343 [INFO] __main__ — 봇 주가요약 제외 [켐트로닉스]: 1건
2026-09-21 16:10:02,595 [INFO] __main__ — 뉴스 시점 제외 [나이스정보통신]: 1건 (>14일/파싱실패)
2026-09-21 16:10:04,278 [INFO] __main__ — 뉴스 시점 제외 [한라IMS]: 4건 (>14일/파싱실패)
2026-09-21 16:10:04,827 [INFO] __main__ — 뉴스 시점 제외 [필에너지]: 3건 (>14일/파싱실패)
2026-09-21 16:10:05,938 [INFO] __main__ — 뉴스 시점 제외 [케이티알파]: 10건 (>14일/파싱실패)
2026-09-21 16:10:07,074 [INFO] __main__ — 뉴스 시점 제외 [에스엔시스]: 10건 (>14일/파싱실패)
2026-09-21 16:10:08,145 [INFO] __main__ — 뉴스 시점 제외 [이지바이오]: 10건 (>14일/파싱실패)
2026-09-21 16:10:08,704 [INFO] __main__ — 뉴스 시점 제외 [우주일렉트로]: 9건 (>14일/파싱실패)
2026-09-21 16:10:08,873 [INFO] __main__ — POOL_A 후보 부정뉴스 2차 조회: 132개
2026-09-21 16:10:08,874 [INFO] __main__ — POOL_A: 362개 (A:355 B:0 동시:7) | 부정게이트 제외:4
  대형:32 중형:159 소형:171
2026-09-21 16:10:08,897 [INFO] __main__ — 대조군 표본(무신호): 40개 / 모집단 543개 → pool_history
2026-09-21 16:10:08,899 [INFO] __main__ —   → POOL_A: 362개
2026-09-21 16:10:08,899 [INFO] __main__ — ▶ Step 2: 하드 필터링
2026-09-21 16:10:08,899 [INFO] __main__ — 하드 필터 제거: 349개 | 과열배제 74 | 이격도상한 7 | 이격도하한 13 | MA추세 180 | RSI과열 3 | 거래대금 72
2026-09-21 16:10:08,901 [INFO] __main__ — 과열 gated 기록: 74개 → gated_tickers
2026-09-21 16:10:08,931 [INFO] __main__ — 대조군 표본(필터탈락): 143개 / 모집단 349개 → pool_history
2026-09-21 16:10:08,931 [INFO] __main__ — POOL_B: 13개 | 대형:1 중형:4 소형:8
2026-09-21 16:10:08,931 [INFO] __main__ —   → POOL_B: 13개
2026-09-21 16:10:08,931 [INFO] __main__ — ▶ Step 3: 스코어링 (FinBERT 감성 분석)
2026-09-21 16:10:08,931 [INFO] __main__ — NaverClient: 3개 키 로드 (DataLab·검색 독립 회전)
2026-09-21 16:10:08,932 [INFO] __main__ — 텍스트 신규 수집: 13종목 (캐시 적중 0종목)
2026-09-21 16:10:09,402 [INFO] __main__ — 뉴스 시점 제외 [동아지질]: 2건 (>14일/파싱실패)
2026-09-21 16:10:09,412 [INFO] __main__ — 봇 주가요약 제외 [SK이터닉스]: 2건
2026-09-21 16:10:13,294 [INFO] __main__ — 봇 주가요약 제외 [지엔씨에너지]: 1건
2026-09-21 16:10:13,295 [INFO] __main__ — 봇 주가요약 제외 [HPSP]: 1건
2026-09-21 16:10:17,132 [INFO] __main__ — 봇 주가요약 제외 [코스모로보틱스]: 1건
2026-09-21 16:10:20,889 [INFO] __main__ — 봇 주가요약 제외 [더즌]: 2건
2026-09-21 16:10:20,917 [INFO] __main__ — 봇 주가요약 제외 [KBI메탈]: 2건
2026-09-21 16:10:24,200 [INFO] __main__ — 봇 주가요약 제외 [코칩]: 3건
2026-09-21 16:10:27,213 [INFO] __main__ — 기사 보존(수집): 118건 (13종목) → news_articles
2026-09-21 16:10:27,214 [INFO] __main__ — 공시 보존(수집): 21건 (13종목) → dart_filings
2026-09-21 16:10:27,215 [INFO] __main__ — 수집 완료: 뉴스 118건 | 공시 21건
2026-09-21 16:10:27,215 [INFO] __main__ — FinBERT 감성 분석 (finbert 모드)...
2026-09-21 16:10:27,215 [INFO] __main__ — FinBERT 로딩: snunlp/KR-FinBert-SC (CPU, batch=8)
2026-09-21 16:10:27,322 [INFO] httpx — HTTP Request: GET https://huggingface.co/api/agent-harnesses "HTTP/1.1 200 OK"
2026-09-21 16:10:27,401 [INFO] httpx — HTTP Request: HEAD https://huggingface.co/snunlp/KR-FinBert-SC/resolve/main/config.json "HTTP/1.1 307 Temporary Redirect"
2026-09-21 16:10:27,402 [WARNING] huggingface_hub.utils._http — Warning: You are sending unauthenticated requests to the HF Hub. Please set a HF_TOKEN to enable higher rate limits and faster downloads.
2026-09-21 16:10:27,406 [INFO] httpx — HTTP Request: HEAD https://huggingface.co/api/resolve-cache/models/snunlp/KR-FinBert-SC/f8586286cc3161fb648e9fee09a456069fd846d0/config.json?%2Fsnunlp%2FKR-FinBert-SC%2Fresolve%2Fmain%2Fconfig.json=&etag=%22bd00b2460e394f69e29e6438699e074cbac9584e%22 "HTTP/1.1 200 OK"
2026-09-21 16:10:27,501 [INFO] httpx — HTTP Request: HEAD https://huggingface.co/snunlp/KR-FinBert-SC/resolve/main/model.safetensors "HTTP/1.1 404 Not Found"
2026-09-21 16:10:27,584 [INFO] httpx — HTTP Request: GET https://huggingface.co/api/models/snunlp/KR-FinBert-SC "HTTP/1.1 200 OK"
2026-09-21 16:10:27,678 [INFO] httpx — HTTP Request: GET https://huggingface.co/api/models/snunlp/KR-FinBert-SC/commits/main "HTTP/1.1 200 OK"
2026-09-21 16:10:27,681 [INFO] httpx — HTTP Request: GET https://huggingface.co/api/models/snunlp/KR-FinBert-SC/tree/main/additional_chat_templates?recursive=false&expand=false "HTTP/1.1 404 Not Found"
2026-09-21 16:10:27,760 [INFO] httpx — HTTP Request: GET https://huggingface.co/api/models/snunlp/KR-FinBert-SC/tree/main?recursive=true&expand=false "HTTP/1.1 200 OK"
2026-09-21 16:10:27,766 [INFO] httpx — HTTP Request: GET https://huggingface.co/api/models/snunlp/KR-FinBert-SC/discussions?p=0 "HTTP/1.1 200 OK"
2026-09-21 16:10:27,877 [INFO] httpx — HTTP Request: HEAD https://huggingface.co/snunlp/KR-FinBert-SC/resolve/main/processor_config.json "HTTP/1.1 404 Not Found"
2026-09-21 16:10:27,924 [INFO] httpx — HTTP Request: GET https://huggingface.co/api/models/snunlp/KR-FinBert-SC/commits/refs%2Fpr%2F3 "HTTP/1.1 200 OK"
2026-09-21 16:10:27,954 [INFO] httpx — HTTP Request: HEAD https://huggingface.co/snunlp/KR-FinBert-SC/resolve/main/video_preprocessor_config.json "HTTP/1.1 404 Not Found"
2026-09-21 16:10:28,003 [INFO] httpx — HTTP Request: HEAD https://huggingface.co/snunlp/KR-FinBert-SC/resolve/refs%2Fpr%2F3/model.safetensors.index.json "HTTP/1.1 404 Not Found"
2026-09-21 16:10:28,036 [INFO] httpx — HTTP Request: HEAD https://huggingface.co/snunlp/KR-FinBert-SC/resolve/main/preprocessor_config.json "HTTP/1.1 404 Not Found"
2026-09-21 16:10:28,037 [INFO] __main__ — FinBERT 로드 완료 (CPU)
2026-09-21 16:10:28,084 [INFO] httpx — HTTP Request: HEAD https://huggingface.co/snunlp/KR-FinBert-SC/resolve/refs%2Fpr%2F3/model.safetensors "HTTP/1.1 302 Found"
2026-09-21 16:10:40,210 [INFO] __main__ — Phase A.1: 매핑 신뢰도 < 0.5 → 감성 점수 폐기 13건
2026-09-21 16:10:40,211 [INFO] __main__ — [shadow] 필드별 검사 기준 폐기 2/13종목 (집행 13건 — 변동 없음)
2026-09-21 16:10:40,211 [INFO] __main__ — 스코어링: 13개 | 집중:0 | FinBERT:finbert
2026-09-21 16:10:40,225 [INFO] __main__ —   → 13개
2026-09-21 16:10:40,225 [INFO] __main__ — ▶ Step 4: 발송
2026-09-21 16:10:44,350 [INFO] __main__ — DB 기록: 5개 / 전체 to_send 5개
2026-09-21 16:10:44,350 [INFO] __main__ — 발송: 5종목 | 누적 4~10회 0 | 신규 0
2026-09-21 16:10:44,350 [INFO] __main__ — 완료  |  소요: 589.2초
2026-09-21 16:10:45,410 [INFO] track_outcomes — pool_history 대조군 8613건 추적 대상 포함
2026-09-21 16:10:45,461 [INFO] track_outcomes — 고아 행 162건 복원 (targets에서 탈락한 미완 키)
2026-09-21 16:10:45,461 [INFO] track_outcomes — 대상 18114건 | 갱신 필요 8354건 | 완료 스킵 9922건
2026-09-21 16:10:45,462 [INFO] track_outcomes —   가격 조회 고유 종목 940개 (기존 348 + 대조군 추가 592)
2026-09-21 16:24:39,457 [INFO] track_outcomes — outcomes 적재: 신규 270건 | 갱신(신규+보완) 1699건
2026-09-22 00:03:56,573 [INFO] __main__ — config 검증 완료 ✓
2026-09-22 00:03:56,573 [INFO] __main__ — KIS 조회 도메인: 실전 (https://openapi.koreainvestment.com:9443)
2026-09-22 00:03:56,573 [INFO] __main__ — ============================================================
2026-09-22 00:03:56,573 [INFO] __main__ — AlphaRadar v3.3.1  |  기준일: 20260922  |  런: am
2026-09-22 00:03:56,573 [INFO] __main__ — S = T×0.3 + S_text×0.4 + D×0.3
2026-09-22 00:03:56,573 [INFO] __main__ — ============================================================
2026-09-22 00:03:56,573 [INFO] __main__ — ▶ Step 0: 유니버스 필터링
2026-09-22 00:03:56,868 [INFO] __main__ — FDR 데이터 수집: 20260319 ~ 20260922
2026-09-22 00:03:58,595 [INFO] __main__ — master universe 메타: 캐시 사용 2760개 (year=2026)
2026-09-22 00:03:58,597 [INFO] __main__ — master 보강: 등급 833개 | FnGuide/KSIC 2543개 | 섹터(fg_industry) 2543개
2026-09-22 00:03:58,597 [INFO] __main__ — KOSPI: 942개 | 섹터정보 830개 (DART +827개 보완)
2026-09-22 00:03:58,598 [INFO] __main__ — KOSDAQ: 1820개 | 섹터정보 1742개
2026-09-22 00:03:58,598 [INFO] __main__ — 전체: 2762개
2026-09-22 00:07:57,274 [INFO] __main__ — DART corp_code 매핑: 0/0개 (0%)
2026-09-22 00:07:57,274 [INFO] __main__ — 유효 유니버스: 0개
2026-09-22 00:07:57,277 [INFO] __main__ —   → 0개
2026-09-22 00:07:57,277 [ERROR] __main__ — 유니버스가 비었다 — 종목 목록 조회 실패로 보인다. 위 '목록 조회 실패' 경고를 확인할 것. 스캔을 중단한다.
2026-09-22 14:10:05,420 [INFO] __main__ — config 검증 완료 ✓
2026-09-22 14:10:05,421 [INFO] __main__ — KIS 조회 도메인: 실전 (https://openapi.koreainvestment.com:9443)
2026-09-22 14:10:05,421 [INFO] __main__ — ============================================================
2026-09-22 14:10:05,421 [INFO] __main__ — AlphaRadar v3.3.1  |  기준일: 20260922  |  런: pm
2026-09-22 14:10:05,421 [INFO] __main__ — S = T×0.3 + S_text×0.4 + D×0.3
2026-09-22 14:10:05,421 [INFO] __main__ — ============================================================
2026-09-22 14:10:05,421 [INFO] __main__ — ▶ Step 0: 유니버스 필터링
2026-09-22 14:10:05,735 [INFO] __main__ — FDR 데이터 수집: 20260319 ~ 20260922
2026-09-22 14:10:07,060 [INFO] __main__ — master universe 메타: 캐시 사용 2760개 (year=2026)
2026-09-22 14:10:07,063 [INFO] __main__ — master 보강: 등급 833개 | FnGuide/KSIC 2543개 | 섹터(fg_industry) 2543개
2026-09-22 14:10:07,064 [INFO] __main__ — KOSPI: 942개 | 섹터정보 830개 (DART +827개 보완)
2026-09-22 14:10:07,065 [INFO] __main__ — KOSDAQ: 1820개 | 섹터정보 1742개
2026-09-22 14:10:07,065 [INFO] __main__ — 전체: 2762개
2026-09-22 14:10:08,761 [INFO] __main__ — KIS 토큰 발급 완료
2026-09-22 14:16:02,767 [INFO] __main__ — DART corp_code 매핑: 880/905개 (97%)
2026-09-22 14:16:02,767 [INFO] __main__ — 유효 유니버스: 905개
2026-09-22 14:16:02,774 [INFO] __main__ —   → 905개
2026-09-22 14:16:02,774 [INFO] __main__ — ▶ Step 1: 신호 탐지
2026-09-22 14:16:02,774 [INFO] __main__ — NaverClient: 3개 키 로드 (DataLab·검색 독립 회전)
2026-09-22 14:16:02,774 [INFO] __main__ — 관심 지수 및 부정 뉴스 비율 조회 중...
2026-09-22 14:16:04,038 [INFO] __main__ — 봇 주가요약 제외 [대한광통신]: 2건
2026-09-22 14:16:04,172 [INFO] __main__ — 봇 주가요약 제외 [빛과전자]: 3건
2026-09-22 14:16:05,376 [INFO] __main__ — 봇 주가요약 제외 [성호전자]: 1건
2026-09-22 14:16:06,522 [INFO] __main__ — 봇 주가요약 제외 [아주IB투자]: 3건
2026-09-22 14:16:06,529 [INFO] __main__ — 봇 주가요약 제외 [우리로]: 3건
2026-09-22 14:16:07,907 [INFO] __main__ — 봇 주가요약 제외 [KBI메탈]: 2건
2026-09-22 14:16:07,954 [INFO] __main__ — 봇 주가요약 제외 [우리기술투자]: 2건
2026-09-22 14:16:09,140 [INFO] __main__ — 봇 주가요약 제외 [삼미금속]: 2건
2026-09-22 14:16:09,182 [INFO] __main__ — 봇 주가요약 제외 [우리기술]: 2건
2026-09-22 14:16:10,095 [INFO] __main__ — 봇 주가요약 제외 [대원전선]: 3건
2026-09-22 14:16:10,355 [INFO] __main__ — 봇 주가요약 제외 [엑스게이트]: 5건
2026-09-22 14:16:11,050 [INFO] __main__ — 봇 주가요약 제외 [와이씨]: 1건
2026-09-22 14:16:12,443 [INFO] __main__ — 봇 주가요약 제외 [후성]: 5건
2026-09-22 14:16:12,574 [INFO] __main__ — 봇 주가요약 제외 [PS일렉트로닉스]: 2건
2026-09-22 14:16:13,558 [INFO] __main__ — 봇 주가요약 제외 [에스엠벡셀]: 2건
2026-09-22 14:16:13,970 [INFO] __main__ — 봇 주가요약 제외 [드림시큐리티]: 1건
2026-09-22 14:16:14,645 [INFO] __main__ — 봇 주가요약 제외 [티엠씨]: 1건
2026-09-22 14:16:15,390 [INFO] __main__ — 봇 주가요약 제외 [하나마이크론]: 2건
2026-09-22 14:16:17,892 [INFO] __main__ — 봇 주가요약 제외 [드림텍]: 1건
2026-09-22 14:16:18,457 [INFO] __main__ — 봇 주가요약 제외 [티이엠씨]: 2건
2026-09-22 14:16:19,525 [INFO] __main__ — 봇 주가요약 제외 [현대무벡스]: 1건
2026-09-22 14:16:21,455 [INFO] __main__ — 봇 주가요약 제외 [원익홀딩스]: 2건
2026-09-22 14:16:22,372 [INFO] __main__ — 봇 주가요약 제외 [다날]: 1건
2026-09-22 14:16:24,363 [INFO] __main__ — 봇 주가요약 제외 [아모텍]: 2건
2026-09-22 14:16:25,342 [INFO] __main__ — 봇 주가요약 제외 [뉴파워프라즈마]: 1건
2026-09-22 14:16:26,319 [INFO] __main__ — 봇 주가요약 제외 [코칩]: 1건
2026-09-22 14:16:26,324 [INFO] __main__ — 봇 주가요약 제외 [아이씨티케이]: 1건
2026-09-22 14:16:26,739 [INFO] __main__ — 봇 주가요약 제외 [페니트리움바이오]: 2건
2026-09-22 14:16:27,733 [INFO] __main__ — 봇 주가요약 제외 [오름테라퓨틱]: 1건
2026-09-22 14:16:29,362 [INFO] __main__ — 봇 주가요약 제외 [한양디지텍]: 1건
2026-09-22 14:16:30,254 [INFO] __main__ — 봇 주가요약 제외 [휴림로봇]: 2건
2026-09-22 14:16:30,667 [INFO] __main__ — 봇 주가요약 제외 [삼화콘덴서]: 1건
2026-09-22 14:16:33,189 [INFO] __main__ — 봇 주가요약 제외 [RF머트리얼즈]: 1건
2026-09-22 14:16:33,613 [INFO] __main__ — 봇 주가요약 제외 [RFHIC]: 1건
2026-09-22 14:16:37,127 [INFO] __main__ — 봇 주가요약 제외 [서진시스템]: 3건
2026-09-22 14:16:37,141 [INFO] __main__ — 봇 주가요약 제외 [비에이치]: 1건
2026-09-22 14:16:37,560 [INFO] __main__ — 봇 주가요약 제외 [엠케이전자]: 1건
2026-09-22 14:16:38,142 [INFO] __main__ — 봇 주가요약 제외 [미래에셋벤처투자]: 1건
2026-09-22 14:16:40,094 [INFO] __main__ — 봇 주가요약 제외 [지엔씨에너지]: 1건
2026-09-22 14:16:40,491 [INFO] __main__ — 뉴스 시점 제외 [KB스타리츠]: 10건 (>14일/파싱실패)
2026-09-22 14:16:43,998 [INFO] __main__ — 봇 주가요약 제외 [피델릭스]: 1건
2026-09-22 14:16:45,958 [INFO] __main__ — 봇 주가요약 제외 [SK이터닉스]: 2건
2026-09-22 14:16:46,930 [INFO] __main__ — 봇 주가요약 제외 [저스템]: 1건
2026-09-22 14:16:47,362 [INFO] __main__ — 봇 주가요약 제외 [DB하이텍]: 2건
2026-09-22 14:16:48,894 [INFO] __main__ — 봇 주가요약 제외 [두산퓨얼셀]: 4건
2026-09-22 14:16:50,259 [INFO] __main__ — 뉴스 시점 제외 [동국홀딩스]: 8건 (>14일/파싱실패)
2026-09-22 14:16:51,258 [INFO] __main__ — 봇 주가요약 제외 [브이엠]: 1건
2026-09-22 14:16:51,847 [INFO] __main__ — 봇 주가요약 제외 [코미코]: 2건
2026-09-22 14:16:53,791 [INFO] __main__ — 뉴스 시점 제외 [맥쿼리인프라]: 5건 (>14일/파싱실패)
2026-09-22 14:16:54,716 [INFO] __main__ — 뉴스 시점 제외 [KB발해인프라]: 12건 (>14일/파싱실패)
2026-09-22 14:16:54,775 [INFO] __main__ — 봇 주가요약 제외 [가온전선]: 2건
2026-09-22 14:16:55,732 [INFO] __main__ — 봇 주가요약 제외 [테크윙]: 1건
2026-09-22 14:16:57,624 [INFO] __main__ — 봇 주가요약 제외 [HLB제약]: 2건
2026-09-22 14:16:59,617 [INFO] __main__ — 봇 주가요약 제외 [인텍플러스]: 1건
2026-09-22 14:17:00,173 [INFO] __main__ — 뉴스 시점 제외 [와이지-원]: 5건 (>14일/파싱실패)
2026-09-22 14:17:00,582 [INFO] __main__ — 봇 주가요약 제외 [에이비엘바이오]: 1건
2026-09-22 14:17:01,536 [INFO] __main__ — 봇 주가요약 제외 [일진전기]: 2건
2026-09-22 14:17:01,556 [INFO] __main__ — 봇 주가요약 제외 [디앤디파마텍]: 1건
2026-09-22 14:17:04,087 [INFO] __main__ — 봇 주가요약 제외 [미코]: 1건
2026-09-22 14:17:05,754 [INFO] __main__ — 봇 주가요약 제외 [LG씨엔에스]: 1건
2026-09-22 14:17:06,079 [INFO] __main__ — 봇 주가요약 제외 [서울반도체]: 2건
2026-09-22 14:17:07,624 [INFO] __main__ — 봇 주가요약 제외 [두산테스나]: 3건
2026-09-22 14:17:09,068 [INFO] __main__ — 봇 주가요약 제외 [명신산업]: 1건
2026-09-22 14:17:10,263 [INFO] __main__ — 봇 주가요약 제외 [한국정보인증]: 1건
2026-09-22 14:17:14,154 [INFO] __main__ — 봇 주가요약 제외 [심텍홀딩스]: 1건
2026-09-22 14:17:18,849 [INFO] __main__ — 봇 주가요약 제외 [HLB생명과학]: 1건
2026-09-22 14:17:19,156 [INFO] __main__ — 뉴스 시점 제외 [ESR켄달스퀘어리츠]: 13건 (>14일/파싱실패)
2026-09-22 14:17:20,147 [INFO] __main__ — 봇 주가요약 제외 [뉴로메카]: 1건
2026-09-22 14:17:25,998 [INFO] __main__ — 뉴스 시점 제외 [맵스리얼티]: 9건 (>14일/파싱실패)
2026-09-22 14:17:26,407 [INFO] __main__ — 봇 주가요약 제외 [비나텍]: 1건
2026-09-22 14:17:27,741 [INFO] __main__ — 뉴스 시점 제외 [서부T&D]: 6건 (>14일/파싱실패)
2026-09-22 14:17:28,076 [INFO] __main__ — 봇 주가요약 제외 [유니셈]: 2건
2026-09-22 14:17:30,026 [INFO] __main__ — 봇 주가요약 제외 [네오티스]: 1건
2026-09-22 14:17:30,662 [INFO] __main__ — 뉴스 시점 제외 [휴스틸]: 6건 (>14일/파싱실패)
2026-09-22 14:17:32,940 [INFO] __main__ — 뉴스 시점 제외 [미래에셋증권2우B]: 4건 (>14일/파싱실패)
2026-09-22 14:17:35,177 [INFO] __main__ — 봇 주가요약 제외 [산일전기]: 3건
2026-09-22 14:17:35,536 [INFO] __main__ — 뉴스 시점 제외 [서울바이오시스]: 2건 (>14일/파싱실패)
2026-09-22 14:17:37,117 [INFO] __main__ — 봇 주가요약 제외 [로보티즈]: 1건
2026-09-22 14:17:37,482 [INFO] __main__ — 봇 주가요약 제외 [피에스케이]: 2건
2026-09-22 14:17:38,076 [INFO] __main__ — 봇 주가요약 제외 [에스피지]: 1건
2026-09-22 14:17:41,731 [INFO] __main__ — 뉴스 시점 제외 [이수화학]: 1건 (>14일/파싱실패)
2026-09-22 14:17:44,311 [INFO] __main__ — 봇 주가요약 제외 [유니테스트]: 1건
2026-09-22 14:17:45,281 [INFO] __main__ — 봇 주가요약 제외 [기가비스]: 1건
2026-09-22 14:17:48,539 [INFO] __main__ — 봇 주가요약 제외 [OCI홀딩스]: 1건
2026-09-22 14:17:50,161 [INFO] __main__ — 봇 주가요약 제외 [태웅]: 1건
2026-09-22 14:17:50,484 [INFO] __main__ — 봇 주가요약 제외 [동진쎄미켐]: 1건
2026-09-22 14:17:52,723 [INFO] __main__ — 뉴스 시점 제외 [엘브이엠씨홀딩스]: 15건 (>14일/파싱실패)
2026-09-22 14:17:57,071 [INFO] __main__ — 봇 주가요약 제외 [케이씨텍]: 1건
2026-09-22 14:18:00,556 [INFO] __main__ — 봇 주가요약 제외 [태성]: 1건
2026-09-22 14:18:00,965 [INFO] __main__ — 뉴스 시점 제외 [오리엔탈정공]: 6건 (>14일/파싱실패)
2026-09-22 14:18:04,454 [INFO] __main__ — 봇 주가요약 제외 [원익QnC]: 1건
2026-09-22 14:18:07,368 [INFO] __main__ — 봇 주가요약 제외 [셀바스AI]: 1건
2026-09-22 14:18:12,519 [INFO] __main__ — 봇 주가요약 제외 [가온칩스]: 1건
2026-09-22 14:18:18,793 [INFO] __main__ — 봇 주가요약 제외 [에스앤에스텍]: 2건
2026-09-22 14:18:22,095 [INFO] __main__ — 뉴스 시점 제외 [현대차2우B]: 8건 (>14일/파싱실패)
2026-09-22 14:18:23,665 [INFO] __main__ — 뉴스 시점 제외 [신한알파리츠]: 12건 (>14일/파싱실패)
2026-09-22 14:18:24,153 [INFO] __main__ — 봇 주가요약 제외 [유진테크]: 2건
2026-09-22 14:18:25,131 [INFO] __main__ — 봇 주가요약 제외 [피에스케이홀딩스]: 1건
2026-09-22 14:18:29,397 [INFO] __main__ — 봇 주가요약 제외 [케이엔알시스템]: 1건
2026-09-22 14:18:34,978 [INFO] __main__ — 봇 주가요약 제외 [에스비비테크]: 1건
2026-09-22 14:18:36,915 [INFO] __main__ — 봇 주가요약 제외 [상아프론테크]: 1건
2026-09-22 14:18:42,803 [INFO] __main__ — 뉴스 시점 제외 [신흥에스이씨]: 6건 (>14일/파싱실패)
2026-09-22 14:18:43,276 [INFO] __main__ — 뉴스 시점 제외 [이지홀딩스]: 7건 (>14일/파싱실패)
2026-09-22 14:18:46,728 [INFO] __main__ — 뉴스 시점 제외 [젬백스]: 8건 (>14일/파싱실패)
2026-09-22 14:18:49,643 [INFO] __main__ — 뉴스 시점 제외 [현대힘스]: 5건 (>14일/파싱실패)
2026-09-22 14:18:50,297 [INFO] __main__ — 부정 키워드 감지: 17개 종목 (neg_ratio > 0)
2026-09-22 14:18:50,299 [INFO] __main__ — 수급일수충족·합계음수 제외: 73개
2026-09-22 14:18:53,577 [INFO] __main__ — 뉴스 시점 제외 [한화리츠]: 11건 (>14일/파싱실패)
2026-09-22 14:18:54,122 [INFO] __main__ — 봇 주가요약 제외 [경동나비엔]: 1건
2026-09-22 14:18:55,742 [INFO] __main__ — 뉴스 시점 제외 [풍산홀딩스]: 6건 (>14일/파싱실패)
2026-09-22 14:18:55,780 [INFO] __main__ — 뉴스 시점 제외 [CJ4우(전환)]: 14건 (>14일/파싱실패)
2026-09-22 14:18:57,368 [INFO] __main__ — 봇 주가요약 제외 [케이씨]: 1건
2026-09-22 14:18:57,385 [INFO] __main__ — 뉴스 시점 제외 [아모레퍼시픽우]: 11건 (>14일/파싱실패)
2026-09-22 14:18:57,948 [INFO] __main__ — 뉴스 시점 제외 [코람코라이프인프라리츠]: 10건 (>14일/파싱실패)
2026-09-22 14:18:58,469 [INFO] __main__ — 뉴스 시점 제외 [INVENI]: 9건 (>14일/파싱실패)
2026-09-22 14:18:59,304 [INFO] __main__ — 뉴스 시점 제외 [삼성물산우B]: 14건 (>14일/파싱실패)
2026-09-22 14:18:59,969 [INFO] __main__ — 뉴스 시점 제외 [삼성SDI우]: 10건 (>14일/파싱실패)
2026-09-22 14:19:02,013 [INFO] __main__ — 뉴스 시점 제외 [신한서부티엔디리츠]: 12건 (>14일/파싱실패)
2026-09-22 14:19:02,560 [INFO] __main__ — 뉴스 시점 제외 [미원화학]: 9건 (>14일/파싱실패)
2026-09-22 14:19:02,841 [INFO] __main__ — 뉴스 시점 제외 [대신밸류리츠]: 12건 (>14일/파싱실패)
2026-09-22 14:19:03,234 [INFO] __main__ — 뉴스 시점 제외 [천일고속]: 14건 (>14일/파싱실패)
2026-09-22 14:19:03,518 [INFO] __main__ — 뉴스 시점 제외 [LG우]: 13건 (>14일/파싱실패)
2026-09-22 14:19:03,521 [INFO] __main__ — 뉴스 시점 제외 [LG생활건강우]: 10건 (>14일/파싱실패)
2026-09-22 14:19:04,615 [INFO] __main__ — 봇 주가요약 제외 [솔브레인]: 2건
2026-09-22 14:19:05,150 [INFO] __main__ — 봇 주가요약 제외 [GST]: 2건
2026-09-22 14:19:05,905 [INFO] __main__ — 봇 주가요약 제외 [제룡전기]: 1건
2026-09-22 14:19:06,445 [INFO] __main__ — 봇 주가요약 제외 [솔브레인홀딩스]: 1건
2026-09-22 14:19:11,859 [INFO] __main__ — 봇 주가요약 제외 [매커스]: 1건
2026-09-22 14:19:11,874 [INFO] __main__ — 뉴스 시점 제외 [나이스정보통신]: 2건 (>14일/파싱실패)
2026-09-22 14:19:14,043 [INFO] __main__ — 뉴스 시점 제외 [한라IMS]: 5건 (>14일/파싱실패)
2026-09-22 14:19:14,589 [INFO] __main__ — 뉴스 시점 제외 [필에너지]: 4건 (>14일/파싱실패)
2026-09-22 14:19:15,337 [INFO] __main__ — 뉴스 시점 제외 [우주일렉트로]: 5건 (>14일/파싱실패)
2026-09-22 14:19:15,338 [INFO] __main__ — 봇 주가요약 제외 [우주일렉트로]: 1건
2026-09-22 14:19:15,343 [INFO] __main__ — 뉴스 시점 제외 [케이티알파]: 9건 (>14일/파싱실패)
2026-09-22 14:19:16,463 [INFO] __main__ — 뉴스 시점 제외 [에스엔시스]: 10건 (>14일/파싱실패)
2026-09-22 14:19:17,576 [INFO] __main__ — 뉴스 시점 제외 [이지바이오]: 10건 (>14일/파싱실패)
2026-09-22 14:19:18,240 [INFO] __main__ — POOL_A 후보 부정뉴스 2차 조회: 138개
2026-09-22 14:19:18,242 [INFO] __main__ — POOL_A: 373개 (A:336 B:5 동시:32) | 부정게이트 제외:5
  대형:33 중형:154 소형:186
2026-09-22 14:19:18,247 [INFO] __main__ — 대조군 표본(무신호): 40개 / 모집단 532개 → pool_history
2026-09-22 14:19:18,248 [INFO] __main__ —   → POOL_A: 373개
2026-09-22 14:19:18,248 [INFO] __main__ — ▶ Step 2: 하드 필터링
2026-09-22 14:19:18,249 [INFO] __main__ — 하드 필터 제거: 356개 | 과열배제 61 | 이격도상한 15 | 이격도하한 13 | MA추세 197 | RSI과열 5 | 거래대금 65
2026-09-22 14:19:18,251 [INFO] __main__ — 과열 gated 기록: 61개 → gated_tickers
2026-09-22 14:19:18,253 [INFO] __main__ — 대조군 표본(필터탈락): 153개 / 모집단 356개 → pool_history
2026-09-22 14:19:18,254 [INFO] __main__ — POOL_B: 17개 | 대형:0 중형:6 소형:11
2026-09-22 14:19:18,254 [INFO] __main__ —   → POOL_B: 17개
2026-09-22 14:19:18,254 [INFO] __main__ — ▶ Step 3: 스코어링 (FinBERT 감성 분석)
2026-09-22 14:19:18,254 [INFO] __main__ — NaverClient: 3개 키 로드 (DataLab·검색 독립 회전)
2026-09-22 14:19:18,255 [INFO] __main__ — 텍스트 신규 수집: 8종목 (캐시 적중 9종목)
2026-09-22 14:19:22,868 [INFO] __main__ — 봇 주가요약 제외 [미코]: 1건
2026-09-22 14:19:27,037 [INFO] __main__ — 봇 주가요약 제외 [케이엔알시스템]: 1건
2026-09-22 14:19:27,079 [INFO] __main__ — 봇 주가요약 제외 [우리기술투자]: 2건
2026-09-22 14:19:30,401 [INFO] __main__ — 기사 보존(수집): 144건 (17종목) → news_articles
2026-09-22 14:19:30,403 [INFO] __main__ — 공시 보존(수집): 24건 (17종목) → dart_filings
2026-09-22 14:19:30,405 [INFO] __main__ — 수집 완료: 뉴스 184건 | 공시 35건
2026-09-22 14:19:30,405 [INFO] __main__ — FinBERT 감성 분석 (finbert 모드)...
2026-09-22 14:19:30,405 [INFO] __main__ — FinBERT 로딩: snunlp/KR-FinBert-SC (CPU, batch=8)
2026-09-22 14:19:30,567 [INFO] httpx — HTTP Request: GET https://huggingface.co/api/agent-harnesses "HTTP/1.1 200 OK"
2026-09-22 14:19:30,659 [INFO] httpx — HTTP Request: HEAD https://huggingface.co/snunlp/KR-FinBert-SC/resolve/main/config.json "HTTP/1.1 307 Temporary Redirect"
2026-09-22 14:19:30,660 [WARNING] huggingface_hub.utils._http — Warning: You are sending unauthenticated requests to the HF Hub. Please set a HF_TOKEN to enable higher rate limits and faster downloads.
2026-09-22 14:19:30,677 [INFO] httpx — HTTP Request: HEAD https://huggingface.co/api/resolve-cache/models/snunlp/KR-FinBert-SC/f8586286cc3161fb648e9fee09a456069fd846d0/config.json?%2Fsnunlp%2FKR-FinBert-SC%2Fresolve%2Fmain%2Fconfig.json=&etag=%22bd00b2460e394f69e29e6438699e074cbac9584e%22 "HTTP/1.1 200 OK"
2026-09-22 14:19:30,797 [INFO] httpx — HTTP Request: HEAD https://huggingface.co/snunlp/KR-FinBert-SC/resolve/main/model.safetensors "HTTP/1.1 404 Not Found"
2026-09-22 14:19:30,921 [INFO] httpx — HTTP Request: GET https://huggingface.co/api/models/snunlp/KR-FinBert-SC "HTTP/1.1 200 OK"
2026-09-22 14:19:31,026 [INFO] httpx — HTTP Request: GET https://huggingface.co/api/models/snunlp/KR-FinBert-SC/commits/main "HTTP/1.1 200 OK"
2026-09-22 14:19:31,054 [INFO] httpx — HTTP Request: GET https://huggingface.co/api/models/snunlp/KR-FinBert-SC/tree/main/additional_chat_templates?recursive=false&expand=false "HTTP/1.1 404 Not Found"
2026-09-22 14:19:31,130 [INFO] httpx — HTTP Request: GET https://huggingface.co/api/models/snunlp/KR-FinBert-SC/discussions?p=0 "HTTP/1.1 200 OK"
2026-09-22 14:19:31,154 [INFO] httpx — HTTP Request: GET https://huggingface.co/api/models/snunlp/KR-FinBert-SC/tree/main?recursive=true&expand=false "HTTP/1.1 200 OK"
2026-09-22 14:19:31,231 [INFO] httpx — HTTP Request: GET https://huggingface.co/api/models/snunlp/KR-FinBert-SC/commits/refs%2Fpr%2F3 "HTTP/1.1 200 OK"
2026-09-22 14:19:31,262 [INFO] httpx — HTTP Request: HEAD https://huggingface.co/snunlp/KR-FinBert-SC/resolve/main/processor_config.json "HTTP/1.1 404 Not Found"
2026-09-22 14:19:31,324 [INFO] httpx — HTTP Request: HEAD https://huggingface.co/snunlp/KR-FinBert-SC/resolve/refs%2Fpr%2F3/model.safetensors.index.json "HTTP/1.1 404 Not Found"
2026-09-22 14:19:31,355 [INFO] httpx — HTTP Request: HEAD https://huggingface.co/snunlp/KR-FinBert-SC/resolve/main/video_preprocessor_config.json "HTTP/1.1 404 Not Found"
2026-09-22 14:19:31,421 [INFO] httpx — HTTP Request: HEAD https://huggingface.co/snunlp/KR-FinBert-SC/resolve/refs%2Fpr%2F3/model.safetensors "HTTP/1.1 302 Found"
2026-09-22 14:19:31,447 [INFO] httpx — HTTP Request: HEAD https://huggingface.co/snunlp/KR-FinBert-SC/resolve/main/preprocessor_config.json "HTTP/1.1 404 Not Found"
2026-09-22 14:19:31,448 [INFO] __main__ — FinBERT 로드 완료 (CPU)
2026-09-22 14:19:48,787 [INFO] __main__ — Phase A.1: 매핑 신뢰도 < 0.5 → 감성 점수 폐기 16건
2026-09-22 14:19:48,788 [INFO] __main__ — [shadow] 필드별 검사 기준 폐기 2/17종목 (집행 16건 — 변동 없음)
2026-09-22 14:19:48,788 [INFO] __main__ — 스코어링: 17개 | 집중:0 | FinBERT:finbert
2026-09-22 14:19:48,805 [INFO] __main__ —   → 17개
2026-09-22 14:19:48,805 [INFO] __main__ — ▶ Step 4: 발송
2026-09-22 14:19:53,263 [INFO] __main__ — DB 기록: 8개 / 전체 to_send 8개
2026-09-22 14:19:53,263 [INFO] __main__ — 발송: 8종목 | 누적 4~10회 2 | 신규 2
2026-09-22 14:19:53,263 [INFO] __main__ — 완료  |  소요: 587.8초
2026-09-22 14:19:54,416 [INFO] track_outcomes — pool_history 대조군 8728건 추적 대상 포함
2026-09-22 14:19:54,483 [INFO] track_outcomes — 고아 행 163건 복원 (targets에서 탈락한 미완 키)
2026-09-22 14:19:54,483 [INFO] track_outcomes — 대상 18252건 | 갱신 필요 8090건 | 완료 스킵 10325건
2026-09-22 14:19:54,485 [INFO] track_outcomes —   가격 조회 고유 종목 938개 (기존 350 + 대조군 추가 588)
2026-09-22 14:33:13,412 [INFO] track_outcomes — outcomes 적재: 신규 151건 | 갱신(신규+보완) 1524건
