2026-09-16 23:38:50,412 [INFO] __main__ — config 검증 완료 ✓
2026-09-16 23:38:50,412 [INFO] __main__ — KIS 조회 도메인: 실전 (https://openapi.koreainvestment.com:9443)
2026-09-16 23:38:50,412 [INFO] __main__ — ============================================================
2026-09-16 23:38:50,412 [INFO] __main__ — AlphaRadar v3.3.1  |  기준일: 20260917  |  런: am
2026-09-16 23:38:50,412 [INFO] __main__ — S = T×0.3 + S_text×0.4 + D×0.3
2026-09-16 23:38:50,412 [INFO] __main__ — ============================================================
2026-09-16 23:38:50,412 [INFO] __main__ — ▶ Step 0: 유니버스 필터링
2026-09-16 23:38:50,701 [INFO] __main__ — FDR 데이터 수집: 20260314 ~ 20260917
2026-09-16 23:38:52,723 [INFO] __main__ — master universe 메타: 캐시 사용 2760개 (year=2026)
2026-09-16 23:38:52,726 [INFO] __main__ — master 보강: 등급 836개 | FnGuide/KSIC 2547개 | 섹터(fg_industry) 2547개
2026-09-16 23:38:52,726 [INFO] __main__ — KOSPI: 943개 | 섹터정보 831개 (DART +828개 보완)
2026-09-16 23:38:52,727 [INFO] __main__ — KOSDAQ: 1820개 | 섹터정보 1745개
2026-09-16 23:38:52,727 [INFO] __main__ — 전체: 2763개
2026-09-16 23:38:55,025 [INFO] __main__ — KIS 토큰 발급 완료
2026-09-16 23:46:35,854 [INFO] __main__ — DART corp_code 매핑: 876/900개 (97%)
2026-09-16 23:46:35,854 [INFO] __main__ — 유효 유니버스: 900개
2026-09-16 23:46:35,862 [INFO] __main__ —   → 900개
2026-09-16 23:46:35,862 [INFO] __main__ — ▶ Step 1: 신호 탐지
2026-09-16 23:46:35,862 [INFO] __main__ — NaverClient: 3개 키 로드 (DataLab·검색 독립 회전)
2026-09-16 23:46:35,862 [INFO] __main__ — 관심 지수 및 부정 뉴스 비율 조회 중...
2026-09-16 23:46:37,888 [INFO] __main__ — 봇 주가요약 제외 [드림시큐리티]: 2건
2026-09-16 23:46:37,894 [INFO] __main__ — 봇 주가요약 제외 [빛과전자]: 1건
2026-09-16 23:46:39,663 [INFO] __main__ — 봇 주가요약 제외 [대한광통신]: 1건
2026-09-16 23:46:41,478 [INFO] __main__ — 봇 주가요약 제외 [우리로]: 2건
2026-09-16 23:46:41,491 [INFO] __main__ — 봇 주가요약 제외 [흥구석유]: 5건
2026-09-16 23:46:41,499 [INFO] __main__ — 봇 주가요약 제외 [엑스게이트]: 1건
2026-09-16 23:46:43,223 [INFO] __main__ — 봇 주가요약 제외 [SFA반도체]: 1건
2026-09-16 23:46:43,233 [INFO] __main__ — 봇 주가요약 제외 [에스엠벡셀]: 1건
2026-09-16 23:46:44,953 [INFO] __main__ — 봇 주가요약 제외 [후성]: 2건
2026-09-16 23:46:46,140 [INFO] __main__ — 봇 주가요약 제외 [페니트리움바이오]: 1건
2026-09-16 23:46:46,501 [INFO] __main__ — 봇 주가요약 제외 [한국화장품제조]: 2건
2026-09-16 23:46:46,503 [INFO] __main__ — 봇 주가요약 제외 [PS일렉트로닉스]: 2건
2026-09-16 23:46:47,714 [INFO] __main__ — 봇 주가요약 제외 [삼미금속]: 1건
2026-09-16 23:46:48,050 [INFO] __main__ — 봇 주가요약 제외 [티엠씨]: 1건
2026-09-16 23:46:50,583 [INFO] __main__ — 봇 주가요약 제외 [원익홀딩스]: 2건
2026-09-16 23:46:55,055 [INFO] __main__ — 봇 주가요약 제외 [HPSP]: 1건
2026-09-16 23:46:59,170 [INFO] __main__ — 봇 주가요약 제외 [아모텍]: 1건
2026-09-16 23:47:01,160 [INFO] __main__ — 봇 주가요약 제외 [한선엔지니어링]: 1건
2026-09-16 23:47:03,855 [INFO] __main__ — 봇 주가요약 제외 [한국정보인증]: 1건
2026-09-16 23:47:04,582 [INFO] __main__ — 봇 주가요약 제외 [삼화콘덴서]: 1건
2026-09-16 23:47:08,814 [INFO] __main__ — 봇 주가요약 제외 [이뮨온시아]: 2건
2026-09-16 23:47:08,884 [INFO] __main__ — 봇 주가요약 제외 [아이씨티케이]: 2건
2026-09-16 23:47:10,224 [INFO] __main__ — 봇 주가요약 제외 [대한전선]: 1건
2026-09-16 23:47:11,712 [INFO] __main__ — 봇 주가요약 제외 [대원전선]: 2건
2026-09-16 23:47:13,940 [INFO] __main__ — 봇 주가요약 제외 [제주반도체]: 3건
2026-09-16 23:47:14,887 [INFO] __main__ — 봇 주가요약 제외 [코칩]: 3건
2026-09-16 23:47:18,531 [INFO] __main__ — 봇 주가요약 제외 [두산퓨얼셀]: 1건
2026-09-16 23:47:19,954 [INFO] __main__ — 봇 주가요약 제외 [휴림로봇]: 1건
2026-09-16 23:47:21,697 [INFO] __main__ — 봇 주가요약 제외 [SK이터닉스]: 3건
2026-09-16 23:47:22,815 [INFO] __main__ — 봇 주가요약 제외 [한미반도체]: 1건
2026-09-16 23:47:25,953 [INFO] __main__ — 뉴스 시점 제외 [맥쿼리인프라]: 7건 (>14일/파싱실패)
2026-09-16 23:47:28,999 [INFO] __main__ — 봇 주가요약 제외 [바이오니아]: 1건
2026-09-16 23:47:37,246 [INFO] __main__ — 봇 주가요약 제외 [에스피지]: 1건
2026-09-16 23:47:38,568 [INFO] __main__ — 봇 주가요약 제외 [삼현]: 1건
2026-09-16 23:47:38,813 [INFO] __main__ — 봇 주가요약 제외 [휴스틸]: 1건
2026-09-16 23:47:39,197 [INFO] __main__ — 봇 주가요약 제외 [대덕전자]: 1건
2026-09-16 23:47:41,924 [INFO] __main__ — 봇 주가요약 제외 [브이엠]: 2건
2026-09-16 23:47:45,514 [INFO] __main__ — 봇 주가요약 제외 [테스]: 1건
2026-09-16 23:47:46,015 [INFO] __main__ — 봇 주가요약 제외 [하이젠알앤엠]: 1건
2026-09-16 23:47:49,559 [INFO] __main__ — 봇 주가요약 제외 [지엔씨에너지]: 2건
2026-09-16 23:47:50,915 [INFO] __main__ — 봇 주가요약 제외 [엘앤에프]: 1건
2026-09-16 23:47:56,305 [INFO] __main__ — 봇 주가요약 제외 [피에스케이]: 1건
2026-09-16 23:48:00,213 [INFO] __main__ — 봇 주가요약 제외 [두산테스나]: 4건
2026-09-16 23:48:06,952 [INFO] __main__ — 뉴스 시점 제외 [KB스타리츠]: 10건 (>14일/파싱실패)
2026-09-16 23:48:08,919 [INFO] __main__ — 뉴스 시점 제외 [와이지-원]: 5건 (>14일/파싱실패)
2026-09-16 23:48:09,683 [INFO] __main__ — 봇 주가요약 제외 [오이솔루션]: 1건
2026-09-16 23:48:15,689 [INFO] __main__ — 봇 주가요약 제외 [LS ELECTRIC]: 1건
2026-09-16 23:48:16,636 [INFO] __main__ — 봇 주가요약 제외 [LG씨엔에스]: 1건
2026-09-16 23:48:20,964 [INFO] __main__ — 봇 주가요약 제외 [디아이]: 1건
2026-09-16 23:48:24,707 [INFO] __main__ — 봇 주가요약 제외 [산일전기]: 4건
2026-09-16 23:48:31,461 [INFO] __main__ — 봇 주가요약 제외 [나우로보틱스]: 1건
2026-09-16 23:48:32,533 [INFO] __main__ — 뉴스 시점 제외 [엘브이엠씨홀딩스]: 13건 (>14일/파싱실패)
2026-09-16 23:48:37,966 [INFO] __main__ — 뉴스 시점 제외 [서부T&D]: 5건 (>14일/파싱실패)
2026-09-16 23:48:38,509 [INFO] __main__ — 봇 주가요약 제외 [지투지바이오]: 2건
2026-09-16 23:48:44,318 [INFO] __main__ — 봇 주가요약 제외 [케이엔알시스템]: 1건
2026-09-16 23:48:49,429 [INFO] __main__ — 봇 주가요약 제외 [두산로보틱스]: 1건
2026-09-16 23:48:57,757 [INFO] __main__ — 뉴스 시점 제외 [에스에이엠티]: 7건 (>14일/파싱실패)
2026-09-16 23:49:05,908 [INFO] __main__ — 봇 주가요약 제외 [가온전선]: 1건
2026-09-16 23:49:13,660 [INFO] __main__ — 봇 주가요약 제외 [엑시콘]: 1건
2026-09-16 23:49:19,282 [INFO] __main__ — 뉴스 시점 제외 [ESR켄달스퀘어리츠]: 11건 (>14일/파싱실패)
2026-09-16 23:49:19,683 [INFO] __main__ — 봇 주가요약 제외 [일진전기]: 1건
2026-09-16 23:49:22,627 [INFO] __main__ — 봇 주가요약 제외 [로킷헬스케어]: 1건
2026-09-16 23:49:30,892 [INFO] __main__ — 봇 주가요약 제외 [달바글로벌]: 1건
2026-09-16 23:49:31,122 [INFO] __main__ — 뉴스 시점 제외 [KG에코솔루션]: 11건 (>14일/파싱실패)
2026-09-16 23:49:35,141 [INFO] __main__ — 뉴스 시점 제외 [미래에셋증권2우B]: 9건 (>14일/파싱실패)
2026-09-16 23:49:38,213 [INFO] __main__ — 봇 주가요약 제외 [비나텍]: 2건
2026-09-16 23:49:38,811 [INFO] __main__ — 봇 주가요약 제외 [삼성에스디에스]: 1건
2026-09-16 23:49:40,334 [INFO] __main__ — 뉴스 시점 제외 [맵스리얼티]: 9건 (>14일/파싱실패)
2026-09-16 23:49:41,664 [INFO] __main__ — 뉴스 시점 제외 [KB발해인프라]: 13건 (>14일/파싱실패)
2026-09-16 23:49:44,313 [INFO] __main__ — 봇 주가요약 제외 [OCI홀딩스]: 1건
2026-09-16 23:49:51,249 [INFO] __main__ — 봇 주가요약 제외 [삼아알미늄]: 1건
2026-09-16 23:49:51,963 [INFO] __main__ — 뉴스 시점 제외 [나이스정보통신]: 1건 (>14일/파싱실패)
2026-09-16 23:49:53,315 [INFO] __main__ — 봇 주가요약 제외 [펩트론]: 1건
2026-09-16 23:49:53,932 [INFO] __main__ — 뉴스 시점 제외 [한양디지텍]: 4건 (>14일/파싱실패)
2026-09-16 23:49:55,483 [INFO] __main__ — 뉴스 시점 제외 [디앤디플랫폼리츠]: 12건 (>14일/파싱실패)
2026-09-16 23:49:56,864 [INFO] __main__ — 봇 주가요약 제외 [LG이노텍]: 1건
2026-09-16 23:50:00,347 [INFO] __main__ — 뉴스 시점 제외 [심텍홀딩스]: 8건 (>14일/파싱실패)
2026-09-16 23:50:03,538 [INFO] __main__ — 뉴스 시점 제외 [롯데리츠]: 3건 (>14일/파싱실패)
2026-09-16 23:50:05,874 [INFO] __main__ — 뉴스 시점 제외 [현대힘스]: 6건 (>14일/파싱실패)
2026-09-16 23:50:10,833 [INFO] __main__ — 뉴스 시점 제외 [DS단석]: 9건 (>14일/파싱실패)
2026-09-16 23:50:11,539 [INFO] __main__ — 봇 주가요약 제외 [파이버프로]: 1건
2026-09-16 23:50:27,230 [INFO] __main__ — 뉴스 시점 제외 [현대차2우B]: 6건 (>14일/파싱실패)
2026-09-16 23:50:35,486 [INFO] __main__ — 부정 키워드 감지: 14개 종목 (neg_ratio > 0)
2026-09-16 23:50:35,488 [INFO] __main__ — 수급일수충족·합계음수 제외: 82개
2026-09-16 23:50:38,736 [INFO] __main__ — 뉴스 시점 제외 [두산우]: 14건 (>14일/파싱실패)
2026-09-16 23:50:40,183 [INFO] __main__ — 뉴스 시점 제외 [삼성전기우]: 11건 (>14일/파싱실패)
2026-09-16 23:50:42,143 [INFO] __main__ — 뉴스 시점 제외 [한화리츠]: 8건 (>14일/파싱실패)
2026-09-16 23:50:43,504 [INFO] __main__ — 봇 주가요약 제외 [세방전지]: 1건
2026-09-16 23:50:43,506 [INFO] __main__ — 뉴스 시점 제외 [GS피앤엘]: 12건 (>14일/파싱실패)
2026-09-16 23:50:44,241 [INFO] __main__ — 뉴스 시점 제외 [TKG휴켐스]: 4건 (>14일/파싱실패)
2026-09-16 23:50:44,330 [INFO] __main__ — 뉴스 시점 제외 [신한알파리츠]: 12건 (>14일/파싱실패)
2026-09-16 23:50:45,927 [INFO] __main__ — 뉴스 시점 제외 [한화3우B]: 11건 (>14일/파싱실패)
2026-09-16 23:50:46,670 [INFO] __main__ — 뉴스 시점 제외 [LX홀딩스]: 5건 (>14일/파싱실패)
2026-09-16 23:50:47,592 [INFO] __main__ — 뉴스 시점 제외 [세아홀딩스]: 2건 (>14일/파싱실패)
2026-09-16 23:50:48,120 [INFO] __main__ — 뉴스 시점 제외 [CJ4우(전환)]: 14건 (>14일/파싱실패)
2026-09-16 23:50:48,304 [INFO] __main__ — 봇 주가요약 제외 [전진건설로봇]: 2건
2026-09-16 23:50:48,331 [INFO] __main__ — 봇 주가요약 제외 [풍산홀딩스]: 1건
2026-09-16 23:50:49,768 [INFO] __main__ — 뉴스 시점 제외 [삼성FN리츠]: 10건 (>14일/파싱실패)
2026-09-16 23:50:49,811 [INFO] __main__ — 뉴스 시점 제외 [바이오노트]: 4건 (>14일/파싱실패)
2026-09-16 23:50:50,722 [INFO] __main__ — 뉴스 시점 제외 [조광피혁]: 10건 (>14일/파싱실패)
2026-09-16 23:50:51,723 [INFO] __main__ — 뉴스 시점 제외 [아모레퍼시픽우]: 11건 (>14일/파싱실패)
2026-09-16 23:50:51,735 [INFO] __main__ — 뉴스 시점 제외 [농심홀딩스]: 2건 (>14일/파싱실패)
2026-09-16 23:50:51,996 [INFO] __main__ — 뉴스 시점 제외 [KPX홀딩스]: 13건 (>14일/파싱실패)
2026-09-16 23:50:52,469 [INFO] __main__ — 뉴스 시점 제외 [삼영무역]: 12건 (>14일/파싱실패)
2026-09-16 23:50:52,730 [INFO] __main__ — 뉴스 시점 제외 [INVENI]: 8건 (>14일/파싱실패)
2026-09-16 23:50:53,925 [INFO] __main__ — 뉴스 시점 제외 [삼성물산우B]: 14건 (>14일/파싱실패)
2026-09-16 23:50:53,939 [INFO] __main__ — 뉴스 시점 제외 [일진홀딩스]: 1건 (>14일/파싱실패)
2026-09-16 23:50:54,400 [INFO] __main__ — 뉴스 시점 제외 [아세아제지]: 9건 (>14일/파싱실패)
2026-09-16 23:50:56,317 [INFO] __main__ — 뉴스 시점 제외 [S-Oil우]: 11건 (>14일/파싱실패)
2026-09-16 23:50:56,741 [INFO] __main__ — 뉴스 시점 제외 [서울가스]: 11건 (>14일/파싱실패)
2026-09-16 23:50:57,044 [INFO] __main__ — 뉴스 시점 제외 [아이마켓코리아]: 13건 (>14일/파싱실패)
2026-09-16 23:50:57,472 [INFO] __main__ — 뉴스 시점 제외 [이지스밸류플러스리츠]: 10건 (>14일/파싱실패)
2026-09-16 23:50:58,675 [INFO] __main__ — 뉴스 시점 제외 [KPX케미칼]: 3건 (>14일/파싱실패)
2026-09-16 23:51:00,332 [INFO] __main__ — 뉴스 시점 제외 [CR홀딩스]: 10건 (>14일/파싱실패)
2026-09-16 23:51:00,353 [INFO] __main__ — 뉴스 시점 제외 [LG우]: 14건 (>14일/파싱실패)
2026-09-16 23:51:02,533 [INFO] __main__ — 봇 주가요약 제외 [제룡전기]: 4건
2026-09-16 23:51:02,793 [INFO] __main__ — 뉴스 시점 제외 [케이아이엔엑스]: 4건 (>14일/파싱실패)
2026-09-16 23:51:07,380 [INFO] __main__ — 봇 주가요약 제외 [켐트로닉스]: 1건
2026-09-16 23:51:09,602 [INFO] __main__ — 뉴스 시점 제외 [에코아이]: 11건 (>14일/파싱실패)
2026-09-16 23:51:10,707 [INFO] __main__ — 뉴스 시점 제외 [디지털대성]: 7건 (>14일/파싱실패)
2026-09-16 23:51:11,430 [INFO] __main__ — 뉴스 시점 제외 [케이티알파]: 10건 (>14일/파싱실패)
2026-09-16 23:51:12,682 [INFO] __main__ — 봇 주가요약 제외 [칩스앤미디어]: 1건
2026-09-16 23:51:12,688 [INFO] __main__ — 뉴스 시점 제외 [에스엔시스]: 8건 (>14일/파싱실패)
2026-09-16 23:51:16,619 [INFO] __main__ — 뉴스 시점 제외 [우주일렉트로]: 10건 (>14일/파싱실패)
2026-09-16 23:51:16,721 [INFO] __main__ — POOL_A 후보 부정뉴스 2차 조회: 154개
2026-09-16 23:51:16,723 [INFO] __main__ — POOL_A: 581개 (A:228 B:193 동시:160) | 부정게이트 제외:4
  대형:82 중형:255 소형:244
2026-09-16 23:51:16,732 [INFO] __main__ — 대조군 표본(무신호): 40개 / 모집단 319개 → pool_history
2026-09-16 23:51:16,734 [INFO] __main__ —   → POOL_A: 581개
2026-09-16 23:51:16,734 [INFO] __main__ — ▶ Step 2: 하드 필터링
2026-09-16 23:51:16,735 [INFO] __main__ — 하드 필터 제거: 555개 | 과열배제 42 | 이격도상한 11 | 이격도하한 61 | MA추세 338 | RSI과열 5 | 거래대금 98
2026-09-16 23:51:16,737 [INFO] __main__ — 과열 gated 기록: 42개 → gated_tickers
2026-09-16 23:51:16,740 [INFO] __main__ — 대조군 표본(필터탈락): 176개 / 모집단 555개 → pool_history
2026-09-16 23:51:16,740 [INFO] __main__ — POOL_B: 26개 | 대형:1 중형:12 소형:13
2026-09-16 23:51:16,740 [INFO] __main__ —   → POOL_B: 26개
2026-09-16 23:51:16,740 [INFO] __main__ — ▶ Step 3: 스코어링 (FinBERT 감성 분석)
2026-09-16 23:51:16,740 [INFO] __main__ — NaverClient: 3개 키 로드 (DataLab·검색 독립 회전)
2026-09-16 23:51:16,741 [INFO] __main__ — 텍스트 신규 수집: 26종목 (캐시 적중 0종목)
2026-09-16 23:51:17,386 [INFO] __main__ — 봇 주가요약 제외 [한국콜마]: 1건
2026-09-16 23:51:22,828 [INFO] __main__ — 봇 주가요약 제외 [후성]: 5건
2026-09-16 23:51:22,838 [INFO] __main__ — 봇 주가요약 제외 [대원전선]: 6건
2026-09-16 23:51:27,941 [INFO] __main__ — 봇 주가요약 제외 [한국화장품제조]: 4건
2026-09-16 23:51:28,167 [INFO] __main__ — 봇 주가요약 제외 [심텍]: 1건
2026-09-16 23:51:32,913 [INFO] __main__ — 봇 주가요약 제외 [HPSP]: 3건
2026-09-16 23:51:33,420 [INFO] __main__ — 봇 주가요약 제외 [피에스케이]: 1건
2026-09-16 23:51:38,238 [INFO] __main__ — 봇 주가요약 제외 [지엔씨에너지]: 2건
2026-09-16 23:51:42,566 [INFO] __main__ — 뉴스 시점 제외 [오킨스전자]: 11건 (>14일/파싱실패)
2026-09-16 23:51:43,173 [INFO] __main__ — 봇 주가요약 제외 [엑시콘]: 1건
2026-09-16 23:51:48,421 [INFO] __main__ — 봇 주가요약 제외 [PS일렉트로닉스]: 3건
2026-09-16 23:51:56,123 [INFO] __main__ — 봇 주가요약 제외 [바이오니아]: 2건
2026-09-16 23:51:57,031 [INFO] __main__ — 봇 주가요약 제외 [코칩]: 3건
2026-09-16 23:52:01,495 [INFO] __main__ — 기사 보존(수집): 250건 (26종목) → news_articles
2026-09-16 23:52:01,497 [INFO] __main__ — 공시 보존(수집): 38건 (26종목) → dart_filings
2026-09-16 23:52:01,498 [INFO] __main__ — 수집 완료: 뉴스 250건 | 공시 38건
2026-09-16 23:52:01,498 [INFO] __main__ — FinBERT 감성 분석 (finbert 모드)...
2026-09-16 23:52:01,498 [INFO] __main__ — FinBERT 로딩: snunlp/KR-FinBert-SC (CPU, batch=8)
2026-09-16 23:52:01,562 [INFO] httpx — HTTP Request: GET https://huggingface.co/api/agent-harnesses "HTTP/1.1 200 OK"
2026-09-16 23:52:01,578 [INFO] httpx — HTTP Request: HEAD https://huggingface.co/snunlp/KR-FinBert-SC/resolve/main/config.json "HTTP/1.1 307 Temporary Redirect"
2026-09-16 23:52:01,578 [WARNING] huggingface_hub.utils._http — Warning: You are sending unauthenticated requests to the HF Hub. Please set a HF_TOKEN to enable higher rate limits and faster downloads.
2026-09-16 23:52:01,584 [INFO] httpx — HTTP Request: HEAD https://huggingface.co/api/resolve-cache/models/snunlp/KR-FinBert-SC/f8586286cc3161fb648e9fee09a456069fd846d0/config.json?%2Fsnunlp%2FKR-FinBert-SC%2Fresolve%2Fmain%2Fconfig.json=&etag=%22bd00b2460e394f69e29e6438699e074cbac9584e%22 "HTTP/1.1 200 OK"
2026-09-16 23:52:01,619 [INFO] httpx — HTTP Request: HEAD https://huggingface.co/snunlp/KR-FinBert-SC/resolve/main/model.safetensors "HTTP/1.1 404 Not Found"
2026-09-16 23:52:01,636 [INFO] httpx — HTTP Request: GET https://huggingface.co/api/models/snunlp/KR-FinBert-SC "HTTP/1.1 200 OK"
2026-09-16 23:52:01,668 [INFO] httpx — HTTP Request: GET https://huggingface.co/api/models/snunlp/KR-FinBert-SC/commits/main "HTTP/1.1 200 OK"
2026-09-16 23:52:01,718 [INFO] httpx — HTTP Request: GET https://huggingface.co/api/models/snunlp/KR-FinBert-SC/discussions?p=0 "HTTP/1.1 200 OK"
2026-09-16 23:52:01,779 [INFO] httpx — HTTP Request: GET https://huggingface.co/api/models/snunlp/KR-FinBert-SC/commits/refs%2Fpr%2F3 "HTTP/1.1 200 OK"
2026-09-16 23:52:01,791 [INFO] httpx — HTTP Request: GET https://huggingface.co/api/models/snunlp/KR-FinBert-SC/tree/main/additional_chat_templates?recursive=false&expand=false "HTTP/1.1 404 Not Found"
2026-09-16 23:52:01,797 [INFO] httpx — HTTP Request: HEAD https://huggingface.co/snunlp/KR-FinBert-SC/resolve/refs%2Fpr%2F3/model.safetensors.index.json "HTTP/1.1 404 Not Found"
2026-09-16 23:52:01,810 [INFO] httpx — HTTP Request: GET https://huggingface.co/api/models/snunlp/KR-FinBert-SC/tree/main?recursive=true&expand=false "HTTP/1.1 200 OK"
2026-09-16 23:52:01,828 [INFO] httpx — HTTP Request: HEAD https://huggingface.co/snunlp/KR-FinBert-SC/resolve/refs%2Fpr%2F3/model.safetensors "HTTP/1.1 302 Found"
2026-09-16 23:52:01,847 [INFO] httpx — HTTP Request: HEAD https://huggingface.co/snunlp/KR-FinBert-SC/resolve/main/processor_config.json "HTTP/1.1 404 Not Found"
2026-09-16 23:52:01,864 [INFO] httpx — HTTP Request: HEAD https://huggingface.co/snunlp/KR-FinBert-SC/resolve/main/video_preprocessor_config.json "HTTP/1.1 404 Not Found"
2026-09-16 23:52:01,882 [INFO] httpx — HTTP Request: HEAD https://huggingface.co/snunlp/KR-FinBert-SC/resolve/main/preprocessor_config.json "HTTP/1.1 404 Not Found"
2026-09-16 23:52:01,883 [INFO] __main__ — FinBERT 로드 완료 (CPU)
2026-09-16 23:52:31,181 [INFO] __main__ — Phase A.1: 매핑 신뢰도 < 0.5 → 감성 점수 폐기 23건
2026-09-16 23:52:31,181 [INFO] __main__ — [shadow] 필드별 검사 기준 폐기 2/26종목 (집행 23건 — 변동 없음)
2026-09-16 23:52:31,181 [INFO] __main__ — 스코어링: 26개 | 집중:0 | FinBERT:finbert
2026-09-16 23:52:31,198 [INFO] __main__ —   → 26개
2026-09-16 23:52:31,199 [INFO] __main__ — ▶ Step 4: 발송
2026-09-16 23:52:35,793 [INFO] __main__ — DB 기록: 19개 / 전체 to_send 19개
2026-09-16 23:52:35,793 [INFO] __main__ — 발송: 19종목 | 누적 4~10회 7 | 신규 1
2026-09-16 23:52:35,793 [INFO] __main__ — 완료  |  소요: 825.4초
2026-09-16 23:52:36,863 [INFO] track_outcomes — pool_history 대조군 7766건 추적 대상 포함
2026-09-16 23:52:36,925 [INFO] track_outcomes — 고아 행 184건 복원 (targets에서 탈락한 미완 키)
2026-09-16 23:52:36,925 [INFO] track_outcomes — 대상 16971건 | 갱신 필요 8314건 | 완료 스킵 8841건
2026-09-16 23:52:36,928 [INFO] track_outcomes —   가격 조회 고유 종목 1212개 (기존 398 + 대조군 추가 814)
2026-09-17 00:18:15,600 [INFO] track_outcomes — outcomes 적재: 신규 284건 | 갱신(신규+보완) 1485건
