2026-08-23 21:33:40,738 [INFO] __main__ — config 검증 완료 ✓
2026-08-23 21:33:40,738 [INFO] __main__ — KIS 조회 도메인: 실전 (https://openapi.koreainvestment.com:9443)
2026-08-23 21:33:40,738 [INFO] __main__ — ============================================================
2026-08-23 21:33:40,739 [INFO] __main__ — AlphaRadar v3.3.1  |  기준일: 20260824
2026-08-23 21:33:40,739 [INFO] __main__ — S = T×0.3 + S_text×0.4 + D×0.3
2026-08-23 21:33:40,739 [INFO] __main__ — ============================================================
2026-08-23 21:33:40,739 [INFO] __main__ — ▶ Step 0: 유니버스 필터링
2026-08-23 21:33:40,853 [INFO] __main__ — FDR 데이터 수집: 20260218 ~ 20260824
2026-08-23 21:33:42,333 [INFO] __main__ — master universe 메타: 캐시 사용 2760개 (year=2026)
2026-08-23 21:33:42,335 [INFO] __main__ — master 보강: 등급 837개 | FnGuide/KSIC 2554개 | 섹터(fg_industry) 2554개
2026-08-23 21:33:42,336 [INFO] __main__ — KOSPI: 942개 | 섹터정보 832개 (DART +829개 보완)
2026-08-23 21:33:42,336 [INFO] __main__ — KOSDAQ: 1822개 | 섹터정보 1751개
2026-08-23 21:33:42,337 [INFO] __main__ — 전체: 2764개
2026-08-23 21:33:44,144 [INFO] __main__ — KIS 토큰 발급 완료
2026-08-23 21:39:35,762 [INFO] __main__ — DART corp_code 매핑: 859/882개 (97%)
2026-08-23 21:39:35,762 [INFO] __main__ — 유효 유니버스: 882개
2026-08-23 21:39:35,768 [INFO] __main__ —   → 882개
2026-08-23 21:39:35,768 [INFO] __main__ — ▶ Step 1: 신호 탐지
2026-08-23 21:39:35,769 [INFO] __main__ — NaverClient: 3개 키 로드 (DataLab·검색 독립 회전)
2026-08-23 21:39:35,769 [INFO] __main__ — 관심 지수 및 부정 뉴스 비율 조회 중...
2026-08-23 21:39:39,928 [INFO] __main__ — 봇 주가요약 제외 [PS일렉트로닉스]: 3건
2026-08-23 21:39:40,061 [INFO] __main__ — 봇 주가요약 제외 [다날]: 2건
2026-08-23 21:39:42,122 [INFO] __main__ — 봇 주가요약 제외 [KBI메탈]: 2건
2026-08-23 21:39:43,169 [INFO] __main__ — 봇 주가요약 제외 [후성]: 2건
2026-08-23 21:39:44,204 [INFO] __main__ — 봇 주가요약 제외 [대한광통신]: 3건
2026-08-23 21:39:44,509 [INFO] __main__ — 봇 주가요약 제외 [SK이터닉스]: 1건
2026-08-23 21:39:45,255 [INFO] __main__ — 봇 주가요약 제외 [대원전선]: 7건
2026-08-23 21:39:47,284 [INFO] __main__ — 봇 주가요약 제외 [현대무벡스]: 1건
2026-08-23 21:39:47,620 [INFO] __main__ — 봇 주가요약 제외 [갤럭시아머니트리]: 2건
2026-08-23 21:39:48,315 [INFO] __main__ — 봇 주가요약 제외 [하나마이크론]: 3건
2026-08-23 21:39:49,355 [INFO] __main__ — 봇 주가요약 제외 [빛과전자]: 3건
2026-08-23 21:39:52,793 [INFO] __main__ — 봇 주가요약 제외 [남해화학]: 1건
2026-08-23 21:39:53,455 [INFO] __main__ — 봇 주가요약 제외 [제주반도체]: 2건
2026-08-23 21:39:54,695 [INFO] __main__ — 봇 주가요약 제외 [코스모로보틱스]: 1건
2026-08-23 21:39:55,502 [INFO] __main__ — 봇 주가요약 제외 [SFA반도체]: 1건
2026-08-23 21:39:58,601 [INFO] __main__ — 봇 주가요약 제외 [보성파워텍]: 1건
2026-08-23 21:39:59,779 [INFO] __main__ — 봇 주가요약 제외 [삼성E&A]: 1건
2026-08-23 21:40:01,040 [INFO] __main__ — 봇 주가요약 제외 [서진시스템]: 1건
2026-08-23 21:40:03,064 [INFO] __main__ — 봇 주가요약 제외 [LG씨엔에스]: 1건
2026-08-23 21:40:05,778 [INFO] __main__ — 봇 주가요약 제외 [휴림로봇]: 1건
2026-08-23 21:40:11,886 [INFO] __main__ — 봇 주가요약 제외 [지엔씨에너지]: 1건
2026-08-23 21:40:12,315 [INFO] __main__ — 봇 주가요약 제외 [CJ CGV]: 1건
2026-08-23 21:40:13,486 [INFO] __main__ — 뉴스 시점 제외 [서부T&D]: 1건 (>14일/파싱실패)
2026-08-23 21:40:17,743 [INFO] __main__ — 뉴스 시점 제외 [대원강업]: 6건 (>14일/파싱실패)
2026-08-23 21:40:18,942 [INFO] __main__ — 봇 주가요약 제외 [티엘비]: 1건
2026-08-23 21:40:19,956 [INFO] __main__ — 봇 주가요약 제외 [오킨스전자]: 1건
2026-08-23 21:40:25,066 [INFO] __main__ — 봇 주가요약 제외 [SK오션플랜트]: 1건
2026-08-23 21:40:25,951 [INFO] __main__ — 봇 주가요약 제외 [이노스페이스]: 1건
2026-08-23 21:40:27,016 [INFO] __main__ — 봇 주가요약 제외 [와이씨]: 1건
2026-08-23 21:40:32,160 [INFO] __main__ — 봇 주가요약 제외 [테크윙]: 2건
2026-08-23 21:40:36,348 [INFO] __main__ — 봇 주가요약 제외 [코리아써키트]: 2건
2026-08-23 21:40:36,470 [INFO] __main__ — 뉴스 시점 제외 [ESR켄달스퀘어리츠]: 12건 (>14일/파싱실패)
2026-08-23 21:40:37,649 [INFO] __main__ — 봇 주가요약 제외 [브이엠]: 1건
2026-08-23 21:40:40,855 [INFO] __main__ — 봇 주가요약 제외 [동진쎄미켐]: 1건
2026-08-23 21:40:40,875 [INFO] __main__ — 봇 주가요약 제외 [셀바스AI]: 1건
2026-08-23 21:40:41,892 [INFO] __main__ — 봇 주가요약 제외 [두산로보틱스]: 1건
2026-08-23 21:40:45,885 [INFO] __main__ — 봇 주가요약 제외 [지아이이노베이션]: 2건
2026-08-23 21:40:51,093 [INFO] __main__ — 뉴스 시점 제외 [티엑스알로보틱스]: 4건 (>14일/파싱실패)
2026-08-23 21:40:56,245 [INFO] __main__ — 봇 주가요약 제외 [엑시콘]: 2건
2026-08-23 21:40:57,145 [INFO] __main__ — 뉴스 시점 제외 [바이오플러스]: 6건 (>14일/파싱실패)
2026-08-23 21:40:58,318 [INFO] __main__ — 봇 주가요약 제외 [한국카본]: 2건
2026-08-23 21:40:59,338 [INFO] __main__ — 봇 주가요약 제외 [일진전기]: 1건
2026-08-23 21:41:00,245 [INFO] __main__ — 봇 주가요약 제외 [한올바이오파마]: 1건
2026-08-23 21:41:13,624 [INFO] __main__ — 봇 주가요약 제외 [OCI홀딩스]: 1건
2026-08-23 21:41:14,799 [INFO] __main__ — 봇 주가요약 제외 [원익QnC]: 1건
2026-08-23 21:41:17,186 [INFO] __main__ — 뉴스 시점 제외 [넥스틸]: 6건 (>14일/파싱실패)
2026-08-23 21:41:20,606 [INFO] __main__ — 봇 주가요약 제외 [산일전기]: 1건
2026-08-23 21:41:21,641 [INFO] __main__ — 뉴스 시점 제외 [티엠씨]: 1건 (>14일/파싱실패)
2026-08-23 21:41:23,647 [INFO] __main__ — 뉴스 시점 제외 [KB스타리츠]: 12건 (>14일/파싱실패)
2026-08-23 21:41:24,675 [INFO] __main__ — 뉴스 시점 제외 [휴스틸]: 9건 (>14일/파싱실패)
2026-08-23 21:41:27,052 [INFO] __main__ — 봇 주가요약 제외 [POSCO홀딩스]: 1건
2026-08-23 21:41:28,783 [INFO] __main__ — 뉴스 시점 제외 [YG PLUS]: 10건 (>14일/파싱실패)
2026-08-23 21:41:30,098 [INFO] __main__ — 봇 주가요약 제외 [삼성에스디에스]: 1건
2026-08-23 21:41:34,258 [INFO] __main__ — 봇 주가요약 제외 [피에스케이홀딩스]: 1건
2026-08-23 21:41:35,310 [INFO] __main__ — 봇 주가요약 제외 [위메이드]: 1건
2026-08-23 21:41:38,092 [INFO] __main__ — 뉴스 시점 제외 [미래에셋증권2우B]: 14건 (>14일/파싱실패)
2026-08-23 21:41:39,659 [INFO] __main__ — 봇 주가요약 제외 [에스앤에스텍]: 1건
2026-08-23 21:41:40,131 [INFO] __main__ — 뉴스 시점 제외 [KH바텍]: 2건 (>14일/파싱실패)
2026-08-23 21:41:45,919 [INFO] __main__ — 뉴스 시점 제외 [이지홀딩스]: 8건 (>14일/파싱실패)
2026-08-23 21:41:47,854 [INFO] __main__ — 뉴스 시점 제외 [제이에스링크]: 4건 (>14일/파싱실패)
2026-08-23 21:41:49,883 [INFO] __main__ — 봇 주가요약 제외 [로킷헬스케어]: 1건
2026-08-23 21:41:56,135 [INFO] __main__ — 뉴스 시점 제외 [코람코더원리츠]: 8건 (>14일/파싱실패)
2026-08-23 21:41:57,147 [INFO] __main__ — 뉴스 시점 제외 [송원산업]: 7건 (>14일/파싱실패)
2026-08-23 21:41:58,528 [INFO] __main__ — 봇 주가요약 제외 [티에스이]: 1건
2026-08-23 21:41:59,037 [INFO] __main__ — 봇 주가요약 제외 [오스코텍]: 1건
2026-08-23 21:42:03,613 [INFO] __main__ — 봇 주가요약 제외 [달바글로벌]: 3건
2026-08-23 21:42:12,414 [INFO] __main__ — 뉴스 시점 제외 [이지바이오]: 8건 (>14일/파싱실패)
2026-08-23 21:42:16,770 [INFO] __main__ — 봇 주가요약 제외 [SFA]: 1건
2026-08-23 21:42:18,817 [INFO] __main__ — 뉴스 시점 제외 [맵스리얼티]: 15건 (>14일/파싱실패)
2026-08-23 21:42:21,105 [INFO] __main__ — 봇 주가요약 제외 [펩트론]: 1건
2026-08-23 21:42:22,389 [INFO] __main__ — 뉴스 시점 제외 [에코프로에이치엔]: 7건 (>14일/파싱실패)
2026-08-23 21:42:26,306 [INFO] __main__ — 뉴스 시점 제외 [에이디테크놀로지]: 2건 (>14일/파싱실패)
2026-08-23 21:42:26,546 [INFO] __main__ — 뉴스 시점 제외 [롯데리츠]: 2건 (>14일/파싱실패)
2026-08-23 21:42:29,617 [INFO] __main__ — 봇 주가요약 제외 [보로노이]: 2건
2026-08-23 21:42:31,536 [INFO] __main__ — 부정 키워드 감지: 24개 종목 (neg_ratio > 0)
2026-08-23 21:42:31,537 [INFO] __main__ — 수급일수충족·합계음수 제외: 68개
2026-08-23 21:42:35,076 [INFO] __main__ — 뉴스 시점 제외 [다우기술]: 1건 (>14일/파싱실패)
2026-08-23 21:42:35,630 [INFO] __main__ — 뉴스 시점 제외 [두산우]: 15건 (>14일/파싱실패)
2026-08-23 21:42:35,641 [INFO] __main__ — 뉴스 시점 제외 [코스모신소재]: 3건 (>14일/파싱실패)
2026-08-23 21:42:35,672 [INFO] __main__ — 뉴스 시점 제외 [삼성화재우]: 14건 (>14일/파싱실패)
2026-08-23 21:42:36,215 [INFO] __main__ — 뉴스 시점 제외 [KB발해인프라]: 15건 (>14일/파싱실패)
2026-08-23 21:42:36,785 [INFO] __main__ — 뉴스 시점 제외 [LG전자우]: 13건 (>14일/파싱실패)
2026-08-23 21:42:36,806 [INFO] __main__ — 뉴스 시점 제외 [한화리츠]: 6건 (>14일/파싱실패)
2026-08-23 21:42:37,381 [INFO] __main__ — 뉴스 시점 제외 [쿠쿠홀딩스]: 6건 (>14일/파싱실패)
2026-08-23 21:42:38,208 [INFO] __main__ — 뉴스 시점 제외 [LG화학우]: 14건 (>14일/파싱실패)
2026-08-23 21:42:38,216 [INFO] __main__ — 뉴스 시점 제외 [GS피앤엘]: 10건 (>14일/파싱실패)
2026-08-23 21:42:38,800 [INFO] __main__ — 뉴스 시점 제외 [한국쉘석유]: 12건 (>14일/파싱실패)
2026-08-23 21:42:39,392 [INFO] __main__ — 뉴스 시점 제외 [한일홀딩스]: 12건 (>14일/파싱실패)
2026-08-23 21:42:40,540 [INFO] __main__ — 뉴스 시점 제외 [아모레퍼시픽우]: 15건 (>14일/파싱실패)
2026-08-23 21:42:41,133 [INFO] __main__ — 뉴스 시점 제외 [코람코라이프인프라리츠]: 9건 (>14일/파싱실패)
2026-08-23 21:42:41,650 [INFO] __main__ — 뉴스 시점 제외 [KPX홀딩스]: 11건 (>14일/파싱실패)
2026-08-23 21:42:41,721 [INFO] __main__ — 뉴스 시점 제외 [KISCO홀딩스]: 3건 (>14일/파싱실패)
2026-08-23 21:42:41,723 [INFO] __main__ — 뉴스 시점 제외 [코스모화학]: 7건 (>14일/파싱실패)
2026-08-23 21:42:42,306 [INFO] __main__ — 뉴스 시점 제외 [삼성물산우B]: 14건 (>14일/파싱실패)
2026-08-23 21:42:42,873 [INFO] __main__ — 뉴스 시점 제외 [현대코퍼레이션]: 4건 (>14일/파싱실패)
2026-08-23 21:42:43,946 [INFO] __main__ — 뉴스 시점 제외 [아세아제지]: 5건 (>14일/파싱실패)
2026-08-23 21:42:44,044 [INFO] __main__ — 뉴스 시점 제외 [두산2우B]: 15건 (>14일/파싱실패)
2026-08-23 21:42:45,080 [INFO] __main__ — 봇 주가요약 제외 [서흥]: 1건
2026-08-23 21:42:45,237 [INFO] __main__ — 뉴스 시점 제외 [이지스밸류플러스리츠]: 14건 (>14일/파싱실패)
2026-08-23 21:42:46,199 [INFO] __main__ — 뉴스 시점 제외 [미원화학]: 13건 (>14일/파싱실패)
2026-08-23 21:42:46,386 [INFO] __main__ — 뉴스 시점 제외 [노루홀딩스]: 12건 (>14일/파싱실패)
2026-08-23 21:42:46,388 [INFO] __main__ — 뉴스 시점 제외 [신한서부티엔디리츠]: 14건 (>14일/파싱실패)
2026-08-23 21:42:47,523 [INFO] __main__ — 뉴스 시점 제외 [SK우]: 13건 (>14일/파싱실패)
2026-08-23 21:42:48,094 [INFO] __main__ — 뉴스 시점 제외 [제룡전기]: 4건 (>14일/파싱실패)
2026-08-23 21:42:48,094 [INFO] __main__ — 봇 주가요약 제외 [제룡전기]: 3건
2026-08-23 21:42:48,130 [INFO] __main__ — 뉴스 시점 제외 [다우데이타]: 5건 (>14일/파싱실패)
2026-08-23 21:42:51,343 [INFO] __main__ — 뉴스 시점 제외 [티로보틱스]: 1건 (>14일/파싱실패)
2026-08-23 21:42:52,736 [INFO] __main__ — 뉴스 시점 제외 [디지털대성]: 10건 (>14일/파싱실패)
2026-08-23 21:42:53,028 [INFO] __main__ — 뉴스 시점 제외 [피에이치에이]: 10건 (>14일/파싱실패)
2026-08-23 21:42:53,305 [INFO] __main__ — 뉴스 시점 제외 [세보엠이씨]: 9건 (>14일/파싱실패)
2026-08-23 21:42:53,622 [INFO] __main__ — 뉴스 시점 제외 [대원산업]: 6건 (>14일/파싱실패)
2026-08-23 21:42:53,988 [INFO] __main__ — POOL_A 후보 부정뉴스 2차 조회: 114개
2026-08-23 21:42:53,990 [INFO] __main__ — POOL_A: 589개 (A:127 B:314 동시:148) | 부정게이트 제외:3
  대형:95 중형:257 소형:237
2026-08-23 21:42:53,996 [INFO] __main__ — 대조군 표본(무신호): 40개 / 모집단 293개 → pool_history
2026-08-23 21:42:53,998 [INFO] __main__ —   → POOL_A: 589개
2026-08-23 21:42:53,999 [INFO] __main__ — ▶ Step 2: 하드 필터링
2026-08-23 21:42:53,999 [INFO] __main__ — 하드 필터 제거: 568개 | 과열배제 33 | 이격도상한 28 | 이격도하한 55 | MA추세 377 | RSI과열 4 | 거래대금 71
2026-08-23 21:42:54,001 [INFO] __main__ — 과열 gated 기록: 33개 → gated_tickers
2026-08-23 21:42:54,004 [INFO] __main__ — 대조군 표본(필터탈락): 185개 / 모집단 568개 → pool_history
2026-08-23 21:42:54,004 [INFO] __main__ — POOL_B: 21개 | 대형:1 중형:12 소형:8
2026-08-23 21:42:54,004 [INFO] __main__ —   → POOL_B: 21개
2026-08-23 21:42:54,004 [INFO] __main__ — ▶ Step 3: 스코어링 (FinBERT 감성 분석)
2026-08-23 21:42:54,004 [INFO] __main__ — NaverClient: 3개 키 로드 (DataLab·검색 독립 회전)
2026-08-23 21:42:54,004 [INFO] __main__ — 텍스트 신규 수집: 21종목 (캐시 적중 0종목)
2026-08-23 21:42:58,394 [INFO] __main__ — 봇 주가요약 제외 [SK이터닉스]: 5건
2026-08-23 21:42:58,424 [INFO] __main__ — 봇 주가요약 제외 [대원전선]: 10건
2026-08-23 21:43:01,917 [INFO] __main__ — 봇 주가요약 제외 [파마리서치]: 2건
2026-08-23 21:43:01,964 [INFO] __main__ — 봇 주가요약 제외 [심텍]: 2건
2026-08-23 21:43:05,426 [INFO] __main__ — 봇 주가요약 제외 [피에스케이]: 1건
2026-08-23 21:43:05,526 [INFO] __main__ — 봇 주가요약 제외 [제주반도체]: 6건
2026-08-23 21:43:05,555 [INFO] __main__ — 봇 주가요약 제외 [티에스이]: 1건
2026-08-23 21:43:09,236 [INFO] __main__ — 봇 주가요약 제외 [지엔씨에너지]: 1건
2026-08-23 21:43:12,815 [INFO] __main__ — 봇 주가요약 제외 [PS일렉트로닉스]: 5건
2026-08-23 21:43:15,941 [INFO] __main__ — 뉴스 시점 제외 [티앤엘]: 3건 (>14일/파싱실패)
2026-08-23 21:43:16,388 [INFO] __main__ — 봇 주가요약 제외 [KBI메탈]: 2건
2026-08-23 21:43:19,488 [INFO] __main__ — 기사 보존(수집): 181건 (21종목) → news_articles
2026-08-23 21:43:19,490 [INFO] __main__ — 공시 보존(수집): 65건 (21종목) → dart_filings
2026-08-23 21:43:19,491 [INFO] __main__ — 수집 완료: 뉴스 181건 | 공시 65건
2026-08-23 21:43:19,491 [INFO] __main__ — FinBERT 감성 분석 (finbert 모드)...
2026-08-23 21:43:19,491 [INFO] __main__ — FinBERT 로딩: snunlp/KR-FinBert-SC (CPU, batch=8)
2026-08-23 21:43:19,595 [INFO] httpx — HTTP Request: GET https://huggingface.co/api/agent-harnesses "HTTP/1.1 200 OK"
2026-08-23 21:43:19,666 [INFO] httpx — HTTP Request: HEAD https://huggingface.co/snunlp/KR-FinBert-SC/resolve/main/config.json "HTTP/1.1 307 Temporary Redirect"
2026-08-23 21:43:19,667 [WARNING] huggingface_hub.utils._http — Warning: You are sending unauthenticated requests to the HF Hub. Please set a HF_TOKEN to enable higher rate limits and faster downloads.
2026-08-23 21:43:19,673 [INFO] httpx — HTTP Request: HEAD https://huggingface.co/api/resolve-cache/models/snunlp/KR-FinBert-SC/f8586286cc3161fb648e9fee09a456069fd846d0/config.json "HTTP/1.1 200 OK"
2026-08-23 21:43:19,766 [INFO] httpx — HTTP Request: HEAD https://huggingface.co/snunlp/KR-FinBert-SC/resolve/main/model.safetensors "HTTP/1.1 404 Not Found"
2026-08-23 21:43:19,841 [INFO] httpx — HTTP Request: GET https://huggingface.co/api/models/snunlp/KR-FinBert-SC "HTTP/1.1 200 OK"
2026-08-23 21:43:19,927 [INFO] httpx — HTTP Request: GET https://huggingface.co/api/models/snunlp/KR-FinBert-SC/commits/main "HTTP/1.1 200 OK"
2026-08-23 21:43:19,949 [INFO] httpx — HTTP Request: GET https://huggingface.co/api/models/snunlp/KR-FinBert-SC/tree/main/additional_chat_templates?recursive=false&expand=false "HTTP/1.1 404 Not Found"
2026-08-23 21:43:20,006 [INFO] httpx — HTTP Request: GET https://huggingface.co/api/models/snunlp/KR-FinBert-SC/discussions?p=0 "HTTP/1.1 200 OK"
2026-08-23 21:43:20,027 [INFO] httpx — HTTP Request: GET https://huggingface.co/api/models/snunlp/KR-FinBert-SC/tree/main?recursive=true&expand=false "HTTP/1.1 200 OK"
2026-08-23 21:43:20,123 [INFO] httpx — HTTP Request: GET https://huggingface.co/api/models/snunlp/KR-FinBert-SC/commits/refs%2Fpr%2F3 "HTTP/1.1 200 OK"
2026-08-23 21:43:20,125 [INFO] httpx — HTTP Request: HEAD https://huggingface.co/snunlp/KR-FinBert-SC/resolve/main/processor_config.json "HTTP/1.1 404 Not Found"
2026-08-23 21:43:20,196 [INFO] httpx — HTTP Request: HEAD https://huggingface.co/snunlp/KR-FinBert-SC/resolve/main/video_preprocessor_config.json "HTTP/1.1 404 Not Found"
2026-08-23 21:43:20,197 [INFO] httpx — HTTP Request: HEAD https://huggingface.co/snunlp/KR-FinBert-SC/resolve/refs%2Fpr%2F3/model.safetensors.index.json "HTTP/1.1 404 Not Found"
2026-08-23 21:43:20,272 [INFO] httpx — HTTP Request: HEAD https://huggingface.co/snunlp/KR-FinBert-SC/resolve/main/preprocessor_config.json "HTTP/1.1 404 Not Found"
2026-08-23 21:43:20,272 [INFO] httpx — HTTP Request: HEAD https://huggingface.co/snunlp/KR-FinBert-SC/resolve/refs%2Fpr%2F3/model.safetensors "HTTP/1.1 302 Found"
2026-08-23 21:43:20,273 [INFO] __main__ — FinBERT 로드 완료 (CPU)
2026-08-23 21:43:24,392 [INFO] __main__ — Phase A.1: 매핑 신뢰도 < 0.5 → 감성 점수 폐기 15건
2026-08-23 21:43:24,392 [INFO] __main__ — 스코어링: 21개 | 집중:0 | FinBERT:finbert
2026-08-23 21:43:24,403 [INFO] __main__ —   → 21개
2026-08-23 21:43:24,403 [INFO] __main__ — ▶ Step 4: 발송
2026-08-23 21:43:29,620 [INFO] __main__ — DB 기록: 12개 / 전체 to_send 12개
2026-08-23 21:43:29,620 [INFO] __main__ — 발송: 12종목 | 누적 4~10회 3 | 신규 0
2026-08-23 21:43:29,620 [INFO] __main__ — 완료  |  소요: 588.9초
2026-08-23 21:43:30,333 [INFO] track_outcomes — pool_history 대조군 2758건 추적 대상 포함
2026-08-23 21:43:30,355 [INFO] track_outcomes — 고아 행 91건 복원 (targets에서 탈락한 미완 키)
2026-08-23 21:43:30,355 [INFO] track_outcomes — 대상 10220건 | 갱신 필요 6565건 | 완료 스킵 3746건
2026-08-23 21:43:30,356 [INFO] track_outcomes —   가격 조회 고유 종목 1627개 (기존 960 + 대조군 추가 667)
2026-08-23 22:07:26,356 [INFO] track_outcomes — outcomes 적재: 신규 279건 | 갱신(신규+보완) 279건
2026-08-24 10:20:24,663 [INFO] __main__ — config 검증 완료 ✓
2026-08-24 10:20:24,663 [INFO] __main__ — KIS 조회 도메인: 실전 (https://openapi.koreainvestment.com:9443)
2026-08-24 10:20:24,663 [INFO] __main__ — ============================================================
2026-08-24 10:20:24,664 [INFO] __main__ — AlphaRadar v3.3.1  |  기준일: 20260824
2026-08-24 10:20:24,664 [INFO] __main__ — S = T×0.3 + S_text×0.4 + D×0.3
2026-08-24 10:20:24,664 [INFO] __main__ — ============================================================
2026-08-24 10:20:24,664 [INFO] __main__ — ▶ Step 0: 유니버스 필터링
2026-08-24 10:20:24,816 [INFO] __main__ — FDR 데이터 수집: 20260218 ~ 20260824
2026-08-24 10:20:26,700 [INFO] __main__ — master universe 메타: 캐시 사용 2760개 (year=2026)
2026-08-24 10:20:26,702 [INFO] __main__ — master 보강: 등급 837개 | FnGuide/KSIC 2554개 | 섹터(fg_industry) 2554개
2026-08-24 10:20:26,703 [INFO] __main__ — KOSPI: 942개 | 섹터정보 832개 (DART +829개 보완)
2026-08-24 10:20:26,703 [INFO] __main__ — KOSDAQ: 1823개 | 섹터정보 1751개
2026-08-24 10:20:26,704 [INFO] __main__ — 전체: 2765개
2026-08-24 10:20:28,918 [INFO] __main__ — KIS 토큰 발급 완료
2026-08-24 10:27:42,529 [INFO] __main__ — DART corp_code 매핑: 865/888개 (97%)
2026-08-24 10:27:42,529 [INFO] __main__ — 유효 유니버스: 888개
2026-08-24 10:27:42,536 [INFO] __main__ —   → 888개
2026-08-24 10:27:42,537 [INFO] __main__ — ▶ Step 1: 신호 탐지
2026-08-24 10:27:42,537 [INFO] __main__ — NaverClient: 3개 키 로드 (DataLab·검색 독립 회전)
2026-08-24 10:27:42,537 [INFO] __main__ — 관심 지수 및 부정 뉴스 비율 조회 중...
2026-08-24 10:27:45,895 [INFO] __main__ — 봇 주가요약 제외 [금호건설]: 2건
2026-08-24 10:27:45,898 [INFO] __main__ — 봇 주가요약 제외 [더즌]: 2건
2026-08-24 10:27:47,376 [INFO] __main__ — 봇 주가요약 제외 [다날]: 2건
2026-08-24 10:27:47,383 [INFO] __main__ — 봇 주가요약 제외 [우리기술투자]: 2건
2026-08-24 10:27:48,833 [INFO] __main__ — 봇 주가요약 제외 [팬오션]: 1건
2026-08-24 10:27:50,287 [INFO] __main__ — 봇 주가요약 제외 [후성]: 2건
2026-08-24 10:27:50,314 [INFO] __main__ — 봇 주가요약 제외 [PS일렉트로닉스]: 3건
2026-08-24 10:27:50,643 [INFO] __main__ — 봇 주가요약 제외 [KBI메탈]: 2건
2026-08-24 10:27:51,739 [INFO] __main__ — 봇 주가요약 제외 [HPSP]: 2건
2026-08-24 10:27:51,894 [INFO] __main__ — 봇 주가요약 제외 [대한광통신]: 3건
2026-08-24 10:27:54,282 [INFO] __main__ — 봇 주가요약 제외 [SK이터닉스]: 3건
2026-08-24 10:27:54,600 [INFO] __main__ — 봇 주가요약 제외 [코오롱티슈진]: 2건
2026-08-24 10:27:55,557 [INFO] __main__ — 봇 주가요약 제외 [갤럭시아머니트리]: 1건
2026-08-24 10:27:55,864 [INFO] __main__ — 봇 주가요약 제외 [대원전선]: 9건
2026-08-24 10:27:56,016 [INFO] __main__ — 봇 주가요약 제외 [빛과전자]: 3건
2026-08-24 10:27:58,302 [INFO] __main__ — 봇 주가요약 제외 [파미셀]: 1건
2026-08-24 10:27:58,436 [INFO] __main__ — 봇 주가요약 제외 [한온시스템]: 1건
2026-08-24 10:27:59,727 [INFO] __main__ — 봇 주가요약 제외 [하나마이크론]: 2건
2026-08-24 10:28:00,974 [INFO] __main__ — 봇 주가요약 제외 [한화솔루션]: 1건
2026-08-24 10:28:02,238 [INFO] __main__ — 봇 주가요약 제외 [남해화학]: 1건
2026-08-24 10:28:06,107 [INFO] __main__ — 봇 주가요약 제외 [우리기술]: 3건
2026-08-24 10:28:06,214 [INFO] __main__ — 봇 주가요약 제외 [SFA반도체]: 1건
2026-08-24 10:28:07,472 [INFO] __main__ — 봇 주가요약 제외 [제주반도체]: 4건
2026-08-24 10:28:09,926 [INFO] __main__ — 봇 주가요약 제외 [광전자]: 1건
2026-08-24 10:28:11,306 [INFO] __main__ — 봇 주가요약 제외 [디앤디파마텍]: 2건
2026-08-24 10:28:12,491 [INFO] __main__ — 봇 주가요약 제외 [대한전선]: 2건
2026-08-24 10:28:13,898 [INFO] __main__ — 봇 주가요약 제외 [성호전자]: 2건
2026-08-24 10:28:13,944 [INFO] __main__ — 봇 주가요약 제외 [현대무벡스]: 1건
2026-08-24 10:28:16,294 [INFO] __main__ — 봇 주가요약 제외 [두산퓨얼셀]: 1건
2026-08-24 10:28:16,556 [INFO] __main__ — 봇 주가요약 제외 [미래에셋벤처투자]: 1건
2026-08-24 10:28:21,830 [INFO] __main__ — 봇 주가요약 제외 [보성파워텍]: 1건
2026-08-24 10:28:22,657 [INFO] __main__ — 봇 주가요약 제외 [이수페타시스]: 1건
2026-08-24 10:28:23,906 [INFO] __main__ — 봇 주가요약 제외 [LG씨엔에스]: 2건
2026-08-24 10:28:28,983 [INFO] __main__ — 봇 주가요약 제외 [CJ CGV]: 1건
2026-08-24 10:28:29,390 [INFO] __main__ — 봇 주가요약 제외 [휴림로봇]: 2건
2026-08-24 10:28:31,918 [INFO] __main__ — 봇 주가요약 제외 [지엔씨에너지]: 3건
2026-08-24 10:28:33,494 [INFO] __main__ — 봇 주가요약 제외 [대덕전자]: 1건
2026-08-24 10:28:37,286 [INFO] __main__ — 봇 주가요약 제외 [포스코인터내셔널]: 1건
2026-08-24 10:28:42,197 [INFO] __main__ — 뉴스 시점 제외 [ESR켄달스퀘어리츠]: 12건 (>14일/파싱실패)
2026-08-24 10:28:52,260 [INFO] __main__ — 봇 주가요약 제외 [테크윙]: 3건
2026-08-24 10:28:52,296 [INFO] __main__ — 봇 주가요약 제외 [와이씨]: 1건
2026-08-24 10:28:55,040 [INFO] __main__ — 봇 주가요약 제외 [에스티팜]: 1건
2026-08-24 10:28:57,081 [INFO] __main__ — 봇 주가요약 제외 [일동제약]: 1건
2026-08-24 10:28:57,898 [INFO] __main__ — 봇 주가요약 제외 [코리아써키트]: 2건
2026-08-24 10:29:00,453 [INFO] __main__ — 봇 주가요약 제외 [SK오션플랜트]: 1건
2026-08-24 10:29:01,713 [INFO] __main__ — 봇 주가요약 제외 [동진쎄미켐]: 1건
2026-08-24 10:29:03,862 [INFO] __main__ — 봇 주가요약 제외 [삼화콘덴서]: 1건
2026-08-24 10:29:06,945 [INFO] __main__ — 봇 주가요약 제외 [씨젠]: 1건
2026-08-24 10:29:13,234 [INFO] __main__ — 봇 주가요약 제외 [한올바이오파마]: 1건
2026-08-24 10:29:15,378 [INFO] __main__ — 봇 주가요약 제외 [오킨스전자]: 1건
2026-08-24 10:29:29,478 [INFO] __main__ — 봇 주가요약 제외 [피에스케이]: 1건
2026-08-24 10:29:31,220 [INFO] __main__ — 봇 주가요약 제외 [엑시콘]: 2건
2026-08-24 10:29:32,483 [INFO] __main__ — 봇 주가요약 제외 [솔트룩스]: 2건
2026-08-24 10:29:32,654 [INFO] __main__ — 뉴스 시점 제외 [바이오플러스]: 6건 (>14일/파싱실패)
2026-08-24 10:29:37,751 [INFO] __main__ — 봇 주가요약 제외 [한국카본]: 2건
2026-08-24 10:29:38,896 [INFO] __main__ — 봇 주가요약 제외 [삼아알미늄]: 2건
2026-08-24 10:29:40,971 [INFO] __main__ — 봇 주가요약 제외 [일진전기]: 1건
2026-08-24 10:29:41,542 [INFO] __main__ — 뉴스 시점 제외 [한선엔지니어링]: 6건 (>14일/파싱실패)
2026-08-24 10:29:45,464 [INFO] __main__ — 봇 주가요약 제외 [OCI홀딩스]: 2건
2026-08-24 10:29:48,239 [INFO] __main__ — 봇 주가요약 제외 [에이비엘바이오]: 1건
2026-08-24 10:29:51,579 [INFO] __main__ — 봇 주가요약 제외 [POSCO홀딩스]: 1건
2026-08-24 10:29:52,025 [INFO] __main__ — 뉴스 시점 제외 [KB스타리츠]: 12건 (>14일/파싱실패)
2026-08-24 10:29:53,652 [INFO] __main__ — 뉴스 시점 제외 [휴스틸]: 9건 (>14일/파싱실패)
2026-08-24 10:29:55,019 [INFO] __main__ — 뉴스 시점 제외 [넥스틸]: 5건 (>14일/파싱실패)
2026-08-24 10:30:00,148 [INFO] __main__ — 뉴스 시점 제외 [YG PLUS]: 8건 (>14일/파싱실패)
2026-08-24 10:30:02,703 [INFO] __main__ — 뉴스 시점 제외 [티엠씨]: 1건 (>14일/파싱실패)
2026-08-24 10:30:09,339 [INFO] __main__ — 봇 주가요약 제외 [산일전기]: 2건
2026-08-24 10:30:10,606 [INFO] __main__ — 뉴스 시점 제외 [대원강업]: 6건 (>14일/파싱실패)
2026-08-24 10:30:14,457 [INFO] __main__ — 봇 주가요약 제외 [바이넥스]: 1건
2026-08-24 10:30:15,778 [INFO] __main__ — 봇 주가요약 제외 [오름테라퓨틱]: 1건
2026-08-24 10:30:16,958 [INFO] __main__ — 뉴스 시점 제외 [미래에셋증권2우B]: 14건 (>14일/파싱실패)
2026-08-24 10:30:26,050 [INFO] __main__ — 뉴스 시점 제외 [KH바텍]: 2건 (>14일/파싱실패)
2026-08-24 10:30:29,783 [INFO] __main__ — 뉴스 시점 제외 [이지홀딩스]: 8건 (>14일/파싱실패)
2026-08-24 10:30:32,455 [INFO] __main__ — 봇 주가요약 제외 [에스앤에스텍]: 1건
2026-08-24 10:30:33,738 [INFO] __main__ — 봇 주가요약 제외 [티에스이]: 1건
2026-08-24 10:30:34,970 [INFO] __main__ — 봇 주가요약 제외 [피에스케이홀딩스]: 2건
2026-08-24 10:30:38,666 [INFO] __main__ — 봇 주가요약 제외 [로킷헬스케어]: 1건
2026-08-24 10:30:42,476 [INFO] __main__ — 봇 주가요약 제외 [삼천당제약]: 1건
2026-08-24 10:30:48,004 [INFO] __main__ — 뉴스 시점 제외 [송원산업]: 7건 (>14일/파싱실패)
2026-08-24 10:30:53,234 [INFO] __main__ — 뉴스 시점 제외 [맵스리얼티]: 15건 (>14일/파싱실패)
2026-08-24 10:31:00,989 [INFO] __main__ — 봇 주가요약 제외 [대주전자재료]: 1건
2026-08-24 10:31:03,481 [INFO] __main__ — 봇 주가요약 제외 [달바글로벌]: 1건
2026-08-24 10:31:04,054 [INFO] __main__ — 뉴스 시점 제외 [이지바이오]: 8건 (>14일/파싱실패)
2026-08-24 10:31:12,001 [INFO] __main__ — 뉴스 시점 제외 [에이디테크놀로지]: 1건 (>14일/파싱실패)
2026-08-24 10:31:17,064 [INFO] __main__ — 뉴스 시점 제외 [SIMPAC]: 9건 (>14일/파싱실패)
2026-08-24 10:31:17,064 [INFO] __main__ — 봇 주가요약 제외 [SIMPAC]: 1건
2026-08-24 10:31:17,130 [INFO] __main__ — 봇 주가요약 제외 [SFA]: 1건
2026-08-24 10:31:19,653 [INFO] __main__ — 뉴스 시점 제외 [신한알파리츠]: 13건 (>14일/파싱실패)
2026-08-24 10:31:21,141 [INFO] __main__ — 뉴스 시점 제외 [코스모화학]: 4건 (>14일/파싱실패)
2026-08-24 10:31:22,292 [INFO] __main__ — 부정 키워드 감지: 20개 종목 (neg_ratio > 0)
2026-08-24 10:31:22,293 [INFO] __main__ — 수급일수충족·합계음수 제외: 66개
2026-08-24 10:31:26,404 [INFO] __main__ — 뉴스 시점 제외 [두산우]: 15건 (>14일/파싱실패)
2026-08-24 10:31:26,508 [INFO] __main__ — 뉴스 시점 제외 [삼성화재우]: 14건 (>14일/파싱실패)
2026-08-24 10:31:27,108 [INFO] __main__ — 뉴스 시점 제외 [LG전자우]: 13건 (>14일/파싱실패)
2026-08-24 10:31:27,201 [INFO] __main__ — 뉴스 시점 제외 [KB발해인프라]: 15건 (>14일/파싱실패)
2026-08-24 10:31:27,761 [INFO] __main__ — 봇 주가요약 제외 [코스모신소재]: 1건
2026-08-24 10:31:27,886 [INFO] __main__ — 뉴스 시점 제외 [한화리츠]: 6건 (>14일/파싱실패)
2026-08-24 10:31:28,496 [INFO] __main__ — 뉴스 시점 제외 [LG화학우]: 14건 (>14일/파싱실패)
2026-08-24 10:31:29,202 [INFO] __main__ — 뉴스 시점 제외 [GS피앤엘]: 11건 (>14일/파싱실패)
2026-08-24 10:31:29,263 [INFO] __main__ — 봇 주가요약 제외 [OCI]: 1건
2026-08-24 10:31:29,829 [INFO] __main__ — 뉴스 시점 제외 [한국쉘석유]: 11건 (>14일/파싱실패)
2026-08-24 10:31:30,518 [INFO] __main__ — 뉴스 시점 제외 [한일홀딩스]: 12건 (>14일/파싱실패)
2026-08-24 10:31:31,371 [INFO] __main__ — 뉴스 시점 제외 [아모레퍼시픽우]: 15건 (>14일/파싱실패)
2026-08-24 10:31:32,591 [INFO] __main__ — 뉴스 시점 제외 [KPX홀딩스]: 11건 (>14일/파싱실패)
2026-08-24 10:31:32,756 [INFO] __main__ — 뉴스 시점 제외 [KISCO홀딩스]: 2건 (>14일/파싱실패)
2026-08-24 10:31:33,277 [INFO] __main__ — 뉴스 시점 제외 [코람코라이프인프라리츠]: 9건 (>14일/파싱실패)
2026-08-24 10:31:34,036 [INFO] __main__ — 뉴스 시점 제외 [삼성물산우B]: 14건 (>14일/파싱실패)
2026-08-24 10:31:34,151 [INFO] __main__ — 뉴스 시점 제외 [현대코퍼레이션]: 3건 (>14일/파싱실패)
2026-08-24 10:31:34,840 [INFO] __main__ — 뉴스 시점 제외 [아세아제지]: 5건 (>14일/파싱실패)
2026-08-24 10:31:35,414 [INFO] __main__ — 뉴스 시점 제외 [두산2우B]: 15건 (>14일/파싱실패)
2026-08-24 10:31:36,121 [INFO] __main__ — 뉴스 시점 제외 [이지스밸류플러스리츠]: 14건 (>14일/파싱실패)
2026-08-24 10:31:37,496 [INFO] __main__ — 뉴스 시점 제외 [미원화학]: 13건 (>14일/파싱실패)
2026-08-24 10:31:37,681 [INFO] __main__ — 뉴스 시점 제외 [신한서부티엔디리츠]: 13건 (>14일/파싱실패)
2026-08-24 10:31:38,861 [INFO] __main__ — 뉴스 시점 제외 [노루홀딩스]: 12건 (>14일/파싱실패)
2026-08-24 10:31:39,556 [INFO] __main__ — 뉴스 시점 제외 [SK우]: 13건 (>14일/파싱실패)
2026-08-24 10:31:40,463 [INFO] __main__ — 뉴스 시점 제외 [제룡전기]: 3건 (>14일/파싱실패)
2026-08-24 10:31:40,463 [INFO] __main__ — 봇 주가요약 제외 [제룡전기]: 3건
2026-08-24 10:31:45,831 [INFO] __main__ — 뉴스 시점 제외 [피에이치에이]: 9건 (>14일/파싱실패)
2026-08-24 10:31:46,697 [INFO] __main__ — 뉴스 시점 제외 [대원산업]: 6건 (>14일/파싱실패)
2026-08-24 10:31:47,559 [INFO] __main__ — 뉴스 시점 제외 [금화피에스시]: 2건 (>14일/파싱실패)
2026-08-24 10:31:47,660 [INFO] __main__ — POOL_A 후보 부정뉴스 2차 조회: 104개
2026-08-24 10:31:47,661 [INFO] __main__ — POOL_A: 265개 (A:245 B:6 동시:14) | 부정게이트 제외:1
  대형:29 중형:115 소형:121
2026-08-24 10:31:47,666 [INFO] __main__ — 대조군 표본(무신호): 40개 / 모집단 623개 → pool_history
2026-08-24 10:31:47,667 [INFO] __main__ —   → POOL_A: 265개
2026-08-24 10:31:47,667 [INFO] __main__ — ▶ Step 2: 하드 필터링
2026-08-24 10:31:47,668 [INFO] __main__ — 하드 필터 제거: 260개 | 과열배제 36 | 이격도상한 13 | 이격도하한 12 | MA추세 147 | RSI과열 5 | 거래대금 47
2026-08-24 10:31:47,669 [INFO] __main__ — 과열 gated 기록: 36개 → gated_tickers
2026-08-24 10:31:47,672 [INFO] __main__ — 대조군 표본(필터탈락): 146개 / 모집단 260개 → pool_history
2026-08-24 10:31:47,672 [INFO] __main__ — POOL_B: 5개 | 대형:0 중형:3 소형:2
2026-08-24 10:31:47,672 [INFO] __main__ —   → POOL_B: 5개
2026-08-24 10:31:47,672 [INFO] __main__ — ▶ Step 3: 스코어링 (FinBERT 감성 분석)
2026-08-24 10:31:47,672 [INFO] __main__ — NaverClient: 3개 키 로드 (DataLab·검색 독립 회전)
2026-08-24 10:31:47,673 [INFO] __main__ — 텍스트 신규 수집: 1종목 (캐시 적중 4종목)
2026-08-24 10:31:52,241 [INFO] __main__ — 기사 보존(수집): 50건 (5종목) → news_articles
2026-08-24 10:31:52,242 [INFO] __main__ — 공시 보존(수집): 16건 (5종목) → dart_filings
2026-08-24 10:31:52,244 [INFO] __main__ — 수집 완료: 뉴스 191건 | 공시 69건
2026-08-24 10:31:52,244 [INFO] __main__ — FinBERT 감성 분석 (finbert 모드)...
2026-08-24 10:31:52,244 [INFO] __main__ — FinBERT 로딩: snunlp/KR-FinBert-SC (CPU, batch=8)
2026-08-24 10:31:52,389 [INFO] httpx — HTTP Request: GET https://huggingface.co/api/agent-harnesses "HTTP/1.1 200 OK"
2026-08-24 10:31:52,426 [INFO] httpx — HTTP Request: HEAD https://huggingface.co/snunlp/KR-FinBert-SC/resolve/main/config.json "HTTP/1.1 307 Temporary Redirect"
2026-08-24 10:31:52,427 [WARNING] huggingface_hub.utils._http — Warning: You are sending unauthenticated requests to the HF Hub. Please set a HF_TOKEN to enable higher rate limits and faster downloads.
2026-08-24 10:31:52,447 [INFO] httpx — HTTP Request: HEAD https://huggingface.co/api/resolve-cache/models/snunlp/KR-FinBert-SC/f8586286cc3161fb648e9fee09a456069fd846d0/config.json "HTTP/1.1 200 OK"
2026-08-24 10:31:52,501 [INFO] httpx — HTTP Request: HEAD https://huggingface.co/snunlp/KR-FinBert-SC/resolve/main/model.safetensors "HTTP/1.1 404 Not Found"
2026-08-24 10:31:52,543 [INFO] httpx — HTTP Request: GET https://huggingface.co/api/models/snunlp/KR-FinBert-SC "HTTP/1.1 200 OK"
2026-08-24 10:31:52,605 [INFO] httpx — HTTP Request: GET https://huggingface.co/api/models/snunlp/KR-FinBert-SC/commits/main "HTTP/1.1 200 OK"
2026-08-24 10:31:52,655 [INFO] httpx — HTTP Request: GET https://huggingface.co/api/models/snunlp/KR-FinBert-SC/discussions?p=0 "HTTP/1.1 200 OK"
2026-08-24 10:31:52,702 [INFO] httpx — HTTP Request: GET https://huggingface.co/api/models/snunlp/KR-FinBert-SC/commits/refs%2Fpr%2F3 "HTTP/1.1 200 OK"
2026-08-24 10:31:52,705 [INFO] httpx — HTTP Request: GET https://huggingface.co/api/models/snunlp/KR-FinBert-SC/tree/main/additional_chat_templates?recursive=false&expand=false "HTTP/1.1 404 Not Found"
2026-08-24 10:31:52,734 [INFO] httpx — HTTP Request: HEAD https://huggingface.co/snunlp/KR-FinBert-SC/resolve/refs%2Fpr%2F3/model.safetensors.index.json "HTTP/1.1 404 Not Found"
2026-08-24 10:31:52,747 [INFO] httpx — HTTP Request: GET https://huggingface.co/api/models/snunlp/KR-FinBert-SC/tree/main?recursive=true&expand=false "HTTP/1.1 200 OK"
2026-08-24 10:31:52,778 [INFO] httpx — HTTP Request: HEAD https://huggingface.co/snunlp/KR-FinBert-SC/resolve/refs%2Fpr%2F3/model.safetensors "HTTP/1.1 302 Found"
2026-08-24 10:31:52,852 [INFO] httpx — HTTP Request: HEAD https://huggingface.co/snunlp/KR-FinBert-SC/resolve/main/processor_config.json "HTTP/1.1 404 Not Found"
2026-08-24 10:31:52,887 [INFO] httpx — HTTP Request: HEAD https://huggingface.co/snunlp/KR-FinBert-SC/resolve/main/video_preprocessor_config.json "HTTP/1.1 404 Not Found"
2026-08-24 10:31:52,921 [INFO] httpx — HTTP Request: HEAD https://huggingface.co/snunlp/KR-FinBert-SC/resolve/main/preprocessor_config.json "HTTP/1.1 404 Not Found"
2026-08-24 10:31:52,922 [INFO] __main__ — FinBERT 로드 완료 (CPU)
2026-08-24 10:31:56,479 [INFO] __main__ — Phase A.1: 매핑 신뢰도 < 0.5 → 감성 점수 폐기 5건
2026-08-24 10:31:56,479 [INFO] __main__ — 스코어링: 5개 | 집중:0 | FinBERT:finbert
2026-08-24 10:31:56,495 [INFO] __main__ —   → 5개
2026-08-24 10:31:56,496 [INFO] __main__ — ▶ Step 4: 발송
2026-08-24 10:32:00,151 [INFO] __main__ — DB 기록: 3개 / 전체 to_send 3개
2026-08-24 10:32:00,152 [INFO] __main__ — 발송: 3종목 | 누적 4~10회 0 | 신규 0
2026-08-24 10:32:00,152 [INFO] __main__ — 완료  |  소요: 695.5초
2026-08-24 10:32:01,380 [INFO] track_outcomes — pool_history 대조군 2866건 추적 대상 포함
2026-08-24 10:32:01,413 [INFO] track_outcomes — 고아 행 103건 복원 (targets에서 탈락한 미완 키)
2026-08-24 10:32:01,413 [INFO] track_outcomes — 대상 10344건 | 갱신 필요 6701건 | 완료 스킵 3746건
2026-08-24 10:32:01,414 [INFO] track_outcomes —   가격 조회 고유 종목 1640개 (기존 963 + 대조군 추가 677)
2026-08-24 11:03:09,291 [INFO] track_outcomes — outcomes 적재: 신규 136건 | 갱신(신규+보완) 1331건
