2026-08-10 21:56:03,820 [INFO] __main__ — config 검증 완료 ✓
2026-08-10 21:56:03,820 [INFO] __main__ — ============================================================
2026-08-10 21:56:03,821 [INFO] __main__ — AlphaRadar v3.3.1  |  기준일: 20260811
2026-08-10 21:56:03,821 [INFO] __main__ — S = T×0.3 + S_text×0.4 + D×0.3
2026-08-10 21:56:03,821 [INFO] __main__ — ============================================================
2026-08-10 21:56:03,821 [INFO] __main__ — ▶ Step 0: 유니버스 필터링
2026-08-10 21:56:03,951 [INFO] __main__ — FDR 데이터 수집: 20260205 ~ 20260811
2026-08-10 21:56:06,447 [INFO] __main__ — KOSPI: 943개 | 섹터정보 833개 (DART +833개 보완)
2026-08-10 21:56:06,448 [INFO] __main__ — KOSDAQ: 1819개 | 섹터정보 1819개
2026-08-10 21:56:06,448 [INFO] __main__ — 전체: 2762개
2026-08-10 21:56:08,535 [INFO] __main__ — KIS 토큰 발급 완료
2026-08-10 22:11:00,713 [INFO] __main__ — DART corp_code 매핑: 2179/2237개 (97%)
2026-08-10 22:11:00,713 [INFO] __main__ — 유효 유니버스: 2237개
2026-08-10 22:11:00,723 [INFO] __main__ —   → 2237개
2026-08-10 22:11:00,723 [INFO] __main__ — ▶ Step 1: 신호 탐지
2026-08-10 22:11:00,723 [INFO] __main__ — NaverClient: 3개 키 로드 (DataLab·검색 독립 회전)
2026-08-10 22:11:00,723 [INFO] __main__ — 관심 지수 및 부정 뉴스 비율 조회 중...
2026-08-10 22:11:02,464 [INFO] __main__ — 봇 주가요약 제외 [빛과전자]: 2건
2026-08-10 22:11:03,991 [INFO] __main__ — 봇 주가요약 제외 [대원전선]: 4건
2026-08-10 22:11:05,624 [INFO] __main__ — 봇 주가요약 제외 [레몬헬스케어]: 2건
2026-08-10 22:11:05,809 [INFO] __main__ — 봇 주가요약 제외 [KBI메탈]: 2건
2026-08-10 22:11:05,810 [INFO] __main__ — 봇 주가요약 제외 [광전자]: 2건
2026-08-10 22:11:10,964 [INFO] __main__ — 봇 주가요약 제외 [SK이터닉스]: 2건
2026-08-10 22:11:12,489 [INFO] __main__ — 봇 주가요약 제외 [코스모로보틱스]: 1건
2026-08-10 22:11:12,509 [INFO] __main__ — 봇 주가요약 제외 [코오롱티슈진]: 1건
2026-08-10 22:11:13,833 [INFO] __main__ — 봇 주가요약 제외 [마키나락스]: 2건
2026-08-10 22:11:15,217 [INFO] __main__ — 봇 주가요약 제외 [뉴엔AI]: 2건
2026-08-10 22:11:16,726 [INFO] __main__ — 봇 주가요약 제외 [폴라리스AI]: 3건
2026-08-10 22:11:20,039 [INFO] __main__ — 봇 주가요약 제외 [아주IB투자]: 1건
2026-08-10 22:11:20,247 [INFO] __main__ — 봇 주가요약 제외 [센서뷰]: 1건
2026-08-10 22:11:25,899 [INFO] __main__ — 봇 주가요약 제외 [후성]: 1건
2026-08-10 22:11:27,165 [INFO] __main__ — 봇 주가요약 제외 [일승]: 2건
2026-08-10 22:11:28,224 [INFO] __main__ — 봇 주가요약 제외 [대한전선]: 2건
2026-08-10 22:11:28,333 [INFO] __main__ — 봇 주가요약 제외 [휴림로봇]: 3건
2026-08-10 22:11:30,666 [INFO] __main__ — 봇 주가요약 제외 [삼성E&A]: 1건
2026-08-10 22:11:31,836 [INFO] __main__ — 봇 주가요약 제외 [셀바스AI]: 5건
2026-08-10 22:11:33,004 [INFO] __main__ — 봇 주가요약 제외 [기가레인]: 1건
2026-08-10 22:11:33,171 [INFO] __main__ — 봇 주가요약 제외 [HPSP]: 1건
2026-08-10 22:11:35,310 [INFO] __main__ — 봇 주가요약 제외 [현대무벡스]: 1건
2026-08-10 22:11:38,852 [INFO] __main__ — 봇 주가요약 제외 [지엔씨에너지]: 1건
2026-08-10 22:11:43,609 [INFO] __main__ — 뉴스 시점 제외 [화신정공]: 5건 (>14일/파싱실패)
2026-08-10 22:11:44,871 [INFO] __main__ — 봇 주가요약 제외 [금호전기]: 1건
2026-08-10 22:11:45,903 [INFO] __main__ — 봇 주가요약 제외 [두산퓨얼셀]: 1건
2026-08-10 22:11:45,948 [INFO] __main__ — 봇 주가요약 제외 [쏠리드]: 1건
2026-08-10 22:11:46,013 [INFO] __main__ — 뉴스 시점 제외 [넥스틸]: 2건 (>14일/파싱실패)
2026-08-10 22:11:46,013 [INFO] __main__ — 봇 주가요약 제외 [넥스틸]: 1건
2026-08-10 22:11:47,092 [INFO] __main__ — 봇 주가요약 제외 [오리엔트바이오]: 1건
2026-08-10 22:11:47,119 [INFO] __main__ — 뉴스 시점 제외 [하이드로리튬]: 6건 (>14일/파싱실패)
2026-08-10 22:11:50,609 [INFO] __main__ — 뉴스 시점 제외 [맥쿼리인프라]: 11건 (>14일/파싱실패)
2026-08-10 22:11:50,754 [INFO] __main__ — 봇 주가요약 제외 [하나마이크론]: 1건
2026-08-10 22:11:51,781 [INFO] __main__ — 봇 주가요약 제외 [고영]: 1건
2026-08-10 22:11:55,314 [INFO] __main__ — 봇 주가요약 제외 [LG씨엔에스]: 1건
2026-08-10 22:11:55,367 [INFO] __main__ — 봇 주가요약 제외 [미래에셋벤처투자]: 1건
2026-08-10 22:11:57,735 [INFO] __main__ — 뉴스 시점 제외 [삼익제약]: 1건 (>14일/파싱실패)
2026-08-10 22:11:58,914 [INFO] __main__ — 봇 주가요약 제외 [SK오션플랜트]: 3건
2026-08-10 22:12:01,275 [INFO] __main__ — 뉴스 시점 제외 [데이타솔루션]: 4건 (>14일/파싱실패)
2026-08-10 22:12:02,719 [INFO] __main__ — 봇 주가요약 제외 [오이솔루션]: 1건
2026-08-10 22:12:02,732 [INFO] __main__ — 봇 주가요약 제외 [현대힘스]: 1건
2026-08-10 22:12:02,772 [INFO] __main__ — 봇 주가요약 제외 [시노펙스]: 1건
2026-08-10 22:12:04,079 [INFO] __main__ — 봇 주가요약 제외 [대덕전자]: 1건
2026-08-10 22:12:05,257 [INFO] __main__ — 뉴스 시점 제외 [에스에이엠티]: 5건 (>14일/파싱실패)
2026-08-10 22:12:08,067 [INFO] __main__ — 봇 주가요약 제외 [선도전기]: 1건
2026-08-10 22:12:11,009 [INFO] __main__ — 뉴스 시점 제외 [로보로보]: 5건 (>14일/파싱실패)
2026-08-10 22:12:13,622 [INFO] __main__ — 봇 주가요약 제외 [보성파워텍]: 6건
2026-08-10 22:12:13,651 [INFO] __main__ — 봇 주가요약 제외 [한화엔진]: 2건
2026-08-10 22:12:14,439 [INFO] __main__ — 봇 주가요약 제외 [코칩]: 1건
2026-08-10 22:12:15,047 [INFO] __main__ — 뉴스 시점 제외 [강동씨앤엘]: 9건 (>14일/파싱실패)
2026-08-10 22:12:16,781 [INFO] __main__ — 봇 주가요약 제외 [에스피지]: 2건
2026-08-10 22:12:21,885 [INFO] __main__ — 봇 주가요약 제외 [클로봇]: 2건
2026-08-10 22:12:23,084 [INFO] __main__ — 뉴스 시점 제외 [KX하이텍]: 9건 (>14일/파싱실패)
2026-08-10 22:12:28,059 [INFO] __main__ — 봇 주가요약 제외 [브이엠]: 2건
2026-08-10 22:12:29,207 [INFO] __main__ — 뉴스 시점 제외 [HB테크놀러지]: 1건 (>14일/파싱실패)
2026-08-10 22:12:29,686 [INFO] __main__ — 뉴스 시점 제외 [앤로보틱스]: 6건 (>14일/파싱실패)
2026-08-10 22:12:31,591 [INFO] __main__ — 뉴스 시점 제외 [와이지-원]: 5건 (>14일/파싱실패)
2026-08-10 22:12:33,232 [INFO] __main__ — 봇 주가요약 제외 [RFHIC]: 1건
2026-08-10 22:12:33,970 [INFO] __main__ — 봇 주가요약 제외 [테크윙]: 1건
2026-08-10 22:12:35,603 [INFO] __main__ — 봇 주가요약 제외 [RF머트리얼즈]: 1건
2026-08-10 22:12:37,571 [INFO] __main__ — 뉴스 시점 제외 [삼화전자]: 6건 (>14일/파싱실패)
2026-08-10 22:12:39,110 [INFO] __main__ — 뉴스 시점 제외 [네오이뮨텍]: 8건 (>14일/파싱실패)
2026-08-10 22:12:41,207 [INFO] __main__ — 봇 주가요약 제외 [두산로보틱스]: 1건
2026-08-10 22:12:42,683 [INFO] __main__ — 뉴스 시점 제외 [LS머트리얼즈]: 5건 (>14일/파싱실패)
2026-08-10 22:12:43,880 [INFO] __main__ — 뉴스 시점 제외 [스모트로닉]: 8건 (>14일/파싱실패)
2026-08-10 22:12:45,973 [INFO] __main__ — 뉴스 시점 제외 [엘브이엠씨홀딩스]: 13건 (>14일/파싱실패)
2026-08-10 22:12:47,421 [INFO] __main__ — 뉴스 시점 제외 [서부T&D]: 9건 (>14일/파싱실패)
2026-08-10 22:12:48,362 [INFO] __main__ — 뉴스 시점 제외 [다이나믹솔루션]: 5건 (>14일/파싱실패)
2026-08-10 22:12:49,545 [INFO] __main__ — 봇 주가요약 제외 [크리스탈신소재]: 1건
2026-08-10 22:12:51,917 [INFO] __main__ — 뉴스 시점 제외 [HB솔루션]: 8건 (>14일/파싱실패)
2026-08-10 22:12:51,928 [INFO] __main__ — 뉴스 시점 제외 [한성크린텍]: 12건 (>14일/파싱실패)
2026-08-10 22:12:53,123 [INFO] __main__ — 봇 주가요약 제외 [현대제철]: 1건
2026-08-10 22:12:53,124 [INFO] __main__ — 봇 주가요약 제외 [티엘비]: 2건
2026-08-10 22:12:53,309 [INFO] __main__ — 뉴스 시점 제외 [한일사료]: 12건 (>14일/파싱실패)
2026-08-10 22:12:55,540 [INFO] __main__ — 뉴스 시점 제외 [비투엔]: 13건 (>14일/파싱실패)
2026-08-10 22:12:57,931 [INFO] __main__ — 봇 주가요약 제외 [와이씨]: 3건
2026-08-10 22:13:05,373 [INFO] __main__ — 봇 주가요약 제외 [테스]: 1건
2026-08-10 22:13:09,200 [INFO] __main__ — 봇 주가요약 제외 [동진쎄미켐]: 2건
2026-08-10 22:13:11,761 [INFO] __main__ — 봇 주가요약 제외 [태성]: 1건
2026-08-10 22:13:15,490 [INFO] __main__ — 뉴스 시점 제외 [일신석재]: 4건 (>14일/파싱실패)
2026-08-10 22:13:16,705 [INFO] __main__ — 봇 주가요약 제외 [코리아써키트]: 2건
2026-08-10 22:13:16,885 [INFO] __main__ — 봇 주가요약 제외 [코오롱생명과학]: 1건
2026-08-10 22:13:21,553 [INFO] __main__ — 봇 주가요약 제외 [루닛]: 2건
2026-08-10 22:13:22,191 [INFO] __main__ — 뉴스 시점 제외 [HDC현대EP]: 7건 (>14일/파싱실패)
2026-08-10 22:13:23,561 [INFO] __main__ — 뉴스 시점 제외 [THE E&M]: 12건 (>14일/파싱실패)
2026-08-10 22:13:23,590 [INFO] __main__ — 뉴스 시점 제외 [이구산업]: 6건 (>14일/파싱실패)
2026-08-10 22:13:27,122 [INFO] __main__ — 봇 주가요약 제외 [제일일렉트릭]: 1건
2026-08-10 22:13:28,466 [INFO] __main__ — 봇 주가요약 제외 [제룡산업]: 1건
2026-08-10 22:13:30,220 [INFO] __main__ — 뉴스 시점 제외 [우리기술투자]: 9건 (>14일/파싱실패)
2026-08-10 22:13:31,398 [INFO] __main__ — 뉴스 시점 제외 [에스와이스틸텍]: 11건 (>14일/파싱실패)
2026-08-10 22:13:31,569 [INFO] __main__ — 봇 주가요약 제외 [대명에너지]: 3건
2026-08-10 22:13:32,574 [INFO] __main__ — 뉴스 시점 제외 [삼성제약]: 1건 (>14일/파싱실패)
2026-08-10 22:13:36,347 [INFO] __main__ — 뉴스 시점 제외 [부국철강]: 5건 (>14일/파싱실패)
2026-08-10 22:13:47,388 [INFO] __main__ — 뉴스 시점 제외 [제이엠티]: 6건 (>14일/파싱실패)
2026-08-10 22:13:54,474 [INFO] __main__ — 봇 주가요약 제외 [로보스타]: 1건
2026-08-10 22:13:56,912 [INFO] __main__ — 뉴스 시점 제외 [KB스타리츠]: 14건 (>14일/파싱실패)
2026-08-10 22:14:04,077 [INFO] __main__ — 봇 주가요약 제외 [펩트론]: 2건
2026-08-10 22:14:04,087 [INFO] __main__ — 봇 주가요약 제외 [디아이]: 1건
2026-08-10 22:14:05,122 [INFO] __main__ — 뉴스 시점 제외 [성문전자]: 5건 (>14일/파싱실패)
2026-08-10 22:14:06,487 [INFO] __main__ — 봇 주가요약 제외 [비츠로넥스텍]: 1건
2026-08-10 22:14:08,702 [INFO] __main__ — 봇 주가요약 제외 [일진전기]: 3건
2026-08-10 22:14:08,877 [INFO] __main__ — 뉴스 시점 제외 [앱튼]: 11건 (>14일/파싱실패)
2026-08-10 22:14:11,757 [INFO] __main__ — 뉴스 시점 제외 [SV인베스트먼트]: 6건 (>14일/파싱실패)
2026-08-10 22:14:14,157 [INFO] __main__ — 뉴스 시점 제외 [키스트론]: 10건 (>14일/파싱실패)
2026-08-10 22:14:15,385 [INFO] __main__ — 뉴스 시점 제외 [대영포장]: 8건 (>14일/파싱실패)
2026-08-10 22:14:15,575 [INFO] __main__ — 뉴스 시점 제외 [퀀텀레일]: 2건 (>14일/파싱실패)
2026-08-10 22:14:22,371 [INFO] __main__ — 뉴스 시점 제외 [보해양조]: 7건 (>14일/파싱실패)
2026-08-10 22:14:23,703 [INFO] __main__ — 뉴스 시점 제외 [제닉스로보틱스]: 1건 (>14일/파싱실패)
2026-08-10 22:14:26,793 [INFO] __main__ — 뉴스 시점 제외 [로체시스템즈]: 11건 (>14일/파싱실패)
2026-08-10 22:14:29,077 [INFO] __main__ — 뉴스 시점 제외 [대주산업]: 12건 (>14일/파싱실패)
2026-08-10 22:14:29,601 [INFO] __main__ — 부정 키워드 감지: 36개 종목 (neg_ratio > 0)
2026-08-10 22:14:29,605 [INFO] __main__ — 수급일수충족·합계음수 제외: 115개
2026-08-10 22:14:32,327 [INFO] __main__ — 뉴스 시점 제외 [현대차2우B]: 9건 (>14일/파싱실패)
2026-08-10 22:14:36,436 [INFO] __main__ — 뉴스 시점 제외 [DN오토모티브]: 7건 (>14일/파싱실패)
2026-08-10 22:14:38,512 [INFO] __main__ — 뉴스 시점 제외 [두산우]: 10건 (>14일/파싱실패)
2026-08-10 22:14:41,837 [INFO] __main__ — 뉴스 시점 제외 [LG전자우]: 12건 (>14일/파싱실패)
2026-08-10 22:14:41,857 [INFO] __main__ — 뉴스 시점 제외 [삼성화재우]: 15건 (>14일/파싱실패)
2026-08-10 22:14:42,345 [INFO] __main__ — 봇 주가요약 제외 [STX엔진]: 1건
2026-08-10 22:14:47,146 [INFO] __main__ — 뉴스 시점 제외 [신한알파리츠]: 14건 (>14일/파싱실패)
2026-08-10 22:14:48,157 [INFO] __main__ — 뉴스 시점 제외 [맵스리얼티]: 15건 (>14일/파싱실패)
2026-08-10 22:14:49,057 [INFO] __main__ — 뉴스 시점 제외 [세아홀딩스]: 6건 (>14일/파싱실패)
2026-08-10 22:14:50,107 [INFO] __main__ — 뉴스 시점 제외 [대신증권우]: 15건 (>14일/파싱실패)
2026-08-10 22:14:50,754 [INFO] __main__ — 뉴스 시점 제외 [삼양홀딩스]: 5건 (>14일/파싱실패)
2026-08-10 22:14:51,395 [INFO] __main__ — 뉴스 시점 제외 [현대차3우B]: 14건 (>14일/파싱실패)
2026-08-10 22:14:51,660 [INFO] __main__ — 뉴스 시점 제외 [코람코더원리츠]: 9건 (>14일/파싱실패)
2026-08-10 22:14:52,690 [INFO] __main__ — 뉴스 시점 제외 [일진하이솔루스]: 8건 (>14일/파싱실패)
2026-08-10 22:14:53,006 [INFO] __main__ — 봇 주가요약 제외 [한전산업]: 2건
2026-08-10 22:14:54,955 [INFO] __main__ — 뉴스 시점 제외 [KPX홀딩스]: 13건 (>14일/파싱실패)
2026-08-10 22:14:57,231 [INFO] __main__ — 뉴스 시점 제외 [삼성SDI우]: 15건 (>14일/파싱실패)
2026-08-10 22:14:57,570 [INFO] __main__ — 뉴스 시점 제외 [일진홀딩스]: 9건 (>14일/파싱실패)
2026-08-10 22:14:58,223 [INFO] __main__ — 뉴스 시점 제외 [아세아제지]: 2건 (>14일/파싱실패)
2026-08-10 22:14:58,790 [INFO] __main__ — 뉴스 시점 제외 [삼성물산우B]: 15건 (>14일/파싱실패)
2026-08-10 22:14:59,186 [INFO] __main__ — 뉴스 시점 제외 [두산2우B]: 14건 (>14일/파싱실패)
2026-08-10 22:14:59,831 [INFO] __main__ — 뉴스 시점 제외 [송원산업]: 5건 (>14일/파싱실패)
2026-08-10 22:15:01,433 [INFO] __main__ — 뉴스 시점 제외 [삼영전자]: 10건 (>14일/파싱실패)
2026-08-10 22:15:02,071 [INFO] __main__ — 뉴스 시점 제외 [이지스밸류플러스리츠]: 12건 (>14일/파싱실패)
2026-08-10 22:15:04,014 [INFO] __main__ — 뉴스 시점 제외 [LG생활건강우]: 10건 (>14일/파싱실패)
2026-08-10 22:15:05,704 [INFO] __main__ — 뉴스 시점 제외 [천일고속]: 12건 (>14일/파싱실패)
2026-08-10 22:15:05,705 [INFO] __main__ — 봇 주가요약 제외 [천일고속]: 1건
2026-08-10 22:15:06,986 [INFO] __main__ — 뉴스 시점 제외 [LG우]: 14건 (>14일/파싱실패)
2026-08-10 22:15:07,839 [INFO] __main__ — 뉴스 시점 제외 [진양홀딩스]: 12건 (>14일/파싱실패)
2026-08-10 22:15:07,892 [INFO] __main__ — 뉴스 시점 제외 [동성케미컬]: 6건 (>14일/파싱실패)
2026-08-10 22:15:08,286 [INFO] __main__ — 뉴스 시점 제외 [SK우]: 15건 (>14일/파싱실패)
2026-08-10 22:15:08,927 [INFO] __main__ — 뉴스 시점 제외 [대신증권2우B]: 15건 (>14일/파싱실패)
2026-08-10 22:15:09,576 [INFO] __main__ — 뉴스 시점 제외 [미래에셋증권우]: 14건 (>14일/파싱실패)
2026-08-10 22:15:10,579 [INFO] __main__ — 뉴스 시점 제외 [해태제과식품]: 10건 (>14일/파싱실패)
2026-08-10 22:15:11,211 [INFO] __main__ — 뉴스 시점 제외 [SYTS]: 5건 (>14일/파싱실패)
2026-08-10 22:15:11,243 [INFO] __main__ — 뉴스 시점 제외 [유수홀딩스]: 13건 (>14일/파싱실패)
2026-08-10 22:15:11,897 [INFO] __main__ — 뉴스 시점 제외 [NH올원리츠]: 9건 (>14일/파싱실패)
2026-08-10 22:15:13,155 [INFO] __main__ — 뉴스 시점 제외 [아모레퍼시픽홀딩스3우C]: 13건 (>14일/파싱실패)
2026-08-10 22:15:13,209 [INFO] __main__ — 뉴스 시점 제외 [한국주철관]: 7건 (>14일/파싱실패)
2026-08-10 22:15:13,210 [INFO] __main__ — 뉴스 시점 제외 [한진중공업홀딩스]: 12건 (>14일/파싱실패)
2026-08-10 22:15:15,078 [INFO] __main__ — 뉴스 시점 제외 [태경산업]: 4건 (>14일/파싱실패)
2026-08-10 22:15:15,866 [INFO] __main__ — 뉴스 시점 제외 [일진다이아]: 10건 (>14일/파싱실패)
2026-08-10 22:15:16,383 [INFO] __main__ — 뉴스 시점 제외 [금강공업]: 8건 (>14일/파싱실패)
2026-08-10 22:15:17,183 [INFO] __main__ — 뉴스 시점 제외 [현대코퍼레이션홀딩스]: 11건 (>14일/파싱실패)
2026-08-10 22:15:17,184 [INFO] __main__ — 뉴스 시점 제외 [미원홀딩스]: 13건 (>14일/파싱실패)
2026-08-10 22:15:18,667 [INFO] __main__ — 뉴스 시점 제외 [태경비케이]: 10건 (>14일/파싱실패)
2026-08-10 22:15:18,669 [INFO] __main__ — 뉴스 시점 제외 [한국무브넥스]: 14건 (>14일/파싱실패)
2026-08-10 22:15:18,983 [INFO] __main__ — 뉴스 시점 제외 [티에이치엔]: 10건 (>14일/파싱실패)
2026-08-10 22:15:19,983 [INFO] __main__ — 뉴스 시점 제외 [아시아나IDT]: 11건 (>14일/파싱실패)
2026-08-10 22:15:19,993 [INFO] __main__ — 뉴스 시점 제외 [DL이앤씨2우(전환)]: 14건 (>14일/파싱실패)
2026-08-10 22:15:21,080 [INFO] __main__ — 뉴스 시점 제외 [영보화학]: 13건 (>14일/파싱실패)
2026-08-10 22:15:21,624 [INFO] __main__ — 뉴스 시점 제외 [황금에스티]: 5건 (>14일/파싱실패)
2026-08-10 22:15:21,733 [INFO] __main__ — 뉴스 시점 제외 [삼원강재]: 12건 (>14일/파싱실패)
2026-08-10 22:15:22,446 [INFO] __main__ — 뉴스 시점 제외 [NI스틸]: 12건 (>14일/파싱실패)
2026-08-10 22:15:22,459 [INFO] __main__ — 뉴스 시점 제외 [DKME]: 11건 (>14일/파싱실패)
2026-08-10 22:15:23,102 [INFO] __main__ — 뉴스 시점 제외 [크라운해태홀딩스]: 8건 (>14일/파싱실패)
2026-08-10 22:15:23,111 [INFO] __main__ — 뉴스 시점 제외 [DSR제강]: 11건 (>14일/파싱실패)
2026-08-10 22:15:23,384 [INFO] __main__ — 뉴스 시점 제외 [태양금속]: 6건 (>14일/파싱실패)
2026-08-10 22:15:23,774 [INFO] __main__ — 뉴스 시점 제외 [사조오양]: 8건 (>14일/파싱실패)
2026-08-10 22:15:24,190 [INFO] __main__ — 뉴스 시점 제외 [동인기연]: 15건 (>14일/파싱실패)
2026-08-10 22:15:24,440 [INFO] __main__ — 뉴스 시점 제외 [CS홀딩스]: 13건 (>14일/파싱실패)
2026-08-10 22:15:24,991 [INFO] __main__ — 뉴스 시점 제외 [주성코퍼레이션]: 6건 (>14일/파싱실패)
2026-08-10 22:15:25,242 [INFO] __main__ — 뉴스 시점 제외 [유한양행우]: 14건 (>14일/파싱실패)
2026-08-10 22:15:26,282 [INFO] __main__ — 뉴스 시점 제외 [화천기공]: 10건 (>14일/파싱실패)
2026-08-10 22:15:27,104 [INFO] __main__ — 뉴스 시점 제외 [한국내화]: 9건 (>14일/파싱실패)
2026-08-10 22:15:27,380 [INFO] __main__ — 뉴스 시점 제외 [동원모빌리티]: 5건 (>14일/파싱실패)
2026-08-10 22:15:28,400 [INFO] __main__ — 뉴스 시점 제외 [삼일씨엔에스]: 10건 (>14일/파싱실패)
2026-08-10 22:15:28,665 [INFO] __main__ — 뉴스 시점 제외 [써니전자]: 13건 (>14일/파싱실패)
2026-08-10 22:15:29,298 [INFO] __main__ — 뉴스 시점 제외 [보락]: 1건 (>14일/파싱실패)
2026-08-10 22:15:29,843 [INFO] __main__ — 뉴스 시점 제외 [호전실업]: 12건 (>14일/파싱실패)
2026-08-10 22:15:29,944 [INFO] __main__ — 뉴스 시점 제외 [남양유업우]: 13건 (>14일/파싱실패)
2026-08-10 22:15:29,958 [INFO] __main__ — 뉴스 시점 제외 [새론오토모티브]: 11건 (>14일/파싱실패)
2026-08-10 22:15:30,488 [INFO] __main__ — 뉴스 시점 제외 [기신정기]: 13건 (>14일/파싱실패)
2026-08-10 22:15:30,775 [INFO] __main__ — 뉴스 시점 제외 [삼화왕관]: 13건 (>14일/파싱실패)
2026-08-10 22:15:31,135 [INFO] __main__ — 뉴스 시점 제외 [현대건설우]: 13건 (>14일/파싱실패)
2026-08-10 22:15:31,435 [INFO] __main__ — 뉴스 시점 제외 [SJM]: 7건 (>14일/파싱실패)
2026-08-10 22:15:31,441 [INFO] __main__ — 뉴스 시점 제외 [롯데칠성우]: 14건 (>14일/파싱실패)
2026-08-10 22:15:32,097 [INFO] __main__ — 뉴스 시점 제외 [진양산업]: 12건 (>14일/파싱실패)
2026-08-10 22:15:32,787 [INFO] __main__ — 뉴스 시점 제외 [한화솔루션우]: 11건 (>14일/파싱실패)
2026-08-10 22:15:33,442 [INFO] __main__ — 뉴스 시점 제외 [조광페인트]: 6건 (>14일/파싱실패)
2026-08-10 22:15:34,123 [INFO] __main__ — 뉴스 시점 제외 [DL우]: 15건 (>14일/파싱실패)
2026-08-10 22:15:34,126 [INFO] __main__ — 뉴스 시점 제외 [한창제지]: 5건 (>14일/파싱실패)
2026-08-10 22:15:34,952 [INFO] __main__ — 뉴스 시점 제외 [디와이에이]: 11건 (>14일/파싱실패)
2026-08-10 22:15:35,454 [INFO] __main__ — 뉴스 시점 제외 [우진플라임]: 7건 (>14일/파싱실패)
2026-08-10 22:15:35,622 [INFO] __main__ — 뉴스 시점 제외 [화인베스틸]: 8건 (>14일/파싱실패)
2026-08-10 22:15:36,112 [INFO] __main__ — 뉴스 시점 제외 [씨티알모빌리티]: 2건 (>14일/파싱실패)
2026-08-10 22:15:37,246 [INFO] __main__ — 봇 주가요약 제외 [레인보우로보틱스]: 1건
2026-08-10 22:15:41,292 [INFO] __main__ — 봇 주가요약 제외 [신성델타테크]: 1건
2026-08-10 22:15:41,449 [INFO] __main__ — 봇 주가요약 제외 [유일로보틱스]: 1건
2026-08-10 22:15:41,771 [INFO] __main__ — 봇 주가요약 제외 [원익QnC]: 5건
2026-08-10 22:15:48,798 [INFO] __main__ — 봇 주가요약 제외 [켐트로닉스]: 1건
2026-08-10 22:15:50,856 [INFO] __main__ — 뉴스 시점 제외 [한국알콜]: 9건 (>14일/파싱실패)
2026-08-10 22:15:53,468 [INFO] __main__ — 뉴스 시점 제외 [세나테크놀로지]: 6건 (>14일/파싱실패)
2026-08-10 22:15:54,122 [INFO] __main__ — 뉴스 시점 제외 [바이오다인]: 7건 (>14일/파싱실패)
2026-08-10 22:15:54,789 [INFO] __main__ — 뉴스 시점 제외 [리파인]: 8건 (>14일/파싱실패)
2026-08-10 22:15:55,260 [INFO] __main__ — 뉴스 시점 제외 [대원산업]: 5건 (>14일/파싱실패)
2026-08-10 22:15:56,121 [INFO] __main__ — 뉴스 시점 제외 [아스테라시스]: 6건 (>14일/파싱실패)
2026-08-10 22:15:56,564 [INFO] __main__ — 뉴스 시점 제외 [서호전기]: 15건 (>14일/파싱실패)
2026-08-10 22:15:56,795 [INFO] __main__ — 뉴스 시점 제외 [도우인시스]: 6건 (>14일/파싱실패)
2026-08-10 22:15:57,451 [INFO] __main__ — 뉴스 시점 제외 [이지바이오]: 11건 (>14일/파싱실패)
2026-08-10 22:16:03,983 [INFO] __main__ — 뉴스 시점 제외 [유비쿼스홀딩스]: 12건 (>14일/파싱실패)
2026-08-10 22:16:05,947 [INFO] __main__ — 뉴스 시점 제외 [와이솔]: 7건 (>14일/파싱실패)
2026-08-10 22:16:08,241 [INFO] __main__ — 뉴스 시점 제외 [유성티엔에스]: 10건 (>14일/파싱실패)
2026-08-10 22:16:08,570 [INFO] __main__ — 뉴스 시점 제외 [네오오토]: 9건 (>14일/파싱실패)
2026-08-10 22:16:09,256 [INFO] __main__ — 뉴스 시점 제외 [인선이엔티]: 10건 (>14일/파싱실패)
2026-08-10 22:16:09,543 [INFO] __main__ — 뉴스 시점 제외 [삼보판지]: 15건 (>14일/파싱실패)
2026-08-10 22:16:10,244 [INFO] __main__ — 봇 주가요약 제외 [오로스테크놀로지]: 1건
2026-08-10 22:16:10,860 [INFO] __main__ — 뉴스 시점 제외 [동방메디컬]: 5건 (>14일/파싱실패)
2026-08-10 22:16:11,575 [INFO] __main__ — 뉴스 시점 제외 [지씨지놈]: 7건 (>14일/파싱실패)
2026-08-10 22:16:12,150 [INFO] __main__ — 뉴스 시점 제외 [모다이노칩]: 12건 (>14일/파싱실패)
2026-08-10 22:16:12,238 [INFO] __main__ — 뉴스 시점 제외 [신화프리텍]: 7건 (>14일/파싱실패)
2026-08-10 22:16:13,563 [INFO] __main__ — 뉴스 시점 제외 [성도이엔지]: 3건 (>14일/파싱실패)
2026-08-10 22:16:14,724 [INFO] __main__ — 뉴스 시점 제외 [유아이엘]: 12건 (>14일/파싱실패)
2026-08-10 22:16:15,557 [INFO] __main__ — 뉴스 시점 제외 [현대에버다임]: 3건 (>14일/파싱실패)
2026-08-10 22:16:16,043 [INFO] __main__ — 봇 주가요약 제외 [그리드위즈]: 4건
2026-08-10 22:16:16,899 [INFO] __main__ — 뉴스 시점 제외 [NICE인프라]: 8건 (>14일/파싱실패)
2026-08-10 22:16:18,226 [INFO] __main__ — 뉴스 시점 제외 [우리손에프앤지]: 13건 (>14일/파싱실패)
2026-08-10 22:16:18,891 [INFO] __main__ — 뉴스 시점 제외 [탑런토탈솔루션]: 8건 (>14일/파싱실패)
2026-08-10 22:16:19,287 [INFO] __main__ — 뉴스 시점 제외 [나인앤컴퍼니]: 12건 (>14일/파싱실패)
2026-08-10 22:16:20,225 [INFO] __main__ — 뉴스 시점 제외 [동아엘텍]: 9건 (>14일/파싱실패)
2026-08-10 22:16:22,210 [INFO] __main__ — 뉴스 시점 제외 [디와이피엔에프]: 12건 (>14일/파싱실패)
2026-08-10 22:16:23,035 [INFO] __main__ — 뉴스 시점 제외 [아미노로직스]: 11건 (>14일/파싱실패)
2026-08-10 22:16:23,038 [INFO] __main__ — 뉴스 시점 제외 [정상제이엘에스]: 7건 (>14일/파싱실패)
2026-08-10 22:16:23,885 [INFO] __main__ — 뉴스 시점 제외 [삼영엠텍]: 2건 (>14일/파싱실패)
2026-08-10 22:16:25,155 [INFO] __main__ — 뉴스 시점 제외 [일지테크]: 5건 (>14일/파싱실패)
2026-08-10 22:16:25,381 [INFO] __main__ — 뉴스 시점 제외 [동국S&C]: 8건 (>14일/파싱실패)
2026-08-10 22:16:26,021 [INFO] __main__ — 뉴스 시점 제외 [새빗켐]: 3건 (>14일/파싱실패)
2026-08-10 22:16:26,816 [INFO] __main__ — 뉴스 시점 제외 [이니텍]: 10건 (>14일/파싱실패)
2026-08-10 22:16:26,831 [INFO] __main__ — 뉴스 시점 제외 [지에프아이]: 7건 (>14일/파싱실패)
2026-08-10 22:16:27,644 [INFO] __main__ — 뉴스 시점 제외 [중앙백신]: 5건 (>14일/파싱실패)
2026-08-10 22:16:27,665 [INFO] __main__ — 뉴스 시점 제외 [대림제지]: 13건 (>14일/파싱실패)
2026-08-10 22:16:28,480 [INFO] __main__ — 봇 주가요약 제외 [우리넷]: 1건
2026-08-10 22:16:28,490 [INFO] __main__ — 뉴스 시점 제외 [삼아제약]: 6건 (>14일/파싱실패)
2026-08-10 22:16:30,128 [INFO] __main__ — 뉴스 시점 제외 [대한뉴팜]: 8건 (>14일/파싱실패)
2026-08-10 22:16:30,152 [INFO] __main__ — 뉴스 시점 제외 [에코플라스틱]: 8건 (>14일/파싱실패)
2026-08-10 22:16:31,634 [INFO] __main__ — 뉴스 시점 제외 [선바이오]: 11건 (>14일/파싱실패)
2026-08-10 22:16:32,296 [INFO] __main__ — 뉴스 시점 제외 [동국생명과학]: 12건 (>14일/파싱실패)
2026-08-10 22:16:32,954 [INFO] __main__ — 뉴스 시점 제외 [뉴프렉스]: 5건 (>14일/파싱실패)
2026-08-10 22:16:35,076 [INFO] __main__ — 뉴스 시점 제외 [시공테크]: 10건 (>14일/파싱실패)
2026-08-10 22:16:35,970 [INFO] __main__ — 뉴스 시점 제외 [아이디피]: 10건 (>14일/파싱실패)
2026-08-10 22:16:36,380 [INFO] __main__ — 뉴스 시점 제외 [엔브이에이치코리아]: 12건 (>14일/파싱실패)
2026-08-10 22:16:36,540 [INFO] __main__ — 뉴스 시점 제외 [로스웰]: 8건 (>14일/파싱실패)
2026-08-10 22:16:36,766 [INFO] __main__ — 뉴스 시점 제외 [라이온켐텍]: 11건 (>14일/파싱실패)
2026-08-10 22:16:37,666 [INFO] __main__ — 뉴스 시점 제외 [양지사]: 14건 (>14일/파싱실패)
2026-08-10 22:16:38,066 [INFO] __main__ — 뉴스 시점 제외 [한일단조]: 7건 (>14일/파싱실패)
2026-08-10 22:16:38,709 [INFO] __main__ — 뉴스 시점 제외 [이엠텍]: 9건 (>14일/파싱실패)
2026-08-10 22:16:39,306 [INFO] __main__ — 뉴스 시점 제외 [옵티팜]: 6건 (>14일/파싱실패)
2026-08-10 22:16:40,632 [INFO] __main__ — 뉴스 시점 제외 [팬젠]: 10건 (>14일/파싱실패)
2026-08-10 22:16:41,075 [INFO] __main__ — 뉴스 시점 제외 [스마트레이더시스템]: 7건 (>14일/파싱실패)
2026-08-10 22:16:41,367 [INFO] __main__ — 뉴스 시점 제외 [센코]: 5건 (>14일/파싱실패)
2026-08-10 22:16:41,368 [INFO] __main__ — 뉴스 시점 제외 [셀바이오휴먼텍]: 11건 (>14일/파싱실패)
2026-08-10 22:16:41,881 [INFO] __main__ — 뉴스 시점 제외 [푸드웰]: 13건 (>14일/파싱실패)
2026-08-10 22:16:43,373 [INFO] __main__ — 뉴스 시점 제외 [프로티아]: 13건 (>14일/파싱실패)
2026-08-10 22:16:44,645 [INFO] __main__ — 뉴스 시점 제외 [코츠테크놀로지]: 7건 (>14일/파싱실패)
2026-08-10 22:16:46,630 [INFO] __main__ — 뉴스 시점 제외 [에이에스텍]: 10건 (>14일/파싱실패)
2026-08-10 22:16:47,408 [INFO] __main__ — 뉴스 시점 제외 [남화산업]: 11건 (>14일/파싱실패)
2026-08-10 22:16:47,596 [INFO] __main__ — 뉴스 시점 제외 [엔젯]: 7건 (>14일/파싱실패)
2026-08-10 22:16:48,234 [INFO] __main__ — 뉴스 시점 제외 [이건홀딩스]: 9건 (>14일/파싱실패)
2026-08-10 22:16:48,237 [INFO] __main__ — 뉴스 시점 제외 [오리콤]: 10건 (>14일/파싱실패)
2026-08-10 22:16:49,092 [INFO] __main__ — 뉴스 시점 제외 [토탈소프트]: 10건 (>14일/파싱실패)
2026-08-10 22:16:49,749 [INFO] __main__ — 뉴스 시점 제외 [케이사인]: 7건 (>14일/파싱실패)
2026-08-10 22:16:50,366 [INFO] __main__ — 뉴스 시점 제외 [코렌텍]: 9건 (>14일/파싱실패)
2026-08-10 22:16:50,402 [INFO] __main__ — 뉴스 시점 제외 [수산아이앤티]: 7건 (>14일/파싱실패)
2026-08-10 22:16:51,014 [INFO] __main__ — 뉴스 시점 제외 [진양제약]: 6건 (>14일/파싱실패)
2026-08-10 22:16:51,068 [INFO] __main__ — 뉴스 시점 제외 [에스피시스템스]: 5건 (>14일/파싱실패)
2026-08-10 22:16:51,755 [INFO] __main__ — 뉴스 시점 제외 [동우팜투테이블]: 6건 (>14일/파싱실패)
2026-08-10 22:16:52,295 [INFO] __main__ — 뉴스 시점 제외 [에르코스]: 12건 (>14일/파싱실패)
2026-08-10 22:16:52,941 [INFO] __main__ — 뉴스 시점 제외 [푸른로보틱스]: 1건 (>14일/파싱실패)
2026-08-10 22:16:53,592 [INFO] __main__ — 뉴스 시점 제외 [구영테크]: 10건 (>14일/파싱실패)
2026-08-10 22:16:53,653 [INFO] __main__ — 뉴스 시점 제외 [엠투엔]: 9건 (>14일/파싱실패)
2026-08-10 22:16:53,691 [INFO] __main__ — 뉴스 시점 제외 [SG&G]: 10건 (>14일/파싱실패)
2026-08-10 22:16:54,236 [INFO] __main__ — 뉴스 시점 제외 [지에스이]: 10건 (>14일/파싱실패)
2026-08-10 22:16:54,314 [INFO] __main__ — 뉴스 시점 제외 [CJ 바이오사이언스]: 2건 (>14일/파싱실패)
2026-08-10 22:16:54,331 [INFO] __main__ — 뉴스 시점 제외 [세코닉스]: 5건 (>14일/파싱실패)
2026-08-10 22:16:54,977 [INFO] __main__ — 뉴스 시점 제외 [삼진식품]: 14건 (>14일/파싱실패)
2026-08-10 22:16:55,626 [INFO] __main__ — 뉴스 시점 제외 [경창산업]: 7건 (>14일/파싱실패)
2026-08-10 22:16:56,244 [INFO] __main__ — 뉴스 시점 제외 [제노레이]: 11건 (>14일/파싱실패)
2026-08-10 22:16:56,861 [INFO] __main__ — 뉴스 시점 제외 [SM Life Design]: 13건 (>14일/파싱실패)
2026-08-10 22:16:57,505 [INFO] __main__ — 뉴스 시점 제외 [동양파일]: 10건 (>14일/파싱실패)
2026-08-10 22:16:57,565 [INFO] __main__ — 뉴스 시점 제외 [제이피아이헬스케어]: 3건 (>14일/파싱실패)
2026-08-10 22:16:58,147 [INFO] __main__ — 뉴스 시점 제외 [아이엠비디엑스]: 9건 (>14일/파싱실패)
2026-08-10 22:16:58,171 [INFO] __main__ — 뉴스 시점 제외 [프로이천]: 9건 (>14일/파싱실패)
2026-08-10 22:16:58,207 [INFO] __main__ — 뉴스 시점 제외 [제일테크노스]: 10건 (>14일/파싱실패)
2026-08-10 22:16:58,817 [INFO] __main__ — 뉴스 시점 제외 [HC홈센타]: 13건 (>14일/파싱실패)
2026-08-10 22:16:59,459 [INFO] __main__ — 뉴스 시점 제외 [비아이매트릭스]: 11건 (>14일/파싱실패)
2026-08-10 22:17:00,080 [INFO] __main__ — 뉴스 시점 제외 [YW]: 15건 (>14일/파싱실패)
2026-08-10 22:17:00,106 [INFO] __main__ — 뉴스 시점 제외 [셀로맥스사이언스]: 6건 (>14일/파싱실패)
2026-08-10 22:17:00,750 [INFO] __main__ — 뉴스 시점 제외 [오비고]: 14건 (>14일/파싱실패)
2026-08-10 22:17:02,734 [INFO] __main__ — 뉴스 시점 제외 [한국팩키지]: 14건 (>14일/파싱실패)
2026-08-10 22:17:03,414 [INFO] __main__ — 뉴스 시점 제외 [디케이앤디]: 14건 (>14일/파싱실패)
2026-08-10 22:17:04,039 [INFO] __main__ — 뉴스 시점 제외 [서린바이오]: 7건 (>14일/파싱실패)
2026-08-10 22:17:04,679 [INFO] __main__ — 뉴스 시점 제외 [상신전자]: 8건 (>14일/파싱실패)
2026-08-10 22:17:04,748 [INFO] __main__ — 뉴스 시점 제외 [NHN벅스]: 9건 (>14일/파싱실패)
2026-08-10 22:17:05,316 [INFO] __main__ — 뉴스 시점 제외 [진바이오텍]: 13건 (>14일/파싱실패)
2026-08-10 22:17:05,414 [INFO] __main__ — 뉴스 시점 제외 [린드먼아시아]: 15건 (>14일/파싱실패)
2026-08-10 22:17:05,957 [INFO] __main__ — 뉴스 시점 제외 [원바이오젠]: 13건 (>14일/파싱실패)
2026-08-10 22:17:06,073 [INFO] __main__ — 뉴스 시점 제외 [이글벳]: 8건 (>14일/파싱실패)
2026-08-10 22:17:07,399 [INFO] __main__ — 뉴스 시점 제외 [쓰리에이로직스]: 11건 (>14일/파싱실패)
2026-08-10 22:17:07,885 [INFO] __main__ — 뉴스 시점 제외 [효성오앤비]: 10건 (>14일/파싱실패)
2026-08-10 22:17:08,023 [INFO] __main__ — 뉴스 시점 제외 [케일럼]: 13건 (>14일/파싱실패)
2026-08-10 22:17:08,530 [INFO] __main__ — 뉴스 시점 제외 [서연탑메탈]: 9건 (>14일/파싱실패)
2026-08-10 22:17:08,687 [INFO] __main__ — 뉴스 시점 제외 [보라티알]: 10건 (>14일/파싱실패)
2026-08-10 22:17:09,667 [INFO] __main__ — 뉴스 시점 제외 [DH오토리드]: 13건 (>14일/파싱실패)
2026-08-10 22:17:09,823 [INFO] __main__ — 뉴스 시점 제외 [마이크로디지탈]: 10건 (>14일/파싱실패)
2026-08-10 22:17:10,343 [INFO] __main__ — 뉴스 시점 제외 [이엠넷]: 12건 (>14일/파싱실패)
2026-08-10 22:17:10,346 [INFO] __main__ — 뉴스 시점 제외 [지슨]: 8건 (>14일/파싱실패)
2026-08-10 22:17:10,999 [INFO] __main__ — 뉴스 시점 제외 [아세아텍]: 6건 (>14일/파싱실패)
2026-08-10 22:17:11,651 [INFO] __main__ — 뉴스 시점 제외 [오디텍]: 7건 (>14일/파싱실패)
2026-08-10 22:17:11,757 [INFO] __main__ — 뉴스 시점 제외 [넥스턴앤롤코리아]: 11건 (>14일/파싱실패)
2026-08-10 22:17:12,399 [INFO] __main__ — 뉴스 시점 제외 [유니온바이오메트릭스]: 7건 (>14일/파싱실패)
2026-08-10 22:17:12,954 [INFO] __main__ — 뉴스 시점 제외 [에이치와이티씨]: 3건 (>14일/파싱실패)
2026-08-10 22:17:13,041 [INFO] __main__ — 뉴스 시점 제외 [한국큐빅]: 11건 (>14일/파싱실패)
2026-08-10 22:17:13,604 [INFO] __main__ — 뉴스 시점 제외 [메가엠디]: 8건 (>14일/파싱실패)
2026-08-10 22:17:13,611 [INFO] __main__ — 뉴스 시점 제외 [다산디엠씨]: 12건 (>14일/파싱실패)
2026-08-10 22:17:13,690 [INFO] __main__ — 뉴스 시점 제외 [비비씨]: 8건 (>14일/파싱실패)
2026-08-10 22:17:14,268 [INFO] __main__ — 뉴스 시점 제외 [인스피언]: 8건 (>14일/파싱실패)
2026-08-10 22:17:14,942 [INFO] __main__ — 뉴스 시점 제외 [포인트모바일]: 2건 (>14일/파싱실패)
2026-08-10 22:17:14,975 [INFO] __main__ — 뉴스 시점 제외 [베노티앤알]: 5건 (>14일/파싱실패)
2026-08-10 22:17:16,233 [INFO] __main__ — 뉴스 시점 제외 [제이엔비]: 12건 (>14일/파싱실패)
2026-08-10 22:17:16,901 [INFO] __main__ — 뉴스 시점 제외 [아이퀘스트]: 12건 (>14일/파싱실패)
2026-08-10 22:17:16,927 [INFO] __main__ — 뉴스 시점 제외 [에스에이티]: 13건 (>14일/파싱실패)
2026-08-10 22:17:17,585 [INFO] __main__ — 뉴스 시점 제외 [에스프리즘]: 12건 (>14일/파싱실패)
2026-08-10 22:17:17,686 [INFO] __main__ — POOL_A 후보 부정뉴스 2차 조회: 748개
2026-08-10 22:17:17,690 [INFO] __main__ — POOL_A: 990개 (A:974 B:6 동시:10) | 부정게이트 제외:10
  대형:50 중형:168 소형:772
2026-08-10 22:17:17,695 [INFO] __main__ —   → POOL_A: 990개
2026-08-10 22:17:17,695 [INFO] __main__ — ▶ Step 2: 하드 필터링
2026-08-10 22:17:17,697 [INFO] __main__ — 하드 필터 제거: 988개 | 과열배제 162 | 이격도상한 34 | 이격도하한 23 | MA추세 717 | RSI과열 6 | 거래대금 46
2026-08-10 22:17:17,699 [INFO] __main__ — 과열 gated 기록: 162개 → gated_tickers
2026-08-10 22:17:17,699 [INFO] __main__ — POOL_B: 2개 | 대형:0 중형:1 소형:1
2026-08-10 22:17:17,699 [INFO] __main__ —   → POOL_B: 2개
2026-08-10 22:17:17,699 [INFO] __main__ — ▶ Step 3: 스코어링 (FinBERT 감성 분석)
2026-08-10 22:17:17,699 [INFO] __main__ — NaverClient: 3개 키 로드 (DataLab·검색 독립 회전)
2026-08-10 22:17:17,699 [INFO] __main__ — 텍스트 신규 수집: 2종목 (캐시 적중 0종목)
2026-08-10 22:17:18,270 [INFO] __main__ — 봇 주가요약 제외 [금호타이어]: 1건
2026-08-10 22:17:22,182 [INFO] __main__ — 기사 보존(수집): 10건 (2종목) → news_articles
2026-08-10 22:17:22,183 [INFO] __main__ — 공시 보존(수집): 6건 (2종목) → dart_filings
2026-08-10 22:17:22,183 [INFO] __main__ — 수집 완료: 뉴스 10건 | 공시 6건
2026-08-10 22:17:22,183 [INFO] __main__ — FinBERT 감성 분석 (finbert 모드)...
2026-08-10 22:17:22,184 [INFO] __main__ — FinBERT 로딩: snunlp/KR-FinBert-SC (CPU, batch=8)
2026-08-10 22:17:22,307 [INFO] httpx — HTTP Request: GET https://huggingface.co/api/agent-harnesses "HTTP/1.1 200 OK"
2026-08-10 22:17:22,352 [INFO] httpx — HTTP Request: HEAD https://huggingface.co/snunlp/KR-FinBert-SC/resolve/main/config.json "HTTP/1.1 307 Temporary Redirect"
2026-08-10 22:17:22,352 [WARNING] huggingface_hub.utils._http — Warning: You are sending unauthenticated requests to the HF Hub. Please set a HF_TOKEN to enable higher rate limits and faster downloads.
2026-08-10 22:17:22,366 [INFO] httpx — HTTP Request: HEAD https://huggingface.co/api/resolve-cache/models/snunlp/KR-FinBert-SC/f8586286cc3161fb648e9fee09a456069fd846d0/config.json "HTTP/1.1 200 OK"
2026-08-10 22:17:22,436 [INFO] httpx — HTTP Request: HEAD https://huggingface.co/snunlp/KR-FinBert-SC/resolve/main/model.safetensors "HTTP/1.1 404 Not Found"
2026-08-10 22:17:22,486 [INFO] httpx — HTTP Request: GET https://huggingface.co/api/models/snunlp/KR-FinBert-SC "HTTP/1.1 200 OK"
2026-08-10 22:17:22,545 [INFO] httpx — HTTP Request: GET https://huggingface.co/api/models/snunlp/KR-FinBert-SC/commits/main "HTTP/1.1 200 OK"
2026-08-10 22:17:22,608 [INFO] httpx — HTTP Request: GET https://huggingface.co/api/models/snunlp/KR-FinBert-SC/discussions?p=0 "HTTP/1.1 200 OK"
2026-08-10 22:17:22,634 [INFO] httpx — HTTP Request: GET https://huggingface.co/api/models/snunlp/KR-FinBert-SC/tree/main/additional_chat_templates?recursive=false&expand=false "HTTP/1.1 404 Not Found"
2026-08-10 22:17:22,672 [INFO] httpx — HTTP Request: GET https://huggingface.co/api/models/snunlp/KR-FinBert-SC/commits/refs%2Fpr%2F3 "HTTP/1.1 200 OK"
2026-08-10 22:17:22,692 [INFO] httpx — HTTP Request: GET https://huggingface.co/api/models/snunlp/KR-FinBert-SC/tree/main?recursive=true&expand=false "HTTP/1.1 200 OK"
2026-08-10 22:17:22,718 [INFO] httpx — HTTP Request: HEAD https://huggingface.co/snunlp/KR-FinBert-SC/resolve/refs%2Fpr%2F3/model.safetensors.index.json "HTTP/1.1 404 Not Found"
2026-08-10 22:17:22,764 [INFO] httpx — HTTP Request: HEAD https://huggingface.co/snunlp/KR-FinBert-SC/resolve/main/processor_config.json "HTTP/1.1 404 Not Found"
2026-08-10 22:17:22,767 [INFO] httpx — HTTP Request: HEAD https://huggingface.co/snunlp/KR-FinBert-SC/resolve/refs%2Fpr%2F3/model.safetensors "HTTP/1.1 302 Found"
2026-08-10 22:17:22,813 [INFO] httpx — HTTP Request: HEAD https://huggingface.co/snunlp/KR-FinBert-SC/resolve/main/video_preprocessor_config.json "HTTP/1.1 404 Not Found"
2026-08-10 22:17:22,864 [INFO] httpx — HTTP Request: HEAD https://huggingface.co/snunlp/KR-FinBert-SC/resolve/main/preprocessor_config.json "HTTP/1.1 404 Not Found"
2026-08-10 22:17:22,865 [INFO] __main__ — FinBERT 로드 완료 (CPU)
2026-08-10 22:17:23,579 [INFO] __main__ — Phase A.1: 매핑 신뢰도 < 0.5 → 감성 점수 폐기 1건
2026-08-10 22:17:23,579 [INFO] __main__ — 스코어링: 2개 | 집중:0 | FinBERT:finbert
2026-08-10 22:17:23,589 [INFO] __main__ —   → 2개
2026-08-10 22:17:23,589 [INFO] __main__ — ▶ Step 4: 발송
2026-08-10 22:17:25,772 [INFO] __main__ — DB 기록: 0개 / 전체 to_send 0개
2026-08-10 22:17:25,773 [INFO] __main__ — 발송: 집중 0 / 주시 0
2026-08-10 22:17:25,773 [INFO] __main__ — 완료  |  소요: 1282.0초
2026-08-11 10:28:39,500 [INFO] __main__ — config 검증 완료 ✓
2026-08-11 10:28:39,500 [INFO] __main__ — ============================================================
2026-08-11 10:28:39,501 [INFO] __main__ — AlphaRadar v3.3.1  |  기준일: 20260811
2026-08-11 10:28:39,501 [INFO] __main__ — S = T×0.3 + S_text×0.4 + D×0.3
2026-08-11 10:28:39,501 [INFO] __main__ — ============================================================
2026-08-11 10:28:39,501 [INFO] __main__ — ▶ Step 0: 유니버스 필터링
2026-08-11 10:28:39,659 [INFO] __main__ — FDR 데이터 수집: 20260205 ~ 20260811
2026-08-11 10:28:41,033 [INFO] __main__ — KOSPI: 942개 | 섹터정보 832개 (DART +832개 보완)
2026-08-11 10:28:41,034 [INFO] __main__ — KOSDAQ: 1819개 | 섹터정보 1819개
2026-08-11 10:28:41,034 [INFO] __main__ — 전체: 2761개
2026-08-11 10:28:43,494 [INFO] __main__ — KIS 토큰 발급 완료
2026-08-11 10:44:41,252 [INFO] __main__ — DART corp_code 매핑: 2194/2252개 (97%)
2026-08-11 10:44:41,252 [INFO] __main__ — 유효 유니버스: 2252개
2026-08-11 10:44:41,263 [INFO] __main__ —   → 2252개
2026-08-11 10:44:41,263 [INFO] __main__ — ▶ Step 1: 신호 탐지
2026-08-11 10:44:41,263 [INFO] __main__ — NaverClient: 3개 키 로드 (DataLab·검색 독립 회전)
2026-08-11 10:44:41,263 [INFO] __main__ — 관심 지수 및 부정 뉴스 비율 조회 중...
2026-08-11 10:44:43,262 [INFO] __main__ — 봇 주가요약 제외 [빛과전자]: 3건
2026-08-11 10:44:45,008 [INFO] __main__ — 봇 주가요약 제외 [광전자]: 2건
2026-08-11 10:44:46,841 [INFO] __main__ — 봇 주가요약 제외 [KBI메탈]: 2건
2026-08-11 10:44:46,862 [INFO] __main__ — 봇 주가요약 제외 [레몬헬스케어]: 2건
2026-08-11 10:44:50,528 [INFO] __main__ — 봇 주가요약 제외 [이랜시스]: 1건
2026-08-11 10:44:52,301 [INFO] __main__ — 봇 주가요약 제외 [상상인증권]: 1건
2026-08-11 10:44:55,785 [INFO] __main__ — 봇 주가요약 제외 [신스틸]: 1건
2026-08-11 10:44:55,795 [INFO] __main__ — 봇 주가요약 제외 [코스모로보틱스]: 3건
2026-08-11 10:44:57,435 [INFO] __main__ — 봇 주가요약 제외 [코오롱티슈진]: 2건
2026-08-11 10:44:57,467 [INFO] __main__ — 봇 주가요약 제외 [뉴엔AI]: 2건
2026-08-11 10:44:59,459 [INFO] __main__ — 봇 주가요약 제외 [혜인]: 1건
2026-08-11 10:45:00,696 [INFO] __main__ — 봇 주가요약 제외 [마키나락스]: 2건
2026-08-11 10:45:00,813 [INFO] __main__ — 봇 주가요약 제외 [폴라리스AI]: 3건
2026-08-11 10:45:04,263 [INFO] __main__ — 봇 주가요약 제외 [센서뷰]: 1건
2026-08-11 10:45:05,820 [INFO] __main__ — 봇 주가요약 제외 [아주IB투자]: 1건
2026-08-11 10:45:06,257 [INFO] __main__ — 봇 주가요약 제외 [성호전자]: 2건
2026-08-11 10:45:07,606 [INFO] __main__ — 봇 주가요약 제외 [아진엑스텍]: 1건
2026-08-11 10:45:09,943 [INFO] __main__ — 봇 주가요약 제외 [디앤디파마텍]: 2건
2026-08-11 10:45:10,312 [INFO] __main__ — 봇 주가요약 제외 [져스텍]: 1건
2026-08-11 10:45:15,350 [INFO] __main__ — 봇 주가요약 제외 [후성]: 1건
2026-08-11 10:45:16,536 [INFO] __main__ — 봇 주가요약 제외 [SFA반도체]: 2건
2026-08-11 10:45:18,611 [INFO] __main__ — 봇 주가요약 제외 [대한전선]: 4건
2026-08-11 10:45:19,245 [INFO] __main__ — 봇 주가요약 제외 [휴림로봇]: 3건
2026-08-11 10:45:23,711 [INFO] __main__ — 봇 주가요약 제외 [HPSP]: 1건
2026-08-11 10:45:24,656 [INFO] __main__ — 봇 주가요약 제외 [삼성E&A]: 2건
2026-08-11 10:45:30,196 [INFO] __main__ — 봇 주가요약 제외 [현대무벡스]: 2건
2026-08-11 10:45:31,533 [INFO] __main__ — 봇 주가요약 제외 [일승]: 2건
2026-08-11 10:45:31,955 [INFO] __main__ — 봇 주가요약 제외 [비에이치]: 1건
2026-08-11 10:45:33,859 [INFO] __main__ — 봇 주가요약 제외 [두산퓨얼셀]: 3건
2026-08-11 10:45:34,484 [INFO] __main__ — 봇 주가요약 제외 [셀바스AI]: 5건
2026-08-11 10:45:34,830 [INFO] __main__ — 봇 주가요약 제외 [기가레인]: 1건
2026-08-11 10:45:35,200 [INFO] __main__ — 뉴스 시점 제외 [넥스틸]: 2건 (>14일/파싱실패)
2026-08-11 10:45:35,200 [INFO] __main__ — 봇 주가요약 제외 [넥스틸]: 1건
2026-08-11 10:45:36,029 [INFO] __main__ — 뉴스 시점 제외 [화신정공]: 5건 (>14일/파싱실패)
2026-08-11 10:45:42,640 [INFO] __main__ — 뉴스 시점 제외 [하이드로리튬]: 6건 (>14일/파싱실패)
2026-08-11 10:45:43,619 [INFO] __main__ — 봇 주가요약 제외 [오리엔트바이오]: 1건
2026-08-11 10:45:44,969 [INFO] __main__ — 봇 주가요약 제외 [하나마이크론]: 1건
2026-08-11 10:45:46,648 [INFO] __main__ — 봇 주가요약 제외 [미래에셋벤처투자]: 1건
2026-08-11 10:45:48,122 [INFO] __main__ — 봇 주가요약 제외 [쏠리드]: 1건
2026-08-11 10:45:53,576 [INFO] __main__ — 뉴스 시점 제외 [한성크린텍]: 10건 (>14일/파싱실패)
2026-08-11 10:45:58,316 [INFO] __main__ — 봇 주가요약 제외 [고영]: 1건
2026-08-11 10:45:59,066 [INFO] __main__ — 뉴스 시점 제외 [맥쿼리인프라]: 10건 (>14일/파싱실패)
2026-08-11 10:46:00,518 [INFO] __main__ — 봇 주가요약 제외 [LG씨엔에스]: 3건
2026-08-11 10:46:01,245 [INFO] __main__ — 봇 주가요약 제외 [오이솔루션]: 2건
2026-08-11 10:46:01,875 [INFO] __main__ — 봇 주가요약 제외 [지엔씨에너지]: 1건
2026-08-11 10:46:04,014 [INFO] __main__ — 뉴스 시점 제외 [키스트론]: 10건 (>14일/파싱실패)
2026-08-11 10:46:04,541 [INFO] __main__ — 봇 주가요약 제외 [클로봇]: 3건
2026-08-11 10:46:05,378 [INFO] __main__ — 뉴스 시점 제외 [에스에이엠티]: 6건 (>14일/파싱실패)
2026-08-11 10:46:05,902 [INFO] __main__ — 봇 주가요약 제외 [현대힘스]: 1건
2026-08-11 10:46:07,262 [INFO] __main__ — 봇 주가요약 제외 [선도전기]: 1건
2026-08-11 10:46:07,275 [INFO] __main__ — 뉴스 시점 제외 [로보로보]: 5건 (>14일/파싱실패)
2026-08-11 10:46:08,632 [INFO] __main__ — 봇 주가요약 제외 [에스피지]: 2건
2026-08-11 10:46:09,505 [INFO] __main__ — 뉴스 시점 제외 [피제이메탈]: 9건 (>14일/파싱실패)
2026-08-11 10:46:13,566 [INFO] __main__ — 뉴스 시점 제외 [KX하이텍]: 8건 (>14일/파싱실패)
2026-08-11 10:46:14,047 [INFO] __main__ — 봇 주가요약 제외 [대덕전자]: 1건
2026-08-11 10:46:16,260 [INFO] __main__ — 봇 주가요약 제외 [SK오션플랜트]: 3건
2026-08-11 10:46:18,962 [INFO] __main__ — 봇 주가요약 제외 [서진시스템]: 1건
2026-08-11 10:46:23,565 [INFO] __main__ — 봇 주가요약 제외 [마녀공장]: 1건
2026-08-11 10:46:24,803 [INFO] __main__ — 봇 주가요약 제외 [삼화콘덴서]: 2건
2026-08-11 10:46:26,133 [INFO] __main__ — 봇 주가요약 제외 [브이엠]: 1건
2026-08-11 10:46:27,076 [INFO] __main__ — 뉴스 시점 제외 [삼화전자]: 8건 (>14일/파싱실패)
2026-08-11 10:46:28,813 [INFO] __main__ — 봇 주가요약 제외 [한화엔진]: 3건
2026-08-11 10:46:28,917 [INFO] __main__ — 봇 주가요약 제외 [RFHIC]: 1건
2026-08-11 10:46:30,211 [INFO] __main__ — 봇 주가요약 제외 [보성파워텍]: 6건
2026-08-11 10:46:31,937 [INFO] __main__ — 뉴스 시점 제외 [HB테크놀러지]: 1건 (>14일/파싱실패)
2026-08-11 10:46:35,348 [INFO] __main__ — 봇 주가요약 제외 [엘앤에프]: 2건
2026-08-11 10:46:36,520 [INFO] __main__ — 뉴스 시점 제외 [보해양조]: 6건 (>14일/파싱실패)
2026-08-11 10:46:39,426 [INFO] __main__ — 뉴스 시점 제외 [네오이뮨텍]: 7건 (>14일/파싱실패)
2026-08-11 10:46:39,459 [INFO] __main__ — 뉴스 시점 제외 [서부T&D]: 9건 (>14일/파싱실패)
2026-08-11 10:46:41,229 [INFO] __main__ — 뉴스 시점 제외 [와이지-원]: 5건 (>14일/파싱실패)
2026-08-11 10:46:41,486 [INFO] __main__ — 뉴스 시점 제외 [한일사료]: 11건 (>14일/파싱실패)
2026-08-11 10:46:44,230 [INFO] __main__ — 봇 주가요약 제외 [테크윙]: 2건
2026-08-11 10:46:44,238 [INFO] __main__ — 뉴스 시점 제외 [앤로보틱스]: 7건 (>14일/파싱실패)
2026-08-11 10:46:47,731 [INFO] __main__ — 봇 주가요약 제외 [티엘비]: 2건
2026-08-11 10:46:47,757 [INFO] __main__ — 뉴스 시점 제외 [LS머트리얼즈]: 5건 (>14일/파싱실패)
2026-08-11 10:46:49,149 [INFO] __main__ — 봇 주가요약 제외 [OCI홀딩스]: 1건
2026-08-11 10:46:50,690 [INFO] __main__ — 봇 주가요약 제외 [LS ELECTRIC]: 2건
2026-08-11 10:46:53,392 [INFO] __main__ — 봇 주가요약 제외 [이수페타시스]: 2건
2026-08-11 10:46:54,766 [INFO] __main__ — 뉴스 시점 제외 [제이엔케이글로벌]: 7건 (>14일/파싱실패)
2026-08-11 10:46:55,188 [INFO] __main__ — 봇 주가요약 제외 [와이씨]: 4건
2026-08-11 10:46:57,906 [INFO] __main__ — 뉴스 시점 제외 [엘브이엠씨홀딩스]: 13건 (>14일/파싱실패)
2026-08-11 10:47:00,157 [INFO] __main__ — 봇 주가요약 제외 [동화기업]: 1건
2026-08-11 10:47:01,550 [INFO] __main__ — 뉴스 시점 제외 [일신석재]: 3건 (>14일/파싱실패)
2026-08-11 10:47:13,405 [INFO] __main__ — 뉴스 시점 제외 [비투엔]: 13건 (>14일/파싱실패)
2026-08-11 10:47:14,769 [INFO] __main__ — 뉴스 시점 제외 [HB솔루션]: 6건 (>14일/파싱실패)
2026-08-11 10:47:15,418 [INFO] __main__ — 뉴스 시점 제외 [부국철강]: 5건 (>14일/파싱실패)
2026-08-11 10:47:18,103 [INFO] __main__ — 봇 주가요약 제외 [동진쎄미켐]: 3건
2026-08-11 10:47:18,795 [INFO] __main__ — 봇 주가요약 제외 [대명에너지]: 2건
2026-08-11 10:47:22,133 [INFO] __main__ — 봇 주가요약 제외 [에이피알]: 1건
2026-08-11 10:47:26,160 [INFO] __main__ — 뉴스 시점 제외 [THE E&M]: 13건 (>14일/파싱실패)
2026-08-11 10:47:26,444 [INFO] __main__ — 봇 주가요약 제외 [비에이치아이]: 1건
2026-08-11 10:47:26,868 [INFO] __main__ — 봇 주가요약 제외 [코리아써키트]: 2건
2026-08-11 10:47:29,584 [INFO] __main__ — 봇 주가요약 제외 [피에스케이]: 1건
2026-08-11 10:47:35,679 [INFO] __main__ — 뉴스 시점 제외 [감성코퍼레이션]: 10건 (>14일/파싱실패)
2026-08-11 10:47:38,909 [INFO] __main__ — 봇 주가요약 제외 [제일일렉트릭]: 1건
2026-08-11 10:47:38,926 [INFO] __main__ — 뉴스 시점 제외 [에스와이스틸텍]: 10건 (>14일/파싱실패)
2026-08-11 10:47:39,534 [INFO] __main__ — 봇 주가요약 제외 [비츠로넥스텍]: 1건
2026-08-11 10:47:40,300 [INFO] __main__ — 뉴스 시점 제외 [이구산업]: 6건 (>14일/파싱실패)
2026-08-11 10:47:41,731 [INFO] __main__ — 봇 주가요약 제외 [제룡산업]: 1건
2026-08-11 10:47:41,770 [INFO] __main__ — 뉴스 시점 제외 [우리기술투자]: 7건 (>14일/파싱실패)
2026-08-11 10:47:49,398 [INFO] __main__ — 봇 주가요약 제외 [삼성에스디에스]: 1건
2026-08-11 10:47:50,148 [INFO] __main__ — 봇 주가요약 제외 [현대로템]: 1건
2026-08-11 10:47:53,650 [INFO] __main__ — 뉴스 시점 제외 [코데즈컴바인]: 3건 (>14일/파싱실패)
2026-08-11 10:47:59,245 [INFO] __main__ — 뉴스 시점 제외 [퀀텀레일]: 2건 (>14일/파싱실패)
2026-08-11 10:48:01,942 [INFO] __main__ — 봇 주가요약 제외 [산일전기]: 1건
2026-08-11 10:48:02,161 [INFO] __main__ — 봇 주가요약 제외 [로보스타]: 1건
2026-08-11 10:48:03,325 [INFO] __main__ — 뉴스 시점 제외 [KB스타리츠]: 14건 (>14일/파싱실패)
2026-08-11 10:48:03,520 [INFO] __main__ — 뉴스 시점 제외 [삼성제약]: 1건 (>14일/파싱실패)
2026-08-11 10:48:04,846 [INFO] __main__ — 봇 주가요약 제외 [파마리서치]: 1건
2026-08-11 10:48:06,586 [INFO] __main__ — 뉴스 시점 제외 [로체시스템즈]: 11건 (>14일/파싱실패)
2026-08-11 10:48:07,957 [INFO] __main__ — 뉴스 시점 제외 [성문전자]: 5건 (>14일/파싱실패)
2026-08-11 10:48:14,659 [INFO] __main__ — 뉴스 시점 제외 [네오셈]: 2건 (>14일/파싱실패)
2026-08-11 10:48:30,118 [INFO] __main__ — 뉴스 시점 제외 [제이엠티]: 6건 (>14일/파싱실패)
2026-08-11 10:48:30,126 [INFO] __main__ — 뉴스 시점 제외 [HDC현대EP]: 9건 (>14일/파싱실패)
2026-08-11 10:48:32,484 [INFO] __main__ — 뉴스 시점 제외 [대주산업]: 12건 (>14일/파싱실패)
2026-08-11 10:48:41,492 [INFO] __main__ — 뉴스 시점 제외 [제닉스로보틱스]: 2건 (>14일/파싱실패)
2026-08-11 10:48:43,749 [INFO] __main__ — 부정 키워드 감지: 24개 종목 (neg_ratio > 0)
2026-08-11 10:48:43,752 [INFO] __main__ — 수급일수충족·합계음수 제외: 117개
2026-08-11 10:48:50,187 [INFO] __main__ — 뉴스 시점 제외 [DN오토모티브]: 5건 (>14일/파싱실패)
2026-08-11 10:48:57,356 [INFO] __main__ — 뉴스 시점 제외 [삼성화재우]: 15건 (>14일/파싱실패)
2026-08-11 10:49:02,909 [INFO] __main__ — 뉴스 시점 제외 [한국단자]: 9건 (>14일/파싱실패)
2026-08-11 10:49:03,985 [INFO] __main__ — 뉴스 시점 제외 [신한알파리츠]: 14건 (>14일/파싱실패)
2026-08-11 10:49:04,377 [INFO] __main__ — 뉴스 시점 제외 [미원에스씨]: 2건 (>14일/파싱실패)
2026-08-11 10:49:05,131 [INFO] __main__ — 뉴스 시점 제외 [맵스리얼티]: 15건 (>14일/파싱실패)
2026-08-11 10:49:05,870 [INFO] __main__ — 뉴스 시점 제외 [삼성FN리츠]: 13건 (>14일/파싱실패)
2026-08-11 10:49:06,368 [INFO] __main__ — 뉴스 시점 제외 [대신증권우]: 15건 (>14일/파싱실패)
2026-08-11 10:49:07,837 [INFO] __main__ — 뉴스 시점 제외 [현대차3우B]: 12건 (>14일/파싱실패)
2026-08-11 10:49:08,257 [INFO] __main__ — 뉴스 시점 제외 [코람코더원리츠]: 9건 (>14일/파싱실패)
2026-08-11 10:49:09,002 [INFO] __main__ — 뉴스 시점 제외 [농심홀딩스]: 11건 (>14일/파싱실패)
2026-08-11 10:49:10,464 [INFO] __main__ — 뉴스 시점 제외 [일진하이솔루스]: 8건 (>14일/파싱실패)
2026-08-11 10:49:11,379 [INFO] __main__ — 뉴스 시점 제외 [KPX홀딩스]: 13건 (>14일/파싱실패)
2026-08-11 10:49:11,679 [INFO] __main__ — 뉴스 시점 제외 [KISCO홀딩스]: 2건 (>14일/파싱실패)
2026-08-11 10:49:14,880 [INFO] __main__ — 봇 주가요약 제외 [서흥]: 1건
2026-08-11 10:49:15,990 [INFO] __main__ — 뉴스 시점 제외 [삼성SDI우]: 15건 (>14일/파싱실패)
2026-08-11 10:49:16,341 [INFO] __main__ — 뉴스 시점 제외 [삼성물산우B]: 14건 (>14일/파싱실패)
2026-08-11 10:49:17,456 [INFO] __main__ — 뉴스 시점 제외 [두산2우B]: 14건 (>14일/파싱실패)
2026-08-11 10:49:17,798 [INFO] __main__ — 뉴스 시점 제외 [송원산업]: 5건 (>14일/파싱실패)
2026-08-11 10:49:18,919 [INFO] __main__ — 뉴스 시점 제외 [삼영전자]: 10건 (>14일/파싱실패)
2026-08-11 10:49:19,014 [INFO] __main__ — 뉴스 시점 제외 [일성아이에스]: 6건 (>14일/파싱실패)
2026-08-11 10:49:19,259 [INFO] __main__ — 뉴스 시점 제외 [서울가스]: 7건 (>14일/파싱실패)
2026-08-11 10:49:21,110 [INFO] __main__ — 뉴스 시점 제외 [이지스밸류플러스리츠]: 12건 (>14일/파싱실패)
2026-08-11 10:49:23,895 [INFO] __main__ — 뉴스 시점 제외 [LG생활건강우]: 10건 (>14일/파싱실패)
2026-08-11 10:49:24,048 [INFO] __main__ — 뉴스 시점 제외 [모토닉]: 12건 (>14일/파싱실패)
2026-08-11 10:49:26,651 [INFO] __main__ — 뉴스 시점 제외 [성신양회]: 5건 (>14일/파싱실패)
2026-08-11 10:49:27,583 [INFO] __main__ — 뉴스 시점 제외 [동성케미컬]: 6건 (>14일/파싱실패)
2026-08-11 10:49:28,319 [INFO] __main__ — 뉴스 시점 제외 [대신증권2우B]: 14건 (>14일/파싱실패)
2026-08-11 10:49:29,429 [INFO] __main__ — 뉴스 시점 제외 [유수홀딩스]: 12건 (>14일/파싱실패)
2026-08-11 10:49:30,268 [INFO] __main__ — 뉴스 시점 제외 [SYTS]: 6건 (>14일/파싱실패)
2026-08-11 10:49:30,303 [INFO] __main__ — 뉴스 시점 제외 [해태제과식품]: 10건 (>14일/파싱실패)
2026-08-11 10:49:30,498 [INFO] __main__ — 뉴스 시점 제외 [조선내화]: 9건 (>14일/파싱실패)
2026-08-11 10:49:31,788 [INFO] __main__ — 뉴스 시점 제외 [CJ제일제당 우]: 13건 (>14일/파싱실패)
2026-08-11 10:49:32,127 [INFO] __main__ — 뉴스 시점 제외 [CJ우]: 14건 (>14일/파싱실패)
2026-08-11 10:49:32,347 [INFO] __main__ — 뉴스 시점 제외 [아모레퍼시픽홀딩스3우C]: 13건 (>14일/파싱실패)
2026-08-11 10:49:32,709 [INFO] __main__ — 뉴스 시점 제외 [NH올원리츠]: 9건 (>14일/파싱실패)
2026-08-11 10:49:32,860 [INFO] __main__ — 뉴스 시점 제외 [금호석유화학우]: 14건 (>14일/파싱실패)
2026-08-11 10:49:33,645 [INFO] __main__ — 뉴스 시점 제외 [한국주철관]: 6건 (>14일/파싱실패)
2026-08-11 10:49:33,990 [INFO] __main__ — 뉴스 시점 제외 [한진중공업홀딩스]: 12건 (>14일/파싱실패)
2026-08-11 10:49:34,566 [INFO] __main__ — 뉴스 시점 제외 [화승코퍼레이션]: 9건 (>14일/파싱실패)
2026-08-11 10:49:35,285 [INFO] __main__ — 뉴스 시점 제외 [신라교역]: 11건 (>14일/파싱실패)
2026-08-11 10:49:36,764 [INFO] __main__ — 뉴스 시점 제외 [디와이파워]: 4건 (>14일/파싱실패)
2026-08-11 10:49:38,404 [INFO] __main__ — 뉴스 시점 제외 [미원홀딩스]: 13건 (>14일/파싱실패)
2026-08-11 10:49:38,463 [INFO] __main__ — 뉴스 시점 제외 [태림포장]: 11건 (>14일/파싱실패)
2026-08-11 10:49:40,057 [INFO] __main__ — 뉴스 시점 제외 [현대코퍼레이션홀딩스]: 11건 (>14일/파싱실패)
2026-08-11 10:49:40,298 [INFO] __main__ — 뉴스 시점 제외 [태경비케이]: 9건 (>14일/파싱실패)
2026-08-11 10:49:41,017 [INFO] __main__ — 뉴스 시점 제외 [티에이치엔]: 11건 (>14일/파싱실패)
2026-08-11 10:49:41,224 [INFO] __main__ — 뉴스 시점 제외 [대성홀딩스]: 9건 (>14일/파싱실패)
2026-08-11 10:49:41,981 [INFO] __main__ — 뉴스 시점 제외 [아시아나IDT]: 12건 (>14일/파싱실패)
2026-08-11 10:49:42,902 [INFO] __main__ — 뉴스 시점 제외 [DL이앤씨2우(전환)]: 14건 (>14일/파싱실패)
2026-08-11 10:49:44,536 [INFO] __main__ — 뉴스 시점 제외 [영보화학]: 12건 (>14일/파싱실패)
2026-08-11 10:49:44,557 [INFO] __main__ — 뉴스 시점 제외 [NI스틸]: 12건 (>14일/파싱실패)
2026-08-11 10:49:45,269 [INFO] __main__ — 뉴스 시점 제외 [삼원강재]: 11건 (>14일/파싱실패)
2026-08-11 10:49:46,016 [INFO] __main__ — 뉴스 시점 제외 [태양금속]: 7건 (>14일/파싱실패)
2026-08-11 10:49:46,047 [INFO] __main__ — 뉴스 시점 제외 [티와이홀딩스]: 8건 (>14일/파싱실패)
2026-08-11 10:49:46,764 [INFO] __main__ — 뉴스 시점 제외 [한신기계]: 9건 (>14일/파싱실패)
2026-08-11 10:49:46,784 [INFO] __main__ — 뉴스 시점 제외 [동인기연]: 15건 (>14일/파싱실패)
2026-08-11 10:49:47,481 [INFO] __main__ — 뉴스 시점 제외 [유한양행우]: 14건 (>14일/파싱실패)
2026-08-11 10:49:47,518 [INFO] __main__ — 뉴스 시점 제외 [대영포장]: 7건 (>14일/파싱실패)
2026-08-11 10:49:48,980 [INFO] __main__ — 뉴스 시점 제외 [화천기공]: 10건 (>14일/파싱실패)
2026-08-11 10:49:49,206 [INFO] __main__ — 뉴스 시점 제외 [두산퓨얼셀1우]: 11건 (>14일/파싱실패)
2026-08-11 10:49:49,946 [INFO] __main__ — 뉴스 시점 제외 [동원모빌리티]: 5건 (>14일/파싱실패)
2026-08-11 10:49:51,344 [INFO] __main__ — 뉴스 시점 제외 [태경케미컬]: 9건 (>14일/파싱실패)
2026-08-11 10:49:51,359 [INFO] __main__ — 뉴스 시점 제외 [호전실업]: 12건 (>14일/파싱실패)
2026-08-11 10:49:51,407 [INFO] __main__ — 뉴스 시점 제외 [보락]: 1건 (>14일/파싱실패)
2026-08-11 10:49:52,827 [INFO] __main__ — 뉴스 시점 제외 [써니전자]: 13건 (>14일/파싱실패)
2026-08-11 10:49:53,064 [INFO] __main__ — 뉴스 시점 제외 [기신정기]: 13건 (>14일/파싱실패)
2026-08-11 10:49:53,556 [INFO] __main__ — 뉴스 시점 제외 [롯데칠성우]: 14건 (>14일/파싱실패)
2026-08-11 10:49:53,570 [INFO] __main__ — 뉴스 시점 제외 [현대건설우]: 13건 (>14일/파싱실패)
2026-08-11 10:49:53,799 [INFO] __main__ — 뉴스 시점 제외 [삼화왕관]: 13건 (>14일/파싱실패)
2026-08-11 10:49:54,296 [INFO] __main__ — 뉴스 시점 제외 [SJM]: 7건 (>14일/파싱실패)
2026-08-11 10:49:54,504 [INFO] __main__ — 뉴스 시점 제외 [인팩]: 10건 (>14일/파싱실패)
2026-08-11 10:49:55,229 [INFO] __main__ — 뉴스 시점 제외 [BYC우]: 11건 (>14일/파싱실패)
2026-08-11 10:49:55,243 [INFO] __main__ — 뉴스 시점 제외 [아진전자부품]: 9건 (>14일/파싱실패)
2026-08-11 10:49:55,973 [INFO] __main__ — 뉴스 시점 제외 [진양산업]: 12건 (>14일/파싱실패)
2026-08-11 10:49:55,988 [INFO] __main__ — 뉴스 시점 제외 [조광페인트]: 6건 (>14일/파싱실패)
2026-08-11 10:49:56,722 [INFO] __main__ — 뉴스 시점 제외 [미래에셋맵스리츠]: 15건 (>14일/파싱실패)
2026-08-11 10:49:56,732 [INFO] __main__ — 뉴스 시점 제외 [한화솔루션우]: 10건 (>14일/파싱실패)
2026-08-11 10:49:57,248 [INFO] __main__ — 뉴스 시점 제외 [문배철강]: 8건 (>14일/파싱실패)
2026-08-11 10:49:57,449 [INFO] __main__ — 뉴스 시점 제외 [상신브레이크]: 12건 (>14일/파싱실패)
2026-08-11 10:49:57,471 [INFO] __main__ — 뉴스 시점 제외 [SB성보]: 9건 (>14일/파싱실패)
2026-08-11 10:49:58,728 [INFO] __main__ — 뉴스 시점 제외 [한창제지]: 4건 (>14일/파싱실패)
2026-08-11 10:49:58,940 [INFO] __main__ — 뉴스 시점 제외 [디와이에이]: 7건 (>14일/파싱실패)
2026-08-11 10:49:59,684 [INFO] __main__ — 뉴스 시점 제외 [우진플라임]: 7건 (>14일/파싱실패)
2026-08-11 10:49:59,696 [INFO] __main__ — 뉴스 시점 제외 [화인베스틸]: 8건 (>14일/파싱실패)
2026-08-11 10:50:00,428 [INFO] __main__ — 뉴스 시점 제외 [씨티알모빌리티]: 5건 (>14일/파싱실패)
2026-08-11 10:50:00,926 [INFO] __main__ — 뉴스 시점 제외 [한익스프레스]: 1건 (>14일/파싱실패)
2026-08-11 10:50:01,195 [INFO] __main__ — 뉴스 시점 제외 [에이프로젠바이오로직스]: 1건 (>14일/파싱실패)
2026-08-11 10:50:03,137 [INFO] __main__ — 봇 주가요약 제외 [원익QnC]: 3건
2026-08-11 10:50:03,399 [INFO] __main__ — 뉴스 시점 제외 [다우데이타]: 10건 (>14일/파싱실패)
2026-08-11 10:50:15,620 [INFO] __main__ — 뉴스 시점 제외 [리파인]: 9건 (>14일/파싱실패)
2026-08-11 10:50:16,653 [INFO] __main__ — 뉴스 시점 제외 [도우인시스]: 4건 (>14일/파싱실패)
2026-08-11 10:50:17,085 [INFO] __main__ — 뉴스 시점 제외 [서호전기]: 15건 (>14일/파싱실패)
2026-08-11 10:50:17,400 [INFO] __main__ — 봇 주가요약 제외 [칩스앤미디어]: 1건
2026-08-11 10:50:17,402 [INFO] __main__ — 뉴스 시점 제외 [대원산업]: 4건 (>14일/파싱실패)
2026-08-11 10:50:18,152 [INFO] __main__ — 뉴스 시점 제외 [이지바이오]: 10건 (>14일/파싱실패)
2026-08-11 10:50:18,891 [INFO] __main__ — 뉴스 시점 제외 [해성산업]: 9건 (>14일/파싱실패)
2026-08-11 10:50:24,831 [INFO] __main__ — 뉴스 시점 제외 [아이디스]: 2건 (>14일/파싱실패)
2026-08-11 10:50:26,593 [INFO] __main__ — 뉴스 시점 제외 [유비쿼스홀딩스]: 12건 (>14일/파싱실패)
2026-08-11 10:50:27,059 [INFO] __main__ — 뉴스 시점 제외 [와이솔]: 8건 (>14일/파싱실패)
2026-08-11 10:50:30,136 [INFO] __main__ — 뉴스 시점 제외 [퓨릿]: 10건 (>14일/파싱실패)
2026-08-11 10:50:30,157 [INFO] __main__ — 뉴스 시점 제외 [나우IB]: 3건 (>14일/파싱실패)
2026-08-11 10:50:30,267 [INFO] __main__ — 뉴스 시점 제외 [삼보판지]: 15건 (>14일/파싱실패)
2026-08-11 10:50:33,279 [INFO] __main__ — 뉴스 시점 제외 [신화프리텍]: 7건 (>14일/파싱실패)
2026-08-11 10:50:33,468 [INFO] __main__ — 뉴스 시점 제외 [성도이엔지]: 4건 (>14일/파싱실패)
2026-08-11 10:50:35,153 [INFO] __main__ — 뉴스 시점 제외 [유아이엘]: 12건 (>14일/파싱실패)
2026-08-11 10:50:39,025 [INFO] __main__ — 뉴스 시점 제외 [우리손에프앤지]: 12건 (>14일/파싱실패)
2026-08-11 10:50:39,860 [INFO] __main__ — 뉴스 시점 제외 [스모트로닉]: 8건 (>14일/파싱실패)
2026-08-11 10:50:40,798 [INFO] __main__ — 뉴스 시점 제외 [나인앤컴퍼니]: 12건 (>14일/파싱실패)
2026-08-11 10:50:41,522 [INFO] __main__ — 뉴스 시점 제외 [스톰테크]: 9건 (>14일/파싱실패)
2026-08-11 10:50:41,538 [INFO] __main__ — 뉴스 시점 제외 [동아엘텍]: 9건 (>14일/파싱실패)
2026-08-11 10:50:43,584 [INFO] __main__ — 뉴스 시점 제외 [아미노로직스]: 11건 (>14일/파싱실패)
2026-08-11 10:50:44,307 [INFO] __main__ — 뉴스 시점 제외 [에이치피오]: 10건 (>14일/파싱실패)
2026-08-11 10:50:45,237 [INFO] __main__ — 뉴스 시점 제외 [디와이피엔에프]: 12건 (>14일/파싱실패)
2026-08-11 10:50:45,248 [INFO] __main__ — 뉴스 시점 제외 [정상제이엘에스]: 7건 (>14일/파싱실패)
2026-08-11 10:50:45,972 [INFO] __main__ — 뉴스 시점 제외 [일지테크]: 6건 (>14일/파싱실패)
2026-08-11 10:50:46,185 [INFO] __main__ — 뉴스 시점 제외 [서원인텍]: 8건 (>14일/파싱실패)
2026-08-11 10:50:46,698 [INFO] __main__ — 뉴스 시점 제외 [삼영엠텍]: 2건 (>14일/파싱실패)
2026-08-11 10:50:47,687 [INFO] __main__ — 뉴스 시점 제외 [동국S&C]: 8건 (>14일/파싱실패)
2026-08-11 10:50:47,699 [INFO] __main__ — 뉴스 시점 제외 [삼아제약]: 5건 (>14일/파싱실패)
2026-08-11 10:50:48,153 [INFO] __main__ — 뉴스 시점 제외 [이니텍]: 10건 (>14일/파싱실패)
2026-08-11 10:50:48,436 [INFO] __main__ — 뉴스 시점 제외 [지에프아이]: 7건 (>14일/파싱실패)
2026-08-11 10:50:50,649 [INFO] __main__ — 뉴스 시점 제외 [대한뉴팜]: 9건 (>14일/파싱실패)
2026-08-11 10:50:50,831 [INFO] __main__ — 뉴스 시점 제외 [에코플라스틱]: 8건 (>14일/파싱실패)
2026-08-11 10:50:51,564 [INFO] __main__ — 봇 주가요약 제외 [우리넷]: 1건
2026-08-11 10:50:52,305 [INFO] __main__ — 뉴스 시점 제외 [동국생명과학]: 12건 (>14일/파싱실패)
2026-08-11 10:50:52,913 [INFO] __main__ — 뉴스 시점 제외 [포커스에이아이]: 8건 (>14일/파싱실패)
2026-08-11 10:50:52,948 [INFO] __main__ — 뉴스 시점 제외 [한국가구]: 3건 (>14일/파싱실패)
2026-08-11 10:50:55,524 [INFO] __main__ — 뉴스 시점 제외 [이상네트웍스]: 15건 (>14일/파싱실패)
2026-08-11 10:50:56,234 [INFO] __main__ — 뉴스 시점 제외 [시공테크]: 10건 (>14일/파싱실패)
2026-08-11 10:50:56,951 [INFO] __main__ — 뉴스 시점 제외 [HC보광산업]: 12건 (>14일/파싱실패)
2026-08-11 10:50:56,960 [INFO] __main__ — 뉴스 시점 제외 [라이온켐텍]: 11건 (>14일/파싱실패)
2026-08-11 10:50:57,905 [INFO] __main__ — 뉴스 시점 제외 [아이디피]: 10건 (>14일/파싱실패)
2026-08-11 10:50:57,909 [INFO] __main__ — 뉴스 시점 제외 [삼현철강]: 9건 (>14일/파싱실패)
2026-08-11 10:50:58,641 [INFO] __main__ — 뉴스 시점 제외 [SY동아]: 7건 (>14일/파싱실패)
2026-08-11 10:50:59,542 [INFO] __main__ — 뉴스 시점 제외 [한일단조]: 6건 (>14일/파싱실패)
2026-08-11 10:51:01,742 [INFO] __main__ — 뉴스 시점 제외 [푸드웰]: 12건 (>14일/파싱실패)
2026-08-11 10:51:02,466 [INFO] __main__ — 뉴스 시점 제외 [셀바이오휴먼텍]: 11건 (>14일/파싱실패)
2026-08-11 10:51:02,733 [INFO] __main__ — 뉴스 시점 제외 [센코]: 4건 (>14일/파싱실패)
2026-08-11 10:51:03,213 [INFO] __main__ — 뉴스 시점 제외 [케이엘넷]: 10건 (>14일/파싱실패)
2026-08-11 10:51:03,476 [INFO] __main__ — 뉴스 시점 제외 [잉크테크]: 7건 (>14일/파싱실패)
2026-08-11 10:51:06,409 [INFO] __main__ — 뉴스 시점 제외 [와이어블]: 6건 (>14일/파싱실패)
2026-08-11 10:51:07,093 [INFO] __main__ — 뉴스 시점 제외 [코츠테크놀로지]: 7건 (>14일/파싱실패)
2026-08-11 10:51:07,153 [INFO] __main__ — 뉴스 시점 제외 [오픈베이스]: 4건 (>14일/파싱실패)
2026-08-11 10:51:08,843 [INFO] __main__ — 뉴스 시점 제외 [엔젯]: 8건 (>14일/파싱실패)
2026-08-11 10:51:09,290 [INFO] __main__ — 뉴스 시점 제외 [에스엠씨지]: 9건 (>14일/파싱실패)
2026-08-11 10:51:10,061 [INFO] __main__ — 뉴스 시점 제외 [알파칩스]: 7건 (>14일/파싱실패)
2026-08-11 10:51:10,305 [INFO] __main__ — 뉴스 시점 제외 [토탈소프트]: 10건 (>14일/파싱실패)
2026-08-11 10:51:11,739 [INFO] __main__ — 뉴스 시점 제외 [케이사인]: 6건 (>14일/파싱실패)
2026-08-11 10:51:11,772 [INFO] __main__ — 뉴스 시점 제외 [진양제약]: 5건 (>14일/파싱실패)
2026-08-11 10:51:12,258 [INFO] __main__ — 뉴스 시점 제외 [동우팜투테이블]: 5건 (>14일/파싱실패)
2026-08-11 10:51:12,507 [INFO] __main__ — 뉴스 시점 제외 [파이오링크]: 5건 (>14일/파싱실패)
2026-08-11 10:51:13,715 [INFO] __main__ — 뉴스 시점 제외 [푸른로보틱스]: 1건 (>14일/파싱실패)
2026-08-11 10:51:14,011 [INFO] __main__ — 뉴스 시점 제외 [에르코스]: 11건 (>14일/파싱실패)
2026-08-11 10:51:14,445 [INFO] __main__ — 뉴스 시점 제외 [엠투엔]: 8건 (>14일/파싱실패)
2026-08-11 10:51:14,724 [INFO] __main__ — 뉴스 시점 제외 [구영테크]: 10건 (>14일/파싱실패)
2026-08-11 10:51:15,902 [INFO] __main__ — 뉴스 시점 제외 [세코닉스]: 3건 (>14일/파싱실패)
2026-08-11 10:51:16,184 [INFO] __main__ — 뉴스 시점 제외 [아이엠비디엑스]: 9건 (>14일/파싱실패)
2026-08-11 10:51:16,959 [INFO] __main__ — 뉴스 시점 제외 [제노레이]: 11건 (>14일/파싱실패)
2026-08-11 10:51:17,358 [INFO] __main__ — 뉴스 시점 제외 [SM Life Design]: 13건 (>14일/파싱실패)
2026-08-11 10:51:17,641 [INFO] __main__ — 뉴스 시점 제외 [HC홈센타]: 12건 (>14일/파싱실패)
2026-08-11 10:51:18,427 [INFO] __main__ — 뉴스 시점 제외 [윈팩]: 7건 (>14일/파싱실패)
2026-08-11 10:51:19,165 [INFO] __main__ — 뉴스 시점 제외 [HB인베스트먼트]: 5건 (>14일/파싱실패)
2026-08-11 10:51:19,563 [INFO] __main__ — 뉴스 시점 제외 [제이피아이헬스케어]: 2건 (>14일/파싱실패)
2026-08-11 10:51:19,854 [INFO] __main__ — 뉴스 시점 제외 [비아이매트릭스]: 11건 (>14일/파싱실패)
2026-08-11 10:51:19,894 [INFO] __main__ — 뉴스 시점 제외 [YW]: 15건 (>14일/파싱실패)
2026-08-11 10:51:20,585 [INFO] __main__ — 뉴스 시점 제외 [엔투텍]: 10건 (>14일/파싱실패)
2026-08-11 10:51:21,355 [INFO] __main__ — 뉴스 시점 제외 [에어레인]: 9건 (>14일/파싱실패)
2026-08-11 10:51:22,053 [INFO] __main__ — 뉴스 시점 제외 [ES큐브]: 14건 (>14일/파싱실패)
2026-08-11 10:51:23,252 [INFO] __main__ — 뉴스 시점 제외 [NHN벅스]: 4건 (>14일/파싱실패)
2026-08-11 10:51:23,509 [INFO] __main__ — 뉴스 시점 제외 [디케이앤디]: 14건 (>14일/파싱실패)
2026-08-11 10:51:24,235 [INFO] __main__ — 뉴스 시점 제외 [한국팩키지]: 13건 (>14일/파싱실패)
2026-08-11 10:51:24,713 [INFO] __main__ — 뉴스 시점 제외 [상신전자]: 9건 (>14일/파싱실패)
2026-08-11 10:51:25,751 [INFO] __main__ — 뉴스 시점 제외 [린드먼아시아]: 14건 (>14일/파싱실패)
2026-08-11 10:51:26,175 [INFO] __main__ — 뉴스 시점 제외 [진바이오텍]: 13건 (>14일/파싱실패)
2026-08-11 10:51:26,491 [INFO] __main__ — 뉴스 시점 제외 [서진오토모티브]: 13건 (>14일/파싱실패)
2026-08-11 10:51:27,223 [INFO] __main__ — 뉴스 시점 제외 [케일럼]: 13건 (>14일/파싱실패)
2026-08-11 10:51:27,630 [INFO] __main__ — 뉴스 시점 제외 [보라티알]: 10건 (>14일/파싱실패)
2026-08-11 10:51:28,685 [INFO] __main__ — 뉴스 시점 제외 [서연탑메탈]: 7건 (>14일/파싱실패)
2026-08-11 10:51:29,088 [INFO] __main__ — 뉴스 시점 제외 [백금T&A]: 3건 (>14일/파싱실패)
2026-08-11 10:51:29,414 [INFO] __main__ — 뉴스 시점 제외 [DH오토리드]: 13건 (>14일/파싱실패)
2026-08-11 10:51:30,539 [INFO] __main__ — 뉴스 시점 제외 [마이크로디지탈]: 10건 (>14일/파싱실패)
2026-08-11 10:51:30,889 [INFO] __main__ — 뉴스 시점 제외 [지슨]: 8건 (>14일/파싱실패)
2026-08-11 10:51:30,894 [INFO] __main__ — 뉴스 시점 제외 [모헨즈]: 12건 (>14일/파싱실패)
2026-08-11 10:51:31,648 [INFO] __main__ — 뉴스 시점 제외 [이엠넷]: 12건 (>14일/파싱실패)
2026-08-11 10:51:32,803 [INFO] __main__ — 뉴스 시점 제외 [하이딥]: 9건 (>14일/파싱실패)
2026-08-11 10:51:33,113 [INFO] __main__ — 뉴스 시점 제외 [코셈]: 12건 (>14일/파싱실패)
2026-08-11 10:51:33,840 [INFO] __main__ — 뉴스 시점 제외 [유니온바이오메트릭스]: 8건 (>14일/파싱실패)
2026-08-11 10:51:33,843 [INFO] __main__ — 뉴스 시점 제외 [메가엠디]: 8건 (>14일/파싱실패)
2026-08-11 10:51:34,590 [INFO] __main__ — 뉴스 시점 제외 [에코캡]: 9건 (>14일/파싱실패)
2026-08-11 10:51:35,185 [INFO] __main__ — 뉴스 시점 제외 [에이치와이티씨]: 5건 (>14일/파싱실패)
2026-08-11 10:51:36,065 [INFO] __main__ — 뉴스 시점 제외 [포인트모바일]: 2건 (>14일/파싱실패)
2026-08-11 10:51:36,256 [INFO] __main__ — 뉴스 시점 제외 [비비씨]: 8건 (>14일/파싱실패)
2026-08-11 10:51:36,988 [INFO] __main__ — 뉴스 시점 제외 [베노티앤알]: 5건 (>14일/파싱실패)
2026-08-11 10:51:37,578 [INFO] __main__ — 뉴스 시점 제외 [제이엔비]: 12건 (>14일/파싱실패)
2026-08-11 10:51:37,583 [INFO] __main__ — 뉴스 시점 제외 [케이씨티]: 8건 (>14일/파싱실패)
2026-08-11 10:51:37,715 [INFO] __main__ — 뉴스 시점 제외 [멤레이비티]: 13건 (>14일/파싱실패)
2026-08-11 10:51:38,506 [INFO] __main__ — 뉴스 시점 제외 [아이퀘스트]: 12건 (>14일/파싱실패)
2026-08-11 10:51:39,233 [INFO] __main__ — 뉴스 시점 제외 [에스에이티]: 13건 (>14일/파싱실패)
2026-08-11 10:51:39,277 [INFO] __main__ — 뉴스 시점 제외 [에스프리즘]: 12건 (>14일/파싱실패)
2026-08-11 10:51:39,968 [INFO] __main__ — 뉴스 시점 제외 [팸텍]: 2건 (>14일/파싱실패)
2026-08-11 10:51:40,690 [INFO] __main__ — 뉴스 시점 제외 [시큐브]: 3건 (>14일/파싱실패)
2026-08-11 10:51:40,791 [INFO] __main__ — POOL_A 후보 부정뉴스 2차 조회: 686개
2026-08-11 10:51:40,795 [INFO] __main__ — POOL_A: 929개 (A:879 B:18 동시:32) | 부정게이트 제외:4
  대형:48 중형:143 소형:738
2026-08-11 10:51:40,803 [INFO] __main__ —   → POOL_A: 929개
2026-08-11 10:51:40,803 [INFO] __main__ — ▶ Step 2: 하드 필터링
2026-08-11 10:51:40,804 [INFO] __main__ — 하드 필터 제거: 926개 | 과열배제 145 | 이격도상한 43 | 이격도하한 12 | MA추세 681 | RSI과열 9 | 거래대금 36
2026-08-11 10:51:40,807 [INFO] __main__ — 과열 gated 기록: 145개 → gated_tickers
2026-08-11 10:51:40,807 [INFO] __main__ — POOL_B: 3개 | 대형:0 중형:2 소형:1
2026-08-11 10:51:40,807 [INFO] __main__ —   → POOL_B: 3개
2026-08-11 10:51:40,807 [INFO] __main__ — ▶ Step 3: 스코어링 (FinBERT 감성 분석)
2026-08-11 10:51:40,808 [INFO] __main__ — NaverClient: 3개 키 로드 (DataLab·검색 독립 회전)
2026-08-11 10:51:40,808 [INFO] __main__ — 텍스트 신규 수집: 2종목 (캐시 적중 1종목)
2026-08-11 10:51:46,284 [INFO] __main__ — 기사 보존(수집): 30건 (3종목) → news_articles
2026-08-11 10:51:46,287 [INFO] __main__ — 공시 보존(수집): 6건 (3종목) → dart_filings
2026-08-11 10:51:46,287 [INFO] __main__ — 수집 완료: 뉴스 30건 | 공시 7건
2026-08-11 10:51:46,288 [INFO] __main__ — FinBERT 감성 분석 (finbert 모드)...
2026-08-11 10:51:46,288 [INFO] __main__ — FinBERT 로딩: snunlp/KR-FinBert-SC (CPU, batch=8)
2026-08-11 10:51:46,343 [INFO] httpx — HTTP Request: GET https://huggingface.co/api/agent-harnesses "HTTP/1.1 200 OK"
2026-08-11 10:51:46,359 [INFO] httpx — HTTP Request: HEAD https://huggingface.co/snunlp/KR-FinBert-SC/resolve/main/config.json "HTTP/1.1 307 Temporary Redirect"
2026-08-11 10:51:46,360 [WARNING] huggingface_hub.utils._http — Warning: You are sending unauthenticated requests to the HF Hub. Please set a HF_TOKEN to enable higher rate limits and faster downloads.
2026-08-11 10:51:46,368 [INFO] httpx — HTTP Request: HEAD https://huggingface.co/api/resolve-cache/models/snunlp/KR-FinBert-SC/f8586286cc3161fb648e9fee09a456069fd846d0/config.json "HTTP/1.1 200 OK"
2026-08-11 10:51:46,406 [INFO] httpx — HTTP Request: HEAD https://huggingface.co/snunlp/KR-FinBert-SC/resolve/main/model.safetensors "HTTP/1.1 404 Not Found"
2026-08-11 10:51:46,424 [INFO] httpx — HTTP Request: GET https://huggingface.co/api/models/snunlp/KR-FinBert-SC "HTTP/1.1 200 OK"
2026-08-11 10:51:46,460 [INFO] httpx — HTTP Request: GET https://huggingface.co/api/models/snunlp/KR-FinBert-SC/commits/main "HTTP/1.1 200 OK"
2026-08-11 10:51:46,505 [INFO] httpx — HTTP Request: GET https://huggingface.co/api/models/snunlp/KR-FinBert-SC/discussions?p=0 "HTTP/1.1 200 OK"
2026-08-11 10:51:46,547 [INFO] httpx — HTTP Request: GET https://huggingface.co/api/models/snunlp/KR-FinBert-SC/commits/refs%2Fpr%2F3 "HTTP/1.1 200 OK"
2026-08-11 10:51:46,567 [INFO] httpx — HTTP Request: HEAD https://huggingface.co/snunlp/KR-FinBert-SC/resolve/refs%2Fpr%2F3/model.safetensors.index.json "HTTP/1.1 404 Not Found"
2026-08-11 10:51:46,591 [INFO] httpx — HTTP Request: GET https://huggingface.co/api/models/snunlp/KR-FinBert-SC/tree/main/additional_chat_templates?recursive=false&expand=false "HTTP/1.1 404 Not Found"
2026-08-11 10:51:46,593 [INFO] httpx — HTTP Request: HEAD https://huggingface.co/snunlp/KR-FinBert-SC/resolve/refs%2Fpr%2F3/model.safetensors "HTTP/1.1 302 Found"
2026-08-11 10:51:46,610 [INFO] httpx — HTTP Request: GET https://huggingface.co/api/models/snunlp/KR-FinBert-SC/tree/main?recursive=true&expand=false "HTTP/1.1 200 OK"
2026-08-11 10:51:46,649 [INFO] httpx — HTTP Request: HEAD https://huggingface.co/snunlp/KR-FinBert-SC/resolve/main/processor_config.json "HTTP/1.1 404 Not Found"
2026-08-11 10:51:46,665 [INFO] httpx — HTTP Request: HEAD https://huggingface.co/snunlp/KR-FinBert-SC/resolve/main/video_preprocessor_config.json "HTTP/1.1 404 Not Found"
2026-08-11 10:51:46,687 [INFO] httpx — HTTP Request: HEAD https://huggingface.co/snunlp/KR-FinBert-SC/resolve/main/preprocessor_config.json "HTTP/1.1 404 Not Found"
2026-08-11 10:51:46,688 [INFO] __main__ — FinBERT 로드 완료 (CPU)
2026-08-11 10:51:49,043 [INFO] __main__ — Phase A.1: 매핑 신뢰도 < 0.5 → 감성 점수 폐기 1건
2026-08-11 10:51:49,043 [INFO] __main__ — 스코어링: 3개 | 집중:0 | FinBERT:finbert
2026-08-11 10:51:49,058 [INFO] __main__ —   → 3개
2026-08-11 10:51:49,059 [INFO] __main__ — ▶ Step 4: 발송
2026-08-11 10:51:52,619 [WARNING] __main__ — 텔레그램 발송 실패 그룹 → mark_sent skip 1개 (다음 실행 시 재발송 대상)
2026-08-11 10:51:52,620 [INFO] __main__ — DB 기록: 0개 / 전체 to_send 1개
2026-08-11 10:51:52,620 [INFO] __main__ — 발송: 집중 0 / 주시 0
2026-08-11 10:51:52,620 [INFO] __main__ — 완료  |  소요: 1393.1초
