2026-07-08 11:26:42,748 [INFO] __main__ — config 검증 완료 ✓
2026-07-08 11:26:42,748 [INFO] __main__ — ============================================================
2026-07-08 11:26:42,748 [INFO] __main__ — AlphaRadar v3.3.1  |  기준일: 20260708
2026-07-08 11:26:42,749 [INFO] __main__ — S = T×0.3 + S_text×0.4 + D×0.3
2026-07-08 11:26:42,749 [INFO] __main__ — ============================================================
2026-07-08 11:26:42,749 [INFO] __main__ — ▶ Step 0: 유니버스 필터링
2026-07-08 11:26:42,922 [INFO] __main__ — FDR 데이터 수집: 20260102 ~ 20260708
2026-07-08 11:26:44,308 [INFO] __main__ — KOSPI: 945개 | 섹터정보 835개 (DART +835개 보완)
2026-07-08 11:26:44,309 [INFO] __main__ — KOSDAQ: 1820개 | 섹터정보 1820개
2026-07-08 11:26:44,309 [INFO] __main__ — 전체: 2765개
2026-07-08 11:26:46,249 [INFO] __main__ — KIS 토큰 발급 완료
2026-07-08 11:40:54,070 [INFO] __main__ — DART corp_code 매핑: 2154/2207개 (97%)
2026-07-08 11:40:54,070 [INFO] __main__ — 유효 유니버스: 2207개
2026-07-08 11:40:54,081 [INFO] __main__ —   → 2207개
2026-07-08 11:40:54,081 [INFO] __main__ — ▶ Step 1: 신호 탐지
2026-07-08 11:40:54,081 [INFO] __main__ — NaverClient: 3개 키 로드 (DataLab·검색 독립 회전)
2026-07-08 11:40:54,082 [INFO] __main__ — 관심 지수 및 부정 뉴스 비율 조회 중...
2026-07-08 11:41:37,300 [INFO] __main__ — 뉴스 시점 제외 [케일럼]: 10건 (>14일/파싱실패)
2026-07-08 11:41:40,726 [INFO] __main__ — 뉴스 시점 제외 [HB테크놀러지]: 5건 (>14일/파싱실패)
2026-07-08 11:41:41,217 [INFO] __main__ — 뉴스 시점 제외 [이노인스트루먼트]: 12건 (>14일/파싱실패)
2026-07-08 11:41:41,857 [INFO] __main__ — 뉴스 시점 제외 [KX하이텍]: 8건 (>14일/파싱실패)
2026-07-08 11:41:50,114 [INFO] __main__ — 뉴스 시점 제외 [보성파워텍]: 4건 (>14일/파싱실패)
2026-07-08 11:42:04,958 [INFO] __main__ — 뉴스 시점 제외 [미래에셋증권2우B]: 7건 (>14일/파싱실패)
2026-07-08 11:42:07,158 [INFO] __main__ — 뉴스 시점 제외 [삼성공조]: 9건 (>14일/파싱실패)
2026-07-08 11:42:09,405 [INFO] __main__ — 뉴스 시점 제외 [KBI동양철관]: 5건 (>14일/파싱실패)
2026-07-08 11:42:09,413 [INFO] __main__ — 뉴스 시점 제외 [아남전자]: 9건 (>14일/파싱실패)
2026-07-08 11:42:17,763 [INFO] __main__ — 뉴스 시점 제외 [수산세보틱스]: 9건 (>14일/파싱실패)
2026-07-08 11:42:20,627 [INFO] __main__ — 뉴스 시점 제외 [샘씨엔에스]: 6건 (>14일/파싱실패)
2026-07-08 11:42:22,819 [INFO] __main__ — 뉴스 시점 제외 [이브이첨단소재]: 5건 (>14일/파싱실패)
2026-07-08 11:42:23,945 [INFO] __main__ — 뉴스 시점 제외 [티씨머티리얼즈]: 9건 (>14일/파싱실패)
2026-07-08 11:42:28,322 [INFO] __main__ — 뉴스 시점 제외 [엘브이엠씨홀딩스]: 10건 (>14일/파싱실패)
2026-07-08 11:42:28,361 [INFO] __main__ — 뉴스 시점 제외 [양지사]: 13건 (>14일/파싱실패)
2026-07-08 11:42:31,086 [INFO] __main__ — 뉴스 시점 제외 [우리기술투자]: 5건 (>14일/파싱실패)
2026-07-08 11:42:35,550 [INFO] __main__ — 뉴스 시점 제외 [대아티아이]: 3건 (>14일/파싱실패)
2026-07-08 11:42:37,251 [INFO] __main__ — 뉴스 시점 제외 [서울식품]: 10건 (>14일/파싱실패)
2026-07-08 11:42:44,991 [INFO] __main__ — 뉴스 시점 제외 [라이콤]: 3건 (>14일/파싱실패)
2026-07-08 11:42:48,343 [INFO] __main__ — 뉴스 시점 제외 [한국팩키지]: 13건 (>14일/파싱실패)
2026-07-08 11:42:52,775 [INFO] __main__ — 뉴스 시점 제외 [일신석재]: 11건 (>14일/파싱실패)
2026-07-08 11:42:52,832 [INFO] __main__ — 뉴스 시점 제외 [성도이엔지]: 7건 (>14일/파싱실패)
2026-07-08 11:42:53,336 [INFO] __main__ — 뉴스 시점 제외 [제이앤티씨]: 1건 (>14일/파싱실패)
2026-07-08 11:42:58,855 [INFO] __main__ — 뉴스 시점 제외 [대영포장]: 15건 (>14일/파싱실패)
2026-07-08 11:43:08,006 [INFO] __main__ — 뉴스 시점 제외 [ESR켄달스퀘어리츠]: 5건 (>14일/파싱실패)
2026-07-08 11:43:11,393 [INFO] __main__ — 뉴스 시점 제외 [한라캐스트]: 2건 (>14일/파싱실패)
2026-07-08 11:43:13,604 [INFO] __main__ — 뉴스 시점 제외 [옴니시스템]: 7건 (>14일/파싱실패)
2026-07-08 11:43:21,340 [INFO] __main__ — 뉴스 시점 제외 [에이티넘인베스트]: 12건 (>14일/파싱실패)
2026-07-08 11:43:21,355 [INFO] __main__ — 뉴스 시점 제외 [주성코퍼레이션]: 10건 (>14일/파싱실패)
2026-07-08 11:43:27,941 [INFO] __main__ — 뉴스 시점 제외 [경인양행]: 11건 (>14일/파싱실패)
2026-07-08 11:43:34,683 [INFO] __main__ — 뉴스 시점 제외 [벡트]: 7건 (>14일/파싱실패)
2026-07-08 11:43:36,920 [INFO] __main__ — 뉴스 시점 제외 [태양금속]: 11건 (>14일/파싱실패)
2026-07-08 11:43:40,188 [INFO] __main__ — 뉴스 시점 제외 [THE E&M]: 14건 (>14일/파싱실패)
2026-07-08 11:43:40,271 [INFO] __main__ — 뉴스 시점 제외 [한일철강]: 6건 (>14일/파싱실패)
2026-07-08 11:43:49,049 [INFO] __main__ — 뉴스 시점 제외 [프로이천]: 12건 (>14일/파싱실패)
2026-07-08 11:43:55,792 [INFO] __main__ — 뉴스 시점 제외 [YG PLUS]: 11건 (>14일/파싱실패)
2026-07-08 11:43:56,896 [INFO] __main__ — 뉴스 시점 제외 [영화금속]: 10건 (>14일/파싱실패)
2026-07-08 11:43:57,856 [INFO] __main__ — 뉴스 시점 제외 [디앤디플랫폼리츠]: 11건 (>14일/파싱실패)
2026-07-08 11:44:00,559 [INFO] __main__ — 뉴스 시점 제외 [케이엠더블유]: 4건 (>14일/파싱실패)
2026-07-08 11:44:01,804 [INFO] __main__ — 뉴스 시점 제외 [삼익악기]: 11건 (>14일/파싱실패)
2026-07-08 11:44:02,574 [INFO] __main__ — 뉴스 시점 제외 [쎄노텍]: 11건 (>14일/파싱실패)
2026-07-08 11:44:02,676 [INFO] __main__ — 부정 키워드 감지: 29개 종목 (neg_ratio > 0)
2026-07-08 11:44:02,679 [INFO] __main__ — 수급일수충족·합계음수 제외: 110개
2026-07-08 11:44:12,417 [INFO] __main__ — 뉴스 시점 제외 [KB발해인프라]: 13건 (>14일/파싱실패)
2026-07-08 11:44:17,207 [INFO] __main__ — 뉴스 시점 제외 [CJ4우(전환)]: 13건 (>14일/파싱실패)
2026-07-08 11:44:19,228 [INFO] __main__ — 뉴스 시점 제외 [미원에스씨]: 10건 (>14일/파싱실패)
2026-07-08 11:44:19,682 [INFO] __main__ — 뉴스 시점 제외 [맵스리얼티]: 15건 (>14일/파싱실패)
2026-07-08 11:44:20,924 [INFO] __main__ — 뉴스 시점 제외 [삼성FN리츠]: 11건 (>14일/파싱실패)
2026-07-08 11:44:21,554 [INFO] __main__ — 뉴스 시점 제외 [바이오노트]: 7건 (>14일/파싱실패)
2026-07-08 11:44:22,910 [INFO] __main__ — 뉴스 시점 제외 [신도리코]: 8건 (>14일/파싱실패)
2026-07-08 11:44:22,941 [INFO] __main__ — 뉴스 시점 제외 [아모레퍼시픽우]: 13건 (>14일/파싱실패)
2026-07-08 11:44:23,528 [INFO] __main__ — 뉴스 시점 제외 [코람코더원리츠]: 10건 (>14일/파싱실패)
2026-07-08 11:44:23,552 [INFO] __main__ — 뉴스 시점 제외 [INVENI]: 9건 (>14일/파싱실패)
2026-07-08 11:44:24,019 [INFO] __main__ — 뉴스 시점 제외 [KPX홀딩스]: 10건 (>14일/파싱실패)
2026-07-08 11:44:24,636 [INFO] __main__ — 뉴스 시점 제외 [명신산업]: 10건 (>14일/파싱실패)
2026-07-08 11:44:25,856 [INFO] __main__ — 뉴스 시점 제외 [삼성물산우B]: 14건 (>14일/파싱실패)
2026-07-08 11:44:26,607 [INFO] __main__ — 뉴스 시점 제외 [현대퓨처넷]: 7건 (>14일/파싱실패)
2026-07-08 11:44:28,473 [INFO] __main__ — 뉴스 시점 제외 [서울가스]: 8건 (>14일/파싱실패)
2026-07-08 11:44:28,483 [INFO] __main__ — 뉴스 시점 제외 [대상홀딩스]: 1건 (>14일/파싱실패)
2026-07-08 11:44:29,703 [INFO] __main__ — 뉴스 시점 제외 [S-Oil우]: 12건 (>14일/파싱실패)
2026-07-08 11:44:30,736 [INFO] __main__ — 뉴스 시점 제외 [미창석유]: 12건 (>14일/파싱실패)
2026-07-08 11:44:30,930 [INFO] __main__ — 뉴스 시점 제외 [이지스밸류플러스리츠]: 9건 (>14일/파싱실패)
2026-07-08 11:44:31,542 [INFO] __main__ — 뉴스 시점 제외 [CR홀딩스]: 10건 (>14일/파싱실패)
2026-07-08 11:44:32,320 [INFO] __main__ — 뉴스 시점 제외 [동아지질]: 6건 (>14일/파싱실패)
2026-07-08 11:44:32,935 [INFO] __main__ — 뉴스 시점 제외 [이리츠코크렙]: 13건 (>14일/파싱실패)
2026-07-08 11:44:34,008 [INFO] __main__ — 뉴스 시점 제외 [모토닉]: 12건 (>14일/파싱실패)
2026-07-08 11:44:34,784 [INFO] __main__ — 뉴스 시점 제외 [미래에셋증권우]: 15건 (>14일/파싱실패)
2026-07-08 11:44:35,010 [INFO] __main__ — 뉴스 시점 제외 [LG우]: 12건 (>14일/파싱실패)
2026-07-08 11:44:35,244 [INFO] __main__ — 뉴스 시점 제외 [하이트진로홀딩스]: 9건 (>14일/파싱실패)
2026-07-08 11:44:35,409 [INFO] __main__ — 뉴스 시점 제외 [진양홀딩스]: 8건 (>14일/파싱실패)
2026-07-08 11:44:35,626 [INFO] __main__ — 뉴스 시점 제외 [LG생활건강우]: 13건 (>14일/파싱실패)
2026-07-08 11:44:35,846 [INFO] __main__ — 뉴스 시점 제외 [조선내화]: 9건 (>14일/파싱실패)
2026-07-08 11:44:36,452 [INFO] __main__ — 뉴스 시점 제외 [화승엔터프라이즈]: 8건 (>14일/파싱실패)
2026-07-08 11:44:37,676 [INFO] __main__ — 뉴스 시점 제외 [유화증권]: 6건 (>14일/파싱실패)
2026-07-08 11:44:38,889 [INFO] __main__ — 뉴스 시점 제외 [NH올원리츠]: 8건 (>14일/파싱실패)
2026-07-08 11:44:39,291 [INFO] __main__ — 뉴스 시점 제외 [사조씨푸드]: 10건 (>14일/파싱실패)
2026-07-08 11:44:39,503 [INFO] __main__ — 뉴스 시점 제외 [신라교역]: 8건 (>14일/파싱실패)
2026-07-08 11:44:39,900 [INFO] __main__ — 뉴스 시점 제외 [아모레퍼시픽홀딩스3우C]: 14건 (>14일/파싱실패)
2026-07-08 11:44:40,361 [INFO] __main__ — 뉴스 시점 제외 [유수홀딩스]: 12건 (>14일/파싱실패)
2026-07-08 11:44:40,748 [INFO] __main__ — 뉴스 시점 제외 [한진중공업홀딩스]: 14건 (>14일/파싱실패)
2026-07-08 11:44:41,126 [INFO] __main__ — 뉴스 시점 제외 [태경산업]: 7건 (>14일/파싱실패)
2026-07-08 11:44:41,971 [INFO] __main__ — 뉴스 시점 제외 [이지스레지던스리츠]: 13건 (>14일/파싱실패)
2026-07-08 11:44:42,359 [INFO] __main__ — 뉴스 시점 제외 [텔코웨어]: 12건 (>14일/파싱실패)
2026-07-08 11:44:43,422 [INFO] __main__ — 뉴스 시점 제외 [인천도시가스]: 10건 (>14일/파싱실패)
2026-07-08 11:44:43,817 [INFO] __main__ — 뉴스 시점 제외 [경동도시가스]: 3건 (>14일/파싱실패)
2026-07-08 11:44:44,194 [INFO] __main__ — 뉴스 시점 제외 [DKME]: 11건 (>14일/파싱실패)
2026-07-08 11:44:44,420 [INFO] __main__ — 뉴스 시점 제외 [신영와코루]: 11건 (>14일/파싱실패)
2026-07-08 11:44:44,651 [INFO] __main__ — 뉴스 시점 제외 [현대코퍼레이션홀딩스]: 10건 (>14일/파싱실패)
2026-07-08 11:44:44,812 [INFO] __main__ — 뉴스 시점 제외 [태경비케이]: 6건 (>14일/파싱실패)
2026-07-08 11:44:45,253 [INFO] __main__ — 뉴스 시점 제외 [대성홀딩스]: 11건 (>14일/파싱실패)
2026-07-08 11:44:45,429 [INFO] __main__ — 뉴스 시점 제외 [와이투솔루션]: 8건 (>14일/파싱실패)
2026-07-08 11:44:45,630 [INFO] __main__ — 뉴스 시점 제외 [조선선재]: 9건 (>14일/파싱실패)
2026-07-08 11:44:46,257 [INFO] __main__ — 뉴스 시점 제외 [두올]: 11건 (>14일/파싱실패)
2026-07-08 11:44:46,472 [INFO] __main__ — 뉴스 시점 제외 [그린케미칼]: 10건 (>14일/파싱실패)
2026-07-08 11:44:46,690 [INFO] __main__ — 뉴스 시점 제외 [샘표식품]: 2건 (>14일/파싱실패)
2026-07-08 11:44:46,858 [INFO] __main__ — 뉴스 시점 제외 [세이브존I&C]: 15건 (>14일/파싱실패)
2026-07-08 11:44:47,087 [INFO] __main__ — 뉴스 시점 제외 [동남합성]: 14건 (>14일/파싱실패)
2026-07-08 11:44:47,707 [INFO] __main__ — 뉴스 시점 제외 [NI스틸]: 11건 (>14일/파싱실패)
2026-07-08 11:44:47,906 [INFO] __main__ — 뉴스 시점 제외 [DL이앤씨2우(전환)]: 13건 (>14일/파싱실패)
2026-07-08 11:44:48,323 [INFO] __main__ — 뉴스 시점 제외 [동일산업]: 1건 (>14일/파싱실패)
2026-07-08 11:44:48,685 [INFO] __main__ — 뉴스 시점 제외 [크라운해태홀딩스]: 6건 (>14일/파싱실패)
2026-07-08 11:44:49,131 [INFO] __main__ — 뉴스 시점 제외 [CS홀딩스]: 13건 (>14일/파싱실패)
2026-07-08 11:44:49,540 [INFO] __main__ — 뉴스 시점 제외 [한국수출포장]: 15건 (>14일/파싱실패)
2026-07-08 11:44:49,914 [INFO] __main__ — 뉴스 시점 제외 [동인기연]: 8건 (>14일/파싱실패)
2026-07-08 11:44:50,344 [INFO] __main__ — 뉴스 시점 제외 [동양고속]: 10건 (>14일/파싱실패)
2026-07-08 11:44:50,537 [INFO] __main__ — 뉴스 시점 제외 [NH프라임리츠]: 8건 (>14일/파싱실패)
2026-07-08 11:44:50,949 [INFO] __main__ — 뉴스 시점 제외 [한솔로지스틱스]: 11건 (>14일/파싱실패)
2026-07-08 11:44:51,138 [INFO] __main__ — 뉴스 시점 제외 [페이퍼코리아]: 12건 (>14일/파싱실패)
2026-07-08 11:44:51,984 [INFO] __main__ — 뉴스 시점 제외 [삼정펄프]: 14건 (>14일/파싱실패)
2026-07-08 11:44:52,171 [INFO] __main__ — 뉴스 시점 제외 [제일연마]: 13건 (>14일/파싱실패)
2026-07-08 11:44:52,597 [INFO] __main__ — 뉴스 시점 제외 [유한양행우]: 14건 (>14일/파싱실패)
2026-07-08 11:44:53,227 [INFO] __main__ — 뉴스 시점 제외 [삼성출판사]: 10건 (>14일/파싱실패)
2026-07-08 11:44:53,407 [INFO] __main__ — 뉴스 시점 제외 [호전실업]: 12건 (>14일/파싱실패)
2026-07-08 11:44:53,564 [INFO] __main__ — 뉴스 시점 제외 [한국내화]: 10건 (>14일/파싱실패)
2026-07-08 11:44:53,829 [INFO] __main__ — 뉴스 시점 제외 [화천기계]: 12건 (>14일/파싱실패)
2026-07-08 11:44:54,020 [INFO] __main__ — 뉴스 시점 제외 [진양산업]: 12건 (>14일/파싱실패)
2026-07-08 11:44:54,792 [INFO] __main__ — 뉴스 시점 제외 [새론오토모티브]: 12건 (>14일/파싱실패)
2026-07-08 11:44:55,042 [INFO] __main__ — 뉴스 시점 제외 [롯데칠성우]: 15건 (>14일/파싱실패)
2026-07-08 11:44:55,251 [INFO] __main__ — 뉴스 시점 제외 [SJM]: 9건 (>14일/파싱실패)
2026-07-08 11:44:55,417 [INFO] __main__ — 뉴스 시점 제외 [SJM홀딩스]: 13건 (>14일/파싱실패)
2026-07-08 11:44:56,262 [INFO] __main__ — 뉴스 시점 제외 [BYC우]: 15건 (>14일/파싱실패)
2026-07-08 11:44:56,479 [INFO] __main__ — 뉴스 시점 제외 [대덕전자1우]: 14건 (>14일/파싱실패)
2026-07-08 11:44:56,672 [INFO] __main__ — 뉴스 시점 제외 [상신브레이크]: 12건 (>14일/파싱실패)
2026-07-08 11:44:56,868 [INFO] __main__ — 뉴스 시점 제외 [조광페인트]: 3건 (>14일/파싱실패)
2026-07-08 11:44:57,473 [INFO] __main__ — 뉴스 시점 제외 [문배철강]: 7건 (>14일/파싱실패)
2026-07-08 11:44:57,709 [INFO] __main__ — 뉴스 시점 제외 [SK케미칼우]: 14건 (>14일/파싱실패)
2026-07-08 11:44:58,081 [INFO] __main__ — 뉴스 시점 제외 [갤럭시아에스엠]: 9건 (>14일/파싱실패)
2026-07-08 11:44:58,703 [INFO] __main__ — 뉴스 시점 제외 [세우글로벌]: 15건 (>14일/파싱실패)
2026-07-08 11:44:58,958 [INFO] __main__ — 뉴스 시점 제외 [경인전자]: 9건 (>14일/파싱실패)
2026-07-08 11:44:59,573 [INFO] __main__ — 뉴스 시점 제외 [진양폴리]: 11건 (>14일/파싱실패)
2026-07-08 11:45:04,448 [INFO] __main__ — 뉴스 시점 제외 [케이아이엔엑스]: 13건 (>14일/파싱실패)
2026-07-08 11:45:06,285 [INFO] __main__ — 뉴스 시점 제외 [에스티큐브]: 11건 (>14일/파싱실패)
2026-07-08 11:45:06,953 [INFO] __main__ — 뉴스 시점 제외 [에프에스티]: 8건 (>14일/파싱실패)
2026-07-08 11:45:09,955 [INFO] __main__ — 뉴스 시점 제외 [툴젠]: 11건 (>14일/파싱실패)
2026-07-08 11:45:09,990 [INFO] __main__ — 뉴스 시점 제외 [큐렉소]: 3건 (>14일/파싱실패)
2026-07-08 11:45:14,186 [INFO] __main__ — 뉴스 시점 제외 [세보엠이씨]: 9건 (>14일/파싱실패)
2026-07-08 11:45:14,269 [INFO] __main__ — 뉴스 시점 제외 [베뉴지]: 12건 (>14일/파싱실패)
2026-07-08 11:45:14,881 [INFO] __main__ — 뉴스 시점 제외 [삼목에스폼]: 12건 (>14일/파싱실패)
2026-07-08 11:45:15,403 [INFO] __main__ — 뉴스 시점 제외 [케이티알파]: 12건 (>14일/파싱실패)
2026-07-08 11:45:15,495 [INFO] __main__ — 뉴스 시점 제외 [슈어소프트테크]: 10건 (>14일/파싱실패)
2026-07-08 11:45:16,119 [INFO] __main__ — 뉴스 시점 제외 [에코아이]: 14건 (>14일/파싱실패)
2026-07-08 11:45:16,660 [INFO] __main__ — 뉴스 시점 제외 [코텍]: 12건 (>14일/파싱실패)
2026-07-08 11:45:17,271 [INFO] __main__ — 뉴스 시점 제외 [세나테크놀로지]: 10건 (>14일/파싱실패)
2026-07-08 11:45:18,022 [INFO] __main__ — 뉴스 시점 제외 [오리엔탈정공]: 1건 (>14일/파싱실패)
2026-07-08 11:45:18,083 [INFO] __main__ — 뉴스 시점 제외 [BGF에코머티리얼즈]: 14건 (>14일/파싱실패)
2026-07-08 11:45:18,799 [INFO] __main__ — 뉴스 시점 제외 [인피니트헬스케어]: 5건 (>14일/파싱실패)
2026-07-08 11:45:19,562 [INFO] __main__ — 뉴스 시점 제외 [코메론]: 12건 (>14일/파싱실패)
2026-07-08 11:45:19,571 [INFO] __main__ — 뉴스 시점 제외 [이크레더블]: 13건 (>14일/파싱실패)
2026-07-08 11:45:19,585 [INFO] __main__ — 뉴스 시점 제외 [네오위즈홀딩스]: 1건 (>14일/파싱실패)
2026-07-08 11:45:20,327 [INFO] __main__ — 뉴스 시점 제외 [레드캡투어]: 4건 (>14일/파싱실패)
2026-07-08 11:45:20,340 [INFO] __main__ — 뉴스 시점 제외 [일진파워]: 8건 (>14일/파싱실패)
2026-07-08 11:45:20,934 [INFO] __main__ — 뉴스 시점 제외 [와이솔]: 9건 (>14일/파싱실패)
2026-07-08 11:45:22,205 [INFO] __main__ — 뉴스 시점 제외 [푸른저축은행]: 7건 (>14일/파싱실패)
2026-07-08 11:45:23,438 [INFO] __main__ — 뉴스 시점 제외 [재영솔루텍]: 9건 (>14일/파싱실패)
2026-07-08 11:45:23,980 [INFO] __main__ — 뉴스 시점 제외 [티케이케미칼]: 9건 (>14일/파싱실패)
2026-07-08 11:45:24,042 [INFO] __main__ — 뉴스 시점 제외 [엠아이텍]: 9건 (>14일/파싱실패)
2026-07-08 11:45:24,601 [INFO] __main__ — 뉴스 시점 제외 [유비쿼스]: 13건 (>14일/파싱실패)
2026-07-08 11:45:24,637 [INFO] __main__ — 뉴스 시점 제외 [더즌]: 8건 (>14일/파싱실패)
2026-07-08 11:45:25,205 [INFO] __main__ — 뉴스 시점 제외 [신화프리텍]: 7건 (>14일/파싱실패)
2026-07-08 11:45:25,273 [INFO] __main__ — 뉴스 시점 제외 [삼보판지]: 14건 (>14일/파싱실패)
2026-07-08 11:45:27,121 [INFO] __main__ — 뉴스 시점 제외 [그린리소스]: 12건 (>14일/파싱실패)
2026-07-08 11:45:27,746 [INFO] __main__ — 뉴스 시점 제외 [KX]: 3건 (>14일/파싱실패)
2026-07-08 11:45:28,371 [INFO] __main__ — 뉴스 시점 제외 [KT나스미디어]: 12건 (>14일/파싱실패)
2026-07-08 11:45:29,460 [INFO] __main__ — 뉴스 시점 제외 [현대에버다임]: 8건 (>14일/파싱실패)
2026-07-08 11:45:29,617 [INFO] __main__ — 뉴스 시점 제외 [아가방컴퍼니]: 8건 (>14일/파싱실패)
2026-07-08 11:45:30,069 [INFO] __main__ — 뉴스 시점 제외 [퀄리타스반도체]: 2건 (>14일/파싱실패)
2026-07-08 11:45:30,689 [INFO] __main__ — 뉴스 시점 제외 [엠에스씨]: 12건 (>14일/파싱실패)
2026-07-08 11:45:30,835 [INFO] __main__ — 뉴스 시점 제외 [현대바이오랜드]: 1건 (>14일/파싱실패)
2026-07-08 11:45:31,441 [INFO] __main__ — 뉴스 시점 제외 [우리손에프앤지]: 12건 (>14일/파싱실패)
2026-07-08 11:45:32,024 [INFO] __main__ — 뉴스 시점 제외 [솔본]: 11건 (>14일/파싱실패)
2026-07-08 11:45:32,515 [INFO] __main__ — 뉴스 시점 제외 [세운메디칼]: 12건 (>14일/파싱실패)
2026-07-08 11:45:32,651 [INFO] __main__ — 뉴스 시점 제외 [케이엔더블유]: 8건 (>14일/파싱실패)
2026-07-08 11:45:32,800 [INFO] __main__ — 뉴스 시점 제외 [탑런토탈솔루션]: 15건 (>14일/파싱실패)
2026-07-08 11:45:33,261 [INFO] __main__ — 뉴스 시점 제외 [엠에스오토텍]: 11건 (>14일/파싱실패)
2026-07-08 11:45:33,405 [INFO] __main__ — 뉴스 시점 제외 [대정화금]: 14건 (>14일/파싱실패)
2026-07-08 11:45:33,747 [INFO] __main__ — 뉴스 시점 제외 [레이언스]: 13건 (>14일/파싱실패)
2026-07-08 11:45:34,494 [INFO] __main__ — 뉴스 시점 제외 [스톰테크]: 9건 (>14일/파싱실패)
2026-07-08 11:45:34,978 [INFO] __main__ — 뉴스 시점 제외 [정상제이엘에스]: 6건 (>14일/파싱실패)
2026-07-08 11:45:35,597 [INFO] __main__ — 뉴스 시점 제외 [서원인텍]: 13건 (>14일/파싱실패)
2026-07-08 11:45:36,335 [INFO] __main__ — 뉴스 시점 제외 [에이치엔에스하이텍]: 11건 (>14일/파싱실패)
2026-07-08 11:45:38,293 [INFO] __main__ — 뉴스 시점 제외 [동아엘텍]: 10건 (>14일/파싱실패)
2026-07-08 11:45:39,866 [INFO] __main__ — 뉴스 시점 제외 [대림제지]: 14건 (>14일/파싱실패)
2026-07-08 11:45:41,341 [INFO] __main__ — 뉴스 시점 제외 [일지테크]: 6건 (>14일/파싱실패)
2026-07-08 11:45:41,683 [INFO] __main__ — 뉴스 시점 제외 [리드코프]: 9건 (>14일/파싱실패)
2026-07-08 11:45:41,953 [INFO] __main__ — 뉴스 시점 제외 [엔브이에이치코리아]: 11건 (>14일/파싱실패)
2026-07-08 11:45:42,892 [INFO] __main__ — 뉴스 시점 제외 [라이온켐텍]: 13건 (>14일/파싱실패)
2026-07-08 11:45:43,809 [INFO] __main__ — 뉴스 시점 제외 [화일약품]: 6건 (>14일/파싱실패)
2026-07-08 11:45:44,423 [INFO] __main__ — 뉴스 시점 제외 [탑머티리얼]: 9건 (>14일/파싱실패)
2026-07-08 11:45:44,720 [INFO] __main__ — 뉴스 시점 제외 [엔비알모션]: 10건 (>14일/파싱실패)
2026-07-08 11:45:45,639 [INFO] __main__ — 뉴스 시점 제외 [삼륭물산]: 13건 (>14일/파싱실패)
2026-07-08 11:45:46,253 [INFO] __main__ — 뉴스 시점 제외 [한일단조]: 11건 (>14일/파싱실패)
2026-07-08 11:45:46,549 [INFO] __main__ — 뉴스 시점 제외 [에이에스텍]: 10건 (>14일/파싱실패)
2026-07-08 11:45:46,728 [INFO] __main__ — 뉴스 시점 제외 [블루콤]: 13건 (>14일/파싱실패)
2026-07-08 11:45:46,865 [INFO] __main__ — 뉴스 시점 제외 [제이엔케이글로벌]: 11건 (>14일/파싱실패)
2026-07-08 11:45:48,094 [INFO] __main__ — 뉴스 시점 제외 [한국전자인증]: 9건 (>14일/파싱실패)
2026-07-08 11:45:48,698 [INFO] __main__ — 뉴스 시점 제외 [유니테크노]: 9건 (>14일/파싱실패)
2026-07-08 11:45:49,169 [INFO] __main__ — 뉴스 시점 제외 [대륙제관]: 14건 (>14일/파싱실패)
2026-07-08 11:45:49,788 [INFO] __main__ — 뉴스 시점 제외 [한켐]: 12건 (>14일/파싱실패)
2026-07-08 11:45:49,901 [INFO] __main__ — 뉴스 시점 제외 [잉크테크]: 13건 (>14일/파싱실패)
2026-07-08 11:45:50,518 [INFO] __main__ — 뉴스 시점 제외 [케이엘넷]: 14건 (>14일/파싱실패)
2026-07-08 11:45:50,816 [INFO] __main__ — 뉴스 시점 제외 [샌즈랩]: 10건 (>14일/파싱실패)
2026-07-08 11:45:51,135 [INFO] __main__ — 뉴스 시점 제외 [부방]: 12건 (>14일/파싱실패)
2026-07-08 11:45:52,041 [INFO] __main__ — 뉴스 시점 제외 [알파칩스]: 10건 (>14일/파싱실패)
2026-07-08 11:45:52,869 [INFO] __main__ — 뉴스 시점 제외 [퓨런티어]: 12건 (>14일/파싱실패)
2026-07-08 11:45:53,270 [INFO] __main__ — 뉴스 시점 제외 [아셈스]: 14건 (>14일/파싱실패)
2026-07-08 11:45:54,492 [INFO] __main__ — 뉴스 시점 제외 [화성밸브]: 14건 (>14일/파싱실패)
2026-07-08 11:45:54,905 [INFO] __main__ — 뉴스 시점 제외 [HC홈센타]: 8건 (>14일/파싱실패)
2026-07-08 11:45:55,514 [INFO] __main__ — 뉴스 시점 제외 [코렌텍]: 10건 (>14일/파싱실패)
2026-07-08 11:45:56,125 [INFO] __main__ — 뉴스 시점 제외 [수산아이앤티]: 2건 (>14일/파싱실패)
2026-07-08 11:45:56,736 [INFO] __main__ — 뉴스 시점 제외 [제일테크노스]: 11건 (>14일/파싱실패)
2026-07-08 11:45:57,138 [INFO] __main__ — 뉴스 시점 제외 [구영테크]: 9건 (>14일/파싱실패)
2026-07-08 11:45:58,122 [INFO] __main__ — 뉴스 시점 제외 [셀로맥스사이언스]: 10건 (>14일/파싱실패)
2026-07-08 11:45:58,588 [INFO] __main__ — 뉴스 시점 제외 [씨유테크]: 11건 (>14일/파싱실패)
2026-07-08 11:45:59,356 [INFO] __main__ — 뉴스 시점 제외 [제이투케이바이오]: 8건 (>14일/파싱실패)
2026-07-08 11:46:01,044 [INFO] __main__ — 뉴스 시점 제외 [YW]: 14건 (>14일/파싱실패)
2026-07-08 11:46:01,212 [INFO] __main__ — 뉴스 시점 제외 [케이씨피드]: 11건 (>14일/파싱실패)
2026-07-08 11:46:02,325 [INFO] __main__ — 뉴스 시점 제외 [아세아텍]: 5건 (>14일/파싱실패)
2026-07-08 11:46:02,436 [INFO] __main__ — 뉴스 시점 제외 [링크제니시스]: 13건 (>14일/파싱실패)
2026-07-08 11:46:03,564 [INFO] __main__ — 뉴스 시점 제외 [효성오앤비]: 11건 (>14일/파싱실패)
2026-07-08 11:46:04,152 [INFO] __main__ — 뉴스 시점 제외 [유니온바이오메트릭스]: 3건 (>14일/파싱실패)
2026-07-08 11:46:04,777 [INFO] __main__ — 뉴스 시점 제외 [한독크린텍]: 13건 (>14일/파싱실패)
2026-07-08 11:46:04,784 [INFO] __main__ — 뉴스 시점 제외 [서연탑메탈]: 11건 (>14일/파싱실패)
2026-07-08 11:46:06,120 [INFO] __main__ — 뉴스 시점 제외 [그린생명과학]: 9건 (>14일/파싱실패)
2026-07-08 11:46:06,643 [INFO] __main__ — 뉴스 시점 제외 [성우전자]: 11건 (>14일/파싱실패)
2026-07-08 11:46:06,734 [INFO] __main__ — 뉴스 시점 제외 [에이치와이티씨]: 10건 (>14일/파싱실패)
2026-07-08 11:46:07,881 [INFO] __main__ — 뉴스 시점 제외 [네오크레마]: 9건 (>14일/파싱실패)
2026-07-08 11:46:07,893 [INFO] __main__ — 뉴스 시점 제외 [백금T&A]: 12건 (>14일/파싱실패)
2026-07-08 11:46:07,960 [INFO] __main__ — 뉴스 시점 제외 [트윔]: 11건 (>14일/파싱실패)
2026-07-08 11:46:08,511 [INFO] __main__ — 뉴스 시점 제외 [비비씨]: 14건 (>14일/파싱실패)
2026-07-08 11:46:09,114 [INFO] __main__ — 뉴스 시점 제외 [하이딥]: 6건 (>14일/파싱실패)
2026-07-08 11:46:09,135 [INFO] __main__ — 뉴스 시점 제외 [팬엔터테인먼트]: 2건 (>14일/파싱실패)
2026-07-08 11:46:09,167 [INFO] __main__ — 뉴스 시점 제외 [엔텔스]: 11건 (>14일/파싱실패)
2026-07-08 11:46:09,737 [INFO] __main__ — 뉴스 시점 제외 [플랜티넷]: 9건 (>14일/파싱실패)
2026-07-08 11:46:10,360 [INFO] __main__ — 뉴스 시점 제외 [동국알앤에스]: 7건 (>14일/파싱실패)
2026-07-08 11:46:10,371 [INFO] __main__ — 뉴스 시점 제외 [티비씨]: 8건 (>14일/파싱실패)
2026-07-08 11:46:10,383 [INFO] __main__ — 뉴스 시점 제외 [아이퀘스트]: 14건 (>14일/파싱실패)
2026-07-08 11:46:11,076 [INFO] __main__ — POOL_A 후보 부정뉴스 2차 조회: 618개
2026-07-08 11:46:11,080 [INFO] __main__ — POOL_A: 861개 (A:772 B:39 동시:50) | 부정게이트 제외:14
  대형:60 중형:157 소형:644
2026-07-08 11:46:11,087 [INFO] __main__ —   → POOL_A: 861개
2026-07-08 11:46:11,087 [INFO] __main__ — ▶ Step 2: 하드 필터링
2026-07-08 11:46:11,088 [INFO] __main__ — 하드 필터 제거: 845개 | 과열배제 38 | 이격도상한 5 | 이격도하한 310 | MA추세 444 | RSI과열 3 | 거래대금 45
2026-07-08 11:46:11,090 [INFO] __main__ — 과열 gated 기록: 38개 → gated_tickers
2026-07-08 11:46:11,090 [INFO] __main__ — POOL_B: 16개 | 대형:2 중형:6 소형:8
2026-07-08 11:46:11,090 [INFO] __main__ —   → POOL_B: 16개
2026-07-08 11:46:11,091 [INFO] __main__ — ▶ Step 3: 스코어링 (FinBERT 감성 분석)
2026-07-08 11:46:11,091 [INFO] __main__ — NaverClient: 3개 키 로드 (DataLab·검색 독립 회전)
2026-07-08 11:46:11,091 [INFO] __main__ — 텍스트 신규 수집: 16종목 (캐시 적중 0종목)
2026-07-08 11:46:20,107 [INFO] __main__ — 뉴스 시점 제외 [대양금속]: 21건 (>14일/파싱실패)
2026-07-08 11:46:24,106 [INFO] __main__ — 뉴스 시점 제외 [글로벌텍스프리]: 17건 (>14일/파싱실패)
2026-07-08 11:46:27,611 [INFO] __main__ — 뉴스 시점 제외 [뉴파워프라즈마]: 12건 (>14일/파싱실패)
2026-07-08 11:46:34,613 [INFO] __main__ — 수집 완료: 뉴스 149건 | 공시 41건
2026-07-08 11:46:34,613 [INFO] __main__ — FinBERT 감성 분석 (finbert 모드)...
2026-07-08 11:46:34,613 [INFO] __main__ — FinBERT 로딩: snunlp/KR-FinBert-SC (CPU, batch=8)
2026-07-08 11:46:34,762 [INFO] httpx — HTTP Request: GET https://huggingface.co/api/agent-harnesses "HTTP/1.1 200 OK"
2026-07-08 11:46:34,827 [INFO] httpx — HTTP Request: HEAD https://huggingface.co/snunlp/KR-FinBert-SC/resolve/main/config.json "HTTP/1.1 307 Temporary Redirect"
2026-07-08 11:46:34,827 [WARNING] huggingface_hub.utils._http — Warning: You are sending unauthenticated requests to the HF Hub. Please set a HF_TOKEN to enable higher rate limits and faster downloads.
2026-07-08 11:46:34,849 [INFO] httpx — HTTP Request: HEAD https://huggingface.co/api/resolve-cache/models/snunlp/KR-FinBert-SC/f8586286cc3161fb648e9fee09a456069fd846d0/config.json "HTTP/1.1 200 OK"
2026-07-08 11:46:34,930 [INFO] httpx — HTTP Request: HEAD https://huggingface.co/snunlp/KR-FinBert-SC/resolve/main/model.safetensors "HTTP/1.1 404 Not Found"
2026-07-08 11:46:34,993 [INFO] httpx — HTTP Request: GET https://huggingface.co/api/models/snunlp/KR-FinBert-SC "HTTP/1.1 200 OK"
2026-07-08 11:46:35,077 [INFO] httpx — HTTP Request: GET https://huggingface.co/api/models/snunlp/KR-FinBert-SC/commits/main "HTTP/1.1 200 OK"
2026-07-08 11:46:35,156 [INFO] httpx — HTTP Request: GET https://huggingface.co/api/models/snunlp/KR-FinBert-SC/discussions?p=0 "HTTP/1.1 200 OK"
2026-07-08 11:46:35,169 [INFO] httpx — HTTP Request: GET https://huggingface.co/api/models/snunlp/KR-FinBert-SC/tree/main/additional_chat_templates?recursive=false&expand=false "HTTP/1.1 404 Not Found"
2026-07-08 11:46:35,232 [INFO] httpx — HTTP Request: GET https://huggingface.co/api/models/snunlp/KR-FinBert-SC/commits/refs%2Fpr%2F3 "HTTP/1.1 200 OK"
2026-07-08 11:46:35,235 [INFO] httpx — HTTP Request: GET https://huggingface.co/api/models/snunlp/KR-FinBert-SC/tree/main?recursive=true&expand=false "HTTP/1.1 200 OK"
2026-07-08 11:46:35,297 [INFO] httpx — HTTP Request: HEAD https://huggingface.co/snunlp/KR-FinBert-SC/resolve/refs%2Fpr%2F3/model.safetensors.index.json "HTTP/1.1 404 Not Found"
2026-07-08 11:46:35,319 [INFO] httpx — HTTP Request: HEAD https://huggingface.co/snunlp/KR-FinBert-SC/resolve/main/processor_config.json "HTTP/1.1 404 Not Found"
2026-07-08 11:46:35,370 [INFO] httpx — HTTP Request: HEAD https://huggingface.co/snunlp/KR-FinBert-SC/resolve/refs%2Fpr%2F3/model.safetensors "HTTP/1.1 302 Found"
2026-07-08 11:46:35,384 [INFO] httpx — HTTP Request: HEAD https://huggingface.co/snunlp/KR-FinBert-SC/resolve/main/video_preprocessor_config.json "HTTP/1.1 404 Not Found"
2026-07-08 11:46:35,447 [INFO] httpx — HTTP Request: HEAD https://huggingface.co/snunlp/KR-FinBert-SC/resolve/main/preprocessor_config.json "HTTP/1.1 404 Not Found"
2026-07-08 11:46:35,448 [INFO] __main__ — FinBERT 로드 완료 (CPU)
2026-07-08 11:46:44,393 [INFO] __main__ — Phase A.1: 매핑 신뢰도 < 0.5 → 감성 점수 폐기 10건
2026-07-08 11:46:44,394 [INFO] __main__ — 스코어링: 16개 | 집중:1 | FinBERT:finbert
2026-07-08 11:46:44,410 [INFO] __main__ —   → 16개
2026-07-08 11:46:44,410 [INFO] __main__ — ▶ Step 4: 발송
2026-07-08 11:46:48,826 [WARNING] __main__ — 텔레그램 발송 실패 그룹 → mark_sent skip 2개 (다음 실행 시 재발송 대상)
2026-07-08 11:46:48,826 [INFO] __main__ — DB 기록: 1개 / 전체 to_send 3개
2026-07-08 11:46:48,826 [INFO] __main__ — 발송: 집중 1 / 주시 0
2026-07-08 11:46:48,826 [INFO] __main__ — 완료  |  소요: 1206.1초
