2026-07-14 11:11:17,215 [INFO] __main__ — config 검증 완료 ✓
2026-07-14 11:11:17,215 [INFO] __main__ — ============================================================
2026-07-14 11:11:17,216 [INFO] __main__ — AlphaRadar v3.3.1  |  기준일: 20260714
2026-07-14 11:11:17,216 [INFO] __main__ — S = T×0.3 + S_text×0.4 + D×0.3
2026-07-14 11:11:17,216 [INFO] __main__ — ============================================================
2026-07-14 11:11:17,216 [INFO] __main__ — ▶ Step 0: 유니버스 필터링
2026-07-14 11:11:17,389 [INFO] __main__ — FDR 데이터 수집: 20260108 ~ 20260714
2026-07-14 11:11:19,014 [INFO] __main__ — KOSPI: 945개 | 섹터정보 835개 (DART +835개 보완)
2026-07-14 11:11:19,015 [INFO] __main__ — KOSDAQ: 1821개 | 섹터정보 1821개
2026-07-14 11:11:19,015 [INFO] __main__ — 전체: 2766개
2026-07-14 11:11:21,379 [INFO] __main__ — KIS 토큰 발급 완료
2026-07-14 11:26:41,556 [INFO] __main__ — DART corp_code 매핑: 2152/2206개 (97%)
2026-07-14 11:26:41,556 [INFO] __main__ — 유효 유니버스: 2206개
2026-07-14 11:26:41,567 [INFO] __main__ —   → 2206개
2026-07-14 11:26:41,567 [INFO] __main__ — ▶ Step 1: 신호 탐지
2026-07-14 11:26:41,568 [INFO] __main__ — NaverClient: 3개 키 로드 (DataLab·검색 독립 회전)
2026-07-14 11:26:41,568 [INFO] __main__ — 관심 지수 및 부정 뉴스 비율 조회 중...
2026-07-14 11:27:10,825 [INFO] __main__ — 뉴스 시점 제외 [KX하이텍]: 7건 (>14일/파싱실패)
2026-07-14 11:27:13,419 [INFO] __main__ — 뉴스 시점 제외 [씨피시스템]: 9건 (>14일/파싱실패)
2026-07-14 11:27:27,062 [INFO] __main__ — 뉴스 시점 제외 [맥쿼리인프라]: 6건 (>14일/파싱실패)
2026-07-14 11:27:46,310 [INFO] __main__ — 뉴스 시점 제외 [THE E&M]: 13건 (>14일/파싱실패)
2026-07-14 11:27:54,320 [INFO] __main__ — 뉴스 시점 제외 [대주산업]: 7건 (>14일/파싱실패)
2026-07-14 11:27:54,679 [INFO] __main__ — 뉴스 시점 제외 [KBI동양철관]: 6건 (>14일/파싱실패)
2026-07-14 11:27:58,444 [INFO] __main__ — 뉴스 시점 제외 [보성파워텍]: 2건 (>14일/파싱실패)
2026-07-14 11:27:59,428 [INFO] __main__ — 뉴스 시점 제외 [조일알미늄]: 4건 (>14일/파싱실패)
2026-07-14 11:28:06,170 [INFO] __main__ — 뉴스 시점 제외 [키스트론]: 7건 (>14일/파싱실패)
2026-07-14 11:28:11,145 [INFO] __main__ — 뉴스 시점 제외 [SFA넥셀]: 2건 (>14일/파싱실패)
2026-07-14 11:28:19,243 [INFO] __main__ — 뉴스 시점 제외 [한국팩키지]: 14건 (>14일/파싱실패)
2026-07-14 11:28:22,348 [INFO] __main__ — 뉴스 시점 제외 [GRT]: 2건 (>14일/파싱실패)
2026-07-14 11:28:25,439 [INFO] __main__ — 뉴스 시점 제외 [벡트]: 4건 (>14일/파싱실패)
2026-07-14 11:28:27,314 [INFO] __main__ — 뉴스 시점 제외 [티씨머티리얼즈]: 9건 (>14일/파싱실패)
2026-07-14 11:28:35,396 [INFO] __main__ — 뉴스 시점 제외 [KB스타리츠]: 10건 (>14일/파싱실패)
2026-07-14 11:28:36,655 [INFO] __main__ — 뉴스 시점 제외 [서울식품]: 3건 (>14일/파싱실패)
2026-07-14 11:28:37,336 [INFO] __main__ — 뉴스 시점 제외 [시너지이노베이션]: 10건 (>14일/파싱실패)
2026-07-14 11:28:43,278 [INFO] __main__ — 뉴스 시점 제외 [일신석재]: 8건 (>14일/파싱실패)
2026-07-14 11:28:43,779 [INFO] __main__ — 뉴스 시점 제외 [HB솔루션]: 3건 (>14일/파싱실패)
2026-07-14 11:28:45,208 [INFO] __main__ — 뉴스 시점 제외 [해성옵틱스]: 4건 (>14일/파싱실패)
2026-07-14 11:28:46,664 [INFO] __main__ — 뉴스 시점 제외 [우리기술투자]: 10건 (>14일/파싱실패)
2026-07-14 11:28:47,923 [INFO] __main__ — 뉴스 시점 제외 [대아티아이]: 2건 (>14일/파싱실패)
2026-07-14 11:28:51,515 [INFO] __main__ — 뉴스 시점 제외 [한라캐스트]: 7건 (>14일/파싱실패)
2026-07-14 11:28:52,263 [INFO] __main__ — 뉴스 시점 제외 [수산세보틱스]: 9건 (>14일/파싱실패)
2026-07-14 11:28:52,806 [INFO] __main__ — 뉴스 시점 제외 [엘브이엠씨홀딩스]: 14건 (>14일/파싱실패)
2026-07-14 11:28:54,935 [INFO] __main__ — 뉴스 시점 제외 [모베이스전자]: 8건 (>14일/파싱실패)
2026-07-14 11:28:55,296 [INFO] __main__ — 뉴스 시점 제외 [아남전자]: 11건 (>14일/파싱실패)
2026-07-14 11:28:58,886 [INFO] __main__ — 뉴스 시점 제외 [ESR켄달스퀘어리츠]: 4건 (>14일/파싱실패)
2026-07-14 11:29:00,564 [INFO] __main__ — 뉴스 시점 제외 [에이팩트]: 8건 (>14일/파싱실패)
2026-07-14 11:29:11,920 [INFO] __main__ — 뉴스 시점 제외 [하이드로리튬]: 9건 (>14일/파싱실패)
2026-07-14 11:29:12,691 [INFO] __main__ — 뉴스 시점 제외 [알루코]: 7건 (>14일/파싱실패)
2026-07-14 11:29:21,168 [INFO] __main__ — 뉴스 시점 제외 [대영포장]: 15건 (>14일/파싱실패)
2026-07-14 11:29:23,650 [INFO] __main__ — 뉴스 시점 제외 [미래에셋증권2우B]: 13건 (>14일/파싱실패)
2026-07-14 11:29:27,913 [INFO] __main__ — 뉴스 시점 제외 [에이티넘인베스트]: 13건 (>14일/파싱실패)
2026-07-14 11:29:31,681 [INFO] __main__ — 뉴스 시점 제외 [삼륭물산]: 14건 (>14일/파싱실패)
2026-07-14 11:29:38,532 [INFO] __main__ — 뉴스 시점 제외 [지에스이]: 7건 (>14일/파싱실패)
2026-07-14 11:29:38,622 [INFO] __main__ — 뉴스 시점 제외 [와이제이링크]: 11건 (>14일/파싱실패)
2026-07-14 11:29:48,217 [INFO] __main__ — 뉴스 시점 제외 [원익피앤이]: 5건 (>14일/파싱실패)
2026-07-14 11:29:52,617 [INFO] __main__ — 뉴스 시점 제외 [슈어소프트테크]: 10건 (>14일/파싱실패)
2026-07-14 11:29:54,072 [INFO] __main__ — 뉴스 시점 제외 [영화금속]: 9건 (>14일/파싱실패)
2026-07-14 11:29:57,631 [INFO] __main__ — 뉴스 시점 제외 [포스코스틸리온]: 1건 (>14일/파싱실패)
2026-07-14 11:29:57,803 [INFO] __main__ — 뉴스 시점 제외 [경인양행]: 8건 (>14일/파싱실패)
2026-07-14 11:29:58,179 [INFO] __main__ — 뉴스 시점 제외 [태경케미컬]: 5건 (>14일/파싱실패)
2026-07-14 11:29:59,439 [INFO] __main__ — 뉴스 시점 제외 [YG PLUS]: 6건 (>14일/파싱실패)
2026-07-14 11:30:01,523 [INFO] __main__ — 뉴스 시점 제외 [대성에너지]: 7건 (>14일/파싱실패)
2026-07-14 11:30:01,901 [INFO] __main__ — 뉴스 시점 제외 [지앤비에스 에코]: 1건 (>14일/파싱실패)
2026-07-14 11:30:05,273 [INFO] __main__ — 뉴스 시점 제외 [이루온]: 9건 (>14일/파싱실패)
2026-07-14 11:30:13,897 [INFO] __main__ — 뉴스 시점 제외 [모헨즈]: 8건 (>14일/파싱실패)
2026-07-14 11:30:15,122 [INFO] __main__ — 뉴스 시점 제외 [한일단조]: 11건 (>14일/파싱실패)
2026-07-14 11:30:15,139 [INFO] __main__ — 뉴스 시점 제외 [에코프로에이치엔]: 5건 (>14일/파싱실패)
2026-07-14 11:30:17,761 [INFO] __main__ — 뉴스 시점 제외 [티케이케미칼]: 8건 (>14일/파싱실패)
2026-07-14 11:30:21,929 [INFO] __main__ — 부정 키워드 감지: 31개 종목 (neg_ratio > 0)
2026-07-14 11:30:21,933 [INFO] __main__ — 수급일수충족·합계음수 제외: 128개
2026-07-14 11:30:29,930 [INFO] __main__ — 뉴스 시점 제외 [DN오토모티브]: 7건 (>14일/파싱실패)
2026-07-14 11:30:32,841 [INFO] __main__ — 뉴스 시점 제외 [KB발해인프라]: 12건 (>14일/파싱실패)
2026-07-14 11:30:36,942 [INFO] __main__ — 뉴스 시점 제외 [세방전지]: 9건 (>14일/파싱실패)
2026-07-14 11:30:38,269 [INFO] __main__ — 뉴스 시점 제외 [세진중공업]: 3건 (>14일/파싱실패)
2026-07-14 11:30:38,988 [INFO] __main__ — 뉴스 시점 제외 [맵스리얼티]: 15건 (>14일/파싱실패)
2026-07-14 11:30:40,397 [INFO] __main__ — 뉴스 시점 제외 [미원에스씨]: 2건 (>14일/파싱실패)
2026-07-14 11:30:41,023 [INFO] __main__ — 뉴스 시점 제외 [전진건설로봇]: 6건 (>14일/파싱실패)
2026-07-14 11:30:42,020 [INFO] __main__ — 뉴스 시점 제외 [풍산홀딩스]: 10건 (>14일/파싱실패)
2026-07-14 11:30:42,749 [INFO] __main__ — 뉴스 시점 제외 [조광피혁]: 13건 (>14일/파싱실패)
2026-07-14 11:30:43,443 [INFO] __main__ — 뉴스 시점 제외 [코람코더원리츠]: 14건 (>14일/파싱실패)
2026-07-14 11:30:44,049 [INFO] __main__ — 뉴스 시점 제외 [신도리코]: 8건 (>14일/파싱실패)
2026-07-14 11:30:44,127 [INFO] __main__ — 뉴스 시점 제외 [아모레퍼시픽우]: 8건 (>14일/파싱실패)
2026-07-14 11:30:44,824 [INFO] __main__ — 뉴스 시점 제외 [코스모화학]: 8건 (>14일/파싱실패)
2026-07-14 11:30:45,484 [INFO] __main__ — 뉴스 시점 제외 [KPX홀딩스]: 9건 (>14일/파싱실패)
2026-07-14 11:30:46,188 [INFO] __main__ — 뉴스 시점 제외 [국도화학]: 12건 (>14일/파싱실패)
2026-07-14 11:30:47,526 [INFO] __main__ — 뉴스 시점 제외 [아세아제지]: 11건 (>14일/파싱실패)
2026-07-14 11:30:48,878 [INFO] __main__ — 뉴스 시점 제외 [삼성물산우B]: 15건 (>14일/파싱실패)
2026-07-14 11:30:49,493 [INFO] __main__ — 뉴스 시점 제외 [서울가스]: 7건 (>14일/파싱실패)
2026-07-14 11:30:50,932 [INFO] __main__ — 뉴스 시점 제외 [S-Oil우]: 12건 (>14일/파싱실패)
2026-07-14 11:30:51,617 [INFO] __main__ — 뉴스 시점 제외 [미창석유]: 10건 (>14일/파싱실패)
2026-07-14 11:30:51,672 [INFO] __main__ — 뉴스 시점 제외 [CR홀딩스]: 11건 (>14일/파싱실패)
2026-07-14 11:30:52,296 [INFO] __main__ — 뉴스 시점 제외 [천일고속]: 15건 (>14일/파싱실패)
2026-07-14 11:30:53,222 [INFO] __main__ — 뉴스 시점 제외 [모토닉]: 12건 (>14일/파싱실패)
2026-07-14 11:30:53,908 [INFO] __main__ — 뉴스 시점 제외 [진양홀딩스]: 8건 (>14일/파싱실패)
2026-07-14 11:30:54,342 [INFO] __main__ — 뉴스 시점 제외 [LG생활건강우]: 13건 (>14일/파싱실패)
2026-07-14 11:30:55,016 [INFO] __main__ — 뉴스 시점 제외 [하이트진로홀딩스]: 10건 (>14일/파싱실패)
2026-07-14 11:30:55,713 [INFO] __main__ — 뉴스 시점 제외 [대성산업]: 5건 (>14일/파싱실패)
2026-07-14 11:30:55,975 [INFO] __main__ — 뉴스 시점 제외 [LG우]: 14건 (>14일/파싱실패)
2026-07-14 11:30:56,669 [INFO] __main__ — 뉴스 시점 제외 [에스엠벡셀]: 8건 (>14일/파싱실패)
2026-07-14 11:30:58,452 [INFO] __main__ — 뉴스 시점 제외 [SYTS]: 12건 (>14일/파싱실패)
2026-07-14 11:30:59,433 [INFO] __main__ — 뉴스 시점 제외 [조선내화]: 10건 (>14일/파싱실패)
2026-07-14 11:30:59,816 [INFO] __main__ — 뉴스 시점 제외 [CJ제일제당 우]: 15건 (>14일/파싱실패)
2026-07-14 11:31:00,134 [INFO] __main__ — 뉴스 시점 제외 [삼익THK]: 3건 (>14일/파싱실패)
2026-07-14 11:31:00,828 [INFO] __main__ — 뉴스 시점 제외 [유수홀딩스]: 5건 (>14일/파싱실패)
2026-07-14 11:31:01,183 [INFO] __main__ — 뉴스 시점 제외 [삼화전기]: 4건 (>14일/파싱실패)
2026-07-14 11:31:01,514 [INFO] __main__ — 뉴스 시점 제외 [한국주철관]: 12건 (>14일/파싱실패)
2026-07-14 11:31:01,526 [INFO] __main__ — 뉴스 시점 제외 [신라교역]: 7건 (>14일/파싱실패)
2026-07-14 11:31:02,886 [INFO] __main__ — 뉴스 시점 제외 [미원홀딩스]: 12건 (>14일/파싱실패)
2026-07-14 11:31:02,898 [INFO] __main__ — 뉴스 시점 제외 [디씨엠]: 12건 (>14일/파싱실패)
2026-07-14 11:31:03,232 [INFO] __main__ — 뉴스 시점 제외 [화승코퍼레이션]: 13건 (>14일/파싱실패)
2026-07-14 11:31:03,573 [INFO] __main__ — 뉴스 시점 제외 [키다리스튜디오]: 3건 (>14일/파싱실패)
2026-07-14 11:31:04,270 [INFO] __main__ — 뉴스 시점 제외 [HDC현대EP]: 12건 (>14일/파싱실패)
2026-07-14 11:31:04,604 [INFO] __main__ — 뉴스 시점 제외 [인천도시가스]: 10건 (>14일/파싱실패)
2026-07-14 11:31:05,631 [INFO] __main__ — 뉴스 시점 제외 [현대코퍼레이션홀딩스]: 13건 (>14일/파싱실패)
2026-07-14 11:31:06,317 [INFO] __main__ — 뉴스 시점 제외 [경동인베스트]: 8건 (>14일/파싱실패)
2026-07-14 11:31:06,336 [INFO] __main__ — 뉴스 시점 제외 [두올]: 8건 (>14일/파싱실패)
2026-07-14 11:31:06,656 [INFO] __main__ — 뉴스 시점 제외 [대성홀딩스]: 10건 (>14일/파싱실패)
2026-07-14 11:31:06,995 [INFO] __main__ — 뉴스 시점 제외 [조선선재]: 8건 (>14일/파싱실패)
2026-07-14 11:31:07,672 [INFO] __main__ — 뉴스 시점 제외 [HS애드]: 10건 (>14일/파싱실패)
2026-07-14 11:31:07,689 [INFO] __main__ — 뉴스 시점 제외 [GS우]: 13건 (>14일/파싱실패)
2026-07-14 11:31:08,010 [INFO] __main__ — 뉴스 시점 제외 [샘표식품]: 4건 (>14일/파싱실패)
2026-07-14 11:31:09,219 [INFO] __main__ — 뉴스 시점 제외 [황금에스티]: 7건 (>14일/파싱실패)
2026-07-14 11:31:09,376 [INFO] __main__ — 뉴스 시점 제외 [NI스틸]: 14건 (>14일/파싱실패)
2026-07-14 11:31:09,902 [INFO] __main__ — 뉴스 시점 제외 [CS홀딩스]: 14건 (>14일/파싱실패)
2026-07-14 11:31:10,595 [INFO] __main__ — 뉴스 시점 제외 [우신시스템]: 10건 (>14일/파싱실패)
2026-07-14 11:31:10,596 [INFO] __main__ — 뉴스 시점 제외 [한솔로지스틱스]: 6건 (>14일/파싱실패)
2026-07-14 11:31:11,278 [INFO] __main__ — 뉴스 시점 제외 [화천기공]: 5건 (>14일/파싱실패)
2026-07-14 11:31:11,287 [INFO] __main__ — 뉴스 시점 제외 [NH프라임리츠]: 13건 (>14일/파싱실패)
2026-07-14 11:31:11,408 [INFO] __main__ — 뉴스 시점 제외 [SK이노베이션우]: 14건 (>14일/파싱실패)
2026-07-14 11:31:11,957 [INFO] __main__ — 뉴스 시점 제외 [성창기업지주]: 14건 (>14일/파싱실패)
2026-07-14 11:31:12,087 [INFO] __main__ — 뉴스 시점 제외 [아모레퍼시픽홀딩스우]: 14건 (>14일/파싱실패)
2026-07-14 11:31:12,659 [INFO] __main__ — 뉴스 시점 제외 [유한양행우]: 13건 (>14일/파싱실패)
2026-07-14 11:31:13,355 [INFO] __main__ — 뉴스 시점 제외 [삼정펄프]: 14건 (>14일/파싱실패)
2026-07-14 11:31:14,018 [INFO] __main__ — 뉴스 시점 제외 [삼성출판사]: 10건 (>14일/파싱실패)
2026-07-14 11:31:14,036 [INFO] __main__ — 뉴스 시점 제외 [테이팩스]: 9건 (>14일/파싱실패)
2026-07-14 11:31:14,140 [INFO] __main__ — 뉴스 시점 제외 [호전실업]: 11건 (>14일/파싱실패)
2026-07-14 11:31:14,687 [INFO] __main__ — 뉴스 시점 제외 [하이스틸]: 4건 (>14일/파싱실패)
2026-07-14 11:31:14,816 [INFO] __main__ — 뉴스 시점 제외 [남양유업우]: 15건 (>14일/파싱실패)
2026-07-14 11:31:15,353 [INFO] __main__ — 뉴스 시점 제외 [보락]: 7건 (>14일/파싱실패)
2026-07-14 11:31:15,390 [INFO] __main__ — 뉴스 시점 제외 [화천기계]: 12건 (>14일/파싱실패)
2026-07-14 11:31:16,714 [INFO] __main__ — 뉴스 시점 제외 [롯데칠성우]: 15건 (>14일/파싱실패)
2026-07-14 11:31:16,745 [INFO] __main__ — 뉴스 시점 제외 [SJM홀딩스]: 15건 (>14일/파싱실패)
2026-07-14 11:31:16,836 [INFO] __main__ — 뉴스 시점 제외 [SG세계물산]: 9건 (>14일/파싱실패)
2026-07-14 11:31:17,395 [INFO] __main__ — 뉴스 시점 제외 [인팩]: 12건 (>14일/파싱실패)
2026-07-14 11:31:18,104 [INFO] __main__ — 뉴스 시점 제외 [SK케미칼우]: 14건 (>14일/파싱실패)
2026-07-14 11:31:18,230 [INFO] __main__ — 뉴스 시점 제외 [문배철강]: 8건 (>14일/파싱실패)
2026-07-14 11:31:18,782 [INFO] __main__ — 뉴스 시점 제외 [한화솔루션우]: 12건 (>14일/파싱실패)
2026-07-14 11:31:19,456 [INFO] __main__ — 뉴스 시점 제외 [금비]: 11건 (>14일/파싱실패)
2026-07-14 11:31:19,594 [INFO] __main__ — 뉴스 시점 제외 [우진플라임]: 15건 (>14일/파싱실패)
2026-07-14 11:31:20,150 [INFO] __main__ — 뉴스 시점 제외 [DL우]: 14건 (>14일/파싱실패)
2026-07-14 11:31:20,273 [INFO] __main__ — 뉴스 시점 제외 [대림통상]: 8건 (>14일/파싱실패)
2026-07-14 11:31:20,833 [INFO] __main__ — 뉴스 시점 제외 [경인전자]: 13건 (>14일/파싱실패)
2026-07-14 11:31:20,955 [INFO] __main__ — 뉴스 시점 제외 [세기상사]: 10건 (>14일/파싱실패)
2026-07-14 11:31:33,620 [INFO] __main__ — 뉴스 시점 제외 [티에프이]: 2건 (>14일/파싱실패)
2026-07-14 11:31:36,335 [INFO] __main__ — 뉴스 시점 제외 [큐렉소]: 3건 (>14일/파싱실패)
2026-07-14 11:31:39,721 [INFO] __main__ — 뉴스 시점 제외 [인화정공]: 9건 (>14일/파싱실패)
2026-07-14 11:31:41,927 [INFO] __main__ — 뉴스 시점 제외 [엔젤로보틱스]: 1건 (>14일/파싱실패)
2026-07-14 11:31:43,297 [INFO] __main__ — 뉴스 시점 제외 [매커스]: 11건 (>14일/파싱실패)
2026-07-14 11:31:43,950 [INFO] __main__ — 뉴스 시점 제외 [케이티알파]: 9건 (>14일/파싱실패)
2026-07-14 11:31:43,970 [INFO] __main__ — 뉴스 시점 제외 [삼목에스폼]: 13건 (>14일/파싱실패)
2026-07-14 11:31:45,336 [INFO] __main__ — 뉴스 시점 제외 [에스엔시스]: 12건 (>14일/파싱실패)
2026-07-14 11:31:45,998 [INFO] __main__ — 뉴스 시점 제외 [한선엔지니어링]: 11건 (>14일/파싱실패)
2026-07-14 11:31:46,006 [INFO] __main__ — 뉴스 시점 제외 [석경에이티]: 4건 (>14일/파싱실패)
2026-07-14 11:31:46,081 [INFO] __main__ — 뉴스 시점 제외 [상신이디피]: 9건 (>14일/파싱실패)
2026-07-14 11:31:46,682 [INFO] __main__ — 뉴스 시점 제외 [국보디자인]: 11건 (>14일/파싱실패)
2026-07-14 11:31:46,693 [INFO] __main__ — 뉴스 시점 제외 [BGF에코머티리얼즈]: 14건 (>14일/파싱실패)
2026-07-14 11:31:46,757 [INFO] __main__ — 뉴스 시점 제외 [네오위즈홀딩스]: 2건 (>14일/파싱실패)
2026-07-14 11:31:48,813 [INFO] __main__ — 뉴스 시점 제외 [코메론]: 13건 (>14일/파싱실패)
2026-07-14 11:31:49,491 [INFO] __main__ — 뉴스 시점 제외 [나이벡]: 6건 (>14일/파싱실패)
2026-07-14 11:31:50,176 [INFO] __main__ — 뉴스 시점 제외 [일진파워]: 7건 (>14일/파싱실패)
2026-07-14 11:31:52,851 [INFO] __main__ — 뉴스 시점 제외 [우양에이치씨]: 10건 (>14일/파싱실패)
2026-07-14 11:31:52,919 [INFO] __main__ — 뉴스 시점 제외 [인선이엔티]: 12건 (>14일/파싱실패)
2026-07-14 11:31:53,601 [INFO] __main__ — 뉴스 시점 제외 [재영솔루텍]: 8건 (>14일/파싱실패)
2026-07-14 11:31:54,217 [INFO] __main__ — 뉴스 시점 제외 [엠아이텍]: 9건 (>14일/파싱실패)
2026-07-14 11:31:54,290 [INFO] __main__ — 뉴스 시점 제외 [고려신용정보]: 14건 (>14일/파싱실패)
2026-07-14 11:31:55,618 [INFO] __main__ — 뉴스 시점 제외 [제룡산업]: 2건 (>14일/파싱실패)
2026-07-14 11:31:56,252 [INFO] __main__ — 뉴스 시점 제외 [삼보판지]: 15건 (>14일/파싱실패)
2026-07-14 11:31:57,694 [INFO] __main__ — 뉴스 시점 제외 [성도이엔지]: 10건 (>14일/파싱실패)
2026-07-14 11:31:58,989 [INFO] __main__ — 뉴스 시점 제외 [솔본]: 12건 (>14일/파싱실패)
2026-07-14 11:31:59,907 [INFO] __main__ — 뉴스 시점 제외 [아가방컴퍼니]: 9건 (>14일/파싱실패)
2026-07-14 11:32:01,055 [INFO] __main__ — 뉴스 시점 제외 [지어소프트]: 13건 (>14일/파싱실패)
2026-07-14 11:32:01,259 [INFO] __main__ — 뉴스 시점 제외 [킵스파마]: 6건 (>14일/파싱실패)
2026-07-14 11:32:01,937 [INFO] __main__ — 뉴스 시점 제외 [우리손에프앤지]: 14건 (>14일/파싱실패)
2026-07-14 11:32:02,426 [INFO] __main__ — 뉴스 시점 제외 [현대에버다임]: 7건 (>14일/파싱실패)
2026-07-14 11:32:02,626 [INFO] __main__ — 뉴스 시점 제외 [케이에스피]: 8건 (>14일/파싱실패)
2026-07-14 11:32:03,806 [INFO] __main__ — 뉴스 시점 제외 [케이알엠]: 11건 (>14일/파싱실패)
2026-07-14 11:32:03,983 [INFO] __main__ — 뉴스 시점 제외 [현대바이오랜드]: 5건 (>14일/파싱실패)
2026-07-14 11:32:05,173 [INFO] __main__ — 뉴스 시점 제외 [케이엔더블유]: 10건 (>14일/파싱실패)
2026-07-14 11:32:05,198 [INFO] __main__ — 뉴스 시점 제외 [대정화금]: 13건 (>14일/파싱실패)
2026-07-14 11:32:05,861 [INFO] __main__ — 뉴스 시점 제외 [세운메디칼]: 14건 (>14일/파싱실패)
2026-07-14 11:32:05,872 [INFO] __main__ — 뉴스 시점 제외 [탑런토탈솔루션]: 13건 (>14일/파싱실패)
2026-07-14 11:32:06,556 [INFO] __main__ — 뉴스 시점 제외 [스톰테크]: 11건 (>14일/파싱실패)
2026-07-14 11:32:07,247 [INFO] __main__ — 뉴스 시점 제외 [메드팩토]: 9건 (>14일/파싱실패)
2026-07-14 11:32:07,918 [INFO] __main__ — 뉴스 시점 제외 [디와이피엔에프]: 13건 (>14일/파싱실패)
2026-07-14 11:32:08,069 [INFO] __main__ — 뉴스 시점 제외 [우림피티에스]: 3건 (>14일/파싱실패)
2026-07-14 11:32:08,666 [INFO] __main__ — 뉴스 시점 제외 [스모트로닉]: 7건 (>14일/파싱실패)
2026-07-14 11:32:10,019 [INFO] __main__ — 뉴스 시점 제외 [오상헬스케어]: 9건 (>14일/파싱실패)
2026-07-14 11:32:10,109 [INFO] __main__ — 뉴스 시점 제외 [동아엘텍]: 10건 (>14일/파싱실패)
2026-07-14 11:32:10,793 [INFO] __main__ — 뉴스 시점 제외 [엑스페릭스]: 10건 (>14일/파싱실패)
2026-07-14 11:32:11,321 [INFO] __main__ — 뉴스 시점 제외 [일지테크]: 5건 (>14일/파싱실패)
2026-07-14 11:32:12,159 [INFO] __main__ — 뉴스 시점 제외 [지구홀딩스]: 10건 (>14일/파싱실패)
2026-07-14 11:32:12,675 [INFO] __main__ — 뉴스 시점 제외 [디앤씨미디어]: 3건 (>14일/파싱실패)
2026-07-14 11:32:12,857 [INFO] __main__ — 뉴스 시점 제외 [한국가구]: 7건 (>14일/파싱실패)
2026-07-14 11:32:13,424 [INFO] __main__ — 뉴스 시점 제외 [에이치엔에스하이텍]: 13건 (>14일/파싱실패)
2026-07-14 11:32:15,071 [INFO] __main__ — 뉴스 시점 제외 [엔브이에이치코리아]: 12건 (>14일/파싱실패)
2026-07-14 11:32:15,463 [INFO] __main__ — 뉴스 시점 제외 [HRS]: 2건 (>14일/파싱실패)
2026-07-14 11:32:16,762 [INFO] __main__ — 뉴스 시점 제외 [양지사]: 12건 (>14일/파싱실패)
2026-07-14 11:32:17,436 [INFO] __main__ — 뉴스 시점 제외 [뉴프렉스]: 9건 (>14일/파싱실패)
2026-07-14 11:32:17,800 [INFO] __main__ — 뉴스 시점 제외 [리드코프]: 12건 (>14일/파싱실패)
2026-07-14 11:32:18,175 [INFO] __main__ — 뉴스 시점 제외 [드림씨아이에스]: 8건 (>14일/파싱실패)
2026-07-14 11:32:18,482 [INFO] __main__ — 뉴스 시점 제외 [영화테크]: 12건 (>14일/파싱실패)
2026-07-14 11:32:18,793 [INFO] __main__ — 뉴스 시점 제외 [로보로보]: 9건 (>14일/파싱실패)
2026-07-14 11:32:19,161 [INFO] __main__ — 뉴스 시점 제외 [라이온켐텍]: 10건 (>14일/파싱실패)
2026-07-14 11:32:19,532 [INFO] __main__ — 뉴스 시점 제외 [이상네트웍스]: 12건 (>14일/파싱실패)
2026-07-14 11:32:20,159 [INFO] __main__ — 뉴스 시점 제외 [팅크웨어]: 12건 (>14일/파싱실패)
2026-07-14 11:32:20,220 [INFO] __main__ — 뉴스 시점 제외 [싸이닉솔루션]: 9건 (>14일/파싱실패)
2026-07-14 11:32:20,522 [INFO] __main__ — 뉴스 시점 제외 [삼현철강]: 6건 (>14일/파싱실패)
2026-07-14 11:32:20,902 [INFO] __main__ — 뉴스 시점 제외 [바이오에프디엔씨]: 4건 (>14일/파싱실패)
2026-07-14 11:32:21,198 [INFO] __main__ — 뉴스 시점 제외 [아이디피]: 14건 (>14일/파싱실패)
2026-07-14 11:32:21,573 [INFO] __main__ — 뉴스 시점 제외 [싸이토젠]: 12건 (>14일/파싱실패)
2026-07-14 11:32:21,872 [INFO] __main__ — 뉴스 시점 제외 [새빗켐]: 13건 (>14일/파싱실패)
2026-07-14 11:32:23,238 [INFO] __main__ — 뉴스 시점 제외 [모델솔루션]: 8건 (>14일/파싱실패)
2026-07-14 11:32:23,548 [INFO] __main__ — 뉴스 시점 제외 [큐에스아이]: 9건 (>14일/파싱실패)
2026-07-14 11:32:23,603 [INFO] __main__ — 뉴스 시점 제외 [CG인바이츠]: 6건 (>14일/파싱실패)
2026-07-14 11:32:24,772 [INFO] __main__ — 뉴스 시점 제외 [블루콤]: 13건 (>14일/파싱실패)
2026-07-14 11:32:25,082 [INFO] __main__ — 뉴스 시점 제외 [에스피소프트]: 10건 (>14일/파싱실패)
2026-07-14 11:32:25,452 [INFO] __main__ — 뉴스 시점 제외 [푸드웰]: 13건 (>14일/파싱실패)
2026-07-14 11:32:28,020 [INFO] __main__ — 뉴스 시점 제외 [고바이오랩]: 6건 (>14일/파싱실패)
2026-07-14 11:32:28,182 [INFO] __main__ — 뉴스 시점 제외 [케이엘넷]: 12건 (>14일/파싱실패)
2026-07-14 11:32:28,875 [INFO] __main__ — 뉴스 시점 제외 [셀바이오휴먼텍]: 9건 (>14일/파싱실패)
2026-07-14 11:32:28,882 [INFO] __main__ — 뉴스 시점 제외 [스마트레이더시스템]: 8건 (>14일/파싱실패)
2026-07-14 11:32:29,744 [INFO] __main__ — 뉴스 시점 제외 [삼양케이씨아이]: 11건 (>14일/파싱실패)
2026-07-14 11:32:30,427 [INFO] __main__ — 뉴스 시점 제외 [부방]: 13건 (>14일/파싱실패)
2026-07-14 11:32:31,428 [INFO] __main__ — 뉴스 시점 제외 [탑코미디어]: 15건 (>14일/파싱실패)
2026-07-14 11:32:31,785 [INFO] __main__ — 뉴스 시점 제외 [코스리거글로벌]: 11건 (>14일/파싱실패)
2026-07-14 11:32:32,495 [INFO] __main__ — 뉴스 시점 제외 [한국선재]: 8건 (>14일/파싱실패)
2026-07-14 11:32:32,786 [INFO] __main__ — 뉴스 시점 제외 [퓨런티어]: 10건 (>14일/파싱실패)
2026-07-14 11:32:32,979 [INFO] __main__ — 뉴스 시점 제외 [코렌텍]: 13건 (>14일/파싱실패)
2026-07-14 11:32:33,472 [INFO] __main__ — 뉴스 시점 제외 [경창산업]: 8건 (>14일/파싱실패)
2026-07-14 11:32:33,833 [INFO] __main__ — 뉴스 시점 제외 [제이씨현시스템]: 11건 (>14일/파싱실패)
2026-07-14 11:32:34,020 [INFO] __main__ — 뉴스 시점 제외 [SG&G]: 13건 (>14일/파싱실패)
2026-07-14 11:32:34,677 [INFO] __main__ — 뉴스 시점 제외 [수산아이앤티]: 12건 (>14일/파싱실패)
2026-07-14 11:32:34,842 [INFO] __main__ — 뉴스 시점 제외 [나래나노텍]: 7건 (>14일/파싱실패)
2026-07-14 11:32:36,250 [INFO] __main__ — 뉴스 시점 제외 [구영테크]: 11건 (>14일/파싱실패)
2026-07-14 11:32:36,926 [INFO] __main__ — 뉴스 시점 제외 [탑엔지니어링]: 5건 (>14일/파싱실패)
2026-07-14 11:32:36,936 [INFO] __main__ — 뉴스 시점 제외 [오상자이엘]: 11건 (>14일/파싱실패)
2026-07-14 11:32:37,618 [INFO] __main__ — 뉴스 시점 제외 [프로이천]: 9건 (>14일/파싱실패)
2026-07-14 11:32:38,314 [INFO] __main__ — 뉴스 시점 제외 [에스피시스템스]: 11건 (>14일/파싱실패)
2026-07-14 11:32:38,315 [INFO] __main__ — 뉴스 시점 제외 [에어레인]: 2건 (>14일/파싱실패)
2026-07-14 11:32:39,009 [INFO] __main__ — 뉴스 시점 제외 [아이엠비디엑스]: 13건 (>14일/파싱실패)
2026-07-14 11:32:39,668 [INFO] __main__ — 뉴스 시점 제외 [흥국에프엔비]: 10건 (>14일/파싱실패)
2026-07-14 11:32:39,696 [INFO] __main__ — 뉴스 시점 제외 [쎄크]: 2건 (>14일/파싱실패)
2026-07-14 11:32:39,703 [INFO] __main__ — 뉴스 시점 제외 [디티씨]: 11건 (>14일/파싱실패)
2026-07-14 11:32:40,370 [INFO] __main__ — 뉴스 시점 제외 [코닉오토메이션]: 4건 (>14일/파싱실패)
2026-07-14 11:32:40,382 [INFO] __main__ — 뉴스 시점 제외 [NHN벅스]: 10건 (>14일/파싱실패)
2026-07-14 11:32:41,059 [INFO] __main__ — 뉴스 시점 제외 [케이씨피드]: 10건 (>14일/파싱실패)
2026-07-14 11:32:41,901 [INFO] __main__ — 뉴스 시점 제외 [TPC로보틱스]: 11건 (>14일/파싱실패)
2026-07-14 11:32:41,908 [INFO] __main__ — 뉴스 시점 제외 [푸른로보틱스]: 11건 (>14일/파싱실패)
2026-07-14 11:32:42,558 [INFO] __main__ — 뉴스 시점 제외 [인지디스플레]: 10건 (>14일/파싱실패)
2026-07-14 11:32:42,584 [INFO] __main__ — 뉴스 시점 제외 [앱코]: 9건 (>14일/파싱실패)
2026-07-14 11:32:42,593 [INFO] __main__ — 뉴스 시점 제외 [동방선기]: 8건 (>14일/파싱실패)
2026-07-14 11:32:43,233 [INFO] __main__ — 뉴스 시점 제외 [서린바이오]: 11건 (>14일/파싱실패)
2026-07-14 11:32:43,277 [INFO] __main__ — 뉴스 시점 제외 [에이텍모빌리티]: 8건 (>14일/파싱실패)
2026-07-14 11:32:43,930 [INFO] __main__ — 뉴스 시점 제외 [쎄노텍]: 10건 (>14일/파싱실패)
2026-07-14 11:32:44,610 [INFO] __main__ — 뉴스 시점 제외 [상신전자]: 10건 (>14일/파싱실패)
2026-07-14 11:32:44,634 [INFO] __main__ — 뉴스 시점 제외 [한독크린텍]: 14건 (>14일/파싱실패)
2026-07-14 11:32:45,275 [INFO] __main__ — 뉴스 시점 제외 [링크제니시스]: 13건 (>14일/파싱실패)
2026-07-14 11:32:45,976 [INFO] __main__ — 뉴스 시점 제외 [그린생명과학]: 10건 (>14일/파싱실패)
2026-07-14 11:32:46,663 [INFO] __main__ — 뉴스 시점 제외 [서연탑메탈]: 10건 (>14일/파싱실패)
2026-07-14 11:32:48,715 [INFO] __main__ — 뉴스 시점 제외 [에코캡]: 11건 (>14일/파싱실패)
2026-07-14 11:32:49,399 [INFO] __main__ — 뉴스 시점 제외 [프리시젼바이오]: 10건 (>14일/파싱실패)
2026-07-14 11:32:49,457 [INFO] __main__ — 뉴스 시점 제외 [하이딥]: 6건 (>14일/파싱실패)
2026-07-14 11:32:50,151 [INFO] __main__ — 뉴스 시점 제외 [엔바이오니아]: 12건 (>14일/파싱실패)
2026-07-14 11:32:50,845 [INFO] __main__ — 뉴스 시점 제외 [팬엔터테인먼트]: 5건 (>14일/파싱실패)
2026-07-14 11:32:50,875 [INFO] __main__ — 뉴스 시점 제외 [미트박스]: 12건 (>14일/파싱실패)
2026-07-14 11:32:51,548 [INFO] __main__ — 뉴스 시점 제외 [네오크레마]: 12건 (>14일/파싱실패)
2026-07-14 11:32:52,115 [INFO] __main__ — 뉴스 시점 제외 [제이엔비]: 9건 (>14일/파싱실패)
2026-07-14 11:32:52,794 [INFO] __main__ — 뉴스 시점 제외 [알톤]: 4건 (>14일/파싱실패)
2026-07-14 11:32:52,918 [INFO] __main__ — 뉴스 시점 제외 [엔텔스]: 9건 (>14일/파싱실패)
2026-07-14 11:32:53,019 [INFO] __main__ — POOL_A 후보 부정뉴스 2차 조회: 649개
2026-07-14 11:32:53,022 [INFO] __main__ — POOL_A: 906개 (A:869 B:11 동시:26) | 부정게이트 제외:15
  대형:62 중형:155 소형:689
2026-07-14 11:32:53,029 [INFO] __main__ —   → POOL_A: 906개
2026-07-14 11:32:53,029 [INFO] __main__ — ▶ Step 2: 하드 필터링
2026-07-14 11:32:53,030 [INFO] __main__ — 하드 필터 제거: 891개 | 과열배제 35 | 이격도상한 4 | 이격도하한 368 | MA추세 441 | RSI과열 6 | 거래대금 37
2026-07-14 11:32:53,032 [INFO] __main__ — 과열 gated 기록: 35개 → gated_tickers
2026-07-14 11:32:53,032 [INFO] __main__ — POOL_B: 15개 | 대형:3 중형:4 소형:8
2026-07-14 11:32:53,032 [INFO] __main__ —   → POOL_B: 15개
2026-07-14 11:32:53,032 [INFO] __main__ — ▶ Step 3: 스코어링 (FinBERT 감성 분석)
2026-07-14 11:32:53,032 [INFO] __main__ — NaverClient: 3개 키 로드 (DataLab·검색 독립 회전)
2026-07-14 11:32:53,032 [INFO] __main__ — 텍스트 신규 수집: 15종목 (캐시 적중 0종목)
2026-07-14 11:32:57,994 [INFO] __main__ — 뉴스 시점 제외 [이수화학]: 14건 (>14일/파싱실패)
2026-07-14 11:33:06,450 [INFO] __main__ — 뉴스 시점 제외 [글로벌텍스프리]: 18건 (>14일/파싱실패)
2026-07-14 11:33:14,300 [INFO] __main__ — 수집 완료: 뉴스 136건 | 공시 29건
2026-07-14 11:33:14,300 [INFO] __main__ — FinBERT 감성 분석 (finbert 모드)...
2026-07-14 11:33:14,300 [INFO] __main__ — FinBERT 로딩: snunlp/KR-FinBert-SC (CPU, batch=8)
2026-07-14 11:33:14,362 [INFO] httpx — HTTP Request: GET https://huggingface.co/api/agent-harnesses "HTTP/1.1 200 OK"
2026-07-14 11:33:14,402 [INFO] httpx — HTTP Request: HEAD https://huggingface.co/snunlp/KR-FinBert-SC/resolve/main/config.json "HTTP/1.1 307 Temporary Redirect"
2026-07-14 11:33:14,408 [INFO] httpx — HTTP Request: HEAD https://huggingface.co/api/resolve-cache/models/snunlp/KR-FinBert-SC/f8586286cc3161fb648e9fee09a456069fd846d0/config.json "HTTP/1.1 200 OK"
2026-07-14 11:33:14,463 [INFO] httpx — HTTP Request: HEAD https://huggingface.co/snunlp/KR-FinBert-SC/resolve/main/model.safetensors "HTTP/1.1 404 Not Found"
2026-07-14 11:33:14,464 [WARNING] huggingface_hub.utils._http — Warning: You are sending unauthenticated requests to the HF Hub. Please set a HF_TOKEN to enable higher rate limits and faster downloads.
2026-07-14 11:33:14,506 [INFO] httpx — HTTP Request: GET https://huggingface.co/api/models/snunlp/KR-FinBert-SC "HTTP/1.1 200 OK"
2026-07-14 11:33:14,581 [INFO] httpx — HTTP Request: GET https://huggingface.co/api/models/snunlp/KR-FinBert-SC/commits/main "HTTP/1.1 200 OK"
2026-07-14 11:33:14,630 [INFO] httpx — HTTP Request: GET https://huggingface.co/api/models/snunlp/KR-FinBert-SC/tree/main/additional_chat_templates?recursive=false&expand=false "HTTP/1.1 404 Not Found"
2026-07-14 11:33:14,632 [INFO] httpx — HTTP Request: GET https://huggingface.co/api/models/snunlp/KR-FinBert-SC/discussions?p=0 "HTTP/1.1 200 OK"
2026-07-14 11:33:14,670 [INFO] httpx — HTTP Request: GET https://huggingface.co/api/models/snunlp/KR-FinBert-SC/tree/main?recursive=true&expand=false "HTTP/1.1 200 OK"
2026-07-14 11:33:14,677 [INFO] httpx — HTTP Request: GET https://huggingface.co/api/models/snunlp/KR-FinBert-SC/commits/refs%2Fpr%2F3 "HTTP/1.1 200 OK"
2026-07-14 11:33:14,726 [INFO] httpx — HTTP Request: HEAD https://huggingface.co/snunlp/KR-FinBert-SC/resolve/refs%2Fpr%2F3/model.safetensors.index.json "HTTP/1.1 404 Not Found"
2026-07-14 11:33:14,732 [INFO] httpx — HTTP Request: HEAD https://huggingface.co/snunlp/KR-FinBert-SC/resolve/main/processor_config.json "HTTP/1.1 404 Not Found"
2026-07-14 11:33:14,775 [INFO] httpx — HTTP Request: HEAD https://huggingface.co/snunlp/KR-FinBert-SC/resolve/refs%2Fpr%2F3/model.safetensors "HTTP/1.1 302 Found"
2026-07-14 11:33:14,779 [INFO] httpx — HTTP Request: HEAD https://huggingface.co/snunlp/KR-FinBert-SC/resolve/main/video_preprocessor_config.json "HTTP/1.1 404 Not Found"
2026-07-14 11:33:14,818 [INFO] httpx — HTTP Request: HEAD https://huggingface.co/snunlp/KR-FinBert-SC/resolve/main/preprocessor_config.json "HTTP/1.1 404 Not Found"
2026-07-14 11:33:14,819 [INFO] __main__ — FinBERT 로드 완료 (CPU)
2026-07-14 11:33:21,853 [INFO] __main__ — Phase A.1: 매핑 신뢰도 < 0.5 → 감성 점수 폐기 10건
2026-07-14 11:33:21,853 [INFO] __main__ — 스코어링: 15개 | 집중:0 | FinBERT:finbert
2026-07-14 11:33:21,869 [INFO] __main__ —   → 15개
2026-07-14 11:33:21,869 [INFO] __main__ — ▶ Step 4: 발송
2026-07-14 11:33:24,578 [INFO] __main__ — DB 기록: 0개 / 전체 to_send 0개
2026-07-14 11:33:24,579 [INFO] __main__ — 발송: 집중 0 / 주시 0
2026-07-14 11:33:24,579 [INFO] __main__ — 완료  |  소요: 1327.4초
2026-07-14 23:31:14,545 [INFO] __main__ — config 검증 완료 ✓
2026-07-14 23:31:14,546 [INFO] __main__ — ============================================================
2026-07-14 23:31:14,546 [INFO] __main__ — AlphaRadar v3.3.1  |  기준일: 20260714
2026-07-14 23:31:14,546 [INFO] __main__ — S = T×0.3 + S_text×0.4 + D×0.3
2026-07-14 23:31:14,546 [INFO] __main__ — ============================================================
2026-07-14 23:31:14,546 [INFO] __main__ — ▶ Step 0: 유니버스 필터링
2026-07-14 23:31:14,676 [INFO] __main__ — FDR 데이터 수집: 20260108 ~ 20260714
2026-07-14 23:31:16,271 [INFO] __main__ — KOSPI: 945개 | 섹터정보 835개 (DART +835개 보완)
2026-07-14 23:31:16,272 [INFO] __main__ — KOSDAQ: 1821개 | 섹터정보 1821개
2026-07-14 23:31:16,272 [INFO] __main__ — 전체: 2766개
2026-07-14 23:31:18,000 [INFO] __main__ — KIS 토큰 발급 완료
2026-07-14 23:45:12,417 [INFO] __main__ — DART corp_code 매핑: 2152/2206개 (97%)
2026-07-14 23:45:12,417 [INFO] __main__ — 유효 유니버스: 2206개
2026-07-14 23:45:12,426 [INFO] __main__ —   → 2206개
2026-07-14 23:45:12,426 [INFO] __main__ — ▶ Step 1: 신호 탐지
2026-07-14 23:45:12,426 [INFO] __main__ — NaverClient: 3개 키 로드 (DataLab·검색 독립 회전)
2026-07-14 23:45:12,426 [INFO] __main__ — 관심 지수 및 부정 뉴스 비율 조회 중...
2026-07-14 23:45:36,114 [INFO] __main__ — 뉴스 시점 제외 [KX하이텍]: 8건 (>14일/파싱실패)
2026-07-14 23:45:38,457 [INFO] __main__ — 뉴스 시점 제외 [씨피시스템]: 9건 (>14일/파싱실패)
2026-07-14 23:45:50,024 [INFO] __main__ — 뉴스 시점 제외 [맥쿼리인프라]: 6건 (>14일/파싱실패)
2026-07-14 23:46:05,617 [INFO] __main__ — 뉴스 시점 제외 [THE E&M]: 9건 (>14일/파싱실패)
2026-07-14 23:46:10,851 [INFO] __main__ — 뉴스 시점 제외 [부국철강]: 6건 (>14일/파싱실패)
2026-07-14 23:46:11,853 [INFO] __main__ — 뉴스 시점 제외 [대주산업]: 7건 (>14일/파싱실패)
2026-07-14 23:46:11,863 [INFO] __main__ — 뉴스 시점 제외 [KBI동양철관]: 6건 (>14일/파싱실패)
2026-07-14 23:46:15,170 [INFO] __main__ — 뉴스 시점 제외 [보성파워텍]: 2건 (>14일/파싱실패)
2026-07-14 23:46:16,101 [INFO] __main__ — 뉴스 시점 제외 [조일알미늄]: 3건 (>14일/파싱실패)
2026-07-14 23:46:20,259 [INFO] __main__ — 뉴스 시점 제외 [키스트론]: 7건 (>14일/파싱실패)
2026-07-14 23:46:33,717 [INFO] __main__ — 뉴스 시점 제외 [한국팩키지]: 13건 (>14일/파싱실패)
2026-07-14 23:46:35,781 [INFO] __main__ — 뉴스 시점 제외 [GRT]: 2건 (>14일/파싱실패)
2026-07-14 23:46:38,866 [INFO] __main__ — 뉴스 시점 제외 [벡트]: 5건 (>14일/파싱실패)
2026-07-14 23:46:40,065 [INFO] __main__ — 뉴스 시점 제외 [티씨머티리얼즈]: 9건 (>14일/파싱실패)
2026-07-14 23:46:45,093 [INFO] __main__ — 뉴스 시점 제외 [서울식품]: 2건 (>14일/파싱실패)
2026-07-14 23:46:47,145 [INFO] __main__ — 뉴스 시점 제외 [KB스타리츠]: 10건 (>14일/파싱실패)
2026-07-14 23:46:47,214 [INFO] __main__ — 뉴스 시점 제외 [시너지이노베이션]: 10건 (>14일/파싱실패)
2026-07-14 23:46:47,589 [INFO] __main__ — 뉴스 시점 제외 [일신석재]: 8건 (>14일/파싱실패)
2026-07-14 23:46:52,895 [INFO] __main__ — 뉴스 시점 제외 [우리기술투자]: 10건 (>14일/파싱실패)
2026-07-14 23:46:53,873 [INFO] __main__ — 뉴스 시점 제외 [HB솔루션]: 3건 (>14일/파싱실패)
2026-07-14 23:46:54,960 [INFO] __main__ — 뉴스 시점 제외 [해성옵틱스]: 6건 (>14일/파싱실패)
2026-07-14 23:46:55,705 [INFO] __main__ — 뉴스 시점 제외 [아남전자]: 11건 (>14일/파싱실패)
2026-07-14 23:46:57,093 [INFO] __main__ — 뉴스 시점 제외 [대아티아이]: 2건 (>14일/파싱실패)
2026-07-14 23:46:58,768 [INFO] __main__ — 뉴스 시점 제외 [수산세보틱스]: 9건 (>14일/파싱실패)
2026-07-14 23:46:59,807 [INFO] __main__ — 뉴스 시점 제외 [한라캐스트]: 7건 (>14일/파싱실패)
2026-07-14 23:47:00,849 [INFO] __main__ — 뉴스 시점 제외 [엘브이엠씨홀딩스]: 14건 (>14일/파싱실패)
2026-07-14 23:47:02,306 [INFO] __main__ — 뉴스 시점 제외 [모베이스전자]: 8건 (>14일/파싱실패)
2026-07-14 23:47:07,422 [INFO] __main__ — 뉴스 시점 제외 [에이팩트]: 8건 (>14일/파싱실패)
2026-07-14 23:47:09,473 [INFO] __main__ — 뉴스 시점 제외 [파워넷]: 5건 (>14일/파싱실패)
2026-07-14 23:47:13,563 [INFO] __main__ — 뉴스 시점 제외 [알루코]: 6건 (>14일/파싱실패)
2026-07-14 23:47:16,368 [INFO] __main__ — 뉴스 시점 제외 [하이드로리튬]: 9건 (>14일/파싱실패)
2026-07-14 23:47:22,622 [INFO] __main__ — 뉴스 시점 제외 [대영포장]: 15건 (>14일/파싱실패)
2026-07-14 23:47:25,687 [INFO] __main__ — 뉴스 시점 제외 [미래에셋증권2우B]: 13건 (>14일/파싱실패)
2026-07-14 23:47:29,255 [INFO] __main__ — 뉴스 시점 제외 [에이티넘인베스트]: 14건 (>14일/파싱실패)
2026-07-14 23:47:34,443 [INFO] __main__ — 뉴스 시점 제외 [삼륭물산]: 14건 (>14일/파싱실패)
2026-07-14 23:47:36,367 [INFO] __main__ — 뉴스 시점 제외 [지에스이]: 8건 (>14일/파싱실패)
2026-07-14 23:47:38,435 [INFO] __main__ — 뉴스 시점 제외 [와이제이링크]: 11건 (>14일/파싱실패)
2026-07-14 23:47:45,200 [INFO] __main__ — 뉴스 시점 제외 [원익피앤이]: 7건 (>14일/파싱실패)
2026-07-14 23:47:48,012 [INFO] __main__ — 뉴스 시점 제외 [티케이케미칼]: 8건 (>14일/파싱실패)
2026-07-14 23:47:49,042 [INFO] __main__ — 뉴스 시점 제외 [YG PLUS]: 6건 (>14일/파싱실패)
2026-07-14 23:47:50,469 [INFO] __main__ — 뉴스 시점 제외 [경인양행]: 8건 (>14일/파싱실패)
2026-07-14 23:47:51,252 [INFO] __main__ — 뉴스 시점 제외 [슈어소프트테크]: 10건 (>14일/파싱실패)
2026-07-14 23:47:52,459 [INFO] __main__ — 뉴스 시점 제외 [영화금속]: 9건 (>14일/파싱실패)
2026-07-14 23:47:54,650 [INFO] __main__ — 뉴스 시점 제외 [지앤비에스 에코]: 2건 (>14일/파싱실패)
2026-07-14 23:47:55,945 [INFO] __main__ — 뉴스 시점 제외 [태경케미컬]: 5건 (>14일/파싱실패)
2026-07-14 23:47:55,973 [INFO] __main__ — 뉴스 시점 제외 [대성에너지]: 8건 (>14일/파싱실패)
2026-07-14 23:47:59,180 [INFO] __main__ — 뉴스 시점 제외 [이루온]: 9건 (>14일/파싱실패)
2026-07-14 23:48:03,275 [INFO] __main__ — 뉴스 시점 제외 [모헨즈]: 8건 (>14일/파싱실패)
2026-07-14 23:48:04,468 [INFO] __main__ — 뉴스 시점 제외 [한일단조]: 11건 (>14일/파싱실패)
2026-07-14 23:48:05,518 [INFO] __main__ — 뉴스 시점 제외 [에코프로에이치엔]: 5건 (>14일/파싱실패)
2026-07-14 23:48:08,703 [INFO] __main__ — 부정 키워드 감지: 36개 종목 (neg_ratio > 0)
2026-07-14 23:48:08,707 [INFO] __main__ — 수급일수충족·합계음수 제외: 134개
2026-07-14 23:48:15,158 [INFO] __main__ — 뉴스 시점 제외 [DN오토모티브]: 7건 (>14일/파싱실패)
2026-07-14 23:48:16,933 [INFO] __main__ — 뉴스 시점 제외 [두산우]: 14건 (>14일/파싱실패)
2026-07-14 23:48:18,096 [INFO] __main__ — 뉴스 시점 제외 [KB발해인프라]: 11건 (>14일/파싱실패)
2026-07-14 23:48:20,947 [INFO] __main__ — 뉴스 시점 제외 [세방전지]: 9건 (>14일/파싱실패)
2026-07-14 23:48:22,742 [INFO] __main__ — 뉴스 시점 제외 [동원시스템즈]: 12건 (>14일/파싱실패)
2026-07-14 23:48:24,509 [INFO] __main__ — 뉴스 시점 제외 [삼성FN리츠]: 6건 (>14일/파싱실패)
2026-07-14 23:48:24,991 [INFO] __main__ — 뉴스 시점 제외 [전진건설로봇]: 7건 (>14일/파싱실패)
2026-07-14 23:48:26,153 [INFO] __main__ — 뉴스 시점 제외 [조광피혁]: 13건 (>14일/파싱실패)
2026-07-14 23:48:26,245 [INFO] __main__ — 뉴스 시점 제외 [신도리코]: 8건 (>14일/파싱실패)
2026-07-14 23:48:26,685 [INFO] __main__ — 뉴스 시점 제외 [아모레퍼시픽우]: 9건 (>14일/파싱실패)
2026-07-14 23:48:27,263 [INFO] __main__ — 뉴스 시점 제외 [KPX홀딩스]: 9건 (>14일/파싱실패)
2026-07-14 23:48:27,382 [INFO] __main__ — 뉴스 시점 제외 [KISCO홀딩스]: 9건 (>14일/파싱실패)
2026-07-14 23:48:29,578 [INFO] __main__ — 뉴스 시점 제외 [삼성물산우B]: 15건 (>14일/파싱실패)
2026-07-14 23:48:29,670 [INFO] __main__ — 뉴스 시점 제외 [아세아제지]: 11건 (>14일/파싱실패)
2026-07-14 23:48:30,818 [INFO] __main__ — 뉴스 시점 제외 [서울가스]: 8건 (>14일/파싱실패)
2026-07-14 23:48:31,391 [INFO] __main__ — 뉴스 시점 제외 [S-Oil우]: 12건 (>14일/파싱실패)
2026-07-14 23:48:32,476 [INFO] __main__ — 뉴스 시점 제외 [아이마켓코리아]: 8건 (>14일/파싱실패)
2026-07-14 23:48:32,490 [INFO] __main__ — 뉴스 시점 제외 [미창석유]: 10건 (>14일/파싱실패)
2026-07-14 23:48:32,527 [INFO] __main__ — 뉴스 시점 제외 [이지스밸류플러스리츠]: 12건 (>14일/파싱실패)
2026-07-14 23:48:33,052 [INFO] __main__ — 뉴스 시점 제외 [CR홀딩스]: 11건 (>14일/파싱실패)
2026-07-14 23:48:34,209 [INFO] __main__ — 뉴스 시점 제외 [천일고속]: 15건 (>14일/파싱실패)
2026-07-14 23:48:34,795 [INFO] __main__ — 뉴스 시점 제외 [진양홀딩스]: 8건 (>14일/파싱실패)
2026-07-14 23:48:35,394 [INFO] __main__ — 뉴스 시점 제외 [대성산업]: 5건 (>14일/파싱실패)
2026-07-14 23:48:35,921 [INFO] __main__ — 뉴스 시점 제외 [하이트진로홀딩스]: 10건 (>14일/파싱실패)
2026-07-14 23:48:36,516 [INFO] __main__ — 뉴스 시점 제외 [화승엔터프라이즈]: 8건 (>14일/파싱실패)
2026-07-14 23:48:36,537 [INFO] __main__ — 뉴스 시점 제외 [에스엠벡셀]: 8건 (>14일/파싱실패)
2026-07-14 23:48:37,648 [INFO] __main__ — 뉴스 시점 제외 [SYTS]: 12건 (>14일/파싱실패)
2026-07-14 23:48:37,684 [INFO] __main__ — 뉴스 시점 제외 [유화증권]: 6건 (>14일/파싱실패)
2026-07-14 23:48:38,275 [INFO] __main__ — 뉴스 시점 제외 [조선내화]: 9건 (>14일/파싱실패)
2026-07-14 23:48:38,855 [INFO] __main__ — 뉴스 시점 제외 [한국주철관]: 12건 (>14일/파싱실패)
2026-07-14 23:48:39,380 [INFO] __main__ — 뉴스 시점 제외 [신라교역]: 7건 (>14일/파싱실패)
2026-07-14 23:48:39,957 [INFO] __main__ — 뉴스 시점 제외 [유수홀딩스]: 5건 (>14일/파싱실패)
2026-07-14 23:48:39,967 [INFO] __main__ — 뉴스 시점 제외 [태경산업]: 5건 (>14일/파싱실패)
2026-07-14 23:48:40,523 [INFO] __main__ — 뉴스 시점 제외 [화승인더]: 15건 (>14일/파싱실패)
2026-07-14 23:48:40,584 [INFO] __main__ — 뉴스 시점 제외 [키다리스튜디오]: 4건 (>14일/파싱실패)
2026-07-14 23:48:41,096 [INFO] __main__ — 뉴스 시점 제외 [이지스레지던스리츠]: 14건 (>14일/파싱실패)
2026-07-14 23:48:41,111 [INFO] __main__ — 뉴스 시점 제외 [미원홀딩스]: 12건 (>14일/파싱실패)
2026-07-14 23:48:41,663 [INFO] __main__ — 뉴스 시점 제외 [화승코퍼레이션]: 13건 (>14일/파싱실패)
2026-07-14 23:48:41,735 [INFO] __main__ — 뉴스 시점 제외 [HDC현대EP]: 12건 (>14일/파싱실패)
2026-07-14 23:48:42,811 [INFO] __main__ — 뉴스 시점 제외 [대성홀딩스]: 11건 (>14일/파싱실패)
2026-07-14 23:48:42,871 [INFO] __main__ — 뉴스 시점 제외 [현대코퍼레이션홀딩스]: 13건 (>14일/파싱실패)
2026-07-14 23:48:43,389 [INFO] __main__ — 뉴스 시점 제외 [조선선재]: 8건 (>14일/파싱실패)
2026-07-14 23:48:43,447 [INFO] __main__ — 뉴스 시점 제외 [경동인베스트]: 8건 (>14일/파싱실패)
2026-07-14 23:48:43,966 [INFO] __main__ — 뉴스 시점 제외 [샘표식품]: 5건 (>14일/파싱실패)
2026-07-14 23:48:44,006 [INFO] __main__ — 뉴스 시점 제외 [GS우]: 13건 (>14일/파싱실패)
2026-07-14 23:48:44,555 [INFO] __main__ — 뉴스 시점 제외 [영보화학]: 13건 (>14일/파싱실패)
2026-07-14 23:48:44,585 [INFO] __main__ — 뉴스 시점 제외 [HS애드]: 8건 (>14일/파싱실패)
2026-07-14 23:48:45,128 [INFO] __main__ — 뉴스 시점 제외 [황금에스티]: 6건 (>14일/파싱실패)
2026-07-14 23:48:46,294 [INFO] __main__ — 뉴스 시점 제외 [한솔로지스틱스]: 6건 (>14일/파싱실패)
2026-07-14 23:48:46,311 [INFO] __main__ — 뉴스 시점 제외 [동양고속]: 14건 (>14일/파싱실패)
2026-07-14 23:48:46,879 [INFO] __main__ — 뉴스 시점 제외 [화천기공]: 7건 (>14일/파싱실패)
2026-07-14 23:48:46,881 [INFO] __main__ — 뉴스 시점 제외 [NH프라임리츠]: 12건 (>14일/파싱실패)
2026-07-14 23:48:46,894 [INFO] __main__ — 뉴스 시점 제외 [삼정펄프]: 14건 (>14일/파싱실패)
2026-07-14 23:48:47,459 [INFO] __main__ — 뉴스 시점 제외 [아모레퍼시픽홀딩스우]: 14건 (>14일/파싱실패)
2026-07-14 23:48:48,136 [INFO] __main__ — 뉴스 시점 제외 [제일연마]: 11건 (>14일/파싱실패)
2026-07-14 23:48:48,142 [INFO] __main__ — 뉴스 시점 제외 [진양산업]: 10건 (>14일/파싱실패)
2026-07-14 23:48:48,705 [INFO] __main__ — 뉴스 시점 제외 [테이팩스]: 11건 (>14일/파싱실패)
2026-07-14 23:48:48,717 [INFO] __main__ — 뉴스 시점 제외 [하이스틸]: 4건 (>14일/파싱실패)
2026-07-14 23:48:48,726 [INFO] __main__ — 뉴스 시점 제외 [호전실업]: 11건 (>14일/파싱실패)
2026-07-14 23:48:49,267 [INFO] __main__ — 뉴스 시점 제외 [화천기계]: 12건 (>14일/파싱실패)
2026-07-14 23:48:49,293 [INFO] __main__ — 뉴스 시점 제외 [보락]: 7건 (>14일/파싱실패)
2026-07-14 23:48:50,550 [INFO] __main__ — 뉴스 시점 제외 [롯데칠성우]: 15건 (>14일/파싱실패)
2026-07-14 23:48:50,570 [INFO] __main__ — 뉴스 시점 제외 [인팩]: 12건 (>14일/파싱실패)
2026-07-14 23:48:50,583 [INFO] __main__ — 뉴스 시점 제외 [SJM홀딩스]: 15건 (>14일/파싱실패)
2026-07-14 23:48:51,170 [INFO] __main__ — 뉴스 시점 제외 [SK케미칼우]: 14건 (>14일/파싱실패)
2026-07-14 23:48:51,739 [INFO] __main__ — 뉴스 시점 제외 [갤럭시아에스엠]: 9건 (>14일/파싱실패)
2026-07-14 23:48:52,430 [INFO] __main__ — 뉴스 시점 제외 [우진플라임]: 15건 (>14일/파싱실패)
2026-07-14 23:48:52,445 [INFO] __main__ — 뉴스 시점 제외 [금비]: 12건 (>14일/파싱실패)
2026-07-14 23:48:52,998 [INFO] __main__ — 뉴스 시점 제외 [DL우]: 14건 (>14일/파싱실패)
2026-07-14 23:48:53,705 [INFO] __main__ — 뉴스 시점 제외 [우진아이엔에스]: 2건 (>14일/파싱실패)
2026-07-14 23:48:53,936 [INFO] __main__ — 뉴스 시점 제외 [진양폴리]: 9건 (>14일/파싱실패)
2026-07-14 23:48:53,966 [INFO] __main__ — 뉴스 시점 제외 [세기상사]: 10건 (>14일/파싱실패)
2026-07-14 23:48:57,767 [INFO] __main__ — 뉴스 시점 제외 [케이아이엔엑스]: 8건 (>14일/파싱실패)
2026-07-14 23:49:02,093 [INFO] __main__ — 뉴스 시점 제외 [에프에스티]: 2건 (>14일/파싱실패)
2026-07-14 23:49:05,525 [INFO] __main__ — 뉴스 시점 제외 [큐렉소]: 3건 (>14일/파싱실패)
2026-07-14 23:49:07,234 [INFO] __main__ — 뉴스 시점 제외 [인화정공]: 9건 (>14일/파싱실패)
2026-07-14 23:49:07,409 [INFO] __main__ — 뉴스 시점 제외 [우주일렉트로]: 13건 (>14일/파싱실패)
2026-07-14 23:49:09,692 [INFO] __main__ — 뉴스 시점 제외 [엔젤로보틱스]: 1건 (>14일/파싱실패)
2026-07-14 23:49:09,778 [INFO] __main__ — 뉴스 시점 제외 [바이오다인]: 8건 (>14일/파싱실패)
2026-07-14 23:49:10,680 [INFO] __main__ — 뉴스 시점 제외 [매커스]: 11건 (>14일/파싱실패)
2026-07-14 23:49:10,848 [INFO] __main__ — 뉴스 시점 제외 [케이티알파]: 9건 (>14일/파싱실패)
2026-07-14 23:49:11,408 [INFO] __main__ — 뉴스 시점 제외 [삼목에스폼]: 13건 (>14일/파싱실패)
2026-07-14 23:49:11,849 [INFO] __main__ — 뉴스 시점 제외 [이지바이오]: 11건 (>14일/파싱실패)
2026-07-14 23:49:12,049 [INFO] __main__ — 뉴스 시점 제외 [석경에이티]: 5건 (>14일/파싱실패)
2026-07-14 23:49:12,432 [INFO] __main__ — 뉴스 시점 제외 [오리엔탈정공]: 5건 (>14일/파싱실패)
2026-07-14 23:49:12,552 [INFO] __main__ — 뉴스 시점 제외 [한선엔지니어링]: 11건 (>14일/파싱실패)
2026-07-14 23:49:12,645 [INFO] __main__ — 뉴스 시점 제외 [에스엔시스]: 12건 (>14일/파싱실패)
2026-07-14 23:49:13,562 [INFO] __main__ — 뉴스 시점 제외 [네오위즈홀딩스]: 2건 (>14일/파싱실패)
2026-07-14 23:49:14,292 [INFO] __main__ — 뉴스 시점 제외 [코메론]: 13건 (>14일/파싱실패)
2026-07-14 23:49:15,422 [INFO] __main__ — 뉴스 시점 제외 [듀켐바이오]: 9건 (>14일/파싱실패)
2026-07-14 23:49:15,517 [INFO] __main__ — 뉴스 시점 제외 [일진파워]: 8건 (>14일/파싱실패)
2026-07-14 23:49:16,003 [INFO] __main__ — 뉴스 시점 제외 [나이벡]: 7건 (>14일/파싱실패)
2026-07-14 23:49:17,722 [INFO] __main__ — 뉴스 시점 제외 [우양에이치씨]: 10건 (>14일/파싱실패)
2026-07-14 23:49:17,796 [INFO] __main__ — 뉴스 시점 제외 [인선이엔티]: 11건 (>14일/파싱실패)
2026-07-14 23:49:18,364 [INFO] __main__ — 뉴스 시점 제외 [엠아이텍]: 9건 (>14일/파싱실패)
2026-07-14 23:49:18,906 [INFO] __main__ — 뉴스 시점 제외 [유비쿼스]: 8건 (>14일/파싱실패)
2026-07-14 23:49:19,491 [INFO] __main__ — 뉴스 시점 제외 [삼보판지]: 15건 (>14일/파싱실패)
2026-07-14 23:49:19,532 [INFO] __main__ — 뉴스 시점 제외 [링크솔루션]: 1건 (>14일/파싱실패)
2026-07-14 23:49:20,070 [INFO] __main__ — 뉴스 시점 제외 [제룡산업]: 2건 (>14일/파싱실패)
2026-07-14 23:49:21,229 [INFO] __main__ — 뉴스 시점 제외 [성도이엔지]: 10건 (>14일/파싱실패)
2026-07-14 23:49:21,247 [INFO] __main__ — 뉴스 시점 제외 [윤성에프앤씨]: 13건 (>14일/파싱실패)
2026-07-14 23:49:22,370 [INFO] __main__ — 뉴스 시점 제외 [그린리소스]: 10건 (>14일/파싱실패)
2026-07-14 23:49:22,948 [INFO] __main__ — 뉴스 시점 제외 [솔본]: 12건 (>14일/파싱실패)
2026-07-14 23:49:22,993 [INFO] __main__ — 뉴스 시점 제외 [코칩]: 12건 (>14일/파싱실패)
2026-07-14 23:49:24,113 [INFO] __main__ — 뉴스 시점 제외 [지어소프트]: 13건 (>14일/파싱실패)
2026-07-14 23:49:24,122 [INFO] __main__ — 뉴스 시점 제외 [코윈테크]: 11건 (>14일/파싱실패)
2026-07-14 23:49:24,687 [INFO] __main__ — 뉴스 시점 제외 [현대에버다임]: 7건 (>14일/파싱실패)
2026-07-14 23:49:24,693 [INFO] __main__ — 뉴스 시점 제외 [킵스파마]: 6건 (>14일/파싱실패)
2026-07-14 23:49:25,832 [INFO] __main__ — 뉴스 시점 제외 [케이에스피]: 8건 (>14일/파싱실패)
2026-07-14 23:49:25,847 [INFO] __main__ — 뉴스 시점 제외 [우리손에프앤지]: 14건 (>14일/파싱실패)
2026-07-14 23:49:25,853 [INFO] __main__ — 뉴스 시점 제외 [NICE인프라]: 15건 (>14일/파싱실패)
2026-07-14 23:49:26,405 [INFO] __main__ — 뉴스 시점 제외 [케이알엠]: 11건 (>14일/파싱실패)
2026-07-14 23:49:27,570 [INFO] __main__ — 뉴스 시점 제외 [세운메디칼]: 14건 (>14일/파싱실패)
2026-07-14 23:49:27,586 [INFO] __main__ — 뉴스 시점 제외 [케이엔더블유]: 10건 (>14일/파싱실패)
2026-07-14 23:49:28,736 [INFO] __main__ — 뉴스 시점 제외 [케이씨에스]: 3건 (>14일/파싱실패)
2026-07-14 23:49:28,737 [INFO] __main__ — 뉴스 시점 제외 [스톰테크]: 13건 (>14일/파싱실패)
2026-07-14 23:49:29,868 [INFO] __main__ — 뉴스 시점 제외 [우림피티에스]: 3건 (>14일/파싱실패)
2026-07-14 23:49:29,905 [INFO] __main__ — 뉴스 시점 제외 [정상제이엘에스]: 7건 (>14일/파싱실패)
2026-07-14 23:49:30,432 [INFO] __main__ — 뉴스 시점 제외 [디와이피엔에프]: 13건 (>14일/파싱실패)
2026-07-14 23:49:30,462 [INFO] __main__ — 뉴스 시점 제외 [스모트로닉]: 7건 (>14일/파싱실패)
2026-07-14 23:49:31,045 [INFO] __main__ — 뉴스 시점 제외 [오상헬스케어]: 9건 (>14일/파싱실패)
2026-07-14 23:49:32,157 [INFO] __main__ — 뉴스 시점 제외 [동아엘텍]: 10건 (>14일/파싱실패)
2026-07-14 23:49:32,201 [INFO] __main__ — 뉴스 시점 제외 [지니너스]: 10건 (>14일/파싱실패)
2026-07-14 23:49:32,742 [INFO] __main__ — 뉴스 시점 제외 [창해에탄올]: 13건 (>14일/파싱실패)
2026-07-14 23:49:32,752 [INFO] __main__ — 뉴스 시점 제외 [나이스디앤비]: 9건 (>14일/파싱실패)
2026-07-14 23:49:32,755 [INFO] __main__ — 뉴스 시점 제외 [엑스페릭스]: 10건 (>14일/파싱실패)
2026-07-14 23:49:33,336 [INFO] __main__ — 뉴스 시점 제외 [RF시스템즈]: 8건 (>14일/파싱실패)
2026-07-14 23:49:33,343 [INFO] __main__ — 뉴스 시점 제외 [디앤씨미디어]: 3건 (>14일/파싱실패)
2026-07-14 23:49:34,500 [INFO] __main__ — 뉴스 시점 제외 [일지테크]: 6건 (>14일/파싱실패)
2026-07-14 23:49:34,513 [INFO] __main__ — 뉴스 시점 제외 [대림제지]: 12건 (>14일/파싱실패)
2026-07-14 23:49:35,063 [INFO] __main__ — 뉴스 시점 제외 [지구홀딩스]: 10건 (>14일/파싱실패)
2026-07-14 23:49:35,079 [INFO] __main__ — 뉴스 시점 제외 [에이치엔에스하이텍]: 13건 (>14일/파싱실패)
2026-07-14 23:49:36,234 [INFO] __main__ — 뉴스 시점 제외 [엔브이에이치코리아]: 12건 (>14일/파싱실패)
2026-07-14 23:49:36,800 [INFO] __main__ — 뉴스 시점 제외 [HRS]: 2건 (>14일/파싱실패)
2026-07-14 23:49:37,377 [INFO] __main__ — 뉴스 시점 제외 [시공테크]: 7건 (>14일/파싱실패)
2026-07-14 23:49:37,397 [INFO] __main__ — 뉴스 시점 제외 [리드코프]: 12건 (>14일/파싱실패)
2026-07-14 23:49:37,941 [INFO] __main__ — 뉴스 시점 제외 [영화테크]: 12건 (>14일/파싱실패)
2026-07-14 23:49:37,963 [INFO] __main__ — 뉴스 시점 제외 [양지사]: 12건 (>14일/파싱실패)
2026-07-14 23:49:38,544 [INFO] __main__ — 뉴스 시점 제외 [라이온켐텍]: 10건 (>14일/파싱실패)
2026-07-14 23:49:39,108 [INFO] __main__ — 뉴스 시점 제외 [로보로보]: 9건 (>14일/파싱실패)
2026-07-14 23:49:39,114 [INFO] __main__ — 뉴스 시점 제외 [팅크웨어]: 12건 (>14일/파싱실패)
2026-07-14 23:49:39,128 [INFO] __main__ — 뉴스 시점 제외 [싸이닉솔루션]: 9건 (>14일/파싱실패)
2026-07-14 23:49:39,678 [INFO] __main__ — 뉴스 시점 제외 [이상네트웍스]: 12건 (>14일/파싱실패)
2026-07-14 23:49:40,261 [INFO] __main__ — 뉴스 시점 제외 [삼현철강]: 6건 (>14일/파싱실패)
2026-07-14 23:49:40,289 [INFO] __main__ — 뉴스 시점 제외 [바이오에프디엔씨]: 4건 (>14일/파싱실패)
2026-07-14 23:49:40,848 [INFO] __main__ — 뉴스 시점 제외 [엠오티]: 11건 (>14일/파싱실패)
2026-07-14 23:49:41,417 [INFO] __main__ — 뉴스 시점 제외 [새빗켐]: 14건 (>14일/파싱실패)
2026-07-14 23:49:41,445 [INFO] __main__ — 뉴스 시점 제외 [아이디피]: 14건 (>14일/파싱실패)
2026-07-14 23:49:42,601 [INFO] __main__ — 뉴스 시점 제외 [큐에스아이]: 9건 (>14일/파싱실패)
2026-07-14 23:49:43,184 [INFO] __main__ — 뉴스 시점 제외 [페스카로]: 14건 (>14일/파싱실패)
2026-07-14 23:49:43,739 [INFO] __main__ — 뉴스 시점 제외 [블루콤]: 14건 (>14일/파싱실패)
2026-07-14 23:49:43,760 [INFO] __main__ — 뉴스 시점 제외 [미투온]: 1건 (>14일/파싱실패)
2026-07-14 23:49:44,244 [INFO] __main__ — 뉴스 시점 제외 [에스피소프트]: 10건 (>14일/파싱실패)
2026-07-14 23:49:45,474 [INFO] __main__ — 뉴스 시점 제외 [대륙제관]: 11건 (>14일/파싱실패)
2026-07-14 23:49:46,045 [INFO] __main__ — 뉴스 시점 제외 [고바이오랩]: 6건 (>14일/파싱실패)
2026-07-14 23:49:46,075 [INFO] __main__ — 뉴스 시점 제외 [케이엘넷]: 12건 (>14일/파싱실패)
2026-07-14 23:49:47,235 [INFO] __main__ — 뉴스 시점 제외 [삼양케이씨아이]: 11건 (>14일/파싱실패)
2026-07-14 23:49:47,943 [INFO] __main__ — 뉴스 시점 제외 [오리콤]: 8건 (>14일/파싱실패)
2026-07-14 23:49:47,964 [INFO] __main__ — 뉴스 시점 제외 [유비벨록스]: 9건 (>14일/파싱실패)
2026-07-14 23:49:48,665 [INFO] __main__ — 뉴스 시점 제외 [부방]: 13건 (>14일/파싱실패)
2026-07-14 23:49:49,375 [INFO] __main__ — 뉴스 시점 제외 [코스리거글로벌]: 11건 (>14일/파싱실패)
2026-07-14 23:49:50,092 [INFO] __main__ — 뉴스 시점 제외 [탑코미디어]: 15건 (>14일/파싱실패)
2026-07-14 23:49:50,098 [INFO] __main__ — 뉴스 시점 제외 [퓨런티어]: 10건 (>14일/파싱실패)
2026-07-14 23:49:50,802 [INFO] __main__ — 뉴스 시점 제외 [코렌텍]: 13건 (>14일/파싱실패)
2026-07-14 23:49:51,370 [INFO] __main__ — 뉴스 시점 제외 [화성밸브]: 14건 (>14일/파싱실패)
2026-07-14 23:49:51,374 [INFO] __main__ — 뉴스 시점 제외 [경창산업]: 8건 (>14일/파싱실패)
2026-07-14 23:49:51,951 [INFO] __main__ — 뉴스 시점 제외 [제이씨현시스템]: 11건 (>14일/파싱실패)
2026-07-14 23:49:51,961 [INFO] __main__ — 뉴스 시점 제외 [수산아이앤티]: 12건 (>14일/파싱실패)
2026-07-14 23:49:52,784 [INFO] __main__ — 뉴스 시점 제외 [나래나노텍]: 7건 (>14일/파싱실패)
2026-07-14 23:49:52,789 [INFO] __main__ — 뉴스 시점 제외 [더블유에스아이]: 12건 (>14일/파싱실패)
2026-07-14 23:49:54,772 [INFO] __main__ — 뉴스 시점 제외 [오상자이엘]: 11건 (>14일/파싱실패)
2026-07-14 23:49:54,780 [INFO] __main__ — 뉴스 시점 제외 [탑엔지니어링]: 5건 (>14일/파싱실패)
2026-07-14 23:49:55,484 [INFO] __main__ — 뉴스 시점 제외 [제이투케이바이오]: 8건 (>14일/파싱실패)
2026-07-14 23:49:56,082 [INFO] __main__ — 뉴스 시점 제외 [에어레인]: 3건 (>14일/파싱실패)
2026-07-14 23:49:56,085 [INFO] __main__ — 뉴스 시점 제외 [에스피시스템스]: 11건 (>14일/파싱실패)
2026-07-14 23:49:56,633 [INFO] __main__ — 뉴스 시점 제외 [흥국에프엔비]: 10건 (>14일/파싱실패)
2026-07-14 23:49:56,661 [INFO] __main__ — 뉴스 시점 제외 [캐프]: 10건 (>14일/파싱실패)
2026-07-14 23:49:57,255 [INFO] __main__ — 뉴스 시점 제외 [디티씨]: 12건 (>14일/파싱실패)
2026-07-14 23:49:57,814 [INFO] __main__ — 뉴스 시점 제외 [포시에스]: 3건 (>14일/파싱실패)
2026-07-14 23:49:57,829 [INFO] __main__ — 뉴스 시점 제외 [NHN벅스]: 10건 (>14일/파싱실패)
2026-07-14 23:49:58,360 [INFO] __main__ — 뉴스 시점 제외 [케이씨피드]: 10건 (>14일/파싱실패)
2026-07-14 23:49:58,406 [INFO] __main__ — 뉴스 시점 제외 [푸른로보틱스]: 11건 (>14일/파싱실패)
2026-07-14 23:49:58,936 [INFO] __main__ — 뉴스 시점 제외 [TPC로보틱스]: 11건 (>14일/파싱실패)
2026-07-14 23:49:58,971 [INFO] __main__ — 뉴스 시점 제외 [일신바이오]: 8건 (>14일/파싱실패)
2026-07-14 23:49:59,504 [INFO] __main__ — 뉴스 시점 제외 [앱코]: 9건 (>14일/파싱실패)
2026-07-14 23:49:59,548 [INFO] __main__ — 뉴스 시점 제외 [동방선기]: 8건 (>14일/파싱실패)
2026-07-14 23:49:59,552 [INFO] __main__ — 뉴스 시점 제외 [서린바이오]: 11건 (>14일/파싱실패)
2026-07-14 23:50:00,064 [INFO] __main__ — 뉴스 시점 제외 [쎄노텍]: 10건 (>14일/파싱실패)
2026-07-14 23:50:00,691 [INFO] __main__ — 뉴스 시점 제외 [링크제니시스]: 13건 (>14일/파싱실패)
2026-07-14 23:50:01,252 [INFO] __main__ — 뉴스 시점 제외 [한독크린텍]: 14건 (>14일/파싱실패)
2026-07-14 23:50:01,786 [INFO] __main__ — 뉴스 시점 제외 [쓰리에이로직스]: 12건 (>14일/파싱실패)
2026-07-14 23:50:03,021 [INFO] __main__ — 뉴스 시점 제외 [백금T&A]: 10건 (>14일/파싱실패)
2026-07-14 23:50:03,603 [INFO] __main__ — 뉴스 시점 제외 [캐스텍코리아]: 12건 (>14일/파싱실패)
2026-07-14 23:50:04,178 [INFO] __main__ — 뉴스 시점 제외 [한네트]: 15건 (>14일/파싱실패)
2026-07-14 23:50:04,703 [INFO] __main__ — 뉴스 시점 제외 [에코캡]: 11건 (>14일/파싱실패)
2026-07-14 23:50:05,329 [INFO] __main__ — 뉴스 시점 제외 [하이딥]: 6건 (>14일/파싱실패)
2026-07-14 23:50:05,846 [INFO] __main__ — 뉴스 시점 제외 [팬엔터테인먼트]: 5건 (>14일/파싱실패)
2026-07-14 23:50:05,852 [INFO] __main__ — 뉴스 시점 제외 [미트박스]: 12건 (>14일/파싱실패)
2026-07-14 23:50:05,907 [INFO] __main__ — 뉴스 시점 제외 [기산텔레콤]: 11건 (>14일/파싱실패)
2026-07-14 23:50:06,418 [INFO] __main__ — 뉴스 시점 제외 [메가엠디]: 8건 (>14일/파싱실패)
2026-07-14 23:50:07,030 [INFO] __main__ — 뉴스 시점 제외 [알톤]: 5건 (>14일/파싱실패)
2026-07-14 23:50:07,590 [INFO] __main__ — 뉴스 시점 제외 [엔텔스]: 9건 (>14일/파싱실패)
2026-07-14 23:50:07,691 [INFO] __main__ — POOL_A 후보 부정뉴스 2차 조회: 604개
2026-07-14 23:50:07,694 [INFO] __main__ — POOL_A: 848개 (A:810 B:11 동시:27) | 부정게이트 제외:19
  대형:52 중형:159 소형:637
2026-07-14 23:50:07,700 [INFO] __main__ —   → POOL_A: 848개
2026-07-14 23:50:07,700 [INFO] __main__ — ▶ Step 2: 하드 필터링
2026-07-14 23:50:07,702 [INFO] __main__ — 하드 필터 제거: 834개 | 과열배제 36 | 이격도상한 6 | 이격도하한 340 | MA추세 416 | RSI과열 6 | 거래대금 30
2026-07-14 23:50:07,703 [INFO] __main__ — 과열 gated 기록: 36개 → gated_tickers
2026-07-14 23:50:07,704 [INFO] __main__ — POOL_B: 14개 | 대형:1 중형:5 소형:8
2026-07-14 23:50:07,704 [INFO] __main__ —   → POOL_B: 14개
2026-07-14 23:50:07,704 [INFO] __main__ — ▶ Step 3: 스코어링 (FinBERT 감성 분석)
2026-07-14 23:50:07,704 [INFO] __main__ — NaverClient: 3개 키 로드 (DataLab·검색 독립 회전)
2026-07-14 23:50:07,704 [INFO] __main__ — 텍스트 신규 수집: 3종목 (캐시 적중 11종목)
2026-07-14 23:50:08,201 [INFO] __main__ — 뉴스 시점 제외 [샘씨엔에스]: 18건 (>14일/파싱실패)
2026-07-14 23:50:11,517 [INFO] __main__ — 수집 완료: 뉴스 161건 | 공시 30건
2026-07-14 23:50:11,517 [INFO] __main__ — FinBERT 감성 분석 (finbert 모드)...
2026-07-14 23:50:11,517 [INFO] __main__ — FinBERT 로딩: snunlp/KR-FinBert-SC (CPU, batch=8)
2026-07-14 23:50:11,686 [INFO] httpx — HTTP Request: GET https://huggingface.co/api/agent-harnesses "HTTP/1.1 200 OK"
2026-07-14 23:50:11,790 [INFO] httpx — HTTP Request: HEAD https://huggingface.co/snunlp/KR-FinBert-SC/resolve/main/config.json "HTTP/1.1 307 Temporary Redirect"
2026-07-14 23:50:11,790 [WARNING] huggingface_hub.utils._http — Warning: You are sending unauthenticated requests to the HF Hub. Please set a HF_TOKEN to enable higher rate limits and faster downloads.
2026-07-14 23:50:11,796 [INFO] httpx — HTTP Request: HEAD https://huggingface.co/api/resolve-cache/models/snunlp/KR-FinBert-SC/f8586286cc3161fb648e9fee09a456069fd846d0/config.json "HTTP/1.1 200 OK"
2026-07-14 23:50:11,907 [INFO] httpx — HTTP Request: HEAD https://huggingface.co/snunlp/KR-FinBert-SC/resolve/main/model.safetensors "HTTP/1.1 404 Not Found"
2026-07-14 23:50:12,018 [INFO] httpx — HTTP Request: GET https://huggingface.co/api/models/snunlp/KR-FinBert-SC "HTTP/1.1 200 OK"
2026-07-14 23:50:12,100 [INFO] httpx — HTTP Request: GET https://huggingface.co/api/models/snunlp/KR-FinBert-SC/tree/main/additional_chat_templates?recursive=false&expand=false "HTTP/1.1 404 Not Found"
2026-07-14 23:50:12,124 [INFO] httpx — HTTP Request: GET https://huggingface.co/api/models/snunlp/KR-FinBert-SC/commits/main "HTTP/1.1 200 OK"
2026-07-14 23:50:12,199 [INFO] httpx — HTTP Request: GET https://huggingface.co/api/models/snunlp/KR-FinBert-SC/tree/main?recursive=true&expand=false "HTTP/1.1 200 OK"
2026-07-14 23:50:12,231 [INFO] httpx — HTTP Request: GET https://huggingface.co/api/models/snunlp/KR-FinBert-SC/discussions?p=0 "HTTP/1.1 200 OK"
2026-07-14 23:50:12,311 [INFO] httpx — HTTP Request: HEAD https://huggingface.co/snunlp/KR-FinBert-SC/resolve/main/processor_config.json "HTTP/1.1 404 Not Found"
2026-07-14 23:50:12,377 [INFO] httpx — HTTP Request: GET https://huggingface.co/api/models/snunlp/KR-FinBert-SC/commits/refs%2Fpr%2F3 "HTTP/1.1 200 OK"
2026-07-14 23:50:12,411 [INFO] httpx — HTTP Request: HEAD https://huggingface.co/snunlp/KR-FinBert-SC/resolve/main/video_preprocessor_config.json "HTTP/1.1 404 Not Found"
2026-07-14 23:50:12,472 [INFO] httpx — HTTP Request: HEAD https://huggingface.co/snunlp/KR-FinBert-SC/resolve/refs%2Fpr%2F3/model.safetensors.index.json "HTTP/1.1 404 Not Found"
2026-07-14 23:50:12,508 [INFO] httpx — HTTP Request: HEAD https://huggingface.co/snunlp/KR-FinBert-SC/resolve/main/preprocessor_config.json "HTTP/1.1 404 Not Found"
2026-07-14 23:50:12,509 [INFO] __main__ — FinBERT 로드 완료 (CPU)
2026-07-14 23:50:12,572 [INFO] httpx — HTTP Request: HEAD https://huggingface.co/snunlp/KR-FinBert-SC/resolve/refs%2Fpr%2F3/model.safetensors "HTTP/1.1 302 Found"
2026-07-14 23:50:17,935 [INFO] __main__ — Phase A.1: 매핑 신뢰도 < 0.5 → 감성 점수 폐기 10건
2026-07-14 23:50:17,935 [INFO] __main__ — 스코어링: 14개 | 집중:0 | FinBERT:finbert
2026-07-14 23:50:17,957 [INFO] __main__ —   → 14개
2026-07-14 23:50:17,957 [INFO] __main__ — ▶ Step 4: 발송
2026-07-14 23:50:20,235 [INFO] __main__ — DB 기록: 0개 / 전체 to_send 0개
2026-07-14 23:50:20,236 [INFO] __main__ — 발송: 집중 0 / 주시 0
2026-07-14 23:50:20,236 [INFO] __main__ — 완료  |  소요: 1145.7초
