2026-07-06 13:06:52,787 [INFO] __main__ — DB 마이그레이션: rating_bond 컬럼 추가 완료
2026-07-06 13:06:52,788 [INFO] __main__ — DB 마이그레이션: rating_cp 컬럼 추가 완료
2026-07-06 13:06:52,789 [INFO] __main__ — DB 마이그레이션: fg_sector 컬럼 추가 완료
2026-07-06 13:06:52,790 [INFO] __main__ — DB 마이그레이션: fg_industry 컬럼 추가 완료
2026-07-06 13:06:52,792 [INFO] __main__ — DB 마이그레이션: ksic 컬럼 추가 완료
2026-07-06 13:06:52,793 [INFO] __main__ — DB 마이그레이션: largest_holder 컬럼 추가 완료
2026-07-06 13:06:52,794 [INFO] __main__ — DB 마이그레이션: t_presurge 컬럼 추가 완료
2026-07-06 13:06:52,795 [INFO] __main__ — DB 마이그레이션: score_presurge 컬럼 추가 완료
2026-07-06 13:06:52,802 [INFO] __main__ — config 검증 완료 ✓
2026-07-06 13:06:52,803 [INFO] __main__ — ============================================================
2026-07-06 13:06:52,803 [INFO] __main__ — AlphaRadar v3.3.1  |  기준일: 20260706
2026-07-06 13:06:52,803 [INFO] __main__ — S = T×0.3 + S_text×0.4 + D×0.3
2026-07-06 13:06:52,803 [INFO] __main__ — ============================================================
2026-07-06 13:06:52,803 [INFO] __main__ — ▶ Step 0: 유니버스 필터링
2026-07-06 13:06:53,107 [INFO] __main__ — FDR 데이터 수집: 20251231 ~ 20260706
2026-07-06 13:06:54,842 [INFO] __main__ — KOSPI: 945개 | 섹터정보 835개 (DART +835개 보완)
2026-07-06 13:06:54,843 [INFO] __main__ — KOSDAQ: 1822개 | 섹터정보 1822개
2026-07-06 13:06:54,843 [INFO] __main__ — 전체: 2767개
2026-07-06 13:06:57,112 [INFO] __main__ — KIS 토큰 발급 완료
2026-07-06 13:22:31,770 [INFO] __main__ — DART corp_code 매핑: 2172/2225개 (97%)
2026-07-06 13:22:31,771 [INFO] __main__ — 유효 유니버스: 2225개
2026-07-06 13:22:31,782 [INFO] __main__ —   → 2225개
2026-07-06 13:22:31,782 [INFO] __main__ — ▶ Step 1: 신호 탐지
2026-07-06 13:22:31,782 [INFO] __main__ — NaverClient: 3개 키 로드 (DataLab·검색 독립 회전)
2026-07-06 13:22:31,782 [INFO] __main__ — 관심 지수 및 부정 뉴스 비율 조회 중...
2026-07-06 13:23:24,800 [INFO] __main__ — 뉴스 시점 제외 [KX하이텍]: 7건 (>14일/파싱실패)
2026-07-06 13:23:27,002 [INFO] __main__ — 뉴스 시점 제외 [이노인스트루먼트]: 9건 (>14일/파싱실패)
2026-07-06 13:23:34,942 [INFO] __main__ — 뉴스 시점 제외 [대원전선우]: 1건 (>14일/파싱실패)
2026-07-06 13:23:37,215 [INFO] __main__ — 뉴스 시점 제외 [미래에셋증권2우B]: 5건 (>14일/파싱실패)
2026-07-06 13:23:45,346 [INFO] __main__ — 뉴스 시점 제외 [글로벌텍스프리]: 8건 (>14일/파싱실패)
2026-07-06 13:23:47,273 [INFO] __main__ — 뉴스 시점 제외 [PS일렉트로닉스]: 6건 (>14일/파싱실패)
2026-07-06 13:23:55,435 [INFO] __main__ — 뉴스 시점 제외 [티씨머티리얼즈]: 6건 (>14일/파싱실패)
2026-07-06 13:23:59,156 [INFO] __main__ — 뉴스 시점 제외 [아이로보틱스]: 4건 (>14일/파싱실패)
2026-07-06 13:23:59,948 [INFO] __main__ — 뉴스 시점 제외 [부방]: 7건 (>14일/파싱실패)
2026-07-06 13:24:03,726 [INFO] __main__ — 뉴스 시점 제외 [아남전자]: 10건 (>14일/파싱실패)
2026-07-06 13:24:06,922 [INFO] __main__ — 뉴스 시점 제외 [KBI동양철관]: 4건 (>14일/파싱실패)
2026-07-06 13:24:13,999 [INFO] __main__ — 뉴스 시점 제외 [삼성공조]: 10건 (>14일/파싱실패)
2026-07-06 13:24:16,888 [INFO] __main__ — 뉴스 시점 제외 [샘씨엔에스]: 5건 (>14일/파싱실패)
2026-07-06 13:24:18,985 [INFO] __main__ — 뉴스 시점 제외 [양지사]: 14건 (>14일/파싱실패)
2026-07-06 13:24:29,848 [INFO] __main__ — 뉴스 시점 제외 [라이콤]: 3건 (>14일/파싱실패)
2026-07-06 13:24:36,455 [INFO] __main__ — 뉴스 시점 제외 [수산세보틱스]: 10건 (>14일/파싱실패)
2026-07-06 13:24:41,711 [INFO] __main__ — 뉴스 시점 제외 [엘브이엠씨홀딩스]: 10건 (>14일/파싱실패)
2026-07-06 13:24:42,189 [INFO] __main__ — 뉴스 시점 제외 [까뮤이앤씨]: 12건 (>14일/파싱실패)
2026-07-06 13:24:44,412 [INFO] __main__ — 뉴스 시점 제외 [에코프로머티]: 2건 (>14일/파싱실패)
2026-07-06 13:24:49,315 [INFO] __main__ — 뉴스 시점 제외 [대아티아이]: 3건 (>14일/파싱실패)
2026-07-06 13:24:54,364 [INFO] __main__ — 뉴스 시점 제외 [우리기술투자]: 3건 (>14일/파싱실패)
2026-07-06 13:25:01,614 [INFO] __main__ — 뉴스 시점 제외 [일신석재]: 12건 (>14일/파싱실패)
2026-07-06 13:25:04,223 [INFO] __main__ — 뉴스 시점 제외 [에이티넘인베스트]: 12건 (>14일/파싱실패)
2026-07-06 13:25:04,292 [INFO] __main__ — 뉴스 시점 제외 [디아이씨]: 8건 (>14일/파싱실패)
2026-07-06 13:25:06,893 [INFO] __main__ — 뉴스 시점 제외 [미스터블루]: 4건 (>14일/파싱실패)
2026-07-06 13:25:12,786 [INFO] __main__ — 뉴스 시점 제외 [대영포장]: 15건 (>14일/파싱실패)
2026-07-06 13:25:13,968 [INFO] __main__ — 뉴스 시점 제외 [모베이스전자]: 9건 (>14일/파싱실패)
2026-07-06 13:25:14,927 [INFO] __main__ — 뉴스 시점 제외 [ESR켄달스퀘어리츠]: 7건 (>14일/파싱실패)
2026-07-06 13:25:16,799 [INFO] __main__ — 뉴스 시점 제외 [THE E&M]: 14건 (>14일/파싱실패)
2026-07-06 13:25:17,604 [INFO] __main__ — 뉴스 시점 제외 [옴니시스템]: 8건 (>14일/파싱실패)
2026-07-06 13:25:31,431 [INFO] __main__ — 뉴스 시점 제외 [삼익악기]: 14건 (>14일/파싱실패)
2026-07-06 13:25:34,323 [INFO] __main__ — 뉴스 시점 제외 [한켐]: 11건 (>14일/파싱실패)
2026-07-06 13:25:39,835 [INFO] __main__ — 뉴스 시점 제외 [한라캐스트]: 4건 (>14일/파싱실패)
2026-07-06 13:25:41,170 [INFO] __main__ — 뉴스 시점 제외 [네오셈]: 3건 (>14일/파싱실패)
2026-07-06 13:25:46,523 [INFO] __main__ — 뉴스 시점 제외 [HB솔루션]: 8건 (>14일/파싱실패)
2026-07-06 13:25:50,862 [INFO] __main__ — 뉴스 시점 제외 [태양금속]: 15건 (>14일/파싱실패)
2026-07-06 13:25:58,573 [INFO] __main__ — 뉴스 시점 제외 [프로이천]: 9건 (>14일/파싱실패)
2026-07-06 13:25:59,874 [INFO] __main__ — 뉴스 시점 제외 [레이크머티리얼즈]: 9건 (>14일/파싱실패)
2026-07-06 13:26:06,416 [INFO] __main__ — 뉴스 시점 제외 [써니전자]: 15건 (>14일/파싱실패)
2026-07-06 13:26:08,548 [INFO] __main__ — 뉴스 시점 제외 [주성코퍼레이션]: 12건 (>14일/파싱실패)
2026-07-06 13:26:12,168 [INFO] __main__ — 뉴스 시점 제외 [경인양행]: 11건 (>14일/파싱실패)
2026-07-06 13:26:12,199 [INFO] __main__ — 뉴스 시점 제외 [코칩]: 10건 (>14일/파싱실패)
2026-07-06 13:26:15,047 [INFO] __main__ — 뉴스 시점 제외 [삼양컴텍]: 6건 (>14일/파싱실패)
2026-07-06 13:26:15,563 [INFO] __main__ — 뉴스 시점 제외 [MDS테크]: 7건 (>14일/파싱실패)
2026-07-06 13:26:16,423 [INFO] __main__ — 뉴스 시점 제외 [서울식품]: 9건 (>14일/파싱실패)
2026-07-06 13:26:19,603 [INFO] __main__ — 뉴스 시점 제외 [에스티큐브]: 10건 (>14일/파싱실패)
2026-07-06 13:26:24,619 [INFO] __main__ — 뉴스 시점 제외 [YG PLUS]: 10건 (>14일/파싱실패)
2026-07-06 13:26:24,675 [INFO] __main__ — 뉴스 시점 제외 [대주산업]: 11건 (>14일/파싱실패)
2026-07-06 13:26:28,624 [INFO] __main__ — 뉴스 시점 제외 [바이오플러스]: 5건 (>14일/파싱실패)
2026-07-06 13:26:30,316 [INFO] __main__ — 부정 키워드 감지: 27개 종목 (neg_ratio > 0)
2026-07-06 13:26:30,320 [INFO] __main__ — 수급일수충족·합계음수 제외: 132개
2026-07-06 13:26:40,201 [INFO] __main__ — 뉴스 시점 제외 [두산우]: 15건 (>14일/파싱실패)
2026-07-06 13:26:41,686 [INFO] __main__ — 뉴스 시점 제외 [KB발해인프라]: 13건 (>14일/파싱실패)
2026-07-06 13:26:42,442 [INFO] __main__ — 뉴스 시점 제외 [삼성화재우]: 14건 (>14일/파싱실패)
2026-07-06 13:26:43,889 [INFO] __main__ — 뉴스 시점 제외 [롯데리츠]: 9건 (>14일/파싱실패)
2026-07-06 13:26:44,642 [INFO] __main__ — 뉴스 시점 제외 [한국금융지주우]: 13건 (>14일/파싱실패)
2026-07-06 13:26:45,405 [INFO] __main__ — 뉴스 시점 제외 [한화3우B]: 13건 (>14일/파싱실패)
2026-07-06 13:26:46,141 [INFO] __main__ — 뉴스 시점 제외 [SNT모티브]: 2건 (>14일/파싱실패)
2026-07-06 13:26:47,531 [INFO] __main__ — 뉴스 시점 제외 [신한알파리츠]: 9건 (>14일/파싱실패)
2026-07-06 13:26:48,373 [INFO] __main__ — 뉴스 시점 제외 [LX홀딩스]: 8건 (>14일/파싱실패)
2026-07-06 13:26:49,701 [INFO] __main__ — 뉴스 시점 제외 [맵스리얼티]: 14건 (>14일/파싱실패)
2026-07-06 13:26:49,832 [INFO] __main__ — 뉴스 시점 제외 [미원에스씨]: 11건 (>14일/파싱실패)
2026-07-06 13:26:50,541 [INFO] __main__ — 뉴스 시점 제외 [바이오노트]: 5건 (>14일/파싱실패)
2026-07-06 13:26:51,355 [INFO] __main__ — 뉴스 시점 제외 [NH투자증권우]: 13건 (>14일/파싱실패)
2026-07-06 13:26:52,089 [INFO] __main__ — 뉴스 시점 제외 [농심홀딩스]: 7건 (>14일/파싱실패)
2026-07-06 13:26:52,096 [INFO] __main__ — 뉴스 시점 제외 [아모레퍼시픽우]: 13건 (>14일/파싱실패)
2026-07-06 13:26:52,125 [INFO] __main__ — 뉴스 시점 제외 [코람코라이프인프라리츠]: 13건 (>14일/파싱실패)
2026-07-06 13:26:52,804 [INFO] __main__ — 뉴스 시점 제외 [코람코더원리츠]: 11건 (>14일/파싱실패)
2026-07-06 13:26:52,873 [INFO] __main__ — 뉴스 시점 제외 [INVENI]: 8건 (>14일/파싱실패)
2026-07-06 13:26:53,719 [INFO] __main__ — 뉴스 시점 제외 [명신산업]: 13건 (>14일/파싱실패)
2026-07-06 13:26:53,745 [INFO] __main__ — 뉴스 시점 제외 [신대양제지]: 15건 (>14일/파싱실패)
2026-07-06 13:26:54,645 [INFO] __main__ — 뉴스 시점 제외 [KISCO홀딩스]: 12건 (>14일/파싱실패)
2026-07-06 13:26:54,660 [INFO] __main__ — 뉴스 시점 제외 [두산2우B]: 15건 (>14일/파싱실패)
2026-07-06 13:26:55,386 [INFO] __main__ — 뉴스 시점 제외 [삼성물산우B]: 6건 (>14일/파싱실패)
2026-07-06 13:26:57,793 [INFO] __main__ — 뉴스 시점 제외 [현대퓨처넷]: 7건 (>14일/파싱실패)
2026-07-06 13:26:59,273 [INFO] __main__ — 뉴스 시점 제외 [삼영전자]: 3건 (>14일/파싱실패)
2026-07-06 13:27:00,681 [INFO] __main__ — 뉴스 시점 제외 [서울가스]: 7건 (>14일/파싱실패)
2026-07-06 13:27:03,800 [INFO] __main__ — 뉴스 시점 제외 [S-Oil우]: 13건 (>14일/파싱실패)
2026-07-06 13:27:03,865 [INFO] __main__ — 뉴스 시점 제외 [CR홀딩스]: 12건 (>14일/파싱실패)
2026-07-06 13:27:04,523 [INFO] __main__ — 뉴스 시점 제외 [미창석유]: 10건 (>14일/파싱실패)
2026-07-06 13:27:04,585 [INFO] __main__ — 뉴스 시점 제외 [SK우]: 8건 (>14일/파싱실패)
2026-07-06 13:27:04,772 [INFO] __main__ — 뉴스 시점 제외 [이리츠코크렙]: 13건 (>14일/파싱실패)
2026-07-06 13:27:05,316 [INFO] __main__ — 뉴스 시점 제외 [노루홀딩스]: 5건 (>14일/파싱실패)
2026-07-06 13:27:06,910 [INFO] __main__ — 뉴스 시점 제외 [LG우]: 8건 (>14일/파싱실패)
2026-07-06 13:27:07,130 [INFO] __main__ — 뉴스 시점 제외 [진양홀딩스]: 9건 (>14일/파싱실패)
2026-07-06 13:27:07,640 [INFO] __main__ — 뉴스 시점 제외 [대신증권2우B]: 13건 (>14일/파싱실패)
2026-07-06 13:27:07,653 [INFO] __main__ — 뉴스 시점 제외 [LG생활건강우]: 12건 (>14일/파싱실패)
2026-07-06 13:27:08,382 [INFO] __main__ — 뉴스 시점 제외 [대성에너지]: 7건 (>14일/파싱실패)
2026-07-06 13:27:08,584 [INFO] __main__ — 뉴스 시점 제외 [조선내화]: 9건 (>14일/파싱실패)
2026-07-06 13:27:09,300 [INFO] __main__ — 뉴스 시점 제외 [유화증권]: 5건 (>14일/파싱실패)
2026-07-06 13:27:09,325 [INFO] __main__ — 뉴스 시점 제외 [이연제약]: 7건 (>14일/파싱실패)
2026-07-06 13:27:10,961 [INFO] __main__ — 뉴스 시점 제외 [해태제과식품]: 10건 (>14일/파싱실패)
2026-07-06 13:27:11,902 [INFO] __main__ — 뉴스 시점 제외 [NH올원리츠]: 8건 (>14일/파싱실패)
2026-07-06 13:27:12,827 [INFO] __main__ — 뉴스 시점 제외 [유수홀딩스]: 12건 (>14일/파싱실패)
2026-07-06 13:27:13,759 [INFO] __main__ — 뉴스 시점 제외 [한진중공업홀딩스]: 13건 (>14일/파싱실패)
2026-07-06 13:27:13,878 [INFO] __main__ — 뉴스 시점 제외 [신라교역]: 8건 (>14일/파싱실패)
2026-07-06 13:27:14,670 [INFO] __main__ — 뉴스 시점 제외 [아모레퍼시픽홀딩스3우C]: 14건 (>14일/파싱실패)
2026-07-06 13:27:15,364 [INFO] __main__ — 뉴스 시점 제외 [화승코퍼레이션]: 3건 (>14일/파싱실패)
2026-07-06 13:27:16,098 [INFO] __main__ — 뉴스 시점 제외 [태경산업]: 9건 (>14일/파싱실패)
2026-07-06 13:27:16,330 [INFO] __main__ — 뉴스 시점 제외 [일진다이아]: 11건 (>14일/파싱실패)
2026-07-06 13:27:17,830 [INFO] __main__ — 뉴스 시점 제외 [텔코웨어]: 10건 (>14일/파싱실패)
2026-07-06 13:27:19,013 [INFO] __main__ — 뉴스 시점 제외 [경동도시가스]: 8건 (>14일/파싱실패)
2026-07-06 13:27:19,286 [INFO] __main__ — 뉴스 시점 제외 [한국무브넥스]: 15건 (>14일/파싱실패)
2026-07-06 13:27:19,483 [INFO] __main__ — 뉴스 시점 제외 [인천도시가스]: 11건 (>14일/파싱실패)
2026-07-06 13:27:19,730 [INFO] __main__ — 뉴스 시점 제외 [대성홀딩스]: 10건 (>14일/파싱실패)
2026-07-06 13:27:20,014 [INFO] __main__ — 뉴스 시점 제외 [태경비케이]: 8건 (>14일/파싱실패)
2026-07-06 13:27:20,450 [INFO] __main__ — 뉴스 시점 제외 [DKME]: 10건 (>14일/파싱실패)
2026-07-06 13:27:20,743 [INFO] __main__ — 뉴스 시점 제외 [아시아나IDT]: 9건 (>14일/파싱실패)
2026-07-06 13:27:21,127 [INFO] __main__ — 뉴스 시점 제외 [두올]: 13건 (>14일/파싱실패)
2026-07-06 13:27:21,859 [INFO] __main__ — 뉴스 시점 제외 [GS우]: 13건 (>14일/파싱실패)
2026-07-06 13:27:21,906 [INFO] __main__ — 뉴스 시점 제외 [두산퓨얼셀1우]: 11건 (>14일/파싱실패)
2026-07-06 13:27:22,399 [INFO] __main__ — 뉴스 시점 제외 [황금에스티]: 7건 (>14일/파싱실패)
2026-07-06 13:27:22,590 [INFO] __main__ — 뉴스 시점 제외 [영보화학]: 10건 (>14일/파싱실패)
2026-07-06 13:27:22,638 [INFO] __main__ — 뉴스 시점 제외 [동남합성]: 12건 (>14일/파싱실패)
2026-07-06 13:27:23,858 [INFO] __main__ — 뉴스 시점 제외 [크라운해태홀딩스]: 6건 (>14일/파싱실패)
2026-07-06 13:27:24,065 [INFO] __main__ — 뉴스 시점 제외 [CS홀딩스]: 12건 (>14일/파싱실패)
2026-07-06 13:27:24,264 [INFO] __main__ — 뉴스 시점 제외 [우신시스템]: 9건 (>14일/파싱실패)
2026-07-06 13:27:25,327 [INFO] __main__ — 뉴스 시점 제외 [NH프라임리츠]: 9건 (>14일/파싱실패)
2026-07-06 13:27:25,736 [INFO] __main__ — 뉴스 시점 제외 [CJ씨푸드]: 7건 (>14일/파싱실패)
2026-07-06 13:27:26,457 [INFO] __main__ — 뉴스 시점 제외 [한국내화]: 10건 (>14일/파싱실패)
2026-07-06 13:27:26,969 [INFO] __main__ — 뉴스 시점 제외 [성창기업지주]: 6건 (>14일/파싱실패)
2026-07-06 13:27:27,187 [INFO] __main__ — 뉴스 시점 제외 [삼정펄프]: 15건 (>14일/파싱실패)
2026-07-06 13:27:27,706 [INFO] __main__ — 뉴스 시점 제외 [화천기계]: 10건 (>14일/파싱실패)
2026-07-06 13:27:27,715 [INFO] __main__ — 뉴스 시점 제외 [삼성출판사]: 11건 (>14일/파싱실패)
2026-07-06 13:27:28,439 [INFO] __main__ — 뉴스 시점 제외 [호전실업]: 13건 (>14일/파싱실패)
2026-07-06 13:27:29,384 [INFO] __main__ — 뉴스 시점 제외 [신송홀딩스]: 13건 (>14일/파싱실패)
2026-07-06 13:27:29,909 [INFO] __main__ — 뉴스 시점 제외 [새론오토모티브]: 12건 (>14일/파싱실패)
2026-07-06 13:27:30,108 [INFO] __main__ — 뉴스 시점 제외 [현대건설우]: 15건 (>14일/파싱실패)
2026-07-06 13:27:30,646 [INFO] __main__ — 뉴스 시점 제외 [롯데칠성우]: 14건 (>14일/파싱실패)
2026-07-06 13:27:30,657 [INFO] __main__ — 뉴스 시점 제외 [SJM홀딩스]: 13건 (>14일/파싱실패)
2026-07-06 13:27:30,842 [INFO] __main__ — 뉴스 시점 제외 [SJM]: 12건 (>14일/파싱실패)
2026-07-06 13:27:31,571 [INFO] __main__ — 뉴스 시점 제외 [미래에셋맵스리츠]: 11건 (>14일/파싱실패)
2026-07-06 13:27:32,153 [INFO] __main__ — 뉴스 시점 제외 [SK디스커버리우]: 15건 (>14일/파싱실패)
2026-07-06 13:27:32,897 [INFO] __main__ — 뉴스 시점 제외 [SB성보]: 12건 (>14일/파싱실패)
2026-07-06 13:27:33,644 [INFO] __main__ — 뉴스 시점 제외 [아진전자부품]: 11건 (>14일/파싱실패)
2026-07-06 13:27:34,383 [INFO] __main__ — 뉴스 시점 제외 [우진플라임]: 11건 (>14일/파싱실패)
2026-07-06 13:27:36,800 [INFO] __main__ — 뉴스 시점 제외 [진양폴리]: 12건 (>14일/파싱실패)
2026-07-06 13:27:40,515 [INFO] __main__ — 뉴스 시점 제외 [케이엠더블유]: 4건 (>14일/파싱실패)
2026-07-06 13:27:41,192 [INFO] __main__ — 뉴스 시점 제외 [케이아이엔엑스]: 13건 (>14일/파싱실패)
2026-07-06 13:27:44,412 [INFO] __main__ — 뉴스 시점 제외 [큐렉소]: 5건 (>14일/파싱실패)
2026-07-06 13:27:45,036 [INFO] __main__ — 뉴스 시점 제외 [슈프리마]: 1건 (>14일/파싱실패)
2026-07-06 13:27:46,694 [INFO] __main__ — 뉴스 시점 제외 [서울바이오시스]: 6건 (>14일/파싱실패)
2026-07-06 13:27:48,713 [INFO] __main__ — 뉴스 시점 제외 [베뉴지]: 12건 (>14일/파싱실패)
2026-07-06 13:27:48,899 [INFO] __main__ — 뉴스 시점 제외 [세보엠이씨]: 9건 (>14일/파싱실패)
2026-07-06 13:27:50,404 [INFO] __main__ — 뉴스 시점 제외 [케이티알파]: 12건 (>14일/파싱실패)
2026-07-06 13:27:51,086 [INFO] __main__ — 뉴스 시점 제외 [에이유브랜즈]: 12건 (>14일/파싱실패)
2026-07-06 13:27:51,118 [INFO] __main__ — 뉴스 시점 제외 [에코아이]: 13건 (>14일/파싱실패)
2026-07-06 13:27:51,807 [INFO] __main__ — 뉴스 시점 제외 [대원산업]: 13건 (>14일/파싱실패)
2026-07-06 13:27:51,842 [INFO] __main__ — 뉴스 시점 제외 [코텍]: 7건 (>14일/파싱실패)
2026-07-06 13:27:51,877 [INFO] __main__ — 뉴스 시점 제외 [석경에이티]: 9건 (>14일/파싱실패)
2026-07-06 13:27:53,256 [INFO] __main__ — 뉴스 시점 제외 [코메론]: 10건 (>14일/파싱실패)
2026-07-06 13:27:53,293 [INFO] __main__ — 뉴스 시점 제외 [듀켐바이오]: 13건 (>14일/파싱실패)
2026-07-06 13:27:54,759 [INFO] __main__ — 뉴스 시점 제외 [레드캡투어]: 4건 (>14일/파싱실패)
2026-07-06 13:27:55,430 [INFO] __main__ — 뉴스 시점 제외 [인피니트헬스케어]: 7건 (>14일/파싱실패)
2026-07-06 13:27:55,476 [INFO] __main__ — 뉴스 시점 제외 [재영솔루텍]: 7건 (>14일/파싱실패)
2026-07-06 13:27:57,097 [INFO] __main__ — 뉴스 시점 제외 [티케이케미칼]: 7건 (>14일/파싱실패)
2026-07-06 13:27:57,804 [INFO] __main__ — 뉴스 시점 제외 [아이패밀리에스씨]: 9건 (>14일/파싱실패)
2026-07-06 13:27:58,561 [INFO] __main__ — 뉴스 시점 제외 [고려신용정보]: 7건 (>14일/파싱실패)
2026-07-06 13:28:01,124 [INFO] __main__ — 뉴스 시점 제외 [아이비김영]: 4건 (>14일/파싱실패)
2026-07-06 13:28:02,576 [INFO] __main__ — 뉴스 시점 제외 [슈프리마에이치큐]: 10건 (>14일/파싱실패)
2026-07-06 13:28:03,463 [INFO] __main__ — 뉴스 시점 제외 [KT나스미디어]: 10건 (>14일/파싱실패)
2026-07-06 13:28:04,192 [INFO] __main__ — 뉴스 시점 제외 [지어소프트]: 12건 (>14일/파싱실패)
2026-07-06 13:28:04,908 [INFO] __main__ — 뉴스 시점 제외 [인포바인]: 11건 (>14일/파싱실패)
2026-07-06 13:28:04,932 [INFO] __main__ — 뉴스 시점 제외 [엠에스씨]: 12건 (>14일/파싱실패)
2026-07-06 13:28:04,941 [INFO] __main__ — 뉴스 시점 제외 [케이엔더블유]: 8건 (>14일/파싱실패)
2026-07-06 13:28:05,665 [INFO] __main__ — 뉴스 시점 제외 [탑런토탈솔루션]: 14건 (>14일/파싱실패)
2026-07-06 13:28:06,549 [INFO] __main__ — 뉴스 시점 제외 [옵투스제약]: 8건 (>14일/파싱실패)
2026-07-06 13:28:06,575 [INFO] __main__ — 뉴스 시점 제외 [NICE인프라]: 13건 (>14일/파싱실패)
2026-07-06 13:28:07,298 [INFO] __main__ — 뉴스 시점 제외 [솔본]: 11건 (>14일/파싱실패)
2026-07-06 13:28:08,035 [INFO] __main__ — 뉴스 시점 제외 [대정화금]: 12건 (>14일/파싱실패)
2026-07-06 13:28:08,755 [INFO] __main__ — 뉴스 시점 제외 [스톰테크]: 8건 (>14일/파싱실패)
2026-07-06 13:28:10,250 [INFO] __main__ — 뉴스 시점 제외 [서원인텍]: 12건 (>14일/파싱실패)
2026-07-06 13:28:10,563 [INFO] __main__ — 뉴스 시점 제외 [동국S&C]: 2건 (>14일/파싱실패)
2026-07-06 13:28:10,964 [INFO] __main__ — 뉴스 시점 제외 [동아엘텍]: 10건 (>14일/파싱실패)
2026-07-06 13:28:12,633 [INFO] __main__ — 뉴스 시점 제외 [창해에탄올]: 8건 (>14일/파싱실패)
2026-07-06 13:28:13,178 [INFO] __main__ — 뉴스 시점 제외 [쎄니트]: 8건 (>14일/파싱실패)
2026-07-06 13:28:14,557 [INFO] __main__ — 뉴스 시점 제외 [일지테크]: 4건 (>14일/파싱실패)
2026-07-06 13:28:14,802 [INFO] __main__ — 뉴스 시점 제외 [싸이닉솔루션]: 8건 (>14일/파싱실패)
2026-07-06 13:28:15,007 [INFO] __main__ — 뉴스 시점 제외 [로보로보]: 12건 (>14일/파싱실패)
2026-07-06 13:28:15,292 [INFO] __main__ — 뉴스 시점 제외 [중앙에너비스]: 11건 (>14일/파싱실패)
2026-07-06 13:28:16,742 [INFO] __main__ — 뉴스 시점 제외 [대림제지]: 14건 (>14일/파싱실패)
2026-07-06 13:28:18,400 [INFO] __main__ — 뉴스 시점 제외 [리드코프]: 10건 (>14일/파싱실패)
2026-07-06 13:28:18,811 [INFO] __main__ — 뉴스 시점 제외 [HRS]: 4건 (>14일/파싱실패)
2026-07-06 13:28:19,118 [INFO] __main__ — 뉴스 시점 제외 [삼현철강]: 4건 (>14일/파싱실패)
2026-07-06 13:28:19,545 [INFO] __main__ — 뉴스 시점 제외 [디지틀조선]: 2건 (>14일/파싱실패)
2026-07-06 13:28:19,900 [INFO] __main__ — 뉴스 시점 제외 [에스피소프트]: 8건 (>14일/파싱실패)
2026-07-06 13:28:20,743 [INFO] __main__ — 뉴스 시점 제외 [화일약품]: 9건 (>14일/파싱실패)
2026-07-06 13:28:20,833 [INFO] __main__ — 뉴스 시점 제외 [한국전자인증]: 12건 (>14일/파싱실패)
2026-07-06 13:28:20,994 [INFO] __main__ — 뉴스 시점 제외 [삼륭물산]: 13건 (>14일/파싱실패)
2026-07-06 13:28:21,456 [INFO] __main__ — 뉴스 시점 제외 [트루엔]: 6건 (>14일/파싱실패)
2026-07-06 13:28:21,554 [INFO] __main__ — 뉴스 시점 제외 [레뷰코퍼레이션]: 9건 (>14일/파싱실패)
2026-07-06 13:28:22,200 [INFO] __main__ — 뉴스 시점 제외 [티에스아이]: 9건 (>14일/파싱실패)
2026-07-06 13:28:22,432 [INFO] __main__ — 뉴스 시점 제외 [유니테크노]: 10건 (>14일/파싱실패)
2026-07-06 13:28:23,119 [INFO] __main__ — 뉴스 시점 제외 [나래나노텍]: 9건 (>14일/파싱실패)
2026-07-06 13:28:23,345 [INFO] __main__ — 뉴스 시점 제외 [블루콤]: 13건 (>14일/파싱실패)
2026-07-06 13:28:24,754 [INFO] __main__ — 뉴스 시점 제외 [서플러스글로벌]: 8건 (>14일/파싱실패)
2026-07-06 13:28:24,762 [INFO] __main__ — 뉴스 시점 제외 [이건홀딩스]: 10건 (>14일/파싱실패)
2026-07-06 13:28:24,798 [INFO] __main__ — 뉴스 시점 제외 [퓨런티어]: 10건 (>14일/파싱실패)
2026-07-06 13:28:25,481 [INFO] __main__ — 뉴스 시점 제외 [푸드웰]: 13건 (>14일/파싱실패)
2026-07-06 13:28:25,492 [INFO] __main__ — 뉴스 시점 제외 [케이엘넷]: 14건 (>14일/파싱실패)
2026-07-06 13:28:25,520 [INFO] __main__ — 뉴스 시점 제외 [잉크테크]: 13건 (>14일/파싱실패)
2026-07-06 13:28:26,208 [INFO] __main__ — 뉴스 시점 제외 [알파칩스]: 11건 (>14일/파싱실패)
2026-07-06 13:28:27,693 [INFO] __main__ — 뉴스 시점 제외 [셀바이오휴먼텍]: 12건 (>14일/파싱실패)
2026-07-06 13:28:28,573 [INFO] __main__ — 뉴스 시점 제외 [오리콤]: 10건 (>14일/파싱실패)
2026-07-06 13:28:29,316 [INFO] __main__ — 뉴스 시점 제외 [아셈스]: 14건 (>14일/파싱실패)
2026-07-06 13:28:29,324 [INFO] __main__ — 뉴스 시점 제외 [에스피시스템스]: 7건 (>14일/파싱실패)
2026-07-06 13:28:30,083 [INFO] __main__ — 뉴스 시점 제외 [프리엠스]: 13건 (>14일/파싱실패)
2026-07-06 13:28:30,787 [INFO] __main__ — 뉴스 시점 제외 [수산아이앤티]: 1건 (>14일/파싱실패)
2026-07-06 13:28:30,808 [INFO] __main__ — 뉴스 시점 제외 [HC홈센타]: 8건 (>14일/파싱실패)
2026-07-06 13:28:31,310 [INFO] __main__ — 뉴스 시점 제외 [코렌텍]: 11건 (>14일/파싱실패)
2026-07-06 13:28:31,500 [INFO] __main__ — 뉴스 시점 제외 [와이어블]: 7건 (>14일/파싱실패)
2026-07-06 13:28:32,040 [INFO] __main__ — 뉴스 시점 제외 [인성정보]: 8건 (>14일/파싱실패)
2026-07-06 13:28:32,771 [INFO] __main__ — 뉴스 시점 제외 [탑코미디어]: 11건 (>14일/파싱실패)
2026-07-06 13:28:33,011 [INFO] __main__ — 뉴스 시점 제외 [구영테크]: 12건 (>14일/파싱실패)
2026-07-06 13:28:33,493 [INFO] __main__ — 뉴스 시점 제외 [셀로맥스사이언스]: 12건 (>14일/파싱실패)
2026-07-06 13:28:34,946 [INFO] __main__ — 뉴스 시점 제외 [YW]: 14건 (>14일/파싱실패)
2026-07-06 13:28:35,676 [INFO] __main__ — 뉴스 시점 제외 [쎄노텍]: 11건 (>14일/파싱실패)
2026-07-06 13:28:37,130 [INFO] __main__ — 뉴스 시점 제외 [삼일기업공사]: 12건 (>14일/파싱실패)
2026-07-06 13:28:37,317 [INFO] __main__ — 뉴스 시점 제외 [쓰리에이로직스]: 12건 (>14일/파싱실패)
2026-07-06 13:28:37,533 [INFO] __main__ — 뉴스 시점 제외 [한국팩키지]: 14건 (>14일/파싱실패)
2026-07-06 13:28:39,169 [INFO] __main__ — 뉴스 시점 제외 [케일럼]: 9건 (>14일/파싱실패)
2026-07-06 13:28:40,027 [INFO] __main__ — 뉴스 시점 제외 [디와이디]: 9건 (>14일/파싱실패)
2026-07-06 13:28:40,605 [INFO] __main__ — 뉴스 시점 제외 [오리엔트정공]: 11건 (>14일/파싱실패)
2026-07-06 13:28:40,764 [INFO] __main__ — 뉴스 시점 제외 [효성오앤비]: 13건 (>14일/파싱실패)
2026-07-06 13:28:41,480 [INFO] __main__ — 뉴스 시점 제외 [보라티알]: 12건 (>14일/파싱실패)
2026-07-06 13:28:42,113 [INFO] __main__ — 뉴스 시점 제외 [한독크린텍]: 13건 (>14일/파싱실패)
2026-07-06 13:28:42,953 [INFO] __main__ — 뉴스 시점 제외 [제이피아이헬스케어]: 12건 (>14일/파싱실패)
2026-07-06 13:28:44,310 [INFO] __main__ — 뉴스 시점 제외 [KB오토시스]: 14건 (>14일/파싱실패)
2026-07-06 13:28:44,589 [INFO] __main__ — 뉴스 시점 제외 [미래생명자원]: 9건 (>14일/파싱실패)
2026-07-06 13:28:45,034 [INFO] __main__ — 뉴스 시점 제외 [그린플러스]: 2건 (>14일/파싱실패)
2026-07-06 13:28:46,251 [INFO] __main__ — 뉴스 시점 제외 [한네트]: 13건 (>14일/파싱실패)
2026-07-06 13:28:46,255 [INFO] __main__ — 뉴스 시점 제외 [에이치와이티씨]: 10건 (>14일/파싱실패)
2026-07-06 13:28:46,491 [INFO] __main__ — 뉴스 시점 제외 [제이엔비]: 10건 (>14일/파싱실패)
2026-07-06 13:28:46,979 [INFO] __main__ — 뉴스 시점 제외 [씨큐브]: 11건 (>14일/파싱실패)
2026-07-06 13:28:46,981 [INFO] __main__ — 뉴스 시점 제외 [브리지텍]: 12건 (>14일/파싱실패)
2026-07-06 13:28:47,411 [INFO] __main__ — 뉴스 시점 제외 [백금T&A]: 10건 (>14일/파싱실패)
2026-07-06 13:28:47,905 [INFO] __main__ — 뉴스 시점 제외 [트윔]: 11건 (>14일/파싱실패)
2026-07-06 13:28:48,826 [INFO] __main__ — 뉴스 시점 제외 [비비씨]: 13건 (>14일/파싱실패)
2026-07-06 13:28:48,840 [INFO] __main__ — 뉴스 시점 제외 [비씨월드제약]: 8건 (>14일/파싱실패)
2026-07-06 13:28:49,297 [INFO] __main__ — 뉴스 시점 제외 [기산텔레콤]: 9건 (>14일/파싱실패)
2026-07-06 13:28:49,751 [INFO] __main__ — 뉴스 시점 제외 [네오크레마]: 8건 (>14일/파싱실패)
2026-07-06 13:28:49,752 [INFO] __main__ — 뉴스 시점 제외 [체리부로]: 7건 (>14일/파싱실패)
2026-07-06 13:28:51,384 [INFO] __main__ — POOL_A 후보 부정뉴스 2차 조회: 546개
2026-07-06 13:28:51,386 [INFO] __main__ — POOL_A: 700개 (A:686 B:3 동시:11) | 부정게이트 제외:13
  대형:50 중형:117 소형:533
2026-07-06 13:28:51,391 [INFO] __main__ —   → POOL_A: 700개
2026-07-06 13:28:51,391 [INFO] __main__ — ▶ Step 2: 하드 필터링
2026-07-06 13:28:51,392 [INFO] __main__ — 하드 필터 제거: 692개 | 과열배제 50 | 이격도상한 7 | 이격도하한 138 | MA추세 446 | RSI과열 2 | 거래대금 49
2026-07-06 13:28:51,393 [INFO] __main__ — 과열 gated 기록: 50개 → gated_tickers
2026-07-06 13:28:51,394 [INFO] __main__ — POOL_B: 8개 | 대형:0 중형:4 소형:4
2026-07-06 13:28:51,394 [INFO] __main__ —   → POOL_B: 8개
2026-07-06 13:28:51,394 [INFO] __main__ — ▶ Step 3: 스코어링 (FinBERT 감성 분석)
2026-07-06 13:28:51,394 [INFO] __main__ — NaverClient: 3개 키 로드 (DataLab·검색 독립 회전)
2026-07-06 13:28:51,394 [INFO] __main__ — 텍스트 신규 수집: 8종목 (캐시 적중 0종목)
2026-07-06 13:29:07,319 [INFO] __main__ — 수집 완료: 뉴스 69건 | 공시 18건
2026-07-06 13:29:07,320 [INFO] __main__ — FinBERT 감성 분석 (finbert 모드)...
2026-07-06 13:29:07,320 [INFO] __main__ — FinBERT 로딩: snunlp/KR-FinBert-SC (CPU, batch=8)
2026-07-06 13:29:07,433 [INFO] httpx — HTTP Request: GET https://huggingface.co/api/agent-harnesses "HTTP/1.1 200 OK"
2026-07-06 13:29:07,452 [INFO] httpx — HTTP Request: HEAD https://huggingface.co/snunlp/KR-FinBert-SC/resolve/main/config.json "HTTP/1.1 307 Temporary Redirect"
2026-07-06 13:29:07,459 [INFO] httpx — HTTP Request: HEAD https://huggingface.co/api/resolve-cache/models/snunlp/KR-FinBert-SC/f8586286cc3161fb648e9fee09a456069fd846d0/config.json "HTTP/1.1 200 OK"
2026-07-06 13:29:07,494 [INFO] httpx — HTTP Request: HEAD https://huggingface.co/snunlp/KR-FinBert-SC/resolve/main/model.safetensors "HTTP/1.1 404 Not Found"
2026-07-06 13:29:07,513 [INFO] httpx — HTTP Request: GET https://huggingface.co/api/models/snunlp/KR-FinBert-SC "HTTP/1.1 200 OK"
2026-07-06 13:29:07,551 [INFO] httpx — HTTP Request: GET https://huggingface.co/api/models/snunlp/KR-FinBert-SC/commits/main "HTTP/1.1 200 OK"
2026-07-06 13:29:07,595 [INFO] httpx — HTTP Request: GET https://huggingface.co/api/models/snunlp/KR-FinBert-SC/discussions?p=0 "HTTP/1.1 200 OK"
2026-07-06 13:29:07,635 [INFO] httpx — HTTP Request: GET https://huggingface.co/api/models/snunlp/KR-FinBert-SC/commits/refs%2Fpr%2F3 "HTTP/1.1 200 OK"
2026-07-06 13:29:07,655 [INFO] httpx — HTTP Request: HEAD https://huggingface.co/snunlp/KR-FinBert-SC/resolve/refs%2Fpr%2F3/model.safetensors.index.json "HTTP/1.1 404 Not Found"
2026-07-06 13:29:07,659 [INFO] httpx — HTTP Request: GET https://huggingface.co/api/models/snunlp/KR-FinBert-SC/tree/main/additional_chat_templates?recursive=false&expand=false "HTTP/1.1 404 Not Found"
2026-07-06 13:29:07,679 [INFO] httpx — HTTP Request: HEAD https://huggingface.co/snunlp/KR-FinBert-SC/resolve/refs%2Fpr%2F3/model.safetensors "HTTP/1.1 302 Found"
2026-07-06 13:29:07,681 [INFO] httpx — HTTP Request: GET https://huggingface.co/api/models/snunlp/KR-FinBert-SC/tree/main?recursive=true&expand=false "HTTP/1.1 200 OK"
2026-07-06 13:29:07,719 [INFO] httpx — HTTP Request: HEAD https://huggingface.co/snunlp/KR-FinBert-SC/resolve/main/processor_config.json "HTTP/1.1 404 Not Found"
2026-07-06 13:29:07,719 [WARNING] huggingface_hub.utils._http — Warning: You are sending unauthenticated requests to the HF Hub. Please set a HF_TOKEN to enable higher rate limits and faster downloads.
2026-07-06 13:29:07,738 [INFO] httpx — HTTP Request: HEAD https://huggingface.co/snunlp/KR-FinBert-SC/resolve/main/video_preprocessor_config.json "HTTP/1.1 404 Not Found"
2026-07-06 13:29:07,759 [INFO] httpx — HTTP Request: HEAD https://huggingface.co/snunlp/KR-FinBert-SC/resolve/main/preprocessor_config.json "HTTP/1.1 404 Not Found"
2026-07-06 13:29:07,760 [INFO] __main__ — FinBERT 로드 완료 (CPU)
2026-07-06 13:29:09,086 [INFO] __main__ — Phase A.1: 매핑 신뢰도 < 0.5 → 감성 점수 폐기 7건
2026-07-06 13:29:09,086 [INFO] __main__ — 스코어링: 8개 | 집중:0 | FinBERT:finbert
2026-07-06 13:29:09,101 [INFO] __main__ —   → 8개
2026-07-06 13:29:09,101 [INFO] __main__ — ▶ Step 4: 발송
2026-07-06 13:29:11,125 [INFO] __main__ — DB 기록: 0개 / 전체 to_send 0개
2026-07-06 13:29:11,125 [INFO] __main__ — 발송: 집중 0 / 주시 0
2026-07-06 13:29:11,125 [INFO] __main__ — 완료  |  소요: 1338.3초
