2026-10-07 16:53:17,511 [INFO] __main__ — config 검증 완료 ✓
2026-10-07 16:53:17,511 [INFO] __main__ — KIS 조회 도메인: 실전 (https://openapi.koreainvestment.com:9443)
2026-10-07 16:53:17,511 [INFO] __main__ — ============================================================
2026-10-07 16:53:17,511 [INFO] __main__ — AlphaRadar v3.3.1  |  기준일: 20261008  |  런: am
2026-10-07 16:53:17,511 [INFO] __main__ — S = T×0.3 + S_text×0.4 + D×0.3
2026-10-07 16:53:17,511 [INFO] __main__ — ============================================================
2026-10-07 16:53:17,511 [INFO] __main__ — ▶ Step 0: 유니버스 필터링
2026-10-07 16:53:17,793 [INFO] __main__ — FDR 데이터 수집: 20260404 ~ 20261008
2026-10-07 16:53:18,890 [INFO] __main__ — master universe 메타: 캐시 사용 2760개 (year=2026)
2026-10-07 16:53:18,892 [INFO] __main__ — master 보강: 등급 833개 | FnGuide/KSIC 2541개 | 섹터(fg_industry) 2541개
2026-10-07 16:53:18,893 [INFO] __main__ — KOSPI: 942개 | 섹터정보 830개 (DART +827개 보완)
2026-10-07 16:53:18,893 [INFO] __main__ — KOSDAQ: 1823개 | 섹터정보 1740개
2026-10-07 16:53:18,894 [INFO] __main__ — 전체: 2765개
2026-10-07 16:53:20,691 [INFO] __main__ — KIS 토큰 발급 완료
2026-10-07 16:59:19,727 [INFO] __main__ — 사전 계산 탈락·대체: 시총 계산 0 · 계산 불가 탈락 0 · 시총 결측 탈락 0 · 시총 미달 1814 · 예외 0
2026-10-07 16:59:19,729 [INFO] __main__ — DART corp_code 매핑: 895/920개 (97%)
2026-10-07 16:59:19,729 [INFO] __main__ — 유효 유니버스: 920개
2026-10-07 16:59:19,736 [INFO] __main__ —   → 920개
2026-10-07 16:59:19,736 [INFO] __main__ — ▶ Step 1: 신호 탐지
2026-10-07 16:59:19,736 [INFO] __main__ — NaverClient: 3개 키 로드 (DataLab·검색 독립 회전)
2026-10-07 16:59:19,736 [INFO] __main__ — 관심 지수 및 부정 뉴스 비율 조회 중...
2026-10-07 16:59:22,340 [INFO] __main__ — 봇 주가요약 제외 [대한광통신]: 2건
2026-10-07 16:59:22,489 [INFO] __main__ — 봇 주가요약 제외 [SFA반도체]: 2건
2026-10-07 16:59:22,500 [INFO] __main__ — 봇 주가요약 제외 [코스모로보틱스]: 2건
2026-10-07 16:59:23,743 [INFO] __main__ — 봇 주가요약 제외 [드림시큐리티]: 1건
2026-10-07 16:59:23,757 [INFO] __main__ — 봇 주가요약 제외 [후성]: 1건
2026-10-07 16:59:24,661 [INFO] __main__ — 봇 주가요약 제외 [성호전자]: 2건
2026-10-07 16:59:24,760 [INFO] __main__ — 봇 주가요약 제외 [삼미금속]: 1건
2026-10-07 16:59:25,030 [INFO] __main__ — 봇 주가요약 제외 [한국비엔씨]: 1건
2026-10-07 16:59:25,678 [INFO] __main__ — 봇 주가요약 제외 [우리로]: 2건
2026-10-07 16:59:26,694 [INFO] __main__ — 봇 주가요약 제외 [티엠씨]: 2건
2026-10-07 16:59:26,923 [INFO] __main__ — 봇 주가요약 제외 [삼표시멘트]: 1건
2026-10-07 16:59:27,201 [INFO] __main__ — 봇 주가요약 제외 [세미파이브]: 1건
2026-10-07 16:59:27,697 [INFO] __main__ — 봇 주가요약 제외 [와이씨]: 2건
2026-10-07 16:59:27,937 [INFO] __main__ — 봇 주가요약 제외 [동국산업]: 1건
2026-10-07 16:59:28,947 [INFO] __main__ — 봇 주가요약 제외 [엑스게이트]: 1건
2026-10-07 16:59:29,738 [INFO] __main__ — 봇 주가요약 제외 [우리기술투자]: 1건
2026-10-07 16:59:29,949 [INFO] __main__ — 봇 주가요약 제외 [HLB제약]: 1건
2026-10-07 16:59:30,933 [INFO] __main__ — 봇 주가요약 제외 [제주반도체]: 2건
2026-10-07 16:59:31,980 [INFO] __main__ — 봇 주가요약 제외 [아주IB투자]: 1건
2026-10-07 16:59:32,339 [INFO] __main__ — 봇 주가요약 제외 [HLB생명과학]: 1건
2026-10-07 16:59:35,058 [INFO] __main__ — 봇 주가요약 제외 [제이앤티씨]: 1건
2026-10-07 16:59:36,476 [INFO] __main__ — 봇 주가요약 제외 [하나마이크론]: 2건
2026-10-07 16:59:37,010 [INFO] __main__ — 봇 주가요약 제외 [스피어]: 1건
2026-10-07 16:59:38,025 [INFO] __main__ — 봇 주가요약 제외 [스카이랩스]: 1건
2026-10-07 16:59:38,501 [INFO] __main__ — 봇 주가요약 제외 [고영]: 2건
2026-10-07 16:59:39,510 [INFO] __main__ — 봇 주가요약 제외 [TCC스틸]: 1건
2026-10-07 16:59:40,191 [INFO] __main__ — 뉴스 시점 제외 [PS일렉트로닉스]: 8건 (>14일/파싱실패)
2026-10-07 16:59:40,539 [INFO] __main__ — 봇 주가요약 제외 [엠케이전자]: 1건
2026-10-07 16:59:41,117 [INFO] __main__ — 봇 주가요약 제외 [광전자]: 6건
2026-10-07 16:59:41,203 [INFO] __main__ — 봇 주가요약 제외 [대원전선]: 6건
2026-10-07 16:59:43,295 [INFO] __main__ — 봇 주가요약 제외 [에이팩트]: 2건
2026-10-07 16:59:44,312 [INFO] __main__ — 봇 주가요약 제외 [네오셈]: 1건
2026-10-07 16:59:44,869 [INFO] __main__ — 봇 주가요약 제외 [한선엔지니어링]: 1건
2026-10-07 16:59:55,802 [INFO] __main__ — 봇 주가요약 제외 [원익홀딩스]: 1건
2026-10-07 16:59:57,851 [INFO] __main__ — 봇 주가요약 제외 [대덕전자]: 2건
2026-10-07 16:59:59,196 [INFO] __main__ — 봇 주가요약 제외 [아이씨티케이]: 2건
2026-10-07 17:00:00,194 [INFO] __main__ — 봇 주가요약 제외 [위메이드맥스]: 1건
2026-10-07 17:00:00,300 [INFO] __main__ — 봇 주가요약 제외 [RF머트리얼즈]: 2건
2026-10-07 17:00:00,879 [INFO] __main__ — 봇 주가요약 제외 [저스템]: 1건
2026-10-07 17:00:02,330 [INFO] __main__ — 뉴스 시점 제외 [페니트리움바이오]: 5건 (>14일/파싱실패)
2026-10-07 17:00:02,330 [INFO] __main__ — 봇 주가요약 제외 [페니트리움바이오]: 1건
2026-10-07 17:00:05,245 [INFO] __main__ — 봇 주가요약 제외 [금호건설]: 2건
2026-10-07 17:00:06,363 [INFO] __main__ — 봇 주가요약 제외 [테크윙]: 2건
2026-10-07 17:00:08,026 [INFO] __main__ — 봇 주가요약 제외 [한화시스템]: 1건
2026-10-07 17:00:08,411 [INFO] __main__ — 봇 주가요약 제외 [삼화콘덴서]: 3건
2026-10-07 17:00:09,027 [INFO] __main__ — 봇 주가요약 제외 [아모텍]: 1건
2026-10-07 17:00:10,337 [INFO] __main__ — 뉴스 시점 제외 [글로벌텍스프리]: 12건 (>14일/파싱실패)
2026-10-07 17:00:11,046 [INFO] __main__ — 봇 주가요약 제외 [브이엠]: 5건
2026-10-07 17:00:14,317 [INFO] __main__ — 봇 주가요약 제외 [동진쎄미켐]: 2건
2026-10-07 17:00:15,571 [INFO] __main__ — 봇 주가요약 제외 [파인엠텍]: 1건
2026-10-07 17:00:18,579 [INFO] __main__ — 뉴스 시점 제외 [티씨머티리얼즈]: 13건 (>14일/파싱실패)
2026-10-07 17:00:19,488 [INFO] __main__ — 봇 주가요약 제외 [비에이치]: 4건
2026-10-07 17:00:20,765 [INFO] __main__ — 봇 주가요약 제외 [코리아써키트]: 2건
2026-10-07 17:00:20,771 [INFO] __main__ — 봇 주가요약 제외 [메가터치]: 1건
2026-10-07 17:00:22,044 [INFO] __main__ — 봇 주가요약 제외 [코오롱티슈진]: 2건
2026-10-07 17:00:23,043 [INFO] __main__ — 뉴스 시점 제외 [보성파워텍]: 8건 (>14일/파싱실패)
2026-10-07 17:00:28,449 [INFO] __main__ — 봇 주가요약 제외 [티엘비]: 2건
2026-10-07 17:00:29,470 [INFO] __main__ — 봇 주가요약 제외 [파두]: 1건
2026-10-07 17:00:30,623 [INFO] __main__ — 봇 주가요약 제외 [SK이터닉스]: 1건
2026-10-07 17:00:31,576 [INFO] __main__ — 뉴스 시점 제외 [맥쿼리인프라]: 5건 (>14일/파싱실패)
2026-10-07 17:00:31,587 [INFO] __main__ — 봇 주가요약 제외 [미래에셋벤처투자]: 1건
2026-10-07 17:00:31,766 [INFO] __main__ — 봇 주가요약 제외 [오이솔루션]: 1건
2026-10-07 17:00:32,887 [INFO] __main__ — 봇 주가요약 제외 [두산퓨얼셀]: 2건
2026-10-07 17:00:36,256 [INFO] __main__ — 뉴스 시점 제외 [대아티아이]: 9건 (>14일/파싱실패)
2026-10-07 17:00:36,356 [INFO] __main__ — 뉴스 시점 제외 [와이지-원]: 13건 (>14일/파싱실패)
2026-10-07 17:00:37,295 [INFO] __main__ — 봇 주가요약 제외 [DB하이텍]: 1건
2026-10-07 17:00:39,364 [INFO] __main__ — 봇 주가요약 제외 [LG씨엔에스]: 2건
2026-10-07 17:00:39,394 [INFO] __main__ — 봇 주가요약 제외 [지엔씨에너지]: 1건
2026-10-07 17:00:40,369 [INFO] __main__ — 봇 주가요약 제외 [태성]: 1건
2026-10-07 17:00:42,577 [INFO] __main__ — 봇 주가요약 제외 [일진전기]: 4건
2026-10-07 17:00:44,115 [INFO] __main__ — 뉴스 시점 제외 [서부T&D]: 1건 (>14일/파싱실패)
2026-10-07 17:00:44,424 [INFO] __main__ — 봇 주가요약 제외 [LS ELECTRIC]: 1건
2026-10-07 17:00:45,440 [INFO] __main__ — 봇 주가요약 제외 [RFHIC]: 2건
2026-10-07 17:00:46,153 [INFO] __main__ — 봇 주가요약 제외 [에스앤에스텍]: 3건
2026-10-07 17:00:48,147 [INFO] __main__ — 뉴스 시점 제외 [심텍홀딩스]: 4건 (>14일/파싱실패)
2026-10-07 17:00:49,093 [INFO] __main__ — 뉴스 시점 제외 [에스에이엠티]: 7건 (>14일/파싱실패)
2026-10-07 17:00:49,156 [INFO] __main__ — 봇 주가요약 제외 [코미코]: 2건
2026-10-07 17:00:53,914 [INFO] __main__ — 봇 주가요약 제외 [피에스케이]: 2건
2026-10-07 17:00:54,770 [INFO] __main__ — 봇 주가요약 제외 [두산테스나]: 2건
2026-10-07 17:00:57,891 [INFO] __main__ — 뉴스 시점 제외 [코칩]: 8건 (>14일/파싱실패)
2026-10-07 17:00:57,913 [INFO] __main__ — 뉴스 시점 제외 [동국홀딩스]: 11건 (>14일/파싱실패)
2026-10-07 17:01:01,983 [INFO] __main__ — 봇 주가요약 제외 [지아이이노베이션]: 1건
2026-10-07 17:01:02,267 [INFO] __main__ — 봇 주가요약 제외 [에이비엘바이오]: 1건
2026-10-07 17:01:04,302 [INFO] __main__ — 봇 주가요약 제외 [HD건설기계]: 1건
2026-10-07 17:01:04,527 [INFO] __main__ — 봇 주가요약 제외 [산일전기]: 2건
2026-10-07 17:01:05,330 [INFO] __main__ — 봇 주가요약 제외 [테스]: 2건
2026-10-07 17:01:06,323 [INFO] __main__ — 뉴스 시점 제외 [코미팜]: 4건 (>14일/파싱실패)
2026-10-07 17:01:08,631 [INFO] __main__ — 뉴스 시점 제외 [엘브이엠씨홀딩스]: 9건 (>14일/파싱실패)
2026-10-07 17:01:09,667 [INFO] __main__ — 봇 주가요약 제외 [파이버프로]: 1건
2026-10-07 17:01:10,703 [INFO] __main__ — 봇 주가요약 제외 [우진]: 1건
2026-10-07 17:01:11,451 [INFO] __main__ — 뉴스 시점 제외 [미래에셋증권2우B]: 7건 (>14일/파싱실패)
2026-10-07 17:01:12,656 [INFO] __main__ — 봇 주가요약 제외 [대주전자재료]: 1건
2026-10-07 17:01:23,005 [INFO] __main__ — 봇 주가요약 제외 [원익QnC]: 3건
2026-10-07 17:01:24,290 [INFO] __main__ — 봇 주가요약 제외 [케이엠더블유]: 2건
2026-10-07 17:01:25,176 [INFO] __main__ — 봇 주가요약 제외 [비에이치아이]: 1건
2026-10-07 17:01:26,957 [INFO] __main__ — 뉴스 시점 제외 [신흥에스이씨]: 3건 (>14일/파싱실패)
2026-10-07 17:01:27,676 [INFO] __main__ — 봇 주가요약 제외 [리가켐바이오]: 1건
2026-10-07 17:01:30,908 [INFO] __main__ — 봇 주가요약 제외 [SFA]: 2건
2026-10-07 17:01:32,013 [INFO] __main__ — 봇 주가요약 제외 [SAMG엔터]: 1건
2026-10-07 17:01:32,503 [INFO] __main__ — 봇 주가요약 제외 [에이치브이엠]: 1건
2026-10-07 17:01:35,200 [INFO] __main__ — 뉴스 시점 제외 [슈어소프트테크]: 10건 (>14일/파싱실패)
2026-10-07 17:01:36,323 [INFO] __main__ — 봇 주가요약 제외 [유진테크]: 1건
2026-10-07 17:01:37,934 [INFO] __main__ — 봇 주가요약 제외 [피에스케이홀딩스]: 1건
2026-10-07 17:01:38,344 [INFO] __main__ — 봇 주가요약 제외 [한화비전]: 2건
2026-10-07 17:01:39,564 [INFO] __main__ — 뉴스 시점 제외 [엘티씨]: 4건 (>14일/파싱실패)
2026-10-07 17:01:40,678 [INFO] __main__ — 봇 주가요약 제외 [엘오티베큠]: 2건
2026-10-07 17:01:42,738 [INFO] __main__ — 봇 주가요약 제외 [인벤티지랩]: 1건
2026-10-07 17:01:43,066 [INFO] __main__ — 뉴스 시점 제외 [KB스타리츠]: 8건 (>14일/파싱실패)
2026-10-07 17:01:43,745 [INFO] __main__ — 봇 주가요약 제외 [태광]: 1건
2026-10-07 17:01:46,223 [INFO] __main__ — 봇 주가요약 제외 [미래에셋생명]: 1건
2026-10-07 17:01:48,882 [INFO] __main__ — 봇 주가요약 제외 [ISC]: 1건
2026-10-07 17:01:52,174 [INFO] __main__ — 봇 주가요약 제외 [포스코엠텍]: 1건
2026-10-07 17:01:53,220 [INFO] __main__ — 봇 주가요약 제외 [풍산]: 2건
2026-10-07 17:01:55,249 [INFO] __main__ — 뉴스 시점 제외 [ESR켄달스퀘어리츠]: 9건 (>14일/파싱실패)
2026-10-07 17:01:56,260 [INFO] __main__ — 뉴스 시점 제외 [명신산업]: 7건 (>14일/파싱실패)
2026-10-07 17:02:00,417 [INFO] __main__ — 뉴스 시점 제외 [아스테라시스]: 5건 (>14일/파싱실패)
2026-10-07 17:02:01,435 [INFO] __main__ — 봇 주가요약 제외 [비나텍]: 1건
2026-10-07 17:02:07,891 [INFO] __main__ — 봇 주가요약 제외 [오픈엣지테크놀로지]: 4건
2026-10-07 17:02:08,899 [INFO] __main__ — 봇 주가요약 제외 [오스코텍]: 1건
2026-10-07 17:02:09,126 [INFO] __main__ — 봇 주가요약 제외 [SNT다이내믹스]: 2건
2026-10-07 17:02:09,966 [INFO] __main__ — 봇 주가요약 제외 [위메이드]: 1건
2026-10-07 17:02:14,315 [INFO] __main__ — 봇 주가요약 제외 [하나머티리얼즈]: 3건
2026-10-07 17:02:15,101 [INFO] __main__ — 뉴스 시점 제외 [이지홀딩스]: 6건 (>14일/파싱실패)
2026-10-07 17:02:17,157 [INFO] __main__ — 뉴스 시점 제외 [케이엔제이]: 8건 (>14일/파싱실패)
2026-10-07 17:02:17,454 [INFO] __main__ — 뉴스 시점 제외 [에이디테크놀로지]: 4건 (>14일/파싱실패)
2026-10-07 17:02:18,175 [INFO] __main__ — 봇 주가요약 제외 [삼성에스디에스]: 1건
2026-10-07 17:02:18,500 [INFO] __main__ — 뉴스 시점 제외 [YG PLUS]: 7건 (>14일/파싱실패)
2026-10-07 17:02:22,273 [INFO] __main__ — 뉴스 시점 제외 [국일제지]: 11건 (>14일/파싱실패)
2026-10-07 17:02:23,373 [INFO] __main__ — 봇 주가요약 제외 [DSC인베스트먼트]: 1건
2026-10-07 17:02:23,397 [INFO] __main__ — 뉴스 시점 제외 [세보엠이씨]: 11건 (>14일/파싱실패)
2026-10-07 17:02:26,425 [INFO] __main__ — 봇 주가요약 제외 [가온칩스]: 3건
2026-10-07 17:02:28,863 [INFO] __main__ — 부정 키워드 감지: 22개 종목 (neg_ratio > 0)
2026-10-07 17:02:28,864 [INFO] __main__ — 수급일수충족·합계음수 제외: 86개
2026-10-07 17:02:31,636 [INFO] __main__ — 뉴스 시점 제외 [삼성전기우]: 11건 (>14일/파싱실패)
2026-10-07 17:02:32,201 [INFO] __main__ — 뉴스 시점 제외 [LG전자우]: 8건 (>14일/파싱실패)
2026-10-07 17:02:32,201 [INFO] __main__ — 봇 주가요약 제외 [LG전자우]: 1건
2026-10-07 17:02:32,451 [INFO] __main__ — 뉴스 시점 제외 [한화리츠]: 6건 (>14일/파싱실패)
2026-10-07 17:02:33,094 [INFO] __main__ — 뉴스 시점 제외 [LG화학우]: 12건 (>14일/파싱실패)
2026-10-07 17:02:34,463 [INFO] __main__ — 뉴스 시점 제외 [맵스리얼티]: 14건 (>14일/파싱실패)
2026-10-07 17:02:34,631 [INFO] __main__ — 뉴스 시점 제외 [신한알파리츠]: 11건 (>14일/파싱실패)
2026-10-07 17:02:35,773 [INFO] __main__ — 뉴스 시점 제외 [쿠쿠홈시스]: 2건 (>14일/파싱실패)
2026-10-07 17:02:35,904 [INFO] __main__ — 뉴스 시점 제외 [세진중공업]: 4건 (>14일/파싱실패)
2026-10-07 17:02:36,165 [INFO] __main__ — 뉴스 시점 제외 [CJ4우(전환)]: 15건 (>14일/파싱실패)
2026-10-07 17:02:37,870 [INFO] __main__ — 뉴스 시점 제외 [일진하이솔루스]: 10건 (>14일/파싱실패)
2026-10-07 17:02:38,752 [INFO] __main__ — 뉴스 시점 제외 [S-Oil우]: 9건 (>14일/파싱실패)
2026-10-07 17:02:38,997 [INFO] __main__ — 뉴스 시점 제외 [삼성SDI우]: 14건 (>14일/파싱실패)
2026-10-07 17:02:39,317 [INFO] __main__ — 뉴스 시점 제외 [국도화학]: 7건 (>14일/파싱실패)
2026-10-07 17:02:40,844 [INFO] __main__ — 뉴스 시점 제외 [아세아제지]: 14건 (>14일/파싱실패)
2026-10-07 17:02:41,413 [INFO] __main__ — 뉴스 시점 제외 [송원산업]: 8건 (>14일/파싱실패)
2026-10-07 17:02:41,584 [INFO] __main__ — 뉴스 시점 제외 [에이플러스에셋]: 3건 (>14일/파싱실패)
2026-10-07 17:02:41,974 [INFO] __main__ — 뉴스 시점 제외 [잇츠한불]: 3건 (>14일/파싱실패)
2026-10-07 17:02:42,962 [INFO] __main__ — 뉴스 시점 제외 [대신밸류리츠]: 12건 (>14일/파싱실패)
2026-10-07 17:02:44,412 [INFO] __main__ — 뉴스 시점 제외 [SK우]: 15건 (>14일/파싱실패)
2026-10-07 17:02:45,106 [INFO] __main__ — 뉴스 시점 제외 [LG우]: 14건 (>14일/파싱실패)
2026-10-07 17:02:45,667 [INFO] __main__ — 봇 주가요약 제외 [티씨케이]: 2건
2026-10-07 17:02:45,784 [INFO] __main__ — 봇 주가요약 제외 [솔브레인]: 1건
2026-10-07 17:02:45,934 [INFO] __main__ — 봇 주가요약 제외 [파크시스템스]: 3건
2026-10-07 17:02:46,801 [INFO] __main__ — 봇 주가요약 제외 [유일로보틱스]: 1건
2026-10-07 17:02:47,075 [INFO] __main__ — 뉴스 시점 제외 [제룡전기]: 6건 (>14일/파싱실패)
2026-10-07 17:02:47,075 [INFO] __main__ — 봇 주가요약 제외 [제룡전기]: 3건
2026-10-07 17:02:47,381 [INFO] __main__ — 봇 주가요약 제외 [로보스타]: 1건
2026-10-07 17:02:48,778 [INFO] __main__ — 봇 주가요약 제외 [월덱스]: 1건
2026-10-07 17:02:49,338 [INFO] __main__ — 뉴스 시점 제외 [삼지전자]: 10건 (>14일/파싱실패)
2026-10-07 17:02:49,902 [INFO] __main__ — 뉴스 시점 제외 [현대힘스]: 9건 (>14일/파싱실패)
2026-10-07 17:02:51,414 [INFO] __main__ — 뉴스 시점 제외 [매커스]: 3건 (>14일/파싱실패)
2026-10-07 17:02:51,601 [INFO] __main__ — 뉴스 시점 제외 [한국알콜]: 4건 (>14일/파싱실패)
2026-10-07 17:02:51,979 [INFO] __main__ — 뉴스 시점 제외 [골프존홀딩스]: 10건 (>14일/파싱실패)
2026-10-07 17:02:52,735 [INFO] __main__ — 뉴스 시점 제외 [사피엔반도체]: 8건 (>14일/파싱실패)
2026-10-07 17:02:53,663 [INFO] __main__ — 뉴스 시점 제외 [인화정공]: 8건 (>14일/파싱실패)
2026-10-07 17:02:53,860 [INFO] __main__ — 뉴스 시점 제외 [필에너지]: 6건 (>14일/파싱실패)
2026-10-07 17:02:54,228 [INFO] __main__ — 뉴스 시점 제외 [한라IMS]: 5건 (>14일/파싱실패)
2026-10-07 17:02:55,363 [INFO] __main__ — 뉴스 시점 제외 [도우인시스]: 8건 (>14일/파싱실패)
2026-10-07 17:02:55,872 [INFO] __main__ — 뉴스 시점 제외 [에이직랜드]: 6건 (>14일/파싱실패)
2026-10-07 17:02:56,129 [INFO] __main__ — 뉴스 시점 제외 [케이티알파]: 7건 (>14일/파싱실패)
2026-10-07 17:02:56,428 [INFO] __main__ — 뉴스 시점 제외 [대명에너지]: 5건 (>14일/파싱실패)
2026-10-07 17:02:56,428 [INFO] __main__ — 봇 주가요약 제외 [대명에너지]: 1건
2026-10-07 17:02:57,249 [INFO] __main__ — 뉴스 시점 제외 [에스엔시스]: 9건 (>14일/파싱실패)
2026-10-07 17:02:57,621 [INFO] __main__ — 뉴스 시점 제외 [삼목에스폼]: 5건 (>14일/파싱실패)
2026-10-07 17:02:57,817 [INFO] __main__ — 뉴스 시점 제외 [덕양에너젠]: 6건 (>14일/파싱실패)
2026-10-07 17:02:58,110 [INFO] __main__ — 뉴스 시점 제외 [씨메스로보틱스]: 8건 (>14일/파싱실패)
2026-10-07 17:02:58,110 [INFO] __main__ — 봇 주가요약 제외 [씨메스로보틱스]: 1건
2026-10-07 17:02:58,935 [INFO] __main__ — 뉴스 시점 제외 [JTC]: 8건 (>14일/파싱실패)
2026-10-07 17:02:59,237 [INFO] __main__ — 뉴스 시점 제외 [오리엔탈정공]: 8건 (>14일/파싱실패)
2026-10-07 17:02:59,338 [INFO] __main__ — POOL_A 후보 부정뉴스 2차 조회: 159개
2026-10-07 17:02:59,340 [INFO] __main__ — POOL_A: 435개 (A:402 B:9 동시:24) | 부정게이트 제외:4
  대형:42 중형:185 소형:208
2026-10-07 17:02:59,344 [INFO] __main__ — 대조군 표본(무신호): 40개 / 모집단 485개 → pool_history
2026-10-07 17:02:59,346 [INFO] __main__ —   → POOL_A: 435개
2026-10-07 17:02:59,346 [INFO] __main__ — ▶ Step 2: 하드 필터링
2026-10-07 17:02:59,347 [INFO] __main__ — 하드 필터 제거: 421개 | 과열배제 82 | 이격도상한 21 | 이격도하한 9 | MA추세 230 | RSI과열 15 | 거래대금 64
2026-10-07 17:02:59,349 [INFO] __main__ — 과열 gated 기록: 82개 → gated_tickers
2026-10-07 17:02:59,351 [INFO] __main__ — 대조군 표본(필터탈락): 165개 / 모집단 421개 → pool_history
2026-10-07 17:02:59,351 [INFO] __main__ — POOL_B: 14개 | 대형:0 중형:8 소형:6
2026-10-07 17:02:59,352 [INFO] __main__ —   → POOL_B: 14개
2026-10-07 17:02:59,352 [INFO] __main__ — ▶ Step 3: 스코어링 (FinBERT 감성 분석)
2026-10-07 17:02:59,352 [INFO] __main__ — NaverClient: 3개 키 로드 (DataLab·검색 독립 회전)
2026-10-07 17:02:59,352 [INFO] __main__ — 텍스트 신규 수집: 14종목 (캐시 적중 0종목)
2026-10-07 17:02:59,848 [INFO] __main__ — 봇 주가요약 제외 [후성]: 1건
2026-10-07 17:03:03,825 [INFO] __main__ — 봇 주가요약 제외 [로보티즈]: 2건
2026-10-07 17:03:11,050 [INFO] __main__ — 뉴스 시점 제외 [우리기술투자]: 18건 (>14일/파싱실패)
2026-10-07 17:03:11,050 [INFO] __main__ — 봇 주가요약 제외 [우리기술투자]: 1건
2026-10-07 17:03:11,178 [INFO] __main__ — 봇 주가요약 제외 [위메이드맥스]: 1건
2026-10-07 17:03:14,361 [INFO] __main__ — 뉴스 시점 제외 [상신이디피]: 12건 (>14일/파싱실패)
2026-10-07 17:03:14,533 [INFO] __main__ — 뉴스 시점 제외 [한국정보인증]: 7건 (>14일/파싱실패)
2026-10-07 17:03:17,411 [INFO] __main__ — 기사 보존(수집): 123건 (14종목) → news_articles
2026-10-07 17:03:17,413 [INFO] __main__ — 공시 보존(수집): 10건 (14종목) → dart_filings
2026-10-07 17:03:17,413 [INFO] __main__ — 수집 완료: 뉴스 123건 | 공시 10건
2026-10-07 17:03:17,413 [INFO] __main__ — FinBERT 감성 분석 (finbert 모드)...
2026-10-07 17:03:17,413 [INFO] __main__ — FinBERT 로딩: snunlp/KR-FinBert-SC (CPU, batch=8)
2026-10-07 17:03:17,528 [INFO] httpx — HTTP Request: GET https://huggingface.co/api/agent-harnesses "HTTP/1.1 200 OK"
2026-10-07 17:03:17,604 [INFO] httpx — HTTP Request: GET https://huggingface.co/api/models/snunlp/KR-FinBert-SC "HTTP/1.1 200 OK"
2026-10-07 17:03:17,700 [INFO] httpx — HTTP Request: HEAD https://huggingface.co/snunlp/KR-FinBert-SC/resolve/main/model.safetensors "HTTP/1.1 404 Not Found"
2026-10-07 17:03:17,701 [WARNING] huggingface_hub.utils._http — Warning: You are sending unauthenticated requests to the HF Hub. Please set a HF_TOKEN to enable higher rate limits and faster downloads.
2026-10-07 17:03:17,778 [INFO] httpx — HTTP Request: GET https://huggingface.co/api/models/snunlp/KR-FinBert-SC "HTTP/1.1 200 OK"
2026-10-07 17:03:17,872 [INFO] httpx — HTTP Request: GET https://huggingface.co/api/models/snunlp/KR-FinBert-SC/commits/main "HTTP/1.1 200 OK"
2026-10-07 17:03:17,930 [INFO] httpx — HTTP Request: GET https://huggingface.co/api/models/snunlp/KR-FinBert-SC/tree/main/additional_chat_templates?recursive=false&expand=false "HTTP/1.1 404 Not Found"
2026-10-07 17:03:17,958 [INFO] httpx — HTTP Request: GET https://huggingface.co/api/models/snunlp/KR-FinBert-SC/discussions?p=0 "HTTP/1.1 200 OK"
2026-10-07 17:03:18,044 [INFO] httpx — HTTP Request: GET https://huggingface.co/api/models/snunlp/KR-FinBert-SC/commits/refs%2Fpr%2F3 "HTTP/1.1 200 OK"
2026-10-07 17:03:18,096 [INFO] httpx — HTTP Request: GET https://huggingface.co/api/models/snunlp/KR-FinBert-SC/tree/main?recursive=true&expand=false "HTTP/1.1 200 OK"
2026-10-07 17:03:18,122 [INFO] httpx — HTTP Request: HEAD https://huggingface.co/snunlp/KR-FinBert-SC/resolve/refs%2Fpr%2F3/model.safetensors.index.json "HTTP/1.1 404 Not Found"
2026-10-07 17:03:18,189 [INFO] httpx — HTTP Request: HEAD https://huggingface.co/snunlp/KR-FinBert-SC/resolve/f8586286cc3161fb648e9fee09a456069fd846d0/processor_config.json "HTTP/1.1 404 Not Found"
2026-10-07 17:03:18,202 [INFO] httpx — HTTP Request: HEAD https://huggingface.co/snunlp/KR-FinBert-SC/resolve/refs%2Fpr%2F3/model.safetensors "HTTP/1.1 302 Found"
2026-10-07 17:03:18,267 [INFO] httpx — HTTP Request: HEAD https://huggingface.co/snunlp/KR-FinBert-SC/resolve/f8586286cc3161fb648e9fee09a456069fd846d0/video_preprocessor_config.json "HTTP/1.1 404 Not Found"
2026-10-07 17:03:18,343 [INFO] httpx — HTTP Request: HEAD https://huggingface.co/snunlp/KR-FinBert-SC/resolve/f8586286cc3161fb648e9fee09a456069fd846d0/preprocessor_config.json "HTTP/1.1 404 Not Found"
2026-10-07 17:03:18,344 [INFO] __main__ — FinBERT 로드 완료 (CPU)
2026-10-07 17:03:22,348 [INFO] __main__ — Phase A.1: 매핑 신뢰도 < 0.5 → 감성 점수 폐기 12건
2026-10-07 17:03:22,349 [INFO] __main__ — 스코어링: 14개 | 집중:0 | FinBERT:finbert
2026-10-07 17:03:22,365 [INFO] __main__ —   → 14개
2026-10-07 17:03:22,365 [INFO] __main__ — ▶ Step 4: 발송
2026-10-07 17:03:26,475 [INFO] __main__ — DB 기록: 5개 / 전체 to_send 5개
2026-10-07 17:03:26,475 [INFO] __main__ — 발송: 5종목 | 진입 후보 1 | 신규 1
2026-10-07 17:03:26,475 [INFO] __main__ — 완료  |  소요: 609.0초
2026-10-07 17:03:27,540 [INFO] track_outcomes — pool_history 대조군 11887건 추적 대상 포함
2026-10-07 17:03:27,624 [INFO] track_outcomes — 고아 행 133건 복원 (targets에서 탈락한 미완 키)
2026-10-07 17:03:27,624 [INFO] track_outcomes — 대상 22742건 | 갱신 필요 9465건 | 완료 스킵 13410건
2026-10-07 17:03:27,626 [INFO] track_outcomes —   가격 조회 고유 종목 955개 (기존 329 + 대조군 추가 626)
2026-10-07 17:03:27,628 [INFO] track_outcomes —   가격 조회 종료일 2026-10-07 (KST 오늘 2026-10-08 02:03 — 당일 바 제외)
2026-10-07 17:17:23,093 [INFO] track_outcomes — outcomes 적재: 신규 301건 | 갱신(신규+보완) 2461건
