2026-07-17 11:08:56,091 [INFO] __main__ — config 검증 완료 ✓
2026-07-17 11:08:56,091 [INFO] __main__ — ============================================================
2026-07-17 11:08:56,091 [INFO] __main__ — AlphaRadar v3.3.1  |  기준일: 20260717
2026-07-17 11:08:56,091 [INFO] __main__ — S = T×0.3 + S_text×0.4 + D×0.3
2026-07-17 11:08:56,092 [INFO] __main__ — ============================================================
2026-07-17 11:08:56,092 [INFO] __main__ — ▶ Step 0: 유니버스 필터링
2026-07-17 11:08:56,263 [INFO] __main__ — FDR 데이터 수집: 20260111 ~ 20260717
2026-07-17 11:08:57,541 [INFO] __main__ — KOSPI: 944개 | 섹터정보 834개 (DART +834개 보완)
2026-07-17 11:08:57,542 [INFO] __main__ — KOSDAQ: 1821개 | 섹터정보 1821개
2026-07-17 11:08:57,542 [INFO] __main__ — 전체: 2765개
2026-07-17 11:08:59,965 [INFO] __main__ — KIS 토큰 발급 완료
2026-07-17 11:24:31,317 [INFO] __main__ — DART corp_code 매핑: 2167/2220개 (97%)
2026-07-17 11:24:31,317 [INFO] __main__ — 유효 유니버스: 2220개
2026-07-17 11:24:31,329 [INFO] __main__ —   → 2220개
2026-07-17 11:24:31,329 [INFO] __main__ — ▶ Step 1: 신호 탐지
2026-07-17 11:24:31,329 [INFO] __main__ — NaverClient: 3개 키 로드 (DataLab·검색 독립 회전)
2026-07-17 11:24:31,329 [INFO] __main__ — 관심 지수 및 부정 뉴스 비율 조회 중...
2026-07-17 11:24:59,575 [INFO] __main__ — 뉴스 시점 제외 [남선알미늄]: 4건 (>14일/파싱실패)
2026-07-17 11:25:06,037 [INFO] __main__ — 뉴스 시점 제외 [KX하이텍]: 8건 (>14일/파싱실패)
2026-07-17 11:25:17,887 [INFO] __main__ — 뉴스 시점 제외 [한성크린텍]: 5건 (>14일/파싱실패)
2026-07-17 11:25:25,544 [INFO] __main__ — 뉴스 시점 제외 [맥쿼리인프라]: 6건 (>14일/파싱실패)
2026-07-17 11:25:28,817 [INFO] __main__ — 뉴스 시점 제외 [세미티에스]: 8건 (>14일/파싱실패)
2026-07-17 11:25:29,345 [INFO] __main__ — 뉴스 시점 제외 [하이드로리튬]: 10건 (>14일/파싱실패)
2026-07-17 11:25:30,416 [INFO] __main__ — 뉴스 시점 제외 [THE E&M]: 3건 (>14일/파싱실패)
2026-07-17 11:25:30,625 [INFO] __main__ — 뉴스 시점 제외 [대주산업]: 4건 (>14일/파싱실패)
2026-07-17 11:25:52,008 [INFO] __main__ — 뉴스 시점 제외 [KBI동양철관]: 10건 (>14일/파싱실패)
2026-07-17 11:25:54,973 [INFO] __main__ — 뉴스 시점 제외 [해성옵틱스]: 8건 (>14일/파싱실패)
2026-07-17 11:26:00,034 [INFO] __main__ — 뉴스 시점 제외 [보성파워텍]: 5건 (>14일/파싱실패)
2026-07-17 11:26:00,949 [INFO] __main__ — 뉴스 시점 제외 [조일알미늄]: 6건 (>14일/파싱실패)
2026-07-17 11:26:01,722 [INFO] __main__ — 뉴스 시점 제외 [엑스게이트]: 7건 (>14일/파싱실패)
2026-07-17 11:26:02,555 [INFO] __main__ — 뉴스 시점 제외 [부국철강]: 12건 (>14일/파싱실패)
2026-07-17 11:26:06,058 [INFO] __main__ — 뉴스 시점 제외 [키스트론]: 8건 (>14일/파싱실패)
2026-07-17 11:26:06,389 [INFO] __main__ — 뉴스 시점 제외 [멤레이비티]: 6건 (>14일/파싱실패)
2026-07-17 11:26:06,781 [INFO] __main__ — 뉴스 시점 제외 [원텍]: 6건 (>14일/파싱실패)
2026-07-17 11:26:08,032 [INFO] __main__ — 뉴스 시점 제외 [옴니시스템]: 2건 (>14일/파싱실패)
2026-07-17 11:26:29,820 [INFO] __main__ — 뉴스 시점 제외 [퍼스텍]: 1건 (>14일/파싱실패)
2026-07-17 11:26:31,928 [INFO] __main__ — 뉴스 시점 제외 [시너지이노베이션]: 11건 (>14일/파싱실패)
2026-07-17 11:26:31,948 [INFO] __main__ — 뉴스 시점 제외 [벡트]: 4건 (>14일/파싱실패)
2026-07-17 11:26:33,832 [INFO] __main__ — 뉴스 시점 제외 [엘브이엠씨홀딩스]: 14건 (>14일/파싱실패)
2026-07-17 11:26:35,265 [INFO] __main__ — 뉴스 시점 제외 [KB스타리츠]: 12건 (>14일/파싱실패)
2026-07-17 11:26:35,985 [INFO] __main__ — 뉴스 시점 제외 [티씨머티리얼즈]: 11건 (>14일/파싱실패)
2026-07-17 11:26:39,504 [INFO] __main__ — 뉴스 시점 제외 [대아티아이]: 6건 (>14일/파싱실패)
2026-07-17 11:26:40,058 [INFO] __main__ — 뉴스 시점 제외 [아남전자]: 11건 (>14일/파싱실패)
2026-07-17 11:26:42,576 [INFO] __main__ — 뉴스 시점 제외 [일신석재]: 9건 (>14일/파싱실패)
2026-07-17 11:26:44,257 [INFO] __main__ — 뉴스 시점 제외 [에이팩트]: 7건 (>14일/파싱실패)
2026-07-17 11:26:46,874 [INFO] __main__ — 뉴스 시점 제외 [양지사]: 11건 (>14일/파싱실패)
2026-07-17 11:26:48,343 [INFO] __main__ — 뉴스 시점 제외 [우리기술투자]: 10건 (>14일/파싱실패)
2026-07-17 11:26:50,836 [INFO] __main__ — 뉴스 시점 제외 [덕신이피씨]: 8건 (>14일/파싱실패)
2026-07-17 11:26:52,971 [INFO] __main__ — 뉴스 시점 제외 [빛샘전자]: 2건 (>14일/파싱실패)
2026-07-17 11:26:56,784 [INFO] __main__ — 뉴스 시점 제외 [수산세보틱스]: 10건 (>14일/파싱실패)
2026-07-17 11:26:57,234 [INFO] __main__ — 뉴스 시점 제외 [HB솔루션]: 5건 (>14일/파싱실패)
2026-07-17 11:26:58,029 [INFO] __main__ — 뉴스 시점 제외 [GRT]: 6건 (>14일/파싱실패)
2026-07-17 11:27:06,912 [INFO] __main__ — 뉴스 시점 제외 [메가터치]: 5건 (>14일/파싱실패)
2026-07-17 11:27:11,172 [INFO] __main__ — 뉴스 시점 제외 [에이치엠넥스]: 10건 (>14일/파싱실패)
2026-07-17 11:27:12,223 [INFO] __main__ — 뉴스 시점 제외 [대영포장]: 15건 (>14일/파싱실패)
2026-07-17 11:27:17,526 [INFO] __main__ — 뉴스 시점 제외 [알루코]: 10건 (>14일/파싱실패)
2026-07-17 11:27:20,862 [INFO] __main__ — 뉴스 시점 제외 [티이엠씨]: 3건 (>14일/파싱실패)
2026-07-17 11:27:21,337 [INFO] __main__ — 뉴스 시점 제외 [미래에셋증권2우B]: 13건 (>14일/파싱실패)
2026-07-17 11:27:22,596 [INFO] __main__ — 뉴스 시점 제외 [태경케미컬]: 5건 (>14일/파싱실패)
2026-07-17 11:27:23,843 [INFO] __main__ — 뉴스 시점 제외 [에이티넘인베스트]: 13건 (>14일/파싱실패)
2026-07-17 11:27:28,776 [INFO] __main__ — 뉴스 시점 제외 [비투엔]: 11건 (>14일/파싱실패)
2026-07-17 11:27:41,697 [INFO] __main__ — 뉴스 시점 제외 [영화금속]: 6건 (>14일/파싱실패)
2026-07-17 11:27:42,451 [INFO] __main__ — 뉴스 시점 제외 [휴스틸]: 4건 (>14일/파싱실패)
2026-07-17 11:27:44,474 [INFO] __main__ — 뉴스 시점 제외 [엔비알모션]: 5건 (>14일/파싱실패)
2026-07-17 11:27:45,153 [INFO] __main__ — 뉴스 시점 제외 [네오리진]: 9건 (>14일/파싱실패)
2026-07-17 11:27:46,487 [INFO] __main__ — 뉴스 시점 제외 [와이제이링크]: 10건 (>14일/파싱실패)
2026-07-17 11:27:47,021 [INFO] __main__ — 뉴스 시점 제외 [지앤비에스 에코]: 3건 (>14일/파싱실패)
2026-07-17 11:27:49,022 [INFO] __main__ — 뉴스 시점 제외 [슈어소프트테크]: 10건 (>14일/파싱실패)
2026-07-17 11:27:49,562 [INFO] __main__ — 뉴스 시점 제외 [YG PLUS]: 9건 (>14일/파싱실패)
2026-07-17 11:27:50,840 [INFO] __main__ — 뉴스 시점 제외 [이루온]: 9건 (>14일/파싱실패)
2026-07-17 11:27:52,117 [INFO] __main__ — 뉴스 시점 제외 [국일제지]: 13건 (>14일/파싱실패)
2026-07-17 11:28:01,747 [INFO] __main__ — 뉴스 시점 제외 [경인양행]: 6건 (>14일/파싱실패)
2026-07-17 11:28:03,754 [INFO] __main__ — 뉴스 시점 제외 [티케이케미칼]: 8건 (>14일/파싱실패)
2026-07-17 11:28:05,567 [INFO] __main__ — 뉴스 시점 제외 [에코플라스틱]: 2건 (>14일/파싱실패)
2026-07-17 11:28:06,102 [INFO] __main__ — 뉴스 시점 제외 [넥스틸]: 6건 (>14일/파싱실패)
2026-07-17 11:28:07,380 [INFO] __main__ — 뉴스 시점 제외 [포스코스틸리온]: 5건 (>14일/파싱실패)
2026-07-17 11:28:10,149 [INFO] __main__ — 부정 키워드 감지: 28개 종목 (neg_ratio > 0)
2026-07-17 11:28:10,153 [INFO] __main__ — 수급일수충족·합계음수 제외: 145개
2026-07-17 11:28:18,551 [INFO] __main__ — 뉴스 시점 제외 [두산우]: 14건 (>14일/파싱실패)
2026-07-17 11:28:21,963 [INFO] __main__ — 뉴스 시점 제외 [삼성화재우]: 11건 (>14일/파싱실패)
2026-07-17 11:28:22,734 [INFO] __main__ — 뉴스 시점 제외 [LG전자우]: 8건 (>14일/파싱실패)
2026-07-17 11:28:22,780 [INFO] __main__ — 뉴스 시점 제외 [롯데리츠]: 10건 (>14일/파싱실패)
2026-07-17 11:28:25,464 [INFO] __main__ — 뉴스 시점 제외 [세방전지]: 9건 (>14일/파싱실패)
2026-07-17 11:28:27,593 [INFO] __main__ — 뉴스 시점 제외 [CJ4우(전환)]: 14건 (>14일/파싱실패)
2026-07-17 11:28:28,381 [INFO] __main__ — 뉴스 시점 제외 [대신증권우]: 14건 (>14일/파싱실패)
2026-07-17 11:28:28,946 [INFO] __main__ — 뉴스 시점 제외 [풍산홀딩스]: 8건 (>14일/파싱실패)
2026-07-17 11:28:29,068 [INFO] __main__ — 뉴스 시점 제외 [NH투자증권우]: 14건 (>14일/파싱실패)
2026-07-17 11:28:29,656 [INFO] __main__ — 뉴스 시점 제외 [세아홀딩스]: 1건 (>14일/파싱실패)
2026-07-17 11:28:29,760 [INFO] __main__ — 뉴스 시점 제외 [DI동일]: 3건 (>14일/파싱실패)
2026-07-17 11:28:30,325 [INFO] __main__ — 뉴스 시점 제외 [전진건설로봇]: 8건 (>14일/파싱실패)
2026-07-17 11:28:31,898 [INFO] __main__ — 뉴스 시점 제외 [조광피혁]: 12건 (>14일/파싱실패)
2026-07-17 11:28:31,906 [INFO] __main__ — 뉴스 시점 제외 [농심홀딩스]: 2건 (>14일/파싱실패)
2026-07-17 11:28:31,920 [INFO] __main__ — 뉴스 시점 제외 [아모레퍼시픽우]: 9건 (>14일/파싱실패)
2026-07-17 11:28:32,584 [INFO] __main__ — 뉴스 시점 제외 [삼영무역]: 11건 (>14일/파싱실패)
2026-07-17 11:28:32,617 [INFO] __main__ — 뉴스 시점 제외 [코람코라이프인프라리츠]: 12건 (>14일/파싱실패)
2026-07-17 11:28:32,627 [INFO] __main__ — 뉴스 시점 제외 [신대양제지]: 13건 (>14일/파싱실패)
2026-07-17 11:28:33,984 [INFO] __main__ — 뉴스 시점 제외 [KPX홀딩스]: 9건 (>14일/파싱실패)
2026-07-17 11:28:34,678 [INFO] __main__ — 뉴스 시점 제외 [KISCO홀딩스]: 8건 (>14일/파싱실패)
2026-07-17 11:28:34,714 [INFO] __main__ — 뉴스 시점 제외 [현대퓨처넷]: 10건 (>14일/파싱실패)
2026-07-17 11:28:36,968 [INFO] __main__ — 뉴스 시점 제외 [아세아제지]: 9건 (>14일/파싱실패)
2026-07-17 11:28:39,409 [INFO] __main__ — 뉴스 시점 제외 [S-Oil우]: 11건 (>14일/파싱실패)
2026-07-17 11:28:41,011 [INFO] __main__ — 뉴스 시점 제외 [아이마켓코리아]: 8건 (>14일/파싱실패)
2026-07-17 11:28:41,701 [INFO] __main__ — 뉴스 시점 제외 [이지스밸류플러스리츠]: 12건 (>14일/파싱실패)
2026-07-17 11:28:41,706 [INFO] __main__ — 뉴스 시점 제외 [CR홀딩스]: 12건 (>14일/파싱실패)
2026-07-17 11:28:44,636 [INFO] __main__ — 뉴스 시점 제외 [화승엔터프라이즈]: 9건 (>14일/파싱실패)
2026-07-17 11:28:44,829 [INFO] __main__ — 뉴스 시점 제외 [AJ네트웍스]: 12건 (>14일/파싱실패)
2026-07-17 11:28:45,517 [INFO] __main__ — 뉴스 시점 제외 [LG우]: 15건 (>14일/파싱실패)
2026-07-17 11:28:45,526 [INFO] __main__ — 뉴스 시점 제외 [진양홀딩스]: 12건 (>14일/파싱실패)
2026-07-17 11:28:45,537 [INFO] __main__ — 뉴스 시점 제외 [하이트진로홀딩스]: 11건 (>14일/파싱실패)
2026-07-17 11:28:47,139 [INFO] __main__ — 뉴스 시점 제외 [현대비앤지스틸]: 6건 (>14일/파싱실패)
2026-07-17 11:28:47,836 [INFO] __main__ — 뉴스 시점 제외 [SJG세종]: 7건 (>14일/파싱실패)
2026-07-17 11:28:48,676 [INFO] __main__ — 뉴스 시점 제외 [조선내화]: 10건 (>14일/파싱실패)
2026-07-17 11:28:48,679 [INFO] __main__ — 뉴스 시점 제외 [SYTS]: 12건 (>14일/파싱실패)
2026-07-17 11:28:48,708 [INFO] __main__ — 뉴스 시점 제외 [해태제과식품]: 6건 (>14일/파싱실패)
2026-07-17 11:28:49,571 [INFO] __main__ — 뉴스 시점 제외 [삼익THK]: 6건 (>14일/파싱실패)
2026-07-17 11:28:50,244 [INFO] __main__ — 뉴스 시점 제외 [유수홀딩스]: 5건 (>14일/파싱실패)
2026-07-17 11:28:50,277 [INFO] __main__ — 뉴스 시점 제외 [신라교역]: 7건 (>14일/파싱실패)
2026-07-17 11:28:50,921 [INFO] __main__ — 뉴스 시점 제외 [금호석유화학우]: 13건 (>14일/파싱실패)
2026-07-17 11:28:50,959 [INFO] __main__ — 뉴스 시점 제외 [한국주철관]: 11건 (>14일/파싱실패)
2026-07-17 11:28:51,695 [INFO] __main__ — 뉴스 시점 제외 [한진중공업홀딩스]: 13건 (>14일/파싱실패)
2026-07-17 11:28:52,304 [INFO] __main__ — 뉴스 시점 제외 [키다리스튜디오]: 3건 (>14일/파싱실패)
2026-07-17 11:28:52,560 [INFO] __main__ — 뉴스 시점 제외 [일진다이아]: 11건 (>14일/파싱실패)
2026-07-17 11:28:53,004 [INFO] __main__ — 뉴스 시점 제외 [미원홀딩스]: 12건 (>14일/파싱실패)
2026-07-17 11:28:53,022 [INFO] __main__ — 뉴스 시점 제외 [한솔홀딩스]: 7건 (>14일/파싱실패)
2026-07-17 11:28:53,253 [INFO] __main__ — 뉴스 시점 제외 [삼양패키징]: 13건 (>14일/파싱실패)
2026-07-17 11:28:53,908 [INFO] __main__ — 뉴스 시점 제외 [태림포장]: 12건 (>14일/파싱실패)
2026-07-17 11:28:53,949 [INFO] __main__ — 뉴스 시점 제외 [화승코퍼레이션]: 7건 (>14일/파싱실패)
2026-07-17 11:28:54,402 [INFO] __main__ — 뉴스 시점 제외 [이지스레지던스리츠]: 14건 (>14일/파싱실패)
2026-07-17 11:28:55,804 [INFO] __main__ — 뉴스 시점 제외 [인천도시가스]: 10건 (>14일/파싱실패)
2026-07-17 11:28:57,222 [INFO] __main__ — 뉴스 시점 제외 [한국무브넥스]: 13건 (>14일/파싱실패)
2026-07-17 11:28:57,447 [INFO] __main__ — 뉴스 시점 제외 [샘표식품]: 6건 (>14일/파싱실패)
2026-07-17 11:28:57,921 [INFO] __main__ — 뉴스 시점 제외 [두올]: 9건 (>14일/파싱실패)
2026-07-17 11:28:58,619 [INFO] __main__ — 뉴스 시점 제외 [KTcs]: 7건 (>14일/파싱실패)
2026-07-17 11:28:58,836 [INFO] __main__ — 뉴스 시점 제외 [GS우]: 13건 (>14일/파싱실패)
2026-07-17 11:28:59,324 [INFO] __main__ — 뉴스 시점 제외 [HS애드]: 5건 (>14일/파싱실패)
2026-07-17 11:28:59,535 [INFO] __main__ — 뉴스 시점 제외 [NI스틸]: 13건 (>14일/파싱실패)
2026-07-17 11:29:00,035 [INFO] __main__ — 뉴스 시점 제외 [동일산업]: 2건 (>14일/파싱실패)
2026-07-17 11:29:00,215 [INFO] __main__ — 뉴스 시점 제외 [두산퓨얼셀1우]: 13건 (>14일/파싱실패)
2026-07-17 11:29:00,242 [INFO] __main__ — 뉴스 시점 제외 [DSR제강]: 11건 (>14일/파싱실패)
2026-07-17 11:29:00,723 [INFO] __main__ — 뉴스 시점 제외 [SK이노베이션우]: 14건 (>14일/파싱실패)
2026-07-17 11:29:00,935 [INFO] __main__ — 뉴스 시점 제외 [사조오양]: 8건 (>14일/파싱실패)
2026-07-17 11:29:01,427 [INFO] __main__ — 뉴스 시점 제외 [CS홀딩스]: 15건 (>14일/파싱실패)
2026-07-17 11:29:01,614 [INFO] __main__ — 뉴스 시점 제외 [화천기공]: 6건 (>14일/파싱실패)
2026-07-17 11:29:01,640 [INFO] __main__ — 뉴스 시점 제외 [한국수출포장]: 15건 (>14일/파싱실패)
2026-07-17 11:29:02,323 [INFO] __main__ — 뉴스 시점 제외 [동양고속]: 12건 (>14일/파싱실패)
2026-07-17 11:29:02,324 [INFO] __main__ — 뉴스 시점 제외 [NH프라임리츠]: 13건 (>14일/파싱실패)
2026-07-17 11:29:03,023 [INFO] __main__ — 뉴스 시점 제외 [성창기업지주]: 15건 (>14일/파싱실패)
2026-07-17 11:29:03,506 [INFO] __main__ — 뉴스 시점 제외 [유한양행우]: 13건 (>14일/파싱실패)
2026-07-17 11:29:03,729 [INFO] __main__ — 뉴스 시점 제외 [코오롱인더우]: 15건 (>14일/파싱실패)
2026-07-17 11:29:04,193 [INFO] __main__ — 뉴스 시점 제외 [삼정펄프]: 13건 (>14일/파싱실패)
2026-07-17 11:29:04,413 [INFO] __main__ — 뉴스 시점 제외 [한국내화]: 8건 (>14일/파싱실패)
2026-07-17 11:29:04,885 [INFO] __main__ — 뉴스 시점 제외 [삼성출판사]: 7건 (>14일/파싱실패)
2026-07-17 11:29:05,118 [INFO] __main__ — 뉴스 시점 제외 [써니전자]: 12건 (>14일/파싱실패)
2026-07-17 11:29:05,567 [INFO] __main__ — 뉴스 시점 제외 [유엔젤]: 9건 (>14일/파싱실패)
2026-07-17 11:29:05,813 [INFO] __main__ — 뉴스 시점 제외 [하이스틸]: 10건 (>14일/파싱실패)
2026-07-17 11:29:05,822 [INFO] __main__ — 뉴스 시점 제외 [남양유업우]: 15건 (>14일/파싱실패)
2026-07-17 11:29:06,268 [INFO] __main__ — 뉴스 시점 제외 [보락]: 5건 (>14일/파싱실패)
2026-07-17 11:29:06,963 [INFO] __main__ — 뉴스 시점 제외 [진양산업]: 10건 (>14일/파싱실패)
2026-07-17 11:29:07,225 [INFO] __main__ — 뉴스 시점 제외 [한국특강]: 3건 (>14일/파싱실패)
2026-07-17 11:29:07,666 [INFO] __main__ — 뉴스 시점 제외 [화승알앤에이]: 6건 (>14일/파싱실패)
2026-07-17 11:29:07,925 [INFO] __main__ — 뉴스 시점 제외 [SJM홀딩스]: 14건 (>14일/파싱실패)
2026-07-17 11:29:08,588 [INFO] __main__ — 뉴스 시점 제외 [롯데칠성우]: 15건 (>14일/파싱실패)
2026-07-17 11:29:08,635 [INFO] __main__ — 뉴스 시점 제외 [케이비아이동국실업]: 14건 (>14일/파싱실패)
2026-07-17 11:29:09,044 [INFO] __main__ — 뉴스 시점 제외 [씨아이테크]: 11건 (>14일/파싱실패)
2026-07-17 11:29:09,289 [INFO] __main__ — 뉴스 시점 제외 [SG세계물산]: 10건 (>14일/파싱실패)
2026-07-17 11:29:09,749 [INFO] __main__ — 뉴스 시점 제외 [SK디스커버리우]: 14건 (>14일/파싱실패)
2026-07-17 11:29:09,979 [INFO] __main__ — 뉴스 시점 제외 [조광페인트]: 1건 (>14일/파싱실패)
2026-07-17 11:29:10,430 [INFO] __main__ — 뉴스 시점 제외 [SB성보]: 8건 (>14일/파싱실패)
2026-07-17 11:29:10,686 [INFO] __main__ — 뉴스 시점 제외 [문배철강]: 12건 (>14일/파싱실패)
2026-07-17 11:29:11,117 [INFO] __main__ — 뉴스 시점 제외 [신한글로벌액티브리츠]: 14건 (>14일/파싱실패)
2026-07-17 11:29:11,385 [INFO] __main__ — 뉴스 시점 제외 [한화솔루션우]: 13건 (>14일/파싱실패)
2026-07-17 11:29:11,440 [INFO] __main__ — 뉴스 시점 제외 [갤럭시아에스엠]: 13건 (>14일/파싱실패)
2026-07-17 11:29:12,091 [INFO] __main__ — 뉴스 시점 제외 [금비]: 12건 (>14일/파싱실패)
2026-07-17 11:29:12,290 [INFO] __main__ — 뉴스 시점 제외 [세우글로벌]: 15건 (>14일/파싱실패)
2026-07-17 11:29:12,788 [INFO] __main__ — 뉴스 시점 제외 [에쓰씨엔지니어링]: 7건 (>14일/파싱실패)
2026-07-17 11:29:12,983 [INFO] __main__ — 뉴스 시점 제외 [DL우]: 14건 (>14일/파싱실패)
2026-07-17 11:29:13,174 [INFO] __main__ — 뉴스 시점 제외 [유니켐]: 4건 (>14일/파싱실패)
2026-07-17 11:29:13,504 [INFO] __main__ — 뉴스 시점 제외 [경인전자]: 13건 (>14일/파싱실패)
2026-07-17 11:29:13,691 [INFO] __main__ — 뉴스 시점 제외 [세방우]: 15건 (>14일/파싱실패)
2026-07-17 11:29:14,211 [INFO] __main__ — 뉴스 시점 제외 [한창제지]: 7건 (>14일/파싱실패)
2026-07-17 11:29:14,387 [INFO] __main__ — 뉴스 시점 제외 [진양폴리]: 10건 (>14일/파싱실패)
2026-07-17 11:29:14,579 [INFO] __main__ — 뉴스 시점 제외 [동일제강]: 7건 (>14일/파싱실패)
2026-07-17 11:29:14,897 [INFO] __main__ — 뉴스 시점 제외 [대림통상]: 11건 (>14일/파싱실패)
2026-07-17 11:29:15,072 [INFO] __main__ — 뉴스 시점 제외 [우진아이엔에스]: 7건 (>14일/파싱실패)
2026-07-17 11:29:15,291 [INFO] __main__ — 뉴스 시점 제외 [SG글로벌]: 12건 (>14일/파싱실패)
2026-07-17 11:29:15,591 [INFO] __main__ — 뉴스 시점 제외 [MH에탄올]: 12건 (>14일/파싱실패)
2026-07-17 11:29:15,764 [INFO] __main__ — 뉴스 시점 제외 [세기상사]: 10건 (>14일/파싱실패)
2026-07-17 11:29:19,922 [INFO] __main__ — 뉴스 시점 제외 [큐리옥스바이오시스템즈]: 12건 (>14일/파싱실패)
2026-07-17 11:29:22,296 [INFO] __main__ — 뉴스 시점 제외 [펌텍코리아]: 7건 (>14일/파싱실패)
2026-07-17 11:29:23,419 [INFO] __main__ — 뉴스 시점 제외 [티에프이]: 6건 (>14일/파싱실패)
2026-07-17 11:29:23,710 [INFO] __main__ — 뉴스 시점 제외 [아이티센글로벌]: 6건 (>14일/파싱실패)
2026-07-17 11:29:28,299 [INFO] __main__ — 뉴스 시점 제외 [큐렉소]: 5건 (>14일/파싱실패)
2026-07-17 11:29:30,460 [INFO] __main__ — 뉴스 시점 제외 [우주일렉트로]: 8건 (>14일/파싱실패)
2026-07-17 11:29:32,252 [INFO] __main__ — 뉴스 시점 제외 [바이오다인]: 9건 (>14일/파싱실패)
2026-07-17 11:29:32,907 [INFO] __main__ — 뉴스 시점 제외 [엔젤로보틱스]: 4건 (>14일/파싱실패)
2026-07-17 11:29:33,630 [INFO] __main__ — 뉴스 시점 제외 [JTC]: 6건 (>14일/파싱실패)
2026-07-17 11:29:34,341 [INFO] __main__ — 뉴스 시점 제외 [매커스]: 10건 (>14일/파싱실패)
2026-07-17 11:29:34,353 [INFO] __main__ — 뉴스 시점 제외 [에스바이오메딕스]: 4건 (>14일/파싱실패)
2026-07-17 11:29:35,061 [INFO] __main__ — 뉴스 시점 제외 [한국캐피탈]: 14건 (>14일/파싱실패)
2026-07-17 11:29:35,075 [INFO] __main__ — 뉴스 시점 제외 [코텍]: 11건 (>14일/파싱실패)
2026-07-17 11:29:35,820 [INFO] __main__ — 뉴스 시점 제외 [대원산업]: 10건 (>14일/파싱실패)
2026-07-17 11:29:36,478 [INFO] __main__ — 뉴스 시점 제외 [삼목에스폼]: 13건 (>14일/파싱실패)
2026-07-17 11:29:38,088 [INFO] __main__ — 뉴스 시점 제외 [그린광학]: 3건 (>14일/파싱실패)
2026-07-17 11:29:38,634 [INFO] __main__ — 뉴스 시점 제외 [네오위즈홀딩스]: 10건 (>14일/파싱실패)
2026-07-17 11:29:39,572 [INFO] __main__ — 뉴스 시점 제외 [BGF에코머티리얼즈]: 14건 (>14일/파싱실패)
2026-07-17 11:29:40,020 [INFO] __main__ — 뉴스 시점 제외 [국보디자인]: 11건 (>14일/파싱실패)
2026-07-17 11:29:40,252 [INFO] __main__ — 뉴스 시점 제외 [코메론]: 12건 (>14일/파싱실패)
2026-07-17 11:29:40,737 [INFO] __main__ — 뉴스 시점 제외 [한국정보인증]: 7건 (>14일/파싱실패)
2026-07-17 11:29:41,134 [INFO] __main__ — 뉴스 시점 제외 [셀비온]: 3건 (>14일/파싱실패)
2026-07-17 11:29:41,425 [INFO] __main__ — 뉴스 시점 제외 [듀켐바이오]: 10건 (>14일/파싱실패)
2026-07-17 11:29:41,825 [INFO] __main__ — 뉴스 시점 제외 [나이벡]: 7건 (>14일/파싱실패)
2026-07-17 11:29:42,509 [INFO] __main__ — 뉴스 시점 제외 [아이디스]: 8건 (>14일/파싱실패)
2026-07-17 11:29:43,221 [INFO] __main__ — 뉴스 시점 제외 [엠아이텍]: 9건 (>14일/파싱실패)
2026-07-17 11:29:44,873 [INFO] __main__ — 뉴스 시점 제외 [인선이엔티]: 12건 (>14일/파싱실패)
2026-07-17 11:29:45,702 [INFO] __main__ — 뉴스 시점 제외 [아이디스홀딩스]: 14건 (>14일/파싱실패)
2026-07-17 11:29:45,708 [INFO] __main__ — 뉴스 시점 제외 [프레스티지바이오로직스]: 9건 (>14일/파싱실패)
2026-07-17 11:29:46,579 [INFO] __main__ — 뉴스 시점 제외 [하이비젼시스템]: 9건 (>14일/파싱실패)
2026-07-17 11:29:47,059 [INFO] __main__ — 뉴스 시점 제외 [나노엔텍]: 4건 (>14일/파싱실패)
2026-07-17 11:29:47,757 [INFO] __main__ — 뉴스 시점 제외 [삼보판지]: 15건 (>14일/파싱실패)
2026-07-17 11:29:49,525 [INFO] __main__ — 뉴스 시점 제외 [아이비김영]: 3건 (>14일/파싱실패)
2026-07-17 11:29:50,227 [INFO] __main__ — 뉴스 시점 제외 [코칩]: 12건 (>14일/파싱실패)
2026-07-17 11:29:50,924 [INFO] __main__ — 뉴스 시점 제외 [하이텍팜]: 12건 (>14일/파싱실패)
2026-07-17 11:29:51,461 [INFO] __main__ — 뉴스 시점 제외 [유아이엘]: 10건 (>14일/파싱실패)
2026-07-17 11:29:52,161 [INFO] __main__ — 뉴스 시점 제외 [지어소프트]: 13건 (>14일/파싱실패)
2026-07-17 11:29:52,843 [INFO] __main__ — 뉴스 시점 제외 [진로발효]: 12건 (>14일/파싱실패)
2026-07-17 11:29:53,364 [INFO] __main__ — 뉴스 시점 제외 [현대에버다임]: 9건 (>14일/파싱실패)
2026-07-17 11:29:53,573 [INFO] __main__ — 뉴스 시점 제외 [NICE인프라]: 15건 (>14일/파싱실패)
2026-07-17 11:29:54,256 [INFO] __main__ — 뉴스 시점 제외 [우리손에프앤지]: 14건 (>14일/파싱실패)
2026-07-17 11:29:54,274 [INFO] __main__ — 뉴스 시점 제외 [케이알엠]: 9건 (>14일/파싱실패)
2026-07-17 11:29:54,969 [INFO] __main__ — 뉴스 시점 제외 [대정화금]: 13건 (>14일/파싱실패)
2026-07-17 11:29:55,630 [INFO] __main__ — 뉴스 시점 제외 [세운메디칼]: 14건 (>14일/파싱실패)
2026-07-17 11:29:56,317 [INFO] __main__ — 뉴스 시점 제외 [옵투스제약]: 6건 (>14일/파싱실패)
2026-07-17 11:29:56,323 [INFO] __main__ — 뉴스 시점 제외 [엠에스오토텍]: 13건 (>14일/파싱실패)
2026-07-17 11:29:57,193 [INFO] __main__ — 뉴스 시점 제외 [스모트로닉]: 8건 (>14일/파싱실패)
2026-07-17 11:29:57,922 [INFO] __main__ — 뉴스 시점 제외 [탑런토탈솔루션]: 12건 (>14일/파싱실패)
2026-07-17 11:29:58,626 [INFO] __main__ — 뉴스 시점 제외 [케이씨에스]: 8건 (>14일/파싱실패)
2026-07-17 11:29:58,631 [INFO] __main__ — 뉴스 시점 제외 [디와이피엔에프]: 13건 (>14일/파싱실패)
2026-07-17 11:30:00,704 [INFO] __main__ — 뉴스 시점 제외 [서원인텍]: 15건 (>14일/파싱실패)
2026-07-17 11:30:00,747 [INFO] __main__ — 뉴스 시점 제외 [정상제이엘에스]: 7건 (>14일/파싱실패)
2026-07-17 11:30:01,618 [INFO] __main__ — 뉴스 시점 제외 [동아엘텍]: 13건 (>14일/파싱실패)
2026-07-17 11:30:02,105 [INFO] __main__ — 뉴스 시점 제외 [아미노로직스]: 12건 (>14일/파싱실패)
2026-07-17 11:30:03,010 [INFO] __main__ — 뉴스 시점 제외 [리메드]: 9건 (>14일/파싱실패)
2026-07-17 11:30:03,517 [INFO] __main__ — 뉴스 시점 제외 [창해에탄올]: 13건 (>14일/파싱실패)
2026-07-17 11:30:04,182 [INFO] __main__ — 뉴스 시점 제외 [RF시스템즈]: 11건 (>14일/파싱실패)
2026-07-17 11:30:04,215 [INFO] __main__ — 뉴스 시점 제외 [나이스디앤비]: 9건 (>14일/파싱실패)
2026-07-17 11:30:04,915 [INFO] __main__ — 뉴스 시점 제외 [에이치엔에스하이텍]: 13건 (>14일/파싱실패)
2026-07-17 11:30:06,322 [INFO] __main__ — 뉴스 시점 제외 [엑스페릭스]: 11건 (>14일/파싱실패)
2026-07-17 11:30:06,479 [INFO] __main__ — 뉴스 시점 제외 [대림제지]: 13건 (>14일/파싱실패)
2026-07-17 11:30:07,737 [INFO] __main__ — 뉴스 시점 제외 [한국가구]: 11건 (>14일/파싱실패)
2026-07-17 11:30:07,874 [INFO] __main__ — 뉴스 시점 제외 [지구홀딩스]: 11건 (>14일/파싱실패)
2026-07-17 11:30:08,570 [INFO] __main__ — 뉴스 시점 제외 [디지틀조선]: 6건 (>14일/파싱실패)
2026-07-17 11:30:09,122 [INFO] __main__ — 뉴스 시점 제외 [뉴프렉스]: 10건 (>14일/파싱실패)
2026-07-17 11:30:09,700 [INFO] __main__ — 뉴스 시점 제외 [드림씨아이에스]: 7건 (>14일/파싱실패)
2026-07-17 11:30:09,829 [INFO] __main__ — 뉴스 시점 제외 [로스웰]: 7건 (>14일/파싱실패)
2026-07-17 11:30:09,936 [INFO] __main__ — 뉴스 시점 제외 [싸이닉솔루션]: 8건 (>14일/파싱실패)
2026-07-17 11:30:10,628 [INFO] __main__ — 뉴스 시점 제외 [라이온켐텍]: 10건 (>14일/파싱실패)
2026-07-17 11:30:11,103 [INFO] __main__ — 뉴스 시점 제외 [엠오티]: 12건 (>14일/파싱실패)
2026-07-17 11:30:11,240 [INFO] __main__ — 뉴스 시점 제외 [로보로보]: 10건 (>14일/파싱실패)
2026-07-17 11:30:12,146 [INFO] __main__ — 뉴스 시점 제외 [이상네트웍스]: 11건 (>14일/파싱실패)
2026-07-17 11:30:12,491 [INFO] __main__ — 뉴스 시점 제외 [싸이토젠]: 11건 (>14일/파싱실패)
2026-07-17 11:30:12,832 [INFO] __main__ — 뉴스 시점 제외 [아이디피]: 14건 (>14일/파싱실패)
2026-07-17 11:30:13,185 [INFO] __main__ — 뉴스 시점 제외 [블루콤]: 15건 (>14일/파싱실패)
2026-07-17 11:30:13,323 [INFO] __main__ — 뉴스 시점 제외 [팅크웨어]: 9건 (>14일/파싱실패)
2026-07-17 11:30:14,025 [INFO] __main__ — 뉴스 시점 제외 [한일단조]: 10건 (>14일/파싱실패)
2026-07-17 11:30:14,564 [INFO] __main__ — 뉴스 시점 제외 [페스카로]: 14건 (>14일/파싱실패)
2026-07-17 11:30:14,908 [INFO] __main__ — 뉴스 시점 제외 [제너셈]: 5건 (>14일/파싱실패)
2026-07-17 11:30:15,428 [INFO] __main__ — 뉴스 시점 제외 [포바이포]: 10건 (>14일/파싱실패)
2026-07-17 11:30:15,618 [INFO] __main__ — 뉴스 시점 제외 [모델솔루션]: 10건 (>14일/파싱실패)
2026-07-17 11:30:16,309 [INFO] __main__ — 뉴스 시점 제외 [디케이락]: 6건 (>14일/파싱실패)
2026-07-17 11:30:17,006 [INFO] __main__ — 뉴스 시점 제외 [미투온]: 4건 (>14일/파싱실패)
2026-07-17 11:30:17,327 [INFO] __main__ — 뉴스 시점 제외 [큐에스아이]: 9건 (>14일/파싱실패)
2026-07-17 11:30:18,020 [INFO] __main__ — 뉴스 시점 제외 [대성하이텍]: 1건 (>14일/파싱실패)
2026-07-17 11:30:18,231 [INFO] __main__ — 뉴스 시점 제외 [한국전자인증]: 2건 (>14일/파싱실패)
2026-07-17 11:30:18,709 [INFO] __main__ — 뉴스 시점 제외 [셀바스헬스케어]: 12건 (>14일/파싱실패)
2026-07-17 11:30:19,629 [INFO] __main__ — 뉴스 시점 제외 [푸드웰]: 13건 (>14일/파싱실패)
2026-07-17 11:30:20,317 [INFO] __main__ — 뉴스 시점 제외 [고바이오랩]: 6건 (>14일/파싱실패)
2026-07-17 11:30:20,559 [INFO] __main__ — 뉴스 시점 제외 [대륙제관]: 5건 (>14일/파싱실패)
2026-07-17 11:30:20,778 [INFO] __main__ — 뉴스 시점 제외 [아이티센엔텍]: 11건 (>14일/파싱실패)
2026-07-17 11:30:21,011 [INFO] __main__ — 뉴스 시점 제외 [아우토크립트]: 6건 (>14일/파싱실패)
2026-07-17 11:30:21,253 [INFO] __main__ — 뉴스 시점 제외 [케이엘넷]: 13건 (>14일/파싱실패)
2026-07-17 11:30:21,934 [INFO] __main__ — 뉴스 시점 제외 [프로티아]: 11건 (>14일/파싱실패)
2026-07-17 11:30:22,165 [INFO] __main__ — 뉴스 시점 제외 [유비벨록스]: 10건 (>14일/파싱실패)
2026-07-17 11:30:22,633 [INFO] __main__ — 뉴스 시점 제외 [해성에어로보틱스]: 12건 (>14일/파싱실패)
2026-07-17 11:30:23,552 [INFO] __main__ — 뉴스 시점 제외 [스마트레이더시스템]: 12건 (>14일/파싱실패)
2026-07-17 11:30:23,780 [INFO] __main__ — 뉴스 시점 제외 [부방]: 7건 (>14일/파싱실패)
2026-07-17 11:30:24,473 [INFO] __main__ — 뉴스 시점 제외 [블루엠텍]: 3건 (>14일/파싱실패)
2026-07-17 11:30:24,755 [INFO] __main__ — 뉴스 시점 제외 [이노메트리]: 12건 (>14일/파싱실패)
2026-07-17 11:30:24,968 [INFO] __main__ — 뉴스 시점 제외 [삼양케이씨아이]: 12건 (>14일/파싱실패)
2026-07-17 11:30:25,878 [INFO] __main__ — 뉴스 시점 제외 [한국선재]: 13건 (>14일/파싱실패)
2026-07-17 11:30:26,147 [INFO] __main__ — 뉴스 시점 제외 [팬스타엔터프라이즈]: 7건 (>14일/파싱실패)
2026-07-17 11:30:26,350 [INFO] __main__ — 뉴스 시점 제외 [셀바이오휴먼텍]: 9건 (>14일/파싱실패)
2026-07-17 11:30:26,572 [INFO] __main__ — 뉴스 시점 제외 [나래나노텍]: 8건 (>14일/파싱실패)
2026-07-17 11:30:27,035 [INFO] __main__ — 뉴스 시점 제외 [코츠테크놀로지]: 10건 (>14일/파싱실패)
2026-07-17 11:30:27,282 [INFO] __main__ — 뉴스 시점 제외 [더블유에스아이]: 14건 (>14일/파싱실패)
2026-07-17 11:30:27,720 [INFO] __main__ — 뉴스 시점 제외 [탑코미디어]: 15건 (>14일/파싱실패)
2026-07-17 11:30:27,980 [INFO] __main__ — 뉴스 시점 제외 [코스리거글로벌]: 11건 (>14일/파싱실패)
2026-07-17 11:30:28,210 [INFO] __main__ — 뉴스 시점 제외 [코렌텍]: 12건 (>14일/파싱실패)
2026-07-17 11:30:28,406 [INFO] __main__ — 뉴스 시점 제외 [대성창투]: 13건 (>14일/파싱실패)
2026-07-17 11:30:28,901 [INFO] __main__ — 뉴스 시점 제외 [제이씨현시스템]: 12건 (>14일/파싱실패)
2026-07-17 11:30:29,126 [INFO] __main__ — 뉴스 시점 제외 [SG&G]: 13건 (>14일/파싱실패)
2026-07-17 11:30:30,057 [INFO] __main__ — 뉴스 시점 제외 [수산아이앤티]: 13건 (>14일/파싱실패)
2026-07-17 11:30:30,976 [INFO] __main__ — 뉴스 시점 제외 [구영테크]: 12건 (>14일/파싱실패)
2026-07-17 11:30:31,937 [INFO] __main__ — 뉴스 시점 제외 [케이사인]: 13건 (>14일/파싱실패)
2026-07-17 11:30:32,831 [INFO] __main__ — 뉴스 시점 제외 [탑엔지니어링]: 6건 (>14일/파싱실패)
2026-07-17 11:30:33,556 [INFO] __main__ — 뉴스 시점 제외 [에어레인]: 4건 (>14일/파싱실패)
2026-07-17 11:30:33,581 [INFO] __main__ — 뉴스 시점 제외 [오상자이엘]: 11건 (>14일/파싱실패)
2026-07-17 11:30:34,290 [INFO] __main__ — 뉴스 시점 제외 [에스피시스템스]: 10건 (>14일/파싱실패)
2026-07-17 11:30:34,975 [INFO] __main__ — 뉴스 시점 제외 [캐프]: 15건 (>14일/파싱실패)
2026-07-17 11:30:36,338 [INFO] __main__ — 뉴스 시점 제외 [코닉오토메이션]: 5건 (>14일/파싱실패)
2026-07-17 11:30:36,401 [INFO] __main__ — 뉴스 시점 제외 [TPC로보틱스]: 6건 (>14일/파싱실패)
2026-07-17 11:30:37,117 [INFO] __main__ — 뉴스 시점 제외 [쎄노텍]: 11건 (>14일/파싱실패)
2026-07-17 11:30:37,727 [INFO] __main__ — 뉴스 시점 제외 [앱코]: 6건 (>14일/파싱실패)
2026-07-17 11:30:37,807 [INFO] __main__ — 뉴스 시점 제외 [일신바이오]: 7건 (>14일/파싱실패)
2026-07-17 11:30:38,415 [INFO] __main__ — 뉴스 시점 제외 [원익큐브]: 10건 (>14일/파싱실패)
2026-07-17 11:30:38,495 [INFO] __main__ — 뉴스 시점 제외 [그린생명과학]: 6건 (>14일/파싱실패)
2026-07-17 11:30:38,667 [INFO] __main__ — 뉴스 시점 제외 [와이엠]: 1건 (>14일/파싱실패)
2026-07-17 11:30:39,353 [INFO] __main__ — 뉴스 시점 제외 [상신전자]: 11건 (>14일/파싱실패)
2026-07-17 11:30:39,879 [INFO] __main__ — 뉴스 시점 제외 [에이텍모빌리티]: 14건 (>14일/파싱실패)
2026-07-17 11:30:40,062 [INFO] __main__ — 뉴스 시점 제외 [쓰리에이로직스]: 12건 (>14일/파싱실패)
2026-07-17 11:30:40,587 [INFO] __main__ — 뉴스 시점 제외 [아세아텍]: 10건 (>14일/파싱실패)
2026-07-17 11:30:40,758 [INFO] __main__ — 뉴스 시점 제외 [램테크놀러지]: 4건 (>14일/파싱실패)
2026-07-17 11:30:41,197 [INFO] __main__ — 뉴스 시점 제외 [화인써키트]: 12건 (>14일/파싱실패)
2026-07-17 11:30:41,272 [INFO] __main__ — 뉴스 시점 제외 [이글벳]: 7건 (>14일/파싱실패)
2026-07-17 11:30:41,478 [INFO] __main__ — 뉴스 시점 제외 [유니온바이오메트릭스]: 4건 (>14일/파싱실패)
2026-07-17 11:30:42,118 [INFO] __main__ — 뉴스 시점 제외 [에쎈테크]: 12건 (>14일/파싱실패)
2026-07-17 11:30:42,180 [INFO] __main__ — 뉴스 시점 제외 [나라엠앤디]: 14건 (>14일/파싱실패)
2026-07-17 11:30:42,584 [INFO] __main__ — 뉴스 시점 제외 [케이디켐]: 12건 (>14일/파싱실패)
2026-07-17 11:30:42,815 [INFO] __main__ — 뉴스 시점 제외 [케일럼]: 11건 (>14일/파싱실패)
2026-07-17 11:30:43,519 [INFO] __main__ — 뉴스 시점 제외 [KB오토시스]: 12건 (>14일/파싱실패)
2026-07-17 11:30:43,595 [INFO] __main__ — 뉴스 시점 제외 [서연탑메탈]: 11건 (>14일/파싱실패)
2026-07-17 11:30:44,905 [INFO] __main__ — 뉴스 시점 제외 [한네트]: 15건 (>14일/파싱실패)
2026-07-17 11:30:45,035 [INFO] __main__ — 뉴스 시점 제외 [아이컴포넌트]: 14건 (>14일/파싱실패)
2026-07-17 11:30:45,587 [INFO] __main__ — 뉴스 시점 제외 [큐캐피탈]: 4건 (>14일/파싱실패)
2026-07-17 11:30:45,716 [INFO] __main__ — 뉴스 시점 제외 [TS인베스트먼트]: 9건 (>14일/파싱실패)
2026-07-17 11:30:46,231 [INFO] __main__ — 뉴스 시점 제외 [엔바이오니아]: 12건 (>14일/파싱실패)
2026-07-17 11:30:46,934 [INFO] __main__ — 뉴스 시점 제외 [에코캡]: 11건 (>14일/파싱실패)
2026-07-17 11:30:47,639 [INFO] __main__ — 뉴스 시점 제외 [캐스텍코리아]: 12건 (>14일/파싱실패)
2026-07-17 11:30:48,009 [INFO] __main__ — 뉴스 시점 제외 [에이치와이티씨]: 10건 (>14일/파싱실패)
2026-07-17 11:30:48,020 [INFO] __main__ — 뉴스 시점 제외 [씨큐브]: 10건 (>14일/파싱실패)
2026-07-17 11:30:48,700 [INFO] __main__ — 뉴스 시점 제외 [모헨즈]: 9건 (>14일/파싱실패)
2026-07-17 11:30:48,733 [INFO] __main__ — 뉴스 시점 제외 [팬엔터테인먼트]: 11건 (>14일/파싱실패)
2026-07-17 11:30:49,208 [INFO] __main__ — 뉴스 시점 제외 [스튜디오미르]: 13건 (>14일/파싱실패)
2026-07-17 11:30:50,621 [INFO] __main__ — 뉴스 시점 제외 [미트박스]: 12건 (>14일/파싱실패)
2026-07-17 11:30:50,769 [INFO] __main__ — 뉴스 시점 제외 [티디에스팜]: 10건 (>14일/파싱실패)
2026-07-17 11:30:51,456 [INFO] __main__ — 뉴스 시점 제외 [기산텔레콤]: 10건 (>14일/파싱실패)
2026-07-17 11:30:52,015 [INFO] __main__ — 뉴스 시점 제외 [위즈코프]: 11건 (>14일/파싱실패)
2026-07-17 11:30:52,706 [INFO] __main__ — 뉴스 시점 제외 [솔디펜스]: 3건 (>14일/파싱실패)
2026-07-17 11:30:52,821 [INFO] __main__ — 뉴스 시점 제외 [디와이씨]: 7건 (>14일/파싱실패)
2026-07-17 11:30:52,923 [INFO] __main__ — POOL_A 후보 부정뉴스 2차 조회: 681개
2026-07-17 11:30:52,927 [INFO] __main__ — POOL_A: 1144개 (A:703 B:256 동시:185) | 부정게이트 제외:14
  대형:95 중형:208 소형:841
2026-07-17 11:30:52,937 [INFO] __main__ —   → POOL_A: 1144개
2026-07-17 11:30:52,937 [INFO] __main__ — ▶ Step 2: 하드 필터링
2026-07-17 11:30:52,938 [INFO] __main__ — 하드 필터 제거: 1125개 | 과열배제 79 | 이격도상한 4 | 이격도하한 337 | MA추세 658 | RSI과열 7 | 거래대금 40
2026-07-17 11:30:52,941 [INFO] __main__ — 과열 gated 기록: 79개 → gated_tickers
2026-07-17 11:30:52,941 [INFO] __main__ — POOL_B: 19개 | 대형:1 중형:3 소형:15
2026-07-17 11:30:52,941 [INFO] __main__ —   → POOL_B: 19개
2026-07-17 11:30:52,941 [INFO] __main__ — ▶ Step 3: 스코어링 (FinBERT 감성 분석)
2026-07-17 11:30:52,941 [INFO] __main__ — NaverClient: 3개 키 로드 (DataLab·검색 독립 회전)
2026-07-17 11:30:52,941 [INFO] __main__ — 텍스트 신규 수집: 19종목 (캐시 적중 0종목)
2026-07-17 11:30:53,590 [INFO] __main__ — 뉴스 시점 제외 [이수화학]: 17건 (>14일/파싱실패)
2026-07-17 11:30:58,774 [INFO] __main__ — 뉴스 시점 제외 [와이지-원]: 7건 (>14일/파싱실패)
2026-07-17 11:31:03,187 [INFO] __main__ — 뉴스 시점 제외 [디케이티]: 16건 (>14일/파싱실패)
2026-07-17 11:31:12,372 [INFO] __main__ — 뉴스 시점 제외 [메가터치]: 20건 (>14일/파싱실패)
2026-07-17 11:31:16,503 [INFO] __main__ — 뉴스 시점 제외 [화신정공]: 13건 (>14일/파싱실패)
2026-07-17 11:31:24,423 [INFO] __main__ — 수집 완료: 뉴스 163건 | 공시 42건
2026-07-17 11:31:24,424 [INFO] __main__ — FinBERT 감성 분석 (finbert 모드)...
2026-07-17 11:31:24,424 [INFO] __main__ — FinBERT 로딩: snunlp/KR-FinBert-SC (CPU, batch=8)
2026-07-17 11:31:24,487 [INFO] httpx — HTTP Request: GET https://huggingface.co/api/agent-harnesses "HTTP/1.1 200 OK"
2026-07-17 11:31:24,525 [INFO] httpx — HTTP Request: HEAD https://huggingface.co/snunlp/KR-FinBert-SC/resolve/main/config.json "HTTP/1.1 307 Temporary Redirect"
2026-07-17 11:31:24,526 [WARNING] huggingface_hub.utils._http — Warning: You are sending unauthenticated requests to the HF Hub. Please set a HF_TOKEN to enable higher rate limits and faster downloads.
2026-07-17 11:31:24,532 [INFO] httpx — HTTP Request: HEAD https://huggingface.co/api/resolve-cache/models/snunlp/KR-FinBert-SC/f8586286cc3161fb648e9fee09a456069fd846d0/config.json "HTTP/1.1 200 OK"
2026-07-17 11:31:24,591 [INFO] httpx — HTTP Request: HEAD https://huggingface.co/snunlp/KR-FinBert-SC/resolve/main/model.safetensors "HTTP/1.1 404 Not Found"
2026-07-17 11:31:24,638 [INFO] httpx — HTTP Request: GET https://huggingface.co/api/models/snunlp/KR-FinBert-SC "HTTP/1.1 200 OK"
2026-07-17 11:31:24,701 [INFO] httpx — HTTP Request: GET https://huggingface.co/api/models/snunlp/KR-FinBert-SC/commits/main "HTTP/1.1 200 OK"
2026-07-17 11:31:24,760 [INFO] httpx — HTTP Request: GET https://huggingface.co/api/models/snunlp/KR-FinBert-SC/discussions?p=0 "HTTP/1.1 200 OK"
2026-07-17 11:31:24,785 [INFO] httpx — HTTP Request: GET https://huggingface.co/api/models/snunlp/KR-FinBert-SC/tree/main/additional_chat_templates?recursive=false&expand=false "HTTP/1.1 404 Not Found"
2026-07-17 11:31:24,818 [INFO] httpx — HTTP Request: GET https://huggingface.co/api/models/snunlp/KR-FinBert-SC/commits/refs%2Fpr%2F3 "HTTP/1.1 200 OK"
2026-07-17 11:31:24,826 [INFO] httpx — HTTP Request: GET https://huggingface.co/api/models/snunlp/KR-FinBert-SC/tree/main?recursive=true&expand=false "HTTP/1.1 200 OK"
2026-07-17 11:31:24,859 [INFO] httpx — HTTP Request: HEAD https://huggingface.co/snunlp/KR-FinBert-SC/resolve/refs%2Fpr%2F3/model.safetensors.index.json "HTTP/1.1 404 Not Found"
2026-07-17 11:31:24,883 [INFO] httpx — HTTP Request: HEAD https://huggingface.co/snunlp/KR-FinBert-SC/resolve/main/processor_config.json "HTTP/1.1 404 Not Found"
2026-07-17 11:31:24,903 [INFO] httpx — HTTP Request: HEAD https://huggingface.co/snunlp/KR-FinBert-SC/resolve/refs%2Fpr%2F3/model.safetensors "HTTP/1.1 302 Found"
2026-07-17 11:31:24,926 [INFO] httpx — HTTP Request: HEAD https://huggingface.co/snunlp/KR-FinBert-SC/resolve/main/video_preprocessor_config.json "HTTP/1.1 404 Not Found"
2026-07-17 11:31:24,965 [INFO] httpx — HTTP Request: HEAD https://huggingface.co/snunlp/KR-FinBert-SC/resolve/main/preprocessor_config.json "HTTP/1.1 404 Not Found"
2026-07-17 11:31:24,966 [INFO] __main__ — FinBERT 로드 완료 (CPU)
2026-07-17 11:31:32,290 [INFO] __main__ — Phase A.1: 매핑 신뢰도 < 0.5 → 감성 점수 폐기 14건
2026-07-17 11:31:32,291 [INFO] __main__ — 스코어링: 19개 | 집중:0 | FinBERT:finbert
2026-07-17 11:31:32,307 [INFO] __main__ —   → 19개
2026-07-17 11:31:32,307 [INFO] __main__ — ▶ Step 4: 발송
2026-07-17 11:31:34,501 [INFO] __main__ — DB 기록: 0개 / 전체 to_send 0개
2026-07-17 11:31:34,501 [INFO] __main__ — 발송: 집중 0 / 주시 0
2026-07-17 11:31:34,501 [INFO] __main__ — 완료  |  소요: 1358.4초
