2026-09-07 15:12:12,579 [INFO] __main__ — config 검증 완료 ✓
2026-09-07 15:12:12,579 [INFO] __main__ — KIS 조회 도메인: 실전 (https://openapi.koreainvestment.com:9443)
2026-09-07 15:12:12,579 [INFO] __main__ — ============================================================
2026-09-07 15:12:12,579 [INFO] __main__ — AlphaRadar v3.3.1  |  기준일: 20260908
2026-09-07 15:12:12,579 [INFO] __main__ — S = T×0.3 + S_text×0.4 + D×0.3
2026-09-07 15:12:12,579 [INFO] __main__ — ============================================================
2026-09-07 15:12:12,579 [INFO] __main__ — ▶ Step 0: 유니버스 필터링
2026-09-07 15:12:12,969 [INFO] __main__ — FDR 데이터 수집: 20260305 ~ 20260908
2026-09-07 15:12:14,577 [INFO] __main__ — master universe 메타: 캐시 사용 2760개 (year=2026)
2026-09-07 15:12:14,580 [INFO] __main__ — master 보강: 등급 836개 | FnGuide/KSIC 2550개 | 섹터(fg_industry) 2550개
2026-09-07 15:12:14,581 [INFO] __main__ — KOSPI: 943개 | 섹터정보 831개 (DART +828개 보완)
2026-09-07 15:12:14,581 [INFO] __main__ — KOSDAQ: 1822개 | 섹터정보 1748개
2026-09-07 15:12:14,581 [INFO] __main__ — 전체: 2765개
2026-09-07 15:12:16,403 [INFO] __main__ — KIS 토큰 발급 완료
2026-09-07 15:18:36,845 [INFO] __main__ — DART corp_code 매핑: 877/900개 (97%)
2026-09-07 15:18:36,846 [INFO] __main__ — 유효 유니버스: 900개
2026-09-07 15:18:36,855 [INFO] __main__ —   → 900개
2026-09-07 15:18:36,855 [INFO] __main__ — ▶ Step 1: 신호 탐지
2026-09-07 15:18:36,855 [INFO] __main__ — NaverClient: 3개 키 로드 (DataLab·검색 독립 회전)
2026-09-07 15:18:36,855 [INFO] __main__ — 관심 지수 및 부정 뉴스 비율 조회 중...
2026-09-07 15:18:39,031 [INFO] __main__ — 봇 주가요약 제외 [JW신약]: 1건
2026-09-07 15:18:41,275 [INFO] __main__ — 봇 주가요약 제외 [금호건설]: 2건
2026-09-07 15:18:45,226 [INFO] __main__ — 봇 주가요약 제외 [대아티아이]: 3건
2026-09-07 15:18:45,228 [INFO] __main__ — 봇 주가요약 제외 [대한광통신]: 2건
2026-09-07 15:18:47,040 [INFO] __main__ — 봇 주가요약 제외 [더즌]: 1건
2026-09-07 15:18:48,140 [INFO] __main__ — 봇 주가요약 제외 [삼미금속]: 1건
2026-09-07 15:18:48,829 [INFO] __main__ — 봇 주가요약 제외 [원익홀딩스]: 2건
2026-09-07 15:18:49,273 [INFO] __main__ — 봇 주가요약 제외 [빛과전자]: 2건
2026-09-07 15:18:51,127 [INFO] __main__ — 봇 주가요약 제외 [비에이치]: 2건
2026-09-07 15:18:51,655 [INFO] __main__ — 봇 주가요약 제외 [우리기술]: 2건
2026-09-07 15:18:59,562 [INFO] __main__ — 봇 주가요약 제외 [PS일렉트로닉스]: 2건
2026-09-07 15:19:02,119 [INFO] __main__ — 봇 주가요약 제외 [대원전선]: 3건
2026-09-07 15:19:03,371 [INFO] __main__ — 봇 주가요약 제외 [후성]: 2건
2026-09-07 15:19:06,859 [INFO] __main__ — 봇 주가요약 제외 [헥토파이낸셜]: 1건
2026-09-07 15:19:08,192 [INFO] __main__ — 봇 주가요약 제외 [제주반도체]: 2건
2026-09-07 15:19:11,368 [INFO] __main__ — 봇 주가요약 제외 [서진시스템]: 2건
2026-09-07 15:19:11,970 [INFO] __main__ — 봇 주가요약 제외 [SK이터닉스]: 2건
2026-09-07 15:19:12,648 [INFO] __main__ — 봇 주가요약 제외 [휴림로봇]: 2건
2026-09-07 15:19:14,760 [INFO] __main__ — 봇 주가요약 제외 [코오롱티슈진]: 1건
2026-09-07 15:19:15,874 [INFO] __main__ — 봇 주가요약 제외 [코스모로보틱스]: 2건
2026-09-07 15:19:16,365 [INFO] __main__ — 봇 주가요약 제외 [대한전선]: 2건
2026-09-07 15:19:16,774 [INFO] __main__ — 봇 주가요약 제외 [하나마이크론]: 1건
2026-09-07 15:19:18,299 [INFO] __main__ — 봇 주가요약 제외 [성호전자]: 3건
2026-09-07 15:19:22,055 [INFO] __main__ — 봇 주가요약 제외 [대덕전자]: 2건
2026-09-07 15:19:24,717 [INFO] __main__ — 봇 주가요약 제외 [넥스틸]: 1건
2026-09-07 15:19:26,130 [INFO] __main__ — 봇 주가요약 제외 [삼화콘덴서]: 4건
2026-09-07 15:19:27,081 [INFO] __main__ — 뉴스 시점 제외 [와이지-원]: 9건 (>14일/파싱실패)
2026-09-07 15:19:28,226 [INFO] __main__ — 봇 주가요약 제외 [현대무벡스]: 1건
2026-09-07 15:19:28,599 [INFO] __main__ — 뉴스 시점 제외 [맥쿼리인프라]: 12건 (>14일/파싱실패)
2026-09-07 15:19:33,735 [INFO] __main__ — 봇 주가요약 제외 [SNT에너지]: 1건
2026-09-07 15:19:38,427 [INFO] __main__ — 뉴스 시점 제외 [샘씨엔에스]: 2건 (>14일/파싱실패)
2026-09-07 15:19:43,148 [INFO] __main__ — 봇 주가요약 제외 [네오셈]: 1건
2026-09-07 15:19:44,545 [INFO] __main__ — 봇 주가요약 제외 [휴스틸]: 1건
2026-09-07 15:19:48,223 [INFO] __main__ — 봇 주가요약 제외 [명신산업]: 1건
2026-09-07 15:19:49,458 [INFO] __main__ — 봇 주가요약 제외 [LG씨엔에스]: 5건
2026-09-07 15:19:49,473 [INFO] __main__ — 봇 주가요약 제외 [디앤디파마텍]: 1건
2026-09-07 15:19:54,906 [INFO] __main__ — 봇 주가요약 제외 [비에이치아이]: 2건
2026-09-07 15:19:57,319 [INFO] __main__ — 봇 주가요약 제외 [이수페타시스]: 1건
2026-09-07 15:20:00,594 [INFO] __main__ — 뉴스 시점 제외 [에스에이엠티]: 8건 (>14일/파싱실패)
2026-09-07 15:20:04,956 [INFO] __main__ — 봇 주가요약 제외 [에스피지]: 2건
2026-09-07 15:20:07,336 [INFO] __main__ — 봇 주가요약 제외 [지아이이노베이션]: 1건
2026-09-07 15:20:12,665 [INFO] __main__ — 뉴스 시점 제외 [서부T&D]: 5건 (>14일/파싱실패)
2026-09-07 15:20:15,205 [INFO] __main__ — 봇 주가요약 제외 [파두]: 1건
2026-09-07 15:20:18,837 [INFO] __main__ — 봇 주가요약 제외 [DB하이텍]: 1건
2026-09-07 15:20:19,930 [INFO] __main__ — 뉴스 시점 제외 [LS머트리얼즈]: 4건 (>14일/파싱실패)
2026-09-07 15:20:21,346 [INFO] __main__ — 뉴스 시점 제외 [GRT]: 1건 (>14일/파싱실패)
2026-09-07 15:20:23,734 [INFO] __main__ — 봇 주가요약 제외 [클로봇]: 1건
2026-09-07 15:20:25,413 [INFO] __main__ — 봇 주가요약 제외 [유진로봇]: 1건
2026-09-07 15:20:34,217 [INFO] __main__ — 봇 주가요약 제외 [전진건설로봇]: 2건
2026-09-07 15:20:35,429 [INFO] __main__ — 뉴스 시점 제외 [엘브이엠씨홀딩스]: 10건 (>14일/파싱실패)
2026-09-07 15:20:39,222 [INFO] __main__ — 봇 주가요약 제외 [필옵틱스]: 1건
2026-09-07 15:20:40,485 [INFO] __main__ — 뉴스 시점 제외 [ESR켄달스퀘어리츠]: 9건 (>14일/파싱실패)
2026-09-07 15:20:48,159 [INFO] __main__ — 뉴스 시점 제외 [송원산업]: 10건 (>14일/파싱실패)
2026-09-07 15:20:51,528 [INFO] __main__ — 뉴스 시점 제외 [KB스타리츠]: 8건 (>14일/파싱실패)
2026-09-07 15:20:52,666 [INFO] __main__ — 뉴스 시점 제외 [나이스정보통신]: 5건 (>14일/파싱실패)
2026-09-07 15:20:52,863 [INFO] __main__ — 봇 주가요약 제외 [신흥에스이씨]: 1건
2026-09-07 15:20:59,228 [INFO] __main__ — 뉴스 시점 제외 [이지스밸류플러스리츠]: 10건 (>14일/파싱실패)
2026-09-07 15:21:05,711 [INFO] __main__ — 뉴스 시점 제외 [베뉴지]: 6건 (>14일/파싱실패)
2026-09-07 15:21:11,771 [INFO] __main__ — 뉴스 시점 제외 [엘티씨]: 6건 (>14일/파싱실패)
2026-09-07 15:21:13,543 [INFO] __main__ — 뉴스 시점 제외 [성우하이텍]: 3건 (>14일/파싱실패)
2026-09-07 15:21:14,645 [INFO] __main__ — 뉴스 시점 제외 [유니셈]: 4건 (>14일/파싱실패)
2026-09-07 15:21:17,954 [INFO] __main__ — 봇 주가요약 제외 [로보스타]: 2건
2026-09-07 15:21:20,772 [INFO] __main__ — 봇 주가요약 제외 [삼성에스디에스]: 1건
2026-09-07 15:21:21,901 [INFO] __main__ — 뉴스 시점 제외 [네패스아크]: 5건 (>14일/파싱실패)
2026-09-07 15:21:22,037 [INFO] __main__ — 봇 주가요약 제외 [삼아알미늄]: 1건
2026-09-07 15:21:25,705 [INFO] __main__ — 봇 주가요약 제외 [이수스페셜티케미컬]: 1건
2026-09-07 15:21:29,208 [INFO] __main__ — 뉴스 시점 제외 [삼양컴텍]: 10건 (>14일/파싱실패)
2026-09-07 15:21:29,967 [INFO] __main__ — 뉴스 시점 제외 [미래에셋증권2우B]: 11건 (>14일/파싱실패)
2026-09-07 15:21:32,668 [INFO] __main__ — 봇 주가요약 제외 [펩트론]: 2건
2026-09-07 15:21:40,187 [INFO] __main__ — 뉴스 시점 제외 [싸이맥스]: 7건 (>14일/파싱실패)
2026-09-07 15:21:41,389 [INFO] __main__ — 뉴스 시점 제외 [KB발해인프라]: 14건 (>14일/파싱실패)
2026-09-07 15:21:51,387 [INFO] __main__ — 봇 주가요약 제외 [성광벤드]: 1건
2026-09-07 15:21:55,007 [INFO] __main__ — 봇 주가요약 제외 [티에스이]: 1건
2026-09-07 15:22:13,273 [INFO] __main__ — 뉴스 시점 제외 [DN오토모티브]: 7건 (>14일/파싱실패)
2026-09-07 15:22:14,619 [INFO] __main__ — 봇 주가요약 제외 [세아베스틸지주]: 1건
2026-09-07 15:22:21,048 [INFO] __main__ — 뉴스 시점 제외 [오리엔탈정공]: 7건 (>14일/파싱실패)
2026-09-07 15:22:25,558 [INFO] __main__ — 뉴스 시점 제외 [LG전자우]: 5건 (>14일/파싱실패)
2026-09-07 15:22:26,051 [INFO] __main__ — 부정 키워드 감지: 17개 종목 (neg_ratio > 0)
2026-09-07 15:22:26,053 [INFO] __main__ — 수급일수충족·합계음수 제외: 85개
2026-09-07 15:22:30,565 [INFO] __main__ — 뉴스 시점 제외 [삼성전기우]: 9건 (>14일/파싱실패)
2026-09-07 15:22:32,880 [INFO] __main__ — 뉴스 시점 제외 [미원에스씨]: 4건 (>14일/파싱실패)
2026-09-07 15:22:33,159 [INFO] __main__ — 뉴스 시점 제외 [한화3우B]: 3건 (>14일/파싱실패)
2026-09-07 15:22:34,324 [INFO] __main__ — 뉴스 시점 제외 [CJ4우(전환)]: 14건 (>14일/파싱실패)
2026-09-07 15:22:35,588 [INFO] __main__ — 뉴스 시점 제외 [신대양제지]: 13건 (>14일/파싱실패)
2026-09-07 15:22:36,195 [INFO] __main__ — 뉴스 시점 제외 [KISCO홀딩스]: 1건 (>14일/파싱실패)
2026-09-07 15:22:37,105 [INFO] __main__ — 뉴스 시점 제외 [삼성물산우B]: 15건 (>14일/파싱실패)
2026-09-07 15:22:38,948 [INFO] __main__ — 뉴스 시점 제외 [S-Oil우]: 9건 (>14일/파싱실패)
2026-09-07 15:22:39,124 [INFO] __main__ — 뉴스 시점 제외 [일성아이에스]: 3건 (>14일/파싱실패)
2026-09-07 15:22:40,335 [INFO] __main__ — 뉴스 시점 제외 [미원화학]: 13건 (>14일/파싱실패)
2026-09-07 15:22:40,771 [INFO] __main__ — 뉴스 시점 제외 [노루홀딩스]: 10건 (>14일/파싱실패)
2026-09-07 15:22:40,932 [INFO] __main__ — 뉴스 시점 제외 [천일고속]: 13건 (>14일/파싱실패)
2026-09-07 15:22:42,931 [INFO] __main__ — 뉴스 시점 제외 [씨엠티엑스]: 8건 (>14일/파싱실패)
2026-09-07 15:22:45,048 [INFO] __main__ — 봇 주가요약 제외 [마이크로컨텍솔]: 1건
2026-09-07 15:22:46,108 [INFO] __main__ — 뉴스 시점 제외 [한양디지텍]: 6건 (>14일/파싱실패)
2026-09-07 15:22:46,112 [INFO] __main__ — 뉴스 시점 제외 [툴젠]: 9건 (>14일/파싱실패)
2026-09-07 15:22:46,262 [INFO] __main__ — 뉴스 시점 제외 [인화정공]: 7건 (>14일/파싱실패)
2026-09-07 15:22:46,721 [INFO] __main__ — 뉴스 시점 제외 [에코아이]: 12건 (>14일/파싱실패)
2026-09-07 15:22:47,482 [INFO] __main__ — 뉴스 시점 제외 [서호전기]: 10건 (>14일/파싱실패)
2026-09-07 15:22:48,408 [INFO] __main__ — 봇 주가요약 제외 [도우인시스]: 1건
2026-09-07 15:22:49,041 [INFO] __main__ — 뉴스 시점 제외 [바이오다인]: 8건 (>14일/파싱실패)
2026-09-07 15:22:49,771 [INFO] __main__ — POOL_A 후보 부정뉴스 2차 조회: 107개
2026-09-07 15:22:49,772 [INFO] __main__ — POOL_A: 301개 (A:295 B:2 동시:4) | 부정게이트 제외:4
  대형:43 중형:134 소형:124
2026-09-07 15:22:49,776 [INFO] __main__ — 대조군 표본(무신호): 40개 / 모집단 599개 → pool_history
2026-09-07 15:22:49,778 [INFO] __main__ —   → POOL_A: 301개
2026-09-07 15:22:49,778 [INFO] __main__ — ▶ Step 2: 하드 필터링
2026-09-07 15:22:49,778 [INFO] __main__ — 하드 필터 제거: 290개 | 과열배제 50 | 이격도상한 5 | 이격도하한 16 | MA추세 163 | RSI과열 4 | 거래대금 52
2026-09-07 15:22:49,780 [INFO] __main__ — 과열 gated 기록: 50개 → gated_tickers
2026-09-07 15:22:49,782 [INFO] __main__ — 대조군 표본(필터탈락): 145개 / 모집단 290개 → pool_history
2026-09-07 15:22:49,783 [INFO] __main__ — POOL_B: 11개 | 대형:0 중형:8 소형:3
2026-09-07 15:22:49,783 [INFO] __main__ —   → POOL_B: 11개
2026-09-07 15:22:49,783 [INFO] __main__ — ▶ Step 3: 스코어링 (FinBERT 감성 분석)
2026-09-07 15:22:49,783 [INFO] __main__ — NaverClient: 3개 키 로드 (DataLab·검색 독립 회전)
2026-09-07 15:22:49,783 [INFO] __main__ — 텍스트 신규 수집: 11종목 (캐시 적중 0종목)
2026-09-07 15:22:54,315 [INFO] __main__ — 뉴스 시점 제외 [송원산업]: 25건 (>14일/파싱실패)
2026-09-07 15:22:54,473 [INFO] __main__ — 봇 주가요약 제외 [티에스이]: 1건
2026-09-07 15:22:58,253 [INFO] __main__ — 봇 주가요약 제외 [테스]: 1건
2026-09-07 15:23:05,188 [INFO] __main__ — 기사 보존(수집): 104건 (11종목) → news_articles
2026-09-07 15:23:05,191 [INFO] __main__ — 공시 보존(수집): 40건 (11종목) → dart_filings
2026-09-07 15:23:05,191 [INFO] __main__ — 수집 완료: 뉴스 104건 | 공시 40건
2026-09-07 15:23:05,191 [INFO] __main__ — FinBERT 감성 분석 (finbert 모드)...
2026-09-07 15:23:05,192 [INFO] __main__ — FinBERT 로딩: snunlp/KR-FinBert-SC (CPU, batch=8)
2026-09-07 15:23:05,330 [INFO] httpx — HTTP Request: GET https://huggingface.co/api/agent-harnesses "HTTP/1.1 200 OK"
2026-09-07 15:23:05,395 [INFO] httpx — HTTP Request: HEAD https://huggingface.co/snunlp/KR-FinBert-SC/resolve/main/config.json "HTTP/1.1 307 Temporary Redirect"
2026-09-07 15:23:05,418 [INFO] httpx — HTTP Request: HEAD https://huggingface.co/api/resolve-cache/models/snunlp/KR-FinBert-SC/f8586286cc3161fb648e9fee09a456069fd846d0/config.json?%2Fsnunlp%2FKR-FinBert-SC%2Fresolve%2Fmain%2Fconfig.json=&etag=%22bd00b2460e394f69e29e6438699e074cbac9584e%22 "HTTP/1.1 200 OK"
2026-09-07 15:23:05,502 [INFO] httpx — HTTP Request: HEAD https://huggingface.co/snunlp/KR-FinBert-SC/resolve/main/model.safetensors "HTTP/1.1 404 Not Found"
2026-09-07 15:23:05,503 [WARNING] huggingface_hub.utils._http — Warning: You are sending unauthenticated requests to the HF Hub. Please set a HF_TOKEN to enable higher rate limits and faster downloads.
2026-09-07 15:23:05,568 [INFO] httpx — HTTP Request: GET https://huggingface.co/api/models/snunlp/KR-FinBert-SC "HTTP/1.1 200 OK"
2026-09-07 15:23:05,641 [INFO] httpx — HTTP Request: GET https://huggingface.co/api/models/snunlp/KR-FinBert-SC/commits/main "HTTP/1.1 200 OK"
2026-09-07 15:23:05,724 [INFO] httpx — HTTP Request: GET https://huggingface.co/api/models/snunlp/KR-FinBert-SC/discussions?p=0 "HTTP/1.1 200 OK"
2026-09-07 15:23:05,744 [INFO] httpx — HTTP Request: GET https://huggingface.co/api/models/snunlp/KR-FinBert-SC/tree/main/additional_chat_templates?recursive=false&expand=false "HTTP/1.1 404 Not Found"
2026-09-07 15:23:05,803 [INFO] httpx — HTTP Request: GET https://huggingface.co/api/models/snunlp/KR-FinBert-SC/commits/refs%2Fpr%2F3 "HTTP/1.1 200 OK"
2026-09-07 15:23:05,809 [INFO] httpx — HTTP Request: GET https://huggingface.co/api/models/snunlp/KR-FinBert-SC/tree/main?recursive=true&expand=false "HTTP/1.1 200 OK"
2026-09-07 15:23:05,866 [INFO] httpx — HTTP Request: HEAD https://huggingface.co/snunlp/KR-FinBert-SC/resolve/refs%2Fpr%2F3/model.safetensors.index.json "HTTP/1.1 404 Not Found"
2026-09-07 15:23:05,889 [INFO] httpx — HTTP Request: HEAD https://huggingface.co/snunlp/KR-FinBert-SC/resolve/main/processor_config.json "HTTP/1.1 404 Not Found"
2026-09-07 15:23:05,937 [INFO] httpx — HTTP Request: HEAD https://huggingface.co/snunlp/KR-FinBert-SC/resolve/refs%2Fpr%2F3/model.safetensors "HTTP/1.1 302 Found"
2026-09-07 15:23:05,953 [INFO] httpx — HTTP Request: HEAD https://huggingface.co/snunlp/KR-FinBert-SC/resolve/main/video_preprocessor_config.json "HTTP/1.1 404 Not Found"
2026-09-07 15:23:06,015 [INFO] httpx — HTTP Request: HEAD https://huggingface.co/snunlp/KR-FinBert-SC/resolve/main/preprocessor_config.json "HTTP/1.1 404 Not Found"
2026-09-07 15:23:06,016 [INFO] __main__ — FinBERT 로드 완료 (CPU)
2026-09-07 15:23:19,889 [INFO] __main__ — Phase A.1: 매핑 신뢰도 < 0.5 → 감성 점수 폐기 11건
2026-09-07 15:23:19,889 [INFO] __main__ — [shadow] 필드별 검사 기준 폐기 0/11종목 (집행 11건 — 변동 없음)
2026-09-07 15:23:19,889 [INFO] __main__ — 스코어링: 11개 | 집중:0 | FinBERT:finbert
2026-09-07 15:23:19,906 [INFO] __main__ —   → 11개
2026-09-07 15:23:19,906 [INFO] __main__ — ▶ Step 4: 발송
2026-09-07 15:23:23,855 [INFO] __main__ — DB 기록: 8개 / 전체 to_send 8개
2026-09-07 15:23:23,855 [INFO] __main__ — 발송: 8종목 | 누적 4~10회 0 | 신규 1
2026-09-07 15:23:23,855 [INFO] __main__ — 완료  |  소요: 671.3초
2026-09-07 15:23:25,134 [INFO] track_outcomes — pool_history 대조군 5757건 추적 대상 포함
2026-09-07 15:23:25,210 [INFO] track_outcomes — 고아 행 186건 복원 (targets에서 탈락한 미완 키)
2026-09-07 15:23:25,210 [INFO] track_outcomes — 대상 14389건 | 갱신 필요 9107건 | 완료 스킵 5468건
2026-09-07 15:23:25,213 [INFO] track_outcomes —   가격 조회 고유 종목 1610개 (기존 592 + 대조군 추가 1018)
2026-09-07 15:49:30,819 [INFO] track_outcomes — outcomes 적재: 신규 246건 | 갱신(신규+보완) 1647건
