2026-06-25 12:04:47,837 [INFO] __main__ — config 검증 완료 ✓
2026-06-25 12:04:47,838 [INFO] __main__ — ============================================================
2026-06-25 12:04:47,838 [INFO] __main__ — AlphaRadar v3.3.1  |  기준일: 20260625
2026-06-25 12:04:47,838 [INFO] __main__ — S = T×0.3 + S_text×0.4 + D×0.3
2026-06-25 12:04:47,838 [INFO] __main__ — ============================================================
2026-06-25 12:04:47,838 [INFO] __main__ — ▶ Step 0: 유니버스 필터링
2026-06-25 12:04:48,005 [INFO] __main__ — FDR 데이터 수집: 20251220 ~ 20260625
2026-06-25 12:04:49,631 [INFO] __main__ — KOSPI: 946개 | 섹터정보 836개 (DART +836개 보완)
2026-06-25 12:04:49,631 [INFO] __main__ — KOSDAQ: 1822개 | 섹터정보 1822개
2026-06-25 12:04:49,631 [INFO] __main__ — 전체: 2768개
2026-06-25 12:04:51,468 [INFO] __main__ — KIS 토큰 발급 완료
2026-06-25 12:19:01,306 [INFO] __main__ — DART corp_code 매핑: 2158/2210개 (97%)
2026-06-25 12:19:01,306 [INFO] __main__ — 유효 유니버스: 2210개
2026-06-25 12:19:01,316 [INFO] __main__ —   → 2210개
2026-06-25 12:19:01,316 [INFO] __main__ — ▶ Step 1: 신호 탐지
2026-06-25 12:19:01,316 [INFO] __main__ — NaverClient: 3개 키 로드 (DataLab·검색 독립 회전)
2026-06-25 12:19:01,316 [INFO] __main__ — 관심 지수 및 부정 뉴스 비율 조회 중...
2026-06-25 12:22:18,419 [INFO] __main__ — 부정 키워드 감지: 45개 종목 (neg_ratio > 0)
2026-06-25 12:22:18,425 [INFO] __main__ — POOL_A: 993개 (A:658 B:155 동시:180)
  대형:83 중형:204 소형:706
2026-06-25 12:22:18,432 [INFO] __main__ —   → POOL_A: 993개
2026-06-25 12:22:18,432 [INFO] __main__ — ▶ Step 2: 하드 필터링
2026-06-25 12:22:18,433 [INFO] __main__ — 하드 필터 제거: 962개 | 이격도상한 30 | 이격도하한 645 | MA추세 240 | RSI과열 2 | 거래대금 45
2026-06-25 12:22:18,433 [INFO] __main__ — POOL_B: 31개 | 대형:2 중형:14 소형:15
2026-06-25 12:22:18,433 [INFO] __main__ —   → POOL_B: 31개
2026-06-25 12:22:18,433 [INFO] __main__ — ▶ Step 3: 스코어링 (FinBERT 감성 분석)
2026-06-25 12:22:18,433 [INFO] __main__ — NaverClient: 3개 키 로드 (DataLab·검색 독립 회전)
2026-06-25 12:22:18,434 [INFO] __main__ — 텍스트 신규 수집: 31종목 (캐시 적중 0종목)
2026-06-25 12:22:57,084 [INFO] __main__ — 수집 완료: 뉴스 248건 | 공시 214건
2026-06-25 12:22:57,084 [INFO] __main__ — FinBERT 감성 분석 (finbert 모드)...
2026-06-25 12:22:57,084 [INFO] __main__ — FinBERT 로딩: snunlp/KR-FinBert-SC (CPU, batch=8)
2026-06-25 12:22:57,225 [INFO] httpx — HTTP Request: GET https://huggingface.co/api/agent-harnesses "HTTP/1.1 200 OK"
2026-06-25 12:22:57,290 [INFO] httpx — HTTP Request: HEAD https://huggingface.co/snunlp/KR-FinBert-SC/resolve/main/config.json "HTTP/1.1 307 Temporary Redirect"
2026-06-25 12:22:57,291 [WARNING] huggingface_hub.utils._http — Warning: You are sending unauthenticated requests to the HF Hub. Please set a HF_TOKEN to enable higher rate limits and faster downloads.
2026-06-25 12:22:57,312 [INFO] httpx — HTTP Request: HEAD https://huggingface.co/api/resolve-cache/models/snunlp/KR-FinBert-SC/f8586286cc3161fb648e9fee09a456069fd846d0/config.json "HTTP/1.1 200 OK"
2026-06-25 12:22:57,393 [INFO] httpx — HTTP Request: HEAD https://huggingface.co/snunlp/KR-FinBert-SC/resolve/main/model.safetensors "HTTP/1.1 404 Not Found"
2026-06-25 12:22:57,460 [INFO] httpx — HTTP Request: GET https://huggingface.co/api/models/snunlp/KR-FinBert-SC "HTTP/1.1 200 OK"
2026-06-25 12:22:57,555 [INFO] httpx — HTTP Request: GET https://huggingface.co/api/models/snunlp/KR-FinBert-SC/commits/main "HTTP/1.1 200 OK"
2026-06-25 12:22:57,627 [INFO] httpx — HTTP Request: GET https://huggingface.co/api/models/snunlp/KR-FinBert-SC/discussions?p=0 "HTTP/1.1 200 OK"
2026-06-25 12:22:57,649 [INFO] httpx — HTTP Request: GET https://huggingface.co/api/models/snunlp/KR-FinBert-SC/tree/main/additional_chat_templates?recursive=false&expand=false "HTTP/1.1 404 Not Found"
2026-06-25 12:22:57,703 [INFO] httpx — HTTP Request: GET https://huggingface.co/api/models/snunlp/KR-FinBert-SC/commits/refs%2Fpr%2F3 "HTTP/1.1 200 OK"
2026-06-25 12:22:57,713 [INFO] httpx — HTTP Request: GET https://huggingface.co/api/models/snunlp/KR-FinBert-SC/tree/main?recursive=true&expand=false "HTTP/1.1 200 OK"
2026-06-25 12:22:57,765 [INFO] httpx — HTTP Request: HEAD https://huggingface.co/snunlp/KR-FinBert-SC/resolve/refs%2Fpr%2F3/model.safetensors.index.json "HTTP/1.1 404 Not Found"
2026-06-25 12:22:57,796 [INFO] httpx — HTTP Request: HEAD https://huggingface.co/snunlp/KR-FinBert-SC/resolve/main/processor_config.json "HTTP/1.1 404 Not Found"
2026-06-25 12:22:57,833 [INFO] httpx — HTTP Request: HEAD https://huggingface.co/snunlp/KR-FinBert-SC/resolve/refs%2Fpr%2F3/model.safetensors "HTTP/1.1 302 Found"
2026-06-25 12:22:57,860 [INFO] httpx — HTTP Request: HEAD https://huggingface.co/snunlp/KR-FinBert-SC/resolve/main/video_preprocessor_config.json "HTTP/1.1 404 Not Found"
2026-06-25 12:22:57,927 [INFO] httpx — HTTP Request: HEAD https://huggingface.co/snunlp/KR-FinBert-SC/resolve/main/preprocessor_config.json "HTTP/1.1 404 Not Found"
2026-06-25 12:22:57,929 [INFO] __main__ — FinBERT 로드 완료 (CPU)
2026-06-25 12:23:10,313 [INFO] __main__ — Phase A.1: 매핑 신뢰도 < 0.5 → 감성 점수 폐기 26건
2026-06-25 12:23:10,313 [INFO] __main__ — 스코어링: 31개 | 집중:0 | FinBERT:finbert
2026-06-25 12:23:10,329 [INFO] __main__ —   → 31개
2026-06-25 12:23:10,329 [INFO] __main__ — ▶ Step 4: 발송
2026-06-25 12:23:14,832 [INFO] __main__ — DB 기록: 5개 / 전체 to_send 5개
2026-06-25 12:23:14,832 [INFO] __main__ — 발송: 집중 0 / 주시 1
2026-06-25 12:23:14,832 [INFO] __main__ — 완료  |  소요: 1107.0초
