2026-08-20 21:39:31,064 [INFO] __main__ — config 검증 완료 ✓
2026-08-20 21:39:31,065 [INFO] __main__ — KIS 조회 도메인: 실전 (https://openapi.koreainvestment.com:9443)
2026-08-20 21:39:31,065 [INFO] __main__ — ============================================================
2026-08-20 21:39:31,065 [INFO] __main__ — AlphaRadar v3.3.1  |  기준일: 20260821
2026-08-20 21:39:31,065 [INFO] __main__ — S = T×0.3 + S_text×0.4 + D×0.3
2026-08-20 21:39:31,065 [INFO] __main__ — ============================================================
2026-08-20 21:39:31,065 [INFO] __main__ — ▶ Step 0: 유니버스 필터링
2026-08-20 21:39:31,200 [INFO] __main__ — FDR 데이터 수집: 20260215 ~ 20260821
2026-08-20 21:39:32,491 [INFO] __main__ — KOSPI: 942개 | 섹터정보 829개 (DART +829개 보완)
2026-08-20 21:39:32,492 [INFO] __main__ — KOSDAQ: 1821개 | 섹터정보 1821개
2026-08-20 21:39:32,492 [INFO] __main__ — 전체: 2763개
2026-08-20 21:39:35,008 [INFO] __main__ — KIS 토큰 발급 완료
2026-08-20 21:49:52,070 [INFO] __main__ — DART corp_code 매핑: 2193/2244개 (97%)
2026-08-20 21:49:52,070 [INFO] __main__ — 유효 유니버스: 2244개
2026-08-20 21:49:52,081 [INFO] __main__ —   → 2244개
2026-08-20 21:49:52,081 [INFO] __main__ — ▶ Step 1: 신호 탐지
2026-08-20 21:49:52,081 [INFO] __main__ — NaverClient: 3개 키 로드 (DataLab·검색 독립 회전)
2026-08-20 21:49:52,081 [INFO] __main__ — 관심 지수 및 부정 뉴스 비율 조회 중...
2026-08-20 21:49:55,596 [INFO] __main__ — 봇 주가요약 제외 [흥아해운]: 1건
2026-08-20 21:49:57,201 [INFO] __main__ — 봇 주가요약 제외 [PS일렉트로닉스]: 3건
2026-08-20 21:49:58,645 [INFO] __main__ — 봇 주가요약 제외 [금호전기]: 5건
2026-08-20 21:50:02,801 [INFO] __main__ — 봇 주가요약 제외 [대원전선]: 7건
2026-08-20 21:50:02,817 [INFO] __main__ — 봇 주가요약 제외 [KBI메탈]: 2건
2026-08-20 21:50:04,250 [INFO] __main__ — 봇 주가요약 제외 [지투파워]: 1건
2026-08-20 21:50:05,476 [INFO] __main__ — 봇 주가요약 제외 [대한광통신]: 4건
2026-08-20 21:50:05,538 [INFO] __main__ — 봇 주가요약 제외 [후성]: 3건
2026-08-20 21:50:06,941 [INFO] __main__ — 봇 주가요약 제외 [SK이터닉스]: 4건
2026-08-20 21:50:08,247 [INFO] __main__ — 봇 주가요약 제외 [코데즈컴바인]: 2건
2026-08-20 21:50:09,541 [INFO] __main__ — 봇 주가요약 제외 [아이로보틱스]: 1건
2026-08-20 21:50:09,546 [INFO] __main__ — 봇 주가요약 제외 [HPSP]: 1건
2026-08-20 21:50:10,806 [INFO] __main__ — 봇 주가요약 제외 [세아메카닉스]: 1건
2026-08-20 21:50:13,424 [INFO] __main__ — 봇 주가요약 제외 [레메디]: 1건
2026-08-20 21:50:14,569 [INFO] __main__ — 봇 주가요약 제외 [해성옵틱스]: 1건
2026-08-20 21:50:15,973 [INFO] __main__ — 봇 주가요약 제외 [져스텍]: 3건
2026-08-20 21:50:15,992 [INFO] __main__ — 봇 주가요약 제외 [빛과전자]: 2건
2026-08-20 21:50:17,259 [INFO] __main__ — 봇 주가요약 제외 [보성파워텍]: 1건
2026-08-20 21:50:17,273 [INFO] __main__ — 봇 주가요약 제외 [현대무벡스]: 2건
2026-08-20 21:50:18,551 [INFO] __main__ — 봇 주가요약 제외 [삼성공조]: 1건
2026-08-20 21:50:18,579 [INFO] __main__ — 봇 주가요약 제외 [하나마이크론]: 2건
2026-08-20 21:50:22,449 [INFO] __main__ — 뉴스 시점 제외 [앤로보틱스]: 7건 (>14일/파싱실패)
2026-08-20 21:50:22,449 [INFO] __main__ — 봇 주가요약 제외 [앤로보틱스]: 1건
2026-08-20 21:50:22,465 [INFO] __main__ — 봇 주가요약 제외 [제주반도체]: 2건
2026-08-20 21:50:23,711 [INFO] __main__ — 봇 주가요약 제외 [파미셀]: 1건
2026-08-20 21:50:24,960 [INFO] __main__ — 뉴스 시점 제외 [하이드로리튬]: 5건 (>14일/파싱실패)
2026-08-20 21:50:26,235 [INFO] __main__ — 뉴스 시점 제외 [더즌]: 2건 (>14일/파싱실패)
2026-08-20 21:50:26,235 [INFO] __main__ — 봇 주가요약 제외 [더즌]: 1건
2026-08-20 21:50:28,711 [INFO] __main__ — 봇 주가요약 제외 [코스모로보틱스]: 1건
2026-08-20 21:50:31,215 [INFO] __main__ — 봇 주가요약 제외 [비보존 제약]: 1건
2026-08-20 21:50:32,458 [INFO] __main__ — 봇 주가요약 제외 [워트]: 1건
2026-08-20 21:50:33,762 [INFO] __main__ — 봇 주가요약 제외 [남해화학]: 3건
2026-08-20 21:50:37,506 [INFO] __main__ — 봇 주가요약 제외 [우리금융지주]: 1건
2026-08-20 21:50:41,343 [INFO] __main__ — 뉴스 시점 제외 [신스틸]: 3건 (>14일/파싱실패)
2026-08-20 21:50:41,343 [INFO] __main__ — 봇 주가요약 제외 [신스틸]: 1건
2026-08-20 21:50:42,481 [INFO] __main__ — 뉴스 시점 제외 [이랜시스]: 5건 (>14일/파싱실패)
2026-08-20 21:50:42,481 [INFO] __main__ — 봇 주가요약 제외 [이랜시스]: 1건
2026-08-20 21:50:42,609 [INFO] __main__ — 봇 주가요약 제외 [삼성E&A]: 2건
2026-08-20 21:50:43,723 [INFO] __main__ — 봇 주가요약 제외 [제이에스티나]: 1건
2026-08-20 21:50:44,965 [INFO] __main__ — 봇 주가요약 제외 [혜인]: 1건
2026-08-20 21:50:44,984 [INFO] __main__ — 뉴스 시점 제외 [강동씨앤엘]: 5건 (>14일/파싱실패)
2026-08-20 21:50:44,984 [INFO] __main__ — 봇 주가요약 제외 [강동씨앤엘]: 1건
2026-08-20 21:50:47,675 [INFO] __main__ — 봇 주가요약 제외 [서진시스템]: 1건
2026-08-20 21:50:48,736 [INFO] __main__ — 봇 주가요약 제외 [삼화콘덴서]: 4건
2026-08-20 21:50:48,927 [INFO] __main__ — 봇 주가요약 제외 [코칩]: 3건
2026-08-20 21:50:49,958 [INFO] __main__ — 봇 주가요약 제외 [휴림로봇]: 2건
2026-08-20 21:50:51,228 [INFO] __main__ — 봇 주가요약 제외 [LG씨엔에스]: 4건
2026-08-20 21:50:51,422 [INFO] __main__ — 봇 주가요약 제외 [흥구석유]: 1건
2026-08-20 21:51:01,417 [INFO] __main__ — 봇 주가요약 제외 [지엔씨에너지]: 1건
2026-08-20 21:51:02,075 [INFO] __main__ — 뉴스 시점 제외 [퀀텀레일]: 2건 (>14일/파싱실패)
2026-08-20 21:51:04,926 [INFO] __main__ — 봇 주가요약 제외 [이수페타시스]: 2건
2026-08-20 21:51:07,576 [INFO] __main__ — 봇 주가요약 제외 [두산퓨얼셀]: 2건
2026-08-20 21:51:08,827 [INFO] __main__ — 봇 주가요약 제외 [심텍]: 2건
2026-08-20 21:51:10,324 [INFO] __main__ — 뉴스 시점 제외 [삼화전자]: 10건 (>14일/파싱실패)
2026-08-20 21:51:11,587 [INFO] __main__ — 봇 주가요약 제외 [클로봇]: 1건
2026-08-20 21:51:11,885 [INFO] __main__ — 뉴스 시점 제외 [고려산업]: 11건 (>14일/파싱실패)
2026-08-20 21:51:12,845 [INFO] __main__ — 봇 주가요약 제외 [CJ CGV]: 1건
2026-08-20 21:51:13,833 [INFO] __main__ — 봇 주가요약 제외 [디앤디파마텍]: 1건
2026-08-20 21:51:15,332 [INFO] __main__ — 뉴스 시점 제외 [남선알미늄]: 11건 (>14일/파싱실패)
2026-08-20 21:51:16,575 [INFO] __main__ — 봇 주가요약 제외 [대덕전자]: 1건
2026-08-20 21:51:16,876 [INFO] __main__ — 봇 주가요약 제외 [SK오션플랜트]: 1건
2026-08-20 21:51:20,067 [INFO] __main__ — 봇 주가요약 제외 [일성건설]: 1건
2026-08-20 21:51:21,740 [INFO] __main__ — 뉴스 시점 제외 [금강철강]: 5건 (>14일/파싱실패)
2026-08-20 21:51:21,878 [INFO] __main__ — 뉴스 시점 제외 [서부T&D]: 1건 (>14일/파싱실패)
2026-08-20 21:51:23,827 [INFO] __main__ — 봇 주가요약 제외 [이노테크]: 1건
2026-08-20 21:51:27,617 [INFO] __main__ — 봇 주가요약 제외 [바이오니아]: 1건
2026-08-20 21:51:27,973 [INFO] __main__ — 봇 주가요약 제외 [제넥신]: 1건
2026-08-20 21:51:28,186 [INFO] __main__ — 뉴스 시점 제외 [대원강업]: 8건 (>14일/파싱실패)
2026-08-20 21:51:28,862 [INFO] __main__ — 뉴스 시점 제외 [일승]: 4건 (>14일/파싱실패)
2026-08-20 21:51:30,108 [INFO] __main__ — 봇 주가요약 제외 [오킨스전자]: 1건
2026-08-20 21:51:31,969 [INFO] __main__ — 뉴스 시점 제외 [THE E&M]: 9건 (>14일/파싱실패)
2026-08-20 21:51:33,868 [INFO] __main__ — 뉴스 시점 제외 [SKAI]: 4건 (>14일/파싱실패)
2026-08-20 21:51:35,107 [INFO] __main__ — 봇 주가요약 제외 [한화엔진]: 1건
2026-08-20 21:51:36,347 [INFO] __main__ — 뉴스 시점 제외 [HB테크놀러지]: 7건 (>14일/파싱실패)
2026-08-20 21:51:36,937 [INFO] __main__ — 봇 주가요약 제외 [에스피지]: 2건
2026-08-20 21:51:40,109 [INFO] __main__ — 봇 주가요약 제외 [와이씨]: 1건
2026-08-20 21:51:42,594 [INFO] __main__ — 뉴스 시점 제외 [엠에스오토텍]: 9건 (>14일/파싱실패)
2026-08-20 21:51:45,519 [INFO] __main__ — 뉴스 시점 제외 [멤레이비티]: 10건 (>14일/파싱실패)
2026-08-20 21:51:47,615 [INFO] __main__ — 봇 주가요약 제외 [테크윙]: 3건
2026-08-20 21:51:48,001 [INFO] __main__ — 봇 주가요약 제외 [알지노믹스]: 2건
2026-08-20 21:51:50,133 [INFO] __main__ — 뉴스 시점 제외 [부국철강]: 12건 (>14일/파싱실패)
2026-08-20 21:51:52,970 [INFO] __main__ — 뉴스 시점 제외 [폴레드]: 9건 (>14일/파싱실패)
2026-08-20 21:51:55,251 [INFO] __main__ — 뉴스 시점 제외 [한일철강]: 11건 (>14일/파싱실패)
2026-08-20 21:51:57,125 [INFO] __main__ — 봇 주가요약 제외 [이노스페이스]: 1건
2026-08-20 21:51:58,367 [INFO] __main__ — 봇 주가요약 제외 [아이티센글로벌]: 1건
2026-08-20 21:52:03,903 [INFO] __main__ — 봇 주가요약 제외 [두산로보틱스]: 1건
2026-08-20 21:52:04,491 [INFO] __main__ — 봇 주가요약 제외 [비에이치아이]: 1건
2026-08-20 21:52:08,501 [INFO] __main__ — 뉴스 시점 제외 [ESR켄달스퀘어리츠]: 11건 (>14일/파싱실패)
2026-08-20 21:52:09,789 [INFO] __main__ — 뉴스 시점 제외 [세운메디칼]: 14건 (>14일/파싱실패)
2026-08-20 21:52:11,068 [INFO] __main__ — 뉴스 시점 제외 [KBI동양철관]: 10건 (>14일/파싱실패)
2026-08-20 21:52:23,034 [INFO] __main__ — 봇 주가요약 제외 [일진전기]: 2건
2026-08-20 21:52:24,334 [INFO] __main__ — 뉴스 시점 제외 [한일사료]: 7건 (>14일/파싱실패)
2026-08-20 21:52:28,876 [INFO] __main__ — 뉴스 시점 제외 [한선엔지니어링]: 8건 (>14일/파싱실패)
2026-08-20 21:52:30,641 [INFO] __main__ — 뉴스 시점 제외 [바이오플러스]: 6건 (>14일/파싱실패)
2026-08-20 21:52:31,376 [INFO] __main__ — 뉴스 시점 제외 [키스트론]: 11건 (>14일/파싱실패)
2026-08-20 21:52:31,890 [INFO] __main__ — 뉴스 시점 제외 [티엑스알로보틱스]: 4건 (>14일/파싱실패)
2026-08-20 21:52:32,645 [INFO] __main__ — 봇 주가요약 제외 [한국카본]: 2건
2026-08-20 21:52:37,120 [INFO] __main__ — 뉴스 시점 제외 [남화산업]: 8건 (>14일/파싱실패)
2026-08-20 21:52:41,463 [INFO] __main__ — 봇 주가요약 제외 [인텍플러스]: 3건
2026-08-20 21:52:45,218 [INFO] __main__ — 뉴스 시점 제외 [에스씨디]: 11건 (>14일/파싱실패)
2026-08-20 21:52:47,102 [INFO] __main__ — 뉴스 시점 제외 [시너지이노베이션]: 10건 (>14일/파싱실패)
2026-08-20 21:52:48,210 [INFO] __main__ — 뉴스 시점 제외 [에스와이스틸텍]: 11건 (>14일/파싱실패)
2026-08-20 21:52:50,815 [INFO] __main__ — 뉴스 시점 제외 [평화산업]: 1건 (>14일/파싱실패)
2026-08-20 21:52:51,477 [INFO] __main__ — 봇 주가요약 제외 [엑시콘]: 2건
2026-08-20 21:52:52,078 [INFO] __main__ — 뉴스 시점 제외 [미래생명자원]: 4건 (>14일/파싱실패)
2026-08-20 21:52:59,356 [INFO] __main__ — 봇 주가요약 제외 [원익QnC]: 1건
2026-08-20 21:53:00,617 [INFO] __main__ — 봇 주가요약 제외 [OCI홀딩스]: 4건
2026-08-20 21:53:01,146 [INFO] __main__ — 봇 주가요약 제외 [피에스케이]: 1건
2026-08-20 21:53:01,190 [INFO] __main__ — 봇 주가요약 제외 [셀바스AI]: 1건
2026-08-20 21:53:03,883 [INFO] __main__ — 뉴스 시점 제외 [지니너스]: 8건 (>14일/파싱실패)
2026-08-20 21:53:08,500 [INFO] __main__ — 뉴스 시점 제외 [나이스정보통신]: 10건 (>14일/파싱실패)
2026-08-20 21:53:09,136 [INFO] __main__ — 뉴스 시점 제외 [제룡산업]: 10건 (>14일/파싱실패)
2026-08-20 21:53:09,136 [INFO] __main__ — 봇 주가요약 제외 [제룡산업]: 2건
2026-08-20 21:53:11,356 [INFO] __main__ — 뉴스 시점 제외 [KB스타리츠]: 13건 (>14일/파싱실패)
2026-08-20 21:53:19,918 [INFO] __main__ — 뉴스 시점 제외 [넥스틸]: 7건 (>14일/파싱실패)
2026-08-20 21:53:19,918 [INFO] __main__ — 봇 주가요약 제외 [넥스틸]: 1건
2026-08-20 21:53:20,872 [INFO] __main__ — 뉴스 시점 제외 [MDS테크]: 4건 (>14일/파싱실패)
2026-08-20 21:53:23,402 [INFO] __main__ — 봇 주가요약 제외 [POSCO홀딩스]: 1건
2026-08-20 21:53:28,389 [INFO] __main__ — 뉴스 시점 제외 [아미노로직스]: 9건 (>14일/파싱실패)
2026-08-20 21:53:30,208 [INFO] __main__ — 뉴스 시점 제외 [빅텍]: 9건 (>14일/파싱실패)
2026-08-20 21:53:30,309 [INFO] __main__ — 부정 키워드 감지: 28개 종목 (neg_ratio > 0)
2026-08-20 21:53:30,313 [INFO] __main__ — 수급일수충족·합계음수 제외: 133개
2026-08-20 21:53:31,633 [INFO] __main__ — 봇 주가요약 제외 [삼성에스디에스]: 1건
2026-08-20 21:53:38,499 [INFO] __main__ — 뉴스 시점 제외 [두산우]: 15건 (>14일/파싱실패)
2026-08-20 21:53:39,445 [INFO] __main__ — 뉴스 시점 제외 [LG전자우]: 12건 (>14일/파싱실패)
2026-08-20 21:53:39,867 [INFO] __main__ — 뉴스 시점 제외 [롯데리츠]: 2건 (>14일/파싱실패)
2026-08-20 21:53:40,578 [INFO] __main__ — 뉴스 시점 제외 [KB발해인프라]: 15건 (>14일/파싱실패)
2026-08-20 21:53:41,497 [INFO] __main__ — 뉴스 시점 제외 [LG화학우]: 14건 (>14일/파싱실패)
2026-08-20 21:53:42,687 [INFO] __main__ — 봇 주가요약 제외 [OCI]: 2건
2026-08-20 21:53:43,389 [INFO] __main__ — 뉴스 시점 제외 [한국쉘석유]: 11건 (>14일/파싱실패)
2026-08-20 21:53:43,402 [INFO] __main__ — 뉴스 시점 제외 [GS피앤엘]: 6건 (>14일/파싱실패)
2026-08-20 21:53:43,567 [INFO] __main__ — 뉴스 시점 제외 [맵스리얼티]: 15건 (>14일/파싱실패)
2026-08-20 21:53:45,464 [INFO] __main__ — 뉴스 시점 제외 [한일홀딩스]: 13건 (>14일/파싱실패)
2026-08-20 21:53:45,474 [INFO] __main__ — 뉴스 시점 제외 [한국단자]: 3건 (>14일/파싱실패)
2026-08-20 21:53:46,862 [INFO] __main__ — 뉴스 시점 제외 [아모레퍼시픽우]: 14건 (>14일/파싱실패)
2026-08-20 21:53:47,674 [INFO] __main__ — 뉴스 시점 제외 [KPX홀딩스]: 12건 (>14일/파싱실패)
2026-08-20 21:53:48,358 [INFO] __main__ — 뉴스 시점 제외 [KISCO홀딩스]: 3건 (>14일/파싱실패)
2026-08-20 21:53:50,273 [INFO] __main__ — 뉴스 시점 제외 [삼성물산우B]: 14건 (>14일/파싱실패)
2026-08-20 21:53:50,998 [INFO] __main__ — 뉴스 시점 제외 [두산2우B]: 15건 (>14일/파싱실패)
2026-08-20 21:53:52,340 [INFO] __main__ — 봇 주가요약 제외 [서흥]: 1건
2026-08-20 21:53:52,360 [INFO] __main__ — 뉴스 시점 제외 [S-Oil우]: 15건 (>14일/파싱실패)
2026-08-20 21:53:53,047 [INFO] __main__ — 뉴스 시점 제외 [신한서부티엔디리츠]: 10건 (>14일/파싱실패)
2026-08-20 21:53:53,859 [INFO] __main__ — 뉴스 시점 제외 [미원화학]: 13건 (>14일/파싱실패)
2026-08-20 21:53:54,769 [INFO] __main__ — 뉴스 시점 제외 [노루홀딩스]: 13건 (>14일/파싱실패)
2026-08-20 21:53:55,488 [INFO] __main__ — 뉴스 시점 제외 [SK우]: 13건 (>14일/파싱실패)
2026-08-20 21:53:56,167 [INFO] __main__ — 봇 주가요약 제외 [경농]: 2건
2026-08-20 21:53:56,186 [INFO] __main__ — 뉴스 시점 제외 [SYTS]: 9건 (>14일/파싱실패)
2026-08-20 21:53:56,853 [INFO] __main__ — 뉴스 시점 제외 [대창단조]: 11건 (>14일/파싱실패)
2026-08-20 21:53:56,891 [INFO] __main__ — 뉴스 시점 제외 [유수홀딩스]: 6건 (>14일/파싱실패)
2026-08-20 21:53:57,538 [INFO] __main__ — 뉴스 시점 제외 [한진중공업홀딩스]: 14건 (>14일/파싱실패)
2026-08-20 21:53:58,269 [INFO] __main__ — 뉴스 시점 제외 [미원홀딩스]: 15건 (>14일/파싱실패)
2026-08-20 21:53:58,280 [INFO] __main__ — 뉴스 시점 제외 [디씨엠]: 7건 (>14일/파싱실패)
2026-08-20 21:53:59,598 [INFO] __main__ — 뉴스 시점 제외 [현대코퍼레이션홀딩스]: 12건 (>14일/파싱실패)
2026-08-20 21:53:59,633 [INFO] __main__ — 뉴스 시점 제외 [인천도시가스]: 7건 (>14일/파싱실패)
2026-08-20 21:54:00,290 [INFO] __main__ — 뉴스 시점 제외 [GS우]: 15건 (>14일/파싱실패)
2026-08-20 21:54:00,318 [INFO] __main__ — 뉴스 시점 제외 [동남합성]: 3건 (>14일/파싱실패)
2026-08-20 21:54:00,337 [INFO] __main__ — 뉴스 시점 제외 [조선선재]: 9건 (>14일/파싱실패)
2026-08-20 21:54:00,970 [INFO] __main__ — 뉴스 시점 제외 [NI스틸]: 12건 (>14일/파싱실패)
2026-08-20 21:54:01,013 [INFO] __main__ — 뉴스 시점 제외 [DL이앤씨2우(전환)]: 14건 (>14일/파싱실패)
2026-08-20 21:54:01,014 [INFO] __main__ — 뉴스 시점 제외 [아남전자]: 2건 (>14일/파싱실패)
2026-08-20 21:54:01,654 [INFO] __main__ — 뉴스 시점 제외 [영보화학]: 13건 (>14일/파싱실패)
2026-08-20 21:54:01,727 [INFO] __main__ — 뉴스 시점 제외 [삼원강재]: 12건 (>14일/파싱실패)
2026-08-20 21:54:01,736 [INFO] __main__ — 뉴스 시점 제외 [두올]: 7건 (>14일/파싱실패)
2026-08-20 21:54:02,338 [INFO] __main__ — 뉴스 시점 제외 [티와이홀딩스]: 14건 (>14일/파싱실패)
2026-08-20 21:54:02,437 [INFO] __main__ — 뉴스 시점 제외 [SK이노베이션우]: 14건 (>14일/파싱실패)
2026-08-20 21:54:03,031 [INFO] __main__ — 뉴스 시점 제외 [사조오양]: 7건 (>14일/파싱실패)
2026-08-20 21:54:03,123 [INFO] __main__ — 뉴스 시점 제외 [동일고무벨트]: 9건 (>14일/파싱실패)
2026-08-20 21:54:03,125 [INFO] __main__ — 뉴스 시점 제외 [동인기연]: 11건 (>14일/파싱실패)
2026-08-20 21:54:03,711 [INFO] __main__ — 뉴스 시점 제외 [CS홀딩스]: 15건 (>14일/파싱실패)
2026-08-20 21:54:03,840 [INFO] __main__ — 뉴스 시점 제외 [삼호개발]: 8건 (>14일/파싱실패)
2026-08-20 21:54:03,841 [INFO] __main__ — 뉴스 시점 제외 [동방아그로]: 7건 (>14일/파싱실패)
2026-08-20 21:54:04,559 [INFO] __main__ — 뉴스 시점 제외 [선도전기]: 7건 (>14일/파싱실패)
2026-08-20 21:54:05,789 [INFO] __main__ — 뉴스 시점 제외 [보락]: 4건 (>14일/파싱실패)
2026-08-20 21:54:05,971 [INFO] __main__ — 뉴스 시점 제외 [화승알앤에이]: 12건 (>14일/파싱실패)
2026-08-20 21:54:06,478 [INFO] __main__ — 뉴스 시점 제외 [BYC우]: 4건 (>14일/파싱실패)
2026-08-20 21:54:06,672 [INFO] __main__ — 뉴스 시점 제외 [삼화왕관]: 15건 (>14일/파싱실패)
2026-08-20 21:54:06,676 [INFO] __main__ — 뉴스 시점 제외 [새론오토모티브]: 13건 (>14일/파싱실패)
2026-08-20 21:54:07,168 [INFO] __main__ — 뉴스 시점 제외 [기신정기]: 15건 (>14일/파싱실패)
2026-08-20 21:54:07,372 [INFO] __main__ — 봇 주가요약 제외 [부산산업]: 2건
2026-08-20 21:54:07,375 [INFO] __main__ — 뉴스 시점 제외 [DL이앤씨우]: 15건 (>14일/파싱실패)
2026-08-20 21:54:07,843 [INFO] __main__ — 뉴스 시점 제외 [대덕전자1우]: 15건 (>14일/파싱실패)
2026-08-20 21:54:08,075 [INFO] __main__ — 뉴스 시점 제외 [아진전자부품]: 9건 (>14일/파싱실패)
2026-08-20 21:54:08,085 [INFO] __main__ — 뉴스 시점 제외 [씨아이테크]: 9건 (>14일/파싱실패)
2026-08-20 21:54:08,542 [INFO] __main__ — 뉴스 시점 제외 [미래에셋맵스리츠]: 15건 (>14일/파싱실패)
2026-08-20 21:54:08,765 [INFO] __main__ — 뉴스 시점 제외 [상신브레이크]: 4건 (>14일/파싱실패)
2026-08-20 21:54:08,792 [INFO] __main__ — 뉴스 시점 제외 [한화솔루션우]: 10건 (>14일/파싱실패)
2026-08-20 21:54:09,237 [INFO] __main__ — 뉴스 시점 제외 [SB성보]: 10건 (>14일/파싱실패)
2026-08-20 21:54:09,443 [INFO] __main__ — 뉴스 시점 제외 [문배철강]: 13건 (>14일/파싱실패)
2026-08-20 21:54:10,825 [INFO] __main__ — 뉴스 시점 제외 [세방우]: 15건 (>14일/파싱실패)
2026-08-20 21:54:10,839 [INFO] __main__ — 뉴스 시점 제외 [경인전자]: 15건 (>14일/파싱실패)
2026-08-20 21:54:12,660 [INFO] __main__ — 봇 주가요약 제외 [이오테크닉스]: 1건
2026-08-20 21:54:12,909 [INFO] __main__ — 봇 주가요약 제외 [ISC]: 1건
2026-08-20 21:54:19,076 [INFO] __main__ — 뉴스 시점 제외 [에이디테크놀로지]: 4건 (>14일/파싱실패)
2026-08-20 21:54:24,018 [INFO] __main__ — 뉴스 시점 제외 [피에이치에이]: 10건 (>14일/파싱실패)
2026-08-20 21:54:24,026 [INFO] __main__ — 뉴스 시점 제외 [필에너지]: 9건 (>14일/파싱실패)
2026-08-20 21:54:24,737 [INFO] __main__ — 뉴스 시점 제외 [우주일렉트로]: 9건 (>14일/파싱실패)
2026-08-20 21:54:29,882 [INFO] __main__ — 뉴스 시점 제외 [빅솔론]: 15건 (>14일/파싱실패)
2026-08-20 21:54:30,426 [INFO] __main__ — 뉴스 시점 제외 [우양에이치씨]: 12건 (>14일/파싱실패)
2026-08-20 21:54:30,560 [INFO] __main__ — 뉴스 시점 제외 [유성티엔에스]: 12건 (>14일/파싱실패)
2026-08-20 21:54:31,809 [INFO] __main__ — 뉴스 시점 제외 [삼보판지]: 14건 (>14일/파싱실패)
2026-08-20 21:54:34,551 [INFO] __main__ — 뉴스 시점 제외 [비씨엔씨]: 4건 (>14일/파싱실패)
2026-08-20 21:54:35,241 [INFO] __main__ — 뉴스 시점 제외 [엠에스씨]: 3건 (>14일/파싱실패)
2026-08-20 21:54:35,500 [INFO] __main__ — 뉴스 시점 제외 [바이젠셀]: 3건 (>14일/파싱실패)
2026-08-20 21:54:37,281 [INFO] __main__ — 뉴스 시점 제외 [로체시스템즈]: 9건 (>14일/파싱실패)
2026-08-20 21:54:37,966 [INFO] __main__ — 뉴스 시점 제외 [탑런토탈솔루션]: 7건 (>14일/파싱실패)
2026-08-20 21:54:38,410 [INFO] __main__ — 봇 주가요약 제외 [엔알비]: 1건
2026-08-20 21:54:40,278 [INFO] __main__ — 뉴스 시점 제외 [대림제지]: 12건 (>14일/파싱실패)
2026-08-20 21:54:40,463 [INFO] __main__ — 뉴스 시점 제외 [동신건설]: 5건 (>14일/파싱실패)
2026-08-20 21:54:40,463 [INFO] __main__ — 봇 주가요약 제외 [동신건설]: 1건
2026-08-20 21:54:42,247 [INFO] __main__ — 뉴스 시점 제외 [쎄니트]: 11건 (>14일/파싱실패)
2026-08-20 21:54:43,869 [INFO] __main__ — 뉴스 시점 제외 [선바이오]: 10건 (>14일/파싱실패)
2026-08-20 21:54:44,646 [INFO] __main__ — 뉴스 시점 제외 [라이온켐텍]: 8건 (>14일/파싱실패)
2026-08-20 21:54:46,598 [INFO] __main__ — 뉴스 시점 제외 [이엠텍]: 8건 (>14일/파싱실패)
2026-08-20 21:54:47,366 [INFO] __main__ — 뉴스 시점 제외 [아이디피]: 15건 (>14일/파싱실패)
2026-08-20 21:54:47,730 [INFO] __main__ — 뉴스 시점 제외 [잉크테크]: 12건 (>14일/파싱실패)
2026-08-20 21:54:49,343 [INFO] __main__ — 뉴스 시점 제외 [엔젯]: 11건 (>14일/파싱실패)
2026-08-20 21:54:50,017 [INFO] __main__ — 뉴스 시점 제외 [레뷰코퍼레이션]: 14건 (>14일/파싱실패)
2026-08-20 21:54:50,466 [INFO] __main__ — 뉴스 시점 제외 [대륙제관]: 9건 (>14일/파싱실패)
2026-08-20 21:54:50,718 [INFO] __main__ — 뉴스 시점 제외 [한국전자인증]: 4건 (>14일/파싱실패)
2026-08-20 21:54:50,810 [INFO] __main__ — 뉴스 시점 제외 [케이엘넷]: 9건 (>14일/파싱실패)
2026-08-20 21:54:51,139 [INFO] __main__ — 뉴스 시점 제외 [코츠테크놀로지]: 10건 (>14일/파싱실패)
2026-08-20 21:54:51,392 [INFO] __main__ — 뉴스 시점 제외 [푸드웰]: 9건 (>14일/파싱실패)
2026-08-20 21:54:51,815 [INFO] __main__ — 뉴스 시점 제외 [유비벨록스]: 10건 (>14일/파싱실패)
2026-08-20 21:54:52,176 [INFO] __main__ — 뉴스 시점 제외 [와이어블]: 10건 (>14일/파싱실패)
2026-08-20 21:54:52,492 [INFO] __main__ — 뉴스 시점 제외 [수산아이앤티]: 10건 (>14일/파싱실패)
2026-08-20 21:54:53,537 [INFO] __main__ — 봇 주가요약 제외 [희림]: 1건
2026-08-20 21:54:54,207 [INFO] __main__ — 뉴스 시점 제외 [셀바이오휴먼텍]: 3건 (>14일/파싱실패)
2026-08-20 21:54:54,897 [INFO] __main__ — 뉴스 시점 제외 [코스리거글로벌]: 14건 (>14일/파싱실패)
2026-08-20 21:54:54,922 [INFO] __main__ — 뉴스 시점 제외 [토탈소프트]: 7건 (>14일/파싱실패)
2026-08-20 21:54:55,614 [INFO] __main__ — 뉴스 시점 제외 [SG&G]: 9건 (>14일/파싱실패)
2026-08-20 21:54:56,261 [INFO] __main__ — 뉴스 시점 제외 [홈캐스트]: 15건 (>14일/파싱실패)
2026-08-20 21:54:56,300 [INFO] __main__ — 뉴스 시점 제외 [에르코스]: 9건 (>14일/파싱실패)
2026-08-20 21:54:57,627 [INFO] __main__ — 뉴스 시점 제외 [모티브링크]: 10건 (>14일/파싱실패)
2026-08-20 21:54:57,691 [INFO] __main__ — 뉴스 시점 제외 [케이사인]: 8건 (>14일/파싱실패)
2026-08-20 21:54:57,702 [INFO] __main__ — 뉴스 시점 제외 [에이테크솔루션]: 13건 (>14일/파싱실패)
2026-08-20 21:54:58,411 [INFO] __main__ — 뉴스 시점 제외 [ES큐브]: 15건 (>14일/파싱실패)
2026-08-20 21:54:59,674 [INFO] __main__ — 뉴스 시점 제외 [쎄크]: 2건 (>14일/파싱실패)
2026-08-20 21:54:59,800 [INFO] __main__ — 뉴스 시점 제외 [제노레이]: 14건 (>14일/파싱실패)
2026-08-20 21:54:59,804 [INFO] __main__ — 뉴스 시점 제외 [린드먼아시아]: 13건 (>14일/파싱실패)
2026-08-20 21:55:00,510 [INFO] __main__ — 뉴스 시점 제외 [에이텍모빌리티]: 7건 (>14일/파싱실패)
2026-08-20 21:55:01,048 [INFO] __main__ — 뉴스 시점 제외 [아셈스]: 10건 (>14일/파싱실패)
2026-08-20 21:55:01,212 [INFO] __main__ — 뉴스 시점 제외 [YW]: 14건 (>14일/파싱실패)
2026-08-20 21:55:02,587 [INFO] __main__ — 뉴스 시점 제외 [상신전자]: 9건 (>14일/파싱실패)
2026-08-20 21:55:02,610 [INFO] __main__ — 뉴스 시점 제외 [씨큐브]: 12건 (>14일/파싱실패)
2026-08-20 21:55:03,104 [INFO] __main__ — 뉴스 시점 제외 [비아이매트릭스]: 10건 (>14일/파싱실패)
2026-08-20 21:55:03,270 [INFO] __main__ — 뉴스 시점 제외 [케이씨피드]: 10건 (>14일/파싱실패)
2026-08-20 21:55:03,289 [INFO] __main__ — 뉴스 시점 제외 [효성오앤비]: 6건 (>14일/파싱실패)
2026-08-20 21:55:04,648 [INFO] __main__ — 뉴스 시점 제외 [쓰리에이로직스]: 10건 (>14일/파싱실패)
2026-08-20 21:55:05,360 [INFO] __main__ — 뉴스 시점 제외 [다산디엠씨]: 8건 (>14일/파싱실패)
2026-08-20 21:55:05,854 [INFO] __main__ — 뉴스 시점 제외 [백금T&A]: 5건 (>14일/파싱실패)
2026-08-20 21:55:06,020 [INFO] __main__ — 뉴스 시점 제외 [비비씨]: 11건 (>14일/파싱실패)
2026-08-20 21:55:06,035 [INFO] __main__ — 뉴스 시점 제외 [케이디켐]: 15건 (>14일/파싱실패)
2026-08-20 21:55:06,703 [INFO] __main__ — 뉴스 시점 제외 [하이즈항공]: 12건 (>14일/파싱실패)
2026-08-20 21:55:07,234 [INFO] __main__ — 뉴스 시점 제외 [DH오토리드]: 12건 (>14일/파싱실패)
2026-08-20 21:55:08,723 [INFO] __main__ — 뉴스 시점 제외 [유니온바이오메트릭스]: 9건 (>14일/파싱실패)
2026-08-20 21:55:08,787 [INFO] __main__ — 뉴스 시점 제외 [동일기연]: 10건 (>14일/파싱실패)
2026-08-20 21:55:09,317 [INFO] __main__ — 뉴스 시점 제외 [DH오토웨어]: 13건 (>14일/파싱실패)
2026-08-20 21:55:09,405 [INFO] __main__ — 뉴스 시점 제외 [삼화네트웍스]: 5건 (>14일/파싱실패)
2026-08-20 21:55:10,166 [INFO] __main__ — 뉴스 시점 제외 [에스디시스템]: 11건 (>14일/파싱실패)
2026-08-20 21:55:10,877 [INFO] __main__ — 뉴스 시점 제외 [코셈]: 13건 (>14일/파싱실패)
2026-08-20 21:55:11,381 [INFO] __main__ — 뉴스 시점 제외 [메가엠디]: 7건 (>14일/파싱실패)
2026-08-20 21:55:12,142 [INFO] __main__ — 뉴스 시점 제외 [에코캡]: 9건 (>14일/파싱실패)
2026-08-20 21:55:12,760 [INFO] __main__ — 뉴스 시점 제외 [모니터랩]: 9건 (>14일/파싱실패)
2026-08-20 21:55:13,436 [INFO] __main__ — 뉴스 시점 제외 [케이씨티]: 13건 (>14일/파싱실패)
2026-08-20 21:55:13,511 [INFO] __main__ — 뉴스 시점 제외 [파인디지털]: 8건 (>14일/파싱실패)
2026-08-20 21:55:14,317 [INFO] __main__ — 뉴스 시점 제외 [이삭엔지니어링]: 14건 (>14일/파싱실패)
2026-08-20 21:55:14,881 [INFO] __main__ — 뉴스 시점 제외 [시큐브]: 6건 (>14일/파싱실패)
2026-08-20 21:55:15,003 [INFO] __main__ — 뉴스 시점 제외 [에스에이티]: 13건 (>14일/파싱실패)
2026-08-20 21:55:15,484 [INFO] __main__ — 뉴스 시점 제외 [LSK아이로봇]: 10건 (>14일/파싱실패)
2026-08-20 21:55:15,562 [INFO] __main__ — 뉴스 시점 제외 [유라클]: 6건 (>14일/파싱실패)
2026-08-20 21:55:16,248 [INFO] __main__ — 뉴스 시점 제외 [와토스코리아]: 9건 (>14일/파싱실패)
2026-08-20 21:55:16,349 [INFO] __main__ — POOL_A 후보 부정뉴스 2차 조회: 453개
2026-08-20 21:55:16,352 [INFO] __main__ — POOL_A: 735개 (A:604 B:46 동시:85) | 부정게이트 제외:6
  대형:45 중형:136 소형:554
2026-08-20 21:55:16,373 [INFO] __main__ — 대조군 표본(무신호): 40개 / 모집단 1509개 → pool_history
2026-08-20 21:55:16,376 [INFO] __main__ —   → POOL_A: 735개
2026-08-20 21:55:16,376 [INFO] __main__ — ▶ Step 2: 하드 필터링
2026-08-20 21:55:16,377 [INFO] __main__ — 하드 필터 제거: 721개 | 과열배제 95 | 이격도상한 42 | 이격도하한 37 | MA추세 466 | RSI과열 22 | 거래대금 59
2026-08-20 21:55:16,380 [INFO] __main__ — 과열 gated 기록: 95개 → gated_tickers
2026-08-20 21:55:16,384 [INFO] __main__ — 대조군 표본(필터탈락): 219개 / 모집단 721개 → pool_history
2026-08-20 21:55:16,384 [INFO] __main__ — POOL_B: 14개 | 대형:0 중형:3 소형:11
2026-08-20 21:55:16,384 [INFO] __main__ —   → POOL_B: 14개
2026-08-20 21:55:16,384 [INFO] __main__ — ▶ Step 3: 스코어링 (FinBERT 감성 분석)
2026-08-20 21:55:16,385 [INFO] __main__ — NaverClient: 3개 키 로드 (DataLab·검색 독립 회전)
2026-08-20 21:55:16,385 [INFO] __main__ — 텍스트 신규 수집: 14종목 (캐시 적중 0종목)
2026-08-20 21:55:16,996 [INFO] __main__ — 봇 주가요약 제외 [금호타이어]: 1건
2026-08-20 21:55:21,795 [INFO] __main__ — 봇 주가요약 제외 [PS일렉트로닉스]: 5건
2026-08-20 21:55:30,479 [INFO] __main__ — 뉴스 시점 제외 [네오오토]: 17건 (>14일/파싱실패)
2026-08-20 21:55:30,480 [INFO] __main__ — 봇 주가요약 제외 [화신정공]: 2건
2026-08-20 21:55:34,706 [INFO] __main__ — 봇 주가요약 제외 [레몬헬스케어]: 1건
2026-08-20 21:55:34,747 [INFO] __main__ — 뉴스 시점 제외 [동양파일]: 8건 (>14일/파싱실패)
2026-08-20 21:55:38,481 [INFO] __main__ — 기사 보존(수집): 116건 (14종목) → news_articles
2026-08-20 21:55:38,483 [INFO] __main__ — 공시 보존(수집): 36건 (14종목) → dart_filings
2026-08-20 21:55:38,484 [INFO] __main__ — 수집 완료: 뉴스 116건 | 공시 36건
2026-08-20 21:55:38,484 [INFO] __main__ — FinBERT 감성 분석 (finbert 모드)...
2026-08-20 21:55:38,484 [INFO] __main__ — FinBERT 로딩: snunlp/KR-FinBert-SC (CPU, batch=8)
2026-08-20 21:55:38,548 [INFO] httpx — HTTP Request: GET https://huggingface.co/api/agent-harnesses "HTTP/1.1 200 OK"
2026-08-20 21:55:38,587 [INFO] httpx — HTTP Request: HEAD https://huggingface.co/snunlp/KR-FinBert-SC/resolve/main/config.json "HTTP/1.1 307 Temporary Redirect"
2026-08-20 21:55:38,596 [INFO] httpx — HTTP Request: HEAD https://huggingface.co/api/resolve-cache/models/snunlp/KR-FinBert-SC/f8586286cc3161fb648e9fee09a456069fd846d0/config.json "HTTP/1.1 200 OK"
2026-08-20 21:55:38,671 [INFO] httpx — HTTP Request: HEAD https://huggingface.co/snunlp/KR-FinBert-SC/resolve/main/model.safetensors "HTTP/1.1 404 Not Found"
2026-08-20 21:55:38,671 [WARNING] huggingface_hub.utils._http — Warning: You are sending unauthenticated requests to the HF Hub. Please set a HF_TOKEN to enable higher rate limits and faster downloads.
2026-08-20 21:55:38,718 [INFO] httpx — HTTP Request: GET https://huggingface.co/api/models/snunlp/KR-FinBert-SC "HTTP/1.1 200 OK"
2026-08-20 21:55:38,780 [INFO] httpx — HTTP Request: GET https://huggingface.co/api/models/snunlp/KR-FinBert-SC/commits/main "HTTP/1.1 200 OK"
2026-08-20 21:55:38,830 [INFO] httpx — HTTP Request: GET https://huggingface.co/api/models/snunlp/KR-FinBert-SC/discussions?p=0 "HTTP/1.1 200 OK"
2026-08-20 21:55:38,833 [INFO] httpx — HTTP Request: GET https://huggingface.co/api/models/snunlp/KR-FinBert-SC/tree/main/additional_chat_templates?recursive=false&expand=false "HTTP/1.1 404 Not Found"
2026-08-20 21:55:38,876 [INFO] httpx — HTTP Request: GET https://huggingface.co/api/models/snunlp/KR-FinBert-SC/tree/main?recursive=true&expand=false "HTTP/1.1 200 OK"
2026-08-20 21:55:38,882 [INFO] httpx — HTTP Request: GET https://huggingface.co/api/models/snunlp/KR-FinBert-SC/commits/refs%2Fpr%2F3 "HTTP/1.1 200 OK"
2026-08-20 21:55:38,926 [INFO] httpx — HTTP Request: HEAD https://huggingface.co/snunlp/KR-FinBert-SC/resolve/refs%2Fpr%2F3/model.safetensors.index.json "HTTP/1.1 404 Not Found"
2026-08-20 21:55:38,935 [INFO] httpx — HTTP Request: HEAD https://huggingface.co/snunlp/KR-FinBert-SC/resolve/main/processor_config.json "HTTP/1.1 404 Not Found"
2026-08-20 21:55:38,971 [INFO] httpx — HTTP Request: HEAD https://huggingface.co/snunlp/KR-FinBert-SC/resolve/refs%2Fpr%2F3/model.safetensors "HTTP/1.1 302 Found"
2026-08-20 21:55:38,975 [INFO] httpx — HTTP Request: HEAD https://huggingface.co/snunlp/KR-FinBert-SC/resolve/main/video_preprocessor_config.json "HTTP/1.1 404 Not Found"
2026-08-20 21:55:39,015 [INFO] httpx — HTTP Request: HEAD https://huggingface.co/snunlp/KR-FinBert-SC/resolve/main/preprocessor_config.json "HTTP/1.1 404 Not Found"
2026-08-20 21:55:39,016 [INFO] __main__ — FinBERT 로드 완료 (CPU)
2026-08-20 21:55:42,271 [INFO] __main__ — Phase A.1: 매핑 신뢰도 < 0.5 → 감성 점수 폐기 9건
2026-08-20 21:55:42,272 [INFO] __main__ — 스코어링: 14개 | 집중:0 | FinBERT:finbert
2026-08-20 21:55:42,285 [INFO] __main__ —   → 14개
2026-08-20 21:55:42,285 [INFO] __main__ — ▶ Step 4: 발송
2026-08-20 21:55:45,459 [INFO] __main__ — DB 기록: 9개 / 전체 to_send 9개
2026-08-20 21:55:45,460 [INFO] __main__ — 발송: 9종목 | 누적 4~10회 1 | 신규 0
2026-08-20 21:55:45,460 [INFO] __main__ — 완료  |  소요: 974.4초
2026-08-21 10:04:05,443 [INFO] __main__ — config 검증 완료 ✓
2026-08-21 10:04:05,443 [INFO] __main__ — KIS 조회 도메인: 실전 (https://openapi.koreainvestment.com:9443)
2026-08-21 10:04:05,443 [INFO] __main__ — ============================================================
2026-08-21 10:04:05,444 [INFO] __main__ — AlphaRadar v3.3.1  |  기준일: 20260821
2026-08-21 10:04:05,444 [INFO] __main__ — S = T×0.3 + S_text×0.4 + D×0.3
2026-08-21 10:04:05,444 [INFO] __main__ — ============================================================
2026-08-21 10:04:05,444 [INFO] __main__ — ▶ Step 0: 유니버스 필터링
2026-08-21 10:04:05,564 [INFO] __main__ — FDR 데이터 수집: 20260215 ~ 20260821
2026-08-21 10:04:07,611 [INFO] __main__ — master universe 메타: 캐시 사용 2760개 (year=2026)
2026-08-21 10:04:07,613 [INFO] __main__ — master 보강: 등급 837개 | FnGuide/KSIC 2554개 | 섹터(fg_industry) 2554개
2026-08-21 10:04:07,613 [INFO] __main__ — KOSPI: 942개 | 섹터정보 832개 (DART +829개 보완)
2026-08-21 10:04:07,614 [INFO] __main__ — KOSDAQ: 1822개 | 섹터정보 1751개
2026-08-21 10:04:07,614 [INFO] __main__ — 전체: 2764개
2026-08-21 10:04:10,088 [INFO] __main__ — KIS 토큰 발급 완료
2026-08-21 10:09:59,348 [INFO] __main__ — DART corp_code 매핑: 859/882개 (97%)
2026-08-21 10:09:59,348 [INFO] __main__ — 유효 유니버스: 882개
2026-08-21 10:09:59,354 [INFO] __main__ —   → 882개
2026-08-21 10:09:59,354 [INFO] __main__ — ▶ Step 1: 신호 탐지
2026-08-21 10:09:59,354 [INFO] __main__ — NaverClient: 3개 키 로드 (DataLab·검색 독립 회전)
2026-08-21 10:09:59,354 [INFO] __main__ — 관심 지수 및 부정 뉴스 비율 조회 중...
2026-08-21 10:10:02,045 [INFO] __main__ — 봇 주가요약 제외 [흥아해운]: 1건
2026-08-21 10:10:03,033 [INFO] __main__ — 봇 주가요약 제외 [다날]: 2건
2026-08-21 10:10:03,309 [INFO] __main__ — 봇 주가요약 제외 [PS일렉트로닉스]: 3건
2026-08-21 10:10:05,238 [INFO] __main__ — 봇 주가요약 제외 [우리기술투자]: 1건
2026-08-21 10:10:05,474 [INFO] __main__ — 봇 주가요약 제외 [KBI메탈]: 2건
2026-08-21 10:10:05,478 [INFO] __main__ — 봇 주가요약 제외 [코오롱티슈진]: 1건
2026-08-21 10:10:06,524 [INFO] __main__ — 봇 주가요약 제외 [후성]: 2건
2026-08-21 10:10:07,528 [INFO] __main__ — 봇 주가요약 제외 [HPSP]: 1건
2026-08-21 10:10:07,664 [INFO] __main__ — 봇 주가요약 제외 [대한광통신]: 5건
2026-08-21 10:10:07,677 [INFO] __main__ — 봇 주가요약 제외 [SK이터닉스]: 1건
2026-08-21 10:10:08,670 [INFO] __main__ — 봇 주가요약 제외 [대원전선]: 7건
2026-08-21 10:10:10,820 [INFO] __main__ — 봇 주가요약 제외 [현대무벡스]: 1건
2026-08-21 10:10:10,844 [INFO] __main__ — 봇 주가요약 제외 [갤럭시아머니트리]: 2건
2026-08-21 10:10:11,826 [INFO] __main__ — 봇 주가요약 제외 [하나마이크론]: 3건
2026-08-21 10:10:12,843 [INFO] __main__ — 봇 주가요약 제외 [빛과전자]: 3건
2026-08-21 10:10:12,879 [INFO] __main__ — 봇 주가요약 제외 [파미셀]: 1건
2026-08-21 10:10:15,961 [INFO] __main__ — 봇 주가요약 제외 [남해화학]: 1건
2026-08-21 10:10:16,914 [INFO] __main__ — 봇 주가요약 제외 [제주반도체]: 4건
2026-08-21 10:10:17,933 [INFO] __main__ — 봇 주가요약 제외 [코스모로보틱스]: 1건
2026-08-21 10:10:18,004 [INFO] __main__ — 봇 주가요약 제외 [우리기술]: 1건
2026-08-21 10:10:18,927 [INFO] __main__ — 봇 주가요약 제외 [SFA반도체]: 1건
2026-08-21 10:10:21,957 [INFO] __main__ — 봇 주가요약 제외 [보성파워텍]: 1건
2026-08-21 10:10:22,976 [INFO] __main__ — 봇 주가요약 제외 [삼성E&A]: 1건
2026-08-21 10:10:23,996 [INFO] __main__ — 봇 주가요약 제외 [대한전선]: 1건
2026-08-21 10:10:24,082 [INFO] __main__ — 봇 주가요약 제외 [서진시스템]: 1건
2026-08-21 10:10:26,087 [INFO] __main__ — 봇 주가요약 제외 [LG씨엔에스]: 3건
2026-08-21 10:10:29,044 [INFO] __main__ — 봇 주가요약 제외 [휴림로봇]: 2건
2026-08-21 10:10:30,109 [INFO] __main__ — 봇 주가요약 제외 [두산퓨얼셀]: 3건
2026-08-21 10:10:31,117 [INFO] __main__ — 봇 주가요약 제외 [이수페타시스]: 3건
2026-08-21 10:10:32,155 [INFO] __main__ — 봇 주가요약 제외 [심텍]: 1건
2026-08-21 10:10:32,159 [INFO] __main__ — 봇 주가요약 제외 [클로봇]: 1건
2026-08-21 10:10:35,123 [INFO] __main__ — 봇 주가요약 제외 [지엔씨에너지]: 1건
2026-08-21 10:10:35,209 [INFO] __main__ — 봇 주가요약 제외 [CJ CGV]: 1건
2026-08-21 10:10:36,221 [INFO] __main__ — 뉴스 시점 제외 [서부T&D]: 3건 (>14일/파싱실패)
2026-08-21 10:10:37,243 [INFO] __main__ — 봇 주가요약 제외 [대덕전자]: 1건
2026-08-21 10:10:40,174 [INFO] __main__ — 뉴스 시점 제외 [대원강업]: 9건 (>14일/파싱실패)
2026-08-21 10:10:41,165 [INFO] __main__ — 봇 주가요약 제외 [스피어]: 1건
2026-08-21 10:10:41,324 [INFO] __main__ — 봇 주가요약 제외 [티엘비]: 1건
2026-08-21 10:10:42,400 [INFO] __main__ — 봇 주가요약 제외 [오킨스전자]: 1건
2026-08-21 10:10:47,418 [INFO] __main__ — 봇 주가요약 제외 [SK오션플랜트]: 1건
2026-08-21 10:10:48,181 [INFO] __main__ — 봇 주가요약 제외 [이노스페이스]: 1건
2026-08-21 10:10:49,388 [INFO] __main__ — 봇 주가요약 제외 [와이씨]: 1건
2026-08-21 10:10:50,450 [INFO] __main__ — 봇 주가요약 제외 [한미반도체]: 1건
2026-08-21 10:10:51,207 [INFO] __main__ — 봇 주가요약 제외 [NHN KCP]: 1건
2026-08-21 10:10:55,335 [INFO] __main__ — 봇 주가요약 제외 [테크윙]: 3건
2026-08-21 10:10:57,402 [INFO] __main__ — 봇 주가요약 제외 [비에이치아이]: 1건
2026-08-21 10:10:59,384 [INFO] __main__ — 봇 주가요약 제외 [코리아써키트]: 2건
2026-08-21 10:10:59,442 [INFO] __main__ — 뉴스 시점 제외 [ESR켄달스퀘어리츠]: 11건 (>14일/파싱실패)
2026-08-21 10:11:00,656 [INFO] __main__ — 봇 주가요약 제외 [브이엠]: 1건
2026-08-21 10:11:02,690 [INFO] __main__ — 봇 주가요약 제외 [인텍플러스]: 2건
2026-08-21 10:11:03,836 [INFO] __main__ — 봇 주가요약 제외 [셀바스AI]: 1건
2026-08-21 10:11:04,065 [INFO] __main__ — 봇 주가요약 제외 [동진쎄미켐]: 1건
2026-08-21 10:11:05,131 [INFO] __main__ — 봇 주가요약 제외 [두산로보틱스]: 1건
2026-08-21 10:11:08,984 [INFO] __main__ — 봇 주가요약 제외 [지아이이노베이션]: 2건
2026-08-21 10:11:14,631 [INFO] __main__ — 뉴스 시점 제외 [티엑스알로보틱스]: 4건 (>14일/파싱실패)
2026-08-21 10:11:20,369 [INFO] __main__ — 봇 주가요약 제외 [엑시콘]: 2건
2026-08-21 10:11:21,036 [INFO] __main__ — 뉴스 시점 제외 [바이오플러스]: 6건 (>14일/파싱실패)
2026-08-21 10:11:22,378 [INFO] __main__ — 봇 주가요약 제외 [한국카본]: 2건
2026-08-21 10:11:23,385 [INFO] __main__ — 봇 주가요약 제외 [일진전기]: 2건
2026-08-21 10:11:24,038 [INFO] __main__ — 봇 주가요약 제외 [한올바이오파마]: 1건
2026-08-21 10:11:37,241 [INFO] __main__ — 봇 주가요약 제외 [OCI홀딩스]: 1건
2026-08-21 10:11:38,555 [INFO] __main__ — 봇 주가요약 제외 [원익QnC]: 1건
2026-08-21 10:11:40,598 [INFO] __main__ — 뉴스 시점 제외 [넥스틸]: 5건 (>14일/파싱실패)
2026-08-21 10:11:40,598 [INFO] __main__ — 봇 주가요약 제외 [넥스틸]: 1건
2026-08-21 10:11:43,634 [INFO] __main__ — 봇 주가요약 제외 [산일전기]: 1건
2026-08-21 10:11:46,401 [INFO] __main__ — 뉴스 시점 제외 [KB스타리츠]: 12건 (>14일/파싱실패)
2026-08-21 10:11:47,422 [INFO] __main__ — 뉴스 시점 제외 [휴스틸]: 9건 (>14일/파싱실패)
2026-08-21 10:11:49,666 [INFO] __main__ — 봇 주가요약 제외 [POSCO홀딩스]: 1건
2026-08-21 10:11:51,449 [INFO] __main__ — 뉴스 시점 제외 [YG PLUS]: 9건 (>14일/파싱실패)
2026-08-21 10:11:52,515 [INFO] __main__ — 봇 주가요약 제외 [삼성에스디에스]: 1건
2026-08-21 10:11:54,520 [INFO] __main__ — 봇 주가요약 제외 [ISC]: 1건
2026-08-21 10:11:56,683 [INFO] __main__ — 봇 주가요약 제외 [피에스케이홀딩스]: 1건
2026-08-21 10:11:57,701 [INFO] __main__ — 봇 주가요약 제외 [위메이드]: 1건
2026-08-21 10:12:00,537 [INFO] __main__ — 뉴스 시점 제외 [미래에셋증권2우B]: 14건 (>14일/파싱실패)
2026-08-21 10:12:01,696 [INFO] __main__ — 봇 주가요약 제외 [에스앤에스텍]: 1건
2026-08-21 10:12:02,700 [INFO] __main__ — 뉴스 시점 제외 [KH바텍]: 1건 (>14일/파싱실패)
2026-08-21 10:12:02,701 [INFO] __main__ — 봇 주가요약 제외 [하이브]: 1건
2026-08-21 10:12:03,716 [INFO] __main__ — 봇 주가요약 제외 [유바이오로직스]: 2건
2026-08-21 10:12:08,290 [INFO] __main__ — 뉴스 시점 제외 [이지홀딩스]: 7건 (>14일/파싱실패)
2026-08-21 10:12:10,156 [INFO] __main__ — 뉴스 시점 제외 [제이에스링크]: 3건 (>14일/파싱실패)
2026-08-21 10:12:12,186 [INFO] __main__ — 뉴스 시점 제외 [동성화인텍]: 7건 (>14일/파싱실패)
2026-08-21 10:12:12,186 [INFO] __main__ — 봇 주가요약 제외 [로킷헬스케어]: 1건
2026-08-21 10:12:19,933 [INFO] __main__ — 뉴스 시점 제외 [송원산업]: 6건 (>14일/파싱실패)
2026-08-21 10:12:21,730 [INFO] __main__ — 봇 주가요약 제외 [티에스이]: 1건
2026-08-21 10:12:21,776 [INFO] __main__ — 봇 주가요약 제외 [오스코텍]: 1건
2026-08-21 10:12:26,793 [INFO] __main__ — 봇 주가요약 제외 [달바글로벌]: 3건
2026-08-21 10:12:30,102 [INFO] __main__ — 봇 주가요약 제외 [파마리서치]: 2건
2026-08-21 10:12:35,159 [INFO] __main__ — 뉴스 시점 제외 [이지바이오]: 9건 (>14일/파싱실패)
2026-08-21 10:12:39,171 [INFO] __main__ — 봇 주가요약 제외 [SFA]: 1건
2026-08-21 10:12:41,213 [INFO] __main__ — 뉴스 시점 제외 [맵스리얼티]: 15건 (>14일/파싱실패)
2026-08-21 10:12:43,218 [INFO] __main__ — 봇 주가요약 제외 [펩트론]: 1건
2026-08-21 10:12:48,005 [INFO] __main__ — 뉴스 시점 제외 [에이디테크놀로지]: 3건 (>14일/파싱실패)
2026-08-21 10:12:51,297 [INFO] __main__ — 봇 주가요약 제외 [보로노이]: 2건
2026-08-21 10:12:53,159 [INFO] __main__ — 부정 키워드 감지: 20개 종목 (neg_ratio > 0)
2026-08-21 10:12:53,161 [INFO] __main__ — 수급일수충족·합계음수 제외: 67개
2026-08-21 10:12:54,771 [INFO] __main__ — 봇 주가요약 제외 [가온전선]: 1건
2026-08-21 10:12:57,042 [INFO] __main__ — 뉴스 시점 제외 [두산우]: 15건 (>14일/파싱실패)
2026-08-21 10:12:57,062 [INFO] __main__ — 뉴스 시점 제외 [KB발해인프라]: 15건 (>14일/파싱실패)
2026-08-21 10:12:57,605 [INFO] __main__ — 뉴스 시점 제외 [LG전자우]: 12건 (>14일/파싱실패)
2026-08-21 10:12:58,191 [INFO] __main__ — 뉴스 시점 제외 [쿠쿠홀딩스]: 6건 (>14일/파싱실패)
2026-08-21 10:12:58,753 [INFO] __main__ — 봇 주가요약 제외 [해성디에스]: 1건
2026-08-21 10:12:59,290 [INFO] __main__ — 뉴스 시점 제외 [LG화학우]: 14건 (>14일/파싱실패)
2026-08-21 10:12:59,316 [INFO] __main__ — 뉴스 시점 제외 [GS피앤엘]: 8건 (>14일/파싱실패)
2026-08-21 10:12:59,911 [INFO] __main__ — 봇 주가요약 제외 [OCI]: 1건
2026-08-21 10:13:00,126 [INFO] __main__ — 뉴스 시점 제외 [한국쉘석유]: 12건 (>14일/파싱실패)
2026-08-21 10:13:01,015 [INFO] __main__ — 뉴스 시점 제외 [한일홀딩스]: 12건 (>14일/파싱실패)
2026-08-21 10:13:01,577 [INFO] __main__ — 뉴스 시점 제외 [아모레퍼시픽우]: 15건 (>14일/파싱실패)
2026-08-21 10:13:02,707 [INFO] __main__ — 뉴스 시점 제외 [KPX홀딩스]: 11건 (>14일/파싱실패)
2026-08-21 10:13:02,727 [INFO] __main__ — 뉴스 시점 제외 [KISCO홀딩스]: 2건 (>14일/파싱실패)
2026-08-21 10:13:03,333 [INFO] __main__ — 뉴스 시점 제외 [삼성물산우B]: 14건 (>14일/파싱실패)
2026-08-21 10:13:03,558 [INFO] __main__ — 뉴스 시점 제외 [코스모화학]: 2건 (>14일/파싱실패)
2026-08-21 10:13:03,892 [INFO] __main__ — 뉴스 시점 제외 [현대코퍼레이션]: 3건 (>14일/파싱실패)
2026-08-21 10:13:05,256 [INFO] __main__ — 뉴스 시점 제외 [두산2우B]: 15건 (>14일/파싱실패)
2026-08-21 10:13:05,511 [INFO] __main__ — 뉴스 시점 제외 [S-Oil우]: 15건 (>14일/파싱실패)
2026-08-21 10:13:05,812 [INFO] __main__ — 봇 주가요약 제외 [서흥]: 1건
2026-08-21 10:13:06,210 [INFO] __main__ — 뉴스 시점 제외 [미원화학]: 13건 (>14일/파싱실패)
2026-08-21 10:13:06,372 [INFO] __main__ — 뉴스 시점 제외 [신한서부티엔디리츠]: 12건 (>14일/파싱실패)
2026-08-21 10:13:06,938 [INFO] __main__ — 뉴스 시점 제외 [노루홀딩스]: 12건 (>14일/파싱실패)
2026-08-21 10:13:07,508 [INFO] __main__ — 뉴스 시점 제외 [SK우]: 13건 (>14일/파싱실패)
2026-08-21 10:13:13,144 [INFO] __main__ — 뉴스 시점 제외 [세보엠이씨]: 10건 (>14일/파싱실패)
2026-08-21 10:13:13,561 [INFO] __main__ — 뉴스 시점 제외 [피에이치에이]: 10건 (>14일/파싱실패)
2026-08-21 10:13:13,855 [INFO] __main__ — 뉴스 시점 제외 [필에너지]: 9건 (>14일/파싱실패)
2026-08-21 10:13:14,674 [INFO] __main__ — 뉴스 시점 제외 [우주일렉트로]: 9건 (>14일/파싱실패)
2026-08-21 10:13:14,776 [INFO] __main__ — POOL_A 후보 부정뉴스 2차 조회: 110개
2026-08-21 10:13:14,778 [INFO] __main__ — POOL_A: 572개 (A:125 B:292 동시:155) | 부정게이트 제외:3
  대형:95 중형:252 소형:225
2026-08-21 10:13:14,791 [INFO] __main__ — 대조군 표본(무신호): 40개 / 모집단 310개 → pool_history
2026-08-21 10:13:14,793 [INFO] __main__ —   → POOL_A: 572개
2026-08-21 10:13:14,793 [INFO] __main__ — ▶ Step 2: 하드 필터링
2026-08-21 10:13:14,794 [INFO] __main__ — 하드 필터 제거: 554개 | 과열배제 34 | 이격도상한 30 | 이격도하한 52 | MA추세 366 | RSI과열 4 | 거래대금 68
2026-08-21 10:13:14,795 [INFO] __main__ — 과열 gated 기록: 34개 → gated_tickers
2026-08-21 10:13:14,799 [INFO] __main__ — 대조군 표본(필터탈락): 188개 / 모집단 554개 → pool_history
2026-08-21 10:13:14,799 [INFO] __main__ — POOL_B: 18개 | 대형:1 중형:11 소형:6
2026-08-21 10:13:14,800 [INFO] __main__ —   → POOL_B: 18개
2026-08-21 10:13:14,800 [INFO] __main__ — ▶ Step 3: 스코어링 (FinBERT 감성 분석)
2026-08-21 10:13:14,800 [INFO] __main__ — NaverClient: 3개 키 로드 (DataLab·검색 독립 회전)
2026-08-21 10:13:14,800 [INFO] __main__ — 텍스트 신규 수집: 12종목 (캐시 적중 6종목)
2026-08-21 10:13:15,286 [INFO] __main__ — 봇 주가요약 제외 [대원전선]: 10건
2026-08-21 10:13:15,289 [INFO] __main__ — 봇 주가요약 제외 [삼성전기]: 1건
2026-08-21 10:13:15,290 [INFO] __main__ — 봇 주가요약 제외 [SK이터닉스]: 7건
2026-08-21 10:13:19,338 [INFO] __main__ — 봇 주가요약 제외 [파마리서치]: 2건
2026-08-21 10:13:19,412 [INFO] __main__ — 봇 주가요약 제외 [심텍]: 2건
2026-08-21 10:13:22,594 [INFO] __main__ — 봇 주가요약 제외 [피에스케이]: 1건
2026-08-21 10:13:22,899 [INFO] __main__ — 봇 주가요약 제외 [티에스이]: 1건
2026-08-21 10:13:26,261 [INFO] __main__ — 봇 주가요약 제외 [지엔씨에너지]: 1건
2026-08-21 10:13:26,782 [INFO] __main__ — 봇 주가요약 제외 [KBI메탈]: 2건
2026-08-21 10:13:30,229 [INFO] __main__ — 기사 보존(수집): 152건 (18종목) → news_articles
2026-08-21 10:13:30,232 [INFO] __main__ — 공시 보존(수집): 63건 (18종목) → dart_filings
2026-08-21 10:13:30,233 [INFO] __main__ — 수집 완료: 뉴스 226건 | 공시 75건
2026-08-21 10:13:30,233 [INFO] __main__ — FinBERT 감성 분석 (finbert 모드)...
2026-08-21 10:13:30,233 [INFO] __main__ — FinBERT 로딩: snunlp/KR-FinBert-SC (CPU, batch=8)
2026-08-21 10:13:30,327 [INFO] httpx — HTTP Request: GET https://huggingface.co/api/agent-harnesses "HTTP/1.1 200 OK"
2026-08-21 10:13:30,406 [INFO] httpx — HTTP Request: HEAD https://huggingface.co/snunlp/KR-FinBert-SC/resolve/main/config.json "HTTP/1.1 307 Temporary Redirect"
2026-08-21 10:13:30,406 [WARNING] huggingface_hub.utils._http — Warning: You are sending unauthenticated requests to the HF Hub. Please set a HF_TOKEN to enable higher rate limits and faster downloads.
2026-08-21 10:13:30,412 [INFO] httpx — HTTP Request: HEAD https://huggingface.co/api/resolve-cache/models/snunlp/KR-FinBert-SC/f8586286cc3161fb648e9fee09a456069fd846d0/config.json "HTTP/1.1 200 OK"
2026-08-21 10:13:30,505 [INFO] httpx — HTTP Request: HEAD https://huggingface.co/snunlp/KR-FinBert-SC/resolve/main/model.safetensors "HTTP/1.1 404 Not Found"
2026-08-21 10:13:30,581 [INFO] httpx — HTTP Request: GET https://huggingface.co/api/models/snunlp/KR-FinBert-SC "HTTP/1.1 200 OK"
2026-08-21 10:13:30,673 [INFO] httpx — HTTP Request: GET https://huggingface.co/api/models/snunlp/KR-FinBert-SC/commits/main "HTTP/1.1 200 OK"
2026-08-21 10:13:30,686 [INFO] httpx — HTTP Request: GET https://huggingface.co/api/models/snunlp/KR-FinBert-SC/tree/main/additional_chat_templates?recursive=false&expand=false "HTTP/1.1 404 Not Found"
2026-08-21 10:13:30,760 [INFO] httpx — HTTP Request: GET https://huggingface.co/api/models/snunlp/KR-FinBert-SC/discussions?p=0 "HTTP/1.1 200 OK"
2026-08-21 10:13:30,765 [INFO] httpx — HTTP Request: GET https://huggingface.co/api/models/snunlp/KR-FinBert-SC/tree/main?recursive=true&expand=false "HTTP/1.1 200 OK"
2026-08-21 10:13:30,849 [INFO] httpx — HTTP Request: GET https://huggingface.co/api/models/snunlp/KR-FinBert-SC/commits/refs%2Fpr%2F3 "HTTP/1.1 200 OK"
2026-08-21 10:13:30,860 [INFO] httpx — HTTP Request: HEAD https://huggingface.co/snunlp/KR-FinBert-SC/resolve/main/processor_config.json "HTTP/1.1 404 Not Found"
2026-08-21 10:13:30,925 [INFO] httpx — HTTP Request: HEAD https://huggingface.co/snunlp/KR-FinBert-SC/resolve/refs%2Fpr%2F3/model.safetensors.index.json "HTTP/1.1 404 Not Found"
2026-08-21 10:13:30,939 [INFO] httpx — HTTP Request: HEAD https://huggingface.co/snunlp/KR-FinBert-SC/resolve/main/video_preprocessor_config.json "HTTP/1.1 404 Not Found"
2026-08-21 10:13:31,003 [INFO] httpx — HTTP Request: HEAD https://huggingface.co/snunlp/KR-FinBert-SC/resolve/refs%2Fpr%2F3/model.safetensors "HTTP/1.1 302 Found"
2026-08-21 10:13:31,017 [INFO] httpx — HTTP Request: HEAD https://huggingface.co/snunlp/KR-FinBert-SC/resolve/main/preprocessor_config.json "HTTP/1.1 404 Not Found"
2026-08-21 10:13:31,018 [INFO] __main__ — FinBERT 로드 완료 (CPU)
2026-08-21 10:13:37,567 [INFO] __main__ — Phase A.1: 매핑 신뢰도 < 0.5 → 감성 점수 폐기 12건
2026-08-21 10:13:37,567 [INFO] __main__ — 스코어링: 18개 | 집중:0 | FinBERT:finbert
2026-08-21 10:13:37,581 [INFO] __main__ —   → 18개
2026-08-21 10:13:37,581 [INFO] __main__ — ▶ Step 4: 발송
2026-08-21 10:13:41,327 [INFO] __main__ — DB 기록: 10개 / 전체 to_send 10개
2026-08-21 10:13:41,327 [INFO] __main__ — 발송: 10종목 | 누적 4~10회 2 | 신규 0
2026-08-21 10:13:41,327 [INFO] __main__ — 완료  |  소요: 575.9초
2026-08-21 10:13:42,505 [INFO] track_outcomes — pool_history 대조군 2533건 추적 대상 포함
2026-08-21 10:13:42,525 [INFO] track_outcomes — 고아 행 91건 복원 (targets에서 탈락한 미완 키)
2026-08-21 10:13:42,525 [INFO] track_outcomes — 대상 9941건 | 갱신 필요 6361건 | 완료 스킵 3671건
2026-08-21 10:13:42,526 [INFO] track_outcomes —   가격 조회 고유 종목 1600개 (기존 967 + 대조군 추가 633)
2026-08-21 10:36:35,980 [INFO] track_outcomes — outcomes 적재: 신규 213건 | 갱신(신규+보완) 2125건
