2026-06-15 15:31:18,944 [INFO] __main__ — config 검증 완료 ✓
2026-06-15 15:31:18,945 [INFO] __main__ — ============================================================
2026-06-15 15:31:18,945 [INFO] __main__ — AlphaRadar v3.3.1  |  기준일: 20260615
2026-06-15 15:31:18,945 [INFO] __main__ — S = T×0.3 + S_text×0.4 + D×0.3
2026-06-15 15:31:18,945 [INFO] __main__ — ============================================================
2026-06-15 15:31:18,945 [INFO] __main__ — ▶ Step 0: 유니버스 필터링
2026-06-15 15:31:19,108 [INFO] __main__ — FDR 데이터 수집: 20251210 ~ 20260615
2026-06-15 15:31:20,385 [INFO] __main__ — KOSPI: 946개 | 섹터정보 836개 (DART +836개 보완)
2026-06-15 15:31:20,386 [INFO] __main__ — KOSDAQ: 1822개 | 섹터정보 1822개
2026-06-15 15:31:20,386 [INFO] __main__ — 전체: 2768개
2026-06-15 15:31:22,694 [INFO] __main__ — KIS 토큰 발급 완료
2026-06-15 15:47:13,439 [INFO] __main__ — DART corp_code 매핑: 2227/2281개 (97%)
2026-06-15 15:47:13,440 [INFO] __main__ — 유효 유니버스: 2281개
2026-06-15 15:47:13,451 [INFO] __main__ —   → 2281개
2026-06-15 15:47:13,451 [INFO] __main__ — ▶ Step 1: 신호 탐지
2026-06-15 15:47:13,451 [INFO] __main__ — NaverClient: 3개 키 로드 (DataLab·검색 독립 회전)
2026-06-15 15:47:13,452 [INFO] __main__ — 관심 지수 및 부정 뉴스 비율 조회 중...
2026-06-15 15:51:13,627 [INFO] __main__ — 부정 키워드 감지: 16개 종목 (neg_ratio > 0)
2026-06-15 15:51:13,634 [INFO] __main__ — POOL_A: 921개 (A:905 B:6 동시:10)
  대형:68 중형:221 소형:632
2026-06-15 15:51:13,639 [INFO] __main__ —   → POOL_A: 921개
2026-06-15 15:51:13,639 [INFO] __main__ — ▶ Step 2: 하드 필터링
2026-06-15 15:51:13,641 [INFO] __main__ — 하드 필터 제거: 881개 | 이격도상한 53 | 이격도하한 223 | MA추세 480 | RSI과열 1 | 거래대금 124
2026-06-15 15:51:13,641 [INFO] __main__ — POOL_B: 40개 | 대형:5 중형:21 소형:14
2026-06-15 15:51:13,641 [INFO] __main__ —   → POOL_B: 40개
2026-06-15 15:51:13,641 [INFO] __main__ — ▶ Step 3: 스코어링 (FinBERT 감성 분석)
2026-06-15 15:51:13,641 [INFO] __main__ — NaverClient: 3개 키 로드 (DataLab·검색 독립 회전)
2026-06-15 15:51:13,642 [INFO] __main__ — 텍스트 신규 수집: 40종목 (캐시 적중 0종목)
2026-06-15 15:52:17,397 [INFO] __main__ — 수집 완료: 뉴스 363건 | 공시 354건
2026-06-15 15:52:17,398 [INFO] __main__ — FinBERT 감성 분석 (finbert 모드)...
2026-06-15 15:52:17,398 [INFO] __main__ — FinBERT 로딩: snunlp/KR-FinBert-SC (CPU, batch=8)
2026-06-15 15:52:17,446 [INFO] httpx — HTTP Request: GET https://huggingface.co/api/agent-harnesses "HTTP/1.1 200 OK"
2026-06-15 15:52:17,467 [INFO] httpx — HTTP Request: HEAD https://huggingface.co/snunlp/KR-FinBert-SC/resolve/main/config.json "HTTP/1.1 307 Temporary Redirect"
2026-06-15 15:52:17,467 [WARNING] huggingface_hub.utils._http — Warning: You are sending unauthenticated requests to the HF Hub. Please set a HF_TOKEN to enable higher rate limits and faster downloads.
2026-06-15 15:52:17,474 [INFO] httpx — HTTP Request: HEAD https://huggingface.co/api/resolve-cache/models/snunlp/KR-FinBert-SC/f8586286cc3161fb648e9fee09a456069fd846d0/config.json "HTTP/1.1 200 OK"
2026-06-15 15:52:17,512 [INFO] httpx — HTTP Request: HEAD https://huggingface.co/snunlp/KR-FinBert-SC/resolve/main/model.safetensors "HTTP/1.1 404 Not Found"
2026-06-15 15:52:17,539 [INFO] httpx — HTTP Request: GET https://huggingface.co/api/models/snunlp/KR-FinBert-SC "HTTP/1.1 200 OK"
2026-06-15 15:52:17,592 [INFO] httpx — HTTP Request: GET https://huggingface.co/api/models/snunlp/KR-FinBert-SC/commits/main "HTTP/1.1 200 OK"
2026-06-15 15:52:17,632 [INFO] httpx — HTTP Request: GET https://huggingface.co/api/models/snunlp/KR-FinBert-SC/discussions?p=0 "HTTP/1.1 200 OK"
2026-06-15 15:52:17,661 [INFO] httpx — HTTP Request: GET https://huggingface.co/api/models/snunlp/KR-FinBert-SC/commits/refs%2Fpr%2F3 "HTTP/1.1 200 OK"
2026-06-15 15:52:17,682 [INFO] httpx — HTTP Request: HEAD https://huggingface.co/snunlp/KR-FinBert-SC/resolve/refs%2Fpr%2F3/model.safetensors.index.json "HTTP/1.1 404 Not Found"
2026-06-15 15:52:17,696 [INFO] httpx — HTTP Request: GET https://huggingface.co/api/models/snunlp/KR-FinBert-SC/tree/main/additional_chat_templates?recursive=false&expand=false "HTTP/1.1 404 Not Found"
2026-06-15 15:52:17,706 [INFO] httpx — HTTP Request: HEAD https://huggingface.co/snunlp/KR-FinBert-SC/resolve/refs%2Fpr%2F3/model.safetensors "HTTP/1.1 302 Found"
2026-06-15 15:52:17,717 [INFO] httpx — HTTP Request: GET https://huggingface.co/api/models/snunlp/KR-FinBert-SC/tree/main?recursive=true&expand=false "HTTP/1.1 200 OK"
2026-06-15 15:52:17,761 [INFO] httpx — HTTP Request: HEAD https://huggingface.co/snunlp/KR-FinBert-SC/resolve/main/processor_config.json "HTTP/1.1 404 Not Found"
2026-06-15 15:52:17,782 [INFO] httpx — HTTP Request: HEAD https://huggingface.co/snunlp/KR-FinBert-SC/resolve/main/video_preprocessor_config.json "HTTP/1.1 404 Not Found"
2026-06-15 15:52:17,803 [INFO] httpx — HTTP Request: HEAD https://huggingface.co/snunlp/KR-FinBert-SC/resolve/main/preprocessor_config.json "HTTP/1.1 404 Not Found"
2026-06-15 15:52:17,804 [INFO] __main__ — FinBERT 로드 완료 (CPU)
2026-06-15 15:52:42,746 [INFO] __main__ — Phase A.1: 매핑 신뢰도 < 0.5 → 감성 점수 폐기 33건
2026-06-15 15:52:42,746 [INFO] __main__ — 스코어링: 40개 | 집중:0 | FinBERT:finbert
2026-06-15 15:52:42,763 [INFO] __main__ —   → 40개
2026-06-15 15:52:42,764 [INFO] __main__ — ▶ Step 4: 발송
2026-06-15 15:52:45,958 [WARNING] __main__ — 텔레그램 발송 실패 그룹 → mark_sent skip 4개 (다음 실행 시 재발송 대상)
2026-06-15 15:52:45,958 [INFO] __main__ — DB 기록: 0개 / 전체 to_send 4개
2026-06-15 15:52:45,958 [INFO] __main__ — 발송: 집중 0 / 주시 0
2026-06-15 15:52:45,958 [INFO] __main__ — 완료  |  소요: 1287.0초
