2026-08-27 19:57:53,550 [INFO] __main__ — config 검증 완료 ✓
2026-08-27 19:57:53,550 [INFO] __main__ — KIS 조회 도메인: 실전 (https://openapi.koreainvestment.com:9443)
2026-08-27 19:57:53,550 [INFO] __main__ — ============================================================
2026-08-27 19:57:53,550 [INFO] __main__ — AlphaRadar v3.3.1  |  기준일: 20260828
2026-08-27 19:57:53,550 [INFO] __main__ — S = T×0.3 + S_text×0.4 + D×0.3
2026-08-27 19:57:53,550 [INFO] __main__ — ============================================================
2026-08-27 19:57:53,550 [INFO] __main__ — ▶ Step 0: 유니버스 필터링
2026-08-27 19:57:53,698 [INFO] __main__ — FDR 데이터 수집: 20260222 ~ 20260828
2026-08-27 19:57:56,254 [INFO] __main__ — master universe 메타: 캐시 사용 2760개 (year=2026)
2026-08-27 19:57:56,256 [INFO] __main__ — master 보강: 등급 836개 | FnGuide/KSIC 2553개 | 섹터(fg_industry) 2553개
2026-08-27 19:57:56,257 [INFO] __main__ — KOSPI: 944개 | 섹터정보 832개 (DART +829개 보완)
2026-08-27 19:57:56,258 [INFO] __main__ — KOSDAQ: 1823개 | 섹터정보 1750개
2026-08-27 19:57:56,258 [INFO] __main__ — 전체: 2767개
2026-08-27 19:57:58,909 [INFO] __main__ — KIS 토큰 발급 완료
2026-08-27 20:05:36,845 [INFO] __main__ — DART corp_code 매핑: 877/900개 (97%)
2026-08-27 20:05:36,845 [INFO] __main__ — 유효 유니버스: 900개
2026-08-27 20:05:36,853 [INFO] __main__ —   → 900개
2026-08-27 20:05:36,854 [INFO] __main__ — ▶ Step 1: 신호 탐지
2026-08-27 20:05:36,854 [INFO] __main__ — NaverClient: 3개 키 로드 (DataLab·검색 독립 회전)
2026-08-27 20:05:36,854 [INFO] __main__ — 관심 지수 및 부정 뉴스 비율 조회 중...
2026-08-27 20:05:39,082 [INFO] __main__ — 봇 주가요약 제외 [우리기술투자]: 1건
2026-08-27 20:05:40,800 [INFO] __main__ — 봇 주가요약 제외 [빛과전자]: 1건
2026-08-27 20:05:40,810 [INFO] __main__ — 봇 주가요약 제외 [금호건설]: 2건
2026-08-27 20:05:42,556 [INFO] __main__ — 봇 주가요약 제외 [더즌]: 1건
2026-08-27 20:05:46,077 [INFO] __main__ — 봇 주가요약 제외 [갤럭시아머니트리]: 1건
2026-08-27 20:05:50,000 [INFO] __main__ — 봇 주가요약 제외 [대원전선]: 2건
2026-08-27 20:05:51,044 [INFO] __main__ — 봇 주가요약 제외 [PS일렉트로닉스]: 3건
2026-08-27 20:05:52,387 [INFO] __main__ — 봇 주가요약 제외 [와이씨]: 1건
2026-08-27 20:05:54,081 [INFO] __main__ — 봇 주가요약 제외 [후성]: 2건
2026-08-27 20:05:54,083 [INFO] __main__ — 봇 주가요약 제외 [KBI메탈]: 1건
2026-08-27 20:05:58,225 [INFO] __main__ — 봇 주가요약 제외 [광전자]: 3건
2026-08-27 20:06:00,072 [INFO] __main__ — 봇 주가요약 제외 [코오롱티슈진]: 4건
2026-08-27 20:06:01,426 [INFO] __main__ — 봇 주가요약 제외 [삼성중공업]: 1건
2026-08-27 20:06:02,378 [INFO] __main__ — 봇 주가요약 제외 [삼성E&A]: 2건
2026-08-27 20:06:02,380 [INFO] __main__ — 봇 주가요약 제외 [한화솔루션]: 1건
2026-08-27 20:06:03,766 [INFO] __main__ — 봇 주가요약 제외 [페니트리움바이오]: 2건
2026-08-27 20:06:05,141 [INFO] __main__ — 봇 주가요약 제외 [아이티센글로벌]: 2건
2026-08-27 20:06:09,250 [INFO] __main__ — 봇 주가요약 제외 [하나마이크론]: 2건
2026-08-27 20:06:09,831 [INFO] __main__ — 봇 주가요약 제외 [파미셀]: 1건
2026-08-27 20:06:11,184 [INFO] __main__ — 봇 주가요약 제외 [디앤디파마텍]: 1건
2026-08-27 20:06:12,138 [INFO] __main__ — 봇 주가요약 제외 [SFA반도체]: 2건
2026-08-27 20:06:13,294 [INFO] __main__ — 봇 주가요약 제외 [서진시스템]: 1건
2026-08-27 20:06:16,013 [INFO] __main__ — 봇 주가요약 제외 [신풍제약]: 2건
2026-08-27 20:06:16,714 [INFO] __main__ — 봇 주가요약 제외 [두산퓨얼셀]: 4건
2026-08-27 20:06:20,795 [INFO] __main__ — 봇 주가요약 제외 [제주반도체]: 2건
2026-08-27 20:06:22,958 [INFO] __main__ — 봇 주가요약 제외 [한전기술]: 1건
2026-08-27 20:06:24,306 [INFO] __main__ — 뉴스 시점 제외 [티엠씨]: 3건 (>14일/파싱실패)
2026-08-27 20:06:25,656 [INFO] __main__ — 봇 주가요약 제외 [현대무벡스]: 1건
2026-08-27 20:06:31,195 [INFO] __main__ — 봇 주가요약 제외 [성호전자]: 6건
2026-08-27 20:06:33,000 [INFO] __main__ — 봇 주가요약 제외 [엘앤에프]: 1건
2026-08-27 20:06:33,758 [INFO] __main__ — 봇 주가요약 제외 [삼화콘덴서]: 4건
2026-08-27 20:06:33,908 [INFO] __main__ — 뉴스 시점 제외 [ESR켄달스퀘어리츠]: 10건 (>14일/파싱실패)
2026-08-27 20:06:34,353 [INFO] __main__ — 봇 주가요약 제외 [휴림로봇]: 4건
2026-08-27 20:06:39,251 [INFO] __main__ — 봇 주가요약 제외 [티엑스알로보틱스]: 1건
2026-08-27 20:06:44,962 [INFO] __main__ — 봇 주가요약 제외 [LG씨엔에스]: 3건
2026-08-27 20:06:49,310 [INFO] __main__ — 봇 주가요약 제외 [지엔씨에너지]: 2건
2026-08-27 20:06:50,112 [INFO] __main__ — 봇 주가요약 제외 [한화엔진]: 1건
2026-08-27 20:06:54,716 [INFO] __main__ — 봇 주가요약 제외 [엔켐]: 1건
2026-08-27 20:07:00,407 [INFO] __main__ — 봇 주가요약 제외 [한미반도체]: 1건
2026-08-27 20:07:00,769 [INFO] __main__ — 봇 주가요약 제외 [포스코엠텍]: 1건
2026-08-27 20:07:04,830 [INFO] __main__ — 뉴스 시점 제외 [GRT]: 4건 (>14일/파싱실패)
2026-08-27 20:07:08,399 [INFO] __main__ — 봇 주가요약 제외 [동진쎄미켐]: 2건
2026-08-27 20:07:14,408 [INFO] __main__ — 봇 주가요약 제외 [원익홀딩스]: 2건
2026-08-27 20:07:14,728 [INFO] __main__ — 봇 주가요약 제외 [테크윙]: 5건
2026-08-27 20:07:15,028 [INFO] __main__ — 뉴스 시점 제외 [엘브이엠씨홀딩스]: 14건 (>14일/파싱실패)
2026-08-27 20:07:16,405 [INFO] __main__ — 봇 주가요약 제외 [에스피지]: 2건
2026-08-27 20:07:18,787 [INFO] __main__ — 봇 주가요약 제외 [일진전기]: 1건
2026-08-27 20:07:21,312 [INFO] __main__ — 봇 주가요약 제외 [한화시스템]: 2건
2026-08-27 20:07:21,498 [INFO] __main__ — 봇 주가요약 제외 [에이프릴바이오]: 1건
2026-08-27 20:07:21,848 [INFO] __main__ — 봇 주가요약 제외 [코리아써키트]: 2건
2026-08-27 20:07:30,987 [INFO] __main__ — 봇 주가요약 제외 [DB하이텍]: 1건
2026-08-27 20:07:31,137 [INFO] __main__ — 뉴스 시점 제외 [에스에이엠티]: 5건 (>14일/파싱실패)
2026-08-27 20:07:37,768 [INFO] __main__ — 봇 주가요약 제외 [두산로보틱스]: 2건
2026-08-27 20:07:41,139 [INFO] __main__ — 봇 주가요약 제외 [POSCO홀딩스]: 1건
2026-08-27 20:07:42,188 [INFO] __main__ — 봇 주가요약 제외 [SNT에너지]: 2건
2026-08-27 20:07:42,492 [INFO] __main__ — 뉴스 시점 제외 [서부T&D]: 3건 (>14일/파싱실패)
2026-08-27 20:07:50,054 [INFO] __main__ — 뉴스 시점 제외 [엘티씨]: 6건 (>14일/파싱실패)
2026-08-27 20:07:53,619 [INFO] __main__ — 봇 주가요약 제외 [애경케미칼]: 2건
2026-08-27 20:07:53,623 [INFO] __main__ — 봇 주가요약 제외 [에이비엘바이오]: 1건
2026-08-27 20:07:56,243 [INFO] __main__ — 봇 주가요약 제외 [클로봇]: 2건
2026-08-27 20:07:57,609 [INFO] __main__ — 봇 주가요약 제외 [피에스케이]: 1건
2026-08-27 20:08:04,521 [INFO] __main__ — 봇 주가요약 제외 [테스]: 2건
2026-08-27 20:08:05,456 [INFO] __main__ — 봇 주가요약 제외 [네패스]: 1건
2026-08-27 20:08:08,262 [INFO] __main__ — 뉴스 시점 제외 [넥스틸]: 7건 (>14일/파싱실패)
2026-08-27 20:08:13,993 [INFO] __main__ — 뉴스 시점 제외 [휴스틸]: 7건 (>14일/파싱실패)
2026-08-27 20:08:19,485 [INFO] __main__ — 봇 주가요약 제외 [원익QnC]: 1건
2026-08-27 20:08:20,833 [INFO] __main__ — 뉴스 시점 제외 [네패스아크]: 3건 (>14일/파싱실패)
2026-08-27 20:08:23,558 [INFO] __main__ — 봇 주가요약 제외 [유진로봇]: 1건
2026-08-27 20:08:26,483 [INFO] __main__ — 봇 주가요약 제외 [강원에너지]: 1건
2026-08-27 20:08:35,827 [INFO] __main__ — 뉴스 시점 제외 [대원강업]: 10건 (>14일/파싱실패)
2026-08-27 20:08:43,237 [INFO] __main__ — 뉴스 시점 제외 [아이마켓코리아]: 12건 (>14일/파싱실패)
2026-08-27 20:08:46,664 [INFO] __main__ — 봇 주가요약 제외 [에스앤에스텍]: 1건
2026-08-27 20:08:48,311 [INFO] __main__ — 뉴스 시점 제외 [신한알파리츠]: 10건 (>14일/파싱실패)
2026-08-27 20:08:49,118 [INFO] __main__ — 뉴스 시점 제외 [KB스타리츠]: 9건 (>14일/파싱실패)
2026-08-27 20:08:49,751 [INFO] __main__ — 뉴스 시점 제외 [이지홀딩스]: 9건 (>14일/파싱실패)
2026-08-27 20:08:51,482 [INFO] __main__ — 봇 주가요약 제외 [로보티즈]: 1건
2026-08-27 20:08:52,307 [INFO] __main__ — 뉴스 시점 제외 [아세아제지]: 8건 (>14일/파싱실패)
2026-08-27 20:08:53,379 [INFO] __main__ — 뉴스 시점 제외 [KB발해인프라]: 15건 (>14일/파싱실패)
2026-08-27 20:09:00,102 [INFO] __main__ — 봇 주가요약 제외 [피에스케이홀딩스]: 1건
2026-08-27 20:09:00,714 [INFO] __main__ — 봇 주가요약 제외 [ISC]: 2건
2026-08-27 20:09:02,341 [INFO] __main__ — 봇 주가요약 제외 [디아이]: 1건
2026-08-27 20:09:03,883 [INFO] __main__ — 뉴스 시점 제외 [미래에셋증권2우B]: 14건 (>14일/파싱실패)
2026-08-27 20:09:06,118 [INFO] __main__ — 뉴스 시점 제외 [오리엔탈정공]: 11건 (>14일/파싱실패)
2026-08-27 20:09:09,047 [INFO] __main__ — 뉴스 시점 제외 [현대차2우B]: 10건 (>14일/파싱실패)
2026-08-27 20:09:11,757 [INFO] __main__ — 봇 주가요약 제외 [케이씨텍]: 1건
2026-08-27 20:09:15,598 [INFO] __main__ — 봇 주가요약 제외 [제룡전기]: 1건
2026-08-27 20:09:19,650 [INFO] __main__ — 봇 주가요약 제외 [유진테크]: 1건
2026-08-27 20:09:20,342 [INFO] __main__ — 뉴스 시점 제외 [한화리츠]: 4건 (>14일/파싱실패)
2026-08-27 20:09:21,237 [INFO] __main__ — 봇 주가요약 제외 [삼현]: 1건
2026-08-27 20:09:23,946 [INFO] __main__ — 뉴스 시점 제외 [코스모화학]: 6건 (>14일/파싱실패)
2026-08-27 20:09:25,051 [INFO] __main__ — 뉴스 시점 제외 [SIMPAC]: 11건 (>14일/파싱실패)
2026-08-27 20:09:25,287 [INFO] __main__ — 뉴스 시점 제외 [맵스리얼티]: 15건 (>14일/파싱실패)
2026-08-27 20:09:25,773 [INFO] __main__ — 뉴스 시점 제외 [한양디지텍]: 4건 (>14일/파싱실패)
2026-08-27 20:09:26,641 [INFO] __main__ — 뉴스 시점 제외 [이지스밸류플러스리츠]: 10건 (>14일/파싱실패)
2026-08-27 20:09:30,505 [INFO] __main__ — 뉴스 시점 제외 [한화3우B]: 6건 (>14일/파싱실패)
2026-08-27 20:09:32,077 [INFO] __main__ — 봇 주가요약 제외 [에스비비테크]: 1건
2026-08-27 20:09:33,210 [INFO] __main__ — 봇 주가요약 제외 [삼천당제약]: 2건
2026-08-27 20:09:35,997 [INFO] __main__ — 부정 키워드 감지: 16개 종목 (neg_ratio > 0)
2026-08-27 20:09:35,999 [INFO] __main__ — 수급일수충족·합계음수 제외: 82개
2026-08-27 20:09:38,350 [INFO] __main__ — 뉴스 시점 제외 [현대차우]: 10건 (>14일/파싱실패)
2026-08-27 20:09:42,114 [INFO] __main__ — 뉴스 시점 제외 [두산우]: 15건 (>14일/파싱실패)
2026-08-27 20:09:43,603 [INFO] __main__ — 뉴스 시점 제외 [삼성전기우]: 4건 (>14일/파싱실패)
2026-08-27 20:09:43,603 [INFO] __main__ — 봇 주가요약 제외 [삼성전기우]: 1건
2026-08-27 20:09:45,064 [INFO] __main__ — 뉴스 시점 제외 [삼성화재우]: 14건 (>14일/파싱실패)
2026-08-27 20:09:45,147 [INFO] __main__ — 뉴스 시점 제외 [LG전자우]: 15건 (>14일/파싱실패)
2026-08-27 20:09:46,531 [INFO] __main__ — 뉴스 시점 제외 [쿠쿠홀딩스]: 10건 (>14일/파싱실패)
2026-08-27 20:09:47,483 [INFO] __main__ — 뉴스 시점 제외 [GS피앤엘]: 12건 (>14일/파싱실패)
2026-08-27 20:09:50,450 [INFO] __main__ — 뉴스 시점 제외 [한일홀딩스]: 10건 (>14일/파싱실패)
2026-08-27 20:09:51,390 [INFO] __main__ — 뉴스 시점 제외 [CJ4우(전환)]: 15건 (>14일/파싱실패)
2026-08-27 20:09:54,644 [INFO] __main__ — 뉴스 시점 제외 [KPX홀딩스]: 10건 (>14일/파싱실패)
2026-08-27 20:09:55,395 [INFO] __main__ — 뉴스 시점 제외 [조광피혁]: 11건 (>14일/파싱실패)
2026-08-27 20:09:56,132 [INFO] __main__ — 뉴스 시점 제외 [신대양제지]: 13건 (>14일/파싱실패)
2026-08-27 20:09:56,338 [INFO] __main__ — 뉴스 시점 제외 [율촌화학]: 7건 (>14일/파싱실패)
2026-08-27 20:09:57,286 [INFO] __main__ — 뉴스 시점 제외 [일진하이솔루스]: 8건 (>14일/파싱실패)
2026-08-27 20:09:59,504 [INFO] __main__ — 뉴스 시점 제외 [삼성물산우B]: 15건 (>14일/파싱실패)
2026-08-27 20:10:00,460 [INFO] __main__ — 뉴스 시점 제외 [두산2우B]: 15건 (>14일/파싱실패)
2026-08-27 20:10:01,211 [INFO] __main__ — 뉴스 시점 제외 [TCC스틸]: 6건 (>14일/파싱실패)
2026-08-27 20:10:02,881 [INFO] __main__ — 뉴스 시점 제외 [송원산업]: 12건 (>14일/파싱실패)
2026-08-27 20:10:05,802 [INFO] __main__ — 뉴스 시점 제외 [노루홀딩스]: 13건 (>14일/파싱실패)
2026-08-27 20:10:06,539 [INFO] __main__ — 뉴스 시점 제외 [천일고속]: 14건 (>14일/파싱실패)
2026-08-27 20:10:06,789 [INFO] __main__ — 뉴스 시점 제외 [한농화성]: 6건 (>14일/파싱실패)
2026-08-27 20:10:07,530 [INFO] __main__ — 뉴스 시점 제외 [LG우]: 15건 (>14일/파싱실패)
2026-08-27 20:10:08,274 [INFO] __main__ — 뉴스 시점 제외 [모토닉]: 13건 (>14일/파싱실패)
2026-08-27 20:10:08,765 [INFO] __main__ — 봇 주가요약 제외 [솔브레인]: 1건
2026-08-27 20:10:09,515 [INFO] __main__ — 봇 주가요약 제외 [유일로보틱스]: 1건
2026-08-27 20:10:09,770 [INFO] __main__ — 봇 주가요약 제외 [로보스타]: 1건
2026-08-27 20:10:10,703 [INFO] __main__ — 봇 주가요약 제외 [하이젠알앤엠]: 1건
2026-08-27 20:10:16,058 [INFO] __main__ — 뉴스 시점 제외 [티로보틱스]: 4건 (>14일/파싱실패)
2026-08-27 20:10:16,058 [INFO] __main__ — 봇 주가요약 제외 [티로보틱스]: 1건
2026-08-27 20:10:16,392 [INFO] __main__ — 뉴스 시점 제외 [진성티이씨]: 6건 (>14일/파싱실패)
2026-08-27 20:10:16,794 [INFO] __main__ — 뉴스 시점 제외 [한국알콜]: 8건 (>14일/파싱실패)
2026-08-27 20:10:17,876 [INFO] __main__ — 봇 주가요약 제외 [오픈엣지테크놀로지]: 1건
2026-08-27 20:10:19,194 [INFO] __main__ — 뉴스 시점 제외 [필에너지]: 10건 (>14일/파싱실패)
2026-08-27 20:10:20,097 [INFO] __main__ — 뉴스 시점 제외 [서호전기]: 14건 (>14일/파싱실패)
2026-08-27 20:10:20,099 [INFO] __main__ — 봇 주가요약 제외 [칩스앤미디어]: 1건
2026-08-27 20:10:21,031 [INFO] __main__ — 뉴스 시점 제외 [대원산업]: 10건 (>14일/파싱실패)
2026-08-27 20:10:21,395 [INFO] __main__ — 뉴스 시점 제외 [미래나노텍]: 10건 (>14일/파싱실패)
2026-08-27 20:10:21,773 [INFO] __main__ — 뉴스 시점 제외 [와이씨켐]: 3건 (>14일/파싱실패)
2026-08-27 20:10:21,777 [INFO] __main__ — 뉴스 시점 제외 [이지바이오]: 10건 (>14일/파싱실패)
2026-08-27 20:10:22,238 [INFO] __main__ — POOL_A 후보 부정뉴스 2차 조회: 175개
2026-08-27 20:10:22,241 [INFO] __main__ — POOL_A: 586개 (A:218 B:171 동시:197) | 부정게이트 제외:3
  대형:90 중형:257 소형:239
2026-08-27 20:10:22,249 [INFO] __main__ — 대조군 표본(무신호): 40개 / 모집단 314개 → pool_history
2026-08-27 20:10:22,252 [INFO] __main__ —   → POOL_A: 586개
2026-08-27 20:10:22,252 [INFO] __main__ — ▶ Step 2: 하드 필터링
2026-08-27 20:10:22,253 [INFO] __main__ — 하드 필터 제거: 578개 | 과열배제 152 | 이격도상한 5 | 이격도하한 19 | MA추세 322 | RSI과열 4 | 거래대금 76
2026-08-27 20:10:22,256 [INFO] __main__ — 과열 gated 기록: 152개 → gated_tickers
2026-08-27 20:10:22,258 [INFO] __main__ — 대조군 표본(필터탈락): 148개 / 모집단 578개 → pool_history
2026-08-27 20:10:22,259 [INFO] __main__ — POOL_B: 8개 | 대형:0 중형:6 소형:2
2026-08-27 20:10:22,259 [INFO] __main__ —   → POOL_B: 8개
2026-08-27 20:10:22,259 [INFO] __main__ — ▶ Step 3: 스코어링 (FinBERT 감성 분석)
2026-08-27 20:10:22,259 [INFO] __main__ — NaverClient: 3개 키 로드 (DataLab·검색 독립 회전)
2026-08-27 20:10:22,259 [INFO] __main__ — 텍스트 신규 수집: 8종목 (캐시 적중 0종목)
2026-08-27 20:10:22,921 [INFO] __main__ — 봇 주가요약 제외 [SK이터닉스]: 6건
2026-08-27 20:10:22,930 [INFO] __main__ — 봇 주가요약 제외 [한미사이언스]: 1건
2026-08-27 20:10:28,847 [INFO] __main__ — 뉴스 시점 제외 [삼성전기우]: 19건 (>14일/파싱실패)
2026-08-27 20:10:28,847 [INFO] __main__ — 봇 주가요약 제외 [삼성전기우]: 1건
2026-08-27 20:10:28,852 [INFO] __main__ — 봇 주가요약 제외 [대원전선]: 14건
2026-08-27 20:10:29,042 [INFO] __main__ — 봇 주가요약 제외 [테스]: 2건
2026-08-27 20:10:29,596 [INFO] __main__ — 뉴스 시점 제외 [뉴파워프라즈마]: 12건 (>14일/파싱실패)
2026-08-27 20:10:38,232 [INFO] __main__ — 기사 보존(수집): 62건 (8종목) → news_articles
2026-08-27 20:10:38,233 [INFO] __main__ — 공시 보존(수집): 29건 (8종목) → dart_filings
2026-08-27 20:10:38,234 [INFO] __main__ — 수집 완료: 뉴스 62건 | 공시 29건
2026-08-27 20:10:38,234 [INFO] __main__ — FinBERT 감성 분석 (finbert 모드)...
2026-08-27 20:10:38,234 [INFO] __main__ — FinBERT 로딩: snunlp/KR-FinBert-SC (CPU, batch=8)
2026-08-27 20:10:38,323 [INFO] httpx — HTTP Request: GET https://huggingface.co/api/agent-harnesses "HTTP/1.1 200 OK"
2026-08-27 20:10:38,349 [INFO] httpx — HTTP Request: HEAD https://huggingface.co/snunlp/KR-FinBert-SC/resolve/main/config.json "HTTP/1.1 307 Temporary Redirect"
2026-08-27 20:10:38,360 [INFO] httpx — HTTP Request: HEAD https://huggingface.co/api/resolve-cache/models/snunlp/KR-FinBert-SC/f8586286cc3161fb648e9fee09a456069fd846d0/config.json "HTTP/1.1 200 OK"
2026-08-27 20:10:38,411 [INFO] httpx — HTTP Request: HEAD https://huggingface.co/snunlp/KR-FinBert-SC/resolve/main/model.safetensors "HTTP/1.1 404 Not Found"
2026-08-27 20:10:38,411 [WARNING] huggingface_hub.utils._http — Warning: You are sending unauthenticated requests to the HF Hub. Please set a HF_TOKEN to enable higher rate limits and faster downloads.
2026-08-27 20:10:38,444 [INFO] httpx — HTTP Request: GET https://huggingface.co/api/models/snunlp/KR-FinBert-SC "HTTP/1.1 200 OK"
2026-08-27 20:10:38,507 [INFO] httpx — HTTP Request: GET https://huggingface.co/api/models/snunlp/KR-FinBert-SC/commits/main "HTTP/1.1 200 OK"
2026-08-27 20:10:38,561 [INFO] httpx — HTTP Request: GET https://huggingface.co/api/models/snunlp/KR-FinBert-SC/discussions?p=0 "HTTP/1.1 200 OK"
2026-08-27 20:10:38,585 [INFO] httpx — HTTP Request: GET https://huggingface.co/api/models/snunlp/KR-FinBert-SC/tree/main/additional_chat_templates?recursive=false&expand=false "HTTP/1.1 404 Not Found"
2026-08-27 20:10:38,601 [INFO] httpx — HTTP Request: GET https://huggingface.co/api/models/snunlp/KR-FinBert-SC/commits/refs%2Fpr%2F3 "HTTP/1.1 200 OK"
2026-08-27 20:10:38,611 [INFO] httpx — HTTP Request: GET https://huggingface.co/api/models/snunlp/KR-FinBert-SC/tree/main?recursive=true&expand=false "HTTP/1.1 200 OK"
2026-08-27 20:10:38,634 [INFO] httpx — HTTP Request: HEAD https://huggingface.co/snunlp/KR-FinBert-SC/resolve/refs%2Fpr%2F3/model.safetensors.index.json "HTTP/1.1 404 Not Found"
2026-08-27 20:10:38,659 [INFO] httpx — HTTP Request: HEAD https://huggingface.co/snunlp/KR-FinBert-SC/resolve/main/processor_config.json "HTTP/1.1 404 Not Found"
2026-08-27 20:10:38,664 [INFO] httpx — HTTP Request: HEAD https://huggingface.co/snunlp/KR-FinBert-SC/resolve/refs%2Fpr%2F3/model.safetensors "HTTP/1.1 302 Found"
2026-08-27 20:10:38,801 [INFO] httpx — HTTP Request: HEAD https://huggingface.co/snunlp/KR-FinBert-SC/resolve/main/video_preprocessor_config.json "HTTP/1.1 404 Not Found"
2026-08-27 20:10:38,825 [INFO] httpx — HTTP Request: HEAD https://huggingface.co/snunlp/KR-FinBert-SC/resolve/main/preprocessor_config.json "HTTP/1.1 404 Not Found"
2026-08-27 20:10:38,826 [INFO] __main__ — FinBERT 로드 완료 (CPU)
2026-08-27 20:10:49,534 [INFO] __main__ — Phase A.1: 매핑 신뢰도 < 0.5 → 감성 점수 폐기 5건
2026-08-27 20:10:49,534 [INFO] __main__ — [shadow] 필드별 검사 기준 폐기 0/8종목 (집행 5건 — 변동 없음)
2026-08-27 20:10:49,534 [INFO] __main__ — 스코어링: 8개 | 집중:0 | FinBERT:finbert
2026-08-27 20:10:49,551 [INFO] __main__ —   → 8개
2026-08-27 20:10:49,551 [INFO] __main__ — ▶ Step 4: 발송
2026-08-27 20:10:53,499 [INFO] __main__ — DB 기록: 5개 / 전체 to_send 5개
2026-08-27 20:10:53,499 [INFO] __main__ — 발송: 5종목 | 누적 4~10회 1 | 신규 0
2026-08-27 20:10:53,499 [INFO] __main__ — 완료  |  소요: 779.9초
2026-08-27 20:10:54,883 [INFO] track_outcomes — pool_history 대조군 3819건 추적 대상 포함
2026-08-27 20:10:54,925 [INFO] track_outcomes — 고아 행 139건 복원 (targets에서 탈락한 미완 키)
2026-08-27 20:10:54,925 [INFO] track_outcomes — 대상 11762건 | 갱신 필요 7908건 | 완료 스킵 3993건
2026-08-27 20:10:54,927 [INFO] track_outcomes —   가격 조회 고유 종목 1718개 (기존 967 + 대조군 추가 751)
2026-08-27 20:46:51,880 [INFO] track_outcomes — outcomes 적재: 신규 348건 | 갱신(신규+보완) 348건
2026-08-28 05:21:31,720 [INFO] __main__ — config 검증 완료 ✓
2026-08-28 05:21:31,721 [INFO] __main__ — KIS 조회 도메인: 실전 (https://openapi.koreainvestment.com:9443)
2026-08-28 05:21:31,721 [INFO] __main__ — ============================================================
2026-08-28 05:21:31,721 [INFO] __main__ — AlphaRadar v3.3.1  |  기준일: 20260828
2026-08-28 05:21:31,721 [INFO] __main__ — S = T×0.3 + S_text×0.4 + D×0.3
2026-08-28 05:21:31,721 [INFO] __main__ — ============================================================
2026-08-28 05:21:31,721 [INFO] __main__ — ▶ Step 0: 유니버스 필터링
2026-08-28 05:21:31,816 [INFO] __main__ — FDR 데이터 수집: 20260222 ~ 20260828
2026-08-28 05:21:33,945 [INFO] __main__ — master universe 메타: 캐시 사용 2760개 (year=2026)
2026-08-28 05:21:33,947 [INFO] __main__ — master 보강: 등급 836개 | FnGuide/KSIC 2553개 | 섹터(fg_industry) 2553개
2026-08-28 05:21:33,948 [INFO] __main__ — KOSPI: 944개 | 섹터정보 832개 (DART +829개 보완)
2026-08-28 05:21:33,948 [INFO] __main__ — KOSDAQ: 1823개 | 섹터정보 1750개
2026-08-28 05:21:33,948 [INFO] __main__ — 전체: 2767개
2026-08-28 05:21:36,167 [INFO] __main__ — KIS 토큰 발급 완료
2026-08-28 05:28:19,127 [INFO] __main__ — DART corp_code 매핑: 875/898개 (97%)
2026-08-28 05:28:19,127 [INFO] __main__ — 유효 유니버스: 898개
2026-08-28 05:28:19,133 [INFO] __main__ —   → 898개
2026-08-28 05:28:19,133 [INFO] __main__ — ▶ Step 1: 신호 탐지
2026-08-28 05:28:19,133 [INFO] __main__ — NaverClient: 3개 키 로드 (DataLab·검색 독립 회전)
2026-08-28 05:28:19,133 [INFO] __main__ — 관심 지수 및 부정 뉴스 비율 조회 중...
2026-08-28 05:28:20,954 [INFO] __main__ — 봇 주가요약 제외 [빛과전자]: 2건
2026-08-28 05:28:20,982 [INFO] __main__ — 봇 주가요약 제외 [우리기술투자]: 2건
2026-08-28 05:28:22,480 [INFO] __main__ — 봇 주가요약 제외 [대한광통신]: 2건
2026-08-28 05:28:22,500 [INFO] __main__ — 봇 주가요약 제외 [대우건설]: 1건
2026-08-28 05:28:24,026 [INFO] __main__ — 봇 주가요약 제외 [더즌]: 1건
2026-08-28 05:28:24,039 [INFO] __main__ — 봇 주가요약 제외 [신라젠]: 1건
2026-08-28 05:28:24,087 [INFO] __main__ — 봇 주가요약 제외 [금호건설]: 2건
2026-08-28 05:28:25,583 [INFO] __main__ — 봇 주가요약 제외 [유니슨]: 2건
2026-08-28 05:28:25,597 [INFO] __main__ — 봇 주가요약 제외 [삼성전자우]: 1건
2026-08-28 05:28:28,392 [INFO] __main__ — 봇 주가요약 제외 [우리기술]: 3건
2026-08-28 05:28:29,741 [INFO] __main__ — 봇 주가요약 제외 [와이씨]: 1건
2026-08-28 05:28:29,747 [INFO] __main__ — 봇 주가요약 제외 [KBI메탈]: 2건
2026-08-28 05:28:31,126 [INFO] __main__ — 봇 주가요약 제외 [대원전선]: 4건
2026-08-28 05:28:34,062 [INFO] __main__ — 봇 주가요약 제외 [PS일렉트로닉스]: 3건
2026-08-28 05:28:35,609 [INFO] __main__ — 봇 주가요약 제외 [후성]: 1건
2026-08-28 05:28:35,616 [INFO] __main__ — 봇 주가요약 제외 [HPSP]: 2건
2026-08-28 05:28:35,637 [INFO] __main__ — 봇 주가요약 제외 [갤럭시아머니트리]: 1건
2026-08-28 05:28:37,126 [INFO] __main__ — 봇 주가요약 제외 [금호타이어]: 1건
2026-08-28 05:28:38,667 [INFO] __main__ — 봇 주가요약 제외 [광전자]: 3건
2026-08-28 05:28:41,136 [INFO] __main__ — 봇 주가요약 제외 [코오롱티슈진]: 2건
2026-08-28 05:28:41,408 [INFO] __main__ — 봇 주가요약 제외 [삼성중공업]: 1건
2026-08-28 05:28:42,912 [INFO] __main__ — 봇 주가요약 제외 [페니트리움바이오]: 2건
2026-08-28 05:28:42,920 [INFO] __main__ — 봇 주가요약 제외 [삼성E&A]: 2건
2026-08-28 05:28:44,146 [INFO] __main__ — 봇 주가요약 제외 [SK이터닉스]: 1건
2026-08-28 05:28:45,349 [INFO] __main__ — 봇 주가요약 제외 [한화솔루션]: 1건
2026-08-28 05:28:45,360 [INFO] __main__ — 봇 주가요약 제외 [대한전선]: 1건
2026-08-28 05:28:48,891 [INFO] __main__ — 봇 주가요약 제외 [서진시스템]: 1건
2026-08-28 05:28:51,370 [INFO] __main__ — 봇 주가요약 제외 [마키나락스]: 1건
2026-08-28 05:28:53,745 [INFO] __main__ — 봇 주가요약 제외 [심텍]: 2건
2026-08-28 05:28:55,096 [INFO] __main__ — 봇 주가요약 제외 [SFA반도체]: 2건
2026-08-28 05:28:55,233 [INFO] __main__ — 봇 주가요약 제외 [우리로]: 1건
2026-08-28 05:28:57,492 [INFO] __main__ — 봇 주가요약 제외 [제주반도체]: 1건
2026-08-28 05:28:57,720 [INFO] __main__ — 봇 주가요약 제외 [삼화콘덴서]: 6건
2026-08-28 05:28:58,680 [INFO] __main__ — 봇 주가요약 제외 [파미셀]: 1건
2026-08-28 05:28:58,706 [INFO] __main__ — 봇 주가요약 제외 [한전기술]: 1건
2026-08-28 05:28:58,889 [INFO] __main__ — 뉴스 시점 제외 [티엠씨]: 6건 (>14일/파싱실패)
2026-08-28 05:29:04,620 [INFO] __main__ — 봇 주가요약 제외 [두산퓨얼셀]: 3건
2026-08-28 05:29:04,830 [INFO] __main__ — 봇 주가요약 제외 [성호전자]: 8건
2026-08-28 05:29:05,800 [INFO] __main__ — 봇 주가요약 제외 [주성엔지니어링]: 2건
2026-08-28 05:29:06,028 [INFO] __main__ — 봇 주가요약 제외 [현대무벡스]: 1건
2026-08-28 05:29:07,283 [INFO] __main__ — 봇 주가요약 제외 [대덕전자]: 1건
2026-08-28 05:29:09,360 [INFO] __main__ — 봇 주가요약 제외 [LS ELECTRIC]: 1건
2026-08-28 05:29:10,550 [INFO] __main__ — 봇 주가요약 제외 [원익홀딩스]: 3건
2026-08-28 05:29:10,876 [INFO] __main__ — 뉴스 시점 제외 [ESR켄달스퀘어리츠]: 10건 (>14일/파싱실패)
2026-08-28 05:29:12,069 [INFO] __main__ — 봇 주가요약 제외 [이수페타시스]: 1건
2026-08-28 05:29:12,084 [INFO] __main__ — 봇 주가요약 제외 [휴림로봇]: 4건
2026-08-28 05:29:14,438 [INFO] __main__ — 봇 주가요약 제외 [LG씨엔에스]: 3건
2026-08-28 05:29:15,353 [INFO] __main__ — 봇 주가요약 제외 [티엑스알로보틱스]: 1건
2026-08-28 05:29:15,666 [INFO] __main__ — 봇 주가요약 제외 [미래에셋생명]: 1건
2026-08-28 05:29:16,532 [INFO] __main__ — 뉴스 시점 제외 [제이앤티씨]: 9건 (>14일/파싱실패)
2026-08-28 05:29:24,379 [INFO] __main__ — 봇 주가요약 제외 [SK스퀘어]: 1건
2026-08-28 05:29:25,569 [INFO] __main__ — 봇 주가요약 제외 [포스코엠텍]: 1건
2026-08-28 05:29:27,978 [INFO] __main__ — 봇 주가요약 제외 [지엔씨에너지]: 3건
2026-08-28 05:29:31,663 [INFO] __main__ — 봇 주가요약 제외 [에코프로비엠]: 1건
2026-08-28 05:29:34,069 [INFO] __main__ — 봇 주가요약 제외 [한미반도체]: 2건
2026-08-28 05:29:37,754 [INFO] __main__ — 봇 주가요약 제외 [쿠콘]: 1건
2026-08-28 05:29:40,102 [INFO] __main__ — 뉴스 시점 제외 [아리바이오홀딩스]: 10건 (>14일/파싱실패)
2026-08-28 05:29:40,408 [INFO] __main__ — 뉴스 시점 제외 [엘브이엠씨홀딩스]: 14건 (>14일/파싱실패)
2026-08-28 05:29:43,922 [INFO] __main__ — 봇 주가요약 제외 [엔켐]: 1건
2026-08-28 05:29:44,439 [INFO] __main__ — 봇 주가요약 제외 [한국콜마]: 2건
2026-08-28 05:29:46,478 [INFO] __main__ — 봇 주가요약 제외 [테크윙]: 6건
2026-08-28 05:29:48,984 [INFO] __main__ — 봇 주가요약 제외 [동진쎄미켐]: 2건
2026-08-28 05:29:50,357 [INFO] __main__ — 봇 주가요약 제외 [에이피알]: 1건
2026-08-28 05:29:51,712 [INFO] __main__ — 봇 주가요약 제외 [일진전기]: 1건
2026-08-28 05:29:53,110 [INFO] __main__ — 봇 주가요약 제외 [산일전기]: 2건
2026-08-28 05:30:00,806 [INFO] __main__ — 봇 주가요약 제외 [SNT에너지]: 2건
2026-08-28 05:30:01,973 [INFO] __main__ — 뉴스 시점 제외 [에스에이엠티]: 5건 (>14일/파싱실패)
2026-08-28 05:30:02,457 [INFO] __main__ — 봇 주가요약 제외 [코리아써키트]: 1건
2026-08-28 05:30:03,790 [INFO] __main__ — 봇 주가요약 제외 [에스피지]: 2건
2026-08-28 05:30:04,523 [INFO] __main__ — 뉴스 시점 제외 [엘티씨]: 7건 (>14일/파싱실패)
2026-08-28 05:30:06,877 [INFO] __main__ — 봇 주가요약 제외 [가온전선]: 2건
2026-08-28 05:30:07,509 [INFO] __main__ — 봇 주가요약 제외 [에이프릴바이오]: 1건
2026-08-28 05:30:08,055 [INFO] __main__ — 봇 주가요약 제외 [애경케미칼]: 2건
2026-08-28 05:30:09,511 [INFO] __main__ — 봇 주가요약 제외 [두산로보틱스]: 2건
2026-08-28 05:30:15,435 [INFO] __main__ — 뉴스 시점 제외 [서부T&D]: 2건 (>14일/파싱실패)
2026-08-28 05:30:21,699 [INFO] __main__ — 봇 주가요약 제외 [클로봇]: 2건
2026-08-28 05:30:22,366 [INFO] __main__ — 봇 주가요약 제외 [네패스]: 1건
2026-08-28 05:30:24,696 [INFO] __main__ — 뉴스 시점 제외 [넥스틸]: 7건 (>14일/파싱실패)
2026-08-28 05:30:27,697 [INFO] __main__ — 봇 주가요약 제외 [테스]: 2건
2026-08-28 05:30:36,242 [INFO] __main__ — 봇 주가요약 제외 [원익QnC]: 1건
2026-08-28 05:30:40,498 [INFO] __main__ — 봇 주가요약 제외 [강원에너지]: 1건
2026-08-28 05:30:42,285 [INFO] __main__ — 뉴스 시점 제외 [네패스아크]: 3건 (>14일/파싱실패)
2026-08-28 05:30:43,488 [INFO] __main__ — 뉴스 시점 제외 [휴스틸]: 7건 (>14일/파싱실패)
2026-08-28 05:30:44,672 [INFO] __main__ — 뉴스 시점 제외 [KB스타리츠]: 9건 (>14일/파싱실패)
2026-08-28 05:30:47,060 [INFO] __main__ — 봇 주가요약 제외 [유진로봇]: 1건
2026-08-28 05:30:49,421 [INFO] __main__ — 봇 주가요약 제외 [삼성에스디에스]: 1건
2026-08-28 05:30:54,068 [INFO] __main__ — 뉴스 시점 제외 [대원강업]: 10건 (>14일/파싱실패)
2026-08-28 05:30:57,452 [INFO] __main__ — 뉴스 시점 제외 [KB발해인프라]: 15건 (>14일/파싱실패)
2026-08-28 05:30:58,970 [INFO] __main__ — 뉴스 시점 제외 [아이마켓코리아]: 12건 (>14일/파싱실패)
2026-08-28 05:31:00,477 [INFO] __main__ — 봇 주가요약 제외 [에스앤에스텍]: 1건
2026-08-28 05:31:01,857 [INFO] __main__ — 봇 주가요약 제외 [LG이노텍]: 2건
2026-08-28 05:31:01,859 [INFO] __main__ — 뉴스 시점 제외 [신한알파리츠]: 10건 (>14일/파싱실패)
2026-08-28 05:31:02,383 [INFO] __main__ — 봇 주가요약 제외 [HD현대일렉트릭]: 1건
2026-08-28 05:31:03,064 [INFO] __main__ — 뉴스 시점 제외 [파이버프로]: 8건 (>14일/파싱실패)
2026-08-28 05:31:04,739 [INFO] __main__ — 뉴스 시점 제외 [아세아제지]: 9건 (>14일/파싱실패)
2026-08-28 05:31:06,851 [INFO] __main__ — 봇 주가요약 제외 [로보티즈]: 2건
2026-08-28 05:31:08,237 [INFO] __main__ — 뉴스 시점 제외 [현대차2우B]: 10건 (>14일/파싱실패)
2026-08-28 05:31:11,553 [INFO] __main__ — 봇 주가요약 제외 [제룡전기]: 1건
2026-08-28 05:31:15,360 [INFO] __main__ — 봇 주가요약 제외 [피에스케이홀딩스]: 1건
2026-08-28 05:31:20,329 [INFO] __main__ — 뉴스 시점 제외 [이지홀딩스]: 6건 (>14일/파싱실패)
2026-08-28 05:31:23,055 [INFO] __main__ — 뉴스 시점 제외 [미래에셋증권2우B]: 14건 (>14일/파싱실패)
2026-08-28 05:31:25,428 [INFO] __main__ — 뉴스 시점 제외 [오리엔탈정공]: 11건 (>14일/파싱실패)
2026-08-28 05:31:27,751 [INFO] __main__ — 뉴스 시점 제외 [코스모화학]: 6건 (>14일/파싱실패)
2026-08-28 05:31:31,515 [INFO] __main__ — 봇 주가요약 제외 [ISC]: 2건
2026-08-28 05:31:31,529 [INFO] __main__ — 뉴스 시점 제외 [송원산업]: 12건 (>14일/파싱실패)
2026-08-28 05:31:31,531 [INFO] __main__ — 봇 주가요약 제외 [케이씨텍]: 1건
2026-08-28 05:31:32,741 [INFO] __main__ — 봇 주가요약 제외 [디아이]: 1건
2026-08-28 05:31:33,993 [INFO] __main__ — 뉴스 시점 제외 [한화3우B]: 6건 (>14일/파싱실패)
2026-08-28 05:31:37,424 [INFO] __main__ — 뉴스 시점 제외 [현대퓨처넷]: 1건 (>14일/파싱실패)
2026-08-28 05:31:37,463 [INFO] __main__ — 뉴스 시점 제외 [폰드그룹]: 10건 (>14일/파싱실패)
2026-08-28 05:31:37,538 [INFO] __main__ — 뉴스 시점 제외 [이지스밸류플러스리츠]: 10건 (>14일/파싱실패)
2026-08-28 05:31:38,613 [INFO] __main__ — 봇 주가요약 제외 [유진테크]: 1건
2026-08-28 05:31:38,693 [INFO] __main__ — 봇 주가요약 제외 [삼현]: 1건
2026-08-28 05:31:39,883 [INFO] __main__ — 뉴스 시점 제외 [한양디지텍]: 4건 (>14일/파싱실패)
2026-08-28 05:31:46,109 [INFO] __main__ — 뉴스 시점 제외 [현대차우]: 10건 (>14일/파싱실패)
2026-08-28 05:31:47,391 [INFO] __main__ — 뉴스 시점 제외 [SIMPAC]: 11건 (>14일/파싱실패)
2026-08-28 05:31:48,564 [INFO] __main__ — 봇 주가요약 제외 [에스비비테크]: 1건
2026-08-28 05:31:48,665 [INFO] __main__ — 부정 키워드 감지: 22개 종목 (neg_ratio > 0)
2026-08-28 05:31:48,667 [INFO] __main__ — 수급일수충족·합계음수 제외: 82개
2026-08-28 05:31:49,251 [INFO] __main__ — 봇 주가요약 제외 [효성중공업]: 1건
2026-08-28 05:31:54,230 [INFO] __main__ — 뉴스 시점 제외 [두산우]: 15건 (>14일/파싱실패)
2026-08-28 05:31:54,898 [INFO] __main__ — 뉴스 시점 제외 [삼성전기우]: 6건 (>14일/파싱실패)
2026-08-28 05:31:54,898 [INFO] __main__ — 봇 주가요약 제외 [삼성전기우]: 1건
2026-08-28 05:31:56,312 [INFO] __main__ — 뉴스 시점 제외 [삼성화재우]: 14건 (>14일/파싱실패)
2026-08-28 05:31:56,320 [INFO] __main__ — 뉴스 시점 제외 [LG전자우]: 15건 (>14일/파싱실패)
2026-08-28 05:31:57,823 [INFO] __main__ — 뉴스 시점 제외 [쿠쿠홀딩스]: 10건 (>14일/파싱실패)
2026-08-28 05:31:58,658 [INFO] __main__ — 뉴스 시점 제외 [GS피앤엘]: 13건 (>14일/파싱실패)
2026-08-28 05:31:59,323 [INFO] __main__ — 뉴스 시점 제외 [맵스리얼티]: 15건 (>14일/파싱실패)
2026-08-28 05:32:00,783 [INFO] __main__ — 뉴스 시점 제외 [한일홀딩스]: 10건 (>14일/파싱실패)
2026-08-28 05:32:02,373 [INFO] __main__ — 뉴스 시점 제외 [CJ4우(전환)]: 15건 (>14일/파싱실패)
2026-08-28 05:32:04,200 [INFO] __main__ — 뉴스 시점 제외 [KPX홀딩스]: 10건 (>14일/파싱실패)
2026-08-28 05:32:04,828 [INFO] __main__ — 뉴스 시점 제외 [조광피혁]: 11건 (>14일/파싱실패)
2026-08-28 05:32:05,495 [INFO] __main__ — 뉴스 시점 제외 [일진하이솔루스]: 8건 (>14일/파싱실패)
2026-08-28 05:32:05,806 [INFO] __main__ — 뉴스 시점 제외 [신대양제지]: 13건 (>14일/파싱실패)
2026-08-28 05:32:06,311 [INFO] __main__ — 뉴스 시점 제외 [율촌화학]: 7건 (>14일/파싱실패)
2026-08-28 05:32:08,068 [INFO] __main__ — 뉴스 시점 제외 [삼성물산우B]: 15건 (>14일/파싱실패)
2026-08-28 05:32:08,660 [INFO] __main__ — 봇 주가요약 제외 [코오롱]: 2건
2026-08-28 05:32:09,469 [INFO] __main__ — 뉴스 시점 제외 [두산2우B]: 15건 (>14일/파싱실패)
2026-08-28 05:32:10,119 [INFO] __main__ — 뉴스 시점 제외 [TCC스틸]: 6건 (>14일/파싱실패)
2026-08-28 05:32:13,451 [INFO] __main__ — 뉴스 시점 제외 [노루홀딩스]: 13건 (>14일/파싱실패)
2026-08-28 05:32:14,128 [INFO] __main__ — 뉴스 시점 제외 [모토닉]: 12건 (>14일/파싱실패)
2026-08-28 05:32:14,795 [INFO] __main__ — 뉴스 시점 제외 [한농화성]: 6건 (>14일/파싱실패)
2026-08-28 05:32:14,810 [INFO] __main__ — 뉴스 시점 제외 [천일고속]: 13건 (>14일/파싱실패)
2026-08-28 05:32:15,494 [INFO] __main__ — 뉴스 시점 제외 [LG우]: 15건 (>14일/파싱실패)
2026-08-28 05:32:16,172 [INFO] __main__ — 봇 주가요약 제외 [이오테크닉스]: 1건
2026-08-28 05:32:16,180 [INFO] __main__ — 봇 주가요약 제외 [솔브레인]: 1건
2026-08-28 05:32:17,519 [INFO] __main__ — 봇 주가요약 제외 [유일로보틱스]: 1건
2026-08-28 05:32:17,538 [INFO] __main__ — 봇 주가요약 제외 [로보스타]: 1건
2026-08-28 05:32:18,357 [INFO] __main__ — 뉴스 시점 제외 [하이젠알앤엠]: 1건 (>14일/파싱실패)
2026-08-28 05:32:18,357 [INFO] __main__ — 봇 주가요약 제외 [하이젠알앤엠]: 1건
2026-08-28 05:32:23,235 [INFO] __main__ — 뉴스 시점 제외 [진성티이씨]: 5건 (>14일/파싱실패)
2026-08-28 05:32:23,236 [INFO] __main__ — 뉴스 시점 제외 [한국알콜]: 8건 (>14일/파싱실패)
2026-08-28 05:32:23,900 [INFO] __main__ — 뉴스 시점 제외 [티로보틱스]: 3건 (>14일/파싱실패)
2026-08-28 05:32:23,900 [INFO] __main__ — 봇 주가요약 제외 [티로보틱스]: 1건
2026-08-28 05:32:24,607 [INFO] __main__ — 뉴스 시점 제외 [세보엠이씨]: 10건 (>14일/파싱실패)
2026-08-28 05:32:25,249 [INFO] __main__ — 뉴스 시점 제외 [필에너지]: 10건 (>14일/파싱실패)
2026-08-28 05:32:25,872 [INFO] __main__ — 봇 주가요약 제외 [오픈엣지테크놀로지]: 1건
2026-08-28 05:32:27,214 [INFO] __main__ — 봇 주가요약 제외 [칩스앤미디어]: 1건
2026-08-28 05:32:27,811 [INFO] __main__ — 뉴스 시점 제외 [미래나노텍]: 10건 (>14일/파싱실패)
2026-08-28 05:32:27,869 [INFO] __main__ — 뉴스 시점 제외 [서호전기]: 15건 (>14일/파싱실패)
2026-08-28 05:32:28,449 [INFO] __main__ — 뉴스 시점 제외 [이지바이오]: 9건 (>14일/파싱실패)
2026-08-28 05:32:29,120 [INFO] __main__ — 뉴스 시점 제외 [와이씨켐]: 3건 (>14일/파싱실패)
2026-08-28 05:32:29,221 [INFO] __main__ — POOL_A 후보 부정뉴스 2차 조회: 174개
2026-08-28 05:32:29,224 [INFO] __main__ — POOL_A: 649개 (A:181 B:238 동시:230) | 부정게이트 제외:5
  대형:98 중형:282 소형:269
2026-08-28 05:32:29,372 [INFO] __main__ — 대조군 표본(무신호): 40개 / 모집단 249개 → pool_history
2026-08-28 05:32:29,374 [INFO] __main__ —   → POOL_A: 649개
2026-08-28 05:32:29,374 [INFO] __main__ — ▶ Step 2: 하드 필터링
2026-08-28 05:32:29,375 [INFO] __main__ — 하드 필터 제거: 644개 | 과열배제 193 | 이격도상한 2 | 이격도하한 40 | MA추세 334 | RSI과열 2 | 거래대금 73
2026-08-28 05:32:29,379 [INFO] __main__ — 과열 gated 기록: 193개 → gated_tickers
2026-08-28 05:32:29,384 [INFO] __main__ — 대조군 표본(필터탈락): 164개 / 모집단 644개 → pool_history
2026-08-28 05:32:29,384 [INFO] __main__ — POOL_B: 5개 | 대형:0 중형:4 소형:1
2026-08-28 05:32:29,384 [INFO] __main__ —   → POOL_B: 5개
2026-08-28 05:32:29,384 [INFO] __main__ — ▶ Step 3: 스코어링 (FinBERT 감성 분석)
2026-08-28 05:32:29,384 [INFO] __main__ — NaverClient: 3개 키 로드 (DataLab·검색 독립 회전)
2026-08-28 05:32:29,385 [INFO] __main__ — 텍스트 캐시 전체 적중: 5종목 (외부 API 0건)
2026-08-28 05:32:29,387 [INFO] __main__ — 기사 보존(캐시): 47건 (5종목) → news_articles
2026-08-28 05:32:29,389 [INFO] __main__ — 공시 보존(캐시): 26건 (5종목) → dart_filings
