2026-09-24 23:52:39,316 [INFO] __main__ — config 검증 완료 ✓
2026-09-24 23:52:39,316 [INFO] __main__ — KIS 조회 도메인: 실전 (https://openapi.koreainvestment.com:9443)
2026-09-24 23:52:39,316 [INFO] __main__ — ============================================================
2026-09-24 23:52:39,316 [INFO] __main__ — AlphaRadar v3.3.1  |  기준일: 20260925  |  런: am
2026-09-24 23:52:39,317 [INFO] __main__ — S = T×0.3 + S_text×0.4 + D×0.3
2026-09-24 23:52:39,317 [INFO] __main__ — ============================================================
2026-09-24 23:52:39,317 [INFO] __main__ — ▶ Step 0: 유니버스 필터링
2026-09-24 23:52:39,599 [INFO] __main__ — FDR 데이터 수집: 20260322 ~ 20260925
2026-09-24 23:56:30,372 [WARNING] __main__ — 목록 조회 실패 (KOSPI): ('Connection aborted.', ConnectionResetError(104, 'Connection reset by peer')) — 폴백
2026-09-24 23:56:30,485 [WARNING] __main__ — 목록 CSV 캐시 폴백 (KOSPI): 2026-09-25 자 942개
2026-09-24 23:56:32,103 [INFO] __main__ — master universe 메타: 캐시 사용 2760개 (year=2026)
2026-09-24 23:56:32,105 [INFO] __main__ — master 보강: 등급 833개 | FnGuide/KSIC 2543개 | 섹터(fg_industry) 2543개
2026-09-24 23:56:32,106 [INFO] __main__ — KOSPI: 942개 | 섹터정보 830개 (DART +827개 보완)
2026-09-24 23:56:32,106 [INFO] __main__ — KOSDAQ: 1821개 | 섹터정보 1742개
2026-09-24 23:56:32,106 [INFO] __main__ — 전체: 2763개
2026-09-24 23:58:32,359 [INFO] __main__ — KIS 토큰 발급 완료
2026-09-25 00:03:00,170 [INFO] __main__ — DART corp_code 매핑: 408/410개 (99%)
2026-09-25 00:03:00,170 [INFO] __main__ — 유효 유니버스: 410개
2026-09-25 00:03:00,175 [INFO] __main__ —   → 410개
2026-09-25 00:03:00,175 [INFO] __main__ — ▶ Step 1: 신호 탐지
2026-09-25 00:03:00,175 [INFO] __main__ — NaverClient: 3개 키 로드 (DataLab·검색 독립 회전)
2026-09-25 00:03:00,175 [INFO] __main__ — 관심 지수 및 부정 뉴스 비율 조회 중...
2026-09-25 00:03:02,163 [INFO] __main__ — 봇 주가요약 제외 [대한광통신]: 1건
2026-09-25 00:03:02,164 [INFO] __main__ — 봇 주가요약 제외 [빛과전자]: 2건
2026-09-25 00:03:03,992 [INFO] __main__ — 봇 주가요약 제외 [우리로]: 1건
2026-09-25 00:03:04,000 [INFO] __main__ — 봇 주가요약 제외 [아주IB투자]: 3건
2026-09-25 00:03:04,003 [INFO] __main__ — 봇 주가요약 제외 [성호전자]: 2건
2026-09-25 00:03:05,864 [INFO] __main__ — 봇 주가요약 제외 [KBI메탈]: 2건
2026-09-25 00:03:05,935 [INFO] __main__ — 봇 주가요약 제외 [우리기술투자]: 2건
2026-09-25 00:03:07,531 [INFO] __main__ — 봇 주가요약 제외 [삼미금속]: 3건
2026-09-25 00:03:07,573 [INFO] __main__ — 봇 주가요약 제외 [드림시큐리티]: 2건
2026-09-25 00:03:09,063 [INFO] __main__ — 봇 주가요약 제외 [우리기술]: 1건
2026-09-25 00:03:09,269 [INFO] __main__ — 봇 주가요약 제외 [인제니아테라퓨틱스(Reg.S)]: 1건
2026-09-25 00:03:12,300 [INFO] __main__ — 봇 주가요약 제외 [원익홀딩스]: 1건
2026-09-25 00:03:12,735 [INFO] __main__ — 봇 주가요약 제외 [티이엠씨]: 2건
2026-09-25 00:03:16,072 [INFO] __main__ — 봇 주가요약 제외 [뉴파워프라즈마]: 1건
2026-09-25 00:03:17,607 [INFO] __main__ — 봇 주가요약 제외 [아이씨티케이]: 1건
2026-09-25 00:03:18,254 [INFO] __main__ — 봇 주가요약 제외 [다날]: 1건
2026-09-25 00:03:18,931 [INFO] __main__ — 봇 주가요약 제외 [아모텍]: 2건
2026-09-25 00:03:19,624 [INFO] __main__ — 봇 주가요약 제외 [오름테라퓨틱]: 2건
2026-09-25 00:03:22,388 [INFO] __main__ — 봇 주가요약 제외 [한양디지텍]: 1건
2026-09-25 00:03:25,259 [INFO] __main__ — 봇 주가요약 제외 [메가터치]: 1건
2026-09-25 00:03:26,589 [INFO] __main__ — 봇 주가요약 제외 [페니트리움바이오]: 2건
2026-09-25 00:03:28,078 [INFO] __main__ — 봇 주가요약 제외 [저스템]: 1건
2026-09-25 00:03:28,183 [INFO] __main__ — 봇 주가요약 제외 [RF머트리얼즈]: 1건
2026-09-25 00:03:29,244 [INFO] __main__ — 봇 주가요약 제외 [엠케이전자]: 1건
2026-09-25 00:03:29,594 [INFO] __main__ — 봇 주가요약 제외 [피델릭스]: 1건
2026-09-25 00:03:30,942 [INFO] __main__ — 봇 주가요약 제외 [서진시스템]: 2건
2026-09-25 00:03:32,168 [INFO] __main__ — 봇 주가요약 제외 [지엔씨에너지]: 1건
2026-09-25 00:03:32,287 [INFO] __main__ — 봇 주가요약 제외 [제주반도체]: 1건
2026-09-25 00:03:33,310 [INFO] __main__ — 봇 주가요약 제외 [RFHIC]: 2건
2026-09-25 00:03:37,253 [INFO] __main__ — 봇 주가요약 제외 [코미코]: 2건
2026-09-25 00:03:37,631 [INFO] __main__ — 봇 주가요약 제외 [테크윙]: 2건
2026-09-25 00:03:40,135 [INFO] __main__ — 봇 주가요약 제외 [HLB제약]: 2건
2026-09-25 00:03:41,281 [INFO] __main__ — 뉴스 시점 제외 [와이지-원]: 6건 (>14일/파싱실패)
2026-09-25 00:03:41,473 [INFO] __main__ — 봇 주가요약 제외 [심텍홀딩스]: 1건
2026-09-25 00:03:42,638 [INFO] __main__ — 뉴스 시점 제외 [글로벌텍스프리]: 7건 (>14일/파싱실패)
2026-09-25 00:03:42,794 [INFO] __main__ — 봇 주가요약 제외 [디앤디파마텍]: 1건
2026-09-25 00:03:46,667 [INFO] __main__ — 봇 주가요약 제외 [서울반도체]: 2건
2026-09-25 00:03:50,738 [INFO] __main__ — 봇 주가요약 제외 [두산테스나]: 1건
2026-09-25 00:03:56,140 [INFO] __main__ — 봇 주가요약 제외 [HLB생명과학]: 1건
2026-09-25 00:04:00,180 [INFO] __main__ — 봇 주가요약 제외 [유니셈]: 2건
2026-09-25 00:04:04,669 [INFO] __main__ — 봇 주가요약 제외 [아스플로]: 1건
2026-09-25 00:04:06,120 [INFO] __main__ — 봇 주가요약 제외 [파이버프로]: 1건
2026-09-25 00:04:06,279 [INFO] __main__ — 봇 주가요약 제외 [유니테스트]: 1건
2026-09-25 00:04:07,643 [INFO] __main__ — 봇 주가요약 제외 [에스피지]: 2건
2026-09-25 00:04:10,485 [INFO] __main__ — 봇 주가요약 제외 [카페24]: 1건
2026-09-25 00:04:10,542 [INFO] __main__ — 봇 주가요약 제외 [서울바이오시스]: 1건
2026-09-25 00:04:16,532 [INFO] __main__ — 봇 주가요약 제외 [태성]: 1건
2026-09-25 00:04:18,080 [INFO] __main__ — 뉴스 시점 제외 [서부T&D]: 8건 (>14일/파싱실패)
2026-09-25 00:04:22,145 [INFO] __main__ — 봇 주가요약 제외 [티로보틱스]: 1건
2026-09-25 00:04:24,313 [INFO] __main__ — 봇 주가요약 제외 [원익QnC]: 1건
2026-09-25 00:04:25,865 [INFO] __main__ — 봇 주가요약 제외 [가온칩스]: 1건
2026-09-25 00:04:27,762 [INFO] __main__ — 뉴스 시점 제외 [오리엔탈정공]: 8건 (>14일/파싱실패)
2026-09-25 00:04:28,685 [INFO] __main__ — 봇 주가요약 제외 [프로티나]: 1건
2026-09-25 00:04:31,491 [INFO] __main__ — 봇 주가요약 제외 [셀바스AI]: 1건
2026-09-25 00:04:33,716 [INFO] __main__ — 봇 주가요약 제외 [에스앤에스텍]: 2건
2026-09-25 00:04:35,438 [INFO] __main__ — 봇 주가요약 제외 [유진테크]: 1건
2026-09-25 00:04:46,078 [INFO] __main__ — 뉴스 시점 제외 [칩스앤미디어]: 4건 (>14일/파싱실패)
2026-09-25 00:04:49,805 [INFO] __main__ — 봇 주가요약 제외 [상아프론테크]: 1건
2026-09-25 00:04:51,124 [INFO] __main__ — 봇 주가요약 제외 [에스비비테크]: 1건
2026-09-25 00:04:55,730 [INFO] __main__ — 뉴스 시점 제외 [젬백스]: 10건 (>14일/파싱실패)
2026-09-25 00:04:57,381 [INFO] __main__ — 뉴스 시점 제외 [나이스정보통신]: 5건 (>14일/파싱실패)
2026-09-25 00:04:58,010 [INFO] __main__ — 뉴스 시점 제외 [이지홀딩스]: 9건 (>14일/파싱실패)
2026-09-25 00:04:59,363 [INFO] __main__ — 봇 주가요약 제외 [하나머티리얼즈]: 1건
2026-09-25 00:04:59,966 [INFO] __main__ — 봇 주가요약 제외 [GST]: 2건
2026-09-25 00:05:00,687 [INFO] __main__ — 뉴스 시점 제외 [신흥에스이씨]: 5건 (>14일/파싱실패)
2026-09-25 00:05:02,088 [INFO] __main__ — 뉴스 시점 제외 [현대힘스]: 8건 (>14일/파싱실패)
2026-09-25 00:05:03,385 [INFO] __main__ — 봇 주가요약 제외 [에이디테크놀로지]: 1건
2026-09-25 00:05:04,733 [INFO] __main__ — 봇 주가요약 제외 [케이엔알시스템]: 1건
2026-09-25 00:05:15,390 [INFO] __main__ — 봇 주가요약 제외 [인텔리안테크]: 1건
2026-09-25 00:05:22,289 [INFO] __main__ — 봇 주가요약 제외 [솔브레인홀딩스]: 1건
2026-09-25 00:05:25,606 [INFO] __main__ — 뉴스 시점 제외 [케이티알파]: 12건 (>14일/파싱실패)
2026-09-25 00:05:26,952 [INFO] __main__ — 뉴스 시점 제외 [이지바이오]: 10건 (>14일/파싱실패)
2026-09-25 00:05:28,266 [INFO] __main__ — 뉴스 시점 제외 [덕양에너젠]: 5건 (>14일/파싱실패)
2026-09-25 00:05:29,089 [INFO] __main__ — 뉴스 시점 제외 [큐리옥스바이오시스템즈]: 9건 (>14일/파싱실패)
2026-09-25 00:05:35,004 [INFO] __main__ — 뉴스 시점 제외 [우주일렉트로]: 5건 (>14일/파싱실패)
2026-09-25 00:05:35,004 [INFO] __main__ — 봇 주가요약 제외 [우주일렉트로]: 1건
2026-09-25 00:05:43,629 [INFO] __main__ — 뉴스 시점 제외 [필에너지]: 7건 (>14일/파싱실패)
2026-09-25 00:05:48,590 [INFO] __main__ — 뉴스 시점 제외 [인투셀]: 1건 (>14일/파싱실패)
2026-09-25 00:05:56,145 [INFO] __main__ — 봇 주가요약 제외 [매커스]: 1건
2026-09-25 00:06:00,227 [INFO] __main__ — 뉴스 시점 제외 [에스엔시스]: 11건 (>14일/파싱실패)
2026-09-25 00:06:01,199 [INFO] __main__ — 뉴스 시점 제외 [엠로]: 1건 (>14일/파싱실패)
2026-09-25 00:06:01,797 [INFO] __main__ — 뉴스 시점 제외 [피에이치에이]: 7건 (>14일/파싱실패)
2026-09-25 00:06:03,850 [INFO] __main__ — 뉴스 시점 제외 [한라IMS]: 4건 (>14일/파싱실패)
2026-09-25 00:06:07,171 [INFO] __main__ — 뉴스 시점 제외 [에이유브랜즈]: 9건 (>14일/파싱실패)
2026-09-25 00:06:07,238 [INFO] __main__ — 뉴스 시점 제외 [인화정공]: 7건 (>14일/파싱실패)
2026-09-25 00:06:08,583 [INFO] __main__ — 뉴스 시점 제외 [골프존홀딩스]: 3건 (>14일/파싱실패)
2026-09-25 00:06:09,318 [INFO] __main__ — 뉴스 시점 제외 [에코아이]: 11건 (>14일/파싱실패)
2026-09-25 00:06:09,810 [INFO] __main__ — 뉴스 시점 제외 [케이아이엔엑스]: 1건 (>14일/파싱실패)
2026-09-25 00:06:11,134 [INFO] __main__ — 뉴스 시점 제외 [서호전기]: 15건 (>14일/파싱실패)
2026-09-25 00:06:13,963 [INFO] __main__ — 뉴스 시점 제외 [아이티켐]: 12건 (>14일/파싱실패)
2026-09-25 00:06:14,629 [INFO] __main__ — 뉴스 시점 제외 [엔케이젠바이오텍코리아]: 13건 (>14일/파싱실패)
2026-09-25 00:06:15,251 [INFO] __main__ — 뉴스 시점 제외 [큐에이드]: 12건 (>14일/파싱실패)
2026-09-25 00:06:15,903 [INFO] __main__ — 뉴스 시점 제외 [옵티코어]: 12건 (>14일/파싱실패)
2026-09-25 00:06:16,005 [INFO] __main__ — 부정 키워드 감지: 18개 종목 (neg_ratio > 0)
2026-09-25 00:06:16,005 [INFO] __main__ — 수급일수충족·합계음수 제외: 37개
2026-09-25 00:06:16,006 [INFO] __main__ — POOL_A: 238개 (A:102 B:56 동시:80) | 부정게이트 제외:1
  대형:5 중형:102 소형:131
2026-09-25 00:06:16,012 [INFO] __main__ — 대조군 표본(무신호): 40개 / 모집단 172개 → pool_history
2026-09-25 00:06:16,013 [INFO] __main__ —   → POOL_A: 238개
2026-09-25 00:06:16,013 [INFO] __main__ — ▶ Step 2: 하드 필터링
2026-09-25 00:06:16,014 [INFO] __main__ — 하드 필터 제거: 229개 | 과열배제 56 | 이격도상한 18 | 이격도하한 8 | MA추세 120 | RSI과열 6 | 거래대금 21
2026-09-25 00:06:16,016 [INFO] __main__ — 과열 gated 기록: 56개 → gated_tickers
2026-09-25 00:06:16,018 [INFO] __main__ — 대조군 표본(필터탈락): 133개 / 모집단 229개 → pool_history
2026-09-25 00:06:16,018 [INFO] __main__ — POOL_B: 9개 | 대형:0 중형:3 소형:6
2026-09-25 00:06:16,018 [INFO] __main__ —   → POOL_B: 9개
2026-09-25 00:06:16,018 [INFO] __main__ — ▶ Step 3: 스코어링 (FinBERT 감성 분석)
2026-09-25 00:06:16,019 [INFO] __main__ — NaverClient: 3개 키 로드 (DataLab·검색 독립 회전)
2026-09-25 00:06:16,019 [INFO] __main__ — 텍스트 신규 수집: 9종목 (캐시 적중 0종목)
2026-09-25 00:06:16,661 [INFO] __main__ — 봇 주가요약 제외 [테스]: 1건
2026-09-25 00:06:21,791 [INFO] __main__ — 봇 주가요약 제외 [우리기술투자]: 2건
2026-09-25 00:06:26,603 [INFO] __main__ — 뉴스 시점 제외 [심텍홀딩스]: 12건 (>14일/파싱실패)
2026-09-25 00:06:26,604 [INFO] __main__ — 봇 주가요약 제외 [심텍홀딩스]: 1건
2026-09-25 00:06:26,605 [INFO] __main__ — 뉴스 시점 제외 [티씨머티리얼즈]: 21건 (>14일/파싱실패)
2026-09-25 00:06:26,606 [INFO] __main__ — 뉴스 시점 제외 [대아티아이]: 18건 (>14일/파싱실패)
2026-09-25 00:06:30,745 [INFO] __main__ — 기사 보존(수집): 65건 (9종목) → news_articles
2026-09-25 00:06:30,746 [INFO] __main__ — 공시 보존(수집): 10건 (9종목) → dart_filings
2026-09-25 00:06:30,747 [INFO] __main__ — 수집 완료: 뉴스 65건 | 공시 10건
2026-09-25 00:06:30,747 [INFO] __main__ — FinBERT 감성 분석 (finbert 모드)...
2026-09-25 00:06:30,747 [INFO] __main__ — FinBERT 로딩: snunlp/KR-FinBert-SC (CPU, batch=8)
2026-09-25 00:06:30,832 [INFO] httpx — HTTP Request: GET https://huggingface.co/api/agent-harnesses "HTTP/1.1 200 OK"
2026-09-25 00:06:30,857 [INFO] httpx — HTTP Request: HEAD https://huggingface.co/snunlp/KR-FinBert-SC/resolve/main/config.json "HTTP/1.1 307 Temporary Redirect"
2026-09-25 00:06:30,857 [WARNING] huggingface_hub.utils._http — Warning: You are sending unauthenticated requests to the HF Hub. Please set a HF_TOKEN to enable higher rate limits and faster downloads.
2026-09-25 00:06:30,868 [INFO] httpx — HTTP Request: HEAD https://huggingface.co/api/resolve-cache/models/snunlp/KR-FinBert-SC/f8586286cc3161fb648e9fee09a456069fd846d0/config.json?%2Fsnunlp%2FKR-FinBert-SC%2Fresolve%2Fmain%2Fconfig.json=&etag=%22bd00b2460e394f69e29e6438699e074cbac9584e%22 "HTTP/1.1 200 OK"
2026-09-25 00:06:30,912 [INFO] httpx — HTTP Request: HEAD https://huggingface.co/snunlp/KR-FinBert-SC/resolve/main/model.safetensors "HTTP/1.1 404 Not Found"
2026-09-25 00:06:30,936 [INFO] httpx — HTTP Request: GET https://huggingface.co/api/models/snunlp/KR-FinBert-SC "HTTP/1.1 200 OK"
2026-09-25 00:06:30,971 [INFO] httpx — HTTP Request: GET https://huggingface.co/api/models/snunlp/KR-FinBert-SC/commits/main "HTTP/1.1 200 OK"
2026-09-25 00:06:31,020 [INFO] httpx — HTTP Request: GET https://huggingface.co/api/models/snunlp/KR-FinBert-SC/discussions?p=0 "HTTP/1.1 200 OK"
2026-09-25 00:06:31,074 [INFO] httpx — HTTP Request: GET https://huggingface.co/api/models/snunlp/KR-FinBert-SC/commits/refs%2Fpr%2F3 "HTTP/1.1 200 OK"
2026-09-25 00:06:31,094 [INFO] httpx — HTTP Request: HEAD https://huggingface.co/snunlp/KR-FinBert-SC/resolve/refs%2Fpr%2F3/model.safetensors.index.json "HTTP/1.1 404 Not Found"
2026-09-25 00:06:31,107 [INFO] httpx — HTTP Request: GET https://huggingface.co/api/models/snunlp/KR-FinBert-SC/tree/main/additional_chat_templates?recursive=false&expand=false "HTTP/1.1 404 Not Found"
2026-09-25 00:06:31,122 [INFO] httpx — HTTP Request: HEAD https://huggingface.co/snunlp/KR-FinBert-SC/resolve/refs%2Fpr%2F3/model.safetensors "HTTP/1.1 302 Found"
2026-09-25 00:06:31,134 [INFO] httpx — HTTP Request: GET https://huggingface.co/api/models/snunlp/KR-FinBert-SC/tree/main?recursive=true&expand=false "HTTP/1.1 200 OK"
2026-09-25 00:06:31,171 [INFO] httpx — HTTP Request: HEAD https://huggingface.co/snunlp/KR-FinBert-SC/resolve/main/processor_config.json "HTTP/1.1 404 Not Found"
2026-09-25 00:06:31,192 [INFO] httpx — HTTP Request: HEAD https://huggingface.co/snunlp/KR-FinBert-SC/resolve/main/video_preprocessor_config.json "HTTP/1.1 404 Not Found"
2026-09-25 00:06:31,213 [INFO] httpx — HTTP Request: HEAD https://huggingface.co/snunlp/KR-FinBert-SC/resolve/main/preprocessor_config.json "HTTP/1.1 404 Not Found"
2026-09-25 00:06:31,214 [INFO] __main__ — FinBERT 로드 완료 (CPU)
2026-09-25 00:06:38,226 [INFO] __main__ — Phase A.1: 매핑 신뢰도 < 0.5 → 감성 점수 폐기 9건
2026-09-25 00:06:38,226 [INFO] __main__ — [shadow] 필드별 검사 기준 폐기 1/9종목 (집행 9건 — 변동 없음)
2026-09-25 00:06:38,226 [INFO] __main__ — 스코어링: 9개 | 집중:0 | FinBERT:finbert
2026-09-25 00:06:38,242 [INFO] __main__ —   → 9개
2026-09-25 00:06:38,242 [INFO] __main__ — ▶ Step 4: 발송
2026-09-25 00:06:41,232 [INFO] __main__ — DB 기록: 4개 / 전체 to_send 4개
2026-09-25 00:06:41,232 [INFO] __main__ — 발송: 4종목 | 누적 4~10회 1 | 신규 0
2026-09-25 00:06:41,233 [INFO] __main__ — 완료  |  소요: 841.9초
2026-09-25 00:06:42,291 [INFO] track_outcomes — pool_history 대조군 9522건 추적 대상 포함
2026-09-25 00:06:42,361 [INFO] track_outcomes — 고아 행 150건 복원 (targets에서 탈락한 미완 키)
2026-09-25 00:06:42,361 [INFO] track_outcomes — 대상 19309건 | 갱신 필요 8405건 | 완료 스킵 11054건
2026-09-25 00:06:42,363 [INFO] track_outcomes —   가격 조회 고유 종목 941개 (기존 352 + 대조군 추가 589)
2026-09-25 00:26:52,626 [INFO] track_outcomes — outcomes 적재: 신규 238건 | 갱신(신규+보완) 238건
2026-09-25 14:44:11,326 [INFO] __main__ — config 검증 완료 ✓
2026-09-25 14:44:11,326 [INFO] __main__ — KIS 조회 도메인: 실전 (https://openapi.koreainvestment.com:9443)
2026-09-25 14:44:11,326 [INFO] __main__ — ============================================================
2026-09-25 14:44:11,326 [INFO] __main__ — AlphaRadar v3.3.1  |  기준일: 20260925  |  런: pm
2026-09-25 14:44:11,326 [INFO] __main__ — S = T×0.3 + S_text×0.4 + D×0.3
2026-09-25 14:44:11,326 [INFO] __main__ — ============================================================
2026-09-25 14:44:11,326 [INFO] __main__ — ▶ Step 0: 유니버스 필터링
2026-09-25 14:44:11,652 [INFO] __main__ — FDR 데이터 수집: 20260322 ~ 20260925
2026-09-25 14:44:13,456 [INFO] __main__ — master universe 메타: 캐시 사용 2760개 (year=2026)
2026-09-25 14:44:13,458 [INFO] __main__ — master 보강: 등급 833개 | FnGuide/KSIC 2543개 | 섹터(fg_industry) 2543개
2026-09-25 14:44:13,459 [INFO] __main__ — KOSPI: 942개 | 섹터정보 830개 (DART +827개 보완)
2026-09-25 14:44:13,459 [INFO] __main__ — KOSDAQ: 1821개 | 섹터정보 1742개
2026-09-25 14:44:13,459 [INFO] __main__ — 전체: 2763개
2026-09-25 14:44:15,481 [INFO] __main__ — KIS 토큰 발급 완료
2026-09-25 14:51:10,206 [INFO] __main__ — DART corp_code 매핑: 877/903개 (97%)
2026-09-25 14:51:10,207 [INFO] __main__ — 유효 유니버스: 903개
2026-09-25 14:51:10,214 [INFO] __main__ —   → 903개
2026-09-25 14:51:10,214 [INFO] __main__ — ▶ Step 1: 신호 탐지
2026-09-25 14:51:10,214 [INFO] __main__ — NaverClient: 3개 키 로드 (DataLab·검색 독립 회전)
2026-09-25 14:51:10,214 [INFO] __main__ — 관심 지수 및 부정 뉴스 비율 조회 중...
2026-09-25 14:51:13,553 [INFO] __main__ — 봇 주가요약 제외 [빛과전자]: 2건
2026-09-25 14:51:13,911 [INFO] __main__ — 봇 주가요약 제외 [아주IB투자]: 3건
2026-09-25 14:51:13,915 [INFO] __main__ — 봇 주가요약 제외 [광전자]: 1건
2026-09-25 14:51:14,940 [INFO] __main__ — 봇 주가요약 제외 [성호전자]: 2건
2026-09-25 14:51:16,815 [INFO] __main__ — 봇 주가요약 제외 [KBI메탈]: 2건
2026-09-25 14:51:16,932 [INFO] __main__ — 봇 주가요약 제외 [우리기술투자]: 2건
2026-09-25 14:51:17,390 [INFO] __main__ — 봇 주가요약 제외 [드림시큐리티]: 2건
2026-09-25 14:51:18,226 [INFO] __main__ — 봇 주가요약 제외 [삼미금속]: 3건
2026-09-25 14:51:19,682 [INFO] __main__ — 봇 주가요약 제외 [우리기술]: 1건
2026-09-25 14:51:20,869 [INFO] __main__ — 봇 주가요약 제외 [인제니아테라퓨틱스(Reg.S)]: 1건
2026-09-25 14:51:22,094 [INFO] __main__ — 봇 주가요약 제외 [후성]: 1건
2026-09-25 14:51:23,489 [INFO] __main__ — 봇 주가요약 제외 [에스엠벡셀]: 1건
2026-09-25 14:51:28,383 [INFO] __main__ — 봇 주가요약 제외 [티이엠씨]: 2건
2026-09-25 14:51:29,832 [INFO] __main__ — 봇 주가요약 제외 [티엠씨]: 1건
2026-09-25 14:51:35,186 [INFO] __main__ — 봇 주가요약 제외 [뉴파워프라즈마]: 1건
2026-09-25 14:51:37,089 [INFO] __main__ — 봇 주가요약 제외 [아이씨티케이]: 1건
2026-09-25 14:51:37,623 [INFO] __main__ — 봇 주가요약 제외 [다날]: 1건
2026-09-25 14:51:38,309 [INFO] __main__ — 봇 주가요약 제외 [아모텍]: 2건
2026-09-25 14:51:39,530 [INFO] __main__ — 봇 주가요약 제외 [오름테라퓨틱]: 2건
2026-09-25 14:51:43,194 [INFO] __main__ — 봇 주가요약 제외 [한양디지텍]: 1건
2026-09-25 14:51:47,456 [INFO] __main__ — 봇 주가요약 제외 [삼화콘덴서]: 2건
2026-09-25 14:51:48,077 [INFO] __main__ — 봇 주가요약 제외 [메가터치]: 1건
2026-09-25 14:51:49,195 [INFO] __main__ — 봇 주가요약 제외 [페니트리움바이오]: 2건
2026-09-25 14:51:51,654 [INFO] __main__ — 봇 주가요약 제외 [저스템]: 1건
2026-09-25 14:51:51,753 [INFO] __main__ — 봇 주가요약 제외 [RF머트리얼즈]: 1건
2026-09-25 14:51:52,989 [INFO] __main__ — 봇 주가요약 제외 [엠케이전자]: 1건
2026-09-25 14:51:54,213 [INFO] __main__ — 뉴스 시점 제외 [피델릭스]: 2건 (>14일/파싱실패)
2026-09-25 14:51:54,213 [INFO] __main__ — 봇 주가요약 제외 [피델릭스]: 1건
2026-09-25 14:51:55,440 [INFO] __main__ — 봇 주가요약 제외 [서진시스템]: 2건
2026-09-25 14:51:56,538 [INFO] __main__ — 봇 주가요약 제외 [비에이치]: 1건
2026-09-25 14:51:57,781 [INFO] __main__ — 봇 주가요약 제외 [지엔씨에너지]: 1건
2026-09-25 14:51:57,905 [INFO] __main__ — 봇 주가요약 제외 [제주반도체]: 1건
2026-09-25 14:51:58,423 [INFO] __main__ — 봇 주가요약 제외 [RFHIC]: 2건
2026-09-25 14:51:58,979 [INFO] __main__ — 봇 주가요약 제외 [코리아써키트]: 1건
2026-09-25 14:52:03,337 [INFO] __main__ — 봇 주가요약 제외 [한전기술]: 1건
2026-09-25 14:52:03,930 [INFO] __main__ — 뉴스 시점 제외 [KB스타리츠]: 8건 (>14일/파싱실패)
2026-09-25 14:52:06,480 [INFO] __main__ — 봇 주가요약 제외 [SK이터닉스]: 2건
2026-09-25 14:52:10,089 [INFO] __main__ — 봇 주가요약 제외 [코미코]: 2건
2026-09-25 14:52:10,161 [INFO] __main__ — 봇 주가요약 제외 [일진전기]: 2건
2026-09-25 14:52:11,489 [INFO] __main__ — 봇 주가요약 제외 [테크윙]: 2건
2026-09-25 14:52:11,495 [INFO] __main__ — 봇 주가요약 제외 [두산퓨얼셀]: 2건
2026-09-25 14:52:12,712 [INFO] __main__ — 뉴스 시점 제외 [맥쿼리인프라]: 5건 (>14일/파싱실패)
2026-09-25 14:52:14,088 [INFO] __main__ — 뉴스 시점 제외 [KB발해인프라]: 14건 (>14일/파싱실패)
2026-09-25 14:52:14,089 [INFO] __main__ — 봇 주가요약 제외 [DB하이텍]: 1건
2026-09-25 14:52:17,088 [INFO] __main__ — 봇 주가요약 제외 [HLB제약]: 2건
2026-09-25 14:52:18,548 [INFO] __main__ — 뉴스 시점 제외 [와이지-원]: 6건 (>14일/파싱실패)
2026-09-25 14:52:18,551 [INFO] __main__ — 봇 주가요약 제외 [심텍홀딩스]: 1건
2026-09-25 14:52:20,334 [INFO] __main__ — 뉴스 시점 제외 [글로벌텍스프리]: 7건 (>14일/파싱실패)
2026-09-25 14:52:21,503 [INFO] __main__ — 봇 주가요약 제외 [디앤디파마텍]: 1건
2026-09-25 14:52:25,585 [INFO] __main__ — 뉴스 시점 제외 [넥스틸]: 1건 (>14일/파싱실패)
2026-09-25 14:52:26,790 [INFO] __main__ — 봇 주가요약 제외 [서울반도체]: 2건
2026-09-25 14:52:29,241 [INFO] __main__ — 봇 주가요약 제외 [LS에코에너지]: 2건
2026-09-25 14:52:31,703 [INFO] __main__ — 뉴스 시점 제외 [에스에이엠티]: 7건 (>14일/파싱실패)
2026-09-25 14:52:32,942 [INFO] __main__ — 뉴스 시점 제외 [동국홀딩스]: 9건 (>14일/파싱실패)
2026-09-25 14:52:35,329 [INFO] __main__ — 봇 주가요약 제외 [명신산업]: 1건
2026-09-25 14:52:36,537 [INFO] __main__ — 봇 주가요약 제외 [LS ELECTRIC]: 2건
2026-09-25 14:52:36,615 [INFO] __main__ — 봇 주가요약 제외 [두산테스나]: 1건
2026-09-25 14:52:44,385 [INFO] __main__ — 뉴스 시점 제외 [ESR켄달스퀘어리츠]: 11건 (>14일/파싱실패)
2026-09-25 14:52:45,257 [INFO] __main__ — 봇 주가요약 제외 [HLB생명과학]: 1건
2026-09-25 14:52:52,550 [INFO] __main__ — 뉴스 시점 제외 [유니셈]: 7건 (>14일/파싱실패)
2026-09-25 14:52:52,550 [INFO] __main__ — 봇 주가요약 제외 [유니셈]: 2건
2026-09-25 14:53:01,159 [INFO] __main__ — 뉴스 시점 제외 [휴스틸]: 11건 (>14일/파싱실패)
2026-09-25 14:53:02,702 [INFO] __main__ — 뉴스 시점 제외 [미래에셋증권2우B]: 3건 (>14일/파싱실패)
2026-09-25 14:53:03,580 [INFO] __main__ — 뉴스 시점 제외 [시노펙스]: 1건 (>14일/파싱실패)
2026-09-25 14:53:03,920 [INFO] __main__ — 봇 주가요약 제외 [아스플로]: 1건
2026-09-25 14:53:04,820 [INFO] __main__ — 봇 주가요약 제외 [파이버프로]: 1건
2026-09-25 14:53:07,234 [INFO] __main__ — 봇 주가요약 제외 [유니테스트]: 1건
2026-09-25 14:53:08,506 [INFO] __main__ — 뉴스 시점 제외 [맵스리얼티]: 11건 (>14일/파싱실패)
2026-09-25 14:53:08,831 [INFO] __main__ — 봇 주가요약 제외 [에스피지]: 2건
2026-09-25 14:53:14,920 [INFO] __main__ — 봇 주가요약 제외 [해성디에스]: 1건
2026-09-25 14:53:16,131 [INFO] __main__ — 봇 주가요약 제외 [카페24]: 1건
2026-09-25 14:53:17,233 [INFO] __main__ — 봇 주가요약 제외 [서울바이오시스]: 1건
2026-09-25 14:53:21,231 [INFO] __main__ — 봇 주가요약 제외 [산일전기]: 3건
2026-09-25 14:53:25,473 [INFO] __main__ — 뉴스 시점 제외 [남해화학]: 6건 (>14일/파싱실패)
2026-09-25 14:53:25,983 [INFO] __main__ — 봇 주가요약 제외 [태성]: 1건
2026-09-25 14:53:27,384 [INFO] __main__ — 뉴스 시점 제외 [서부T&D]: 12건 (>14일/파싱실패)
2026-09-25 14:53:29,161 [INFO] __main__ — 뉴스 시점 제외 [이수화학]: 3건 (>14일/파싱실패)
2026-09-25 14:53:35,476 [INFO] __main__ — 봇 주가요약 제외 [티로보틱스]: 1건
2026-09-25 14:53:38,247 [INFO] __main__ — 봇 주가요약 제외 [원익QnC]: 1건
2026-09-25 14:53:40,693 [INFO] __main__ — 봇 주가요약 제외 [가온칩스]: 1건
2026-09-25 14:53:41,569 [INFO] __main__ — 뉴스 시점 제외 [엘브이엠씨홀딩스]: 15건 (>14일/파싱실패)
2026-09-25 14:53:44,929 [INFO] __main__ — 뉴스 시점 제외 [오리엔탈정공]: 8건 (>14일/파싱실패)
2026-09-25 14:53:46,147 [INFO] __main__ — 봇 주가요약 제외 [프로티나]: 1건
2026-09-25 14:53:48,972 [INFO] __main__ — 봇 주가요약 제외 [셀바스AI]: 1건
2026-09-25 14:53:52,625 [INFO] __main__ — 봇 주가요약 제외 [에스앤에스텍]: 2건
2026-09-25 14:53:54,736 [INFO] __main__ — 봇 주가요약 제외 [유진테크]: 1건
2026-09-25 14:54:04,081 [INFO] __main__ — 뉴스 시점 제외 [신한알파리츠]: 11건 (>14일/파싱실패)
2026-09-25 14:54:07,004 [INFO] __main__ — 뉴스 시점 제외 [현대차2우B]: 8건 (>14일/파싱실패)
2026-09-25 14:54:13,312 [INFO] __main__ — 뉴스 시점 제외 [칩스앤미디어]: 5건 (>14일/파싱실패)
2026-09-25 14:54:20,173 [INFO] __main__ — 봇 주가요약 제외 [상아프론테크]: 1건
2026-09-25 14:54:22,324 [INFO] __main__ — 봇 주가요약 제외 [에스비비테크]: 1건
2026-09-25 14:54:24,083 [INFO] __main__ — 뉴스 시점 제외 [대원강업]: 4건 (>14일/파싱실패)
2026-09-25 14:54:31,638 [INFO] __main__ — 뉴스 시점 제외 [젬백스]: 10건 (>14일/파싱실패)
2026-09-25 14:54:34,108 [INFO] __main__ — 뉴스 시점 제외 [나이스정보통신]: 6건 (>14일/파싱실패)
2026-09-25 14:54:35,969 [INFO] __main__ — 뉴스 시점 제외 [이지홀딩스]: 9건 (>14일/파싱실패)
2026-09-25 14:54:37,886 [INFO] __main__ — 봇 주가요약 제외 [하나머티리얼즈]: 1건
2026-09-25 14:54:38,411 [INFO] __main__ — 뉴스 시점 제외 [한화리츠]: 11건 (>14일/파싱실패)
2026-09-25 14:54:40,709 [INFO] __main__ — 뉴스 시점 제외 [신흥에스이씨]: 6건 (>14일/파싱실패)
2026-09-25 14:54:42,058 [INFO] __main__ — 부정 키워드 감지: 15개 종목 (neg_ratio > 0)
2026-09-25 14:54:42,060 [INFO] __main__ — 수급일수충족·합계음수 제외: 74개
2026-09-25 14:54:46,629 [INFO] __main__ — 봇 주가요약 제외 [경동나비엔]: 1건
2026-09-25 14:54:48,226 [INFO] __main__ — 뉴스 시점 제외 [풍산홀딩스]: 10건 (>14일/파싱실패)
2026-09-25 14:54:48,227 [INFO] __main__ — 뉴스 시점 제외 [CJ4우(전환)]: 14건 (>14일/파싱실패)
2026-09-25 14:54:48,906 [INFO] __main__ — 봇 주가요약 제외 [케이씨]: 1건
2026-09-25 14:54:49,592 [INFO] __main__ — 뉴스 시점 제외 [아모레퍼시픽우]: 12건 (>14일/파싱실패)
2026-09-25 14:54:50,258 [INFO] __main__ — 뉴스 시점 제외 [조광피혁]: 9건 (>14일/파싱실패)
2026-09-25 14:54:50,284 [INFO] __main__ — 뉴스 시점 제외 [코람코라이프인프라리츠]: 7건 (>14일/파싱실패)
2026-09-25 14:54:50,939 [INFO] __main__ — 뉴스 시점 제외 [신대양제지]: 15건 (>14일/파싱실패)
2026-09-25 14:54:50,960 [INFO] __main__ — 뉴스 시점 제외 [삼성물산우B]: 13건 (>14일/파싱실패)
2026-09-25 14:54:51,593 [INFO] __main__ — 뉴스 시점 제외 [일진홀딩스]: 4건 (>14일/파싱실패)
2026-09-25 14:54:51,638 [INFO] __main__ — 뉴스 시점 제외 [S-Oil우]: 13건 (>14일/파싱실패)
2026-09-25 14:54:52,271 [INFO] __main__ — 뉴스 시점 제외 [아세아제지]: 12건 (>14일/파싱실패)
2026-09-25 14:54:52,943 [INFO] __main__ — 뉴스 시점 제외 [SIMPAC]: 13건 (>14일/파싱실패)
2026-09-25 14:54:54,668 [INFO] __main__ — 뉴스 시점 제외 [삼영전자]: 10건 (>14일/파싱실패)
2026-09-25 14:54:54,997 [INFO] __main__ — 뉴스 시점 제외 [신한서부티엔디리츠]: 11건 (>14일/파싱실패)
2026-09-25 14:54:55,674 [INFO] __main__ — 뉴스 시점 제외 [미원화학]: 10건 (>14일/파싱실패)
2026-09-25 14:54:55,680 [INFO] __main__ — 뉴스 시점 제외 [대신밸류리츠]: 14건 (>14일/파싱실패)
2026-09-25 14:54:56,356 [INFO] __main__ — 뉴스 시점 제외 [LG생활건강우]: 11건 (>14일/파싱실패)
2026-09-25 14:54:56,681 [INFO] __main__ — 뉴스 시점 제외 [천일고속]: 13건 (>14일/파싱실패)
2026-09-25 14:54:57,356 [INFO] __main__ — 뉴스 시점 제외 [큐리옥스바이오시스템즈]: 10건 (>14일/파싱실패)
2026-09-25 14:54:58,371 [INFO] __main__ — 봇 주가요약 제외 [솔브레인홀딩스]: 1건
2026-09-25 14:55:01,803 [INFO] __main__ — 뉴스 시점 제외 [토모큐브]: 2건 (>14일/파싱실패)
2026-09-25 14:55:02,466 [INFO] __main__ — 봇 주가요약 제외 [매커스]: 1건
2026-09-25 14:55:04,052 [INFO] __main__ — 뉴스 시점 제외 [한라IMS]: 5건 (>14일/파싱실패)
2026-09-25 14:55:04,423 [INFO] __main__ — 뉴스 시점 제외 [에코아이]: 11건 (>14일/파싱실패)
2026-09-25 14:55:05,149 [INFO] __main__ — 뉴스 시점 제외 [우주일렉트로]: 5건 (>14일/파싱실패)
2026-09-25 14:55:05,150 [INFO] __main__ — 봇 주가요약 제외 [우주일렉트로]: 1건
2026-09-25 14:55:05,753 [INFO] __main__ — 뉴스 시점 제외 [케이티알파]: 12건 (>14일/파싱실패)
2026-09-25 14:55:08,498 [INFO] __main__ — 뉴스 시점 제외 [엠로]: 2건 (>14일/파싱실패)
2026-09-25 14:55:08,837 [INFO] __main__ — POOL_A 후보 부정뉴스 2차 조회: 118개
2026-09-25 14:55:08,839 [INFO] __main__ — POOL_A: 405개 (A:240 B:77 동시:88) | 부정게이트 제외:2
  대형:59 중형:173 소형:173
2026-09-25 14:55:08,846 [INFO] __main__ — 대조군 표본(무신호): 40개 / 모집단 498개 → pool_history
2026-09-25 14:55:08,848 [INFO] __main__ —   → POOL_A: 405개
2026-09-25 14:55:08,848 [INFO] __main__ — ▶ Step 2: 하드 필터링
2026-09-25 14:55:08,849 [INFO] __main__ — 하드 필터 제거: 393개 | 과열배제 70 | 이격도상한 23 | 이격도하한 18 | MA추세 206 | RSI과열 9 | 거래대금 67
2026-09-25 14:55:08,850 [INFO] __main__ — 과열 gated 기록: 70개 → gated_tickers
2026-09-25 14:55:08,853 [INFO] __main__ — 대조군 표본(필터탈락): 170개 / 모집단 393개 → pool_history
2026-09-25 14:55:08,853 [INFO] __main__ — POOL_B: 12개 | 대형:0 중형:5 소형:7
2026-09-25 14:55:08,853 [INFO] __main__ —   → POOL_B: 12개
2026-09-25 14:55:08,853 [INFO] __main__ — ▶ Step 3: 스코어링 (FinBERT 감성 분석)
2026-09-25 14:55:08,853 [INFO] __main__ — NaverClient: 3개 키 로드 (DataLab·검색 독립 회전)
2026-09-25 14:55:08,854 [INFO] __main__ — 텍스트 신규 수집: 3종목 (캐시 적중 9종목)
2026-09-25 14:55:09,436 [INFO] __main__ — 봇 주가요약 제외 [SK이터닉스]: 4건
2026-09-25 14:55:14,295 [INFO] __main__ — 기사 보존(수집): 95건 (12종목) → news_articles
2026-09-25 14:55:14,297 [INFO] __main__ — 공시 보존(수집): 19건 (12종목) → dart_filings
2026-09-25 14:55:14,298 [INFO] __main__ — 수집 완료: 뉴스 95건 | 공시 19건
2026-09-25 14:55:14,298 [INFO] __main__ — FinBERT 감성 분석 (finbert 모드)...
2026-09-25 14:55:14,299 [INFO] __main__ — FinBERT 로딩: snunlp/KR-FinBert-SC (CPU, batch=8)
2026-09-25 14:55:14,384 [INFO] httpx — HTTP Request: GET https://huggingface.co/api/agent-harnesses "HTTP/1.1 200 OK"
2026-09-25 14:55:14,423 [INFO] httpx — HTTP Request: HEAD https://huggingface.co/snunlp/KR-FinBert-SC/resolve/main/config.json "HTTP/1.1 307 Temporary Redirect"
2026-09-25 14:55:14,424 [WARNING] huggingface_hub.utils._http — Warning: You are sending unauthenticated requests to the HF Hub. Please set a HF_TOKEN to enable higher rate limits and faster downloads.
2026-09-25 14:55:14,430 [INFO] httpx — HTTP Request: HEAD https://huggingface.co/api/resolve-cache/models/snunlp/KR-FinBert-SC/f8586286cc3161fb648e9fee09a456069fd846d0/config.json?%2Fsnunlp%2FKR-FinBert-SC%2Fresolve%2Fmain%2Fconfig.json=&etag=%22bd00b2460e394f69e29e6438699e074cbac9584e%22 "HTTP/1.1 200 OK"
2026-09-25 14:55:14,493 [INFO] httpx — HTTP Request: HEAD https://huggingface.co/snunlp/KR-FinBert-SC/resolve/main/model.safetensors "HTTP/1.1 404 Not Found"
2026-09-25 14:55:14,538 [INFO] httpx — HTTP Request: GET https://huggingface.co/api/models/snunlp/KR-FinBert-SC "HTTP/1.1 200 OK"
2026-09-25 14:55:14,595 [INFO] httpx — HTTP Request: GET https://huggingface.co/api/models/snunlp/KR-FinBert-SC/commits/main "HTTP/1.1 200 OK"
2026-09-25 14:55:14,644 [INFO] httpx — HTTP Request: GET https://huggingface.co/api/models/snunlp/KR-FinBert-SC/discussions?p=0 "HTTP/1.1 200 OK"
2026-09-25 14:55:14,666 [INFO] httpx — HTTP Request: GET https://huggingface.co/api/models/snunlp/KR-FinBert-SC/tree/main/additional_chat_templates?recursive=false&expand=false "HTTP/1.1 404 Not Found"
2026-09-25 14:55:14,692 [INFO] httpx — HTTP Request: GET https://huggingface.co/api/models/snunlp/KR-FinBert-SC/commits/refs%2Fpr%2F3 "HTTP/1.1 200 OK"
2026-09-25 14:55:14,707 [INFO] httpx — HTTP Request: GET https://huggingface.co/api/models/snunlp/KR-FinBert-SC/tree/main?recursive=true&expand=false "HTTP/1.1 200 OK"
2026-09-25 14:55:14,734 [INFO] httpx — HTTP Request: HEAD https://huggingface.co/snunlp/KR-FinBert-SC/resolve/refs%2Fpr%2F3/model.safetensors.index.json "HTTP/1.1 404 Not Found"
2026-09-25 14:55:14,761 [INFO] httpx — HTTP Request: HEAD https://huggingface.co/snunlp/KR-FinBert-SC/resolve/main/processor_config.json "HTTP/1.1 404 Not Found"
2026-09-25 14:55:14,779 [INFO] httpx — HTTP Request: HEAD https://huggingface.co/snunlp/KR-FinBert-SC/resolve/refs%2Fpr%2F3/model.safetensors "HTTP/1.1 302 Found"
2026-09-25 14:55:14,795 [INFO] httpx — HTTP Request: HEAD https://huggingface.co/snunlp/KR-FinBert-SC/resolve/main/video_preprocessor_config.json "HTTP/1.1 404 Not Found"
2026-09-25 14:55:14,833 [INFO] httpx — HTTP Request: HEAD https://huggingface.co/snunlp/KR-FinBert-SC/resolve/main/preprocessor_config.json "HTTP/1.1 404 Not Found"
2026-09-25 14:55:14,834 [INFO] __main__ — FinBERT 로드 완료 (CPU)
2026-09-25 14:55:27,605 [INFO] __main__ — Phase A.1: 매핑 신뢰도 < 0.5 → 감성 점수 폐기 11건
2026-09-25 14:55:27,605 [INFO] __main__ — [shadow] 필드별 검사 기준 폐기 1/12종목 (집행 11건 — 변동 없음)
2026-09-25 14:55:27,606 [INFO] __main__ — 스코어링: 12개 | 집중:0 | FinBERT:finbert
2026-09-25 14:55:27,623 [INFO] __main__ —   → 12개
2026-09-25 14:55:27,623 [INFO] __main__ — ▶ Step 4: 발송
2026-09-25 14:55:31,518 [INFO] __main__ — DB 기록: 6개 / 전체 to_send 6개
2026-09-25 14:55:31,518 [INFO] __main__ — 발송: 6종목 | 누적 4~10회 1 | 신규 0
2026-09-25 14:55:31,518 [INFO] __main__ — 완료  |  소요: 680.2초
2026-09-25 14:55:32,819 [INFO] track_outcomes — pool_history 대조군 9666건 추적 대상 포함
2026-09-25 14:55:32,914 [INFO] track_outcomes — 고아 행 150건 복원 (targets에서 탈락한 미완 키)
2026-09-25 14:55:32,915 [INFO] track_outcomes — 대상 19472건 | 갱신 필요 8568건 | 완료 스킵 11054건
2026-09-25 14:55:32,917 [INFO] track_outcomes —   가격 조회 고유 종목 941개 (기존 352 + 대조군 추가 589)
2026-09-25 15:13:23,154 [INFO] track_outcomes — outcomes 적재: 신규 163건 | 갱신(신규+보완) 163건
