2026-07-12 23:34:35,516 [INFO] __main__ — config 검증 완료 ✓
2026-07-12 23:34:35,516 [INFO] __main__ — ============================================================
2026-07-12 23:34:35,516 [INFO] __main__ — AlphaRadar v3.3.1  |  기준일: 20260712
2026-07-12 23:34:35,517 [INFO] __main__ — S = T×0.3 + S_text×0.4 + D×0.3
2026-07-12 23:34:35,517 [INFO] __main__ — ============================================================
2026-07-12 23:34:35,517 [INFO] __main__ — ▶ Step 0: 유니버스 필터링
2026-07-12 23:34:35,665 [INFO] __main__ — 날짜 조정: 20260712 → 20260710
2026-07-12 23:34:35,665 [INFO] __main__ — FDR 데이터 수집: 20260104 ~ 20260710
2026-07-12 23:34:37,252 [INFO] __main__ — KOSPI: 945개 | 섹터정보 835개 (DART +835개 보완)
2026-07-12 23:34:37,252 [INFO] __main__ — KOSDAQ: 1820개 | 섹터정보 1820개
2026-07-12 23:34:37,252 [INFO] __main__ — 전체: 2765개
2026-07-12 23:34:39,493 [INFO] __main__ — KIS 토큰 발급 완료
2026-07-12 23:49:41,297 [INFO] __main__ — DART corp_code 매핑: 2176/2230개 (97%)
2026-07-12 23:49:41,297 [INFO] __main__ — 유효 유니버스: 2230개
2026-07-12 23:49:41,308 [INFO] __main__ —   → 2230개
2026-07-12 23:49:41,308 [INFO] __main__ — ▶ Step 1: 신호 탐지
2026-07-12 23:49:41,308 [INFO] __main__ — NaverClient: 3개 키 로드 (DataLab·검색 독립 회전)
2026-07-12 23:49:41,308 [INFO] __main__ — 관심 지수 및 부정 뉴스 비율 조회 중...
2026-07-12 23:50:14,164 [INFO] __main__ — 뉴스 시점 제외 [KX하이텍]: 7건 (>14일/파싱실패)
2026-07-12 23:50:19,557 [INFO] __main__ — 뉴스 시점 제외 [에스씨디]: 10건 (>14일/파싱실패)
2026-07-12 23:50:26,199 [INFO] __main__ — 뉴스 시점 제외 [맥쿼리인프라]: 4건 (>14일/파싱실패)
2026-07-12 23:50:30,936 [INFO] __main__ — 뉴스 시점 제외 [케일럼]: 12건 (>14일/파싱실패)
2026-07-12 23:50:31,992 [INFO] __main__ — 뉴스 시점 제외 [GRT]: 4건 (>14일/파싱실패)
2026-07-12 23:50:49,466 [INFO] __main__ — 뉴스 시점 제외 [보성파워텍]: 1건 (>14일/파싱실패)
2026-07-12 23:50:55,799 [INFO] __main__ — 뉴스 시점 제외 [삼성공조]: 9건 (>14일/파싱실패)
2026-07-12 23:50:59,844 [INFO] __main__ — 뉴스 시점 제외 [KBI동양철관]: 7건 (>14일/파싱실패)
2026-07-12 23:51:21,142 [INFO] __main__ — 뉴스 시점 제외 [한국팩키지]: 14건 (>14일/파싱실패)
2026-07-12 23:51:21,172 [INFO] __main__ — 뉴스 시점 제외 [서울식품]: 10건 (>14일/파싱실패)
2026-07-12 23:51:21,610 [INFO] __main__ — 뉴스 시점 제외 [샘씨엔에스]: 7건 (>14일/파싱실패)
2026-07-12 23:51:26,326 [INFO] __main__ — 뉴스 시점 제외 [KB스타리츠]: 9건 (>14일/파싱실패)
2026-07-12 23:51:28,253 [INFO] __main__ — 뉴스 시점 제외 [우리기술투자]: 9건 (>14일/파싱실패)
2026-07-12 23:51:32,937 [INFO] __main__ — 뉴스 시점 제외 [수산세보틱스]: 10건 (>14일/파싱실패)
2026-07-12 23:51:36,520 [INFO] __main__ — 뉴스 시점 제외 [엘브이엠씨홀딩스]: 10건 (>14일/파싱실패)
2026-07-12 23:51:40,014 [INFO] __main__ — 뉴스 시점 제외 [아남전자]: 8건 (>14일/파싱실패)
2026-07-12 23:51:40,072 [INFO] __main__ — 뉴스 시점 제외 [일신석재]: 9건 (>14일/파싱실패)
2026-07-12 23:51:41,195 [INFO] __main__ — 뉴스 시점 제외 [HB솔루션]: 2건 (>14일/파싱실패)
2026-07-12 23:51:42,369 [INFO] __main__ — 뉴스 시점 제외 [대아티아이]: 2건 (>14일/파싱실패)
2026-07-12 23:51:49,684 [INFO] __main__ — 뉴스 시점 제외 [빅텍]: 1건 (>14일/파싱실패)
2026-07-12 23:51:52,873 [INFO] __main__ — 뉴스 시점 제외 [미래에셋증권2우B]: 14건 (>14일/파싱실패)
2026-07-12 23:51:56,887 [INFO] __main__ — 뉴스 시점 제외 [대영포장]: 15건 (>14일/파싱실패)
2026-07-12 23:51:57,442 [INFO] __main__ — 뉴스 시점 제외 [해성옵틱스]: 4건 (>14일/파싱실패)
2026-07-12 23:51:58,067 [INFO] __main__ — 뉴스 시점 제외 [아이로보틱스]: 5건 (>14일/파싱실패)
2026-07-12 23:51:59,285 [INFO] __main__ — 뉴스 시점 제외 [THE E&M]: 13건 (>14일/파싱실패)
2026-07-12 23:52:00,520 [INFO] __main__ — 뉴스 시점 제외 [ESR켄달스퀘어리츠]: 5건 (>14일/파싱실패)
2026-07-12 23:52:04,149 [INFO] __main__ — 뉴스 시점 제외 [옴니시스템]: 2건 (>14일/파싱실패)
2026-07-12 23:52:05,912 [INFO] __main__ — 뉴스 시점 제외 [시너지이노베이션]: 11건 (>14일/파싱실패)
2026-07-12 23:52:07,308 [INFO] __main__ — 뉴스 시점 제외 [팸텍]: 7건 (>14일/파싱실패)
2026-07-12 23:52:07,914 [INFO] __main__ — 뉴스 시점 제외 [씨피시스템]: 8건 (>14일/파싱실패)
2026-07-12 23:52:11,463 [INFO] __main__ — 뉴스 시점 제외 [모헨즈]: 6건 (>14일/파싱실패)
2026-07-12 23:52:17,390 [INFO] __main__ — 뉴스 시점 제외 [에쎈테크]: 11건 (>14일/파싱실패)
2026-07-12 23:52:17,911 [INFO] __main__ — 뉴스 시점 제외 [위지트]: 12건 (>14일/파싱실패)
2026-07-12 23:52:23,412 [INFO] __main__ — 뉴스 시점 제외 [네오오토]: 11건 (>14일/파싱실패)
2026-07-12 23:52:24,480 [INFO] __main__ — 뉴스 시점 제외 [와이제이링크]: 10건 (>14일/파싱실패)
2026-07-12 23:52:29,924 [INFO] __main__ — 뉴스 시점 제외 [삼륭물산]: 14건 (>14일/파싱실패)
2026-07-12 23:52:32,781 [INFO] __main__ — 뉴스 시점 제외 [심텍홀딩스]: 7건 (>14일/파싱실패)
2026-07-12 23:52:36,316 [INFO] __main__ — 뉴스 시점 제외 [휴스틸]: 1건 (>14일/파싱실패)
2026-07-12 23:52:39,829 [INFO] __main__ — 뉴스 시점 제외 [에이티넘인베스트]: 13건 (>14일/파싱실패)
2026-07-12 23:52:49,115 [INFO] __main__ — 뉴스 시점 제외 [영화금속]: 12건 (>14일/파싱실패)
2026-07-12 23:52:51,485 [INFO] __main__ — 뉴스 시점 제외 [MDS테크]: 5건 (>14일/파싱실패)
2026-07-12 23:52:55,583 [INFO] __main__ — 뉴스 시점 제외 [지에스이]: 9건 (>14일/파싱실패)
2026-07-12 23:52:55,809 [INFO] __main__ — 뉴스 시점 제외 [경인양행]: 9건 (>14일/파싱실패)
2026-07-12 23:52:58,387 [INFO] __main__ — 뉴스 시점 제외 [한일철강]: 8건 (>14일/파싱실패)
2026-07-12 23:52:59,764 [INFO] __main__ — 뉴스 시점 제외 [이루온]: 10건 (>14일/파싱실패)
2026-07-12 23:53:01,771 [INFO] __main__ — 뉴스 시점 제외 [성도이엔지]: 9건 (>14일/파싱실패)
2026-07-12 23:53:02,103 [INFO] __main__ — 뉴스 시점 제외 [티케이케미칼]: 11건 (>14일/파싱실패)
2026-07-12 23:53:03,466 [INFO] __main__ — 뉴스 시점 제외 [태양금속]: 11건 (>14일/파싱실패)
2026-07-12 23:53:06,018 [INFO] __main__ — 뉴스 시점 제외 [케이엠더블유]: 3건 (>14일/파싱실패)
2026-07-12 23:53:07,458 [INFO] __main__ — 부정 키워드 감지: 32개 종목 (neg_ratio > 0)
2026-07-12 23:53:07,462 [INFO] __main__ — 수급일수충족·합계음수 제외: 101개
2026-07-12 23:53:18,531 [INFO] __main__ — 뉴스 시점 제외 [두산우]: 15건 (>14일/파싱실패)
2026-07-12 23:53:19,337 [INFO] __main__ — 뉴스 시점 제외 [SK리츠]: 7건 (>14일/파싱실패)
2026-07-12 23:53:21,796 [INFO] __main__ — 뉴스 시점 제외 [LG전자우]: 10건 (>14일/파싱실패)
2026-07-12 23:53:21,966 [INFO] __main__ — 뉴스 시점 제외 [삼성화재우]: 12건 (>14일/파싱실패)
2026-07-12 23:53:22,775 [INFO] __main__ — 뉴스 시점 제외 [롯데리츠]: 14건 (>14일/파싱실패)
2026-07-12 23:53:25,069 [INFO] __main__ — 뉴스 시점 제외 [SNT홀딩스]: 13건 (>14일/파싱실패)
2026-07-12 23:53:26,560 [INFO] __main__ — 뉴스 시점 제외 [세진중공업]: 2건 (>14일/파싱실패)
2026-07-12 23:53:27,230 [INFO] __main__ — 뉴스 시점 제외 [신한알파리츠]: 14건 (>14일/파싱실패)
2026-07-12 23:53:29,337 [INFO] __main__ — 뉴스 시점 제외 [미원에스씨]: 5건 (>14일/파싱실패)
2026-07-12 23:53:29,350 [INFO] __main__ — 뉴스 시점 제외 [맵스리얼티]: 15건 (>14일/파싱실패)
2026-07-12 23:53:29,999 [INFO] __main__ — 뉴스 시점 제외 [풍산홀딩스]: 11건 (>14일/파싱실패)
2026-07-12 23:53:30,003 [INFO] __main__ — 뉴스 시점 제외 [바이오노트]: 7건 (>14일/파싱실패)
2026-07-12 23:53:31,280 [INFO] __main__ — 뉴스 시점 제외 [삼성FN리츠]: 7건 (>14일/파싱실패)
2026-07-12 23:53:32,583 [INFO] __main__ — 뉴스 시점 제외 [농심홀딩스]: 4건 (>14일/파싱실패)
2026-07-12 23:53:32,807 [INFO] __main__ — 뉴스 시점 제외 [조광피혁]: 13건 (>14일/파싱실패)
2026-07-12 23:53:33,236 [INFO] __main__ — 뉴스 시점 제외 [아모레퍼시픽우]: 11건 (>14일/파싱실패)
2026-07-12 23:53:33,459 [INFO] __main__ — 뉴스 시점 제외 [신도리코]: 8건 (>14일/파싱실패)
2026-07-12 23:53:33,625 [INFO] __main__ — 뉴스 시점 제외 [코람코라이프인프라리츠]: 14건 (>14일/파싱실패)
2026-07-12 23:53:34,543 [INFO] __main__ — 뉴스 시점 제외 [두산2우B]: 15건 (>14일/파싱실패)
2026-07-12 23:53:34,938 [INFO] __main__ — 뉴스 시점 제외 [KPX홀딩스]: 10건 (>14일/파싱실패)
2026-07-12 23:53:35,191 [INFO] __main__ — 뉴스 시점 제외 [율촌화학]: 7건 (>14일/파싱실패)
2026-07-12 23:53:35,414 [INFO] __main__ — 뉴스 시점 제외 [일진하이솔루스]: 6건 (>14일/파싱실패)
2026-07-12 23:53:36,703 [INFO] __main__ — 뉴스 시점 제외 [삼성물산우B]: 15건 (>14일/파싱실패)
2026-07-12 23:53:37,131 [INFO] __main__ — 뉴스 시점 제외 [국도화학]: 12건 (>14일/파싱실패)
2026-07-12 23:53:37,514 [INFO] __main__ — 뉴스 시점 제외 [현대퓨처넷]: 13건 (>14일/파싱실패)
2026-07-12 23:53:39,083 [INFO] __main__ — 뉴스 시점 제외 [아세아제지]: 13건 (>14일/파싱실패)
2026-07-12 23:53:41,028 [INFO] __main__ — 뉴스 시점 제외 [서울가스]: 7건 (>14일/파싱실패)
2026-07-12 23:53:41,434 [INFO] __main__ — 뉴스 시점 제외 [대상홀딩스]: 3건 (>14일/파싱실패)
2026-07-12 23:53:41,880 [INFO] __main__ — 뉴스 시점 제외 [S-Oil우]: 12건 (>14일/파싱실패)
2026-07-12 23:53:43,341 [INFO] __main__ — 뉴스 시점 제외 [미창석유]: 13건 (>14일/파싱실패)
2026-07-12 23:53:43,609 [INFO] __main__ — 뉴스 시점 제외 [CR홀딩스]: 11건 (>14일/파싱실패)
2026-07-12 23:53:44,045 [INFO] __main__ — 뉴스 시점 제외 [천일고속]: 15건 (>14일/파싱실패)
2026-07-12 23:53:45,339 [INFO] __main__ — 뉴스 시점 제외 [미원화학]: 12건 (>14일/파싱실패)
2026-07-12 23:53:46,207 [INFO] __main__ — 뉴스 시점 제외 [동아지질]: 4건 (>14일/파싱실패)
2026-07-12 23:53:46,850 [INFO] __main__ — 뉴스 시점 제외 [LG생활건강우]: 14건 (>14일/파싱실패)
2026-07-12 23:53:47,491 [INFO] __main__ — 뉴스 시점 제외 [대성에너지]: 7건 (>14일/파싱실패)
2026-07-12 23:53:47,876 [INFO] __main__ — 뉴스 시점 제외 [대성산업]: 5건 (>14일/파싱실패)
2026-07-12 23:53:48,130 [INFO] __main__ — 뉴스 시점 제외 [화승엔터프라이즈]: 9건 (>14일/파싱실패)
2026-07-12 23:53:48,520 [INFO] __main__ — 뉴스 시점 제외 [LG우]: 14건 (>14일/파싱실패)
2026-07-12 23:53:48,581 [INFO] __main__ — 뉴스 시점 제외 [대신증권2우B]: 15건 (>14일/파싱실패)
2026-07-12 23:53:48,782 [INFO] __main__ — 뉴스 시점 제외 [진양홀딩스]: 8건 (>14일/파싱실패)
2026-07-12 23:53:49,169 [INFO] __main__ — 뉴스 시점 제외 [하이트진로홀딩스]: 11건 (>14일/파싱실패)
2026-07-12 23:53:49,435 [INFO] __main__ — 뉴스 시점 제외 [조선내화]: 9건 (>14일/파싱실패)
2026-07-12 23:53:50,468 [INFO] __main__ — 뉴스 시점 제외 [유화증권]: 6건 (>14일/파싱실패)
2026-07-12 23:53:52,046 [INFO] __main__ — 뉴스 시점 제외 [SYTS]: 12건 (>14일/파싱실패)
2026-07-12 23:53:52,415 [INFO] __main__ — 뉴스 시점 제외 [현대비앤지스틸]: 9건 (>14일/파싱실패)
2026-07-12 23:53:52,691 [INFO] __main__ — 뉴스 시점 제외 [사조씨푸드]: 12건 (>14일/파싱실패)
2026-07-12 23:53:53,334 [INFO] __main__ — 뉴스 시점 제외 [CJ제일제당 우]: 15건 (>14일/파싱실패)
2026-07-12 23:53:54,000 [INFO] __main__ — 뉴스 시점 제외 [한국주철관]: 13건 (>14일/파싱실패)
2026-07-12 23:53:55,676 [INFO] __main__ — 뉴스 시점 제외 [태경산업]: 7건 (>14일/파싱실패)
2026-07-12 23:53:55,691 [INFO] __main__ — 뉴스 시점 제외 [화승인더]: 15건 (>14일/파싱실패)
2026-07-12 23:53:56,324 [INFO] __main__ — 뉴스 시점 제외 [화승코퍼레이션]: 13건 (>14일/파싱실패)
2026-07-12 23:53:56,975 [INFO] __main__ — 뉴스 시점 제외 [이지스레지던스리츠]: 15건 (>14일/파싱실패)
2026-07-12 23:53:57,632 [INFO] __main__ — 뉴스 시점 제외 [한솔홀딩스]: 6건 (>14일/파싱실패)
2026-07-12 23:53:57,645 [INFO] __main__ — 뉴스 시점 제외 [와이투솔루션]: 8건 (>14일/파싱실패)
2026-07-12 23:53:58,291 [INFO] __main__ — 뉴스 시점 제외 [인천도시가스]: 11건 (>14일/파싱실패)
2026-07-12 23:53:58,566 [INFO] __main__ — 뉴스 시점 제외 [DKME]: 10건 (>14일/파싱실패)
2026-07-12 23:53:58,957 [INFO] __main__ — 뉴스 시점 제외 [태경비케이]: 7건 (>14일/파싱실패)
2026-07-12 23:53:59,626 [INFO] __main__ — 뉴스 시점 제외 [티에이치엔]: 5건 (>14일/파싱실패)
2026-07-12 23:53:59,856 [INFO] __main__ — 뉴스 시점 제외 [현대코퍼레이션홀딩스]: 12건 (>14일/파싱실패)
2026-07-12 23:54:00,243 [INFO] __main__ — 뉴스 시점 제외 [대성홀딩스]: 10건 (>14일/파싱실패)
2026-07-12 23:54:00,270 [INFO] __main__ — 뉴스 시점 제외 [아시아나IDT]: 11건 (>14일/파싱실패)
2026-07-12 23:54:00,946 [INFO] __main__ — 뉴스 시점 제외 [HS애드]: 11건 (>14일/파싱실패)
2026-07-12 23:54:01,549 [INFO] __main__ — 뉴스 시점 제외 [황금에스티]: 7건 (>14일/파싱실패)
2026-07-12 23:54:02,198 [INFO] __main__ — 뉴스 시점 제외 [DL이앤씨2우(전환)]: 13건 (>14일/파싱실패)
2026-07-12 23:54:02,241 [INFO] __main__ — 뉴스 시점 제외 [크라운해태홀딩스]: 9건 (>14일/파싱실패)
2026-07-12 23:54:02,884 [INFO] __main__ — 뉴스 시점 제외 [CS홀딩스]: 14건 (>14일/파싱실패)
2026-07-12 23:54:03,126 [INFO] __main__ — 뉴스 시점 제외 [DSR제강]: 9건 (>14일/파싱실패)
2026-07-12 23:54:03,498 [INFO] __main__ — 뉴스 시점 제외 [한신기계]: 11건 (>14일/파싱실패)
2026-07-12 23:54:03,528 [INFO] __main__ — 뉴스 시점 제외 [사조오양]: 8건 (>14일/파싱실패)
2026-07-12 23:54:03,786 [INFO] __main__ — 뉴스 시점 제외 [한국수출포장]: 15건 (>14일/파싱실패)
2026-07-12 23:54:04,139 [INFO] __main__ — 뉴스 시점 제외 [한솔로지스틱스]: 11건 (>14일/파싱실패)
2026-07-12 23:54:04,170 [INFO] __main__ — 뉴스 시점 제외 [CJ씨푸드]: 8건 (>14일/파싱실패)
2026-07-12 23:54:05,095 [INFO] __main__ — 뉴스 시점 제외 [삼정펄프]: 14건 (>14일/파싱실패)
2026-07-12 23:54:05,432 [INFO] __main__ — 뉴스 시점 제외 [SK이노베이션우]: 14건 (>14일/파싱실패)
2026-07-12 23:54:05,457 [INFO] __main__ — 뉴스 시점 제외 [NH프라임리츠]: 12건 (>14일/파싱실패)
2026-07-12 23:54:05,740 [INFO] __main__ — 뉴스 시점 제외 [아모레퍼시픽홀딩스우]: 15건 (>14일/파싱실패)
2026-07-12 23:54:06,077 [INFO] __main__ — 뉴스 시점 제외 [유한양행우]: 13건 (>14일/파싱실패)
2026-07-12 23:54:06,105 [INFO] __main__ — 뉴스 시점 제외 [태경케미컬]: 10건 (>14일/파싱실패)
2026-07-12 23:54:06,728 [INFO] __main__ — 뉴스 시점 제외 [테이팩스]: 7건 (>14일/파싱실패)
2026-07-12 23:54:06,749 [INFO] __main__ — 뉴스 시점 제외 [삼성출판사]: 10건 (>14일/파싱실패)
2026-07-12 23:54:07,028 [INFO] __main__ — 뉴스 시점 제외 [하이스틸]: 3건 (>14일/파싱실패)
2026-07-12 23:54:07,373 [INFO] __main__ — 뉴스 시점 제외 [호전실업]: 11건 (>14일/파싱실패)
2026-07-12 23:54:07,682 [INFO] __main__ — 뉴스 시점 제외 [화천기계]: 12건 (>14일/파싱실패)
2026-07-12 23:54:08,208 [INFO] __main__ — 뉴스 시점 제외 [디와이덕양]: 7건 (>14일/파싱실패)
2026-07-12 23:54:09,045 [INFO] __main__ — 뉴스 시점 제외 [신송홀딩스]: 9건 (>14일/파싱실패)
2026-07-12 23:54:09,056 [INFO] __main__ — 뉴스 시점 제외 [유안타증권우]: 15건 (>14일/파싱실패)
2026-07-12 23:54:09,703 [INFO] __main__ — 뉴스 시점 제외 [롯데칠성우]: 15건 (>14일/파싱실패)
2026-07-12 23:54:09,725 [INFO] __main__ — 뉴스 시점 제외 [새론오토모티브]: 13건 (>14일/파싱실패)
2026-07-12 23:54:10,372 [INFO] __main__ — 뉴스 시점 제외 [SG세계물산]: 9건 (>14일/파싱실패)
2026-07-12 23:54:10,382 [INFO] __main__ — 뉴스 시점 제외 [BYC우]: 14건 (>14일/파싱실패)
2026-07-12 23:54:11,006 [INFO] __main__ — 뉴스 시점 제외 [대덕전자1우]: 13건 (>14일/파싱실패)
2026-07-12 23:54:11,688 [INFO] __main__ — 뉴스 시점 제외 [미래에셋맵스리츠]: 14건 (>14일/파싱실패)
2026-07-12 23:54:11,694 [INFO] __main__ — 뉴스 시점 제외 [조광페인트]: 2건 (>14일/파싱실패)
2026-07-12 23:54:12,346 [INFO] __main__ — 뉴스 시점 제외 [한화솔루션우]: 12건 (>14일/파싱실패)
2026-07-12 23:54:12,406 [INFO] __main__ — 뉴스 시점 제외 [SK케미칼우]: 15건 (>14일/파싱실패)
2026-07-12 23:54:12,983 [INFO] __main__ — 뉴스 시점 제외 [문배철강]: 9건 (>14일/파싱실패)
2026-07-12 23:54:13,842 [INFO] __main__ — 뉴스 시점 제외 [화인베스틸]: 4건 (>14일/파싱실패)
2026-07-12 23:54:13,843 [INFO] __main__ — 뉴스 시점 제외 [세우글로벌]: 15건 (>14일/파싱실패)
2026-07-12 23:54:14,435 [INFO] __main__ — 뉴스 시점 제외 [우진플라임]: 14건 (>14일/파싱실패)
2026-07-12 23:54:14,499 [INFO] __main__ — 뉴스 시점 제외 [우진아이엔에스]: 1건 (>14일/파싱실패)
2026-07-12 23:54:15,088 [INFO] __main__ — 뉴스 시점 제외 [SG글로벌]: 9건 (>14일/파싱실패)
2026-07-12 23:54:15,166 [INFO] __main__ — 뉴스 시점 제외 [진양폴리]: 10건 (>14일/파싱실패)
2026-07-12 23:54:22,901 [INFO] __main__ — 뉴스 시점 제외 [큐리옥스바이오시스템즈]: 9건 (>14일/파싱실패)
2026-07-12 23:54:24,713 [INFO] __main__ — 뉴스 시점 제외 [케이아이엔엑스]: 9건 (>14일/파싱실패)
2026-07-12 23:54:28,424 [INFO] __main__ — 뉴스 시점 제외 [에스티큐브]: 12건 (>14일/파싱실패)
2026-07-12 23:54:28,516 [INFO] __main__ — 뉴스 시점 제외 [티에프이]: 2건 (>14일/파싱실패)
2026-07-12 23:54:29,080 [INFO] __main__ — 뉴스 시점 제외 [에프에스티]: 4건 (>14일/파싱실패)
2026-07-12 23:54:29,161 [INFO] __main__ — 뉴스 시점 제외 [젬백스]: 4건 (>14일/파싱실패)
2026-07-12 23:54:33,032 [INFO] __main__ — 뉴스 시점 제외 [하이록코리아]: 5건 (>14일/파싱실패)
2026-07-12 23:54:34,164 [INFO] __main__ — 뉴스 시점 제외 [인화정공]: 8건 (>14일/파싱실패)
2026-07-12 23:54:38,737 [INFO] __main__ — 뉴스 시점 제외 [한라IMS]: 7건 (>14일/파싱실패)
2026-07-12 23:54:38,937 [INFO] __main__ — 뉴스 시점 제외 [바텍]: 2건 (>14일/파싱실패)
2026-07-12 23:54:39,839 [INFO] __main__ — 뉴스 시점 제외 [바이오플러스]: 11건 (>14일/파싱실패)
2026-07-12 23:54:41,509 [INFO] __main__ — 뉴스 시점 제외 [슈어소프트테크]: 10건 (>14일/파싱실패)
2026-07-12 23:54:41,723 [INFO] __main__ — 뉴스 시점 제외 [서호전기]: 15건 (>14일/파싱실패)
2026-07-12 23:54:42,162 [INFO] __main__ — 뉴스 시점 제외 [삼목에스폼]: 11건 (>14일/파싱실패)
2026-07-12 23:54:43,355 [INFO] __main__ — 뉴스 시점 제외 [오리엔탈정공]: 4건 (>14일/파싱실패)
2026-07-12 23:54:43,361 [INFO] __main__ — 뉴스 시점 제외 [에코아이]: 11건 (>14일/파싱실패)
2026-07-12 23:54:43,479 [INFO] __main__ — 뉴스 시점 제외 [코텍]: 13건 (>14일/파싱실패)
2026-07-12 23:54:44,783 [INFO] __main__ — 뉴스 시점 제외 [해성산업]: 13건 (>14일/파싱실패)
2026-07-12 23:54:47,274 [INFO] __main__ — 뉴스 시점 제외 [네오위즈홀딩스]: 3건 (>14일/파싱실패)
2026-07-12 23:54:47,365 [INFO] __main__ — 뉴스 시점 제외 [일진파워]: 5건 (>14일/파싱실패)
2026-07-12 23:54:47,874 [INFO] __main__ — 뉴스 시점 제외 [코메론]: 14건 (>14일/파싱실패)
2026-07-12 23:54:49,923 [INFO] __main__ — 뉴스 시점 제외 [와이솔]: 12건 (>14일/파싱실패)
2026-07-12 23:54:50,535 [INFO] __main__ — 뉴스 시점 제외 [유성티엔에스]: 7건 (>14일/파싱실패)
2026-07-12 23:54:50,568 [INFO] __main__ — 뉴스 시점 제외 [재영솔루텍]: 8건 (>14일/파싱실패)
2026-07-12 23:54:51,203 [INFO] __main__ — 뉴스 시점 제외 [코리아에프티]: 13건 (>14일/파싱실패)
2026-07-12 23:54:52,420 [INFO] __main__ — 뉴스 시점 제외 [인선이엔티]: 11건 (>14일/파싱실패)
2026-07-12 23:54:52,505 [INFO] __main__ — 뉴스 시점 제외 [우양에이치씨]: 10건 (>14일/파싱실패)
2026-07-12 23:54:53,166 [INFO] __main__ — 뉴스 시점 제외 [유비쿼스]: 9건 (>14일/파싱실패)
2026-07-12 23:54:53,823 [INFO] __main__ — 뉴스 시점 제외 [엠아이텍]: 14건 (>14일/파싱실패)
2026-07-12 23:54:55,114 [INFO] __main__ — 뉴스 시점 제외 [그린리소스]: 11건 (>14일/파싱실패)
2026-07-12 23:54:55,132 [INFO] __main__ — 뉴스 시점 제외 [제룡산업]: 2건 (>14일/파싱실패)
2026-07-12 23:54:55,652 [INFO] __main__ — 뉴스 시점 제외 [윤성에프앤씨]: 11건 (>14일/파싱실패)
2026-07-12 23:54:55,766 [INFO] __main__ — 뉴스 시점 제외 [코칩]: 11건 (>14일/파싱실패)
2026-07-12 23:54:58,405 [INFO] __main__ — 뉴스 시점 제외 [노바텍]: 5건 (>14일/파싱실패)
2026-07-12 23:55:00,401 [INFO] __main__ — 뉴스 시점 제외 [와이엔텍]: 11건 (>14일/파싱실패)
2026-07-12 23:55:01,709 [INFO] __main__ — 뉴스 시점 제외 [인포바인]: 13건 (>14일/파싱실패)
2026-07-12 23:55:02,290 [INFO] __main__ — 뉴스 시점 제외 [현대에버다임]: 7건 (>14일/파싱실패)
2026-07-12 23:55:02,359 [INFO] __main__ — 뉴스 시점 제외 [KT나스미디어]: 14건 (>14일/파싱실패)
2026-07-12 23:55:02,943 [INFO] __main__ — 뉴스 시점 제외 [아가방컴퍼니]: 10건 (>14일/파싱실패)
2026-07-12 23:55:03,007 [INFO] __main__ — 뉴스 시점 제외 [케이에스피]: 8건 (>14일/파싱실패)
2026-07-12 23:55:04,453 [INFO] __main__ — 뉴스 시점 제외 [엠에스씨]: 13건 (>14일/파싱실패)
2026-07-12 23:55:04,830 [INFO] __main__ — 뉴스 시점 제외 [솔본]: 11건 (>14일/파싱실패)
2026-07-12 23:55:04,874 [INFO] __main__ — 뉴스 시점 제외 [진로발효]: 10건 (>14일/파싱실패)
2026-07-12 23:55:05,522 [INFO] __main__ — 뉴스 시점 제외 [우리손에프앤지]: 14건 (>14일/파싱실패)
2026-07-12 23:55:05,744 [INFO] __main__ — 뉴스 시점 제외 [세운메디칼]: 14건 (>14일/파싱실패)
2026-07-12 23:55:06,113 [INFO] __main__ — 뉴스 시점 제외 [케이씨에스]: 3건 (>14일/파싱실패)
2026-07-12 23:55:06,177 [INFO] __main__ — 뉴스 시점 제외 [NICE인프라]: 15건 (>14일/파싱실패)
2026-07-12 23:55:06,825 [INFO] __main__ — 뉴스 시점 제외 [레이언스]: 15건 (>14일/파싱실패)
2026-07-12 23:55:07,059 [INFO] __main__ — 뉴스 시점 제외 [엠에스오토텍]: 13건 (>14일/파싱실패)
2026-07-12 23:55:08,058 [INFO] __main__ — 뉴스 시점 제외 [대정화금]: 13건 (>14일/파싱실패)
2026-07-12 23:55:08,708 [INFO] __main__ — 뉴스 시점 제외 [탑런토탈솔루션]: 13건 (>14일/파싱실패)
2026-07-12 23:55:09,364 [INFO] __main__ — 뉴스 시점 제외 [스톰테크]: 10건 (>14일/파싱실패)
2026-07-12 23:55:09,389 [INFO] __main__ — 뉴스 시점 제외 [RF시스템즈]: 8건 (>14일/파싱실패)
2026-07-12 23:55:10,682 [INFO] __main__ — 뉴스 시점 제외 [정상제이엘에스]: 6건 (>14일/파싱실패)
2026-07-12 23:55:11,138 [INFO] __main__ — 뉴스 시점 제외 [동아엘텍]: 10건 (>14일/파싱실패)
2026-07-12 23:55:11,325 [INFO] __main__ — 뉴스 시점 제외 [서원인텍]: 14건 (>14일/파싱실패)
2026-07-12 23:55:11,983 [INFO] __main__ — 뉴스 시점 제외 [원익피앤이]: 6건 (>14일/파싱실패)
2026-07-12 23:55:12,427 [INFO] __main__ — 뉴스 시점 제외 [엑스페릭스]: 11건 (>14일/파싱실패)
2026-07-12 23:55:13,072 [INFO] __main__ — 뉴스 시점 제외 [동국S&C]: 5건 (>14일/파싱실패)
2026-07-12 23:55:15,179 [INFO] __main__ — 뉴스 시점 제외 [오상헬스케어]: 7건 (>14일/파싱실패)
2026-07-12 23:55:15,988 [INFO] __main__ — 뉴스 시점 제외 [디앤씨미디어]: 4건 (>14일/파싱실패)
2026-07-12 23:55:17,943 [INFO] __main__ — 뉴스 시점 제외 [대림제지]: 12건 (>14일/파싱실패)
2026-07-12 23:55:18,060 [INFO] __main__ — 뉴스 시점 제외 [로보로보]: 11건 (>14일/파싱실패)
2026-07-12 23:55:18,084 [INFO] __main__ — 뉴스 시점 제외 [한국가구]: 8건 (>14일/파싱실패)
2026-07-12 23:55:18,714 [INFO] __main__ — 뉴스 시점 제외 [뉴프렉스]: 9건 (>14일/파싱실패)
2026-07-12 23:55:18,734 [INFO] __main__ — 뉴스 시점 제외 [싸이닉솔루션]: 9건 (>14일/파싱실패)
2026-07-12 23:55:19,248 [INFO] __main__ — 뉴스 시점 제외 [오늘이엔엠]: 9건 (>14일/파싱실패)
2026-07-12 23:55:19,371 [INFO] __main__ — 뉴스 시점 제외 [휴비츠]: 9건 (>14일/파싱실패)
2026-07-12 23:55:20,546 [INFO] __main__ — 뉴스 시점 제외 [양지사]: 12건 (>14일/파싱실패)
2026-07-12 23:55:21,196 [INFO] __main__ — 뉴스 시점 제외 [새빗켐]: 9건 (>14일/파싱실패)
2026-07-12 23:55:21,845 [INFO] __main__ — 뉴스 시점 제외 [리드코프]: 12건 (>14일/파싱실패)
2026-07-12 23:55:22,501 [INFO] __main__ — 뉴스 시점 제외 [라이온켐텍]: 10건 (>14일/파싱실패)
2026-07-12 23:55:22,776 [INFO] __main__ — 뉴스 시점 제외 [엔비알모션]: 9건 (>14일/파싱실패)
2026-07-12 23:55:22,790 [INFO] __main__ — 뉴스 시점 제외 [탑머티리얼]: 9건 (>14일/파싱실패)
2026-07-12 23:55:23,142 [INFO] __main__ — 뉴스 시점 제외 [제닉스로보틱스]: 12건 (>14일/파싱실패)
2026-07-12 23:55:23,595 [INFO] __main__ — 뉴스 시점 제외 [페스카로]: 14건 (>14일/파싱실패)
2026-07-12 23:55:24,255 [INFO] __main__ — 뉴스 시점 제외 [삼현철강]: 6건 (>14일/파싱실패)
2026-07-12 23:55:24,898 [INFO] __main__ — 뉴스 시점 제외 [팅크웨어]: 8건 (>14일/파싱실패)
2026-07-12 23:55:24,909 [INFO] __main__ — 뉴스 시점 제외 [싸이토젠]: 13건 (>14일/파싱실패)
2026-07-12 23:55:25,265 [INFO] __main__ — 뉴스 시점 제외 [모델솔루션]: 9건 (>14일/파싱실패)
2026-07-12 23:55:25,715 [INFO] __main__ — 뉴스 시점 제외 [한일단조]: 11건 (>14일/파싱실패)
2026-07-12 23:55:26,206 [INFO] __main__ — 뉴스 시점 제외 [에스피소프트]: 9건 (>14일/파싱실패)
2026-07-12 23:55:26,375 [INFO] __main__ — 뉴스 시점 제외 [SY동아]: 11건 (>14일/파싱실패)
2026-07-12 23:55:26,557 [INFO] __main__ — 뉴스 시점 제외 [피제이메탈]: 7건 (>14일/파싱실패)
2026-07-12 23:55:26,850 [INFO] __main__ — 뉴스 시점 제외 [제이엔케이글로벌]: 3건 (>14일/파싱실패)
2026-07-12 23:55:27,178 [INFO] __main__ — 뉴스 시점 제외 [미투온]: 3건 (>14일/파싱실패)
2026-07-12 23:55:27,198 [INFO] __main__ — 뉴스 시점 제외 [피제이전자]: 11건 (>14일/파싱실패)
2026-07-12 23:55:27,515 [INFO] __main__ — 뉴스 시점 제외 [한국전자인증]: 3건 (>14일/파싱실패)
2026-07-12 23:55:27,827 [INFO] __main__ — 뉴스 시점 제외 [유라테크]: 13건 (>14일/파싱실패)
2026-07-12 23:55:28,476 [INFO] __main__ — 뉴스 시점 제외 [한켐]: 12건 (>14일/파싱실패)
2026-07-12 23:55:28,803 [INFO] __main__ — 뉴스 시점 제외 [APS이노베이션]: 10건 (>14일/파싱실패)
2026-07-12 23:55:29,127 [INFO] __main__ — 뉴스 시점 제외 [블루콤]: 13건 (>14일/파싱실패)
2026-07-12 23:55:29,310 [INFO] __main__ — 뉴스 시점 제외 [티에스아이]: 11건 (>14일/파싱실패)
2026-07-12 23:55:29,785 [INFO] __main__ — 뉴스 시점 제외 [유니테크노]: 11건 (>14일/파싱실패)
2026-07-12 23:55:30,435 [INFO] __main__ — 뉴스 시점 제외 [스마트레이더시스템]: 8건 (>14일/파싱실패)
2026-07-12 23:55:30,608 [INFO] __main__ — 뉴스 시점 제외 [팬젠]: 10건 (>14일/파싱실패)
2026-07-12 23:55:30,727 [INFO] __main__ — 뉴스 시점 제외 [제이씨케미칼]: 10건 (>14일/파싱실패)
2026-07-12 23:55:31,079 [INFO] __main__ — 뉴스 시점 제외 [대륙제관]: 12건 (>14일/파싱실패)
2026-07-12 23:55:32,082 [INFO] __main__ — 뉴스 시점 제외 [퓨런티어]: 10건 (>14일/파싱실패)
2026-07-12 23:55:32,709 [INFO] __main__ — 뉴스 시점 제외 [잉크테크]: 13건 (>14일/파싱실패)
2026-07-12 23:55:32,743 [INFO] __main__ — 뉴스 시점 제외 [케이엘넷]: 14건 (>14일/파싱실패)
2026-07-12 23:55:33,516 [INFO] __main__ — 뉴스 시점 제외 [셀바이오휴먼텍]: 9건 (>14일/파싱실패)
2026-07-12 23:55:33,815 [INFO] __main__ — 뉴스 시점 제외 [한국선재]: 7건 (>14일/파싱실패)
2026-07-12 23:55:34,176 [INFO] __main__ — 뉴스 시점 제외 [대주산업]: 13건 (>14일/파싱실패)
2026-07-12 23:55:34,181 [INFO] __main__ — 뉴스 시점 제외 [부방]: 13건 (>14일/파싱실패)
2026-07-12 23:55:34,609 [INFO] __main__ — 뉴스 시점 제외 [오리콤]: 11건 (>14일/파싱실패)
2026-07-12 23:55:34,826 [INFO] __main__ — 뉴스 시점 제외 [화성밸브]: 13건 (>14일/파싱실패)
2026-07-12 23:55:36,595 [INFO] __main__ — 뉴스 시점 제외 [프리엠스]: 10건 (>14일/파싱실패)
2026-07-12 23:55:36,706 [INFO] __main__ — 뉴스 시점 제외 [아셈스]: 14건 (>14일/파싱실패)
2026-07-12 23:55:37,241 [INFO] __main__ — 뉴스 시점 제외 [코렌텍]: 13건 (>14일/파싱실패)
2026-07-12 23:55:37,350 [INFO] __main__ — 뉴스 시점 제외 [제이씨현시스템]: 11건 (>14일/파싱실패)
2026-07-12 23:55:38,004 [INFO] __main__ — 뉴스 시점 제외 [씨티케이]: 8건 (>14일/파싱실패)
2026-07-12 23:55:38,540 [INFO] __main__ — 뉴스 시점 제외 [에스피시스템스]: 7건 (>14일/파싱실패)
2026-07-12 23:55:39,087 [INFO] __main__ — 뉴스 시점 제외 [수산아이앤티]: 12건 (>14일/파싱실패)
2026-07-12 23:55:39,340 [INFO] __main__ — 뉴스 시점 제외 [HC홈센타]: 11건 (>14일/파싱실패)
2026-07-12 23:55:40,158 [INFO] __main__ — 뉴스 시점 제외 [탑코미디어]: 15건 (>14일/파싱실패)
2026-07-12 23:55:40,824 [INFO] __main__ — 뉴스 시점 제외 [엘컴텍]: 12건 (>14일/파싱실패)
2026-07-12 23:55:41,015 [INFO] __main__ — 뉴스 시점 제외 [덕우전자]: 12건 (>14일/파싱실패)
2026-07-12 23:55:41,492 [INFO] __main__ — 뉴스 시점 제외 [프로이천]: 12건 (>14일/파싱실패)
2026-07-12 23:55:42,140 [INFO] __main__ — 뉴스 시점 제외 [SM Life Design]: 14건 (>14일/파싱실패)
2026-07-12 23:55:42,325 [INFO] __main__ — 뉴스 시점 제외 [셀로맥스사이언스]: 9건 (>14일/파싱실패)
2026-07-12 23:55:43,126 [INFO] __main__ — 뉴스 시점 제외 [티이엠씨씨엔에스]: 7건 (>14일/파싱실패)
2026-07-12 23:55:43,207 [INFO] __main__ — 뉴스 시점 제외 [오상자이엘]: 10건 (>14일/파싱실패)
2026-07-12 23:55:44,442 [INFO] __main__ — 뉴스 시점 제외 [캐프]: 4건 (>14일/파싱실패)
2026-07-12 23:55:44,449 [INFO] __main__ — 뉴스 시점 제외 [코닉오토메이션]: 4건 (>14일/파싱실패)
2026-07-12 23:55:44,509 [INFO] __main__ — 뉴스 시점 제외 [씨유테크]: 11건 (>14일/파싱실패)
2026-07-12 23:55:45,098 [INFO] __main__ — 뉴스 시점 제외 [코콤]: 7건 (>14일/파싱실패)
2026-07-12 23:55:45,165 [INFO] __main__ — 뉴스 시점 제외 [제이투케이바이오]: 9건 (>14일/파싱실패)
2026-07-12 23:55:45,753 [INFO] __main__ — 뉴스 시점 제외 [푸른로보틱스]: 10건 (>14일/파싱실패)
2026-07-12 23:55:45,808 [INFO] __main__ — 뉴스 시점 제외 [위너스일렉]: 8건 (>14일/파싱실패)
2026-07-12 23:55:47,236 [INFO] __main__ — 뉴스 시점 제외 [포시에스]: 5건 (>14일/파싱실패)
2026-07-12 23:55:47,874 [INFO] __main__ — 뉴스 시점 제외 [쎄노텍]: 10건 (>14일/파싱실패)
2026-07-12 23:55:48,030 [INFO] __main__ — 뉴스 시점 제외 [인지디스플레]: 10건 (>14일/파싱실패)
2026-07-12 23:55:49,021 [INFO] __main__ — 뉴스 시점 제외 [NHN벅스]: 12건 (>14일/파싱실패)
2026-07-12 23:55:49,682 [INFO] __main__ — 뉴스 시점 제외 [케이씨피드]: 13건 (>14일/파싱실패)
2026-07-12 23:55:49,698 [INFO] __main__ — 뉴스 시점 제외 [앱코]: 9건 (>14일/파싱실패)
2026-07-12 23:55:50,360 [INFO] __main__ — 뉴스 시점 제외 [쓰리에이로직스]: 12건 (>14일/파싱실패)
2026-07-12 23:55:51,021 [INFO] __main__ — 뉴스 시점 제외 [아세아텍]: 7건 (>14일/파싱실패)
2026-07-12 23:55:51,625 [INFO] __main__ — 뉴스 시점 제외 [효성오앤비]: 11건 (>14일/파싱실패)
2026-07-12 23:55:51,687 [INFO] __main__ — 뉴스 시점 제외 [램테크놀러지]: 1건 (>14일/파싱실패)
2026-07-12 23:55:52,927 [INFO] __main__ — 뉴스 시점 제외 [서연탑메탈]: 11건 (>14일/파싱실패)
2026-07-12 23:55:53,672 [INFO] __main__ — 뉴스 시점 제외 [폴라리스세원]: 7건 (>14일/파싱실패)
2026-07-12 23:55:54,292 [INFO] __main__ — 뉴스 시점 제외 [포스뱅크]: 14건 (>14일/파싱실패)
2026-07-12 23:55:54,320 [INFO] __main__ — 뉴스 시점 제외 [스튜디오미르]: 12건 (>14일/파싱실패)
2026-07-12 23:55:54,857 [INFO] __main__ — 뉴스 시점 제외 [하이딥]: 7건 (>14일/파싱실패)
2026-07-12 23:55:54,963 [INFO] __main__ — 뉴스 시점 제외 [에코캡]: 11건 (>14일/파싱실패)
2026-07-12 23:55:55,502 [INFO] __main__ — 뉴스 시점 제외 [백금T&A]: 10건 (>14일/파싱실패)
2026-07-12 23:55:56,147 [INFO] __main__ — 뉴스 시점 제외 [엔바이오니아]: 12건 (>14일/파싱실패)
2026-07-12 23:55:56,262 [INFO] __main__ — 뉴스 시점 제외 [한네트]: 15건 (>14일/파싱실패)
2026-07-12 23:55:57,628 [INFO] __main__ — 뉴스 시점 제외 [에이치와이티씨]: 12건 (>14일/파싱실패)
2026-07-12 23:55:58,193 [INFO] __main__ — 뉴스 시점 제외 [네오크레마]: 13건 (>14일/파싱실패)
2026-07-12 23:55:58,271 [INFO] __main__ — 뉴스 시점 제외 [기산텔레콤]: 11건 (>14일/파싱실패)
2026-07-12 23:55:58,735 [INFO] __main__ — 뉴스 시점 제외 [팬엔터테인먼트]: 4건 (>14일/파싱실패)
2026-07-12 23:55:58,916 [INFO] __main__ — 뉴스 시점 제외 [비비씨]: 13건 (>14일/파싱실패)
2026-07-12 23:55:59,373 [INFO] __main__ — 뉴스 시점 제외 [브리지텍]: 11건 (>14일/파싱실패)
2026-07-12 23:55:59,561 [INFO] __main__ — 뉴스 시점 제외 [넥스턴앤롤코리아]: 8건 (>14일/파싱실패)
2026-07-12 23:56:00,680 [INFO] __main__ — 뉴스 시점 제외 [엔텔스]: 9건 (>14일/파싱실패)
2026-07-12 23:56:00,863 [INFO] __main__ — 뉴스 시점 제외 [동국알앤에스]: 7건 (>14일/파싱실패)
2026-07-12 23:56:01,446 [INFO] __main__ — 뉴스 시점 제외 [이삭엔지니어링]: 11건 (>14일/파싱실패)
2026-07-12 23:56:01,512 [INFO] __main__ — 뉴스 시점 제외 [플랜티넷]: 9건 (>14일/파싱실패)
2026-07-12 23:56:01,973 [INFO] __main__ — 뉴스 시점 제외 [폴라리스우노]: 10건 (>14일/파싱실패)
2026-07-12 23:56:02,628 [INFO] __main__ — 뉴스 시점 제외 [자이언트스텝]: 7건 (>14일/파싱실패)
2026-07-12 23:56:02,813 [INFO] __main__ — 뉴스 시점 제외 [아이퀘스트]: 10건 (>14일/파싱실패)
2026-07-12 23:56:02,916 [INFO] __main__ — POOL_A 후보 부정뉴스 2차 조회: 775개
2026-07-12 23:56:02,920 [INFO] __main__ — POOL_A: 1119개 (A:906 B:107 동시:106) | 부정게이트 제외:22
  대형:73 중형:222 소형:824
2026-07-12 23:56:02,927 [INFO] __main__ —   → POOL_A: 1119개
2026-07-12 23:56:02,928 [INFO] __main__ — ▶ Step 2: 하드 필터링
2026-07-12 23:56:02,929 [INFO] __main__ — 하드 필터 제거: 1090개 | 과열배제 49 | 이격도상한 2 | 이격도하한 335 | MA추세 656 | RSI과열 2 | 거래대금 46
2026-07-12 23:56:02,934 [INFO] __main__ — 과열 gated 기록: 49개 → gated_tickers
2026-07-12 23:56:02,934 [INFO] __main__ — POOL_B: 29개 | 대형:3 중형:11 소형:15
2026-07-12 23:56:02,934 [INFO] __main__ —   → POOL_B: 29개
2026-07-12 23:56:02,934 [INFO] __main__ — ▶ Step 3: 스코어링 (FinBERT 감성 분석)
2026-07-12 23:56:02,934 [INFO] __main__ — NaverClient: 3개 키 로드 (DataLab·검색 독립 회전)
2026-07-12 23:56:02,934 [INFO] __main__ — 텍스트 신규 수집: 29종목 (캐시 적중 0종목)
2026-07-12 23:56:08,089 [INFO] __main__ — 뉴스 시점 제외 [이수화학]: 14건 (>14일/파싱실패)
2026-07-12 23:56:24,609 [INFO] __main__ — 뉴스 시점 제외 [코세스]: 13건 (>14일/파싱실패)
2026-07-12 23:56:28,774 [INFO] __main__ — 뉴스 시점 제외 [디케이티]: 18건 (>14일/파싱실패)
2026-07-12 23:56:29,086 [INFO] __main__ — 뉴스 시점 제외 [뉴파워프라즈마]: 9건 (>14일/파싱실패)
2026-07-12 23:56:29,490 [INFO] __main__ — 뉴스 시점 제외 [글로벌텍스프리]: 18건 (>14일/파싱실패)
2026-07-12 23:56:32,978 [INFO] __main__ — 뉴스 시점 제외 [싸이맥스]: 17건 (>14일/파싱실패)
2026-07-12 23:56:41,655 [INFO] __main__ — 뉴스 시점 제외 [KX하이텍]: 22건 (>14일/파싱실패)
2026-07-12 23:56:45,237 [INFO] __main__ — 수집 완료: 뉴스 254건 | 공시 36건
2026-07-12 23:56:45,237 [INFO] __main__ — FinBERT 감성 분석 (finbert 모드)...
2026-07-12 23:56:45,237 [INFO] __main__ — FinBERT 로딩: snunlp/KR-FinBert-SC (CPU, batch=8)
2026-07-12 23:56:45,404 [INFO] httpx — HTTP Request: GET https://huggingface.co/api/agent-harnesses "HTTP/1.1 200 OK"
2026-07-12 23:56:45,451 [INFO] httpx — HTTP Request: HEAD https://huggingface.co/snunlp/KR-FinBert-SC/resolve/main/config.json "HTTP/1.1 307 Temporary Redirect"
2026-07-12 23:56:45,467 [INFO] httpx — HTTP Request: HEAD https://huggingface.co/api/resolve-cache/models/snunlp/KR-FinBert-SC/f8586286cc3161fb648e9fee09a456069fd846d0/config.json "HTTP/1.1 200 OK"
2026-07-12 23:56:45,530 [INFO] httpx — HTTP Request: HEAD https://huggingface.co/snunlp/KR-FinBert-SC/resolve/main/model.safetensors "HTTP/1.1 404 Not Found"
2026-07-12 23:56:45,530 [WARNING] huggingface_hub.utils._http — Warning: You are sending unauthenticated requests to the HF Hub. Please set a HF_TOKEN to enable higher rate limits and faster downloads.
2026-07-12 23:56:45,579 [INFO] httpx — HTTP Request: GET https://huggingface.co/api/models/snunlp/KR-FinBert-SC "HTTP/1.1 200 OK"
2026-07-12 23:56:45,635 [INFO] httpx — HTTP Request: GET https://huggingface.co/api/models/snunlp/KR-FinBert-SC/commits/main "HTTP/1.1 200 OK"
2026-07-12 23:56:45,685 [INFO] httpx — HTTP Request: GET https://huggingface.co/api/models/snunlp/KR-FinBert-SC/discussions?p=0 "HTTP/1.1 200 OK"
2026-07-12 23:56:45,702 [INFO] httpx — HTTP Request: GET https://huggingface.co/api/models/snunlp/KR-FinBert-SC/tree/main/additional_chat_templates?recursive=false&expand=false "HTTP/1.1 404 Not Found"
2026-07-12 23:56:45,744 [INFO] httpx — HTTP Request: GET https://huggingface.co/api/models/snunlp/KR-FinBert-SC/commits/refs%2Fpr%2F3 "HTTP/1.1 200 OK"
2026-07-12 23:56:45,755 [INFO] httpx — HTTP Request: GET https://huggingface.co/api/models/snunlp/KR-FinBert-SC/tree/main?recursive=true&expand=false "HTTP/1.1 200 OK"
2026-07-12 23:56:45,790 [INFO] httpx — HTTP Request: HEAD https://huggingface.co/snunlp/KR-FinBert-SC/resolve/refs%2Fpr%2F3/model.safetensors.index.json "HTTP/1.1 404 Not Found"
2026-07-12 23:56:45,823 [INFO] httpx — HTTP Request: HEAD https://huggingface.co/snunlp/KR-FinBert-SC/resolve/main/processor_config.json "HTTP/1.1 404 Not Found"
2026-07-12 23:56:45,840 [INFO] httpx — HTTP Request: HEAD https://huggingface.co/snunlp/KR-FinBert-SC/resolve/refs%2Fpr%2F3/model.safetensors "HTTP/1.1 302 Found"
2026-07-12 23:56:45,875 [INFO] httpx — HTTP Request: HEAD https://huggingface.co/snunlp/KR-FinBert-SC/resolve/main/video_preprocessor_config.json "HTTP/1.1 404 Not Found"
2026-07-12 23:56:45,918 [INFO] httpx — HTTP Request: HEAD https://huggingface.co/snunlp/KR-FinBert-SC/resolve/main/preprocessor_config.json "HTTP/1.1 404 Not Found"
2026-07-12 23:56:45,919 [INFO] __main__ — FinBERT 로드 완료 (CPU)
2026-07-12 23:56:48,701 [INFO] __main__ — Phase A.1: 매핑 신뢰도 < 0.5 → 감성 점수 폐기 27건
2026-07-12 23:56:48,701 [INFO] __main__ — 스코어링: 29개 | 집중:0 | FinBERT:finbert
2026-07-12 23:56:48,772 [INFO] __main__ —   → 29개
2026-07-12 23:56:48,773 [INFO] __main__ — ▶ Step 4: 발송
2026-07-12 23:56:53,726 [INFO] __main__ — DB 기록: 4개 / 전체 to_send 4개
2026-07-12 23:56:53,726 [INFO] __main__ — 발송: 집중 0 / 주시 1
2026-07-12 23:56:53,726 [INFO] __main__ — 완료  |  소요: 1338.2초
