2026-07-24 11:21:29,616 [INFO] __main__ — config 검증 완료 ✓
2026-07-24 11:21:29,616 [INFO] __main__ — ============================================================
2026-07-24 11:21:29,616 [INFO] __main__ — AlphaRadar v3.3.1  |  기준일: 20260724
2026-07-24 11:21:29,616 [INFO] __main__ — S = T×0.3 + S_text×0.4 + D×0.3
2026-07-24 11:21:29,616 [INFO] __main__ — ============================================================
2026-07-24 11:21:29,616 [INFO] __main__ — ▶ Step 0: 유니버스 필터링
2026-07-24 11:21:29,768 [INFO] __main__ — FDR 데이터 수집: 20260118 ~ 20260724
2026-07-24 11:21:31,301 [INFO] __main__ — KOSPI: 943개 | 섹터정보 833개 (DART +833개 보완)
2026-07-24 11:21:31,302 [INFO] __main__ — KOSDAQ: 1821개 | 섹터정보 1821개
2026-07-24 11:21:31,302 [INFO] __main__ — 전체: 2764개
2026-07-24 11:21:33,794 [INFO] __main__ — KIS 토큰 발급 완료
2026-07-24 11:37:16,840 [INFO] __main__ — DART corp_code 매핑: 2155/2208개 (97%)
2026-07-24 11:37:16,840 [INFO] __main__ — 유효 유니버스: 2208개
2026-07-24 11:37:16,852 [INFO] __main__ —   → 2208개
2026-07-24 11:37:16,852 [INFO] __main__ — ▶ Step 1: 신호 탐지
2026-07-24 11:37:16,852 [INFO] __main__ — NaverClient: 3개 키 로드 (DataLab·검색 독립 회전)
2026-07-24 11:37:16,852 [INFO] __main__ — 관심 지수 및 부정 뉴스 비율 조회 중...
2026-07-24 11:38:14,007 [INFO] __main__ — 뉴스 시점 제외 [삼기에너지솔루션즈]: 8건 (>14일/파싱실패)
2026-07-24 11:38:15,366 [INFO] __main__ — 뉴스 시점 제외 [남선알미늄]: 3건 (>14일/파싱실패)
2026-07-24 11:38:15,393 [INFO] __main__ — 뉴스 시점 제외 [에코플라스틱]: 2건 (>14일/파싱실패)
2026-07-24 11:38:16,765 [INFO] __main__ — 뉴스 시점 제외 [GRT]: 3건 (>14일/파싱실패)
2026-07-24 11:38:20,288 [INFO] __main__ — 뉴스 시점 제외 [KX하이텍]: 9건 (>14일/파싱실패)
2026-07-24 11:38:24,752 [INFO] __main__ — 뉴스 시점 제외 [맥쿼리인프라]: 11건 (>14일/파싱실패)
2026-07-24 11:38:27,718 [INFO] __main__ — 뉴스 시점 제외 [에이팩트]: 5건 (>14일/파싱실패)
2026-07-24 11:38:30,048 [INFO] __main__ — 뉴스 시점 제외 [한성크린텍]: 11건 (>14일/파싱실패)
2026-07-24 11:38:39,950 [INFO] __main__ — 뉴스 시점 제외 [솔디펜스]: 10건 (>14일/파싱실패)
2026-07-24 11:38:42,184 [INFO] __main__ — 뉴스 시점 제외 [아남전자]: 9건 (>14일/파싱실패)
2026-07-24 11:38:44,920 [INFO] __main__ — 뉴스 시점 제외 [태양금속]: 13건 (>14일/파싱실패)
2026-07-24 11:38:44,921 [INFO] __main__ — 뉴스 시점 제외 [한국팩키지]: 2건 (>14일/파싱실패)
2026-07-24 11:38:50,381 [INFO] __main__ — 뉴스 시점 제외 [하이드로리튬]: 14건 (>14일/파싱실패)
2026-07-24 11:38:51,196 [INFO] __main__ — 뉴스 시점 제외 [KBI동양철관]: 8건 (>14일/파싱실패)
2026-07-24 11:38:57,692 [INFO] __main__ — 뉴스 시점 제외 [이수화학]: 10건 (>14일/파싱실패)
2026-07-24 11:39:02,780 [INFO] __main__ — 뉴스 시점 제외 [대영포장]: 15건 (>14일/파싱실패)
2026-07-24 11:39:06,078 [INFO] __main__ — 뉴스 시점 제외 [HB테크놀러지]: 10건 (>14일/파싱실패)
2026-07-24 11:39:13,160 [INFO] __main__ — 뉴스 시점 제외 [LS머트리얼즈]: 8건 (>14일/파싱실패)
2026-07-24 11:39:17,417 [INFO] __main__ — 뉴스 시점 제외 [글로벌텍스프리]: 8건 (>14일/파싱실패)
2026-07-24 11:39:28,326 [INFO] __main__ — 뉴스 시점 제외 [엘브이엠씨홀딩스]: 14건 (>14일/파싱실패)
2026-07-24 11:39:28,600 [INFO] __main__ — 뉴스 시점 제외 [세미티에스]: 11건 (>14일/파싱실패)
2026-07-24 11:39:31,352 [INFO] __main__ — 뉴스 시점 제외 [성문전자]: 11건 (>14일/파싱실패)
2026-07-24 11:39:37,876 [INFO] __main__ — 뉴스 시점 제외 [중앙첨단소재]: 10건 (>14일/파싱실패)
2026-07-24 11:39:38,233 [INFO] __main__ — 뉴스 시점 제외 [아미코젠]: 10건 (>14일/파싱실패)
2026-07-24 11:39:43,728 [INFO] __main__ — 뉴스 시점 제외 [KB스타리츠]: 7건 (>14일/파싱실패)
2026-07-24 11:39:45,109 [INFO] __main__ — 뉴스 시점 제외 [티씨머티리얼즈]: 11건 (>14일/파싱실패)
2026-07-24 11:39:47,422 [INFO] __main__ — 뉴스 시점 제외 [청담글로벌]: 7건 (>14일/파싱실패)
2026-07-24 11:39:50,165 [INFO] __main__ — 뉴스 시점 제외 [멤레이비티]: 7건 (>14일/파싱실패)
2026-07-24 11:39:52,019 [INFO] __main__ — 뉴스 시점 제외 [엑스큐어]: 10건 (>14일/파싱실패)
2026-07-24 11:39:53,369 [INFO] __main__ — 뉴스 시점 제외 [신화프리텍]: 10건 (>14일/파싱실패)
2026-07-24 11:40:00,368 [INFO] __main__ — 뉴스 시점 제외 [우리기술투자]: 10건 (>14일/파싱실패)
2026-07-24 11:40:01,152 [INFO] __main__ — 뉴스 시점 제외 [대아티아이]: 10건 (>14일/파싱실패)
2026-07-24 11:40:01,781 [INFO] __main__ — 뉴스 시점 제외 [한일철강]: 11건 (>14일/파싱실패)
2026-07-24 11:40:05,539 [INFO] __main__ — 뉴스 시점 제외 [일신석재]: 9건 (>14일/파싱실패)
2026-07-24 11:40:07,573 [INFO] __main__ — 뉴스 시점 제외 [시너지이노베이션]: 12건 (>14일/파싱실패)
2026-07-24 11:40:16,041 [INFO] __main__ — 뉴스 시점 제외 [HB솔루션]: 9건 (>14일/파싱실패)
2026-07-24 11:40:16,760 [INFO] __main__ — 뉴스 시점 제외 [키스트론]: 12건 (>14일/파싱실패)
2026-07-24 11:40:19,249 [INFO] __main__ — 뉴스 시점 제외 [디와이에이]: 2건 (>14일/파싱실패)
2026-07-24 11:40:21,036 [INFO] __main__ — 뉴스 시점 제외 [한일단조]: 12건 (>14일/파싱실패)
2026-07-24 11:40:21,632 [INFO] __main__ — 뉴스 시점 제외 [알루코]: 4건 (>14일/파싱실패)
2026-07-24 11:40:22,594 [INFO] __main__ — 뉴스 시점 제외 [갤럭시아에스엠]: 13건 (>14일/파싱실패)
2026-07-24 11:40:25,000 [INFO] __main__ — 뉴스 시점 제외 [서부T&D]: 2건 (>14일/파싱실패)
2026-07-24 11:40:25,593 [INFO] __main__ — 뉴스 시점 제외 [부국철강]: 12건 (>14일/파싱실패)
2026-07-24 11:40:32,197 [INFO] __main__ — 뉴스 시점 제외 [에이치엠넥스]: 9건 (>14일/파싱실패)
2026-07-24 11:40:33,553 [INFO] __main__ — 뉴스 시점 제외 [디케이티]: 1건 (>14일/파싱실패)
2026-07-24 11:40:34,013 [INFO] __main__ — 뉴스 시점 제외 [셀리드]: 13건 (>14일/파싱실패)
2026-07-24 11:40:34,717 [INFO] __main__ — 뉴스 시점 제외 [에스와이스틸텍]: 6건 (>14일/파싱실패)
2026-07-24 11:40:38,060 [INFO] __main__ — 뉴스 시점 제외 [에코프로머티]: 4건 (>14일/파싱실패)
2026-07-24 11:40:40,837 [INFO] __main__ — 뉴스 시점 제외 [더즌]: 7건 (>14일/파싱실패)
2026-07-24 11:40:44,631 [INFO] __main__ — 뉴스 시점 제외 [미래에셋증권2우B]: 2건 (>14일/파싱실패)
2026-07-24 11:40:47,361 [INFO] __main__ — 뉴스 시점 제외 [티케이케미칼]: 6건 (>14일/파싱실패)
2026-07-24 11:40:50,511 [INFO] __main__ — 뉴스 시점 제외 [HS애드]: 3건 (>14일/파싱실패)
2026-07-24 11:40:56,702 [INFO] __main__ — 뉴스 시점 제외 [케이사인]: 10건 (>14일/파싱실패)
2026-07-24 11:40:59,652 [INFO] __main__ — 뉴스 시점 제외 [ESR켄달스퀘어리츠]: 4건 (>14일/파싱실패)
2026-07-24 11:41:00,046 [INFO] __main__ — 뉴스 시점 제외 [비투엔]: 14건 (>14일/파싱실패)
2026-07-24 11:41:02,801 [INFO] __main__ — 뉴스 시점 제외 [지앤비에스 에코]: 4건 (>14일/파싱실패)
2026-07-24 11:41:03,510 [INFO] __main__ — 뉴스 시점 제외 [레이크머티리얼즈]: 2건 (>14일/파싱실패)
2026-07-24 11:41:05,285 [INFO] __main__ — 뉴스 시점 제외 [진양산업]: 9건 (>14일/파싱실패)
2026-07-24 11:41:06,878 [INFO] __main__ — 뉴스 시점 제외 [오리엔트정공]: 15건 (>14일/파싱실패)
2026-07-24 11:41:08,263 [INFO] __main__ — 뉴스 시점 제외 [대신정보통신]: 7건 (>14일/파싱실패)
2026-07-24 11:41:09,094 [INFO] __main__ — 뉴스 시점 제외 [나우IB]: 2건 (>14일/파싱실패)
2026-07-24 11:41:10,446 [INFO] __main__ — 뉴스 시점 제외 [에이티넘인베스트]: 13건 (>14일/파싱실패)
2026-07-24 11:41:10,925 [INFO] __main__ — 뉴스 시점 제외 [덕신이피씨]: 12건 (>14일/파싱실패)
2026-07-24 11:41:13,855 [INFO] __main__ — 뉴스 시점 제외 [원익피앤이]: 4건 (>14일/파싱실패)
2026-07-24 11:41:14,680 [INFO] __main__ — 뉴스 시점 제외 [SK리츠]: 5건 (>14일/파싱실패)
2026-07-24 11:41:16,797 [INFO] __main__ — 뉴스 시점 제외 [이리츠코크렙]: 4건 (>14일/파싱실패)
2026-07-24 11:41:17,709 [INFO] __main__ — 뉴스 시점 제외 [슈어소프트테크]: 6건 (>14일/파싱실패)
2026-07-24 11:41:20,925 [INFO] __main__ — 부정 키워드 감지: 32개 종목 (neg_ratio > 0)
2026-07-24 11:41:20,929 [INFO] __main__ — 수급일수충족·합계음수 제외: 123개
2026-07-24 11:41:26,657 [INFO] __main__ — 뉴스 시점 제외 [현대차우]: 13건 (>14일/파싱실패)
2026-07-24 11:41:34,944 [INFO] __main__ — 뉴스 시점 제외 [두산우]: 14건 (>14일/파싱실패)
2026-07-24 11:41:37,161 [INFO] __main__ — 뉴스 시점 제외 [KB발해인프라]: 13건 (>14일/파싱실패)
2026-07-24 11:41:38,536 [INFO] __main__ — 뉴스 시점 제외 [LG전자우]: 8건 (>14일/파싱실패)
2026-07-24 11:41:40,961 [INFO] __main__ — 뉴스 시점 제외 [한화리츠]: 9건 (>14일/파싱실패)
2026-07-24 11:41:40,971 [INFO] __main__ — 뉴스 시점 제외 [쿠쿠홀딩스]: 9건 (>14일/파싱실패)
2026-07-24 11:41:43,213 [INFO] __main__ — 뉴스 시점 제외 [한국단자]: 9건 (>14일/파싱실패)
2026-07-24 11:41:43,233 [INFO] __main__ — 뉴스 시점 제외 [신한알파리츠]: 9건 (>14일/파싱실패)
2026-07-24 11:41:44,727 [INFO] __main__ — 뉴스 시점 제외 [동원시스템즈]: 6건 (>14일/파싱실패)
2026-07-24 11:41:44,746 [INFO] __main__ — 뉴스 시점 제외 [CJ4우(전환)]: 15건 (>14일/파싱실패)
2026-07-24 11:41:45,428 [INFO] __main__ — 뉴스 시점 제외 [삼성FN리츠]: 8건 (>14일/파싱실패)
2026-07-24 11:41:45,662 [INFO] __main__ — 뉴스 시점 제외 [세아홀딩스]: 1건 (>14일/파싱실패)
2026-07-24 11:41:47,152 [INFO] __main__ — 뉴스 시점 제외 [현대차3우B]: 15건 (>14일/파싱실패)
2026-07-24 11:41:47,157 [INFO] __main__ — 뉴스 시점 제외 [조광피혁]: 11건 (>14일/파싱실패)
2026-07-24 11:41:47,900 [INFO] __main__ — 뉴스 시점 제외 [아모레퍼시픽우]: 11건 (>14일/파싱실패)
2026-07-24 11:41:47,908 [INFO] __main__ — 뉴스 시점 제외 [신대양제지]: 14건 (>14일/파싱실패)
2026-07-24 11:41:48,839 [INFO] __main__ — 뉴스 시점 제외 [신도리코]: 6건 (>14일/파싱실패)
2026-07-24 11:41:49,144 [INFO] __main__ — 뉴스 시점 제외 [삼영무역]: 11건 (>14일/파싱실패)
2026-07-24 11:41:49,578 [INFO] __main__ — 뉴스 시점 제외 [일진하이솔루스]: 14건 (>14일/파싱실패)
2026-07-24 11:41:50,333 [INFO] __main__ — 뉴스 시점 제외 [코스모화학]: 6건 (>14일/파싱실패)
2026-07-24 11:41:50,334 [INFO] __main__ — 뉴스 시점 제외 [국도화학]: 6건 (>14일/파싱실패)
2026-07-24 11:41:50,633 [INFO] __main__ — 뉴스 시점 제외 [명신산업]: 14건 (>14일/파싱실패)
2026-07-24 11:41:52,591 [INFO] __main__ — 뉴스 시점 제외 [아세아제지]: 6건 (>14일/파싱실패)
2026-07-24 11:41:52,853 [INFO] __main__ — 뉴스 시점 제외 [서연이화]: 2건 (>14일/파싱실패)
2026-07-24 11:41:55,588 [INFO] __main__ — 뉴스 시점 제외 [포스코스틸리온]: 5건 (>14일/파싱실패)
2026-07-24 11:41:56,334 [INFO] __main__ — 뉴스 시점 제외 [이지스밸류플러스리츠]: 10건 (>14일/파싱실패)
2026-07-24 11:41:56,608 [INFO] __main__ — 뉴스 시점 제외 [미창석유]: 10건 (>14일/파싱실패)
2026-07-24 11:41:58,067 [INFO] __main__ — 뉴스 시점 제외 [모토닉]: 14건 (>14일/파싱실패)
2026-07-24 11:41:58,567 [INFO] __main__ — 뉴스 시점 제외 [YG PLUS]: 7건 (>14일/파싱실패)
2026-07-24 11:41:59,328 [INFO] __main__ — 뉴스 시점 제외 [AJ네트웍스]: 9건 (>14일/파싱실패)
2026-07-24 11:42:00,839 [INFO] __main__ — 뉴스 시점 제외 [진양홀딩스]: 11건 (>14일/파싱실패)
2026-07-24 11:42:01,587 [INFO] __main__ — 뉴스 시점 제외 [동성케미컬]: 4건 (>14일/파싱실패)
2026-07-24 11:42:01,772 [INFO] __main__ — 뉴스 시점 제외 [에스엠벡셀]: 10건 (>14일/파싱실패)
2026-07-24 11:42:02,332 [INFO] __main__ — 뉴스 시점 제외 [SJG세종]: 5건 (>14일/파싱실패)
2026-07-24 11:42:03,094 [INFO] __main__ — 뉴스 시점 제외 [SYTS]: 12건 (>14일/파싱실패)
2026-07-24 11:42:03,247 [INFO] __main__ — 뉴스 시점 제외 [CJ제일제당 우]: 15건 (>14일/파싱실패)
2026-07-24 11:42:03,845 [INFO] __main__ — 뉴스 시점 제외 [NH올원리츠]: 10건 (>14일/파싱실패)
2026-07-24 11:42:04,579 [INFO] __main__ — 뉴스 시점 제외 [한국주철관]: 7건 (>14일/파싱실패)
2026-07-24 11:42:05,319 [INFO] __main__ — 뉴스 시점 제외 [아모레퍼시픽홀딩스3우C]: 14건 (>14일/파싱실패)
2026-07-24 11:42:06,064 [INFO] __main__ — 뉴스 시점 제외 [삼양패키징]: 10건 (>14일/파싱실패)
2026-07-24 11:42:06,072 [INFO] __main__ — 뉴스 시점 제외 [한진중공업홀딩스]: 14건 (>14일/파싱실패)
2026-07-24 11:42:06,214 [INFO] __main__ — 뉴스 시점 제외 [키다리스튜디오]: 4건 (>14일/파싱실패)
2026-07-24 11:42:06,795 [INFO] __main__ — 뉴스 시점 제외 [화승코퍼레이션]: 7건 (>14일/파싱실패)
2026-07-24 11:42:06,821 [INFO] __main__ — 뉴스 시점 제외 [일진다이아]: 11건 (>14일/파싱실패)
2026-07-24 11:42:06,957 [INFO] __main__ — 뉴스 시점 제외 [태경산업]: 9건 (>14일/파싱실패)
2026-07-24 11:42:07,563 [INFO] __main__ — 뉴스 시점 제외 [이지스레지던스리츠]: 12건 (>14일/파싱실패)
2026-07-24 11:42:08,267 [INFO] __main__ — 뉴스 시점 제외 [인천도시가스]: 9건 (>14일/파싱실패)
2026-07-24 11:42:08,445 [INFO] __main__ — 뉴스 시점 제외 [현대코퍼레이션홀딩스]: 13건 (>14일/파싱실패)
2026-07-24 11:42:09,013 [INFO] __main__ — 뉴스 시점 제외 [조선선재]: 13건 (>14일/파싱실패)
2026-07-24 11:42:09,753 [INFO] __main__ — 뉴스 시점 제외 [GS우]: 15건 (>14일/파싱실패)
2026-07-24 11:42:09,972 [INFO] __main__ — 뉴스 시점 제외 [티에이치엔]: 12건 (>14일/파싱실패)
2026-07-24 11:42:10,495 [INFO] __main__ — 뉴스 시점 제외 [경동인베스트]: 11건 (>14일/파싱실패)
2026-07-24 11:42:10,727 [INFO] __main__ — 뉴스 시점 제외 [DKME]: 14건 (>14일/파싱실패)
2026-07-24 11:42:11,448 [INFO] __main__ — 뉴스 시점 제외 [영보화학]: 14건 (>14일/파싱실패)
2026-07-24 11:42:11,966 [INFO] __main__ — 뉴스 시점 제외 [황금에스티]: 9건 (>14일/파싱실패)
2026-07-24 11:42:12,387 [INFO] __main__ — 뉴스 시점 제외 [DL이앤씨2우(전환)]: 15건 (>14일/파싱실패)
2026-07-24 11:42:12,706 [INFO] __main__ — 뉴스 시점 제외 [DSR제강]: 10건 (>14일/파싱실패)
2026-07-24 11:42:12,928 [INFO] __main__ — 뉴스 시점 제외 [티와이홀딩스]: 10건 (>14일/파싱실패)
2026-07-24 11:42:13,136 [INFO] __main__ — 뉴스 시점 제외 [아주스틸]: 8건 (>14일/파싱실패)
2026-07-24 11:42:13,661 [INFO] __main__ — 뉴스 시점 제외 [CS홀딩스]: 15건 (>14일/파싱실패)
2026-07-24 11:42:13,880 [INFO] __main__ — 뉴스 시점 제외 [동인기연]: 13건 (>14일/파싱실패)
2026-07-24 11:42:14,402 [INFO] __main__ — 뉴스 시점 제외 [성창기업지주]: 10건 (>14일/파싱실패)
2026-07-24 11:42:14,606 [INFO] __main__ — 뉴스 시점 제외 [유한양행우]: 8건 (>14일/파싱실패)
2026-07-24 11:42:15,144 [INFO] __main__ — 뉴스 시점 제외 [지엠비코리아]: 12건 (>14일/파싱실패)
2026-07-24 11:42:15,347 [INFO] __main__ — 뉴스 시점 제외 [페이퍼코리아]: 9건 (>14일/파싱실패)
2026-07-24 11:42:15,847 [INFO] __main__ — 뉴스 시점 제외 [동양고속]: 11건 (>14일/파싱실패)
2026-07-24 11:42:15,889 [INFO] __main__ — 뉴스 시점 제외 [NH프라임리츠]: 8건 (>14일/파싱실패)
2026-07-24 11:42:16,578 [INFO] __main__ — 뉴스 시점 제외 [아모레퍼시픽홀딩스우]: 14건 (>14일/파싱실패)
2026-07-24 11:42:16,828 [INFO] __main__ — 뉴스 시점 제외 [코오롱인더우]: 15건 (>14일/파싱실패)
2026-07-24 11:42:17,327 [INFO] __main__ — 뉴스 시점 제외 [삼정펄프]: 14건 (>14일/파싱실패)
2026-07-24 11:42:17,585 [INFO] __main__ — 뉴스 시점 제외 [태경케미컬]: 5건 (>14일/파싱실패)
2026-07-24 11:42:18,064 [INFO] __main__ — 뉴스 시점 제외 [휴니드]: 8건 (>14일/파싱실패)
2026-07-24 11:42:18,320 [INFO] __main__ — 뉴스 시점 제외 [호전실업]: 9건 (>14일/파싱실패)
2026-07-24 11:42:18,332 [INFO] __main__ — 뉴스 시점 제외 [보락]: 2건 (>14일/파싱실패)
2026-07-24 11:42:18,984 [INFO] __main__ — 뉴스 시점 제외 [하이스틸]: 9건 (>14일/파싱실패)
2026-07-24 11:42:19,725 [INFO] __main__ — 뉴스 시점 제외 [유안타증권우]: 14건 (>14일/파싱실패)
2026-07-24 11:42:19,812 [INFO] __main__ — 뉴스 시점 제외 [한국특강]: 8건 (>14일/파싱실패)
2026-07-24 11:42:20,468 [INFO] __main__ — 뉴스 시점 제외 [SJM홀딩스]: 14건 (>14일/파싱실패)
2026-07-24 11:42:20,550 [INFO] __main__ — 뉴스 시점 제외 [인바이오젠]: 6건 (>14일/파싱실패)
2026-07-24 11:42:20,558 [INFO] __main__ — 뉴스 시점 제외 [롯데칠성우]: 15건 (>14일/파싱실패)
2026-07-24 11:42:21,292 [INFO] __main__ — 뉴스 시점 제외 [BYC우]: 15건 (>14일/파싱실패)
2026-07-24 11:42:21,966 [INFO] __main__ — 뉴스 시점 제외 [대덕전자1우]: 14건 (>14일/파싱실패)
2026-07-24 11:42:22,038 [INFO] __main__ — 뉴스 시점 제외 [미래에셋맵스리츠]: 10건 (>14일/파싱실패)
2026-07-24 11:42:22,228 [INFO] __main__ — 뉴스 시점 제외 [SK케미칼우]: 14건 (>14일/파싱실패)
2026-07-24 11:42:22,705 [INFO] __main__ — 뉴스 시점 제외 [SG세계물산]: 9건 (>14일/파싱실패)
2026-07-24 11:42:22,968 [INFO] __main__ — 뉴스 시점 제외 [한화솔루션우]: 14건 (>14일/파싱실패)
2026-07-24 11:42:23,516 [INFO] __main__ — 뉴스 시점 제외 [SB성보]: 8건 (>14일/파싱실패)
2026-07-24 11:42:23,517 [INFO] __main__ — 뉴스 시점 제외 [씨케이솔루션]: 12건 (>14일/파싱실패)
2026-07-24 11:42:23,705 [INFO] __main__ — 뉴스 시점 제외 [유니온머티리얼]: 8건 (>14일/파싱실패)
2026-07-24 11:42:24,467 [INFO] __main__ — 뉴스 시점 제외 [영화금속]: 6건 (>14일/파싱실패)
2026-07-24 11:42:24,475 [INFO] __main__ — 뉴스 시점 제외 [에쓰씨엔지니어링]: 13건 (>14일/파싱실패)
2026-07-24 11:42:25,407 [INFO] __main__ — 뉴스 시점 제외 [유니켐]: 7건 (>14일/파싱실패)
2026-07-24 11:42:25,408 [INFO] __main__ — 뉴스 시점 제외 [DL우]: 15건 (>14일/파싱실패)
2026-07-24 11:42:25,412 [INFO] __main__ — 뉴스 시점 제외 [세우글로벌]: 14건 (>14일/파싱실패)
2026-07-24 11:42:26,165 [INFO] __main__ — 뉴스 시점 제외 [세방우]: 15건 (>14일/파싱실패)
2026-07-24 11:42:26,178 [INFO] __main__ — 뉴스 시점 제외 [한창제지]: 7건 (>14일/파싱실패)
2026-07-24 11:42:26,936 [INFO] __main__ — 뉴스 시점 제외 [WISCOM]: 10건 (>14일/파싱실패)
2026-07-24 11:42:35,164 [INFO] __main__ — 뉴스 시점 제외 [큐리옥스바이오시스템즈]: 12건 (>14일/파싱실패)
2026-07-24 11:42:36,840 [INFO] __main__ — 뉴스 시점 제외 [펌텍코리아]: 9건 (>14일/파싱실패)
2026-07-24 11:42:41,721 [INFO] __main__ — 뉴스 시점 제외 [네오셈]: 4건 (>14일/파싱실패)
2026-07-24 11:42:42,501 [INFO] __main__ — 뉴스 시점 제외 [인화정공]: 13건 (>14일/파싱실패)
2026-07-24 11:42:43,973 [INFO] __main__ — 뉴스 시점 제외 [한국알콜]: 5건 (>14일/파싱실패)
2026-07-24 11:42:46,430 [INFO] __main__ — 뉴스 시점 제외 [폰드그룹]: 8건 (>14일/파싱실패)
2026-07-24 11:42:47,172 [INFO] __main__ — 뉴스 시점 제외 [서호전기]: 15건 (>14일/파싱실패)
2026-07-24 11:42:47,903 [INFO] __main__ — 뉴스 시점 제외 [미래나노텍]: 1건 (>14일/파싱실패)
2026-07-24 11:42:47,924 [INFO] __main__ — 뉴스 시점 제외 [코텍]: 5건 (>14일/파싱실패)
2026-07-24 11:42:49,307 [INFO] __main__ — 뉴스 시점 제외 [삼목에스폼]: 4건 (>14일/파싱실패)
2026-07-24 11:42:50,096 [INFO] __main__ — 뉴스 시점 제외 [네오위즈홀딩스]: 8건 (>14일/파싱실패)
2026-07-24 11:42:50,146 [INFO] __main__ — 뉴스 시점 제외 [석경에이티]: 5건 (>14일/파싱실패)
2026-07-24 11:42:50,826 [INFO] __main__ — 뉴스 시점 제외 [BGF에코머티리얼즈]: 15건 (>14일/파싱실패)
2026-07-24 11:42:51,517 [INFO] __main__ — 뉴스 시점 제외 [코메론]: 12건 (>14일/파싱실패)
2026-07-24 11:42:51,593 [INFO] __main__ — 뉴스 시점 제외 [아이디스]: 12건 (>14일/파싱실패)
2026-07-24 11:42:53,200 [INFO] __main__ — 뉴스 시점 제외 [신성에스티]: 7건 (>14일/파싱실패)
2026-07-24 11:42:53,209 [INFO] __main__ — 뉴스 시점 제외 [레드캡투어]: 11건 (>14일/파싱실패)
2026-07-24 11:42:55,465 [INFO] __main__ — 뉴스 시점 제외 [에스오에스랩]: 8건 (>14일/파싱실패)
2026-07-24 11:42:55,481 [INFO] __main__ — 뉴스 시점 제외 [현대이지웰]: 11건 (>14일/파싱실패)
2026-07-24 11:42:55,483 [INFO] __main__ — 뉴스 시점 제외 [하이비젼시스템]: 5건 (>14일/파싱실패)
2026-07-24 11:42:56,958 [INFO] __main__ — 뉴스 시점 제외 [삼보판지]: 15건 (>14일/파싱실패)
2026-07-24 11:42:56,962 [INFO] __main__ — 뉴스 시점 제외 [동국산업]: 8건 (>14일/파싱실패)
2026-07-24 11:42:57,917 [INFO] __main__ — 뉴스 시점 제외 [제룡산업]: 8건 (>14일/파싱실패)
2026-07-24 11:42:59,064 [INFO] __main__ — 뉴스 시점 제외 [슈프리마에이치큐]: 9건 (>14일/파싱실패)
2026-07-24 11:43:00,002 [INFO] __main__ — 뉴스 시점 제외 [성도이엔지]: 8건 (>14일/파싱실패)
2026-07-24 11:43:00,027 [INFO] __main__ — 뉴스 시점 제외 [윤성에프앤씨]: 13건 (>14일/파싱실패)
2026-07-24 11:43:01,890 [INFO] __main__ — 뉴스 시점 제외 [지어소프트]: 5건 (>14일/파싱실패)
2026-07-24 11:43:04,829 [INFO] __main__ — 뉴스 시점 제외 [톱텍]: 2건 (>14일/파싱실패)
2026-07-24 11:43:05,744 [INFO] __main__ — 뉴스 시점 제외 [대정화금]: 13건 (>14일/파싱실패)
2026-07-24 11:43:06,878 [INFO] __main__ — 뉴스 시점 제외 [케이알엠]: 7건 (>14일/파싱실패)
2026-07-24 11:43:07,794 [INFO] __main__ — 뉴스 시점 제외 [루미르]: 11건 (>14일/파싱실패)
2026-07-24 11:43:07,804 [INFO] __main__ — 뉴스 시점 제외 [우리손에프앤지]: 14건 (>14일/파싱실패)
2026-07-24 11:43:08,846 [INFO] __main__ — 뉴스 시점 제외 [탑런토탈솔루션]: 11건 (>14일/파싱실패)
2026-07-24 11:43:08,864 [INFO] __main__ — 뉴스 시점 제외 [엠에스오토텍]: 14건 (>14일/파싱실패)
2026-07-24 11:43:10,331 [INFO] __main__ — 뉴스 시점 제외 [스톰테크]: 14건 (>14일/파싱실패)
2026-07-24 11:43:10,504 [INFO] __main__ — 뉴스 시점 제외 [케이씨에스]: 11건 (>14일/파싱실패)
2026-07-24 11:43:10,730 [INFO] __main__ — 뉴스 시점 제외 [아미노로직스]: 10건 (>14일/파싱실패)
2026-07-24 11:43:11,073 [INFO] __main__ — 뉴스 시점 제외 [링네트]: 9건 (>14일/파싱실패)
2026-07-24 11:43:11,433 [INFO] __main__ — 뉴스 시점 제외 [풍국주정]: 14건 (>14일/파싱실패)
2026-07-24 11:43:12,780 [INFO] __main__ — 뉴스 시점 제외 [서원인텍]: 14건 (>14일/파싱실패)
2026-07-24 11:43:12,790 [INFO] __main__ — 뉴스 시점 제외 [동국S&C]: 11건 (>14일/파싱실패)
2026-07-24 11:43:13,089 [INFO] __main__ — 뉴스 시점 제외 [오성첨단소재]: 6건 (>14일/파싱실패)
2026-07-24 11:43:13,544 [INFO] __main__ — 뉴스 시점 제외 [금강철강]: 8건 (>14일/파싱실패)
2026-07-24 11:43:13,826 [INFO] __main__ — 뉴스 시점 제외 [에이치피오]: 10건 (>14일/파싱실패)
2026-07-24 11:43:14,456 [INFO] __main__ — 뉴스 시점 제외 [나노팀]: 10건 (>14일/파싱실패)
2026-07-24 11:43:14,459 [INFO] __main__ — 뉴스 시점 제외 [오상헬스케어]: 11건 (>14일/파싱실패)
2026-07-24 11:43:14,565 [INFO] __main__ — 뉴스 시점 제외 [창해에탄올]: 10건 (>14일/파싱실패)
2026-07-24 11:43:15,203 [INFO] __main__ — 뉴스 시점 제외 [동아엘텍]: 15건 (>14일/파싱실패)
2026-07-24 11:43:16,461 [INFO] __main__ — 뉴스 시점 제외 [에이치엔에스하이텍]: 15건 (>14일/파싱실패)
2026-07-24 11:43:16,740 [INFO] __main__ — 뉴스 시점 제외 [테라뷰]: 13건 (>14일/파싱실패)
2026-07-24 11:43:17,475 [INFO] __main__ — 뉴스 시점 제외 [블루콤]: 14건 (>14일/파싱실패)
2026-07-24 11:43:17,533 [INFO] __main__ — 뉴스 시점 제외 [대림제지]: 10건 (>14일/파싱실패)
2026-07-24 11:43:18,210 [INFO] __main__ — 뉴스 시점 제외 [삼아제약]: 4건 (>14일/파싱실패)
2026-07-24 11:43:18,272 [INFO] __main__ — 뉴스 시점 제외 [HRS]: 7건 (>14일/파싱실패)
2026-07-24 11:43:19,687 [INFO] __main__ — 뉴스 시점 제외 [이상네트웍스]: 12건 (>14일/파싱실패)
2026-07-24 11:43:20,434 [INFO] __main__ — 뉴스 시점 제외 [양지사]: 14건 (>14일/파싱실패)
2026-07-24 11:43:20,685 [INFO] __main__ — 뉴스 시점 제외 [로스웰]: 10건 (>14일/파싱실패)
2026-07-24 11:43:20,954 [INFO] __main__ — 뉴스 시점 제외 [엔브이에이치코리아]: 13건 (>14일/파싱실패)
2026-07-24 11:43:21,428 [INFO] __main__ — 뉴스 시점 제외 [현대공업]: 9건 (>14일/파싱실패)
2026-07-24 11:43:21,698 [INFO] __main__ — 뉴스 시점 제외 [지구홀딩스]: 13건 (>14일/파싱실패)
2026-07-24 11:43:22,238 [INFO] __main__ — 뉴스 시점 제외 [삼현철강]: 9건 (>14일/파싱실패)
2026-07-24 11:43:22,458 [INFO] __main__ — 뉴스 시점 제외 [싸이토젠]: 12건 (>14일/파싱실패)
2026-07-24 11:43:22,995 [INFO] __main__ — 뉴스 시점 제외 [삐아]: 7건 (>14일/파싱실패)
2026-07-24 11:43:23,191 [INFO] __main__ — 뉴스 시점 제외 [새빗켐]: 13건 (>14일/파싱실패)
2026-07-24 11:43:23,747 [INFO] __main__ — 뉴스 시점 제외 [엠오티]: 8건 (>14일/파싱실패)
2026-07-24 11:43:23,944 [INFO] __main__ — 뉴스 시점 제외 [드림씨아이에스]: 7건 (>14일/파싱실패)
2026-07-24 11:43:24,493 [INFO] __main__ — 뉴스 시점 제외 [피제이전자]: 12건 (>14일/파싱실패)
2026-07-24 11:43:25,239 [INFO] __main__ — 뉴스 시점 제외 [동일금속]: 15건 (>14일/파싱실패)
2026-07-24 11:43:25,422 [INFO] __main__ — 뉴스 시점 제외 [피제이메탈]: 11건 (>14일/파싱실패)
2026-07-24 11:43:25,967 [INFO] __main__ — 뉴스 시점 제외 [페스카로]: 14건 (>14일/파싱실패)
2026-07-24 11:43:27,465 [INFO] __main__ — 뉴스 시점 제외 [한국전자인증]: 2건 (>14일/파싱실패)
2026-07-24 11:43:27,467 [INFO] __main__ — 뉴스 시점 제외 [센코]: 8건 (>14일/파싱실패)
2026-07-24 11:43:28,214 [INFO] __main__ — 뉴스 시점 제외 [다원넥스뷰]: 7건 (>14일/파싱실패)
2026-07-24 11:43:28,221 [INFO] __main__ — 뉴스 시점 제외 [유라테크]: 14건 (>14일/파싱실패)
2026-07-24 11:43:28,968 [INFO] __main__ — 뉴스 시점 제외 [드림어스컴퍼니]: 7건 (>14일/파싱실패)
2026-07-24 11:43:29,719 [INFO] __main__ — 뉴스 시점 제외 [고바이오랩]: 6건 (>14일/파싱실패)
2026-07-24 11:43:30,465 [INFO] __main__ — 뉴스 시점 제외 [원일티엔아이]: 7건 (>14일/파싱실패)
2026-07-24 11:43:31,962 [INFO] __main__ — 뉴스 시점 제외 [알파칩스]: 8건 (>14일/파싱실패)
2026-07-24 11:43:31,967 [INFO] __main__ — 뉴스 시점 제외 [트루엔]: 13건 (>14일/파싱실패)
2026-07-24 11:43:34,198 [INFO] __main__ — 뉴스 시점 제외 [코츠테크놀로지]: 4건 (>14일/파싱실패)
2026-07-24 11:43:34,472 [INFO] __main__ — 뉴스 시점 제외 [케이피항공산업]: 8건 (>14일/파싱실패)
2026-07-24 11:43:35,141 [INFO] __main__ — 뉴스 시점 제외 [스마트레이더시스템]: 13건 (>14일/파싱실패)
2026-07-24 11:43:35,903 [INFO] __main__ — 뉴스 시점 제외 [화성밸브]: 12건 (>14일/파싱실패)
2026-07-24 11:43:35,906 [INFO] __main__ — 뉴스 시점 제외 [동우팜투테이블]: 6건 (>14일/파싱실패)
2026-07-24 11:43:35,953 [INFO] __main__ — 뉴스 시점 제외 [웨이브일렉트로]: 9건 (>14일/파싱실패)
2026-07-24 11:43:36,704 [INFO] __main__ — 뉴스 시점 제외 [한국선재]: 11건 (>14일/파싱실패)
2026-07-24 11:43:37,405 [INFO] __main__ — 뉴스 시점 제외 [셀바이오휴먼텍]: 11건 (>14일/파싱실패)
2026-07-24 11:43:38,134 [INFO] __main__ — 뉴스 시점 제외 [더블유에스아이]: 13건 (>14일/파싱실패)
2026-07-24 11:43:38,186 [INFO] __main__ — 뉴스 시점 제외 [세코닉스]: 9건 (>14일/파싱실패)
2026-07-24 11:43:38,900 [INFO] __main__ — 뉴스 시점 제외 [인지소프트]: 13건 (>14일/파싱실패)
2026-07-24 11:43:38,922 [INFO] __main__ — 뉴스 시점 제외 [제이씨현시스템]: 14건 (>14일/파싱실패)
2026-07-24 11:43:39,609 [INFO] __main__ — 뉴스 시점 제외 [에르코스]: 9건 (>14일/파싱실패)
2026-07-24 11:43:39,663 [INFO] __main__ — 뉴스 시점 제외 [덕우전자]: 13건 (>14일/파싱실패)
2026-07-24 11:43:41,108 [INFO] __main__ — 뉴스 시점 제외 [포인트엔지니어링]: 6건 (>14일/파싱실패)
2026-07-24 11:43:41,801 [INFO] __main__ — 뉴스 시점 제외 [엘컴텍]: 14건 (>14일/파싱실패)
2026-07-24 11:43:41,901 [INFO] __main__ — 뉴스 시점 제외 [코콤]: 7건 (>14일/파싱실패)
2026-07-24 11:43:42,731 [INFO] __main__ — 뉴스 시점 제외 [씨유테크]: 15건 (>14일/파싱실패)
2026-07-24 11:43:42,749 [INFO] __main__ — 뉴스 시점 제외 [오상자이엘]: 12건 (>14일/파싱실패)
2026-07-24 11:43:42,754 [INFO] __main__ — 뉴스 시점 제외 [HC홈센타]: 12건 (>14일/파싱실패)
2026-07-24 11:43:43,470 [INFO] __main__ — 뉴스 시점 제외 [에어레인]: 5건 (>14일/파싱실패)
2026-07-24 11:43:44,208 [INFO] __main__ — 뉴스 시점 제외 [네오이뮨텍]: 7건 (>14일/파싱실패)
2026-07-24 11:43:44,220 [INFO] __main__ — 뉴스 시점 제외 [케이씨피드]: 10건 (>14일/파싱실패)
2026-07-24 11:43:44,235 [INFO] __main__ — 뉴스 시점 제외 [위너스일렉]: 12건 (>14일/파싱실패)
2026-07-24 11:43:45,708 [INFO] __main__ — 뉴스 시점 제외 [제이피아이헬스케어]: 14건 (>14일/파싱실패)
2026-07-24 11:43:45,712 [INFO] __main__ — 뉴스 시점 제외 [제이엠티]: 14건 (>14일/파싱실패)
2026-07-24 11:43:46,450 [INFO] __main__ — 뉴스 시점 제외 [디케이앤디]: 13건 (>14일/파싱실패)
2026-07-24 11:43:46,471 [INFO] __main__ — 뉴스 시점 제외 [에이텍모빌리티]: 14건 (>14일/파싱실패)
2026-07-24 11:43:46,474 [INFO] __main__ — 뉴스 시점 제외 [린드먼아시아]: 15건 (>14일/파싱실패)
2026-07-24 11:43:47,214 [INFO] __main__ — 뉴스 시점 제외 [파라텍]: 12건 (>14일/파싱실패)
2026-07-24 11:43:47,929 [INFO] __main__ — 뉴스 시점 제외 [램테크놀러지]: 4건 (>14일/파싱실패)
2026-07-24 11:43:47,952 [INFO] __main__ — 뉴스 시점 제외 [인지디스플레]: 12건 (>14일/파싱실패)
2026-07-24 11:43:47,964 [INFO] __main__ — 뉴스 시점 제외 [원바이오젠]: 14건 (>14일/파싱실패)
2026-07-24 11:43:48,691 [INFO] __main__ — 뉴스 시점 제외 [쓰리에이로직스]: 13건 (>14일/파싱실패)
2026-07-24 11:43:48,703 [INFO] __main__ — 뉴스 시점 제외 [서진오토모티브]: 13건 (>14일/파싱실패)
2026-07-24 11:43:49,419 [INFO] __main__ — 뉴스 시점 제외 [NHN벅스]: 9건 (>14일/파싱실패)
2026-07-24 11:43:49,436 [INFO] __main__ — 뉴스 시점 제외 [레이저옵텍]: 11건 (>14일/파싱실패)
2026-07-24 11:43:50,134 [INFO] __main__ — 뉴스 시점 제외 [나라엠앤디]: 12건 (>14일/파싱실패)
2026-07-24 11:43:50,154 [INFO] __main__ — 뉴스 시점 제외 [아세아텍]: 13건 (>14일/파싱실패)
2026-07-24 11:43:50,936 [INFO] __main__ — 뉴스 시점 제외 [씨앤투스]: 9건 (>14일/파싱실패)
2026-07-24 11:43:51,615 [INFO] __main__ — 뉴스 시점 제외 [백금T&A]: 8건 (>14일/파싱실패)
2026-07-24 11:43:52,374 [INFO] __main__ — 뉴스 시점 제외 [한네트]: 15건 (>14일/파싱실패)
2026-07-24 11:43:53,116 [INFO] __main__ — 뉴스 시점 제외 [씨큐브]: 11건 (>14일/파싱실패)
2026-07-24 11:43:53,145 [INFO] __main__ — 뉴스 시점 제외 [보라티알]: 12건 (>14일/파싱실패)
2026-07-24 11:43:53,880 [INFO] __main__ — 뉴스 시점 제외 [에코캡]: 13건 (>14일/파싱실패)
2026-07-24 11:43:54,616 [INFO] __main__ — 뉴스 시점 제외 [에이아이코리아]: 10건 (>14일/파싱실패)
2026-07-24 11:43:54,635 [INFO] __main__ — 뉴스 시점 제외 [엔바이오니아]: 10건 (>14일/파싱실패)
2026-07-24 11:43:55,344 [INFO] __main__ — 뉴스 시점 제외 [스튜디오미르]: 6건 (>14일/파싱실패)
2026-07-24 11:43:55,384 [INFO] __main__ — 뉴스 시점 제외 [삼화네트웍스]: 7건 (>14일/파싱실패)
2026-07-24 11:43:56,074 [INFO] __main__ — 뉴스 시점 제외 [루멘스]: 6건 (>14일/파싱실패)
2026-07-24 11:43:56,143 [INFO] __main__ — 뉴스 시점 제외 [브리지텍]: 12건 (>14일/파싱실패)
2026-07-24 11:43:57,542 [INFO] __main__ — 뉴스 시점 제외 [제이엔비]: 9건 (>14일/파싱실패)
2026-07-24 11:43:57,604 [INFO] __main__ — 뉴스 시점 제외 [와토스코리아]: 10건 (>14일/파싱실패)
2026-07-24 11:43:58,352 [INFO] __main__ — 뉴스 시점 제외 [기산텔레콤]: 7건 (>14일/파싱실패)
2026-07-24 11:43:59,030 [INFO] __main__ — 뉴스 시점 제외 [이삭엔지니어링]: 9건 (>14일/파싱실패)
2026-07-24 11:43:59,773 [INFO] __main__ — 뉴스 시점 제외 [티비씨]: 11건 (>14일/파싱실패)
2026-07-24 11:43:59,875 [INFO] __main__ — POOL_A 후보 부정뉴스 2차 조회: 607개
2026-07-24 11:43:59,880 [INFO] __main__ — POOL_A: 1090개 (A:600 B:276 동시:214) | 부정게이트 제외:11
  대형:86 중형:232 소형:772
2026-07-24 11:43:59,889 [INFO] __main__ —   → POOL_A: 1090개
2026-07-24 11:43:59,889 [INFO] __main__ — ▶ Step 2: 하드 필터링
2026-07-24 11:43:59,891 [INFO] __main__ — 하드 필터 제거: 1073개 | 과열배제 48 | 이격도상한 7 | 이격도하한 283 | MA추세 693 | RSI과열 1 | 거래대금 41
2026-07-24 11:43:59,892 [INFO] __main__ — 과열 gated 기록: 48개 → gated_tickers
2026-07-24 11:43:59,892 [INFO] __main__ — POOL_B: 17개 | 대형:1 중형:6 소형:10
2026-07-24 11:43:59,893 [INFO] __main__ —   → POOL_B: 17개
2026-07-24 11:43:59,893 [INFO] __main__ — ▶ Step 3: 스코어링 (FinBERT 감성 분석)
2026-07-24 11:43:59,893 [INFO] __main__ — NaverClient: 3개 키 로드 (DataLab·검색 독립 회전)
2026-07-24 11:43:59,893 [INFO] __main__ — 텍스트 신규 수집: 17종목 (캐시 적중 0종목)
2026-07-24 11:44:06,245 [INFO] __main__ — 뉴스 시점 제외 [이수화학]: 25건 (>14일/파싱실패)
2026-07-24 11:44:11,048 [INFO] __main__ — 뉴스 시점 제외 [뉴파워프라즈마]: 14건 (>14일/파싱실패)
2026-07-24 11:44:15,797 [INFO] __main__ — 뉴스 시점 제외 [디케이티]: 16건 (>14일/파싱실패)
2026-07-24 11:44:21,061 [INFO] __main__ — 뉴스 시점 제외 [화신정공]: 19건 (>14일/파싱실패)
2026-07-24 11:44:30,348 [INFO] __main__ — 수집 완료: 뉴스 138건 | 공시 56건
2026-07-24 11:44:30,348 [INFO] __main__ — FinBERT 감성 분석 (finbert 모드)...
2026-07-24 11:44:30,348 [INFO] __main__ — FinBERT 로딩: snunlp/KR-FinBert-SC (CPU, batch=8)
2026-07-24 11:44:30,473 [INFO] httpx — HTTP Request: GET https://huggingface.co/api/agent-harnesses "HTTP/1.1 200 OK"
2026-07-24 11:44:30,497 [INFO] httpx — HTTP Request: HEAD https://huggingface.co/snunlp/KR-FinBert-SC/resolve/main/config.json "HTTP/1.1 307 Temporary Redirect"
2026-07-24 11:44:30,498 [WARNING] huggingface_hub.utils._http — Warning: You are sending unauthenticated requests to the HF Hub. Please set a HF_TOKEN to enable higher rate limits and faster downloads.
2026-07-24 11:44:30,507 [INFO] httpx — HTTP Request: HEAD https://huggingface.co/api/resolve-cache/models/snunlp/KR-FinBert-SC/f8586286cc3161fb648e9fee09a456069fd846d0/config.json "HTTP/1.1 200 OK"
2026-07-24 11:44:30,550 [INFO] httpx — HTTP Request: HEAD https://huggingface.co/snunlp/KR-FinBert-SC/resolve/main/model.safetensors "HTTP/1.1 404 Not Found"
2026-07-24 11:44:30,579 [INFO] httpx — HTTP Request: GET https://huggingface.co/api/models/snunlp/KR-FinBert-SC "HTTP/1.1 200 OK"
2026-07-24 11:44:30,617 [INFO] httpx — HTTP Request: GET https://huggingface.co/api/models/snunlp/KR-FinBert-SC/commits/main "HTTP/1.1 200 OK"
2026-07-24 11:44:30,649 [INFO] httpx — HTTP Request: GET https://huggingface.co/api/models/snunlp/KR-FinBert-SC/discussions?p=0 "HTTP/1.1 200 OK"
2026-07-24 11:44:30,690 [INFO] httpx — HTTP Request: GET https://huggingface.co/api/models/snunlp/KR-FinBert-SC/commits/refs%2Fpr%2F3 "HTTP/1.1 200 OK"
2026-07-24 11:44:30,713 [INFO] httpx — HTTP Request: HEAD https://huggingface.co/snunlp/KR-FinBert-SC/resolve/refs%2Fpr%2F3/model.safetensors.index.json "HTTP/1.1 404 Not Found"
2026-07-24 11:44:30,715 [INFO] httpx — HTTP Request: GET https://huggingface.co/api/models/snunlp/KR-FinBert-SC/tree/main/additional_chat_templates?recursive=false&expand=false "HTTP/1.1 404 Not Found"
2026-07-24 11:44:30,740 [INFO] httpx — HTTP Request: HEAD https://huggingface.co/snunlp/KR-FinBert-SC/resolve/refs%2Fpr%2F3/model.safetensors "HTTP/1.1 302 Found"
2026-07-24 11:44:30,741 [INFO] httpx — HTTP Request: GET https://huggingface.co/api/models/snunlp/KR-FinBert-SC/tree/main?recursive=true&expand=false "HTTP/1.1 200 OK"
2026-07-24 11:44:30,792 [INFO] httpx — HTTP Request: HEAD https://huggingface.co/snunlp/KR-FinBert-SC/resolve/main/processor_config.json "HTTP/1.1 404 Not Found"
2026-07-24 11:44:30,814 [INFO] httpx — HTTP Request: HEAD https://huggingface.co/snunlp/KR-FinBert-SC/resolve/main/video_preprocessor_config.json "HTTP/1.1 404 Not Found"
2026-07-24 11:44:30,836 [INFO] httpx — HTTP Request: HEAD https://huggingface.co/snunlp/KR-FinBert-SC/resolve/main/preprocessor_config.json "HTTP/1.1 404 Not Found"
2026-07-24 11:44:30,837 [INFO] __main__ — FinBERT 로드 완료 (CPU)
2026-07-24 11:44:42,776 [INFO] __main__ — Phase A.1: 매핑 신뢰도 < 0.5 → 감성 점수 폐기 8건
2026-07-24 11:44:42,776 [INFO] __main__ — 스코어링: 17개 | 집중:1 | FinBERT:finbert
2026-07-24 11:44:42,793 [INFO] __main__ —   → 17개
2026-07-24 11:44:42,793 [INFO] __main__ — ▶ Step 4: 발송
2026-07-24 11:44:47,269 [WARNING] __main__ — 텔레그램 발송 실패 그룹 → mark_sent skip 4개 (다음 실행 시 재발송 대상)
2026-07-24 11:44:47,269 [INFO] __main__ — DB 기록: 1개 / 전체 to_send 5개
2026-07-24 11:44:47,269 [INFO] __main__ — 발송: 집중 1 / 주시 0
2026-07-24 11:44:47,269 [INFO] __main__ — 완료  |  소요: 1397.7초
