2026-09-20 23:13:15,425 [INFO] __main__ — config 검증 완료 ✓
2026-09-20 23:13:15,426 [INFO] __main__ — KIS 조회 도메인: 실전 (https://openapi.koreainvestment.com:9443)
2026-09-20 23:13:15,426 [INFO] __main__ — ============================================================
2026-09-20 23:13:15,426 [INFO] __main__ — AlphaRadar v3.3.1  |  기준일: 20260921  |  런: am
2026-09-20 23:13:15,426 [INFO] __main__ — S = T×0.3 + S_text×0.4 + D×0.3
2026-09-20 23:13:15,426 [INFO] __main__ — ============================================================
2026-09-20 23:13:15,426 [INFO] __main__ — ▶ Step 0: 유니버스 필터링
2026-09-20 23:13:15,725 [INFO] __main__ — FDR 데이터 수집: 20260318 ~ 20260921
2026-09-20 23:13:17,144 [INFO] __main__ — master universe 메타: 캐시 사용 2760개 (year=2026)
2026-09-20 23:13:17,146 [INFO] __main__ — master 보강: 등급 835개 | FnGuide/KSIC 2546개 | 섹터(fg_industry) 2546개
2026-09-20 23:13:17,146 [INFO] __main__ — KOSPI: 942개 | 섹터정보 830개 (DART +827개 보완)
2026-09-20 23:13:17,147 [INFO] __main__ — KOSDAQ: 1820개 | 섹터정보 1745개
2026-09-20 23:13:17,147 [INFO] __main__ — 전체: 2762개
2026-09-20 23:13:19,358 [INFO] __main__ — KIS 토큰 발급 완료
2026-09-20 23:20:25,512 [INFO] __main__ — DART corp_code 매핑: 879/903개 (97%)
2026-09-20 23:20:25,512 [INFO] __main__ — 유효 유니버스: 903개
2026-09-20 23:20:25,519 [INFO] __main__ —   → 903개
2026-09-20 23:20:25,519 [INFO] __main__ — ▶ Step 1: 신호 탐지
2026-09-20 23:20:25,519 [INFO] __main__ — NaverClient: 3개 키 로드 (DataLab·검색 독립 회전)
2026-09-20 23:20:25,519 [INFO] __main__ — 관심 지수 및 부정 뉴스 비율 조회 중...
2026-09-20 23:20:28,773 [INFO] __main__ — 봇 주가요약 제외 [드림시큐리티]: 2건
2026-09-20 23:20:30,206 [INFO] __main__ — 봇 주가요약 제외 [엑스게이트]: 3건
2026-09-20 23:20:31,600 [INFO] __main__ — 봇 주가요약 제외 [아주IB투자]: 1건
2026-09-20 23:20:31,611 [INFO] __main__ — 봇 주가요약 제외 [에스엠벡셀]: 1건
2026-09-20 23:20:33,194 [INFO] __main__ — 봇 주가요약 제외 [후성]: 1건
2026-09-20 23:20:34,583 [INFO] __main__ — 봇 주가요약 제외 [PS일렉트로닉스]: 2건
2026-09-20 23:20:38,164 [INFO] __main__ — 봇 주가요약 제외 [파미셀]: 2건
2026-09-20 23:20:39,419 [INFO] __main__ — 봇 주가요약 제외 [페니트리움바이오]: 1건
2026-09-20 23:20:40,929 [INFO] __main__ — 봇 주가요약 제외 [쏠리드]: 2건
2026-09-20 23:20:41,901 [INFO] __main__ — 봇 주가요약 제외 [대한전선]: 1건
2026-09-20 23:20:44,385 [INFO] __main__ — 봇 주가요약 제외 [한선엔지니어링]: 1건
2026-09-20 23:20:44,622 [INFO] __main__ — 뉴스 시점 제외 [동국홀딩스]: 7건 (>14일/파싱실패)
2026-09-20 23:20:48,327 [INFO] __main__ — 봇 주가요약 제외 [현대무벡스]: 1건
2026-09-20 23:20:49,338 [INFO] __main__ — 봇 주가요약 제외 [아모텍]: 1건
2026-09-20 23:20:50,575 [INFO] __main__ — 봇 주가요약 제외 [한국정보인증]: 1건
2026-09-20 23:20:52,016 [INFO] __main__ — 봇 주가요약 제외 [코칩]: 1건
2026-09-20 23:20:56,678 [INFO] __main__ — 봇 주가요약 제외 [RF머트리얼즈]: 1건
2026-09-20 23:20:58,200 [INFO] __main__ — 봇 주가요약 제외 [휴림로봇]: 2건
2026-09-20 23:21:04,045 [INFO] __main__ — 봇 주가요약 제외 [두산퓨얼셀]: 2건
2026-09-20 23:21:11,537 [INFO] __main__ — 봇 주가요약 제외 [지엔씨에너지]: 1건
2026-09-20 23:21:13,968 [INFO] __main__ — 뉴스 시점 제외 [KB스타리츠]: 10건 (>14일/파싱실패)
2026-09-20 23:21:14,055 [INFO] __main__ — 봇 주가요약 제외 [미래에셋벤처투자]: 2건
2026-09-20 23:21:15,419 [INFO] __main__ — 뉴스 시점 제외 [맥쿼리인프라]: 6건 (>14일/파싱실패)
2026-09-20 23:21:17,953 [INFO] __main__ — 봇 주가요약 제외 [서진시스템]: 1건
2026-09-20 23:21:20,606 [INFO] __main__ — 봇 주가요약 제외 [삼현]: 1건
2026-09-20 23:21:20,921 [INFO] __main__ — 봇 주가요약 제외 [제주반도체]: 2건
2026-09-20 23:21:22,146 [INFO] __main__ — 봇 주가요약 제외 [브이엠]: 3건
2026-09-20 23:21:24,628 [INFO] __main__ — 뉴스 시점 제외 [KB발해인프라]: 12건 (>14일/파싱실패)
2026-09-20 23:21:24,862 [INFO] __main__ — 봇 주가요약 제외 [대덕전자]: 2건
2026-09-20 23:21:27,279 [INFO] __main__ — 봇 주가요약 제외 [에스피지]: 1건
2026-09-20 23:21:42,047 [INFO] __main__ — 뉴스 시점 제외 [와이지-원]: 6건 (>14일/파싱실패)
2026-09-20 23:21:47,442 [INFO] __main__ — 봇 주가요약 제외 [테크윙]: 1건
2026-09-20 23:21:50,491 [INFO] __main__ — 봇 주가요약 제외 [비에이치아이]: 1건
2026-09-20 23:21:54,179 [INFO] __main__ — 봇 주가요약 제외 [두산테스나]: 2건
2026-09-20 23:21:56,726 [INFO] __main__ — 뉴스 시점 제외 [맵스리얼티]: 9건 (>14일/파싱실패)
2026-09-20 23:22:02,769 [INFO] __main__ — 봇 주가요약 제외 [비츠로넥스텍]: 1건
2026-09-20 23:22:03,517 [INFO] __main__ — 뉴스 시점 제외 [엘브이엠씨홀딩스]: 15건 (>14일/파싱실패)
2026-09-20 23:22:04,000 [INFO] __main__ — 뉴스 시점 제외 [휴스틸]: 5건 (>14일/파싱실패)
2026-09-20 23:22:05,332 [INFO] __main__ — 뉴스 시점 제외 [ESR켄달스퀘어리츠]: 13건 (>14일/파싱실패)
2026-09-20 23:22:10,119 [INFO] __main__ — 뉴스 시점 제외 [서부T&D]: 6건 (>14일/파싱실패)
2026-09-20 23:22:10,880 [INFO] __main__ — 뉴스 시점 제외 [디앤디플랫폼리츠]: 12건 (>14일/파싱실패)
2026-09-20 23:22:11,343 [INFO] __main__ — 봇 주가요약 제외 [케이엔알시스템]: 1건
2026-09-20 23:22:14,589 [INFO] __main__ — 봇 주가요약 제외 [이노스페이스]: 2건
2026-09-20 23:22:22,274 [INFO] __main__ — 봇 주가요약 제외 [비나텍]: 1건
2026-09-20 23:22:25,272 [INFO] __main__ — 뉴스 시점 제외 [미래에셋증권2우B]: 7건 (>14일/파싱실패)
2026-09-20 23:22:28,952 [INFO] __main__ — 뉴스 시점 제외 [이수화학]: 1건 (>14일/파싱실패)
2026-09-20 23:22:34,601 [INFO] __main__ — 봇 주가요약 제외 [엑시콘]: 1건
2026-09-20 23:22:44,477 [INFO] __main__ — 뉴스 시점 제외 [오리엔탈정공]: 6건 (>14일/파싱실패)
2026-09-20 23:22:49,362 [INFO] __main__ — 봇 주가요약 제외 [달바글로벌]: 2건
2026-09-20 23:22:52,456 [INFO] __main__ — 봇 주가요약 제외 [세아베스틸지주]: 1건
2026-09-20 23:22:56,199 [INFO] __main__ — 봇 주가요약 제외 [리가켐바이오]: 1건
2026-09-20 23:22:57,949 [INFO] __main__ — 뉴스 시점 제외 [롯데리츠]: 7건 (>14일/파싱실패)
2026-09-20 23:23:08,531 [INFO] __main__ — 뉴스 시점 제외 [삼성FN리츠]: 9건 (>14일/파싱실패)
2026-09-20 23:23:17,167 [INFO] __main__ — 뉴스 시점 제외 [현대차2우B]: 9건 (>14일/파싱실패)
2026-09-20 23:23:19,627 [INFO] __main__ — 뉴스 시점 제외 [나이스정보통신]: 1건 (>14일/파싱실패)
2026-09-20 23:23:20,098 [INFO] __main__ — 봇 주가요약 제외 [OCI홀딩스]: 1건
2026-09-20 23:23:26,817 [INFO] __main__ — 뉴스 시점 제외 [신한알파리츠]: 12건 (>14일/파싱실패)
2026-09-20 23:23:30,154 [INFO] __main__ — 뉴스 시점 제외 [심텍홀딩스]: 10건 (>14일/파싱실패)
2026-09-20 23:23:30,160 [INFO] __main__ — 봇 주가요약 제외 [펩트론]: 2건
2026-09-20 23:23:39,353 [INFO] __main__ — 뉴스 시점 제외 [명신산업]: 7건 (>14일/파싱실패)
2026-09-20 23:23:41,854 [INFO] __main__ — 뉴스 시점 제외 [젬백스]: 9건 (>14일/파싱실패)
2026-09-20 23:23:45,957 [INFO] __main__ — 봇 주가요약 제외 [삼아알미늄]: 1건
2026-09-20 23:23:51,733 [INFO] __main__ — 봇 주가요약 제외 [상아프론테크]: 1건
2026-09-20 23:23:55,858 [INFO] __main__ — 부정 키워드 감지: 23개 종목 (neg_ratio > 0)
2026-09-20 23:23:55,860 [INFO] __main__ — 수급일수충족·합계음수 제외: 75개
2026-09-20 23:23:58,520 [INFO] __main__ — 뉴스 시점 제외 [삼성전기우]: 10건 (>14일/파싱실패)
2026-09-20 23:23:59,898 [INFO] __main__ — 뉴스 시점 제외 [한화리츠]: 11건 (>14일/파싱실패)
2026-09-20 23:24:02,603 [INFO] __main__ — 뉴스 시점 제외 [한화3우B]: 12건 (>14일/파싱실패)
2026-09-20 23:24:03,270 [INFO] __main__ — 뉴스 시점 제외 [풍산홀딩스]: 2건 (>14일/파싱실패)
2026-09-20 23:24:03,270 [INFO] __main__ — 봇 주가요약 제외 [풍산홀딩스]: 1건
2026-09-20 23:24:03,310 [INFO] __main__ — 뉴스 시점 제외 [CJ4우(전환)]: 14건 (>14일/파싱실패)
2026-09-20 23:24:03,984 [INFO] __main__ — 뉴스 시점 제외 [아모레퍼시픽우]: 11건 (>14일/파싱실패)
2026-09-20 23:24:06,019 [INFO] __main__ — 뉴스 시점 제외 [농심홀딩스]: 6건 (>14일/파싱실패)
2026-09-20 23:24:06,026 [INFO] __main__ — 뉴스 시점 제외 [코람코라이프인프라리츠]: 12건 (>14일/파싱실패)
2026-09-20 23:24:06,690 [INFO] __main__ — 뉴스 시점 제외 [INVENI]: 10건 (>14일/파싱실패)
2026-09-20 23:24:07,382 [INFO] __main__ — 뉴스 시점 제외 [삼성SDI우]: 11건 (>14일/파싱실패)
2026-09-20 23:24:08,067 [INFO] __main__ — 뉴스 시점 제외 [일진홀딩스]: 1건 (>14일/파싱실패)
2026-09-20 23:24:08,069 [INFO] __main__ — 뉴스 시점 제외 [아세아제지]: 11건 (>14일/파싱실패)
2026-09-20 23:24:08,755 [INFO] __main__ — 뉴스 시점 제외 [삼성물산우B]: 14건 (>14일/파싱실패)
2026-09-20 23:24:09,419 [INFO] __main__ — 뉴스 시점 제외 [S-Oil우]: 14건 (>14일/파싱실패)
2026-09-20 23:24:10,115 [INFO] __main__ — 뉴스 시점 제외 [아이마켓코리아]: 11건 (>14일/파싱실패)
2026-09-20 23:24:11,448 [INFO] __main__ — 뉴스 시점 제외 [신한서부티엔디리츠]: 12건 (>14일/파싱실패)
2026-09-20 23:24:12,127 [INFO] __main__ — 뉴스 시점 제외 [미원화학]: 11건 (>14일/파싱실패)
2026-09-20 23:24:12,143 [INFO] __main__ — 뉴스 시점 제외 [이지스밸류플러스리츠]: 10건 (>14일/파싱실패)
2026-09-20 23:24:12,800 [INFO] __main__ — 뉴스 시점 제외 [대신밸류리츠]: 12건 (>14일/파싱실패)
2026-09-20 23:24:12,844 [INFO] __main__ — 뉴스 시점 제외 [이리츠코크렙]: 12건 (>14일/파싱실패)
2026-09-20 23:24:13,474 [INFO] __main__ — 뉴스 시점 제외 [LG생활건강우]: 10건 (>14일/파싱실패)
2026-09-20 23:24:13,524 [INFO] __main__ — 뉴스 시점 제외 [천일고속]: 14건 (>14일/파싱실패)
2026-09-20 23:24:14,169 [INFO] __main__ — 뉴스 시점 제외 [LG우]: 14건 (>14일/파싱실패)
2026-09-20 23:24:16,867 [INFO] __main__ — 봇 주가요약 제외 [제룡전기]: 3건
2026-09-20 23:24:19,579 [INFO] __main__ — 뉴스 시점 제외 [티앤엘]: 2건 (>14일/파싱실패)
2026-09-20 23:24:21,556 [INFO] __main__ — 봇 주가요약 제외 [켐트로닉스]: 1건
2026-09-20 23:24:23,557 [INFO] __main__ — 뉴스 시점 제외 [매커스]: 4건 (>14일/파싱실패)
2026-09-20 23:24:25,002 [INFO] __main__ — 뉴스 시점 제외 [한라IMS]: 4건 (>14일/파싱실패)
2026-09-20 23:24:25,839 [INFO] __main__ — 뉴스 시점 제외 [에코아이]: 11건 (>14일/파싱실패)
2026-09-20 23:24:26,424 [INFO] __main__ — 뉴스 시점 제외 [필에너지]: 3건 (>14일/파싱실패)
2026-09-20 23:24:27,762 [INFO] __main__ — 뉴스 시점 제외 [디지털대성]: 7건 (>14일/파싱실패)
2026-09-20 23:24:28,209 [INFO] __main__ — 뉴스 시점 제외 [케이티알파]: 10건 (>14일/파싱실패)
2026-09-20 23:24:28,444 [INFO] __main__ — 뉴스 시점 제외 [칩스앤미디어]: 3건 (>14일/파싱실패)
2026-09-20 23:24:29,117 [INFO] __main__ — 뉴스 시점 제외 [에스엔시스]: 7건 (>14일/파싱실패)
2026-09-20 23:24:31,148 [INFO] __main__ — 뉴스 시점 제외 [우주일렉트로]: 9건 (>14일/파싱실패)
2026-09-20 23:24:31,741 [INFO] __main__ — 뉴스 시점 제외 [이지바이오]: 10건 (>14일/파싱실패)
2026-09-20 23:24:31,946 [INFO] __main__ — POOL_A 후보 부정뉴스 2차 조회: 158개
2026-09-20 23:24:31,948 [INFO] __main__ — POOL_A: 488개 (A:278 B:96 동시:114) | 부정게이트 제외:6
  대형:56 중형:212 소형:220
2026-09-20 23:24:31,955 [INFO] __main__ — 대조군 표본(무신호): 40개 / 모집단 415개 → pool_history
2026-09-20 23:24:31,957 [INFO] __main__ —   → POOL_A: 488개
2026-09-20 23:24:31,957 [INFO] __main__ — ▶ Step 2: 하드 필터링
2026-09-20 23:24:31,957 [INFO] __main__ — 하드 필터 제거: 470개 | 과열배제 61 | 이격도상한 8 | 이격도하한 25 | MA추세 285 | RSI과열 4 | 거래대금 87
2026-09-20 23:24:31,959 [INFO] __main__ — 과열 gated 기록: 61개 → gated_tickers
2026-09-20 23:24:31,961 [INFO] __main__ — 대조군 표본(필터탈락): 157개 / 모집단 470개 → pool_history
2026-09-20 23:24:31,961 [INFO] __main__ — POOL_B: 18개 | 대형:2 중형:7 소형:9
2026-09-20 23:24:31,961 [INFO] __main__ —   → POOL_B: 18개
2026-09-20 23:24:31,961 [INFO] __main__ — ▶ Step 3: 스코어링 (FinBERT 감성 분석)
2026-09-20 23:24:31,962 [INFO] __main__ — NaverClient: 3개 키 로드 (DataLab·검색 독립 회전)
2026-09-20 23:24:31,962 [INFO] __main__ — 텍스트 신규 수집: 18종목 (캐시 적중 0종목)
2026-09-20 23:24:37,504 [INFO] __main__ — 봇 주가요약 제외 [후성]: 4건
2026-09-20 23:24:37,518 [INFO] __main__ — 봇 주가요약 제외 [SK이터닉스]: 3건
2026-09-20 23:24:38,063 [INFO] __main__ — 뉴스 시점 제외 [삼성전기우]: 25건 (>14일/파싱실패)
2026-09-20 23:24:38,738 [INFO] __main__ — 봇 주가요약 제외 [대원전선]: 2건
2026-09-20 23:24:43,103 [INFO] __main__ — 봇 주가요약 제외 [HPSP]: 1건
2026-09-20 23:24:46,083 [INFO] __main__ — 뉴스 시점 제외 [인제니아테라퓨틱스(Reg.S)]: 22건 (>14일/파싱실패)
2026-09-20 23:24:46,294 [INFO] __main__ — 뉴스 시점 제외 [우리기술투자]: 10건 (>14일/파싱실패)
2026-09-20 23:24:47,138 [INFO] __main__ — 봇 주가요약 제외 [코스모로보틱스]: 1건
2026-09-20 23:24:51,184 [INFO] __main__ — 뉴스 시점 제외 [메가터치]: 3건 (>14일/파싱실패)
2026-09-20 23:24:54,375 [INFO] __main__ — 봇 주가요약 제외 [코칩]: 3건
2026-09-20 23:24:57,878 [INFO] __main__ — 기사 보존(수집): 127건 (18종목) → news_articles
2026-09-20 23:24:57,880 [INFO] __main__ — 공시 보존(수집): 27건 (18종목) → dart_filings
2026-09-20 23:24:57,881 [INFO] __main__ — 수집 완료: 뉴스 127건 | 공시 27건
2026-09-20 23:24:57,881 [INFO] __main__ — FinBERT 감성 분석 (finbert 모드)...
2026-09-20 23:24:57,881 [INFO] __main__ — FinBERT 로딩: snunlp/KR-FinBert-SC (CPU, batch=8)
2026-09-20 23:24:57,968 [INFO] httpx — HTTP Request: GET https://huggingface.co/api/agent-harnesses "HTTP/1.1 200 OK"
2026-09-20 23:24:58,011 [INFO] httpx — HTTP Request: HEAD https://huggingface.co/snunlp/KR-FinBert-SC/resolve/main/config.json "HTTP/1.1 307 Temporary Redirect"
2026-09-20 23:24:58,012 [WARNING] huggingface_hub.utils._http — Warning: You are sending unauthenticated requests to the HF Hub. Please set a HF_TOKEN to enable higher rate limits and faster downloads.
2026-09-20 23:24:58,019 [INFO] httpx — HTTP Request: HEAD https://huggingface.co/api/resolve-cache/models/snunlp/KR-FinBert-SC/f8586286cc3161fb648e9fee09a456069fd846d0/config.json?%2Fsnunlp%2FKR-FinBert-SC%2Fresolve%2Fmain%2Fconfig.json=&etag=%22bd00b2460e394f69e29e6438699e074cbac9584e%22 "HTTP/1.1 200 OK"
2026-09-20 23:24:58,078 [INFO] httpx — HTTP Request: HEAD https://huggingface.co/snunlp/KR-FinBert-SC/resolve/main/model.safetensors "HTTP/1.1 404 Not Found"
2026-09-20 23:24:58,124 [INFO] httpx — HTTP Request: GET https://huggingface.co/api/models/snunlp/KR-FinBert-SC "HTTP/1.1 200 OK"
2026-09-20 23:24:58,174 [INFO] httpx — HTTP Request: GET https://huggingface.co/api/models/snunlp/KR-FinBert-SC/commits/main "HTTP/1.1 200 OK"
2026-09-20 23:24:58,217 [INFO] httpx — HTTP Request: GET https://huggingface.co/api/models/snunlp/KR-FinBert-SC/discussions?p=0 "HTTP/1.1 200 OK"
2026-09-20 23:24:58,243 [INFO] httpx — HTTP Request: GET https://huggingface.co/api/models/snunlp/KR-FinBert-SC/tree/main/additional_chat_templates?recursive=false&expand=false "HTTP/1.1 404 Not Found"
2026-09-20 23:24:58,267 [INFO] httpx — HTTP Request: GET https://huggingface.co/api/models/snunlp/KR-FinBert-SC/commits/refs%2Fpr%2F3 "HTTP/1.1 200 OK"
2026-09-20 23:24:58,284 [INFO] httpx — HTTP Request: GET https://huggingface.co/api/models/snunlp/KR-FinBert-SC/tree/main?recursive=true&expand=false "HTTP/1.1 200 OK"
2026-09-20 23:24:58,305 [INFO] httpx — HTTP Request: HEAD https://huggingface.co/snunlp/KR-FinBert-SC/resolve/refs%2Fpr%2F3/model.safetensors.index.json "HTTP/1.1 404 Not Found"
2026-09-20 23:24:58,341 [INFO] httpx — HTTP Request: HEAD https://huggingface.co/snunlp/KR-FinBert-SC/resolve/main/processor_config.json "HTTP/1.1 404 Not Found"
2026-09-20 23:24:58,353 [INFO] httpx — HTTP Request: HEAD https://huggingface.co/snunlp/KR-FinBert-SC/resolve/refs%2Fpr%2F3/model.safetensors "HTTP/1.1 302 Found"
2026-09-20 23:24:58,377 [INFO] httpx — HTTP Request: HEAD https://huggingface.co/snunlp/KR-FinBert-SC/resolve/main/video_preprocessor_config.json "HTTP/1.1 404 Not Found"
2026-09-20 23:24:58,422 [INFO] httpx — HTTP Request: HEAD https://huggingface.co/snunlp/KR-FinBert-SC/resolve/main/preprocessor_config.json "HTTP/1.1 404 Not Found"
2026-09-20 23:24:58,422 [INFO] __main__ — FinBERT 로드 완료 (CPU)
2026-09-20 23:25:14,532 [INFO] __main__ — Phase A.1: 매핑 신뢰도 < 0.5 → 감성 점수 폐기 17건
2026-09-20 23:25:14,533 [INFO] __main__ — [shadow] 필드별 검사 기준 폐기 2/16종목 (집행 17건 — 변동 없음)
2026-09-20 23:25:14,533 [INFO] __main__ — 스코어링: 18개 | 집중:0 | FinBERT:finbert
2026-09-20 23:25:14,550 [INFO] __main__ —   → 18개
2026-09-20 23:25:14,550 [INFO] __main__ — ▶ Step 4: 발송
2026-09-20 23:25:18,339 [INFO] __main__ — DB 기록: 9개 / 전체 to_send 9개
2026-09-20 23:25:18,339 [INFO] __main__ — 발송: 9종목 | 누적 4~10회 3 | 신규 0
2026-09-20 23:25:18,339 [INFO] __main__ — 완료  |  소요: 722.9초
2026-09-20 23:25:19,439 [INFO] track_outcomes — pool_history 대조군 8430건 추적 대상 포함
2026-09-20 23:25:19,505 [INFO] track_outcomes — 고아 행 162건 복원 (targets에서 탈락한 미완 키)
2026-09-20 23:25:19,505 [INFO] track_outcomes — 대상 17844건 | 갱신 필요 8084건 | 완료 스킵 9922건
2026-09-20 23:25:19,507 [INFO] track_outcomes —   가격 조회 고유 종목 937개 (기존 336 + 대조군 추가 601)
2026-09-20 23:43:04,196 [INFO] track_outcomes — outcomes 적재: 신규 276건 | 갱신(신규+보완) 276건
