2026-06-01 15:42:53,869 [INFO] __main__ — config 검증 완료 ✓
2026-06-01 15:42:53,869 [INFO] __main__ — ============================================================
2026-06-01 15:42:53,869 [INFO] __main__ — AlphaRadar v3.3.1  |  기준일: 20260601
2026-06-01 15:42:53,869 [INFO] __main__ — S = T×0.3 + S_text×0.4 + D×0.3
2026-06-01 15:42:53,869 [INFO] __main__ — ============================================================
2026-06-01 15:42:53,869 [INFO] __main__ — ▶ Step 0: 유니버스 필터링
2026-06-01 15:42:54,058 [INFO] __main__ — FDR 데이터 수집: 20251126 ~ 20260601
2026-06-01 15:42:55,290 [INFO] __main__ — KOSPI: 948개 | 섹터정보 838개 (DART +838개 보완)
2026-06-01 15:42:55,290 [INFO] __main__ — KOSDAQ: 1822개 | 섹터정보 1822개
2026-06-01 15:42:55,290 [INFO] __main__ — 전체: 2770개
2026-06-01 15:42:57,876 [INFO] __main__ — KIS 토큰 발급 완료
2026-06-01 15:59:35,032 [INFO] __main__ — DART corp_code 매핑: 2244/2301개 (97%)
2026-06-01 15:59:35,032 [INFO] __main__ — 유효 유니버스: 2301개
2026-06-01 15:59:35,043 [INFO] __main__ —   → 2301개
2026-06-01 15:59:35,043 [INFO] __main__ — ▶ Step 1: 신호 탐지
2026-06-01 15:59:35,043 [INFO] __main__ — NaverClient: 3개 키 로드 (DataLab·검색 독립 회전)
2026-06-01 15:59:35,043 [INFO] __main__ — 관심 지수 및 부정 뉴스 비율 조회 중...
2026-06-01 16:03:45,946 [INFO] __main__ — 부정 키워드 감지: 20개 종목 (neg_ratio > 0)
2026-06-01 16:03:45,952 [INFO] __main__ — POOL_A: 861개 (A:817 B:8 동시:36)
  대형:68 중형:152 소형:641
2026-06-01 16:03:45,957 [INFO] __main__ —   → POOL_A: 861개
2026-06-01 16:03:45,957 [INFO] __main__ — ▶ Step 2: 하드 필터링
2026-06-01 16:03:45,958 [INFO] __main__ — 하드 필터 제거: 778개 | 이격도상한 51 | 이격도하한 538 | MA추세 110 | RSI과열 4 | 거래대금 75
2026-06-01 16:03:45,958 [INFO] __main__ — POOL_B: 83개 | 대형:8 중형:20 소형:55
2026-06-01 16:03:45,958 [INFO] __main__ —   → POOL_B: 83개
2026-06-01 16:03:45,959 [INFO] __main__ — ▶ Step 3: 스코어링 (FinBERT 감성 분석)
2026-06-01 16:03:45,959 [INFO] __main__ — NaverClient: 3개 키 로드 (DataLab·검색 독립 회전)
2026-06-01 16:03:45,959 [INFO] __main__ — 텍스트 신규 수집: 83종목 (캐시 적중 0종목)
2026-06-01 16:06:01,362 [INFO] __main__ — 수집 완료: 뉴스 752건 | 공시 780건
2026-06-01 16:06:01,362 [INFO] __main__ — FinBERT 감성 분석 (finbert 모드)...
2026-06-01 16:06:01,362 [INFO] __main__ — FinBERT 로딩: snunlp/KR-FinBert-SC (CPU, batch=8)
2026-06-01 16:06:01,445 [INFO] httpx — HTTP Request: HEAD https://huggingface.co/snunlp/KR-FinBert-SC/resolve/main/config.json "HTTP/1.1 307 Temporary Redirect"
2026-06-01 16:06:01,446 [WARNING] huggingface_hub.utils._http — Warning: You are sending unauthenticated requests to the HF Hub. Please set a HF_TOKEN to enable higher rate limits and faster downloads.
2026-06-01 16:06:01,452 [INFO] httpx — HTTP Request: HEAD https://huggingface.co/api/resolve-cache/models/snunlp/KR-FinBert-SC/f8586286cc3161fb648e9fee09a456069fd846d0/config.json "HTTP/1.1 200 OK"
2026-06-01 16:06:01,487 [INFO] httpx — HTTP Request: HEAD https://huggingface.co/snunlp/KR-FinBert-SC/resolve/main/model.safetensors "HTTP/1.1 404 Not Found"
2026-06-01 16:06:01,517 [INFO] httpx — HTTP Request: GET https://huggingface.co/api/models/snunlp/KR-FinBert-SC "HTTP/1.1 200 OK"
2026-06-01 16:06:01,574 [INFO] httpx — HTTP Request: GET https://huggingface.co/api/models/snunlp/KR-FinBert-SC/commits/main "HTTP/1.1 200 OK"
2026-06-01 16:06:01,602 [INFO] httpx — HTTP Request: GET https://huggingface.co/api/models/snunlp/KR-FinBert-SC/discussions?p=0 "HTTP/1.1 200 OK"
2026-06-01 16:06:01,624 [INFO] httpx — HTTP Request: GET https://huggingface.co/api/models/snunlp/KR-FinBert-SC/tree/main/additional_chat_templates?recursive=false&expand=false "HTTP/1.1 404 Not Found"
2026-06-01 16:06:01,630 [INFO] httpx — HTTP Request: GET https://huggingface.co/api/models/snunlp/KR-FinBert-SC/commits/refs%2Fpr%2F3 "HTTP/1.1 200 OK"
2026-06-01 16:06:01,643 [INFO] httpx — HTTP Request: GET https://huggingface.co/api/models/snunlp/KR-FinBert-SC/tree/main?recursive=true&expand=false "HTTP/1.1 200 OK"
2026-06-01 16:06:01,665 [INFO] __main__ — FinBERT 로드 완료 (CPU)
2026-06-01 16:06:01,666 [INFO] httpx — HTTP Request: HEAD https://huggingface.co/snunlp/KR-FinBert-SC/resolve/refs%2Fpr%2F3/model.safetensors.index.json "HTTP/1.1 404 Not Found"
2026-06-01 16:06:01,686 [INFO] httpx — HTTP Request: HEAD https://huggingface.co/snunlp/KR-FinBert-SC/resolve/refs%2Fpr%2F3/model.safetensors "HTTP/1.1 302 Found"
2026-06-01 16:06:58,210 [INFO] __main__ — Phase A.1: 매핑 신뢰도 < 0.5 → 감성 점수 폐기 66건
2026-06-01 16:06:58,210 [INFO] __main__ — 스코어링: 83개 | 집중:0 | FinBERT:finbert
2026-06-01 16:06:58,229 [INFO] __main__ —   → 83개
2026-06-01 16:06:58,229 [INFO] __main__ — ▶ Step 4: 발송
2026-06-01 16:07:02,154 [WARNING] __main__ — 텔레그램 발송 실패 그룹 → mark_sent skip 15개 (다음 실행 시 재발송 대상)
2026-06-01 16:07:02,155 [INFO] __main__ — DB 기록: 0개 / 전체 to_send 15개
2026-06-01 16:07:02,155 [INFO] __main__ — 발송: 집중 0 / 주시 0
2026-06-01 16:07:02,155 [INFO] __main__ — 완료  |  소요: 1448.3초
2026-06-01 23:55:48,830 [INFO] __main__ — config 검증 완료 ✓
2026-06-01 23:55:48,830 [INFO] __main__ — ============================================================
2026-06-01 23:55:48,830 [INFO] __main__ — AlphaRadar v3.3.1  |  기준일: 20260601
2026-06-01 23:55:48,830 [INFO] __main__ — S = T×0.3 + S_text×0.4 + D×0.3
2026-06-01 23:55:48,830 [INFO] __main__ — ============================================================
2026-06-01 23:55:48,830 [INFO] __main__ — ▶ Step 0: 유니버스 필터링
2026-06-01 23:55:49,000 [INFO] __main__ — FDR 데이터 수집: 20251126 ~ 20260601
2026-06-01 23:55:50,435 [INFO] __main__ — KOSPI: 948개 | 섹터정보 838개 (DART +838개 보완)
2026-06-01 23:55:50,436 [INFO] __main__ — KOSDAQ: 1822개 | 섹터정보 1822개
2026-06-01 23:55:50,436 [INFO] __main__ — 전체: 2770개
2026-06-01 23:55:52,332 [INFO] __main__ — KIS 토큰 발급 완료
2026-06-02 00:13:08,604 [INFO] __main__ — DART corp_code 매핑: 2244/2301개 (97%)
2026-06-02 00:13:08,604 [INFO] __main__ — 유효 유니버스: 2301개
2026-06-02 00:13:08,614 [INFO] __main__ —   → 2301개
2026-06-02 00:13:08,614 [INFO] __main__ — ▶ Step 1: 신호 탐지
2026-06-02 00:13:08,614 [INFO] __main__ — NaverClient: 3개 키 로드 (DataLab·검색 독립 회전)
2026-06-02 00:13:08,614 [INFO] __main__ — 관심 지수 및 부정 뉴스 비율 조회 중...
2026-06-02 00:16:11,829 [INFO] __main__ — 부정 키워드 감지: 22개 종목 (neg_ratio > 0)
2026-06-02 00:16:11,835 [INFO] __main__ — POOL_A: 870개 (A:827 B:4 동시:39)
  대형:67 중형:139 소형:664
2026-06-02 00:16:11,840 [INFO] __main__ —   → POOL_A: 870개
2026-06-02 00:16:11,840 [INFO] __main__ — ▶ Step 2: 하드 필터링
2026-06-02 00:16:11,841 [INFO] __main__ — 하드 필터 제거: 789개 | 이격도상한 52 | 이격도하한 543 | MA추세 110 | RSI과열 4 | 거래대금 80
2026-06-02 00:16:11,841 [INFO] __main__ — POOL_B: 81개 | 대형:9 중형:18 소형:54
2026-06-02 00:16:11,841 [INFO] __main__ —   → POOL_B: 81개
2026-06-02 00:16:11,841 [INFO] __main__ — ▶ Step 3: 스코어링 (FinBERT 감성 분석)
2026-06-02 00:16:11,841 [INFO] __main__ — NaverClient: 3개 키 로드 (DataLab·검색 독립 회전)
2026-06-02 00:16:11,843 [INFO] __main__ — 텍스트 신규 수집: 5종목 (캐시 적중 76종목)
2026-06-02 00:16:20,638 [INFO] __main__ — 수집 완료: 뉴스 801건 | 공시 828건
2026-06-02 00:16:20,638 [INFO] __main__ — FinBERT 감성 분석 (finbert 모드)...
2026-06-02 00:16:20,638 [INFO] __main__ — FinBERT 로딩: snunlp/KR-FinBert-SC (CPU, batch=8)
2026-06-02 00:16:20,788 [INFO] httpx — HTTP Request: HEAD https://huggingface.co/snunlp/KR-FinBert-SC/resolve/main/config.json "HTTP/1.1 307 Temporary Redirect"
2026-06-02 00:16:20,788 [WARNING] huggingface_hub.utils._http — Warning: You are sending unauthenticated requests to the HF Hub. Please set a HF_TOKEN to enable higher rate limits and faster downloads.
2026-06-02 00:16:20,802 [INFO] httpx — HTTP Request: HEAD https://huggingface.co/api/resolve-cache/models/snunlp/KR-FinBert-SC/f8586286cc3161fb648e9fee09a456069fd846d0/config.json "HTTP/1.1 200 OK"
2026-06-02 00:16:20,911 [INFO] httpx — HTTP Request: HEAD https://huggingface.co/snunlp/KR-FinBert-SC/resolve/main/model.safetensors "HTTP/1.1 404 Not Found"
2026-06-02 00:16:21,014 [INFO] httpx — HTTP Request: GET https://huggingface.co/api/models/snunlp/KR-FinBert-SC "HTTP/1.1 200 OK"
2026-06-02 00:16:21,110 [INFO] httpx — HTTP Request: GET https://huggingface.co/api/models/snunlp/KR-FinBert-SC/commits/main "HTTP/1.1 200 OK"
2026-06-02 00:16:21,118 [INFO] httpx — HTTP Request: GET https://huggingface.co/api/models/snunlp/KR-FinBert-SC/tree/main/additional_chat_templates?recursive=false&expand=false "HTTP/1.1 404 Not Found"
2026-06-02 00:16:21,210 [INFO] httpx — HTTP Request: GET https://huggingface.co/api/models/snunlp/KR-FinBert-SC/discussions?p=0 "HTTP/1.1 200 OK"
2026-06-02 00:16:21,211 [INFO] httpx — HTTP Request: GET https://huggingface.co/api/models/snunlp/KR-FinBert-SC/tree/main?recursive=true&expand=false "HTTP/1.1 200 OK"
2026-06-02 00:16:21,231 [INFO] __main__ — FinBERT 로드 완료 (CPU)
2026-06-02 00:16:21,315 [INFO] httpx — HTTP Request: GET https://huggingface.co/api/models/snunlp/KR-FinBert-SC/commits/refs%2Fpr%2F3 "HTTP/1.1 200 OK"
2026-06-02 00:16:21,405 [INFO] httpx — HTTP Request: HEAD https://huggingface.co/snunlp/KR-FinBert-SC/resolve/refs%2Fpr%2F3/model.safetensors.index.json "HTTP/1.1 404 Not Found"
2026-06-02 00:16:21,519 [INFO] httpx — HTTP Request: HEAD https://huggingface.co/snunlp/KR-FinBert-SC/resolve/refs%2Fpr%2F3/model.safetensors "HTTP/1.1 302 Found"
2026-06-02 00:16:56,791 [INFO] __main__ — Phase A.1: 매핑 신뢰도 < 0.5 → 감성 점수 폐기 64건
2026-06-02 00:16:56,791 [INFO] __main__ — 스코어링: 81개 | 집중:1 | FinBERT:finbert
2026-06-02 00:16:56,804 [INFO] __main__ —   → 81개
2026-06-02 00:16:56,804 [INFO] __main__ — ▶ Step 4: 발송
2026-06-02 00:17:01,390 [WARNING] __main__ — 텔레그램 발송 실패 그룹 → mark_sent skip 12개 (다음 실행 시 재발송 대상)
2026-06-02 00:17:01,390 [INFO] __main__ — DB 기록: 1개 / 전체 to_send 13개
2026-06-02 00:17:01,390 [INFO] __main__ — 발송: 집중 1 / 주시 0
2026-06-02 00:17:01,390 [INFO] __main__ — 완료  |  소요: 1272.6초
