2026-07-09 12:21:40,242 [INFO] __main__ — config 검증 완료 ✓
2026-07-09 12:21:40,243 [INFO] __main__ — ============================================================
2026-07-09 12:21:40,243 [INFO] __main__ — AlphaRadar v3.3.1  |  기준일: 20260709
2026-07-09 12:21:40,243 [INFO] __main__ — S = T×0.3 + S_text×0.4 + D×0.3
2026-07-09 12:21:40,243 [INFO] __main__ — ============================================================
2026-07-09 12:21:40,243 [INFO] __main__ — ▶ Step 0: 유니버스 필터링
2026-07-09 12:21:40,411 [INFO] __main__ — FDR 데이터 수집: 20260103 ~ 20260709
2026-07-09 12:21:41,411 [INFO] __main__ — KOSPI: 945개 | 섹터정보 835개 (DART +835개 보완)
2026-07-09 12:21:41,412 [INFO] __main__ — KOSDAQ: 1820개 | 섹터정보 1820개
2026-07-09 12:21:41,412 [INFO] __main__ — 전체: 2765개
2026-07-09 12:21:43,237 [INFO] __main__ — KIS 토큰 발급 완료
2026-07-09 12:35:31,765 [INFO] __main__ — DART corp_code 매핑: 2159/2212개 (97%)
2026-07-09 12:35:31,765 [INFO] __main__ — 유효 유니버스: 2212개
2026-07-09 12:35:31,776 [INFO] __main__ —   → 2212개
2026-07-09 12:35:31,776 [INFO] __main__ — ▶ Step 1: 신호 탐지
2026-07-09 12:35:31,776 [INFO] __main__ — NaverClient: 3개 키 로드 (DataLab·검색 독립 회전)
2026-07-09 12:35:31,776 [INFO] __main__ — 관심 지수 및 부정 뉴스 비율 조회 중...
2026-07-09 12:36:08,005 [INFO] __main__ — 뉴스 시점 제외 [KX하이텍]: 6건 (>14일/파싱실패)
2026-07-09 12:36:09,041 [INFO] __main__ — 뉴스 시점 제외 [맥쿼리인프라]: 2건 (>14일/파싱실패)
2026-07-09 12:36:12,301 [INFO] __main__ — 뉴스 시점 제외 [이노인스트루먼트]: 11건 (>14일/파싱실패)
2026-07-09 12:36:13,867 [INFO] __main__ — 뉴스 시점 제외 [케일럼]: 11건 (>14일/파싱실패)
2026-07-09 12:36:28,668 [INFO] __main__ — 뉴스 시점 제외 [보성파워텍]: 1건 (>14일/파싱실패)
2026-07-09 12:36:37,393 [INFO] __main__ — 뉴스 시점 제외 [삼성공조]: 9건 (>14일/파싱실패)
2026-07-09 12:36:41,765 [INFO] __main__ — 뉴스 시점 제외 [KBI동양철관]: 5건 (>14일/파싱실패)
2026-07-09 12:36:42,490 [INFO] __main__ — 뉴스 시점 제외 [아남전자]: 8건 (>14일/파싱실패)
2026-07-09 12:36:50,262 [INFO] __main__ — 뉴스 시점 제외 [샘씨엔에스]: 5건 (>14일/파싱실패)
2026-07-09 12:36:55,208 [INFO] __main__ — 뉴스 시점 제외 [미래에셋증권2우B]: 8건 (>14일/파싱실패)
2026-07-09 12:36:57,463 [INFO] __main__ — 뉴스 시점 제외 [티씨머티리얼즈]: 8건 (>14일/파싱실패)
2026-07-09 12:37:00,063 [INFO] __main__ — 뉴스 시점 제외 [한국팩키지]: 13건 (>14일/파싱실패)
2026-07-09 12:37:00,288 [INFO] __main__ — 뉴스 시점 제외 [서울식품]: 9건 (>14일/파싱실패)
2026-07-09 12:37:02,157 [INFO] __main__ — 뉴스 시점 제외 [우리기술투자]: 9건 (>14일/파싱실패)
2026-07-09 12:37:02,605 [INFO] __main__ — 뉴스 시점 제외 [수산세보틱스]: 9건 (>14일/파싱실패)
2026-07-09 12:37:03,636 [INFO] __main__ — 뉴스 시점 제외 [KB스타리츠]: 9건 (>14일/파싱실패)
2026-07-09 12:37:06,432 [INFO] __main__ — 뉴스 시점 제외 [엘브이엠씨홀딩스]: 10건 (>14일/파싱실패)
2026-07-09 12:37:10,542 [INFO] __main__ — 뉴스 시점 제외 [일신석재]: 11건 (>14일/파싱실패)
2026-07-09 12:37:10,934 [INFO] __main__ — 뉴스 시점 제외 [대아티아이]: 2건 (>14일/파싱실패)
2026-07-09 12:37:18,768 [INFO] __main__ — 뉴스 시점 제외 [ESR켄달스퀘어리츠]: 6건 (>14일/파싱실패)
2026-07-09 12:37:27,812 [INFO] __main__ — 뉴스 시점 제외 [대영포장]: 15건 (>14일/파싱실패)
2026-07-09 12:37:33,242 [INFO] __main__ — 뉴스 시점 제외 [한라캐스트]: 2건 (>14일/파싱실패)
2026-07-09 12:37:34,275 [INFO] __main__ — 뉴스 시점 제외 [양지사]: 12건 (>14일/파싱실패)
2026-07-09 12:37:35,316 [INFO] __main__ — 뉴스 시점 제외 [옴니시스템]: 5건 (>14일/파싱실패)
2026-07-09 12:37:42,291 [INFO] __main__ — 뉴스 시점 제외 [위지트]: 11건 (>14일/파싱실패)
2026-07-09 12:37:48,373 [INFO] __main__ — 뉴스 시점 제외 [에이티넘인베스트]: 14건 (>14일/파싱실패)
2026-07-09 12:37:54,909 [INFO] __main__ — 뉴스 시점 제외 [THE E&M]: 14건 (>14일/파싱실패)
2026-07-09 12:37:56,535 [INFO] __main__ — 뉴스 시점 제외 [성도이엔지]: 6건 (>14일/파싱실패)
2026-07-09 12:37:56,749 [INFO] __main__ — 뉴스 시점 제외 [휴스틸]: 1건 (>14일/파싱실패)
2026-07-09 12:38:00,195 [INFO] __main__ — 뉴스 시점 제외 [경인양행]: 9건 (>14일/파싱실패)
2026-07-09 12:38:01,860 [INFO] __main__ — 뉴스 시점 제외 [삼륭물산]: 13건 (>14일/파싱실패)
2026-07-09 12:38:06,394 [INFO] __main__ — 뉴스 시점 제외 [MDS테크]: 5건 (>14일/파싱실패)
2026-07-09 12:38:11,951 [INFO] __main__ — 뉴스 시점 제외 [한일철강]: 7건 (>14일/파싱실패)
2026-07-09 12:38:15,184 [INFO] __main__ — 뉴스 시점 제외 [태양금속]: 11건 (>14일/파싱실패)
2026-07-09 12:38:16,203 [INFO] __main__ — 뉴스 시점 제외 [비투엔]: 4건 (>14일/파싱실패)
2026-07-09 12:38:16,631 [INFO] __main__ — 뉴스 시점 제외 [디앤디플랫폼리츠]: 14건 (>14일/파싱실패)
2026-07-09 12:38:17,221 [INFO] __main__ — 뉴스 시점 제외 [프로이천]: 11건 (>14일/파싱실패)
2026-07-09 12:38:19,261 [INFO] __main__ — 뉴스 시점 제외 [PKC]: 8건 (>14일/파싱실패)
2026-07-09 12:38:25,272 [INFO] __main__ — 뉴스 시점 제외 [지에스이]: 9건 (>14일/파싱실패)
2026-07-09 12:38:25,864 [INFO] __main__ — 뉴스 시점 제외 [네오오토]: 9건 (>14일/파싱실패)
2026-07-09 12:38:26,308 [INFO] __main__ — 뉴스 시점 제외 [재영솔루텍]: 7건 (>14일/파싱실패)
2026-07-09 12:38:26,422 [INFO] __main__ — 뉴스 시점 제외 [티케이케미칼]: 10건 (>14일/파싱실패)
2026-07-09 12:38:26,523 [INFO] __main__ — 부정 키워드 감지: 26개 종목 (neg_ratio > 0)
2026-07-09 12:38:26,527 [INFO] __main__ — 수급일수충족·합계음수 제외: 93개
2026-07-09 12:38:32,984 [INFO] __main__ — 뉴스 시점 제외 [SK리츠]: 3건 (>14일/파싱실패)
2026-07-09 12:38:34,128 [INFO] __main__ — 뉴스 시점 제외 [KB발해인프라]: 13건 (>14일/파싱실패)
2026-07-09 12:38:36,418 [INFO] __main__ — 뉴스 시점 제외 [SNT홀딩스]: 9건 (>14일/파싱실패)
2026-07-09 12:38:37,834 [INFO] __main__ — 뉴스 시점 제외 [세진중공업]: 3건 (>14일/파싱실패)
2026-07-09 12:38:39,010 [INFO] __main__ — 뉴스 시점 제외 [CJ4우(전환)]: 13건 (>14일/파싱실패)
2026-07-09 12:38:40,430 [INFO] __main__ — 뉴스 시점 제외 [맵스리얼티]: 15건 (>14일/파싱실패)
2026-07-09 12:38:41,847 [INFO] __main__ — 뉴스 시점 제외 [고려제강]: 1건 (>14일/파싱실패)
2026-07-09 12:38:42,976 [INFO] __main__ — 뉴스 시점 제외 [조광피혁]: 12건 (>14일/파싱실패)
2026-07-09 12:38:43,506 [INFO] __main__ — 뉴스 시점 제외 [농심홀딩스]: 6건 (>14일/파싱실패)
2026-07-09 12:38:43,707 [INFO] __main__ — 뉴스 시점 제외 [코람코더원리츠]: 13건 (>14일/파싱실패)
2026-07-09 12:38:44,192 [INFO] __main__ — 뉴스 시점 제외 [아모레퍼시픽우]: 11건 (>14일/파싱실패)
2026-07-09 12:38:44,760 [INFO] __main__ — 뉴스 시점 제외 [신도리코]: 8건 (>14일/파싱실패)
2026-07-09 12:38:45,332 [INFO] __main__ — 뉴스 시점 제외 [INVENI]: 7건 (>14일/파싱실패)
2026-07-09 12:38:45,712 [INFO] __main__ — 뉴스 시점 제외 [명신산업]: 10건 (>14일/파싱실패)
2026-07-09 12:38:45,900 [INFO] __main__ — 뉴스 시점 제외 [KPX홀딩스]: 10건 (>14일/파싱실패)
2026-07-09 12:38:47,625 [INFO] __main__ — 뉴스 시점 제외 [두산2우B]: 15건 (>14일/파싱실패)
2026-07-09 12:38:47,944 [INFO] __main__ — 뉴스 시점 제외 [삼성물산우B]: 14건 (>14일/파싱실패)
2026-07-09 12:38:48,515 [INFO] __main__ — 뉴스 시점 제외 [국도화학]: 12건 (>14일/파싱실패)
2026-07-09 12:38:48,776 [INFO] __main__ — 뉴스 시점 제외 [아세아제지]: 13건 (>14일/파싱실패)
2026-07-09 12:38:51,058 [INFO] __main__ — 뉴스 시점 제외 [S-Oil우]: 11건 (>14일/파싱실패)
2026-07-09 12:38:52,183 [INFO] __main__ — 뉴스 시점 제외 [미창석유]: 13건 (>14일/파싱실패)
2026-07-09 12:38:52,951 [INFO] __main__ — 뉴스 시점 제외 [천일고속]: 14건 (>14일/파싱실패)
2026-07-09 12:38:53,533 [INFO] __main__ — 뉴스 시점 제외 [CR홀딩스]: 10건 (>14일/파싱실패)
2026-07-09 12:38:54,676 [INFO] __main__ — 뉴스 시점 제외 [동아지질]: 6건 (>14일/파싱실패)
2026-07-09 12:38:55,296 [INFO] __main__ — 뉴스 시점 제외 [모토닉]: 12건 (>14일/파싱실패)
2026-07-09 12:38:55,867 [INFO] __main__ — 뉴스 시점 제외 [LG생활건강우]: 13건 (>14일/파싱실패)
2026-07-09 12:38:56,140 [INFO] __main__ — 뉴스 시점 제외 [LG우]: 14건 (>14일/파싱실패)
2026-07-09 12:38:56,711 [INFO] __main__ — 뉴스 시점 제외 [대신증권2우B]: 14건 (>14일/파싱실패)
2026-07-09 12:38:57,003 [INFO] __main__ — 뉴스 시점 제외 [화승엔터프라이즈]: 9건 (>14일/파싱실패)
2026-07-09 12:38:58,131 [INFO] __main__ — 뉴스 시점 제외 [유화증권]: 6건 (>14일/파싱실패)
2026-07-09 12:38:58,150 [INFO] __main__ — 뉴스 시점 제외 [조선내화]: 9건 (>14일/파싱실패)
2026-07-09 12:38:58,417 [INFO] __main__ — 뉴스 시점 제외 [에스엠벡셀]: 9건 (>14일/파싱실패)
2026-07-09 12:38:59,283 [INFO] __main__ — 뉴스 시점 제외 [강남제비스코]: 5건 (>14일/파싱실패)
2026-07-09 12:38:59,550 [INFO] __main__ — 뉴스 시점 제외 [NH올원리츠]: 11건 (>14일/파싱실패)
2026-07-09 12:39:00,699 [INFO] __main__ — 뉴스 시점 제외 [신라교역]: 10건 (>14일/파싱실패)
2026-07-09 12:39:01,265 [INFO] __main__ — 뉴스 시점 제외 [아모레퍼시픽홀딩스3우C]: 14건 (>14일/파싱실패)
2026-07-09 12:39:01,827 [INFO] __main__ — 뉴스 시점 제외 [화승코퍼레이션]: 7건 (>14일/파싱실패)
2026-07-09 12:39:02,171 [INFO] __main__ — 뉴스 시점 제외 [태경산업]: 7건 (>14일/파싱실패)
2026-07-09 12:39:03,321 [INFO] __main__ — 뉴스 시점 제외 [키다리스튜디오]: 4건 (>14일/파싱실패)
2026-07-09 12:39:03,538 [INFO] __main__ — 뉴스 시점 제외 [한솔홀딩스]: 7건 (>14일/파싱실패)
2026-07-09 12:39:03,904 [INFO] __main__ — 뉴스 시점 제외 [이지스레지던스리츠]: 15건 (>14일/파싱실패)
2026-07-09 12:39:04,499 [INFO] __main__ — 뉴스 시점 제외 [인천도시가스]: 10건 (>14일/파싱실패)
2026-07-09 12:39:04,687 [INFO] __main__ — 뉴스 시점 제외 [DKME]: 10건 (>14일/파싱실패)
2026-07-09 12:39:05,157 [INFO] __main__ — 뉴스 시점 제외 [대성홀딩스]: 11건 (>14일/파싱실패)
2026-07-09 12:39:05,240 [INFO] __main__ — 뉴스 시점 제외 [태경비케이]: 7건 (>14일/파싱실패)
2026-07-09 12:39:05,726 [INFO] __main__ — 뉴스 시점 제외 [현대코퍼레이션홀딩스]: 10건 (>14일/파싱실패)
2026-07-09 12:39:06,225 [INFO] __main__ — 뉴스 시점 제외 [티에이치엔]: 3건 (>14일/파싱실패)
2026-07-09 12:39:06,383 [INFO] __main__ — 뉴스 시점 제외 [두올]: 10건 (>14일/파싱실패)
2026-07-09 12:39:06,857 [INFO] __main__ — 뉴스 시점 제외 [무림P&P]: 11건 (>14일/파싱실패)
2026-07-09 12:39:06,966 [INFO] __main__ — 뉴스 시점 제외 [샘표식품]: 2건 (>14일/파싱실패)
2026-07-09 12:39:07,374 [INFO] __main__ — 뉴스 시점 제외 [HS애드]: 8건 (>14일/파싱실패)
2026-07-09 12:39:07,449 [INFO] __main__ — 뉴스 시점 제외 [영보화학]: 11건 (>14일/파싱실패)
2026-07-09 12:39:07,941 [INFO] __main__ — 뉴스 시점 제외 [황금에스티]: 8건 (>14일/파싱실패)
2026-07-09 12:39:08,109 [INFO] __main__ — 뉴스 시점 제외 [HLB글로벌]: 6건 (>14일/파싱실패)
2026-07-09 12:39:08,673 [INFO] __main__ — 뉴스 시점 제외 [CS홀딩스]: 13건 (>14일/파싱실패)
2026-07-09 12:39:09,086 [INFO] __main__ — 뉴스 시점 제외 [동양고속]: 13건 (>14일/파싱실패)
2026-07-09 12:39:09,140 [INFO] __main__ — 뉴스 시점 제외 [DSR제강]: 7건 (>14일/파싱실패)
2026-07-09 12:39:09,659 [INFO] __main__ — 뉴스 시점 제외 [우신시스템]: 8건 (>14일/파싱실패)
2026-07-09 12:39:09,721 [INFO] __main__ — 뉴스 시점 제외 [한솔로지스틱스]: 11건 (>14일/파싱실패)
2026-07-09 12:39:10,227 [INFO] __main__ — 뉴스 시점 제외 [사조오양]: 10건 (>14일/파싱실패)
2026-07-09 12:39:10,289 [INFO] __main__ — 뉴스 시점 제외 [CJ씨푸드]: 9건 (>14일/파싱실패)
2026-07-09 12:39:10,379 [INFO] __main__ — 뉴스 시점 제외 [한신기계]: 11건 (>14일/파싱실패)
2026-07-09 12:39:11,370 [INFO] __main__ — 뉴스 시점 제외 [삼정펄프]: 14건 (>14일/파싱실패)
2026-07-09 12:39:11,436 [INFO] __main__ — 뉴스 시점 제외 [유한양행우]: 14건 (>14일/파싱실패)
2026-07-09 12:39:11,521 [INFO] __main__ — 뉴스 시점 제외 [제일연마]: 13건 (>14일/파싱실패)
2026-07-09 12:39:11,941 [INFO] __main__ — 뉴스 시점 제외 [성창기업지주]: 13건 (>14일/파싱실패)
2026-07-09 12:39:11,996 [INFO] __main__ — 뉴스 시점 제외 [태경케미컬]: 9건 (>14일/파싱실패)
2026-07-09 12:39:12,095 [INFO] __main__ — 뉴스 시점 제외 [한국내화]: 10건 (>14일/파싱실패)
2026-07-09 12:39:12,524 [INFO] __main__ — 뉴스 시점 제외 [삼성출판사]: 9건 (>14일/파싱실패)
2026-07-09 12:39:12,558 [INFO] __main__ — 뉴스 시점 제외 [호전실업]: 12건 (>14일/파싱실패)
2026-07-09 12:39:13,100 [INFO] __main__ — 뉴스 시점 제외 [인바이오젠]: 7건 (>14일/파싱실패)
2026-07-09 12:39:13,238 [INFO] __main__ — 뉴스 시점 제외 [진양산업]: 11건 (>14일/파싱실패)
2026-07-09 12:39:13,676 [INFO] __main__ — 뉴스 시점 제외 [테이팩스]: 7건 (>14일/파싱실패)
2026-07-09 12:39:13,699 [INFO] __main__ — 뉴스 시점 제외 [새론오토모티브]: 12건 (>14일/파싱실패)
2026-07-09 12:39:14,238 [INFO] __main__ — 뉴스 시점 제외 [유안타증권우]: 14건 (>14일/파싱실패)
2026-07-09 12:39:14,801 [INFO] __main__ — 뉴스 시점 제외 [화승알앤에이]: 7건 (>14일/파싱실패)
2026-07-09 12:39:14,835 [INFO] __main__ — 뉴스 시점 제외 [롯데칠성우]: 15건 (>14일/파싱실패)
2026-07-09 12:39:14,949 [INFO] __main__ — 뉴스 시점 제외 [SJM]: 3건 (>14일/파싱실패)
2026-07-09 12:39:15,373 [INFO] __main__ — 뉴스 시점 제외 [SJM홀딩스]: 15건 (>14일/파싱실패)
2026-07-09 12:39:15,403 [INFO] __main__ — 뉴스 시점 제외 [BYC우]: 14건 (>14일/파싱실패)
2026-07-09 12:39:15,950 [INFO] __main__ — 뉴스 시점 제외 [대덕전자1우]: 13건 (>14일/파싱실패)
2026-07-09 12:39:15,970 [INFO] __main__ — 뉴스 시점 제외 [미래에셋맵스리츠]: 14건 (>14일/파싱실패)
2026-07-09 12:39:16,526 [INFO] __main__ — 뉴스 시점 제외 [조광페인트]: 4건 (>14일/파싱실패)
2026-07-09 12:39:17,102 [INFO] __main__ — 뉴스 시점 제외 [한화솔루션우]: 11건 (>14일/파싱실패)
2026-07-09 12:39:17,715 [INFO] __main__ — 뉴스 시점 제외 [SK케미칼우]: 14건 (>14일/파싱실패)
2026-07-09 12:39:17,830 [INFO] __main__ — 뉴스 시점 제외 [신한글로벌액티브리츠]: 12건 (>14일/파싱실패)
2026-07-09 12:39:18,280 [INFO] __main__ — 뉴스 시점 제외 [갤럭시아에스엠]: 9건 (>14일/파싱실패)
2026-07-09 12:39:18,814 [INFO] __main__ — 뉴스 시점 제외 [DL우]: 14건 (>14일/파싱실패)
2026-07-09 12:39:19,388 [INFO] __main__ — 뉴스 시점 제외 [우진플라임]: 13건 (>14일/파싱실패)
2026-07-09 12:39:19,419 [INFO] __main__ — 뉴스 시점 제외 [진양폴리]: 10건 (>14일/파싱실패)
2026-07-09 12:39:26,159 [INFO] __main__ — 뉴스 시점 제외 [케이아이엔엑스]: 10건 (>14일/파싱실패)
2026-07-09 12:39:26,176 [INFO] __main__ — 뉴스 시점 제외 [케이엠더블유]: 3건 (>14일/파싱실패)
2026-07-09 12:39:27,597 [INFO] __main__ — 뉴스 시점 제외 [에스티큐브]: 10건 (>14일/파싱실패)
2026-07-09 12:39:29,590 [INFO] __main__ — 뉴스 시점 제외 [에프에스티]: 6건 (>14일/파싱실패)
2026-07-09 12:39:32,144 [INFO] __main__ — 뉴스 시점 제외 [하이록코리아]: 7건 (>14일/파싱실패)
2026-07-09 12:39:32,841 [INFO] __main__ — 뉴스 시점 제외 [큐렉소]: 1건 (>14일/파싱실패)
2026-07-09 12:39:33,579 [INFO] __main__ — 뉴스 시점 제외 [인화정공]: 7건 (>14일/파싱실패)
2026-07-09 12:39:35,844 [INFO] __main__ — 뉴스 시점 제외 [바이오다인]: 11건 (>14일/파싱실패)
2026-07-09 12:39:36,408 [INFO] __main__ — 뉴스 시점 제외 [한라IMS]: 8건 (>14일/파싱실패)
2026-07-09 12:39:37,404 [INFO] __main__ — 뉴스 시점 제외 [바이오플러스]: 6건 (>14일/파싱실패)
2026-07-09 12:39:37,541 [INFO] __main__ — 뉴스 시점 제외 [세보엠이씨]: 8건 (>14일/파싱실패)
2026-07-09 12:39:38,266 [INFO] __main__ — 뉴스 시점 제외 [삼목에스폼]: 11건 (>14일/파싱실패)
2026-07-09 12:39:38,557 [INFO] __main__ — 뉴스 시점 제외 [베뉴지]: 12건 (>14일/파싱실패)
2026-07-09 12:39:38,704 [INFO] __main__ — 뉴스 시점 제외 [한선엔지니어링]: 9건 (>14일/파싱실패)
2026-07-09 12:39:39,127 [INFO] __main__ — 뉴스 시점 제외 [세나테크놀로지]: 10건 (>14일/파싱실패)
2026-07-09 12:39:39,276 [INFO] __main__ — 뉴스 시점 제외 [슈어소프트테크]: 10건 (>14일/파싱실패)
2026-07-09 12:39:39,399 [INFO] __main__ — 뉴스 시점 제외 [코텍]: 13건 (>14일/파싱실패)
2026-07-09 12:39:40,533 [INFO] __main__ — 뉴스 시점 제외 [에스엔시스]: 12건 (>14일/파싱실패)
2026-07-09 12:39:40,997 [INFO] __main__ — 뉴스 시점 제외 [에코아이]: 14건 (>14일/파싱실패)
2026-07-09 12:39:41,683 [INFO] __main__ — 뉴스 시점 제외 [국보디자인]: 8건 (>14일/파싱실패)
2026-07-09 12:39:42,707 [INFO] __main__ — 뉴스 시점 제외 [코메론]: 12건 (>14일/파싱실패)
2026-07-09 12:39:43,399 [INFO] __main__ — 뉴스 시점 제외 [이크레더블]: 13건 (>14일/파싱실패)
2026-07-09 12:39:43,423 [INFO] __main__ — 뉴스 시점 제외 [레드캡투어]: 5건 (>14일/파싱실패)
2026-07-09 12:39:44,004 [INFO] __main__ — 뉴스 시점 제외 [일진파워]: 7건 (>14일/파싱실패)
2026-07-09 12:39:46,305 [INFO] __main__ — 뉴스 시점 제외 [엠아이텍]: 10건 (>14일/파싱실패)
2026-07-09 12:39:46,871 [INFO] __main__ — 뉴스 시점 제외 [더즌]: 8건 (>14일/파싱실패)
2026-07-09 12:39:46,898 [INFO] __main__ — 뉴스 시점 제외 [고려신용정보]: 13건 (>14일/파싱실패)
2026-07-09 12:39:47,463 [INFO] __main__ — 뉴스 시점 제외 [삼보판지]: 15건 (>14일/파싱실패)
2026-07-09 12:39:48,003 [INFO] __main__ — 뉴스 시점 제외 [모트렉스]: 4건 (>14일/파싱실패)
2026-07-09 12:39:48,629 [INFO] __main__ — 뉴스 시점 제외 [그린리소스]: 12건 (>14일/파싱실패)
2026-07-09 12:39:50,343 [INFO] __main__ — 뉴스 시점 제외 [KT나스미디어]: 13건 (>14일/파싱실패)
2026-07-09 12:39:51,491 [INFO] __main__ — 뉴스 시점 제외 [킵스파마]: 6건 (>14일/파싱실패)
2026-07-09 12:39:51,957 [INFO] __main__ — 뉴스 시점 제외 [현대에버다임]: 7건 (>14일/파싱실패)
2026-07-09 12:39:52,523 [INFO] __main__ — 뉴스 시점 제외 [아가방컴퍼니]: 10건 (>14일/파싱실패)
2026-07-09 12:39:52,620 [INFO] __main__ — 뉴스 시점 제외 [지어소프트]: 13건 (>14일/파싱실패)
2026-07-09 12:39:53,226 [INFO] __main__ — 뉴스 시점 제외 [진로발효]: 9건 (>14일/파싱실패)
2026-07-09 12:39:53,663 [INFO] __main__ — 뉴스 시점 제외 [인포바인]: 14건 (>14일/파싱실패)
2026-07-09 12:39:53,813 [INFO] __main__ — 뉴스 시점 제외 [솔본]: 11건 (>14일/파싱실패)
2026-07-09 12:39:54,805 [INFO] __main__ — 뉴스 시점 제외 [우리손에프앤지]: 14건 (>14일/파싱실패)
2026-07-09 12:39:55,490 [INFO] __main__ — 뉴스 시점 제외 [레이언스]: 14건 (>14일/파싱실패)
2026-07-09 12:39:55,939 [INFO] __main__ — 뉴스 시점 제외 [대정화금]: 13건 (>14일/파싱실패)
2026-07-09 12:39:56,056 [INFO] __main__ — 뉴스 시점 제외 [케이씨에스]: 3건 (>14일/파싱실패)
2026-07-09 12:39:56,089 [INFO] __main__ — 뉴스 시점 제외 [메드팩토]: 8건 (>14일/파싱실패)
2026-07-09 12:39:56,507 [INFO] __main__ — 뉴스 시점 제외 [엠에스오토텍]: 11건 (>14일/파싱실패)
2026-07-09 12:39:56,655 [INFO] __main__ — 뉴스 시점 제외 [스톰테크]: 9건 (>14일/파싱실패)
2026-07-09 12:39:57,080 [INFO] __main__ — 뉴스 시점 제외 [정상제이엘에스]: 6건 (>14일/파싱실패)
2026-07-09 12:39:57,203 [INFO] __main__ — 뉴스 시점 제외 [서원인텍]: 13건 (>14일/파싱실패)
2026-07-09 12:39:58,936 [INFO] __main__ — 뉴스 시점 제외 [원익피앤이]: 6건 (>14일/파싱실패)
2026-07-09 12:39:59,357 [INFO] __main__ — 뉴스 시점 제외 [에이치엔에스하이텍]: 11건 (>14일/파싱실패)
2026-07-09 12:40:01,211 [INFO] __main__ — 뉴스 시점 제외 [디앤씨미디어]: 4건 (>14일/파싱실패)
2026-07-09 12:40:01,641 [INFO] __main__ — 뉴스 시점 제외 [대림제지]: 13건 (>14일/파싱실패)
2026-07-09 12:40:01,814 [INFO] __main__ — 뉴스 시점 제외 [한국가구]: 7건 (>14일/파싱실패)
2026-07-09 12:40:03,490 [INFO] __main__ — 뉴스 시점 제외 [일지테크]: 6건 (>14일/파싱실패)
2026-07-09 12:40:04,475 [INFO] __main__ — 뉴스 시점 제외 [싸이닉솔루션]: 9건 (>14일/파싱실패)
2026-07-09 12:40:04,656 [INFO] __main__ — 뉴스 시점 제외 [리드코프]: 9건 (>14일/파싱실패)
2026-07-09 12:40:05,611 [INFO] __main__ — 뉴스 시점 제외 [라이온켐텍]: 12건 (>14일/파싱실패)
2026-07-09 12:40:06,180 [INFO] __main__ — 뉴스 시점 제외 [엔비알모션]: 9건 (>14일/파싱실패)
2026-07-09 12:40:06,362 [INFO] __main__ — 뉴스 시점 제외 [삼현철강]: 7건 (>14일/파싱실패)
2026-07-09 12:40:07,484 [INFO] __main__ — 뉴스 시점 제외 [탑머티리얼]: 7건 (>14일/파싱실패)
2026-07-09 12:40:08,062 [INFO] __main__ — 뉴스 시점 제외 [피제이메탈]: 7건 (>14일/파싱실패)
2026-07-09 12:40:09,041 [INFO] __main__ — 뉴스 시점 제외 [블루콤]: 13건 (>14일/파싱실패)
2026-07-09 12:40:09,197 [INFO] __main__ — 뉴스 시점 제외 [신스틸]: 12건 (>14일/파싱실패)
2026-07-09 12:40:09,752 [INFO] __main__ — 뉴스 시점 제외 [피제이전자]: 10건 (>14일/파싱실패)
2026-07-09 12:40:10,186 [INFO] __main__ — 뉴스 시점 제외 [미투온]: 3건 (>14일/파싱실패)
2026-07-09 12:40:10,339 [INFO] __main__ — 뉴스 시점 제외 [한국전자인증]: 5건 (>14일/파싱실패)
2026-07-09 12:40:10,758 [INFO] __main__ — 뉴스 시점 제외 [레뷰코퍼레이션]: 10건 (>14일/파싱실패)
2026-07-09 12:40:10,916 [INFO] __main__ — 뉴스 시점 제외 [대륙제관]: 13건 (>14일/파싱실패)
2026-07-09 12:40:11,498 [INFO] __main__ — 뉴스 시점 제외 [팬젠]: 5건 (>14일/파싱실패)
2026-07-09 12:40:12,655 [INFO] __main__ — 뉴스 시점 제외 [APS이노베이션]: 10건 (>14일/파싱실패)
2026-07-09 12:40:12,822 [INFO] __main__ — 뉴스 시점 제외 [잉크테크]: 12건 (>14일/파싱실패)
2026-07-09 12:40:13,042 [INFO] __main__ — 뉴스 시점 제외 [한켐]: 10건 (>14일/파싱실패)
2026-07-09 12:40:13,959 [INFO] __main__ — 뉴스 시점 제외 [케이엘넷]: 14건 (>14일/파싱실패)
2026-07-09 12:40:14,356 [INFO] __main__ — 뉴스 시점 제외 [이건홀딩스]: 13건 (>14일/파싱실패)
2026-07-09 12:40:14,731 [INFO] __main__ — 뉴스 시점 제외 [퓨런티어]: 11건 (>14일/파싱실패)
2026-07-09 12:40:14,927 [INFO] __main__ — 뉴스 시점 제외 [오리콤]: 10건 (>14일/파싱실패)
2026-07-09 12:40:15,127 [INFO] __main__ — 뉴스 시점 제외 [부방]: 13건 (>14일/파싱실패)
2026-07-09 12:40:16,260 [INFO] __main__ — 뉴스 시점 제외 [아셈스]: 14건 (>14일/파싱실패)
2026-07-09 12:40:16,630 [INFO] __main__ — 뉴스 시점 제외 [대주산업]: 12건 (>14일/파싱실패)
2026-07-09 12:40:17,203 [INFO] __main__ — 뉴스 시점 제외 [화성밸브]: 13건 (>14일/파싱실패)
2026-07-09 12:40:18,007 [INFO] __main__ — 뉴스 시점 제외 [제이씨현시스템]: 11건 (>14일/파싱실패)
2026-07-09 12:40:18,147 [INFO] __main__ — 뉴스 시점 제외 [SG&G]: 12건 (>14일/파싱실패)
2026-07-09 12:40:18,333 [INFO] __main__ — 뉴스 시점 제외 [대성창투]: 13건 (>14일/파싱실패)
2026-07-09 12:40:18,907 [INFO] __main__ — 뉴스 시점 제외 [와이어블]: 7건 (>14일/파싱실패)
2026-07-09 12:40:19,135 [INFO] __main__ — 뉴스 시점 제외 [제일테크노스]: 11건 (>14일/파싱실패)
2026-07-09 12:40:19,469 [INFO] __main__ — 뉴스 시점 제외 [HC홈센타]: 10건 (>14일/파싱실패)
2026-07-09 12:40:19,695 [INFO] __main__ — 뉴스 시점 제외 [엘컴텍]: 11건 (>14일/파싱실패)
2026-07-09 12:40:20,283 [INFO] __main__ — 뉴스 시점 제외 [에스피시스템스]: 6건 (>14일/파싱실패)
2026-07-09 12:40:20,437 [INFO] __main__ — 뉴스 시점 제외 [덕우전자]: 11건 (>14일/파싱실패)
2026-07-09 12:40:21,005 [INFO] __main__ — 뉴스 시점 제외 [오상자이엘]: 10건 (>14일/파싱실패)
2026-07-09 12:40:21,733 [INFO] __main__ — 뉴스 시점 제외 [셀로맥스사이언스]: 10건 (>14일/파싱실패)
2026-07-09 12:40:22,007 [INFO] __main__ — 뉴스 시점 제외 [코콤]: 7건 (>14일/파싱실패)
2026-07-09 12:40:22,774 [INFO] __main__ — 뉴스 시점 제외 [캐프]: 2건 (>14일/파싱실패)
2026-07-09 12:40:22,867 [INFO] __main__ — 뉴스 시점 제외 [흥국에프엔비]: 13건 (>14일/파싱실패)
2026-07-09 12:40:23,165 [INFO] __main__ — 뉴스 시점 제외 [코닉오토메이션]: 4건 (>14일/파싱실패)
2026-07-09 12:40:23,432 [INFO] __main__ — 뉴스 시점 제외 [제이투케이바이오]: 8건 (>14일/파싱실패)
2026-07-09 12:40:24,000 [INFO] __main__ — 뉴스 시점 제외 [푸른로보틱스]: 11건 (>14일/파싱실패)
2026-07-09 12:40:24,566 [INFO] __main__ — 뉴스 시점 제외 [케이씨피드]: 12건 (>14일/파싱실패)
2026-07-09 12:40:24,862 [INFO] __main__ — 뉴스 시점 제외 [쎄노텍]: 10건 (>14일/파싱실패)
2026-07-09 12:40:25,127 [INFO] __main__ — 뉴스 시점 제외 [NHN벅스]: 7건 (>14일/파싱실패)
2026-07-09 12:40:25,424 [INFO] __main__ — 뉴스 시점 제외 [아세아텍]: 6건 (>14일/파싱실패)
2026-07-09 12:40:26,212 [INFO] __main__ — 뉴스 시점 제외 [쓰리에이로직스]: 11건 (>14일/파싱실패)
2026-07-09 12:40:26,567 [INFO] __main__ — 뉴스 시점 제외 [링크제니시스]: 12건 (>14일/파싱실패)
2026-07-09 12:40:26,956 [INFO] __main__ — 뉴스 시점 제외 [이글벳]: 7건 (>14일/파싱실패)
2026-07-09 12:40:27,476 [INFO] __main__ — 뉴스 시점 제외 [한독크린텍]: 13건 (>14일/파싱실패)
2026-07-09 12:40:28,043 [INFO] __main__ — 뉴스 시점 제외 [효성오앤비]: 11건 (>14일/파싱실패)
2026-07-09 12:40:30,051 [INFO] __main__ — 뉴스 시점 제외 [엔바이오니아]: 11건 (>14일/파싱실패)
2026-07-09 12:40:30,070 [INFO] __main__ — 뉴스 시점 제외 [그린생명과학]: 9건 (>14일/파싱실패)
2026-07-09 12:40:31,190 [INFO] __main__ — 뉴스 시점 제외 [한네트]: 15건 (>14일/파싱실패)
2026-07-09 12:40:31,774 [INFO] __main__ — 뉴스 시점 제외 [넥스턴앤롤코리아]: 7건 (>14일/파싱실패)
2026-07-09 12:40:31,914 [INFO] __main__ — 뉴스 시점 제외 [백금T&A]: 13건 (>14일/파싱실패)
2026-07-09 12:40:33,084 [INFO] __main__ — 뉴스 시점 제외 [비비씨]: 14건 (>14일/파싱실패)
2026-07-09 12:40:33,086 [INFO] __main__ — 뉴스 시점 제외 [이삭엔지니어링]: 10건 (>14일/파싱실패)
2026-07-09 12:40:33,800 [INFO] __main__ — 뉴스 시점 제외 [동국알앤에스]: 8건 (>14일/파싱실패)
2026-07-09 12:40:34,495 [INFO] __main__ — 뉴스 시점 제외 [기산텔레콤]: 11건 (>14일/파싱실패)
2026-07-09 12:40:34,502 [INFO] __main__ — 뉴스 시점 제외 [티비씨]: 8건 (>14일/파싱실패)
2026-07-09 12:40:34,603 [INFO] __main__ — POOL_A 후보 부정뉴스 2차 조회: 652개
2026-07-09 12:40:34,607 [INFO] __main__ — POOL_A: 1042개 (A:741 B:160 동시:141) | 부정게이트 제외:14
  대형:80 중형:197 소형:765
2026-07-09 12:40:34,615 [INFO] __main__ —   → POOL_A: 1042개
2026-07-09 12:40:34,615 [INFO] __main__ — ▶ Step 2: 하드 필터링
2026-07-09 12:40:34,616 [INFO] __main__ — 하드 필터 제거: 1030개 | 과열배제 36 | 이격도상한 4 | 이격도하한 502 | MA추세 440 | RSI과열 2 | 거래대금 46
2026-07-09 12:40:34,618 [INFO] __main__ — 과열 gated 기록: 36개 → gated_tickers
2026-07-09 12:40:34,618 [INFO] __main__ — POOL_B: 12개 | 대형:1 중형:5 소형:6
2026-07-09 12:40:34,618 [INFO] __main__ —   → POOL_B: 12개
2026-07-09 12:40:34,618 [INFO] __main__ — ▶ Step 3: 스코어링 (FinBERT 감성 분석)
2026-07-09 12:40:34,619 [INFO] __main__ — NaverClient: 3개 키 로드 (DataLab·검색 독립 회전)
2026-07-09 12:40:34,619 [INFO] __main__ — 텍스트 신규 수집: 12종목 (캐시 적중 0종목)
2026-07-09 12:40:43,202 [INFO] __main__ — 뉴스 시점 제외 [글로벌텍스프리]: 18건 (>14일/파싱실패)
2026-07-09 12:40:46,541 [INFO] __main__ — 뉴스 시점 제외 [뉴파워프라즈마]: 9건 (>14일/파싱실패)
2026-07-09 12:40:46,850 [INFO] __main__ — 뉴스 시점 제외 [메가터치]: 16건 (>14일/파싱실패)
2026-07-09 12:40:50,080 [INFO] __main__ — 수집 완료: 뉴스 113건 | 공시 38건
2026-07-09 12:40:50,080 [INFO] __main__ — FinBERT 감성 분석 (finbert 모드)...
2026-07-09 12:40:50,080 [INFO] __main__ — FinBERT 로딩: snunlp/KR-FinBert-SC (CPU, batch=8)
2026-07-09 12:40:50,196 [INFO] httpx — HTTP Request: GET https://huggingface.co/api/agent-harnesses "HTTP/1.1 200 OK"
2026-07-09 12:40:50,272 [INFO] httpx — HTTP Request: HEAD https://huggingface.co/snunlp/KR-FinBert-SC/resolve/main/config.json "HTTP/1.1 307 Temporary Redirect"
2026-07-09 12:40:50,272 [WARNING] huggingface_hub.utils._http — Warning: You are sending unauthenticated requests to the HF Hub. Please set a HF_TOKEN to enable higher rate limits and faster downloads.
2026-07-09 12:40:50,277 [INFO] httpx — HTTP Request: HEAD https://huggingface.co/api/resolve-cache/models/snunlp/KR-FinBert-SC/f8586286cc3161fb648e9fee09a456069fd846d0/config.json "HTTP/1.1 200 OK"
2026-07-09 12:40:50,368 [INFO] httpx — HTTP Request: HEAD https://huggingface.co/snunlp/KR-FinBert-SC/resolve/main/model.safetensors "HTTP/1.1 404 Not Found"
2026-07-09 12:40:50,458 [INFO] httpx — HTTP Request: GET https://huggingface.co/api/models/snunlp/KR-FinBert-SC "HTTP/1.1 200 OK"
2026-07-09 12:40:50,557 [INFO] httpx — HTTP Request: GET https://huggingface.co/api/models/snunlp/KR-FinBert-SC/commits/main "HTTP/1.1 200 OK"
2026-07-09 12:40:50,591 [INFO] httpx — HTTP Request: GET https://huggingface.co/api/models/snunlp/KR-FinBert-SC/tree/main/additional_chat_templates?recursive=false&expand=false "HTTP/1.1 404 Not Found"
2026-07-09 12:40:50,640 [INFO] httpx — HTTP Request: GET https://huggingface.co/api/models/snunlp/KR-FinBert-SC/discussions?p=0 "HTTP/1.1 200 OK"
2026-07-09 12:40:50,674 [INFO] httpx — HTTP Request: GET https://huggingface.co/api/models/snunlp/KR-FinBert-SC/tree/main?recursive=true&expand=false "HTTP/1.1 200 OK"
2026-07-09 12:40:50,729 [INFO] httpx — HTTP Request: GET https://huggingface.co/api/models/snunlp/KR-FinBert-SC/commits/refs%2Fpr%2F3 "HTTP/1.1 200 OK"
2026-07-09 12:40:50,769 [INFO] httpx — HTTP Request: HEAD https://huggingface.co/snunlp/KR-FinBert-SC/resolve/main/processor_config.json "HTTP/1.1 404 Not Found"
2026-07-09 12:40:50,810 [INFO] httpx — HTTP Request: HEAD https://huggingface.co/snunlp/KR-FinBert-SC/resolve/refs%2Fpr%2F3/model.safetensors.index.json "HTTP/1.1 404 Not Found"
2026-07-09 12:40:50,845 [INFO] httpx — HTTP Request: HEAD https://huggingface.co/snunlp/KR-FinBert-SC/resolve/main/video_preprocessor_config.json "HTTP/1.1 404 Not Found"
2026-07-09 12:40:50,897 [INFO] httpx — HTTP Request: HEAD https://huggingface.co/snunlp/KR-FinBert-SC/resolve/refs%2Fpr%2F3/model.safetensors "HTTP/1.1 302 Found"
2026-07-09 12:40:50,926 [INFO] httpx — HTTP Request: HEAD https://huggingface.co/snunlp/KR-FinBert-SC/resolve/main/preprocessor_config.json "HTTP/1.1 404 Not Found"
2026-07-09 12:40:50,927 [INFO] __main__ — FinBERT 로드 완료 (CPU)
2026-07-09 12:40:55,701 [INFO] __main__ — Phase A.1: 매핑 신뢰도 < 0.5 → 감성 점수 폐기 9건
2026-07-09 12:40:55,701 [INFO] __main__ — 스코어링: 12개 | 집중:0 | FinBERT:finbert
2026-07-09 12:40:55,716 [INFO] __main__ —   → 12개
2026-07-09 12:40:55,716 [INFO] __main__ — ▶ Step 4: 발송
2026-07-09 12:40:59,284 [WARNING] __main__ — 텔레그램 발송 실패 그룹 → mark_sent skip 3개 (다음 실행 시 재발송 대상)
2026-07-09 12:40:59,285 [INFO] __main__ — DB 기록: 0개 / 전체 to_send 3개
2026-07-09 12:40:59,285 [INFO] __main__ — 발송: 집중 0 / 주시 0
2026-07-09 12:40:59,285 [INFO] __main__ — 완료  |  소요: 1159.0초
