2026-09-30 16:04:20,762 [INFO] __main__ — config 검증 완료 ✓
2026-09-30 16:04:20,762 [INFO] __main__ — KIS 조회 도메인: 실전 (https://openapi.koreainvestment.com:9443)
2026-09-30 16:04:20,762 [INFO] __main__ — ============================================================
2026-09-30 16:04:20,762 [INFO] __main__ — AlphaRadar v3.3.1  |  기준일: 20261001  |  런: am
2026-09-30 16:04:20,762 [INFO] __main__ — S = T×0.3 + S_text×0.4 + D×0.3
2026-09-30 16:04:20,762 [INFO] __main__ — ============================================================
2026-09-30 16:04:20,762 [INFO] __main__ — ▶ Step 0: 유니버스 필터링
2026-09-30 16:04:21,069 [INFO] __main__ — FDR 데이터 수집: 20260328 ~ 20261001
2026-09-30 16:04:22,296 [INFO] __main__ — master universe 메타: 캐시 사용 2760개 (year=2026)
2026-09-30 16:04:22,299 [INFO] __main__ — master 보강: 등급 833개 | FnGuide/KSIC 2543개 | 섹터(fg_industry) 2543개
2026-09-30 16:04:22,299 [INFO] __main__ — KOSPI: 942개 | 섹터정보 830개 (DART +827개 보완)
2026-09-30 16:04:22,300 [INFO] __main__ — KOSDAQ: 1824개 | 섹터정보 1742개
2026-09-30 16:04:22,300 [INFO] __main__ — 전체: 2766개
2026-09-30 16:04:24,770 [INFO] __main__ — KIS 토큰 발급 완료
2026-09-30 16:12:02,390 [INFO] __main__ — DART corp_code 매핑: 887/911개 (97%)
2026-09-30 16:12:02,390 [INFO] __main__ — 유효 유니버스: 911개
2026-09-30 16:12:02,397 [INFO] __main__ —   → 911개
2026-09-30 16:12:02,397 [INFO] __main__ — ▶ Step 1: 신호 탐지
2026-09-30 16:12:02,397 [INFO] __main__ — NaverClient: 3개 키 로드 (DataLab·검색 독립 회전)
2026-09-30 16:12:02,397 [INFO] __main__ — 관심 지수 및 부정 뉴스 비율 조회 중...
2026-09-30 16:12:04,645 [INFO] __main__ — 봇 주가요약 제외 [한국비엔씨]: 2건
2026-09-30 16:12:06,395 [INFO] __main__ — 봇 주가요약 제외 [삼미금속]: 3건
2026-09-30 16:12:06,399 [INFO] __main__ — 봇 주가요약 제외 [대한광통신]: 1건
2026-09-30 16:12:08,315 [INFO] __main__ — 봇 주가요약 제외 [엑스게이트]: 1건
2026-09-30 16:12:08,323 [INFO] __main__ — 봇 주가요약 제외 [드림시큐리티]: 2건
2026-09-30 16:12:09,856 [INFO] __main__ — 봇 주가요약 제외 [빛과전자]: 4건
2026-09-30 16:12:13,467 [INFO] __main__ — 봇 주가요약 제외 [우리로]: 4건
2026-09-30 16:12:13,505 [INFO] __main__ — 봇 주가요약 제외 [우리기술투자]: 2건
2026-09-30 16:12:15,088 [INFO] __main__ — 봇 주가요약 제외 [KBI메탈]: 2건
2026-09-30 16:12:15,090 [INFO] __main__ — 봇 주가요약 제외 [와이씨]: 2건
2026-09-30 16:12:19,686 [INFO] __main__ — 봇 주가요약 제외 [대원전선]: 2건
2026-09-30 16:12:20,995 [INFO] __main__ — 봇 주가요약 제외 [HPSP]: 1건
2026-09-30 16:12:22,442 [INFO] __main__ — 봇 주가요약 제외 [아주IB투자]: 3건
2026-09-30 16:12:22,629 [INFO] __main__ — 봇 주가요약 제외 [쓰리빌리언]: 1건
2026-09-30 16:12:25,414 [INFO] __main__ — 봇 주가요약 제외 [광전자]: 2건
2026-09-30 16:12:29,192 [INFO] __main__ — 봇 주가요약 제외 [HLB제약]: 2건
2026-09-30 16:12:32,580 [INFO] __main__ — 봇 주가요약 제외 [피노]: 1건
2026-09-30 16:12:33,425 [INFO] __main__ — 봇 주가요약 제외 [대덕전자]: 1건
2026-09-30 16:12:35,760 [INFO] __main__ — 봇 주가요약 제외 [LS머트리얼즈]: 1건
2026-09-30 16:12:37,533 [INFO] __main__ — 봇 주가요약 제외 [코리아써키트]: 1건
2026-09-30 16:12:39,115 [INFO] __main__ — 봇 주가요약 제외 [저스템]: 2건
2026-09-30 16:12:39,119 [INFO] __main__ — 봇 주가요약 제외 [아이씨티케이]: 1건
2026-09-30 16:12:41,888 [INFO] __main__ — 봇 주가요약 제외 [메가터치]: 2건
2026-09-30 16:12:42,014 [INFO] __main__ — 봇 주가요약 제외 [휴림로봇]: 2건
2026-09-30 16:12:43,268 [INFO] __main__ — 봇 주가요약 제외 [제이앤티씨]: 1건
2026-09-30 16:12:44,611 [INFO] __main__ — 봇 주가요약 제외 [한솔테크닉스]: 1건
2026-09-30 16:12:46,169 [INFO] __main__ — 봇 주가요약 제외 [금호건설]: 3건
2026-09-30 16:12:46,175 [INFO] __main__ — 봇 주가요약 제외 [뉴파워프라즈마]: 1건
2026-09-30 16:12:48,925 [INFO] __main__ — 뉴스 시점 제외 [대아티아이]: 11건 (>14일/파싱실패)
2026-09-30 16:12:50,315 [INFO] __main__ — 봇 주가요약 제외 [한선엔지니어링]: 1건
2026-09-30 16:12:51,784 [INFO] __main__ — 봇 주가요약 제외 [리노공업]: 1건
2026-09-30 16:12:51,793 [INFO] __main__ — 봇 주가요약 제외 [페니트리움바이오]: 2건
2026-09-30 16:12:53,553 [INFO] __main__ — 봇 주가요약 제외 [제주반도체]: 4건
2026-09-30 16:12:54,486 [INFO] __main__ — 봇 주가요약 제외 [티엘비]: 2건
2026-09-30 16:12:57,642 [INFO] __main__ — 봇 주가요약 제외 [RF머트리얼즈]: 2건
2026-09-30 16:13:03,433 [INFO] __main__ — 봇 주가요약 제외 [TCC스틸]: 1건
2026-09-30 16:13:05,626 [INFO] __main__ — 봇 주가요약 제외 [현대바이오]: 1건
2026-09-30 16:13:07,553 [INFO] __main__ — 뉴스 시점 제외 [엘브이엠씨홀딩스]: 11건 (>14일/파싱실패)
2026-09-30 16:13:08,356 [INFO] __main__ — 봇 주가요약 제외 [필옵틱스]: 2건
2026-09-30 16:13:08,889 [INFO] __main__ — 봇 주가요약 제외 [코오롱티슈진]: 2건
2026-09-30 16:13:10,445 [INFO] __main__ — 봇 주가요약 제외 [오름테라퓨틱]: 1건
2026-09-30 16:13:11,510 [INFO] __main__ — 봇 주가요약 제외 [파인엠텍]: 1건
2026-09-30 16:13:13,123 [INFO] __main__ — 봇 주가요약 제외 [테크윙]: 1건
2026-09-30 16:13:13,949 [INFO] __main__ — 봇 주가요약 제외 [브이엠]: 2건
2026-09-30 16:13:15,289 [INFO] __main__ — 봇 주가요약 제외 [두산퓨얼셀]: 1건
2026-09-30 16:13:15,820 [INFO] __main__ — 봇 주가요약 제외 [SK이터닉스]: 4건
2026-09-30 16:13:18,026 [INFO] __main__ — 봇 주가요약 제외 [동진쎄미켐]: 2건
2026-09-30 16:13:18,586 [INFO] __main__ — 봇 주가요약 제외 [한화엔진]: 1건
2026-09-30 16:13:19,699 [INFO] __main__ — 뉴스 시점 제외 [맥쿼리인프라]: 6건 (>14일/파싱실패)
2026-09-30 16:13:21,260 [INFO] __main__ — 봇 주가요약 제외 [일진전기]: 1건
2026-09-30 16:13:24,006 [INFO] __main__ — 봇 주가요약 제외 [DB하이텍]: 1건
2026-09-30 16:13:24,830 [INFO] __main__ — 봇 주가요약 제외 [한화시스템]: 1건
2026-09-30 16:13:26,551 [INFO] __main__ — 봇 주가요약 제외 [태성]: 3건
2026-09-30 16:13:26,862 [INFO] __main__ — 뉴스 시점 제외 [와이지-원]: 7건 (>14일/파싱실패)
2026-09-30 16:13:27,929 [INFO] __main__ — 봇 주가요약 제외 [서울반도체]: 2건
2026-09-30 16:13:29,804 [INFO] __main__ — 봇 주가요약 제외 [디앤디파마텍]: 1건
2026-09-30 16:13:31,358 [INFO] __main__ — 봇 주가요약 제외 [코미코]: 2건
2026-09-30 16:13:34,356 [INFO] __main__ — 뉴스 시점 제외 [글로벌텍스프리]: 12건 (>14일/파싱실패)
2026-09-30 16:13:37,491 [INFO] __main__ — 봇 주가요약 제외 [한양디지텍]: 1건
2026-09-30 16:13:37,498 [INFO] __main__ — 봇 주가요약 제외 [지엔씨에너지]: 3건
2026-09-30 16:13:39,042 [INFO] __main__ — 봇 주가요약 제외 [카페24]: 1건
2026-09-30 16:13:39,089 [INFO] __main__ — 뉴스 시점 제외 [에스에이엠티]: 8건 (>14일/파싱실패)
2026-09-30 16:13:40,449 [INFO] __main__ — 뉴스 시점 제외 [유니셈]: 5건 (>14일/파싱실패)
2026-09-30 16:13:40,449 [INFO] __main__ — 봇 주가요약 제외 [유니셈]: 2건
2026-09-30 16:13:42,829 [INFO] __main__ — 봇 주가요약 제외 [엘앤에프]: 1건
2026-09-30 16:13:46,394 [INFO] __main__ — 봇 주가요약 제외 [오이솔루션]: 2건
2026-09-30 16:13:46,460 [INFO] __main__ — 봇 주가요약 제외 [OCI홀딩스]: 1건
2026-09-30 16:13:47,328 [INFO] __main__ — 뉴스 시점 제외 [동국홀딩스]: 8건 (>14일/파싱실패)
2026-09-30 16:13:51,045 [INFO] __main__ — 봇 주가요약 제외 [에코프로비엠]: 1건
2026-09-30 16:13:53,824 [INFO] __main__ — 봇 주가요약 제외 [삼현]: 2건
2026-09-30 16:13:54,118 [INFO] __main__ — 뉴스 시점 제외 [서부T&D]: 5건 (>14일/파싱실패)
2026-09-30 16:13:55,379 [INFO] __main__ — 봇 주가요약 제외 [아스플로]: 3건
2026-09-30 16:13:55,382 [INFO] __main__ — 봇 주가요약 제외 [RFHIC]: 1건
2026-09-30 16:13:56,801 [INFO] __main__ — 봇 주가요약 제외 [갤럭시아머니트리]: 1건
2026-09-30 16:13:59,479 [INFO] __main__ — 봇 주가요약 제외 [피에스케이]: 1건
2026-09-30 16:14:00,840 [INFO] __main__ — 봇 주가요약 제외 [LS ELECTRIC]: 1건
2026-09-30 16:14:05,290 [INFO] __main__ — 뉴스 시점 제외 [KB스타리츠]: 10건 (>14일/파싱실패)
2026-09-30 16:14:08,055 [INFO] __main__ — 뉴스 시점 제외 [하림지주]: 8건 (>14일/파싱실패)
2026-09-30 16:14:09,374 [INFO] __main__ — 봇 주가요약 제외 [디지털대성]: 1건
2026-09-30 16:14:10,912 [INFO] __main__ — 봇 주가요약 제외 [칩스앤미디어]: 2건
2026-09-30 16:14:13,478 [INFO] __main__ — 봇 주가요약 제외 [두산테스나]: 1건
2026-09-30 16:14:15,292 [INFO] __main__ — 봇 주가요약 제외 [알테오젠]: 1건
2026-09-30 16:14:18,972 [INFO] __main__ — 봇 주가요약 제외 [유니테스트]: 1건
2026-09-30 16:14:20,957 [INFO] __main__ — 봇 주가요약 제외 [켐트로닉스]: 2건
2026-09-30 16:14:21,704 [INFO] __main__ — 봇 주가요약 제외 [네패스]: 1건
2026-09-30 16:14:23,710 [INFO] __main__ — 뉴스 시점 제외 [ESR켄달스퀘어리츠]: 11건 (>14일/파싱실패)
2026-09-30 16:14:28,538 [INFO] __main__ — 봇 주가요약 제외 [신성이엔지]: 1건
2026-09-30 16:14:33,299 [INFO] __main__ — 뉴스 시점 제외 [코미팜]: 8건 (>14일/파싱실패)
2026-09-30 16:14:33,672 [INFO] __main__ — 봇 주가요약 제외 [코세스]: 1건
2026-09-30 16:14:35,400 [INFO] __main__ — 뉴스 시점 제외 [미래에셋증권2우B]: 4건 (>14일/파싱실패)
2026-09-30 16:14:37,720 [INFO] __main__ — 봇 주가요약 제외 [원익QnC]: 1건
2026-09-30 16:14:44,032 [INFO] __main__ — 봇 주가요약 제외 [해성디에스]: 1건
2026-09-30 16:14:45,167 [INFO] __main__ — 봇 주가요약 제외 [산일전기]: 2건
2026-09-30 16:14:46,029 [INFO] __main__ — 봇 주가요약 제외 [엔켐]: 1건
2026-09-30 16:14:48,105 [INFO] __main__ — 봇 주가요약 제외 [에스앤에스텍]: 2건
2026-09-30 16:14:51,448 [INFO] __main__ — 봇 주가요약 제외 [태광]: 1건
2026-09-30 16:14:52,033 [INFO] __main__ — 봇 주가요약 제외 [서울바이오시스]: 1건
2026-09-30 16:14:56,656 [INFO] __main__ — 봇 주가요약 제외 [유진테크]: 1건
2026-09-30 16:14:58,005 [INFO] __main__ — 봇 주가요약 제외 [코스모신소재]: 3건
2026-09-30 16:14:59,338 [INFO] __main__ — 뉴스 시점 제외 [디아이씨]: 5건 (>14일/파싱실패)
2026-09-30 16:15:00,267 [INFO] __main__ — 봇 주가요약 제외 [클로봇]: 1건
2026-09-30 16:15:03,049 [INFO] __main__ — 봇 주가요약 제외 [명신산업]: 1건
2026-09-30 16:15:03,405 [INFO] __main__ — 봇 주가요약 제외 [가온칩스]: 2건
2026-09-30 16:15:03,607 [INFO] __main__ — 봇 주가요약 제외 [성광벤드]: 1건
2026-09-30 16:15:05,109 [INFO] __main__ — 뉴스 시점 제외 [이지홀딩스]: 11건 (>14일/파싱실패)
2026-09-30 16:15:08,027 [INFO] __main__ — 봇 주가요약 제외 [대주전자재료]: 4건
2026-09-30 16:15:08,668 [INFO] __main__ — 봇 주가요약 제외 [펩트론]: 1건
2026-09-30 16:15:09,443 [INFO] __main__ — 봇 주가요약 제외 [GST]: 1건
2026-09-30 16:15:09,555 [INFO] __main__ — 봇 주가요약 제외 [비나텍]: 1건
2026-09-30 16:15:11,377 [INFO] __main__ — 뉴스 시점 제외 [한국알콜]: 12건 (>14일/파싱실패)
2026-09-30 16:15:12,762 [INFO] __main__ — 뉴스 시점 제외 [KB발해인프라]: 12건 (>14일/파싱실패)
2026-09-30 16:15:14,105 [INFO] __main__ — 봇 주가요약 제외 [HD현대일렉트릭]: 1건
2026-09-30 16:15:15,449 [INFO] __main__ — 봇 주가요약 제외 [파이버프로]: 1건
2026-09-30 16:15:16,781 [INFO] __main__ — 봇 주가요약 제외 [오픈엣지테크놀로지]: 1건
2026-09-30 16:15:19,201 [INFO] __main__ — 봇 주가요약 제외 [ISC]: 1건
2026-09-30 16:15:20,560 [INFO] __main__ — 뉴스 시점 제외 [슈어소프트테크]: 6건 (>14일/파싱실패)
2026-09-30 16:15:23,192 [INFO] __main__ — 봇 주가요약 제외 [피에스케이홀딩스]: 1건
2026-09-30 16:15:31,578 [INFO] __main__ — 봇 주가요약 제외 [삼영]: 1건
2026-09-30 16:15:33,184 [INFO] __main__ — 뉴스 시점 제외 [현대차2우B]: 10건 (>14일/파싱실패)
2026-09-30 16:15:35,699 [INFO] __main__ — 봇 주가요약 제외 [피엔티]: 2건
2026-09-30 16:15:44,098 [INFO] __main__ — 봇 주가요약 제외 [원익머트리얼즈]: 1건
2026-09-30 16:15:47,617 [INFO] __main__ — 뉴스 시점 제외 [아스테라시스]: 7건 (>14일/파싱실패)
2026-09-30 16:15:50,905 [INFO] __main__ — 뉴스 시점 제외 [젬백스]: 8건 (>14일/파싱실패)
2026-09-30 16:15:53,940 [INFO] __main__ — 뉴스 시점 제외 [신한알파리츠]: 11건 (>14일/파싱실패)
2026-09-30 16:15:54,609 [INFO] __main__ — 뉴스 시점 제외 [아세아제지]: 15건 (>14일/파싱실패)
2026-09-30 16:15:55,933 [INFO] __main__ — 뉴스 시점 제외 [한화리츠]: 11건 (>14일/파싱실패)
2026-09-30 16:15:58,182 [INFO] __main__ — 봇 주가요약 제외 [하나머티리얼즈]: 1건
2026-09-30 16:16:04,060 [INFO] __main__ — 뉴스 시점 제외 [신흥에스이씨]: 2건 (>14일/파싱실패)
2026-09-30 16:16:04,299 [INFO] __main__ — 부정 키워드 감지: 22개 종목 (neg_ratio > 0)
2026-09-30 16:16:04,300 [INFO] __main__ — 수급일수충족·합계음수 제외: 64개
2026-09-30 16:16:08,387 [INFO] __main__ — 뉴스 시점 제외 [삼성전기우]: 8건 (>14일/파싱실패)
2026-09-30 16:16:08,692 [INFO] __main__ — 뉴스 시점 제외 [LG전자우]: 10건 (>14일/파싱실패)
2026-09-30 16:16:11,814 [INFO] __main__ — 뉴스 시점 제외 [맵스리얼티]: 13건 (>14일/파싱실패)
2026-09-30 16:16:12,148 [INFO] __main__ — 뉴스 시점 제외 [미원에스씨]: 2건 (>14일/파싱실패)
2026-09-30 16:16:12,576 [INFO] __main__ — 뉴스 시점 제외 [미원상사]: 7건 (>14일/파싱실패)
2026-09-30 16:16:12,866 [INFO] __main__ — 뉴스 시점 제외 [한화3우B]: 14건 (>14일/파싱실패)
2026-09-30 16:16:13,232 [INFO] __main__ — 뉴스 시점 제외 [CJ4우(전환)]: 15건 (>14일/파싱실패)
2026-09-30 16:16:13,987 [INFO] __main__ — 뉴스 시점 제외 [풍산홀딩스]: 10건 (>14일/파싱실패)
2026-09-30 16:16:14,964 [INFO] __main__ — 뉴스 시점 제외 [조광피혁]: 8건 (>14일/파싱실패)
2026-09-30 16:16:15,094 [INFO] __main__ — 뉴스 시점 제외 [아모레퍼시픽우]: 13건 (>14일/파싱실패)
2026-09-30 16:16:15,742 [INFO] __main__ — 뉴스 시점 제외 [코람코라이프인프라리츠]: 6건 (>14일/파싱실패)
2026-09-30 16:16:15,809 [INFO] __main__ — 뉴스 시점 제외 [삼영무역]: 11건 (>14일/파싱실패)
2026-09-30 16:16:16,188 [INFO] __main__ — 뉴스 시점 제외 [신대양제지]: 14건 (>14일/파싱실패)
2026-09-30 16:16:16,947 [INFO] __main__ — 뉴스 시점 제외 [S-Oil우]: 13건 (>14일/파싱실패)
2026-09-30 16:16:18,654 [INFO] __main__ — 뉴스 시점 제외 [에이플러스에셋]: 1건 (>14일/파싱실패)
2026-09-30 16:16:18,911 [INFO] __main__ — 뉴스 시점 제외 [아이마켓코리아]: 5건 (>14일/파싱실패)
2026-09-30 16:16:19,628 [INFO] __main__ — 뉴스 시점 제외 [삼영전자]: 10건 (>14일/파싱실패)
2026-09-30 16:16:20,384 [INFO] __main__ — 뉴스 시점 제외 [이지스밸류플러스리츠]: 10건 (>14일/파싱실패)
2026-09-30 16:16:20,703 [INFO] __main__ — 뉴스 시점 제외 [신한서부티엔디리츠]: 10건 (>14일/파싱실패)
2026-09-30 16:16:21,575 [INFO] __main__ — 뉴스 시점 제외 [대신밸류리츠]: 14건 (>14일/파싱실패)
2026-09-30 16:16:22,310 [INFO] __main__ — 뉴스 시점 제외 [모토닉]: 13건 (>14일/파싱실패)
2026-09-30 16:16:23,637 [INFO] __main__ — 봇 주가요약 제외 [솔브레인]: 1건
2026-09-30 16:16:23,754 [INFO] __main__ — 봇 주가요약 제외 [티에스이]: 2건
2026-09-30 16:16:24,360 [INFO] __main__ — 뉴스 시점 제외 [큐리옥스바이오시스템즈]: 9건 (>14일/파싱실패)
2026-09-30 16:16:24,496 [INFO] __main__ — 봇 주가요약 제외 [솔브레인홀딩스]: 1건
2026-09-30 16:16:25,325 [INFO] __main__ — 뉴스 시점 제외 [제룡전기]: 2건 (>14일/파싱실패)
2026-09-30 16:16:26,988 [INFO] __main__ — 뉴스 시점 제외 [케이아이엔엑스]: 4건 (>14일/파싱실패)
2026-09-30 16:16:27,005 [INFO] __main__ — 봇 주가요약 제외 [타이거일렉]: 1건
2026-09-30 16:16:27,953 [INFO] __main__ — 뉴스 시점 제외 [삼지전자]: 5건 (>14일/파싱실패)
2026-09-30 16:16:30,745 [INFO] __main__ — 뉴스 시점 제외 [에이디테크놀로지]: 2건 (>14일/파싱실패)
2026-09-30 16:16:30,745 [INFO] __main__ — 봇 주가요약 제외 [에이디테크놀로지]: 1건
2026-09-30 16:16:32,398 [INFO] __main__ — 봇 주가요약 제외 [매커스]: 1건
2026-09-30 16:16:32,408 [INFO] __main__ — 뉴스 시점 제외 [골프존홀딩스]: 6건 (>14일/파싱실패)
2026-09-30 16:16:33,537 [INFO] __main__ — 뉴스 시점 제외 [한라IMS]: 7건 (>14일/파싱실패)
2026-09-30 16:16:35,349 [INFO] __main__ — 뉴스 시점 제외 [케이티알파]: 12건 (>14일/파싱실패)
2026-09-30 16:16:36,102 [INFO] __main__ — 뉴스 시점 제외 [피에이치에이]: 10건 (>14일/파싱실패)
2026-09-30 16:16:36,314 [INFO] __main__ — 봇 주가요약 제외 [대명에너지]: 1건
2026-09-30 16:16:37,774 [INFO] __main__ — 뉴스 시점 제외 [에스엔시스]: 7건 (>14일/파싱실패)
2026-09-30 16:16:39,016 [INFO] __main__ — 뉴스 시점 제외 [JTC]: 5건 (>14일/파싱실패)
2026-09-30 16:16:39,226 [INFO] __main__ — 뉴스 시점 제외 [바이넥스]: 10건 (>14일/파싱실패)
2026-09-30 16:16:39,421 [INFO] __main__ — 뉴스 시점 제외 [미래나노텍]: 4건 (>14일/파싱실패)
2026-09-30 16:16:40,084 [INFO] __main__ — POOL_A 후보 부정뉴스 2차 조회: 129개
2026-09-30 16:16:40,087 [INFO] __main__ — POOL_A: 607개 (A:144 B:266 동시:197) | 부정게이트 제외:7
  대형:94 중형:270 소형:243
2026-09-30 16:16:40,096 [INFO] __main__ — 대조군 표본(무신호): 40개 / 모집단 304개 → pool_history
2026-09-30 16:16:40,098 [INFO] __main__ —   → POOL_A: 607개
2026-09-30 16:16:40,098 [INFO] __main__ — ▶ Step 2: 하드 필터링
2026-09-30 16:16:40,099 [INFO] __main__ — 하드 필터 제거: 583개 | 과열배제 71 | 이격도상한 27 | 이격도하한 36 | MA추세 343 | RSI과열 11 | 거래대금 95
2026-09-30 16:16:40,100 [INFO] __main__ — 과열 gated 기록: 71개 → gated_tickers
2026-09-30 16:16:40,103 [INFO] __main__ — 대조군 표본(필터탈락): 194개 / 모집단 583개 → pool_history
2026-09-30 16:16:40,103 [INFO] __main__ — POOL_B: 24개 | 대형:0 중형:13 소형:11
2026-09-30 16:16:40,103 [INFO] __main__ —   → POOL_B: 24개
2026-09-30 16:16:40,104 [INFO] __main__ — ▶ Step 3: 스코어링 (FinBERT 감성 분석)
2026-09-30 16:16:40,104 [INFO] __main__ — NaverClient: 3개 키 로드 (DataLab·검색 독립 회전)
2026-09-30 16:16:40,104 [INFO] __main__ — 텍스트 신규 수집: 24종목 (캐시 적중 0종목)
2026-09-30 16:16:40,741 [INFO] __main__ — 봇 주가요약 제외 [한전기술]: 1건
2026-09-30 16:16:40,767 [INFO] __main__ — 봇 주가요약 제외 [SK이터닉스]: 5건
2026-09-30 16:16:45,657 [INFO] __main__ — 뉴스 시점 제외 [삼성전기우]: 23건 (>14일/파싱실패)
2026-09-30 16:16:45,879 [INFO] __main__ — 봇 주가요약 제외 [대원전선]: 5건
2026-09-30 16:16:45,880 [INFO] __main__ — 봇 주가요약 제외 [광전자]: 2건
2026-09-30 16:16:51,063 [INFO] __main__ — 뉴스 시점 제외 [키다리스튜디오]: 2건 (>14일/파싱실패)
2026-09-30 16:16:56,127 [INFO] __main__ — 봇 주가요약 제외 [피에스케이]: 2건
2026-09-30 16:16:56,148 [INFO] __main__ — 봇 주가요약 제외 [테스]: 2건
2026-09-30 16:17:01,487 [INFO] __main__ — 봇 주가요약 제외 [제이앤티씨]: 1건
2026-09-30 16:17:10,830 [INFO] __main__ — 봇 주가요약 제외 [삼미금속]: 6건
2026-09-30 16:17:11,678 [INFO] __main__ — 뉴스 시점 제외 [상신이디피]: 17건 (>14일/파싱실패)
2026-09-30 16:17:15,541 [INFO] __main__ — 뉴스 시점 제외 [심텍홀딩스]: 12건 (>14일/파싱실패)
2026-09-30 16:17:15,541 [INFO] __main__ — 봇 주가요약 제외 [심텍홀딩스]: 1건
2026-09-30 16:17:15,609 [INFO] __main__ — 뉴스 시점 제외 [티씨머티리얼즈]: 21건 (>14일/파싱실패)
2026-09-30 16:17:20,421 [INFO] __main__ — 기사 보존(수집): 195건 (24종목) → news_articles
2026-09-30 16:17:20,424 [INFO] __main__ — 공시 보존(수집): 30건 (24종목) → dart_filings
2026-09-30 16:17:20,424 [INFO] __main__ — 수집 완료: 뉴스 195건 | 공시 30건
2026-09-30 16:17:20,425 [INFO] __main__ — FinBERT 감성 분석 (finbert 모드)...
2026-09-30 16:17:20,425 [INFO] __main__ — FinBERT 로딩: snunlp/KR-FinBert-SC (CPU, batch=8)
2026-09-30 16:17:20,474 [INFO] httpx — HTTP Request: GET https://huggingface.co/api/agent-harnesses "HTTP/1.1 200 OK"
2026-09-30 16:17:20,493 [INFO] httpx — HTTP Request: HEAD https://huggingface.co/snunlp/KR-FinBert-SC/resolve/main/config.json "HTTP/1.1 307 Temporary Redirect"
2026-09-30 16:17:20,499 [INFO] httpx — HTTP Request: HEAD https://huggingface.co/api/resolve-cache/models/snunlp/KR-FinBert-SC/f8586286cc3161fb648e9fee09a456069fd846d0/config.json?%2Fsnunlp%2FKR-FinBert-SC%2Fresolve%2Fmain%2Fconfig.json=&etag=%22bd00b2460e394f69e29e6438699e074cbac9584e%22 "HTTP/1.1 200 OK"
2026-09-30 16:17:20,536 [INFO] httpx — HTTP Request: HEAD https://huggingface.co/snunlp/KR-FinBert-SC/resolve/main/model.safetensors "HTTP/1.1 404 Not Found"
2026-09-30 16:17:20,555 [INFO] httpx — HTTP Request: GET https://huggingface.co/api/models/snunlp/KR-FinBert-SC "HTTP/1.1 200 OK"
2026-09-30 16:17:20,590 [INFO] httpx — HTTP Request: GET https://huggingface.co/api/models/snunlp/KR-FinBert-SC/commits/main "HTTP/1.1 200 OK"
2026-09-30 16:17:20,622 [INFO] httpx — HTTP Request: GET https://huggingface.co/api/models/snunlp/KR-FinBert-SC/discussions?p=0 "HTTP/1.1 200 OK"
2026-09-30 16:17:20,671 [INFO] httpx — HTTP Request: GET https://huggingface.co/api/models/snunlp/KR-FinBert-SC/commits/refs%2Fpr%2F3 "HTTP/1.1 200 OK"
2026-09-30 16:17:20,691 [INFO] httpx — HTTP Request: HEAD https://huggingface.co/snunlp/KR-FinBert-SC/resolve/refs%2Fpr%2F3/model.safetensors.index.json "HTTP/1.1 404 Not Found"
2026-09-30 16:17:20,691 [WARNING] huggingface_hub.utils._http — Warning: You are sending unauthenticated requests to the HF Hub. Please set a HF_TOKEN to enable higher rate limits and faster downloads.
2026-09-30 16:17:20,710 [INFO] httpx — HTTP Request: GET https://huggingface.co/api/models/snunlp/KR-FinBert-SC/tree/main/additional_chat_templates?recursive=false&expand=false "HTTP/1.1 404 Not Found"
2026-09-30 16:17:20,711 [INFO] httpx — HTTP Request: HEAD https://huggingface.co/snunlp/KR-FinBert-SC/resolve/refs%2Fpr%2F3/model.safetensors "HTTP/1.1 302 Found"
2026-09-30 16:17:20,730 [INFO] httpx — HTTP Request: GET https://huggingface.co/api/models/snunlp/KR-FinBert-SC/tree/main?recursive=true&expand=false "HTTP/1.1 200 OK"
2026-09-30 16:17:20,761 [INFO] httpx — HTTP Request: HEAD https://huggingface.co/snunlp/KR-FinBert-SC/resolve/main/processor_config.json "HTTP/1.1 404 Not Found"
2026-09-30 16:17:20,780 [INFO] httpx — HTTP Request: HEAD https://huggingface.co/snunlp/KR-FinBert-SC/resolve/main/video_preprocessor_config.json "HTTP/1.1 404 Not Found"
2026-09-30 16:17:20,797 [INFO] httpx — HTTP Request: HEAD https://huggingface.co/snunlp/KR-FinBert-SC/resolve/main/preprocessor_config.json "HTTP/1.1 404 Not Found"
2026-09-30 16:17:20,798 [INFO] __main__ — FinBERT 로드 완료 (CPU)
2026-09-30 16:17:46,418 [INFO] __main__ — Phase A.1: 매핑 신뢰도 < 0.5 → 감성 점수 폐기 18건
2026-09-30 16:17:46,418 [INFO] __main__ — [shadow] 필드별 검사 기준 폐기 2/24종목 (집행 18건 — 변동 없음)
2026-09-30 16:17:46,418 [INFO] __main__ — 스코어링: 24개 | 집중:0 | FinBERT:finbert
2026-09-30 16:17:46,436 [INFO] __main__ —   → 24개
2026-09-30 16:17:46,436 [INFO] __main__ — ▶ Step 4: 발송
2026-09-30 16:17:51,116 [INFO] __main__ — DB 기록: 18개 / 전체 to_send 18개
2026-09-30 16:17:51,116 [INFO] __main__ — 발송: 18종목 | 누적 4~10회 6 | 신규 3
2026-09-30 16:17:51,116 [INFO] __main__ — 완료  |  소요: 810.4초
2026-09-30 16:17:52,221 [INFO] track_outcomes — pool_history 대조군 10472건 추적 대상 포함
2026-09-30 16:17:52,297 [INFO] track_outcomes — 고아 행 143건 복원 (targets에서 탈락한 미완 키)
2026-09-30 16:17:52,297 [INFO] track_outcomes — 대상 20609건 | 갱신 필요 8821건 | 완료 스킵 11931건
2026-09-30 16:17:52,299 [INFO] track_outcomes —   가격 조회 고유 종목 947개 (기존 338 + 대조군 추가 609)
2026-09-30 16:38:00,066 [INFO] track_outcomes — outcomes 적재: 신규 329건 | 갱신(신규+보완) 1500건
