2026-07-02 11:55:40,966 [INFO] __main__ — config 검증 완료 ✓
2026-07-02 11:55:40,966 [INFO] __main__ — ============================================================
2026-07-02 11:55:40,966 [INFO] __main__ — AlphaRadar v3.3.1  |  기준일: 20260702
2026-07-02 11:55:40,966 [INFO] __main__ — S = T×0.3 + S_text×0.4 + D×0.3
2026-07-02 11:55:40,966 [INFO] __main__ — ============================================================
2026-07-02 11:55:40,966 [INFO] __main__ — ▶ Step 0: 유니버스 필터링
2026-07-02 11:55:41,135 [INFO] __main__ — FDR 데이터 수집: 20251227 ~ 20260702
2026-07-02 11:55:42,783 [INFO] __main__ — KOSPI: 945개 | 섹터정보 835개 (DART +835개 보완)
2026-07-02 11:55:42,784 [INFO] __main__ — KOSDAQ: 1821개 | 섹터정보 1821개
2026-07-02 11:55:42,784 [INFO] __main__ — 전체: 2766개
2026-07-02 11:55:45,258 [INFO] __main__ — KIS 토큰 발급 완료
2026-07-02 12:11:47,179 [INFO] __main__ — DART corp_code 매핑: 2162/2214개 (97%)
2026-07-02 12:11:47,179 [INFO] __main__ — 유효 유니버스: 2214개
2026-07-02 12:11:47,189 [INFO] __main__ —   → 2214개
2026-07-02 12:11:47,189 [INFO] __main__ — ▶ Step 1: 신호 탐지
2026-07-02 12:11:47,189 [INFO] __main__ — NaverClient: 3개 키 로드 (DataLab·검색 독립 회전)
2026-07-02 12:11:47,189 [INFO] __main__ — 관심 지수 및 부정 뉴스 비율 조회 중...
2026-07-02 12:15:55,401 [INFO] __main__ — 부정 키워드 감지: 42개 종목 (neg_ratio > 0)
2026-07-02 12:15:55,406 [INFO] __main__ — POOL_A: 1224개 (A:837 B:190 동시:197)
  대형:88 중형:230 소형:906
2026-07-02 12:15:55,415 [INFO] __main__ —   → POOL_A: 1224개
2026-07-02 12:15:55,415 [INFO] __main__ — ▶ Step 2: 하드 필터링
2026-07-02 12:15:55,416 [INFO] __main__ — 하드 필터 제거: 1185개 | 이격도상한 40 | 이격도하한 485 | MA추세 595 | RSI과열 3 | 거래대금 62
2026-07-02 12:15:55,416 [INFO] __main__ — POOL_B: 39개 | 대형:4 중형:15 소형:20
2026-07-02 12:15:55,416 [INFO] __main__ —   → POOL_B: 39개
2026-07-02 12:15:55,416 [INFO] __main__ — ▶ Step 3: 스코어링 (FinBERT 감성 분석)
2026-07-02 12:15:55,416 [INFO] __main__ — NaverClient: 3개 키 로드 (DataLab·검색 독립 회전)
2026-07-02 12:15:55,417 [INFO] __main__ — 텍스트 신규 수집: 39종목 (캐시 적중 0종목)
2026-07-02 12:17:02,841 [INFO] __main__ — 수집 완료: 뉴스 337건 | 공시 243건
2026-07-02 12:17:02,841 [INFO] __main__ — FinBERT 감성 분석 (finbert 모드)...
2026-07-02 12:17:02,841 [INFO] __main__ — FinBERT 로딩: snunlp/KR-FinBert-SC (CPU, batch=8)
2026-07-02 12:17:02,914 [INFO] httpx — HTTP Request: GET https://huggingface.co/api/agent-harnesses "HTTP/1.1 200 OK"
2026-07-02 12:17:02,935 [INFO] httpx — HTTP Request: HEAD https://huggingface.co/snunlp/KR-FinBert-SC/resolve/main/config.json "HTTP/1.1 307 Temporary Redirect"
2026-07-02 12:17:02,941 [INFO] httpx — HTTP Request: HEAD https://huggingface.co/api/resolve-cache/models/snunlp/KR-FinBert-SC/f8586286cc3161fb648e9fee09a456069fd846d0/config.json "HTTP/1.1 200 OK"
2026-07-02 12:17:02,978 [INFO] httpx — HTTP Request: HEAD https://huggingface.co/snunlp/KR-FinBert-SC/resolve/main/model.safetensors "HTTP/1.1 404 Not Found"
2026-07-02 12:17:02,978 [WARNING] huggingface_hub.utils._http — Warning: You are sending unauthenticated requests to the HF Hub. Please set a HF_TOKEN to enable higher rate limits and faster downloads.
2026-07-02 12:17:02,997 [INFO] httpx — HTTP Request: GET https://huggingface.co/api/models/snunlp/KR-FinBert-SC "HTTP/1.1 200 OK"
2026-07-02 12:17:03,033 [INFO] httpx — HTTP Request: GET https://huggingface.co/api/models/snunlp/KR-FinBert-SC/commits/main "HTTP/1.1 200 OK"
2026-07-02 12:17:03,064 [INFO] httpx — HTTP Request: GET https://huggingface.co/api/models/snunlp/KR-FinBert-SC/discussions?p=0 "HTTP/1.1 200 OK"
2026-07-02 12:17:03,113 [INFO] httpx — HTTP Request: GET https://huggingface.co/api/models/snunlp/KR-FinBert-SC/commits/refs%2Fpr%2F3 "HTTP/1.1 200 OK"
2026-07-02 12:17:03,136 [INFO] httpx — HTTP Request: HEAD https://huggingface.co/snunlp/KR-FinBert-SC/resolve/refs%2Fpr%2F3/model.safetensors.index.json "HTTP/1.1 404 Not Found"
2026-07-02 12:17:03,147 [INFO] httpx — HTTP Request: GET https://huggingface.co/api/models/snunlp/KR-FinBert-SC/tree/main/additional_chat_templates?recursive=false&expand=false "HTTP/1.1 404 Not Found"
2026-07-02 12:17:03,157 [INFO] httpx — HTTP Request: HEAD https://huggingface.co/snunlp/KR-FinBert-SC/resolve/refs%2Fpr%2F3/model.safetensors "HTTP/1.1 302 Found"
2026-07-02 12:17:03,167 [INFO] httpx — HTTP Request: GET https://huggingface.co/api/models/snunlp/KR-FinBert-SC/tree/main?recursive=true&expand=false "HTTP/1.1 200 OK"
2026-07-02 12:17:03,206 [INFO] httpx — HTTP Request: HEAD https://huggingface.co/snunlp/KR-FinBert-SC/resolve/main/processor_config.json "HTTP/1.1 404 Not Found"
2026-07-02 12:17:03,224 [INFO] httpx — HTTP Request: HEAD https://huggingface.co/snunlp/KR-FinBert-SC/resolve/main/video_preprocessor_config.json "HTTP/1.1 404 Not Found"
2026-07-02 12:17:03,242 [INFO] httpx — HTTP Request: HEAD https://huggingface.co/snunlp/KR-FinBert-SC/resolve/main/preprocessor_config.json "HTTP/1.1 404 Not Found"
2026-07-02 12:17:03,243 [INFO] __main__ — FinBERT 로드 완료 (CPU)
2026-07-02 12:17:25,444 [INFO] __main__ — Phase A.1: 매핑 신뢰도 < 0.5 → 감성 점수 폐기 27건
2026-07-02 12:17:25,444 [INFO] __main__ — 스코어링: 39개 | 집중:0 | FinBERT:finbert
2026-07-02 12:17:25,461 [INFO] __main__ —   → 39개
2026-07-02 12:17:25,461 [INFO] __main__ — ▶ Step 4: 발송
2026-07-02 12:17:28,404 [WARNING] __main__ — 텔레그램 발송 실패 그룹 → mark_sent skip 8개 (다음 실행 시 재발송 대상)
2026-07-02 12:17:28,404 [INFO] __main__ — DB 기록: 0개 / 전체 to_send 8개
2026-07-02 12:17:28,404 [INFO] __main__ — 발송: 집중 0 / 주시 0
2026-07-02 12:17:28,404 [INFO] __main__ — 완료  |  소요: 1307.4초
