2026-07-28 11:38:15,131 [INFO] __main__ — config 검증 완료 ✓
2026-07-28 11:38:15,131 [INFO] __main__ — ============================================================
2026-07-28 11:38:15,131 [INFO] __main__ — AlphaRadar v3.3.1  |  기준일: 20260728
2026-07-28 11:38:15,131 [INFO] __main__ — S = T×0.3 + S_text×0.4 + D×0.3
2026-07-28 11:38:15,131 [INFO] __main__ — ============================================================
2026-07-28 11:38:15,132 [INFO] __main__ — ▶ Step 0: 유니버스 필터링
2026-07-28 11:38:15,288 [INFO] __main__ — FDR 데이터 수집: 20260122 ~ 20260728
2026-07-28 11:38:17,215 [INFO] __main__ — KOSPI: 943개 | 섹터정보 833개 (DART +833개 보완)
2026-07-28 11:38:17,216 [INFO] __main__ — KOSDAQ: 1821개 | 섹터정보 1821개
2026-07-28 11:38:17,216 [INFO] __main__ — 전체: 2764개
2026-07-28 11:38:19,627 [INFO] __main__ — KIS 토큰 발급 완료
2026-07-28 11:53:52,420 [INFO] __main__ — DART corp_code 매핑: 2131/2186개 (97%)
2026-07-28 11:53:52,420 [INFO] __main__ — 유효 유니버스: 2186개
2026-07-28 11:53:52,431 [INFO] __main__ —   → 2186개
2026-07-28 11:53:52,431 [INFO] __main__ — ▶ Step 1: 신호 탐지
2026-07-28 11:53:52,431 [INFO] __main__ — NaverClient: 3개 키 로드 (DataLab·검색 독립 회전)
2026-07-28 11:53:52,431 [INFO] __main__ — 관심 지수 및 부정 뉴스 비율 조회 중...
2026-07-28 11:54:43,606 [INFO] __main__ — 뉴스 시점 제외 [삼영엠텍]: 6건 (>14일/파싱실패)
2026-07-28 11:54:48,801 [INFO] __main__ — 뉴스 시점 제외 [KX하이텍]: 10건 (>14일/파싱실패)
2026-07-28 11:54:50,763 [INFO] __main__ — 뉴스 시점 제외 [맥쿼리인프라]: 12건 (>14일/파싱실패)
2026-07-28 11:54:52,933 [INFO] __main__ — 뉴스 시점 제외 [남선알미늄]: 7건 (>14일/파싱실패)
2026-07-28 11:54:54,922 [INFO] __main__ — 뉴스 시점 제외 [GRT]: 7건 (>14일/파싱실패)
2026-07-28 11:54:58,460 [INFO] __main__ — 뉴스 시점 제외 [에이팩트]: 3건 (>14일/파싱실패)
2026-07-28 11:55:05,509 [INFO] __main__ — 뉴스 시점 제외 [에코플라스틱]: 1건 (>14일/파싱실패)
2026-07-28 11:55:14,400 [INFO] __main__ — 뉴스 시점 제외 [한성크린텍]: 13건 (>14일/파싱실패)
2026-07-28 11:55:17,727 [INFO] __main__ — 뉴스 시점 제외 [하이드로리튬]: 13건 (>14일/파싱실패)
2026-07-28 11:55:19,575 [INFO] __main__ — 뉴스 시점 제외 [태양금속]: 12건 (>14일/파싱실패)
2026-07-28 11:55:24,682 [INFO] __main__ — 뉴스 시점 제외 [이수화학]: 9건 (>14일/파싱실패)
2026-07-28 11:55:33,105 [INFO] __main__ — 뉴스 시점 제외 [HB테크놀러지]: 10건 (>14일/파싱실패)
2026-07-28 11:55:34,491 [INFO] __main__ — 뉴스 시점 제외 [로보로보]: 10건 (>14일/파싱실패)
2026-07-28 11:55:35,040 [INFO] __main__ — 뉴스 시점 제외 [삼기에너지솔루션즈]: 10건 (>14일/파싱실패)
2026-07-28 11:55:35,865 [INFO] __main__ — 뉴스 시점 제외 [아리바이오홀딩스]: 6건 (>14일/파싱실패)
2026-07-28 11:55:41,554 [INFO] __main__ — 뉴스 시점 제외 [LS머트리얼즈]: 10건 (>14일/파싱실패)
2026-07-28 11:55:42,641 [INFO] __main__ — 뉴스 시점 제외 [세미티에스]: 11건 (>14일/파싱실패)
2026-07-28 11:55:44,249 [INFO] __main__ — 뉴스 시점 제외 [글로벌텍스프리]: 7건 (>14일/파싱실패)
2026-07-28 11:55:53,652 [INFO] __main__ — 뉴스 시점 제외 [엘브이엠씨홀딩스]: 14건 (>14일/파싱실패)
2026-07-28 11:55:54,307 [INFO] __main__ — 뉴스 시점 제외 [빅텍]: 2건 (>14일/파싱실패)
2026-07-28 11:55:55,688 [INFO] __main__ — 뉴스 시점 제외 [한국팩키지]: 2건 (>14일/파싱실패)
2026-07-28 11:55:59,766 [INFO] __main__ — 뉴스 시점 제외 [한일철강]: 7건 (>14일/파싱실패)
2026-07-28 11:55:59,972 [INFO] __main__ — 뉴스 시점 제외 [티씨머티리얼즈]: 12건 (>14일/파싱실패)
2026-07-28 11:56:08,938 [INFO] __main__ — 뉴스 시점 제외 [대영포장]: 12건 (>14일/파싱실패)
2026-07-28 11:56:11,977 [INFO] __main__ — 뉴스 시점 제외 [한국특강]: 5건 (>14일/파싱실패)
2026-07-28 11:56:13,175 [INFO] __main__ — 뉴스 시점 제외 [중앙첨단소재]: 12건 (>14일/파싱실패)
2026-07-28 11:56:16,294 [INFO] __main__ — 뉴스 시점 제외 [대아티아이]: 11건 (>14일/파싱실패)
2026-07-28 11:56:17,672 [INFO] __main__ — 뉴스 시점 제외 [성문전자]: 11건 (>14일/파싱실패)
2026-07-28 11:56:22,540 [INFO] __main__ — 뉴스 시점 제외 [한일단조]: 11건 (>14일/파싱실패)
2026-07-28 11:56:31,082 [INFO] __main__ — 뉴스 시점 제외 [우리기술투자]: 11건 (>14일/파싱실패)
2026-07-28 11:56:37,093 [INFO] __main__ — 뉴스 시점 제외 [에이치엠넥스]: 9건 (>14일/파싱실패)
2026-07-28 11:56:40,734 [INFO] __main__ — 뉴스 시점 제외 [위지트]: 6건 (>14일/파싱실패)
2026-07-28 11:56:40,779 [INFO] __main__ — 뉴스 시점 제외 [서부T&D]: 9건 (>14일/파싱실패)
2026-07-28 11:56:41,156 [INFO] __main__ — 뉴스 시점 제외 [갤럭시아에스엠]: 14건 (>14일/파싱실패)
2026-07-28 11:56:43,852 [INFO] __main__ — 뉴스 시점 제외 [디케이티]: 3건 (>14일/파싱실패)
2026-07-28 11:56:47,506 [INFO] __main__ — 뉴스 시점 제외 [셀바스헬스케어]: 9건 (>14일/파싱실패)
2026-07-28 11:56:47,946 [INFO] __main__ — 뉴스 시점 제외 [일신석재]: 12건 (>14일/파싱실패)
2026-07-28 11:56:53,347 [INFO] __main__ — 뉴스 시점 제외 [한울소재과학]: 7건 (>14일/파싱실패)
2026-07-28 11:56:57,393 [INFO] __main__ — 뉴스 시점 제외 [엑스큐어]: 10건 (>14일/파싱실패)
2026-07-28 11:56:57,492 [INFO] __main__ — 뉴스 시점 제외 [알루코]: 5건 (>14일/파싱실패)
2026-07-28 11:57:00,187 [INFO] __main__ — 뉴스 시점 제외 [HB솔루션]: 8건 (>14일/파싱실패)
2026-07-28 11:57:05,531 [INFO] __main__ — 뉴스 시점 제외 [에이티넘인베스트]: 14건 (>14일/파싱실패)
2026-07-28 11:57:09,684 [INFO] __main__ — 뉴스 시점 제외 [레이저쎌]: 3건 (>14일/파싱실패)
2026-07-28 11:57:12,417 [INFO] __main__ — 뉴스 시점 제외 [비투엔]: 14건 (>14일/파싱실패)
2026-07-28 11:57:13,761 [INFO] __main__ — 뉴스 시점 제외 [에코프로머티]: 4건 (>14일/파싱실패)
2026-07-28 11:57:15,162 [INFO] __main__ — 뉴스 시점 제외 [동양파일]: 6건 (>14일/파싱실패)
2026-07-28 11:57:21,379 [INFO] __main__ — 뉴스 시점 제외 [미래에셋증권2우B]: 3건 (>14일/파싱실패)
2026-07-28 11:57:23,145 [INFO] __main__ — 뉴스 시점 제외 [부국철강]: 10건 (>14일/파싱실패)
2026-07-28 11:57:24,878 [INFO] __main__ — 뉴스 시점 제외 [디와이에이]: 12건 (>14일/파싱실패)
2026-07-28 11:57:25,630 [INFO] __main__ — 뉴스 시점 제외 [신화프리텍]: 10건 (>14일/파싱실패)
2026-07-28 11:57:29,736 [INFO] __main__ — 뉴스 시점 제외 [진양산업]: 9건 (>14일/파싱실패)
2026-07-28 11:57:34,932 [INFO] __main__ — 뉴스 시점 제외 [HS애드]: 2건 (>14일/파싱실패)
2026-07-28 11:57:38,235 [INFO] __main__ — 뉴스 시점 제외 [원익피앤이]: 4건 (>14일/파싱실패)
2026-07-28 11:57:41,407 [INFO] __main__ — 뉴스 시점 제외 [나우IB]: 7건 (>14일/파싱실패)
2026-07-28 11:57:41,725 [INFO] __main__ — 뉴스 시점 제외 [포스코스틸리온]: 4건 (>14일/파싱실패)
2026-07-28 11:57:43,059 [INFO] __main__ — 뉴스 시점 제외 [옵트론텍]: 10건 (>14일/파싱실패)
2026-07-28 11:57:45,520 [INFO] __main__ — 뉴스 시점 제외 [네오셈]: 8건 (>14일/파싱실패)
2026-07-28 11:57:46,766 [INFO] __main__ — 뉴스 시점 제외 [지앤비에스 에코]: 3건 (>14일/파싱실패)
2026-07-28 11:57:49,625 [INFO] __main__ — 뉴스 시점 제외 [YG PLUS]: 10건 (>14일/파싱실패)
2026-07-28 11:57:53,189 [INFO] __main__ — 부정 키워드 감지: 26개 종목 (neg_ratio > 0)
2026-07-28 11:57:53,193 [INFO] __main__ — 수급일수충족·합계음수 제외: 116개
2026-07-28 11:58:04,647 [INFO] __main__ — 뉴스 시점 제외 [DN오토모티브]: 4건 (>14일/파싱실패)
2026-07-28 11:58:06,322 [INFO] __main__ — 뉴스 시점 제외 [두산우]: 15건 (>14일/파싱실패)
2026-07-28 11:58:08,766 [INFO] __main__ — 뉴스 시점 제외 [삼성화재우]: 15건 (>14일/파싱실패)
2026-07-28 11:58:10,239 [INFO] __main__ — 뉴스 시점 제외 [쿠쿠홀딩스]: 9건 (>14일/파싱실패)
2026-07-28 11:58:12,642 [INFO] __main__ — 뉴스 시점 제외 [GS피앤엘]: 9건 (>14일/파싱실패)
2026-07-28 11:58:14,362 [INFO] __main__ — 뉴스 시점 제외 [한국쉘석유]: 11건 (>14일/파싱실패)
2026-07-28 11:58:16,567 [INFO] __main__ — 뉴스 시점 제외 [맵스리얼티]: 15건 (>14일/파싱실패)
2026-07-28 11:58:17,151 [INFO] __main__ — 뉴스 시점 제외 [한일홀딩스]: 10건 (>14일/파싱실패)
2026-07-28 11:58:17,161 [INFO] __main__ — 뉴스 시점 제외 [CJ4우(전환)]: 15건 (>14일/파싱실패)
2026-07-28 11:58:18,858 [INFO] __main__ — 뉴스 시점 제외 [풍산홀딩스]: 5건 (>14일/파싱실패)
2026-07-28 11:58:20,346 [INFO] __main__ — 뉴스 시점 제외 [삼영무역]: 10건 (>14일/파싱실패)
2026-07-28 11:58:20,820 [INFO] __main__ — 뉴스 시점 제외 [아모레퍼시픽우]: 13건 (>14일/파싱실패)
2026-07-28 11:58:21,093 [INFO] __main__ — 뉴스 시점 제외 [신대양제지]: 14건 (>14일/파싱실패)
2026-07-28 11:58:21,555 [INFO] __main__ — 뉴스 시점 제외 [농심홀딩스]: 4건 (>14일/파싱실패)
2026-07-28 11:58:22,290 [INFO] __main__ — 뉴스 시점 제외 [신도리코]: 5건 (>14일/파싱실패)
2026-07-28 11:58:22,585 [INFO] __main__ — 뉴스 시점 제외 [INVENI]: 10건 (>14일/파싱실패)
2026-07-28 11:58:23,324 [INFO] __main__ — 뉴스 시점 제외 [KISCO홀딩스]: 4건 (>14일/파싱실패)
2026-07-28 11:58:24,080 [INFO] __main__ — 뉴스 시점 제외 [KPX홀딩스]: 12건 (>14일/파싱실패)
2026-07-28 11:58:25,729 [INFO] __main__ — 뉴스 시점 제외 [현대퓨처넷]: 11건 (>14일/파싱실패)
2026-07-28 11:58:26,446 [INFO] __main__ — 뉴스 시점 제외 [현대코퍼레이션]: 5건 (>14일/파싱실패)
2026-07-28 11:58:26,463 [INFO] __main__ — 뉴스 시점 제외 [송원산업]: 8건 (>14일/파싱실패)
2026-07-28 11:58:27,184 [INFO] __main__ — 뉴스 시점 제외 [아세아제지]: 6건 (>14일/파싱실패)
2026-07-28 11:58:27,927 [INFO] __main__ — 뉴스 시점 제외 [JW홀딩스]: 8건 (>14일/파싱실패)
2026-07-28 11:58:28,206 [INFO] __main__ — 뉴스 시점 제외 [삼성물산우B]: 15건 (>14일/파싱실패)
2026-07-28 11:58:29,413 [INFO] __main__ — 뉴스 시점 제외 [S-Oil우]: 14건 (>14일/파싱실패)
2026-07-28 11:58:30,929 [INFO] __main__ — 뉴스 시점 제외 [미창석유]: 10건 (>14일/파싱실패)
2026-07-28 11:58:31,152 [INFO] __main__ — 뉴스 시점 제외 [아이마켓코리아]: 14건 (>14일/파싱실패)
2026-07-28 11:58:33,126 [INFO] __main__ — 뉴스 시점 제외 [CR홀딩스]: 13건 (>14일/파싱실패)
2026-07-28 11:58:33,369 [INFO] __main__ — 뉴스 시점 제외 [모토닉]: 13건 (>14일/파싱실패)
2026-07-28 11:58:34,106 [INFO] __main__ — 뉴스 시점 제외 [LG생활건강우]: 15건 (>14일/파싱실패)
2026-07-28 11:58:34,575 [INFO] __main__ — 뉴스 시점 제외 [잇츠한불]: 4건 (>14일/파싱실패)
2026-07-28 11:58:35,309 [INFO] __main__ — 뉴스 시점 제외 [하이트진로홀딩스]: 11건 (>14일/파싱실패)
2026-07-28 11:58:36,802 [INFO] __main__ — 뉴스 시점 제외 [동성케미컬]: 6건 (>14일/파싱실패)
2026-07-28 11:58:37,068 [INFO] __main__ — 뉴스 시점 제외 [JW생명과학]: 7건 (>14일/파싱실패)
2026-07-28 11:58:37,791 [INFO] __main__ — 뉴스 시점 제외 [NH올원리츠]: 7건 (>14일/파싱실패)
2026-07-28 11:58:38,250 [INFO] __main__ — 뉴스 시점 제외 [사조씨푸드]: 8건 (>14일/파싱실패)
2026-07-28 11:58:38,281 [INFO] __main__ — 뉴스 시점 제외 [해태제과식품]: 10건 (>14일/파싱실패)
2026-07-28 11:58:39,021 [INFO] __main__ — 뉴스 시점 제외 [유수홀딩스]: 7건 (>14일/파싱실패)
2026-07-28 11:58:39,728 [INFO] __main__ — 뉴스 시점 제외 [신라교역]: 10건 (>14일/파싱실패)
2026-07-28 11:58:39,758 [INFO] __main__ — 뉴스 시점 제외 [금호석유화학우]: 15건 (>14일/파싱실패)
2026-07-28 11:58:40,490 [INFO] __main__ — 뉴스 시점 제외 [삼양패키징]: 10건 (>14일/파싱실패)
2026-07-28 11:58:41,214 [INFO] __main__ — 뉴스 시점 제외 [화승코퍼레이션]: 5건 (>14일/파싱실패)
2026-07-28 11:58:41,451 [INFO] __main__ — 뉴스 시점 제외 [이지스레지던스리츠]: 11건 (>14일/파싱실패)
2026-07-28 11:58:42,185 [INFO] __main__ — 뉴스 시점 제외 [인천도시가스]: 9건 (>14일/파싱실패)
2026-07-28 11:58:42,735 [INFO] __main__ — 뉴스 시점 제외 [제일파마홀딩스]: 10건 (>14일/파싱실패)
2026-07-28 11:58:43,477 [INFO] __main__ — 뉴스 시점 제외 [현대코퍼레이션홀딩스]: 13건 (>14일/파싱실패)
2026-07-28 11:58:43,669 [INFO] __main__ — 뉴스 시점 제외 [그린케미칼]: 7건 (>14일/파싱실패)
2026-07-28 11:58:44,162 [INFO] __main__ — 뉴스 시점 제외 [경동인베스트]: 12건 (>14일/파싱실패)
2026-07-28 11:58:44,943 [INFO] __main__ — 뉴스 시점 제외 [한국무브넥스]: 13건 (>14일/파싱실패)
2026-07-28 11:58:45,152 [INFO] __main__ — 뉴스 시점 제외 [GS우]: 15건 (>14일/파싱실패)
2026-07-28 11:58:45,884 [INFO] __main__ — 뉴스 시점 제외 [황금에스티]: 11건 (>14일/파싱실패)
2026-07-28 11:58:46,623 [INFO] __main__ — 뉴스 시점 제외 [삼원강재]: 13건 (>14일/파싱실패)
2026-07-28 11:58:47,173 [INFO] __main__ — 뉴스 시점 제외 [티와이홀딩스]: 10건 (>14일/파싱실패)
2026-07-28 11:58:47,177 [INFO] __main__ — 뉴스 시점 제외 [DRB동일]: 4건 (>14일/파싱실패)
2026-07-28 11:58:47,370 [INFO] __main__ — 뉴스 시점 제외 [아주스틸]: 8건 (>14일/파싱실패)
2026-07-28 11:58:48,104 [INFO] __main__ — 뉴스 시점 제외 [DL이앤씨2우(전환)]: 15건 (>14일/파싱실패)
2026-07-28 11:58:48,123 [INFO] __main__ — 뉴스 시점 제외 [사조오양]: 11건 (>14일/파싱실패)
2026-07-28 11:58:48,133 [INFO] __main__ — 뉴스 시점 제외 [한솔로지스틱스]: 3건 (>14일/파싱실패)
2026-07-28 11:58:48,849 [INFO] __main__ — 뉴스 시점 제외 [동방아그로]: 13건 (>14일/파싱실패)
2026-07-28 11:58:49,992 [INFO] __main__ — 뉴스 시점 제외 [CS홀딩스]: 15건 (>14일/파싱실패)
2026-07-28 11:58:49,997 [INFO] __main__ — 뉴스 시점 제외 [성창기업지주]: 9건 (>14일/파싱실패)
2026-07-28 11:58:50,741 [INFO] __main__ — 뉴스 시점 제외 [유한양행우]: 10건 (>14일/파싱실패)
2026-07-28 11:58:51,467 [INFO] __main__ — 뉴스 시점 제외 [일동홀딩스]: 11건 (>14일/파싱실패)
2026-07-28 11:58:52,390 [INFO] __main__ — 뉴스 시점 제외 [삼정펄프]: 14건 (>14일/파싱실패)
2026-07-28 11:58:53,493 [INFO] __main__ — 뉴스 시점 제외 [동양고속]: 11건 (>14일/파싱실패)
2026-07-28 11:58:53,503 [INFO] __main__ — 뉴스 시점 제외 [페이퍼코리아]: 9건 (>14일/파싱실패)
2026-07-28 11:58:53,508 [INFO] __main__ — 뉴스 시점 제외 [코오롱인더우]: 14건 (>14일/파싱실패)
2026-07-28 11:58:54,249 [INFO] __main__ — 뉴스 시점 제외 [호전실업]: 10건 (>14일/파싱실패)
2026-07-28 11:58:54,988 [INFO] __main__ — 뉴스 시점 제외 [보락]: 1건 (>14일/파싱실패)
2026-07-28 11:58:54,994 [INFO] __main__ — 뉴스 시점 제외 [써니전자]: 15건 (>14일/파싱실패)
2026-07-28 11:58:55,744 [INFO] __main__ — 뉴스 시점 제외 [SJM홀딩스]: 13건 (>14일/파싱실패)
2026-07-28 11:58:55,956 [INFO] __main__ — 뉴스 시점 제외 [유안타증권우]: 15건 (>14일/파싱실패)
2026-07-28 11:58:57,197 [INFO] __main__ — 뉴스 시점 제외 [SK케미칼우]: 15건 (>14일/파싱실패)
2026-07-28 11:58:57,432 [INFO] __main__ — 뉴스 시점 제외 [조광페인트]: 1건 (>14일/파싱실패)
2026-07-28 11:58:57,645 [INFO] __main__ — 뉴스 시점 제외 [DYP]: 15건 (>14일/파싱실패)
2026-07-28 11:58:57,934 [INFO] __main__ — 뉴스 시점 제외 [대덕전자1우]: 15건 (>14일/파싱실패)
2026-07-28 11:58:58,378 [INFO] __main__ — 뉴스 시점 제외 [유니온머티리얼]: 8건 (>14일/파싱실패)
2026-07-28 11:58:58,860 [INFO] __main__ — 뉴스 시점 제외 [케이탑리츠]: 10건 (>14일/파싱실패)
2026-07-28 11:58:59,284 [INFO] __main__ — 뉴스 시점 제외 [한창제지]: 10건 (>14일/파싱실패)
2026-07-28 11:58:59,595 [INFO] __main__ — 뉴스 시점 제외 [DL우]: 15건 (>14일/파싱실패)
2026-07-28 11:59:00,997 [INFO] __main__ — 뉴스 시점 제외 [세방우]: 15건 (>14일/파싱실패)
2026-07-28 11:59:01,743 [INFO] __main__ — 뉴스 시점 제외 [WISCOM]: 7건 (>14일/파싱실패)
2026-07-28 11:59:06,752 [INFO] __main__ — 뉴스 시점 제외 [다우데이타]: 1건 (>14일/파싱실패)
2026-07-28 11:59:09,911 [INFO] __main__ — 뉴스 시점 제외 [아이쓰리시스템]: 2건 (>14일/파싱실패)
2026-07-28 11:59:14,004 [INFO] __main__ — 뉴스 시점 제외 [넥스트바이오메디컬]: 4건 (>14일/파싱실패)
2026-07-28 11:59:16,493 [INFO] __main__ — 뉴스 시점 제외 [바이오다인]: 6건 (>14일/파싱실패)
2026-07-28 11:59:17,724 [INFO] __main__ — 뉴스 시점 제외 [폰드그룹]: 8건 (>14일/파싱실패)
2026-07-28 11:59:18,708 [INFO] __main__ — 뉴스 시점 제외 [코텍]: 7건 (>14일/파싱실패)
2026-07-28 11:59:19,184 [INFO] __main__ — 뉴스 시점 제외 [아스테라시스]: 13건 (>14일/파싱실패)
2026-07-28 11:59:20,861 [INFO] __main__ — 뉴스 시점 제외 [강원에너지]: 9건 (>14일/파싱실패)
2026-07-28 11:59:20,921 [INFO] __main__ — 뉴스 시점 제외 [KZ정밀]: 13건 (>14일/파싱실패)
2026-07-28 11:59:22,543 [INFO] __main__ — 뉴스 시점 제외 [코메론]: 6건 (>14일/파싱실패)
2026-07-28 11:59:23,291 [INFO] __main__ — 뉴스 시점 제외 [BGF에코머티리얼즈]: 15건 (>14일/파싱실패)
2026-07-28 11:59:23,838 [INFO] __main__ — 뉴스 시점 제외 [이크레더블]: 15건 (>14일/파싱실패)
2026-07-28 11:59:24,043 [INFO] __main__ — 뉴스 시점 제외 [티이엠씨]: 4건 (>14일/파싱실패)
2026-07-28 11:59:24,796 [INFO] __main__ — 뉴스 시점 제외 [레드캡투어]: 12건 (>14일/파싱실패)
2026-07-28 11:59:24,800 [INFO] __main__ — 뉴스 시점 제외 [대한약품]: 4건 (>14일/파싱실패)
2026-07-28 11:59:26,081 [INFO] __main__ — 뉴스 시점 제외 [동양이엔피]: 1건 (>14일/파싱실패)
2026-07-28 11:59:26,304 [INFO] __main__ — 뉴스 시점 제외 [나이벡]: 9건 (>14일/파싱실패)
2026-07-28 11:59:26,308 [INFO] __main__ — 뉴스 시점 제외 [아이디스홀딩스]: 14건 (>14일/파싱실패)
2026-07-28 11:59:27,811 [INFO] __main__ — 뉴스 시점 제외 [인선이엔티]: 13건 (>14일/파싱실패)
2026-07-28 11:59:28,384 [INFO] __main__ — 뉴스 시점 제외 [삼보판지]: 15건 (>14일/파싱실패)
2026-07-28 11:59:28,552 [INFO] __main__ — 뉴스 시점 제외 [재영솔루텍]: 8건 (>14일/파싱실패)
2026-07-28 11:59:29,136 [INFO] __main__ — 뉴스 시점 제외 [에스오에스랩]: 9건 (>14일/파싱실패)
2026-07-28 11:59:31,512 [INFO] __main__ — 뉴스 시점 제외 [아이비김영]: 5건 (>14일/파싱실패)
2026-07-28 11:59:33,013 [INFO] __main__ — 뉴스 시점 제외 [유아이엘]: 10건 (>14일/파싱실패)
2026-07-28 11:59:33,556 [INFO] __main__ — 뉴스 시점 제외 [KX]: 3건 (>14일/파싱실패)
2026-07-28 11:59:34,436 [INFO] __main__ — 뉴스 시점 제외 [엠에스씨]: 12건 (>14일/파싱실패)
2026-07-28 11:59:35,038 [INFO] __main__ — 뉴스 시점 제외 [성도이엔지]: 8건 (>14일/파싱실패)
2026-07-28 11:59:35,902 [INFO] __main__ — 뉴스 시점 제외 [풍원정밀]: 11건 (>14일/파싱실패)
2026-07-28 11:59:37,419 [INFO] __main__ — 뉴스 시점 제외 [루미르]: 11건 (>14일/파싱실패)
2026-07-28 11:59:38,158 [INFO] __main__ — 뉴스 시점 제외 [탑런토탈솔루션]: 11건 (>14일/파싱실패)
2026-07-28 11:59:38,902 [INFO] __main__ — 뉴스 시점 제외 [엠에스오토텍]: 13건 (>14일/파싱실패)
2026-07-28 11:59:39,585 [INFO] __main__ — 뉴스 시점 제외 [서원인텍]: 13건 (>14일/파싱실패)
2026-07-28 11:59:40,216 [INFO] __main__ — 뉴스 시점 제외 [디와이피엔에프]: 13건 (>14일/파싱실패)
2026-07-28 11:59:40,358 [INFO] __main__ — 뉴스 시점 제외 [풍국주정]: 14건 (>14일/파싱실패)
2026-07-28 11:59:40,949 [INFO] __main__ — 뉴스 시점 제외 [동국S&C]: 13건 (>14일/파싱실패)
2026-07-28 11:59:41,094 [INFO] __main__ — 뉴스 시점 제외 [창해에탄올]: 10건 (>14일/파싱실패)
2026-07-28 11:59:41,849 [INFO] __main__ — 뉴스 시점 제외 [나이스디앤비]: 11건 (>14일/파싱실패)
2026-07-28 11:59:43,333 [INFO] __main__ — 뉴스 시점 제외 [대림제지]: 11건 (>14일/파싱실패)
2026-07-28 11:59:43,339 [INFO] __main__ — 뉴스 시점 제외 [블루콤]: 8건 (>14일/파싱실패)
2026-07-28 11:59:44,636 [INFO] __main__ — 뉴스 시점 제외 [리드코프]: 8건 (>14일/파싱실패)
2026-07-28 11:59:44,843 [INFO] __main__ — 뉴스 시점 제외 [지니너스]: 11건 (>14일/파싱실패)
2026-07-28 11:59:45,375 [INFO] __main__ — 뉴스 시점 제외 [알서포트]: 10건 (>14일/파싱실패)
2026-07-28 11:59:46,361 [INFO] __main__ — 뉴스 시점 제외 [이상네트웍스]: 12건 (>14일/파싱실패)
2026-07-28 11:59:47,109 [INFO] __main__ — 뉴스 시점 제외 [엔브이에이치코리아]: 11건 (>14일/파싱실패)
2026-07-28 11:59:47,615 [INFO] __main__ — 뉴스 시점 제외 [선바이오]: 10건 (>14일/파싱실패)
2026-07-28 11:59:47,847 [INFO] __main__ — 뉴스 시점 제외 [라이온켐텍]: 10건 (>14일/파싱실패)
2026-07-28 11:59:47,851 [INFO] __main__ — 뉴스 시점 제외 [초록뱀미디어]: 7건 (>14일/파싱실패)
2026-07-28 11:59:48,584 [INFO] __main__ — 뉴스 시점 제외 [싸이토젠]: 10건 (>14일/파싱실패)
2026-07-28 11:59:48,607 [INFO] __main__ — 뉴스 시점 제외 [현대공업]: 12건 (>14일/파싱실패)
2026-07-28 11:59:49,318 [INFO] __main__ — 뉴스 시점 제외 [아이디피]: 14건 (>14일/파싱실패)
2026-07-28 11:59:49,330 [INFO] __main__ — 뉴스 시점 제외 [지구홀딩스]: 13건 (>14일/파싱실패)
2026-07-28 11:59:49,847 [INFO] __main__ — 뉴스 시점 제외 [시공테크]: 8건 (>14일/파싱실패)
2026-07-28 11:59:50,241 [INFO] __main__ — 뉴스 시점 제외 [피제이전자]: 10건 (>14일/파싱실패)
2026-07-28 11:59:51,698 [INFO] __main__ — 뉴스 시점 제외 [드림어스컴퍼니]: 8건 (>14일/파싱실패)
2026-07-28 11:59:51,756 [INFO] __main__ — 뉴스 시점 제외 [제이씨케미칼]: 11건 (>14일/파싱실패)
2026-07-28 11:59:54,095 [INFO] __main__ — 뉴스 시점 제외 [센코]: 10건 (>14일/파싱실패)
2026-07-28 11:59:54,850 [INFO] __main__ — 뉴스 시점 제외 [제이엔케이글로벌]: 12건 (>14일/파싱실패)
2026-07-28 11:59:55,050 [INFO] __main__ — 뉴스 시점 제외 [고바이오랩]: 4건 (>14일/파싱실패)
2026-07-28 11:59:55,589 [INFO] __main__ — 뉴스 시점 제외 [푸드웰]: 15건 (>14일/파싱실패)
2026-07-28 11:59:56,319 [INFO] __main__ — 뉴스 시점 제외 [트루엔]: 13건 (>14일/파싱실패)
2026-07-28 11:59:56,550 [INFO] __main__ — 뉴스 시점 제외 [오리콤]: 6건 (>14일/파싱실패)
2026-07-28 11:59:58,939 [INFO] __main__ — 뉴스 시점 제외 [스마트레이더시스템]: 13건 (>14일/파싱실패)
2026-07-28 11:59:59,163 [INFO] __main__ — 뉴스 시점 제외 [에스엠씨지]: 13건 (>14일/파싱실패)
2026-07-28 11:59:59,234 [INFO] __main__ — 뉴스 시점 제외 [코츠테크놀로지]: 2건 (>14일/파싱실패)
2026-07-28 12:00:00,642 [INFO] __main__ — 뉴스 시점 제외 [지에스이]: 10건 (>14일/파싱실패)
2026-07-28 12:00:00,887 [INFO] __main__ — 뉴스 시점 제외 [셀바이오휴먼텍]: 13건 (>14일/파싱실패)
2026-07-28 12:00:01,150 [INFO] __main__ — 뉴스 시점 제외 [이닉스]: 11건 (>14일/파싱실패)
2026-07-28 12:00:01,385 [INFO] __main__ — 뉴스 시점 제외 [케이피항공산업]: 8건 (>14일/파싱실패)
2026-07-28 12:00:01,667 [INFO] __main__ — 뉴스 시점 제외 [한국선재]: 10건 (>14일/파싱실패)
2026-07-28 12:00:01,891 [INFO] __main__ — 뉴스 시점 제외 [제이씨현시스템]: 13건 (>14일/파싱실패)
2026-07-28 12:00:02,405 [INFO] __main__ — 뉴스 시점 제외 [덕우전자]: 12건 (>14일/파싱실패)
2026-07-28 12:00:02,629 [INFO] __main__ — 뉴스 시점 제외 [SM Life Design]: 15건 (>14일/파싱실패)
2026-07-28 12:00:02,869 [INFO] __main__ — 뉴스 시점 제외 [구영테크]: 14건 (>14일/파싱실패)
2026-07-28 12:00:03,322 [INFO] __main__ — 뉴스 시점 제외 [세코닉스]: 10건 (>14일/파싱실패)
2026-07-28 12:00:04,282 [INFO] __main__ — 뉴스 시점 제외 [포인트엔지니어링]: 5건 (>14일/파싱실패)
2026-07-28 12:00:05,014 [INFO] __main__ — 뉴스 시점 제외 [제일테크노스]: 8건 (>14일/파싱실패)
2026-07-28 12:00:05,747 [INFO] __main__ — 뉴스 시점 제외 [엘컴텍]: 13건 (>14일/파싱실패)
2026-07-28 12:00:06,447 [INFO] __main__ — 뉴스 시점 제외 [오상자이엘]: 7건 (>14일/파싱실패)
2026-07-28 12:00:06,514 [INFO] __main__ — 뉴스 시점 제외 [네오이뮨텍]: 7건 (>14일/파싱실패)
2026-07-28 12:00:07,176 [INFO] __main__ — 뉴스 시점 제외 [코콤]: 7건 (>14일/파싱실패)
2026-07-28 12:00:07,905 [INFO] __main__ — 뉴스 시점 제외 [퀀타매트릭스]: 2건 (>14일/파싱실패)
2026-07-28 12:00:08,673 [INFO] __main__ — 뉴스 시점 제외 [씨유테크]: 13건 (>14일/파싱실패)
2026-07-28 12:00:08,687 [INFO] __main__ — 뉴스 시점 제외 [에어레인]: 8건 (>14일/파싱실패)
2026-07-28 12:00:08,688 [INFO] __main__ — 뉴스 시점 제외 [린드먼아시아]: 15건 (>14일/파싱실패)
2026-07-28 12:00:09,451 [INFO] __main__ — 뉴스 시점 제외 [케이씨피드]: 10건 (>14일/파싱실패)
2026-07-28 12:00:10,181 [INFO] __main__ — 뉴스 시점 제외 [아이엠비디엑스]: 12건 (>14일/파싱실패)
2026-07-28 12:00:10,210 [INFO] __main__ — 뉴스 시점 제외 [파라텍]: 11건 (>14일/파싱실패)
2026-07-28 12:00:11,208 [INFO] __main__ — 뉴스 시점 제외 [대창스틸]: 10건 (>14일/파싱실패)
2026-07-28 12:00:11,239 [INFO] __main__ — 뉴스 시점 제외 [제이엠티]: 12건 (>14일/파싱실패)
2026-07-28 12:00:11,936 [INFO] __main__ — 뉴스 시점 제외 [상신전자]: 10건 (>14일/파싱실패)
2026-07-28 12:00:11,988 [INFO] __main__ — 뉴스 시점 제외 [제이피아이헬스케어]: 12건 (>14일/파싱실패)
2026-07-28 12:00:12,901 [INFO] __main__ — 뉴스 시점 제외 [삼천리자전거]: 10건 (>14일/파싱실패)
2026-07-28 12:00:12,913 [INFO] __main__ — 뉴스 시점 제외 [ES큐브]: 15건 (>14일/파싱실패)
2026-07-28 12:00:13,417 [INFO] __main__ — 뉴스 시점 제외 [위너스일렉]: 12건 (>14일/파싱실패)
2026-07-28 12:00:15,075 [INFO] __main__ — 뉴스 시점 제외 [원바이오젠]: 12건 (>14일/파싱실패)
2026-07-28 12:00:16,016 [INFO] __main__ — 뉴스 시점 제외 [나라엠앤디]: 11건 (>14일/파싱실패)
2026-07-28 12:00:16,051 [INFO] __main__ — 뉴스 시점 제외 [휴엠앤씨]: 13건 (>14일/파싱실패)
2026-07-28 12:00:16,752 [INFO] __main__ — 뉴스 시점 제외 [포스뱅크]: 15건 (>14일/파싱실패)
2026-07-28 12:00:17,906 [INFO] __main__ — 뉴스 시점 제외 [서연탑메탈]: 13건 (>14일/파싱실패)
2026-07-28 12:00:18,221 [INFO] __main__ — 뉴스 시점 제외 [서암기계공업]: 8건 (>14일/파싱실패)
2026-07-28 12:00:19,408 [INFO] __main__ — 뉴스 시점 제외 [엔바이오니아]: 9건 (>14일/파싱실패)
2026-07-28 12:00:20,428 [INFO] __main__ — 뉴스 시점 제외 [삼화네트웍스]: 4건 (>14일/파싱실패)
2026-07-28 12:00:21,084 [INFO] __main__ — 뉴스 시점 제외 [베노티앤알]: 12건 (>14일/파싱실패)
2026-07-28 12:00:21,090 [INFO] __main__ — 뉴스 시점 제외 [백금T&A]: 9건 (>14일/파싱실패)
2026-07-28 12:00:21,357 [INFO] __main__ — 뉴스 시점 제외 [인스피언]: 14건 (>14일/파싱실패)
2026-07-28 12:00:21,833 [INFO] __main__ — 뉴스 시점 제외 [메가엠디]: 14건 (>14일/파싱실패)
2026-07-28 12:00:22,578 [INFO] __main__ — 뉴스 시점 제외 [에이아이코리아]: 10건 (>14일/파싱실패)
2026-07-28 12:00:23,327 [INFO] __main__ — 뉴스 시점 제외 [팬엔터테인먼트]: 4건 (>14일/파싱실패)
2026-07-28 12:00:23,582 [INFO] __main__ — 뉴스 시점 제외 [미트박스]: 7건 (>14일/파싱실패)
2026-07-28 12:00:24,233 [INFO] __main__ — 뉴스 시점 제외 [케이씨티]: 12건 (>14일/파싱실패)
2026-07-28 12:00:24,335 [INFO] __main__ — POOL_A 후보 부정뉴스 2차 조회: 579개
2026-07-28 12:00:24,338 [INFO] __main__ — POOL_A: 776개 (A:736 B:16 동시:24) | 부정게이트 제외:8
  대형:41 중형:143 소형:592
2026-07-28 12:00:24,344 [INFO] __main__ —   → POOL_A: 776개
2026-07-28 12:00:24,344 [INFO] __main__ — ▶ Step 2: 하드 필터링
2026-07-28 12:00:24,345 [INFO] __main__ — 하드 필터 제거: 772개 | 과열배제 38 | 이격도상한 0 | 이격도하한 203 | MA추세 487 | RSI과열 0 | 거래대금 44
2026-07-28 12:00:24,347 [INFO] __main__ — 과열 gated 기록: 38개 → gated_tickers
2026-07-28 12:00:24,347 [INFO] __main__ — POOL_B: 4개 | 대형:1 중형:1 소형:2
2026-07-28 12:00:24,347 [INFO] __main__ —   → POOL_B: 4개
2026-07-28 12:00:24,348 [INFO] __main__ — ▶ Step 3: 스코어링 (FinBERT 감성 분석)
2026-07-28 12:00:24,348 [INFO] __main__ — NaverClient: 3개 키 로드 (DataLab·검색 독립 회전)
2026-07-28 12:00:24,348 [INFO] __main__ — 텍스트 신규 수집: 4종목 (캐시 적중 0종목)
2026-07-28 12:00:33,915 [INFO] __main__ — 수집 완료: 뉴스 29건 | 공시 16건
2026-07-28 12:00:33,915 [INFO] __main__ — FinBERT 감성 분석 (finbert 모드)...
2026-07-28 12:00:33,915 [INFO] __main__ — FinBERT 로딩: snunlp/KR-FinBert-SC (CPU, batch=8)
2026-07-28 12:00:33,978 [INFO] httpx — HTTP Request: GET https://huggingface.co/api/agent-harnesses "HTTP/1.1 200 OK"
2026-07-28 12:00:33,995 [INFO] httpx — HTTP Request: HEAD https://huggingface.co/snunlp/KR-FinBert-SC/resolve/main/config.json "HTTP/1.1 307 Temporary Redirect"
2026-07-28 12:00:33,996 [WARNING] huggingface_hub.utils._http — Warning: You are sending unauthenticated requests to the HF Hub. Please set a HF_TOKEN to enable higher rate limits and faster downloads.
2026-07-28 12:00:34,000 [INFO] httpx — HTTP Request: HEAD https://huggingface.co/api/resolve-cache/models/snunlp/KR-FinBert-SC/f8586286cc3161fb648e9fee09a456069fd846d0/config.json "HTTP/1.1 200 OK"
2026-07-28 12:00:34,037 [INFO] httpx — HTTP Request: HEAD https://huggingface.co/snunlp/KR-FinBert-SC/resolve/main/model.safetensors "HTTP/1.1 404 Not Found"
2026-07-28 12:00:34,058 [INFO] httpx — HTTP Request: GET https://huggingface.co/api/models/snunlp/KR-FinBert-SC "HTTP/1.1 200 OK"
2026-07-28 12:00:34,094 [INFO] httpx — HTTP Request: GET https://huggingface.co/api/models/snunlp/KR-FinBert-SC/commits/main "HTTP/1.1 200 OK"
2026-07-28 12:00:34,133 [INFO] httpx — HTTP Request: GET https://huggingface.co/api/models/snunlp/KR-FinBert-SC/discussions?p=0 "HTTP/1.1 200 OK"
2026-07-28 12:00:34,158 [INFO] httpx — HTTP Request: GET https://huggingface.co/api/models/snunlp/KR-FinBert-SC/commits/refs%2Fpr%2F3 "HTTP/1.1 200 OK"
2026-07-28 12:00:34,184 [INFO] httpx — HTTP Request: HEAD https://huggingface.co/snunlp/KR-FinBert-SC/resolve/refs%2Fpr%2F3/model.safetensors.index.json "HTTP/1.1 404 Not Found"
2026-07-28 12:00:34,207 [INFO] httpx — HTTP Request: HEAD https://huggingface.co/snunlp/KR-FinBert-SC/resolve/refs%2Fpr%2F3/model.safetensors "HTTP/1.1 302 Found"
2026-07-28 12:00:34,215 [INFO] httpx — HTTP Request: GET https://huggingface.co/api/models/snunlp/KR-FinBert-SC/tree/main/additional_chat_templates?recursive=false&expand=false "HTTP/1.1 404 Not Found"
2026-07-28 12:00:34,235 [INFO] httpx — HTTP Request: GET https://huggingface.co/api/models/snunlp/KR-FinBert-SC/tree/main?recursive=true&expand=false "HTTP/1.1 200 OK"
2026-07-28 12:00:34,274 [INFO] httpx — HTTP Request: HEAD https://huggingface.co/snunlp/KR-FinBert-SC/resolve/main/processor_config.json "HTTP/1.1 404 Not Found"
2026-07-28 12:00:34,296 [INFO] httpx — HTTP Request: HEAD https://huggingface.co/snunlp/KR-FinBert-SC/resolve/main/video_preprocessor_config.json "HTTP/1.1 404 Not Found"
2026-07-28 12:00:34,337 [INFO] httpx — HTTP Request: HEAD https://huggingface.co/snunlp/KR-FinBert-SC/resolve/main/preprocessor_config.json "HTTP/1.1 404 Not Found"
2026-07-28 12:00:34,338 [INFO] __main__ — FinBERT 로드 완료 (CPU)
2026-07-28 12:00:37,862 [INFO] __main__ — Phase A.1: 매핑 신뢰도 < 0.5 → 감성 점수 폐기 2건
2026-07-28 12:00:37,862 [INFO] __main__ — 스코어링: 4개 | 집중:0 | FinBERT:finbert
2026-07-28 12:00:37,877 [INFO] __main__ —   → 4개
2026-07-28 12:00:37,877 [INFO] __main__ — ▶ Step 4: 발송
2026-07-28 12:00:39,965 [INFO] __main__ — DB 기록: 0개 / 전체 to_send 0개
2026-07-28 12:00:39,966 [INFO] __main__ — 발송: 집중 0 / 주시 0
2026-07-28 12:00:39,966 [INFO] __main__ — 완료  |  소요: 1344.8초
