2026-07-10 12:15:12,524 [INFO] __main__ — config 검증 완료 ✓
2026-07-10 12:15:12,525 [INFO] __main__ — ============================================================
2026-07-10 12:15:12,525 [INFO] __main__ — AlphaRadar v3.3.1  |  기준일: 20260710
2026-07-10 12:15:12,525 [INFO] __main__ — S = T×0.3 + S_text×0.4 + D×0.3
2026-07-10 12:15:12,525 [INFO] __main__ — ============================================================
2026-07-10 12:15:12,525 [INFO] __main__ — ▶ Step 0: 유니버스 필터링
2026-07-10 12:15:12,695 [INFO] __main__ — FDR 데이터 수집: 20260104 ~ 20260710
2026-07-10 12:15:13,990 [INFO] __main__ — KOSPI: 945개 | 섹터정보 835개 (DART +835개 보완)
2026-07-10 12:15:13,991 [INFO] __main__ — KOSDAQ: 1820개 | 섹터정보 1820개
2026-07-10 12:15:13,991 [INFO] __main__ — 전체: 2765개
2026-07-10 12:15:16,632 [INFO] __main__ — KIS 토큰 발급 완료
2026-07-10 12:30:59,735 [INFO] __main__ — DART corp_code 매핑: 2176/2230개 (97%)
2026-07-10 12:30:59,736 [INFO] __main__ — 유효 유니버스: 2230개
2026-07-10 12:30:59,747 [INFO] __main__ —   → 2230개
2026-07-10 12:30:59,747 [INFO] __main__ — ▶ Step 1: 신호 탐지
2026-07-10 12:30:59,747 [INFO] __main__ — NaverClient: 3개 키 로드 (DataLab·검색 독립 회전)
2026-07-10 12:30:59,747 [INFO] __main__ — 관심 지수 및 부정 뉴스 비율 조회 중...
2026-07-10 12:31:22,221 [INFO] __main__ — 뉴스 시점 제외 [이노인스트루먼트]: 7건 (>14일/파싱실패)
2026-07-10 12:31:38,443 [INFO] __main__ — 뉴스 시점 제외 [KX하이텍]: 6건 (>14일/파싱실패)
2026-07-10 12:31:52,821 [INFO] __main__ — 뉴스 시점 제외 [맥쿼리인프라]: 2건 (>14일/파싱실패)
2026-07-10 12:31:58,425 [INFO] __main__ — 뉴스 시점 제외 [케일럼]: 12건 (>14일/파싱실패)
2026-07-10 12:31:59,614 [INFO] __main__ — 뉴스 시점 제외 [GRT]: 4건 (>14일/파싱실패)
2026-07-10 12:32:25,719 [INFO] __main__ — 뉴스 시점 제외 [삼성공조]: 9건 (>14일/파싱실패)
2026-07-10 12:32:31,156 [INFO] __main__ — 뉴스 시점 제외 [KBI동양철관]: 5건 (>14일/파싱실패)
2026-07-10 12:32:56,849 [INFO] __main__ — 뉴스 시점 제외 [한국팩키지]: 14건 (>14일/파싱실패)
2026-07-10 12:32:56,856 [INFO] __main__ — 뉴스 시점 제외 [서울식품]: 10건 (>14일/파싱실패)
2026-07-10 12:32:57,067 [INFO] __main__ — 뉴스 시점 제외 [샘씨엔에스]: 6건 (>14일/파싱실패)
2026-07-10 12:33:03,024 [INFO] __main__ — 뉴스 시점 제외 [KB스타리츠]: 9건 (>14일/파싱실패)
2026-07-10 12:33:05,055 [INFO] __main__ — 뉴스 시점 제외 [우리기술투자]: 9건 (>14일/파싱실패)
2026-07-10 12:33:10,322 [INFO] __main__ — 뉴스 시점 제외 [수산세보틱스]: 9건 (>14일/파싱실패)
2026-07-10 12:33:14,519 [INFO] __main__ — 뉴스 시점 제외 [엘브이엠씨홀딩스]: 10건 (>14일/파싱실패)
2026-07-10 12:33:18,399 [INFO] __main__ — 뉴스 시점 제외 [아남전자]: 9건 (>14일/파싱실패)
2026-07-10 12:33:18,585 [INFO] __main__ — 뉴스 시점 제외 [일신석재]: 9건 (>14일/파싱실패)
2026-07-10 12:33:21,063 [INFO] __main__ — 뉴스 시점 제외 [대아티아이]: 1건 (>14일/파싱실패)
2026-07-10 12:33:29,261 [INFO] __main__ — 뉴스 시점 제외 [빅텍]: 1건 (>14일/파싱실패)
2026-07-10 12:33:32,292 [INFO] __main__ — 뉴스 시점 제외 [미래에셋증권2우B]: 11건 (>14일/파싱실패)
2026-07-10 12:33:37,650 [INFO] __main__ — 뉴스 시점 제외 [해성옵틱스]: 3건 (>14일/파싱실패)
2026-07-10 12:33:37,691 [INFO] __main__ — 뉴스 시점 제외 [대영포장]: 15건 (>14일/파싱실패)
2026-07-10 12:33:40,404 [INFO] __main__ — 뉴스 시점 제외 [THE E&M]: 13건 (>14일/파싱실패)
2026-07-10 12:33:41,742 [INFO] __main__ — 뉴스 시점 제외 [ESR켄달스퀘어리츠]: 4건 (>14일/파싱실패)
2026-07-10 12:33:45,086 [INFO] __main__ — 뉴스 시점 제외 [옴니시스템]: 2건 (>14일/파싱실패)
2026-07-10 12:33:47,622 [INFO] __main__ — 뉴스 시점 제외 [시너지이노베이션]: 11건 (>14일/파싱실패)
2026-07-10 12:33:49,037 [INFO] __main__ — 뉴스 시점 제외 [팸텍]: 7건 (>14일/파싱실패)
2026-07-10 12:34:00,529 [INFO] __main__ — 뉴스 시점 제외 [에쎈테크]: 11건 (>14일/파싱실패)
2026-07-10 12:34:01,989 [INFO] __main__ — 뉴스 시점 제외 [위지트]: 12건 (>14일/파싱실패)
2026-07-10 12:34:09,185 [INFO] __main__ — 뉴스 시점 제외 [와이제이링크]: 9건 (>14일/파싱실패)
2026-07-10 12:34:14,601 [INFO] __main__ — 뉴스 시점 제외 [삼륭물산]: 14건 (>14일/파싱실패)
2026-07-10 12:34:26,296 [INFO] __main__ — 뉴스 시점 제외 [에이티넘인베스트]: 13건 (>14일/파싱실패)
2026-07-10 12:34:37,345 [INFO] __main__ — 뉴스 시점 제외 [영화금속]: 13건 (>14일/파싱실패)
2026-07-10 12:34:40,070 [INFO] __main__ — 뉴스 시점 제외 [MDS테크]: 4건 (>14일/파싱실패)
2026-07-10 12:34:44,593 [INFO] __main__ — 뉴스 시점 제외 [경인양행]: 8건 (>14일/파싱실패)
2026-07-10 12:34:44,937 [INFO] __main__ — 뉴스 시점 제외 [지에스이]: 8건 (>14일/파싱실패)
2026-07-10 12:34:47,307 [INFO] __main__ — 뉴스 시점 제외 [한일철강]: 7건 (>14일/파싱실패)
2026-07-10 12:34:49,120 [INFO] __main__ — 뉴스 시점 제외 [네오오토]: 10건 (>14일/파싱실패)
2026-07-10 12:34:49,631 [INFO] __main__ — 뉴스 시점 제외 [이루온]: 10건 (>14일/파싱실패)
2026-07-10 12:34:51,650 [INFO] __main__ — 뉴스 시점 제외 [성도이엔지]: 8건 (>14일/파싱실패)
2026-07-10 12:34:52,030 [INFO] __main__ — 뉴스 시점 제외 [티케이케미칼]: 11건 (>14일/파싱실패)
2026-07-10 12:34:53,755 [INFO] __main__ — 뉴스 시점 제외 [태양금속]: 11건 (>14일/파싱실패)
2026-07-10 12:34:56,641 [INFO] __main__ — 뉴스 시점 제외 [케이엠더블유]: 2건 (>14일/파싱실패)
2026-07-10 12:34:58,258 [INFO] __main__ — 부정 키워드 감지: 31개 종목 (neg_ratio > 0)
2026-07-10 12:34:58,263 [INFO] __main__ — 수급일수충족·합계음수 제외: 105개
2026-07-10 12:35:08,733 [INFO] __main__ — 뉴스 시점 제외 [두산우]: 15건 (>14일/파싱실패)
2026-07-10 12:35:09,182 [INFO] __main__ — 뉴스 시점 제외 [SK리츠]: 5건 (>14일/파싱실패)
2026-07-10 12:35:11,851 [INFO] __main__ — 뉴스 시점 제외 [삼성화재우]: 12건 (>14일/파싱실패)
2026-07-10 12:35:12,858 [INFO] __main__ — 뉴스 시점 제외 [LG전자우]: 10건 (>14일/파싱실패)
2026-07-10 12:35:14,547 [INFO] __main__ — 뉴스 시점 제외 [롯데리츠]: 15건 (>14일/파싱실패)
2026-07-10 12:35:16,189 [INFO] __main__ — 뉴스 시점 제외 [SNT홀딩스]: 13건 (>14일/파싱실패)
2026-07-10 12:35:18,347 [INFO] __main__ — 뉴스 시점 제외 [신한알파리츠]: 14건 (>14일/파싱실패)
2026-07-10 12:35:21,397 [INFO] __main__ — 뉴스 시점 제외 [CJ4우(전환)]: 13건 (>14일/파싱실패)
2026-07-10 12:35:21,529 [INFO] __main__ — 뉴스 시점 제외 [맵스리얼티]: 15건 (>14일/파싱실패)
2026-07-10 12:35:22,877 [INFO] __main__ — 뉴스 시점 제외 [삼성FN리츠]: 7건 (>14일/파싱실패)
2026-07-10 12:35:23,392 [INFO] __main__ — 뉴스 시점 제외 [바이오노트]: 6건 (>14일/파싱실패)
2026-07-10 12:35:26,465 [INFO] __main__ — 뉴스 시점 제외 [조광피혁]: 13건 (>14일/파싱실패)
2026-07-10 12:35:26,708 [INFO] __main__ — 뉴스 시점 제외 [농심홀딩스]: 6건 (>14일/파싱실패)
2026-07-10 12:35:27,398 [INFO] __main__ — 뉴스 시점 제외 [아모레퍼시픽우]: 11건 (>14일/파싱실패)
2026-07-10 12:35:28,322 [INFO] __main__ — 뉴스 시점 제외 [코람코라이프인프라리츠]: 14건 (>14일/파싱실패)
2026-07-10 12:35:29,864 [INFO] __main__ — 뉴스 시점 제외 [KPX홀딩스]: 10건 (>14일/파싱실패)
2026-07-10 12:35:30,622 [INFO] __main__ — 뉴스 시점 제외 [KISCO홀딩스]: 12건 (>14일/파싱실패)
2026-07-10 12:35:33,016 [INFO] __main__ — 뉴스 시점 제외 [현대퓨처넷]: 9건 (>14일/파싱실패)
2026-07-10 12:35:33,081 [INFO] __main__ — 뉴스 시점 제외 [국도화학]: 13건 (>14일/파싱실패)
2026-07-10 12:35:33,809 [INFO] __main__ — 뉴스 시점 제외 [아세아제지]: 14건 (>14일/파싱실패)
2026-07-10 12:35:36,016 [INFO] __main__ — 뉴스 시점 제외 [서울가스]: 8건 (>14일/파싱실패)
2026-07-10 12:35:37,647 [INFO] __main__ — 뉴스 시점 제외 [S-Oil우]: 12건 (>14일/파싱실패)
2026-07-10 12:35:40,027 [INFO] __main__ — 뉴스 시점 제외 [천일고속]: 14건 (>14일/파싱실패)
2026-07-10 12:35:40,243 [INFO] __main__ — 뉴스 시점 제외 [미창석유]: 13건 (>14일/파싱실패)
2026-07-10 12:35:41,712 [INFO] __main__ — 뉴스 시점 제외 [CR홀딩스]: 11건 (>14일/파싱실패)
2026-07-10 12:35:42,975 [INFO] __main__ — 뉴스 시점 제외 [YG PLUS]: 10건 (>14일/파싱실패)
2026-07-10 12:35:43,219 [INFO] __main__ — 뉴스 시점 제외 [이리츠코크렙]: 15건 (>14일/파싱실패)
2026-07-10 12:35:43,705 [INFO] __main__ — 뉴스 시점 제외 [모토닉]: 12건 (>14일/파싱실패)
2026-07-10 12:35:44,879 [INFO] __main__ — 뉴스 시점 제외 [대성에너지]: 7건 (>14일/파싱실패)
2026-07-10 12:35:45,185 [INFO] __main__ — 뉴스 시점 제외 [LG우]: 14건 (>14일/파싱실패)
2026-07-10 12:35:45,427 [INFO] __main__ — 뉴스 시점 제외 [진양홀딩스]: 8건 (>14일/파싱실패)
2026-07-10 12:35:45,948 [INFO] __main__ — 뉴스 시점 제외 [대신증권2우B]: 15건 (>14일/파싱실패)
2026-07-10 12:35:46,362 [INFO] __main__ — 뉴스 시점 제외 [하이트진로홀딩스]: 10건 (>14일/파싱실패)
2026-07-10 12:35:47,100 [INFO] __main__ — 뉴스 시점 제외 [조선내화]: 9건 (>14일/파싱실패)
2026-07-10 12:35:47,824 [INFO] __main__ — 뉴스 시점 제외 [유화증권]: 4건 (>14일/파싱실패)
2026-07-10 12:35:49,286 [INFO] __main__ — 뉴스 시점 제외 [SYTS]: 12건 (>14일/파싱실패)
2026-07-10 12:35:49,721 [INFO] __main__ — 뉴스 시점 제외 [CJ제일제당 우]: 15건 (>14일/파싱실패)
2026-07-10 12:35:50,470 [INFO] __main__ — 뉴스 시점 제외 [한국주철관]: 12건 (>14일/파싱실패)
2026-07-10 12:35:50,746 [INFO] __main__ — 뉴스 시점 제외 [사조씨푸드]: 12건 (>14일/파싱실패)
2026-07-10 12:35:51,200 [INFO] __main__ — 뉴스 시점 제외 [신라교역]: 9건 (>14일/파싱실패)
2026-07-10 12:35:51,476 [INFO] __main__ — 뉴스 시점 제외 [유수홀딩스]: 12건 (>14일/파싱실패)
2026-07-10 12:35:52,204 [INFO] __main__ — 뉴스 시점 제외 [대한화섬]: 7건 (>14일/파싱실패)
2026-07-10 12:35:52,848 [INFO] __main__ — 뉴스 시점 제외 [태경산업]: 7건 (>14일/파싱실패)
2026-07-10 12:35:53,366 [INFO] __main__ — 뉴스 시점 제외 [화승인더]: 14건 (>14일/파싱실패)
2026-07-10 12:35:53,589 [INFO] __main__ — 뉴스 시점 제외 [화승코퍼레이션]: 12건 (>14일/파싱실패)
2026-07-10 12:35:53,678 [INFO] __main__ — 뉴스 시점 제외 [유니퀘스트]: 9건 (>14일/파싱실패)
2026-07-10 12:35:54,331 [INFO] __main__ — 뉴스 시점 제외 [이지스레지던스리츠]: 15건 (>14일/파싱실패)
2026-07-10 12:35:54,412 [INFO] __main__ — 뉴스 시점 제외 [한솔홀딩스]: 6건 (>14일/파싱실패)
2026-07-10 12:35:55,815 [INFO] __main__ — 뉴스 시점 제외 [신영와코루]: 11건 (>14일/파싱실패)
2026-07-10 12:35:55,861 [INFO] __main__ — 뉴스 시점 제외 [와이투솔루션]: 8건 (>14일/파싱실패)
2026-07-10 12:35:57,034 [INFO] __main__ — 뉴스 시점 제외 [태경비케이]: 7건 (>14일/파싱실패)
2026-07-10 12:35:57,285 [INFO] __main__ — 뉴스 시점 제외 [조선선재]: 8건 (>14일/파싱실패)
2026-07-10 12:35:57,313 [INFO] __main__ — 뉴스 시점 제외 [티에이치엔]: 3건 (>14일/파싱실패)
2026-07-10 12:35:57,766 [INFO] __main__ — 뉴스 시점 제외 [대성홀딩스]: 11건 (>14일/파싱실패)
2026-07-10 12:35:58,486 [INFO] __main__ — 뉴스 시점 제외 [두올]: 9건 (>14일/파싱실패)
2026-07-10 12:35:58,764 [INFO] __main__ — 뉴스 시점 제외 [현대코퍼레이션홀딩스]: 12건 (>14일/파싱실패)
2026-07-10 12:35:58,775 [INFO] __main__ — 뉴스 시점 제외 [아시아나IDT]: 9건 (>14일/파싱실패)
2026-07-10 12:35:59,543 [INFO] __main__ — 뉴스 시점 제외 [HS애드]: 9건 (>14일/파싱실패)
2026-07-10 12:36:00,459 [INFO] __main__ — 뉴스 시점 제외 [영보화학]: 12건 (>14일/파싱실패)
2026-07-10 12:36:00,704 [INFO] __main__ — 뉴스 시점 제외 [황금에스티]: 7건 (>14일/파싱실패)
2026-07-10 12:36:01,660 [INFO] __main__ — 뉴스 시점 제외 [NI스틸]: 13건 (>14일/파싱실패)
2026-07-10 12:36:01,667 [INFO] __main__ — 뉴스 시점 제외 [DL이앤씨2우(전환)]: 13건 (>14일/파싱실패)
2026-07-10 12:36:02,562 [INFO] __main__ — 뉴스 시점 제외 [CS홀딩스]: 14건 (>14일/파싱실패)
2026-07-10 12:36:02,575 [INFO] __main__ — 뉴스 시점 제외 [크라운해태홀딩스]: 5건 (>14일/파싱실패)
2026-07-10 12:36:03,463 [INFO] __main__ — 뉴스 시점 제외 [한신기계]: 10건 (>14일/파싱실패)
2026-07-10 12:36:03,487 [INFO] __main__ — 뉴스 시점 제외 [사조오양]: 8건 (>14일/파싱실패)
2026-07-10 12:36:04,194 [INFO] __main__ — 뉴스 시점 제외 [한솔로지스틱스]: 11건 (>14일/파싱실패)
2026-07-10 12:36:04,916 [INFO] __main__ — 뉴스 시점 제외 [CJ씨푸드]: 8건 (>14일/파싱실패)
2026-07-10 12:36:05,177 [INFO] __main__ — 뉴스 시점 제외 [NH프라임리츠]: 12건 (>14일/파싱실패)
2026-07-10 12:36:05,686 [INFO] __main__ — 뉴스 시점 제외 [유한양행우]: 14건 (>14일/파싱실패)
2026-07-10 12:36:06,100 [INFO] __main__ — 뉴스 시점 제외 [삼정펄프]: 14건 (>14일/파싱실패)
2026-07-10 12:36:06,373 [INFO] __main__ — 뉴스 시점 제외 [태경케미컬]: 9건 (>14일/파싱실패)
2026-07-10 12:36:06,411 [INFO] __main__ — 뉴스 시점 제외 [아모레퍼시픽홀딩스우]: 15건 (>14일/파싱실패)
2026-07-10 12:36:07,091 [INFO] __main__ — 뉴스 시점 제외 [남양유업우]: 15건 (>14일/파싱실패)
2026-07-10 12:36:07,126 [INFO] __main__ — 뉴스 시점 제외 [진양산업]: 11건 (>14일/파싱실패)
2026-07-10 12:36:07,762 [INFO] __main__ — 뉴스 시점 제외 [테이팩스]: 7건 (>14일/파싱실패)
2026-07-10 12:36:07,813 [INFO] __main__ — 뉴스 시점 제외 [호전실업]: 12건 (>14일/파싱실패)
2026-07-10 12:36:07,867 [INFO] __main__ — 뉴스 시점 제외 [삼성출판사]: 10건 (>14일/파싱실패)
2026-07-10 12:36:08,612 [INFO] __main__ — 뉴스 시점 제외 [화천기계]: 11건 (>14일/파싱실패)
2026-07-10 12:36:09,473 [INFO] __main__ — 뉴스 시점 제외 [새론오토모티브]: 12건 (>14일/파싱실패)
2026-07-10 12:36:10,378 [INFO] __main__ — 뉴스 시점 제외 [유안타증권우]: 15건 (>14일/파싱실패)
2026-07-10 12:36:10,408 [INFO] __main__ — 뉴스 시점 제외 [롯데칠성우]: 15건 (>14일/파싱실패)
2026-07-10 12:36:10,654 [INFO] __main__ — 뉴스 시점 제외 [SJM홀딩스]: 15건 (>14일/파싱실패)
2026-07-10 12:36:11,310 [INFO] __main__ — 뉴스 시점 제외 [SG세계물산]: 9건 (>14일/파싱실패)
2026-07-10 12:36:11,379 [INFO] __main__ — 뉴스 시점 제외 [BYC우]: 14건 (>14일/파싱실패)
2026-07-10 12:36:12,051 [INFO] __main__ — 뉴스 시점 제외 [미래에셋맵스리츠]: 14건 (>14일/파싱실패)
2026-07-10 12:36:12,765 [INFO] __main__ — 뉴스 시점 제외 [조광페인트]: 1건 (>14일/파싱실패)
2026-07-10 12:36:12,793 [INFO] __main__ — 뉴스 시점 제외 [한화솔루션우]: 12건 (>14일/파싱실패)
2026-07-10 12:36:13,519 [INFO] __main__ — 뉴스 시점 제외 [SK케미칼우]: 15건 (>14일/파싱실패)
2026-07-10 12:36:14,420 [INFO] __main__ — 뉴스 시점 제외 [갤럭시아에스엠]: 8건 (>14일/파싱실패)
2026-07-10 12:36:14,427 [INFO] __main__ — 뉴스 시점 제외 [신한글로벌액티브리츠]: 12건 (>14일/파싱실패)
2026-07-10 12:36:15,336 [INFO] __main__ — 뉴스 시점 제외 [DL우]: 14건 (>14일/파싱실패)
2026-07-10 12:36:15,897 [INFO] __main__ — 뉴스 시점 제외 [우진플라임]: 13건 (>14일/파싱실패)
2026-07-10 12:36:16,804 [INFO] __main__ — 뉴스 시점 제외 [진양폴리]: 10건 (>14일/파싱실패)
2026-07-10 12:36:17,021 [INFO] __main__ — 뉴스 시점 제외 [SG글로벌]: 9건 (>14일/파싱실패)
2026-07-10 12:36:25,056 [INFO] __main__ — 뉴스 시점 제외 [큐리옥스바이오시스템즈]: 8건 (>14일/파싱실패)
2026-07-10 12:36:26,711 [INFO] __main__ — 뉴스 시점 제외 [케이아이엔엑스]: 9건 (>14일/파싱실패)
2026-07-10 12:36:29,324 [INFO] __main__ — 뉴스 시점 제외 [에스티큐브]: 10건 (>14일/파싱실패)
2026-07-10 12:36:31,527 [INFO] __main__ — 뉴스 시점 제외 [에프에스티]: 4건 (>14일/파싱실패)
2026-07-10 12:36:43,220 [INFO] __main__ — 뉴스 시점 제외 [한라IMS]: 8건 (>14일/파싱실패)
2026-07-10 12:36:45,210 [INFO] __main__ — 뉴스 시점 제외 [바이오플러스]: 6건 (>14일/파싱실패)
2026-07-10 12:36:47,230 [INFO] __main__ — 뉴스 시점 제외 [유니테스트]: 1건 (>14일/파싱실패)
2026-07-10 12:36:47,866 [INFO] __main__ — 뉴스 시점 제외 [슈어소프트테크]: 9건 (>14일/파싱실패)
2026-07-10 12:36:48,141 [INFO] __main__ — 뉴스 시점 제외 [서호전기]: 15건 (>14일/파싱실패)
2026-07-10 12:36:48,867 [INFO] __main__ — 뉴스 시점 제외 [오리엔탈정공]: 1건 (>14일/파싱실패)
2026-07-10 12:36:49,320 [INFO] __main__ — 뉴스 시점 제외 [한선엔지니어링]: 10건 (>14일/파싱실패)
2026-07-10 12:36:49,437 [INFO] __main__ — 뉴스 시점 제외 [코텍]: 13건 (>14일/파싱실패)
2026-07-10 12:36:50,179 [INFO] __main__ — 뉴스 시점 제외 [매커스]: 12건 (>14일/파싱실패)
2026-07-10 12:36:50,310 [INFO] __main__ — 뉴스 시점 제외 [에코아이]: 10건 (>14일/파싱실패)
2026-07-10 12:36:50,919 [INFO] __main__ — 뉴스 시점 제외 [석경에이티]: 7건 (>14일/파싱실패)
2026-07-10 12:36:51,669 [INFO] __main__ — 뉴스 시점 제외 [에스엔시스]: 12건 (>14일/파싱실패)
2026-07-10 12:36:53,956 [INFO] __main__ — 뉴스 시점 제외 [네오위즈홀딩스]: 2건 (>14일/파싱실패)
2026-07-10 12:36:54,859 [INFO] __main__ — 뉴스 시점 제외 [코메론]: 12건 (>14일/파싱실패)
2026-07-10 12:36:55,148 [INFO] __main__ — 뉴스 시점 제외 [국보디자인]: 8건 (>14일/파싱실패)
2026-07-10 12:36:55,868 [INFO] __main__ — 뉴스 시점 제외 [일진파워]: 5건 (>14일/파싱실패)
2026-07-10 12:36:57,306 [INFO] __main__ — 뉴스 시점 제외 [레드캡투어]: 4건 (>14일/파싱실패)
2026-07-10 12:36:58,042 [INFO] __main__ — 뉴스 시점 제외 [와이솔]: 10건 (>14일/파싱실패)
2026-07-10 12:36:58,798 [INFO] __main__ — 뉴스 시점 제외 [유성티엔에스]: 7건 (>14일/파싱실패)
2026-07-10 12:36:59,702 [INFO] __main__ — 뉴스 시점 제외 [재영솔루텍]: 8건 (>14일/파싱실패)
2026-07-10 12:37:00,271 [INFO] __main__ — 뉴스 시점 제외 [우양에이치씨]: 7건 (>14일/파싱실패)
2026-07-10 12:37:00,447 [INFO] __main__ — 뉴스 시점 제외 [코리아에프티]: 13건 (>14일/파싱실패)
2026-07-10 12:37:01,015 [INFO] __main__ — 뉴스 시점 제외 [링크솔루션]: 6건 (>14일/파싱실패)
2026-07-10 12:37:01,940 [INFO] __main__ — 뉴스 시점 제외 [유비쿼스]: 9건 (>14일/파싱실패)
2026-07-10 12:37:01,963 [INFO] __main__ — 뉴스 시점 제외 [엠아이텍]: 10건 (>14일/파싱실패)
2026-07-10 12:37:01,970 [INFO] __main__ — 뉴스 시점 제외 [더즌]: 5건 (>14일/파싱실패)
2026-07-10 12:37:04,899 [INFO] __main__ — 뉴스 시점 제외 [그린리소스]: 11건 (>14일/파싱실패)
2026-07-10 12:37:06,585 [INFO] __main__ — 뉴스 시점 제외 [고려신용정보]: 12건 (>14일/파싱실패)
2026-07-10 12:37:08,109 [INFO] __main__ — 뉴스 시점 제외 [노바텍]: 3건 (>14일/파싱실패)
2026-07-10 12:37:11,988 [INFO] __main__ — 뉴스 시점 제외 [인포바인]: 13건 (>14일/파싱실패)
2026-07-10 12:37:12,198 [INFO] __main__ — 뉴스 시점 제외 [현대에버다임]: 7건 (>14일/파싱실패)
2026-07-10 12:37:12,624 [INFO] __main__ — 뉴스 시점 제외 [코윈테크]: 9건 (>14일/파싱실패)
2026-07-10 12:37:12,922 [INFO] __main__ — 뉴스 시점 제외 [킵스파마]: 6건 (>14일/파싱실패)
2026-07-10 12:37:13,534 [INFO] __main__ — 뉴스 시점 제외 [케이에스피]: 7건 (>14일/파싱실패)
2026-07-10 12:37:13,558 [INFO] __main__ — 뉴스 시점 제외 [KT나스미디어]: 14건 (>14일/파싱실패)
2026-07-10 12:37:13,665 [INFO] __main__ — 뉴스 시점 제외 [아가방컴퍼니]: 10건 (>14일/파싱실패)
2026-07-10 12:37:14,386 [INFO] __main__ — 뉴스 시점 제외 [셀레믹스]: 6건 (>14일/파싱실패)
2026-07-10 12:37:14,999 [INFO] __main__ — 뉴스 시점 제외 [지어소프트]: 12건 (>14일/파싱실패)
2026-07-10 12:37:15,740 [INFO] __main__ — 뉴스 시점 제외 [솔본]: 11건 (>14일/파싱실패)
2026-07-10 12:37:15,763 [INFO] __main__ — 뉴스 시점 제외 [엠에스씨]: 13건 (>14일/파싱실패)
2026-07-10 12:37:16,484 [INFO] __main__ — 뉴스 시점 제외 [진로발효]: 10건 (>14일/파싱실패)
2026-07-10 12:37:16,695 [INFO] __main__ — 뉴스 시점 제외 [우리손에프앤지]: 14건 (>14일/파싱실패)
2026-07-10 12:37:17,239 [INFO] __main__ — 뉴스 시점 제외 [세운메디칼]: 13건 (>14일/파싱실패)
2026-07-10 12:37:17,417 [INFO] __main__ — 뉴스 시점 제외 [케이씨에스]: 1건 (>14일/파싱실패)
2026-07-10 12:37:17,974 [INFO] __main__ — 뉴스 시점 제외 [레이언스]: 14건 (>14일/파싱실패)
2026-07-10 12:37:18,907 [INFO] __main__ — 뉴스 시점 제외 [대정화금]: 13건 (>14일/파싱실패)
2026-07-10 12:37:20,545 [INFO] __main__ — 뉴스 시점 제외 [스톰테크]: 10건 (>14일/파싱실패)
2026-07-10 12:37:21,293 [INFO] __main__ — 뉴스 시점 제외 [풍국주정]: 11건 (>14일/파싱실패)
2026-07-10 12:37:22,025 [INFO] __main__ — 뉴스 시점 제외 [정상제이엘에스]: 6건 (>14일/파싱실패)
2026-07-10 12:37:22,951 [INFO] __main__ — 뉴스 시점 제외 [위드텍]: 4건 (>14일/파싱실패)
2026-07-10 12:37:22,954 [INFO] __main__ — 뉴스 시점 제외 [서원인텍]: 14건 (>14일/파싱실패)
2026-07-10 12:37:23,308 [INFO] __main__ — 뉴스 시점 제외 [원익피앤이]: 5건 (>14일/파싱실패)
2026-07-10 12:37:23,711 [INFO] __main__ — 뉴스 시점 제외 [에이치엔에스하이텍]: 12건 (>14일/파싱실패)
2026-07-10 12:37:23,712 [INFO] __main__ — 뉴스 시점 제외 [LS티라유텍]: 14건 (>14일/파싱실패)
2026-07-10 12:37:24,457 [INFO] __main__ — 뉴스 시점 제외 [동국S&C]: 4건 (>14일/파싱실패)
2026-07-10 12:37:24,773 [INFO] __main__ — 뉴스 시점 제외 [엑스페릭스]: 11건 (>14일/파싱실패)
2026-07-10 12:37:26,143 [INFO] __main__ — 뉴스 시점 제외 [창해에탄올]: 13건 (>14일/파싱실패)
2026-07-10 12:37:28,328 [INFO] __main__ — 뉴스 시점 제외 [디앤씨미디어]: 4건 (>14일/파싱실패)
2026-07-10 12:37:28,846 [INFO] __main__ — 뉴스 시점 제외 [대림제지]: 12건 (>14일/파싱실패)
2026-07-10 12:37:29,583 [INFO] __main__ — 뉴스 시점 제외 [일지테크]: 5건 (>14일/파싱실패)
2026-07-10 12:37:30,054 [INFO] __main__ — 뉴스 시점 제외 [로보로보]: 11건 (>14일/파싱실패)
2026-07-10 12:37:30,515 [INFO] __main__ — 뉴스 시점 제외 [뉴프렉스]: 9건 (>14일/파싱실패)
2026-07-10 12:37:30,535 [INFO] __main__ — 뉴스 시점 제외 [한국가구]: 8건 (>14일/파싱실패)
2026-07-10 12:37:31,982 [INFO] __main__ — 뉴스 시점 제외 [싸이닉솔루션]: 9건 (>14일/파싱실패)
2026-07-10 12:37:34,385 [INFO] __main__ — 뉴스 시점 제외 [양지사]: 12건 (>14일/파싱실패)
2026-07-10 12:37:34,397 [INFO] __main__ — 뉴스 시점 제외 [리드코프]: 12건 (>14일/파싱실패)
2026-07-10 12:37:35,557 [INFO] __main__ — 뉴스 시점 제외 [엔비알모션]: 9건 (>14일/파싱실패)
2026-07-10 12:37:35,865 [INFO] __main__ — 뉴스 시점 제외 [제닉스로보틱스]: 12건 (>14일/파싱실패)
2026-07-10 12:37:37,299 [INFO] __main__ — 뉴스 시점 제외 [삼현철강]: 5건 (>14일/파싱실패)
2026-07-10 12:37:38,216 [INFO] __main__ — 뉴스 시점 제외 [팅크웨어]: 7건 (>14일/파싱실패)
2026-07-10 12:37:39,157 [INFO] __main__ — 뉴스 시점 제외 [셀바스헬스케어]: 11건 (>14일/파싱실패)
2026-07-10 12:37:39,167 [INFO] __main__ — 뉴스 시점 제외 [모델솔루션]: 9건 (>14일/파싱실패)
2026-07-10 12:37:39,217 [INFO] __main__ — 뉴스 시점 제외 [큐에스아이]: 9건 (>14일/파싱실패)
2026-07-10 12:37:40,090 [INFO] __main__ — 뉴스 시점 제외 [SY동아]: 9건 (>14일/파싱실패)
2026-07-10 12:37:41,020 [INFO] __main__ — 뉴스 시점 제외 [에스피소프트]: 9건 (>14일/파싱실패)
2026-07-10 12:37:41,021 [INFO] __main__ — 뉴스 시점 제외 [미투온]: 3건 (>14일/파싱실패)
2026-07-10 12:37:41,779 [INFO] __main__ — 뉴스 시점 제외 [피제이전자]: 10건 (>14일/파싱실패)
2026-07-10 12:37:41,782 [INFO] __main__ — 뉴스 시점 제외 [한국전자인증]: 5건 (>14일/파싱실패)
2026-07-10 12:37:41,786 [INFO] __main__ — 뉴스 시점 제외 [유라테크]: 13건 (>14일/파싱실패)
2026-07-10 12:37:42,727 [INFO] __main__ — 뉴스 시점 제외 [한켐]: 10건 (>14일/파싱실패)
2026-07-10 12:37:42,738 [INFO] __main__ — 뉴스 시점 제외 [APS이노베이션]: 9건 (>14일/파싱실패)
2026-07-10 12:37:43,460 [INFO] __main__ — 뉴스 시점 제외 [레뷰코퍼레이션]: 9건 (>14일/파싱실패)
2026-07-10 12:37:44,186 [INFO] __main__ — 뉴스 시점 제외 [유니테크노]: 10건 (>14일/파싱실패)
2026-07-10 12:37:44,906 [INFO] __main__ — 뉴스 시점 제외 [블루콤]: 13건 (>14일/파싱실패)
2026-07-10 12:37:45,836 [INFO] __main__ — 뉴스 시점 제외 [팬젠]: 6건 (>14일/파싱실패)
2026-07-10 12:37:46,071 [INFO] __main__ — 뉴스 시점 제외 [대륙제관]: 13건 (>14일/파싱실패)
2026-07-10 12:37:47,307 [INFO] __main__ — 뉴스 시점 제외 [케이엘넷]: 14건 (>14일/파싱실패)
2026-07-10 12:37:47,536 [INFO] __main__ — 뉴스 시점 제외 [잉크테크]: 12건 (>14일/파싱실패)
2026-07-10 12:37:48,030 [INFO] __main__ — 뉴스 시점 제외 [이건홀딩스]: 15건 (>14일/파싱실패)
2026-07-10 12:37:48,613 [INFO] __main__ — 뉴스 시점 제외 [셀바이오휴먼텍]: 9건 (>14일/파싱실패)
2026-07-10 12:37:48,957 [INFO] __main__ — 뉴스 시점 제외 [퓨런티어]: 10건 (>14일/파싱실패)
2026-07-10 12:37:49,670 [INFO] __main__ — 뉴스 시점 제외 [부방]: 13건 (>14일/파싱실패)
2026-07-10 12:37:50,099 [INFO] __main__ — 뉴스 시점 제외 [화성밸브]: 13건 (>14일/파싱실패)
2026-07-10 12:37:52,259 [INFO] __main__ — 뉴스 시점 제외 [아셈스]: 14건 (>14일/파싱실패)
2026-07-10 12:37:53,347 [INFO] __main__ — 뉴스 시점 제외 [코렌텍]: 12건 (>14일/파싱실패)
2026-07-10 12:37:54,526 [INFO] __main__ — 뉴스 시점 제외 [수산아이앤티]: 12건 (>14일/파싱실패)
2026-07-10 12:37:54,626 [INFO] __main__ — 뉴스 시점 제외 [씨티케이]: 8건 (>14일/파싱실패)
2026-07-10 12:37:54,803 [INFO] __main__ — 뉴스 시점 제외 [에스피시스템스]: 6건 (>14일/파싱실패)
2026-07-10 12:37:55,240 [INFO] __main__ — 뉴스 시점 제외 [SG&G]: 11건 (>14일/파싱실패)
2026-07-10 12:37:55,526 [INFO] __main__ — 뉴스 시점 제외 [프로티아]: 14건 (>14일/파싱실패)
2026-07-10 12:37:56,164 [INFO] __main__ — 뉴스 시점 제외 [탑코미디어]: 13건 (>14일/파싱실패)
2026-07-10 12:37:56,279 [INFO] __main__ — 뉴스 시점 제외 [케이사인]: 12건 (>14일/파싱실패)
2026-07-10 12:37:56,915 [INFO] __main__ — 뉴스 시점 제외 [엘컴텍]: 12건 (>14일/파싱실패)
2026-07-10 12:37:57,024 [INFO] __main__ — 뉴스 시점 제외 [프로이천]: 11건 (>14일/파싱실패)
2026-07-10 12:37:58,358 [INFO] __main__ — 뉴스 시점 제외 [SM Life Design]: 14건 (>14일/파싱실패)
2026-07-10 12:37:59,103 [INFO] __main__ — 뉴스 시점 제외 [탑엔지니어링]: 3건 (>14일/파싱실패)
2026-07-10 12:37:59,192 [INFO] __main__ — 뉴스 시점 제외 [옵티시스]: 9건 (>14일/파싱실패)
2026-07-10 12:37:59,846 [INFO] __main__ — 뉴스 시점 제외 [오상자이엘]: 10건 (>14일/파싱실패)
2026-07-10 12:37:59,850 [INFO] __main__ — 뉴스 시점 제외 [TPC로보틱스]: 11건 (>14일/파싱실패)
2026-07-10 12:37:59,913 [INFO] __main__ — 뉴스 시점 제외 [셀로맥스사이언스]: 10건 (>14일/파싱실패)
2026-07-10 12:38:00,631 [INFO] __main__ — 뉴스 시점 제외 [캐프]: 4건 (>14일/파싱실패)
2026-07-10 12:38:00,855 [INFO] __main__ — 뉴스 시점 제외 [코닉오토메이션]: 4건 (>14일/파싱실패)
2026-07-10 12:38:01,764 [INFO] __main__ — 뉴스 시점 제외 [씨유테크]: 11건 (>14일/파싱실패)
2026-07-10 12:38:02,018 [INFO] __main__ — 뉴스 시점 제외 [코콤]: 7건 (>14일/파싱실패)
2026-07-10 12:38:02,088 [INFO] __main__ — 뉴스 시점 제외 [푸른로보틱스]: 10건 (>14일/파싱실패)
2026-07-10 12:38:02,505 [INFO] __main__ — 뉴스 시점 제외 [흥국에프엔비]: 10건 (>14일/파싱실패)
2026-07-10 12:38:03,560 [INFO] __main__ — 뉴스 시점 제외 [위너스일렉]: 7건 (>14일/파싱실패)
2026-07-10 12:38:04,223 [INFO] __main__ — 뉴스 시점 제외 [일월지엠엘]: 15건 (>14일/파싱실패)
2026-07-10 12:38:05,672 [INFO] __main__ — 뉴스 시점 제외 [NHN벅스]: 7건 (>14일/파싱실패)
2026-07-10 12:38:06,888 [INFO] __main__ — 뉴스 시점 제외 [쓰리에이로직스]: 11건 (>14일/파싱실패)
2026-07-10 12:38:07,629 [INFO] __main__ — 뉴스 시점 제외 [링크제니시스]: 12건 (>14일/파싱실패)
2026-07-10 12:38:07,865 [INFO] __main__ — 뉴스 시점 제외 [에이텍모빌리티]: 8건 (>14일/파싱실패)
2026-07-10 12:38:08,804 [INFO] __main__ — 뉴스 시점 제외 [램테크놀러지]: 1건 (>14일/파싱실패)
2026-07-10 12:38:09,540 [INFO] __main__ — 뉴스 시점 제외 [한독크린텍]: 13건 (>14일/파싱실패)
2026-07-10 12:38:10,239 [INFO] __main__ — 뉴스 시점 제외 [서연탑메탈]: 11건 (>14일/파싱실패)
2026-07-10 12:38:11,897 [INFO] __main__ — 뉴스 시점 제외 [미래생명자원]: 10건 (>14일/파싱실패)
2026-07-10 12:38:12,021 [INFO] __main__ — 뉴스 시점 제외 [보라티알]: 15건 (>14일/파싱실패)
2026-07-10 12:38:12,637 [INFO] __main__ — 뉴스 시점 제외 [에코캡]: 10건 (>14일/파싱실패)
2026-07-10 12:38:12,749 [INFO] __main__ — 뉴스 시점 제외 [하이딥]: 7건 (>14일/파싱실패)
2026-07-10 12:38:13,363 [INFO] __main__ — 뉴스 시점 제외 [스튜디오미르]: 11건 (>14일/파싱실패)
2026-07-10 12:38:13,382 [INFO] __main__ — 뉴스 시점 제외 [성우전자]: 11건 (>14일/파싱실패)
2026-07-10 12:38:14,118 [INFO] __main__ — 뉴스 시점 제외 [백금T&A]: 11건 (>14일/파싱실패)
2026-07-10 12:38:16,067 [INFO] __main__ — 뉴스 시점 제외 [네오크레마]: 11건 (>14일/파싱실패)
2026-07-10 12:38:16,990 [INFO] __main__ — 뉴스 시점 제외 [에이치와이티씨]: 11건 (>14일/파싱실패)
2026-07-10 12:38:17,054 [INFO] __main__ — 뉴스 시점 제외 [기산텔레콤]: 10건 (>14일/파싱실패)
2026-07-10 12:38:17,068 [INFO] __main__ — 뉴스 시점 제외 [브리지텍]: 11건 (>14일/파싱실패)
2026-07-10 12:38:17,729 [INFO] __main__ — 뉴스 시점 제외 [팬엔터테인먼트]: 3건 (>14일/파싱실패)
2026-07-10 12:38:18,505 [INFO] __main__ — 뉴스 시점 제외 [넥스턴앤롤코리아]: 7건 (>14일/파싱실패)
2026-07-10 12:38:19,212 [INFO] __main__ — 뉴스 시점 제외 [비비씨]: 13건 (>14일/파싱실패)
2026-07-10 12:38:19,440 [INFO] __main__ — 뉴스 시점 제외 [엔텔스]: 9건 (>14일/파싱실패)
2026-07-10 12:38:19,883 [INFO] __main__ — 뉴스 시점 제외 [심플랫폼]: 1건 (>14일/파싱실패)
2026-07-10 12:38:19,965 [INFO] __main__ — 뉴스 시점 제외 [이삭엔지니어링]: 11건 (>14일/파싱실패)
2026-07-10 12:38:20,622 [INFO] __main__ — 뉴스 시점 제외 [폴라리스우노]: 10건 (>14일/파싱실패)
2026-07-10 12:38:20,698 [INFO] __main__ — 뉴스 시점 제외 [제이엔비]: 9건 (>14일/파싱실패)
2026-07-10 12:38:21,358 [INFO] __main__ — 뉴스 시점 제외 [플랜티넷]: 9건 (>14일/파싱실패)
2026-07-10 12:38:22,025 [INFO] __main__ — 뉴스 시점 제외 [아이퀘스트]: 10건 (>14일/파싱실패)
2026-07-10 12:38:22,172 [INFO] __main__ — 뉴스 시점 제외 [자이언트스텝]: 9건 (>14일/파싱실패)
2026-07-10 12:38:22,273 [INFO] __main__ — POOL_A 후보 부정뉴스 2차 조회: 790개
2026-07-10 12:38:22,278 [INFO] __main__ — POOL_A: 1251개 (A:795 B:206 동시:250) | 부정게이트 제외:23
  대형:92 중형:256 소형:903
2026-07-10 12:38:22,287 [INFO] __main__ —   → POOL_A: 1251개
2026-07-10 12:38:22,287 [INFO] __main__ — ▶ Step 2: 하드 필터링
2026-07-10 12:38:22,289 [INFO] __main__ — 하드 필터 제거: 1217개 | 과열배제 54 | 이격도상한 2 | 이격도하한 399 | MA추세 707 | RSI과열 3 | 거래대금 52
2026-07-10 12:38:22,291 [INFO] __main__ — 과열 gated 기록: 54개 → gated_tickers
2026-07-10 12:38:22,291 [INFO] __main__ — POOL_B: 34개 | 대형:3 중형:13 소형:18
2026-07-10 12:38:22,291 [INFO] __main__ —   → POOL_B: 34개
2026-07-10 12:38:22,291 [INFO] __main__ — ▶ Step 3: 스코어링 (FinBERT 감성 분석)
2026-07-10 12:38:22,291 [INFO] __main__ — NaverClient: 3개 키 로드 (DataLab·검색 독립 회전)
2026-07-10 12:38:22,291 [INFO] __main__ — 텍스트 신규 수집: 34종목 (캐시 적중 0종목)
2026-07-10 12:38:27,597 [INFO] __main__ — 뉴스 시점 제외 [이수화학]: 12건 (>14일/파싱실패)
2026-07-10 12:38:32,113 [INFO] __main__ — 뉴스 시점 제외 [부국철강]: 12건 (>14일/파싱실패)
2026-07-10 12:38:46,542 [INFO] __main__ — 뉴스 시점 제외 [코세스]: 14건 (>14일/파싱실패)
2026-07-10 12:38:51,109 [INFO] __main__ — 뉴스 시점 제외 [디케이티]: 16건 (>14일/파싱실패)
2026-07-10 12:38:54,930 [INFO] __main__ — 뉴스 시점 제외 [싸이맥스]: 17건 (>14일/파싱실패)
2026-07-10 12:38:55,852 [INFO] __main__ — 뉴스 시점 제외 [글로벌텍스프리]: 18건 (>14일/파싱실패)
2026-07-10 12:39:10,148 [INFO] __main__ — 뉴스 시점 제외 [KX하이텍]: 21건 (>14일/파싱실패)
2026-07-10 12:39:17,634 [INFO] __main__ — 수집 완료: 뉴스 310건 | 공시 70건
2026-07-10 12:39:17,634 [INFO] __main__ — FinBERT 감성 분석 (finbert 모드)...
2026-07-10 12:39:17,634 [INFO] __main__ — FinBERT 로딩: snunlp/KR-FinBert-SC (CPU, batch=8)
2026-07-10 12:39:17,760 [INFO] httpx — HTTP Request: GET https://huggingface.co/api/agent-harnesses "HTTP/1.1 200 OK"
2026-07-10 12:39:17,812 [INFO] httpx — HTTP Request: HEAD https://huggingface.co/snunlp/KR-FinBert-SC/resolve/main/config.json "HTTP/1.1 307 Temporary Redirect"
2026-07-10 12:39:17,812 [WARNING] huggingface_hub.utils._http — Warning: You are sending unauthenticated requests to the HF Hub. Please set a HF_TOKEN to enable higher rate limits and faster downloads.
2026-07-10 12:39:17,834 [INFO] httpx — HTTP Request: HEAD https://huggingface.co/api/resolve-cache/models/snunlp/KR-FinBert-SC/f8586286cc3161fb648e9fee09a456069fd846d0/config.json "HTTP/1.1 200 OK"
2026-07-10 12:39:17,917 [INFO] httpx — HTTP Request: HEAD https://huggingface.co/snunlp/KR-FinBert-SC/resolve/main/model.safetensors "HTTP/1.1 404 Not Found"
2026-07-10 12:39:17,974 [INFO] httpx — HTTP Request: GET https://huggingface.co/api/models/snunlp/KR-FinBert-SC "HTTP/1.1 200 OK"
2026-07-10 12:39:18,035 [INFO] httpx — HTTP Request: GET https://huggingface.co/api/models/snunlp/KR-FinBert-SC/commits/main "HTTP/1.1 200 OK"
2026-07-10 12:39:18,099 [INFO] httpx — HTTP Request: GET https://huggingface.co/api/models/snunlp/KR-FinBert-SC/discussions?p=0 "HTTP/1.1 200 OK"
2026-07-10 12:39:18,135 [INFO] httpx — HTTP Request: GET https://huggingface.co/api/models/snunlp/KR-FinBert-SC/tree/main/additional_chat_templates?recursive=false&expand=false "HTTP/1.1 404 Not Found"
2026-07-10 12:39:18,164 [INFO] httpx — HTTP Request: GET https://huggingface.co/api/models/snunlp/KR-FinBert-SC/commits/refs%2Fpr%2F3 "HTTP/1.1 200 OK"
2026-07-10 12:39:18,185 [INFO] httpx — HTTP Request: GET https://huggingface.co/api/models/snunlp/KR-FinBert-SC/tree/main?recursive=true&expand=false "HTTP/1.1 200 OK"
2026-07-10 12:39:18,227 [INFO] httpx — HTTP Request: HEAD https://huggingface.co/snunlp/KR-FinBert-SC/resolve/refs%2Fpr%2F3/model.safetensors.index.json "HTTP/1.1 404 Not Found"
2026-07-10 12:39:18,289 [INFO] httpx — HTTP Request: HEAD https://huggingface.co/snunlp/KR-FinBert-SC/resolve/refs%2Fpr%2F3/model.safetensors "HTTP/1.1 302 Found"
2026-07-10 12:39:18,296 [INFO] httpx — HTTP Request: HEAD https://huggingface.co/snunlp/KR-FinBert-SC/resolve/main/processor_config.json "HTTP/1.1 404 Not Found"
2026-07-10 12:39:18,350 [INFO] httpx — HTTP Request: HEAD https://huggingface.co/snunlp/KR-FinBert-SC/resolve/main/video_preprocessor_config.json "HTTP/1.1 404 Not Found"
2026-07-10 12:39:18,419 [INFO] httpx — HTTP Request: HEAD https://huggingface.co/snunlp/KR-FinBert-SC/resolve/main/preprocessor_config.json "HTTP/1.1 404 Not Found"
2026-07-10 12:39:18,420 [INFO] __main__ — FinBERT 로드 완료 (CPU)
2026-07-10 12:39:23,661 [INFO] __main__ — Phase A.1: 매핑 신뢰도 < 0.5 → 감성 점수 폐기 32건
2026-07-10 12:39:23,661 [INFO] __main__ — 스코어링: 34개 | 집중:0 | FinBERT:finbert
2026-07-10 12:39:23,678 [INFO] __main__ —   → 34개
2026-07-10 12:39:23,678 [INFO] __main__ — ▶ Step 4: 발송
2026-07-10 12:39:26,722 [WARNING] __main__ — 텔레그램 발송 실패 그룹 → mark_sent skip 5개 (다음 실행 시 재발송 대상)
2026-07-10 12:39:26,722 [INFO] __main__ — DB 기록: 0개 / 전체 to_send 5개
2026-07-10 12:39:26,722 [INFO] __main__ — 발송: 집중 0 / 주시 0
2026-07-10 12:39:26,722 [INFO] __main__ — 완료  |  소요: 1454.2초
