2026-06-14 23:49:26,960 [INFO] __main__ — config 검증 완료 ✓
2026-06-14 23:49:26,960 [INFO] __main__ — ============================================================
2026-06-14 23:49:26,960 [INFO] __main__ — AlphaRadar v3.3.1  |  기준일: 20260614
2026-06-14 23:49:26,960 [INFO] __main__ — S = T×0.3 + S_text×0.4 + D×0.3
2026-06-14 23:49:26,960 [INFO] __main__ — ============================================================
2026-06-14 23:49:26,961 [INFO] __main__ — ▶ Step 0: 유니버스 필터링
2026-06-14 23:49:27,128 [INFO] __main__ — 날짜 조정: 20260614 → 20260612
2026-06-14 23:49:27,129 [INFO] __main__ — FDR 데이터 수집: 20251207 ~ 20260612
2026-06-14 23:49:28,540 [INFO] __main__ — KOSPI: 946개 | 섹터정보 836개 (DART +836개 보완)
2026-06-14 23:49:28,541 [INFO] __main__ — KOSDAQ: 1822개 | 섹터정보 1822개
2026-06-14 23:49:28,541 [INFO] __main__ — 전체: 2768개
2026-06-14 23:49:30,903 [INFO] __main__ — KIS 토큰 발급 완료
2026-06-15 00:06:57,043 [INFO] __main__ — DART corp_code 매핑: 2231/2284개 (97%)
2026-06-15 00:06:57,043 [INFO] __main__ — 유효 유니버스: 2284개
2026-06-15 00:06:57,054 [INFO] __main__ —   → 2284개
2026-06-15 00:06:57,054 [INFO] __main__ — ▶ Step 1: 신호 탐지
2026-06-15 00:06:57,054 [INFO] __main__ — NaverClient: 3개 키 로드 (DataLab·검색 독립 회전)
2026-06-15 00:06:57,054 [INFO] __main__ — 관심 지수 및 부정 뉴스 비율 조회 중...
2026-06-15 00:10:59,562 [INFO] __main__ — 부정 키워드 감지: 15개 종목 (neg_ratio > 0)
2026-06-15 00:10:59,568 [INFO] __main__ — POOL_A: 1051개 (A:1038 B:3 동시:10)
  대형:63 중형:218 소형:770
2026-06-15 00:10:59,574 [INFO] __main__ —   → POOL_A: 1051개
2026-06-15 00:10:59,574 [INFO] __main__ — ▶ Step 2: 하드 필터링
2026-06-15 00:10:59,575 [INFO] __main__ — 하드 필터 제거: 993개 | 이격도상한 48 | 이격도하한 413 | MA추세 424 | RSI과열 1 | 거래대금 107
2026-06-15 00:10:59,575 [INFO] __main__ — POOL_B: 58개 | 대형:10 중형:23 소형:25
2026-06-15 00:10:59,575 [INFO] __main__ —   → POOL_B: 58개
2026-06-15 00:10:59,575 [INFO] __main__ — ▶ Step 3: 스코어링 (FinBERT 감성 분석)
2026-06-15 00:10:59,575 [INFO] __main__ — NaverClient: 3개 키 로드 (DataLab·검색 독립 회전)
2026-06-15 00:10:59,576 [INFO] __main__ — 텍스트 신규 수집: 58종목 (캐시 적중 0종목)
2026-06-15 00:12:33,709 [INFO] __main__ — 수집 완료: 뉴스 545건 | 공시 531건
2026-06-15 00:12:33,710 [INFO] __main__ — FinBERT 감성 분석 (finbert 모드)...
2026-06-15 00:12:33,710 [INFO] __main__ — FinBERT 로딩: snunlp/KR-FinBert-SC (CPU, batch=8)
2026-06-15 00:12:33,832 [INFO] httpx — HTTP Request: GET https://huggingface.co/api/agent-harnesses "HTTP/1.1 200 OK"
2026-06-15 00:12:33,852 [INFO] httpx — HTTP Request: HEAD https://huggingface.co/snunlp/KR-FinBert-SC/resolve/main/config.json "HTTP/1.1 307 Temporary Redirect"
2026-06-15 00:12:33,853 [WARNING] huggingface_hub.utils._http — Warning: You are sending unauthenticated requests to the HF Hub. Please set a HF_TOKEN to enable higher rate limits and faster downloads.
2026-06-15 00:12:33,864 [INFO] httpx — HTTP Request: HEAD https://huggingface.co/api/resolve-cache/models/snunlp/KR-FinBert-SC/f8586286cc3161fb648e9fee09a456069fd846d0/config.json "HTTP/1.1 200 OK"
2026-06-15 00:12:33,902 [INFO] httpx — HTTP Request: HEAD https://huggingface.co/snunlp/KR-FinBert-SC/resolve/main/model.safetensors "HTTP/1.1 404 Not Found"
2026-06-15 00:12:33,931 [INFO] httpx — HTTP Request: GET https://huggingface.co/api/models/snunlp/KR-FinBert-SC "HTTP/1.1 200 OK"
2026-06-15 00:12:33,974 [INFO] httpx — HTTP Request: GET https://huggingface.co/api/models/snunlp/KR-FinBert-SC/commits/main "HTTP/1.1 200 OK"
2026-06-15 00:12:34,006 [INFO] httpx — HTTP Request: GET https://huggingface.co/api/models/snunlp/KR-FinBert-SC/discussions?p=0 "HTTP/1.1 200 OK"
2026-06-15 00:12:34,064 [INFO] httpx — HTTP Request: GET https://huggingface.co/api/models/snunlp/KR-FinBert-SC/tree/main/additional_chat_templates?recursive=false&expand=false "HTTP/1.1 404 Not Found"
2026-06-15 00:12:34,074 [INFO] httpx — HTTP Request: GET https://huggingface.co/api/models/snunlp/KR-FinBert-SC/commits/refs%2Fpr%2F3 "HTTP/1.1 200 OK"
2026-06-15 00:12:34,084 [INFO] httpx — HTTP Request: GET https://huggingface.co/api/models/snunlp/KR-FinBert-SC/tree/main?recursive=true&expand=false "HTTP/1.1 200 OK"
2026-06-15 00:12:34,104 [INFO] httpx — HTTP Request: HEAD https://huggingface.co/snunlp/KR-FinBert-SC/resolve/refs%2Fpr%2F3/model.safetensors.index.json "HTTP/1.1 404 Not Found"
2026-06-15 00:12:34,129 [INFO] httpx — HTTP Request: HEAD https://huggingface.co/snunlp/KR-FinBert-SC/resolve/refs%2Fpr%2F3/model.safetensors "HTTP/1.1 302 Found"
2026-06-15 00:12:34,131 [INFO] httpx — HTTP Request: HEAD https://huggingface.co/snunlp/KR-FinBert-SC/resolve/main/processor_config.json "HTTP/1.1 404 Not Found"
2026-06-15 00:12:34,162 [INFO] httpx — HTTP Request: HEAD https://huggingface.co/snunlp/KR-FinBert-SC/resolve/main/video_preprocessor_config.json "HTTP/1.1 404 Not Found"
2026-06-15 00:12:34,186 [INFO] httpx — HTTP Request: HEAD https://huggingface.co/snunlp/KR-FinBert-SC/resolve/main/preprocessor_config.json "HTTP/1.1 404 Not Found"
2026-06-15 00:12:34,187 [INFO] __main__ — FinBERT 로드 완료 (CPU)
2026-06-15 00:13:12,621 [INFO] __main__ — Phase A.1: 매핑 신뢰도 < 0.5 → 감성 점수 폐기 42건
2026-06-15 00:13:12,621 [INFO] __main__ — 스코어링: 58개 | 집중:0 | FinBERT:finbert
2026-06-15 00:13:12,638 [INFO] __main__ —   → 58개
2026-06-15 00:13:12,638 [INFO] __main__ — ▶ Step 4: 발송
2026-06-15 00:13:15,858 [WARNING] __main__ — 텔레그램 발송 실패 그룹 → mark_sent skip 8개 (다음 실행 시 재발송 대상)
2026-06-15 00:13:15,858 [INFO] __main__ — DB 기록: 0개 / 전체 to_send 8개
2026-06-15 00:13:15,858 [INFO] __main__ — 발송: 집중 0 / 주시 0
2026-06-15 00:13:15,858 [INFO] __main__ — 완료  |  소요: 1428.9초
