2026-08-16 21:33:22,088 [INFO] __main__ — config 검증 완료 ✓
2026-08-16 21:33:22,088 [INFO] __main__ — ============================================================
2026-08-16 21:33:22,088 [INFO] __main__ — AlphaRadar v3.3.1  |  기준일: 20260817
2026-08-16 21:33:22,088 [INFO] __main__ — S = T×0.3 + S_text×0.4 + D×0.3
2026-08-16 21:33:22,089 [INFO] __main__ — ============================================================
2026-08-16 21:33:22,089 [INFO] __main__ — ▶ Step 0: 유니버스 필터링
2026-08-16 21:33:22,227 [INFO] __main__ — FDR 데이터 수집: 20260211 ~ 20260817
2026-08-16 21:33:23,797 [INFO] __main__ — KOSPI: 942개 | 섹터정보 829개 (DART +829개 보완)
2026-08-16 21:33:23,798 [INFO] __main__ — KOSDAQ: 1821개 | 섹터정보 1821개
2026-08-16 21:33:23,798 [INFO] __main__ — 전체: 2763개
2026-08-16 21:33:26,066 [INFO] __main__ — KIS 토큰 발급 완료
2026-08-16 21:48:58,759 [INFO] __main__ — DART corp_code 매핑: 2204/2255개 (97%)
2026-08-16 21:48:58,759 [INFO] __main__ — 유효 유니버스: 2255개
2026-08-16 21:48:58,770 [INFO] __main__ —   → 2255개
2026-08-16 21:48:58,770 [INFO] __main__ — ▶ Step 1: 신호 탐지
2026-08-16 21:48:58,770 [INFO] __main__ — NaverClient: 3개 키 로드 (DataLab·검색 독립 회전)
2026-08-16 21:48:58,770 [INFO] __main__ — 관심 지수 및 부정 뉴스 비율 조회 중...
2026-08-16 21:49:00,510 [INFO] __main__ — 봇 주가요약 제외 [대한광통신]: 3건
2026-08-16 21:49:01,947 [INFO] __main__ — 봇 주가요약 제외 [금호타이어]: 2건
2026-08-16 21:49:01,987 [INFO] __main__ — 봇 주가요약 제외 [대원전선]: 1건
2026-08-16 21:49:04,850 [INFO] __main__ — 봇 주가요약 제외 [빛과전자]: 2건
2026-08-16 21:49:05,933 [INFO] __main__ — 봇 주가요약 제외 [PS일렉트로닉스]: 1건
2026-08-16 21:49:07,459 [INFO] __main__ — 봇 주가요약 제외 [광전자]: 1건
2026-08-16 21:49:08,723 [INFO] __main__ — 봇 주가요약 제외 [금호전기]: 2건
2026-08-16 21:49:10,004 [INFO] __main__ — 뉴스 시점 제외 [신스틸]: 3건 (>14일/파싱실패)
2026-08-16 21:49:10,004 [INFO] __main__ — 봇 주가요약 제외 [신스틸]: 1건
2026-08-16 21:49:11,147 [INFO] __main__ — 봇 주가요약 제외 [한라캐스트]: 1건
2026-08-16 21:49:15,248 [INFO] __main__ — 봇 주가요약 제외 [져스텍]: 2건
2026-08-16 21:49:16,990 [INFO] __main__ — 봇 주가요약 제외 [아이로보틱스]: 1건
2026-08-16 21:49:19,020 [INFO] __main__ — 봇 주가요약 제외 [후성]: 1건
2026-08-16 21:49:20,291 [INFO] __main__ — 뉴스 시점 제외 [한켐]: 1건 (>14일/파싱실패)
2026-08-16 21:49:22,032 [INFO] __main__ — 봇 주가요약 제외 [코스모로보틱스]: 4건
2026-08-16 21:49:24,471 [INFO] __main__ — 봇 주가요약 제외 [성호전자]: 1건
2026-08-16 21:49:25,264 [INFO] __main__ — 봇 주가요약 제외 [남화토건]: 1건
2026-08-16 21:49:25,727 [INFO] __main__ — 봇 주가요약 제외 [보성파워텍]: 1건
2026-08-16 21:49:25,854 [INFO] __main__ — 뉴스 시점 제외 [강동씨앤엘]: 9건 (>14일/파싱실패)
2026-08-16 21:49:27,145 [INFO] __main__ — 봇 주가요약 제외 [세아메카닉스]: 1건
2026-08-16 21:49:28,423 [INFO] __main__ — 봇 주가요약 제외 [이랜시스]: 1건
2026-08-16 21:49:29,655 [INFO] __main__ — 봇 주가요약 제외 [우리기술]: 2건
2026-08-16 21:49:30,356 [INFO] __main__ — 봇 주가요약 제외 [코칩]: 1건
2026-08-16 21:49:32,216 [INFO] __main__ — 봇 주가요약 제외 [실리콘투]: 1건
2026-08-16 21:49:34,975 [INFO] __main__ — 봇 주가요약 제외 [HPSP]: 1건
2026-08-16 21:49:41,110 [INFO] __main__ — 뉴스 시점 제외 [화신정공]: 2건 (>14일/파싱실패)
2026-08-16 21:49:43,872 [INFO] __main__ — 봇 주가요약 제외 [휴림로봇]: 1건
2026-08-16 21:49:46,231 [INFO] __main__ — 뉴스 시점 제외 [앤로보틱스]: 6건 (>14일/파싱실패)
2026-08-16 21:49:46,232 [INFO] __main__ — 봇 주가요약 제외 [앤로보틱스]: 1건
2026-08-16 21:49:46,426 [INFO] __main__ — 뉴스 시점 제외 [하이드로리튬]: 7건 (>14일/파싱실패)
2026-08-16 21:49:46,918 [INFO] __main__ — 봇 주가요약 제외 [하나마이크론]: 1건
2026-08-16 21:49:47,490 [INFO] __main__ — 봇 주가요약 제외 [스피어]: 2건
2026-08-16 21:49:51,297 [INFO] __main__ — 봇 주가요약 제외 [디아이씨]: 1건
2026-08-16 21:49:52,018 [INFO] __main__ — 뉴스 시점 제외 [KX하이텍]: 6건 (>14일/파싱실패)
2026-08-16 21:49:53,821 [INFO] __main__ — 뉴스 시점 제외 [삼화전자]: 5건 (>14일/파싱실패)
2026-08-16 21:49:54,569 [INFO] __main__ — 뉴스 시점 제외 [부국철강]: 7건 (>14일/파싱실패)
2026-08-16 21:49:56,550 [INFO] __main__ — 뉴스 시점 제외 [에스에이엠티]: 4건 (>14일/파싱실패)
2026-08-16 21:49:57,655 [INFO] __main__ — 봇 주가요약 제외 [흥구석유]: 1건
2026-08-16 21:49:58,399 [INFO] __main__ — 뉴스 시점 제외 [한성크린텍]: 9건 (>14일/파싱실패)
2026-08-16 21:49:59,111 [INFO] __main__ — 봇 주가요약 제외 [LG씨엔에스]: 1건
2026-08-16 21:50:00,957 [INFO] __main__ — 뉴스 시점 제외 [고려산업]: 10건 (>14일/파싱실패)
2026-08-16 21:50:02,966 [INFO] __main__ — 뉴스 시점 제외 [키스트론]: 12건 (>14일/파싱실패)
2026-08-16 21:50:03,087 [INFO] __main__ — 뉴스 시점 제외 [남화산업]: 9건 (>14일/파싱실패)
2026-08-16 21:50:08,454 [INFO] __main__ — 봇 주가요약 제외 [지엔씨에너지]: 2건
2026-08-16 21:50:09,714 [INFO] __main__ — 뉴스 시점 제외 [보해양조]: 4건 (>14일/파싱실패)
2026-08-16 21:50:10,783 [INFO] __main__ — 뉴스 시점 제외 [피제이메탈]: 9건 (>14일/파싱실패)
2026-08-16 21:50:11,591 [INFO] __main__ — 봇 주가요약 제외 [SK오션플랜트]: 1건
2026-08-16 21:50:15,762 [INFO] __main__ — 봇 주가요약 제외 [일승]: 2건
2026-08-16 21:50:21,921 [INFO] __main__ — 봇 주가요약 제외 [두산퓨얼셀]: 1건
2026-08-16 21:50:23,565 [INFO] __main__ — 뉴스 시점 제외 [SG세계물산]: 4건 (>14일/파싱실패)
2026-08-16 21:50:34,346 [INFO] __main__ — 봇 주가요약 제외 [폴라리스AI]: 1건
2026-08-16 21:50:36,311 [INFO] __main__ — 뉴스 시점 제외 [이수화학]: 9건 (>14일/파싱실패)
2026-08-16 21:50:37,260 [INFO] __main__ — 봇 주가요약 제외 [재영솔루텍]: 1건
2026-08-16 21:50:37,572 [INFO] __main__ — 봇 주가요약 제외 [이노테크]: 1건
2026-08-16 21:50:39,790 [INFO] __main__ — 뉴스 시점 제외 [하이딥]: 8건 (>14일/파싱실패)
2026-08-16 21:50:41,038 [INFO] __main__ — 봇 주가요약 제외 [와이씨]: 5건
2026-08-16 21:50:41,374 [INFO] __main__ — 뉴스 시점 제외 [서부T&D]: 5건 (>14일/파싱실패)
2026-08-16 21:50:49,177 [INFO] __main__ — 봇 주가요약 제외 [일진전기]: 3건
2026-08-16 21:50:50,437 [INFO] __main__ — 봇 주가요약 제외 [이수페타시스]: 2건
2026-08-16 21:50:52,481 [INFO] __main__ — 뉴스 시점 제외 [넥스틸]: 8건 (>14일/파싱실패)
2026-08-16 21:50:52,481 [INFO] __main__ — 봇 주가요약 제외 [넥스틸]: 1건
2026-08-16 21:50:55,021 [INFO] __main__ — 뉴스 시점 제외 [대원강업]: 6건 (>14일/파싱실패)
2026-08-16 21:50:56,283 [INFO] __main__ — 봇 주가요약 제외 [티엘비]: 1건
2026-08-16 21:51:01,515 [INFO] __main__ — 뉴스 시점 제외 [멤레이비티]: 11건 (>14일/파싱실패)
2026-08-16 21:51:06,607 [INFO] __main__ — 뉴스 시점 제외 [엠에스오토텍]: 9건 (>14일/파싱실패)
2026-08-16 21:51:07,900 [INFO] __main__ — 봇 주가요약 제외 [두산로보틱스]: 2건
2026-08-16 21:51:09,188 [INFO] __main__ — 뉴스 시점 제외 [한일사료]: 12건 (>14일/파싱실패)
2026-08-16 21:51:10,467 [INFO] __main__ — 봇 주가요약 제외 [셀바스AI]: 4건
2026-08-16 21:51:14,858 [INFO] __main__ — 뉴스 시점 제외 [THE E&M]: 13건 (>14일/파싱실패)
2026-08-16 21:51:24,479 [INFO] __main__ — 봇 주가요약 제외 [테스]: 1건
2026-08-16 21:51:26,111 [INFO] __main__ — 뉴스 시점 제외 [알루코]: 2건 (>14일/파싱실패)
2026-08-16 21:51:29,935 [INFO] __main__ — 뉴스 시점 제외 [우리기술투자]: 8건 (>14일/파싱실패)
2026-08-16 21:51:35,141 [INFO] __main__ — 봇 주가요약 제외 [동진쎄미켐]: 2건
2026-08-16 21:51:41,670 [INFO] __main__ — 봇 주가요약 제외 [OCI홀딩스]: 1건
2026-08-16 21:51:49,403 [INFO] __main__ — 뉴스 시점 제외 [미래생명자원]: 8건 (>14일/파싱실패)
2026-08-16 21:51:50,888 [INFO] __main__ — 뉴스 시점 제외 [로체시스템즈]: 11건 (>14일/파싱실패)
2026-08-16 21:51:51,973 [INFO] __main__ — 봇 주가요약 제외 [산일전기]: 2건
2026-08-16 21:51:53,233 [INFO] __main__ — 봇 주가요약 제외 [코리아써키트]: 2건
2026-08-16 21:51:54,706 [INFO] __main__ — 봇 주가요약 제외 [한국카본]: 1건
2026-08-16 21:51:55,981 [INFO] __main__ — 뉴스 시점 제외 [에스와이스틸텍]: 13건 (>14일/파싱실패)
2026-08-16 21:52:02,444 [INFO] __main__ — 뉴스 시점 제외 [KB스타리츠]: 13건 (>14일/파싱실패)
2026-08-16 21:52:15,142 [INFO] __main__ — 봇 주가요약 제외 [원익QnC]: 1건
2026-08-16 21:52:16,400 [INFO] __main__ — 봇 주가요약 제외 [로보스타]: 1건
2026-08-16 21:52:18,940 [INFO] __main__ — 뉴스 시점 제외 [퀀텀레일]: 2건 (>14일/파싱실패)
2026-08-16 21:52:21,712 [INFO] __main__ — 뉴스 시점 제외 [HB솔루션]: 6건 (>14일/파싱실패)
2026-08-16 21:52:21,837 [INFO] __main__ — 뉴스 시점 제외 [휴스틸]: 3건 (>14일/파싱실패)
2026-08-16 21:52:23,078 [INFO] __main__ — 뉴스 시점 제외 [포스코스틸리온]: 4건 (>14일/파싱실패)
2026-08-16 21:52:23,169 [INFO] __main__ — 봇 주가요약 제외 [삼성에스디에스]: 2건
2026-08-16 21:52:23,333 [INFO] __main__ — 봇 주가요약 제외 [POSCO홀딩스]: 1건
2026-08-16 21:52:24,415 [INFO] __main__ — 뉴스 시점 제외 [수산세보틱스]: 6건 (>14일/파싱실패)
2026-08-16 21:52:27,345 [INFO] __main__ — 뉴스 시점 제외 [ESR켄달스퀘어리츠]: 9건 (>14일/파싱실패)
2026-08-16 21:52:31,052 [INFO] __main__ — 뉴스 시점 제외 [아남전자]: 4건 (>14일/파싱실패)
2026-08-16 21:52:36,468 [INFO] __main__ — 부정 키워드 감지: 21개 종목 (neg_ratio > 0)
2026-08-16 21:52:36,472 [INFO] __main__ — 수급일수충족·합계음수 제외: 150개
2026-08-16 21:52:38,514 [INFO] __main__ — 봇 주가요약 제외 [가온전선]: 2건
2026-08-16 21:52:42,848 [INFO] __main__ — 뉴스 시점 제외 [두산우]: 15건 (>14일/파싱실패)
2026-08-16 21:52:44,296 [INFO] __main__ — 뉴스 시점 제외 [LG전자우]: 11건 (>14일/파싱실패)
2026-08-16 21:52:45,017 [INFO] __main__ — 봇 주가요약 제외 [해성디에스]: 1건
2026-08-16 21:52:49,094 [INFO] __main__ — 뉴스 시점 제외 [신한알파리츠]: 14건 (>14일/파싱실패)
2026-08-16 21:52:49,176 [INFO] __main__ — 뉴스 시점 제외 [맵스리얼티]: 15건 (>14일/파싱실패)
2026-08-16 21:52:50,572 [INFO] __main__ — 뉴스 시점 제외 [전진건설로봇]: 5건 (>14일/파싱실패)
2026-08-16 21:52:50,587 [INFO] __main__ — 뉴스 시점 제외 [대신증권우]: 14건 (>14일/파싱실패)
2026-08-16 21:52:51,958 [INFO] __main__ — 뉴스 시점 제외 [현대차3우B]: 10건 (>14일/파싱실패)
2026-08-16 21:52:52,564 [INFO] __main__ — 뉴스 시점 제외 [아모레퍼시픽우]: 14건 (>14일/파싱실패)
2026-08-16 21:52:53,256 [INFO] __main__ — 뉴스 시점 제외 [조광피혁]: 14건 (>14일/파싱실패)
2026-08-16 21:52:53,329 [INFO] __main__ — 뉴스 시점 제외 [농심홀딩스]: 5건 (>14일/파싱실패)
2026-08-16 21:52:53,342 [INFO] __main__ — 뉴스 시점 제외 [코람코더원리츠]: 12건 (>14일/파싱실패)
2026-08-16 21:52:54,733 [INFO] __main__ — 뉴스 시점 제외 [KISCO홀딩스]: 4건 (>14일/파싱실패)
2026-08-16 21:52:55,507 [INFO] __main__ — 뉴스 시점 제외 [케이씨]: 3건 (>14일/파싱실패)
2026-08-16 21:52:56,876 [INFO] __main__ — 뉴스 시점 제외 [두산2우B]: 15건 (>14일/파싱실패)
2026-08-16 21:52:56,944 [INFO] __main__ — 봇 주가요약 제외 [서흥]: 1건
2026-08-16 21:52:57,557 [INFO] __main__ — 뉴스 시점 제외 [삼영전자]: 14건 (>14일/파싱실패)
2026-08-16 21:52:57,649 [INFO] __main__ — 뉴스 시점 제외 [서울가스]: 12건 (>14일/파싱실패)
2026-08-16 21:52:58,252 [INFO] __main__ — 뉴스 시점 제외 [코스맥스비티아이]: 2건 (>14일/파싱실패)
2026-08-16 21:52:59,194 [INFO] __main__ — 뉴스 시점 제외 [미창석유]: 12건 (>14일/파싱실패)
2026-08-16 21:53:02,682 [INFO] __main__ — 뉴스 시점 제외 [노루홀딩스]: 13건 (>14일/파싱실패)
2026-08-16 21:53:02,718 [INFO] __main__ — 뉴스 시점 제외 [LG우]: 14건 (>14일/파싱실패)
2026-08-16 21:53:05,367 [INFO] __main__ — 뉴스 시점 제외 [에스엠벡셀]: 5건 (>14일/파싱실패)
2026-08-16 21:53:05,506 [INFO] __main__ — 뉴스 시점 제외 [조선내화]: 11건 (>14일/파싱실패)
2026-08-16 21:53:06,065 [INFO] __main__ — 뉴스 시점 제외 [대창단조]: 10건 (>14일/파싱실패)
2026-08-16 21:53:06,154 [INFO] __main__ — 뉴스 시점 제외 [한국주철관]: 8건 (>14일/파싱실패)
2026-08-16 21:53:06,753 [INFO] __main__ — 뉴스 시점 제외 [신라교역]: 11건 (>14일/파싱실패)
2026-08-16 21:53:07,455 [INFO] __main__ — 뉴스 시점 제외 [일진다이아]: 7건 (>14일/파싱실패)
2026-08-16 21:53:07,547 [INFO] __main__ — 뉴스 시점 제외 [한진중공업홀딩스]: 13건 (>14일/파싱실패)
2026-08-16 21:53:08,235 [INFO] __main__ — 뉴스 시점 제외 [태경산업]: 7건 (>14일/파싱실패)
2026-08-16 21:53:08,860 [INFO] __main__ — 뉴스 시점 제외 [경동도시가스]: 6건 (>14일/파싱실패)
2026-08-16 21:53:08,925 [INFO] __main__ — 뉴스 시점 제외 [현대코퍼레이션홀딩스]: 12건 (>14일/파싱실패)
2026-08-16 21:53:08,984 [INFO] __main__ — 뉴스 시점 제외 [태림포장]: 9건 (>14일/파싱실패)
2026-08-16 21:53:09,554 [INFO] __main__ — 뉴스 시점 제외 [신영와코루]: 4건 (>14일/파싱실패)
2026-08-16 21:53:09,604 [INFO] __main__ — 뉴스 시점 제외 [제일파마홀딩스]: 7건 (>14일/파싱실패)
2026-08-16 21:53:09,679 [INFO] __main__ — 뉴스 시점 제외 [경동인베스트]: 11건 (>14일/파싱실패)
2026-08-16 21:53:10,234 [INFO] __main__ — 뉴스 시점 제외 [GS우]: 14건 (>14일/파싱실패)
2026-08-16 21:53:10,294 [INFO] __main__ — 뉴스 시점 제외 [동남합성]: 3건 (>14일/파싱실패)
2026-08-16 21:53:10,996 [INFO] __main__ — 뉴스 시점 제외 [세이브존I&C]: 13건 (>14일/파싱실패)
2026-08-16 21:53:11,632 [INFO] __main__ — 뉴스 시점 제외 [DL이앤씨2우(전환)]: 14건 (>14일/파싱실패)
2026-08-16 21:53:11,872 [INFO] __main__ — 뉴스 시점 제외 [NI스틸]: 14건 (>14일/파싱실패)
2026-08-16 21:53:12,334 [INFO] __main__ — 뉴스 시점 제외 [황금에스티]: 4건 (>14일/파싱실패)
2026-08-16 21:53:12,663 [INFO] __main__ — 뉴스 시점 제외 [DKME]: 14건 (>14일/파싱실패)
2026-08-16 21:53:13,021 [INFO] __main__ — 뉴스 시점 제외 [동인기연]: 14건 (>14일/파싱실패)
2026-08-16 21:53:13,056 [INFO] __main__ — 뉴스 시점 제외 [유한양행우]: 15건 (>14일/파싱실패)
2026-08-16 21:53:13,341 [INFO] __main__ — 뉴스 시점 제외 [SK이노베이션우]: 13건 (>14일/파싱실패)
2026-08-16 21:53:13,747 [INFO] __main__ — 뉴스 시점 제외 [사조오양]: 8건 (>14일/파싱실패)
2026-08-16 21:53:14,410 [INFO] __main__ — 뉴스 시점 제외 [대림바스]: 10건 (>14일/파싱실패)
2026-08-16 21:53:15,113 [INFO] __main__ — 뉴스 시점 제외 [동방아그로]: 9건 (>14일/파싱실패)
2026-08-16 21:53:15,797 [INFO] __main__ — 뉴스 시점 제외 [NH프라임리츠]: 13건 (>14일/파싱실패)
2026-08-16 21:53:16,098 [INFO] __main__ — 뉴스 시점 제외 [페이퍼코리아]: 15건 (>14일/파싱실패)
2026-08-16 21:53:16,503 [INFO] __main__ — 뉴스 시점 제외 [삼정펄프]: 14건 (>14일/파싱실패)
2026-08-16 21:53:17,477 [INFO] __main__ — 뉴스 시점 제외 [삼성출판사]: 9건 (>14일/파싱실패)
2026-08-16 21:53:17,881 [INFO] __main__ — 뉴스 시점 제외 [써니전자]: 13건 (>14일/파싱실패)
2026-08-16 21:53:18,102 [INFO] __main__ — 뉴스 시점 제외 [기신정기]: 15건 (>14일/파싱실패)
2026-08-16 21:53:18,586 [INFO] __main__ — 뉴스 시점 제외 [보락]: 5건 (>14일/파싱실패)
2026-08-16 21:53:18,781 [INFO] __main__ — 뉴스 시점 제외 [BYC우]: 8건 (>14일/파싱실패)
2026-08-16 21:53:19,276 [INFO] __main__ — 뉴스 시점 제외 [유안타증권우]: 15건 (>14일/파싱실패)
2026-08-16 21:53:20,167 [INFO] __main__ — 뉴스 시점 제외 [DL이앤씨우]: 15건 (>14일/파싱실패)
2026-08-16 21:53:20,261 [INFO] __main__ — 뉴스 시점 제외 [대덕전자1우]: 15건 (>14일/파싱실패)
2026-08-16 21:53:20,681 [INFO] __main__ — 뉴스 시점 제외 [상신브레이크]: 6건 (>14일/파싱실패)
2026-08-16 21:53:20,852 [INFO] __main__ — 뉴스 시점 제외 [씨아이테크]: 10건 (>14일/파싱실패)
2026-08-16 21:53:20,966 [INFO] __main__ — 뉴스 시점 제외 [한화솔루션우]: 10건 (>14일/파싱실패)
2026-08-16 21:53:21,394 [INFO] __main__ — 뉴스 시점 제외 [미래에셋맵스리츠]: 15건 (>14일/파싱실패)
2026-08-16 21:53:21,535 [INFO] __main__ — 뉴스 시점 제외 [문배철강]: 11건 (>14일/파싱실패)
2026-08-16 21:53:22,247 [INFO] __main__ — 뉴스 시점 제외 [DYP]: 12건 (>14일/파싱실패)
2026-08-16 21:53:23,851 [INFO] __main__ — 뉴스 시점 제외 [화인베스틸]: 10건 (>14일/파싱실패)
2026-08-16 21:53:23,869 [INFO] __main__ — 뉴스 시점 제외 [우진플라임]: 13건 (>14일/파싱실패)
2026-08-16 21:53:24,709 [INFO] __main__ — 뉴스 시점 제외 [세우글로벌]: 15건 (>14일/파싱실패)
2026-08-16 21:53:24,726 [INFO] __main__ — 뉴스 시점 제외 [동일제강]: 9건 (>14일/파싱실패)
2026-08-16 21:53:28,212 [INFO] __main__ — 봇 주가요약 제외 [유일로보틱스]: 1건
2026-08-16 21:53:29,091 [INFO] __main__ — 뉴스 시점 제외 [이엔에프테크놀로지]: 5건 (>14일/파싱실패)
2026-08-16 21:53:29,799 [INFO] __main__ — 뉴스 시점 제외 [가온칩스]: 4건 (>14일/파싱실패)
2026-08-16 21:53:29,799 [INFO] __main__ — 봇 주가요약 제외 [가온칩스]: 4건
2026-08-16 21:53:34,944 [INFO] __main__ — 뉴스 시점 제외 [인탑스]: 2건 (>14일/파싱실패)
2026-08-16 21:53:37,266 [INFO] __main__ — 뉴스 시점 제외 [한국알콜]: 6건 (>14일/파싱실패)
2026-08-16 21:53:37,748 [INFO] __main__ — 뉴스 시점 제외 [제이브이엠]: 2건 (>14일/파싱실패)
2026-08-16 21:53:38,835 [INFO] __main__ — 봇 주가요약 제외 [씨앤씨인터내셔널]: 1건
2026-08-16 21:53:41,938 [INFO] __main__ — 뉴스 시점 제외 [필에너지]: 5건 (>14일/파싱실패)
2026-08-16 21:53:43,056 [INFO] __main__ — 뉴스 시점 제외 [우주일렉트로]: 12건 (>14일/파싱실패)
2026-08-16 21:53:44,033 [INFO] __main__ — 뉴스 시점 제외 [코텍]: 1건 (>14일/파싱실패)
2026-08-16 21:53:47,542 [INFO] __main__ — 봇 주가요약 제외 [제일일렉트릭]: 1건
2026-08-16 21:53:47,545 [INFO] __main__ — 뉴스 시점 제외 [슈피겐코리아]: 3건 (>14일/파싱실패)
2026-08-16 21:53:47,912 [INFO] __main__ — 뉴스 시점 제외 [빅솔론]: 14건 (>14일/파싱실패)
2026-08-16 21:53:48,240 [INFO] __main__ — 뉴스 시점 제외 [이크레더블]: 10건 (>14일/파싱실패)
2026-08-16 21:53:48,614 [INFO] __main__ — 뉴스 시점 제외 [아이디스]: 6건 (>14일/파싱실패)
2026-08-16 21:53:49,316 [INFO] __main__ — 뉴스 시점 제외 [코리아에프티]: 3건 (>14일/파싱실패)
2026-08-16 21:53:50,018 [INFO] __main__ — 뉴스 시점 제외 [퓨릿]: 10건 (>14일/파싱실패)
2026-08-16 21:53:51,050 [INFO] __main__ — 뉴스 시점 제외 [삼보판지]: 14건 (>14일/파싱실패)
2026-08-16 21:53:51,058 [INFO] __main__ — 뉴스 시점 제외 [시너지이노베이션]: 8건 (>14일/파싱실패)
2026-08-16 21:53:51,396 [INFO] __main__ — 뉴스 시점 제외 [제룡산업]: 8건 (>14일/파싱실패)
2026-08-16 21:53:51,396 [INFO] __main__ — 봇 주가요약 제외 [제룡산업]: 1건
2026-08-16 21:53:52,083 [INFO] __main__ — 뉴스 시점 제외 [나우IB]: 4건 (>14일/파싱실패)
2026-08-16 21:53:53,506 [INFO] __main__ — 뉴스 시점 제외 [고려신용정보]: 10건 (>14일/파싱실패)
2026-08-16 21:53:53,873 [INFO] __main__ — 뉴스 시점 제외 [신화프리텍]: 5건 (>14일/파싱실패)
2026-08-16 21:53:54,571 [INFO] __main__ — 뉴스 시점 제외 [엠에스씨]: 13건 (>14일/파싱실패)
2026-08-16 21:53:54,577 [INFO] __main__ — 뉴스 시점 제외 [성도이엔지]: 10건 (>14일/파싱실패)
2026-08-16 21:53:55,620 [INFO] __main__ — 뉴스 시점 제외 [푸드나무]: 11건 (>14일/파싱실패)
2026-08-16 21:53:56,329 [INFO] __main__ — 뉴스 시점 제외 [케이엔솔]: 5건 (>14일/파싱실패)
2026-08-16 21:53:57,350 [INFO] __main__ — 뉴스 시점 제외 [유아이엘]: 12건 (>14일/파싱실패)
2026-08-16 21:53:59,470 [INFO] __main__ — 뉴스 시점 제외 [탑런토탈솔루션]: 4건 (>14일/파싱실패)
2026-08-16 21:54:02,289 [INFO] __main__ — 뉴스 시점 제외 [스톰테크]: 12건 (>14일/파싱실패)
2026-08-16 21:54:03,666 [INFO] __main__ — 뉴스 시점 제외 [대림제지]: 12건 (>14일/파싱실패)
2026-08-16 21:54:03,708 [INFO] __main__ — 뉴스 시점 제외 [로보로보]: 5건 (>14일/파싱실패)
2026-08-16 21:54:03,712 [INFO] __main__ — 뉴스 시점 제외 [제닉스로보틱스]: 11건 (>14일/파싱실패)
2026-08-16 21:54:04,550 [INFO] __main__ — 뉴스 시점 제외 [MDS테크]: 7건 (>14일/파싱실패)
2026-08-16 21:54:06,620 [INFO] __main__ — 뉴스 시점 제외 [나이스디앤비]: 8건 (>14일/파싱실패)
2026-08-16 21:54:07,388 [INFO] __main__ — 뉴스 시점 제외 [쎄니트]: 14건 (>14일/파싱실패)
2026-08-16 21:54:08,062 [INFO] __main__ — 뉴스 시점 제외 [이상네트웍스]: 15건 (>14일/파싱실패)
2026-08-16 21:54:09,491 [INFO] __main__ — 뉴스 시점 제외 [선바이오]: 12건 (>14일/파싱실패)
2026-08-16 21:54:09,494 [INFO] __main__ — 뉴스 시점 제외 [블루콤]: 5건 (>14일/파싱실패)
2026-08-16 21:54:10,160 [INFO] __main__ — 뉴스 시점 제외 [삼현철강]: 11건 (>14일/파싱실패)
2026-08-16 21:54:10,197 [INFO] __main__ — 뉴스 시점 제외 [피제이전자]: 10건 (>14일/파싱실패)
2026-08-16 21:54:10,887 [INFO] __main__ — 뉴스 시점 제외 [양지사]: 14건 (>14일/파싱실패)
2026-08-16 21:54:11,549 [INFO] __main__ — 뉴스 시점 제외 [시공테크]: 5건 (>14일/파싱실패)
2026-08-16 21:54:12,232 [INFO] __main__ — 뉴스 시점 제외 [아이디피]: 15건 (>14일/파싱실패)
2026-08-16 21:54:14,323 [INFO] __main__ — 뉴스 시점 제외 [엔젯]: 10건 (>14일/파싱실패)
2026-08-16 21:54:14,586 [INFO] __main__ — 뉴스 시점 제외 [나래나노텍]: 9건 (>14일/파싱실패)
2026-08-16 21:54:15,041 [INFO] __main__ — 뉴스 시점 제외 [레뷰코퍼레이션]: 13건 (>14일/파싱실패)
2026-08-16 21:54:15,266 [INFO] __main__ — 뉴스 시점 제외 [스마트레이더시스템]: 8건 (>14일/파싱실패)
2026-08-16 21:54:15,286 [INFO] __main__ — 뉴스 시점 제외 [샌즈랩]: 7건 (>14일/파싱실패)
2026-08-16 21:54:16,650 [INFO] __main__ — 뉴스 시점 제외 [푸드웰]: 10건 (>14일/파싱실패)
2026-08-16 21:54:16,652 [INFO] __main__ — 뉴스 시점 제외 [동일금속]: 11건 (>14일/파싱실패)
2026-08-16 21:54:17,525 [INFO] __main__ — 뉴스 시점 제외 [케이엘넷]: 9건 (>14일/파싱실패)
2026-08-16 21:54:17,710 [INFO] __main__ — 뉴스 시점 제외 [셀바이오휴먼텍]: 7건 (>14일/파싱실패)
2026-08-16 21:54:18,412 [INFO] __main__ — 뉴스 시점 제외 [한국전자인증]: 6건 (>14일/파싱실패)
2026-08-16 21:54:18,579 [INFO] __main__ — 뉴스 시점 제외 [코스리거글로벌]: 10건 (>14일/파싱실패)
2026-08-16 21:54:19,973 [INFO] __main__ — 뉴스 시점 제외 [오픈베이스]: 4건 (>14일/파싱실패)
2026-08-16 21:54:20,138 [INFO] __main__ — 뉴스 시점 제외 [이건홀딩스]: 8건 (>14일/파싱실패)
2026-08-16 21:54:20,871 [INFO] __main__ — 뉴스 시점 제외 [대주산업]: 13건 (>14일/파싱실패)
2026-08-16 21:54:22,267 [INFO] __main__ — 뉴스 시점 제외 [알파칩스]: 12건 (>14일/파싱실패)
2026-08-16 21:54:22,470 [INFO] __main__ — 뉴스 시점 제외 [코렌텍]: 12건 (>14일/파싱실패)
2026-08-16 21:54:23,159 [INFO] __main__ — 뉴스 시점 제외 [코닉오토메이션]: 9건 (>14일/파싱실패)
2026-08-16 21:54:23,851 [INFO] __main__ — 뉴스 시점 제외 [토탈소프트]: 9건 (>14일/파싱실패)
2026-08-16 21:54:25,775 [INFO] __main__ — 뉴스 시점 제외 [모티브링크]: 9건 (>14일/파싱실패)
2026-08-16 21:54:26,174 [INFO] __main__ — 뉴스 시점 제외 [알피바이오]: 9건 (>14일/파싱실패)
2026-08-16 21:54:26,809 [INFO] __main__ — 뉴스 시점 제외 [홈캐스트]: 15건 (>14일/파싱실패)
2026-08-16 21:54:26,879 [INFO] __main__ — 뉴스 시점 제외 [경창산업]: 6건 (>14일/파싱실패)
2026-08-16 21:54:27,318 [INFO] __main__ — 뉴스 시점 제외 [삼진식품]: 13건 (>14일/파싱실패)
2026-08-16 21:54:28,384 [INFO] __main__ — 봇 주가요약 제외 [에이텀]: 1건
2026-08-16 21:54:28,725 [INFO] __main__ — 뉴스 시점 제외 [HB인베스트먼트]: 7건 (>14일/파싱실패)
2026-08-16 21:54:29,104 [INFO] __main__ — 뉴스 시점 제외 [제노레이]: 11건 (>14일/파싱실패)
2026-08-16 21:54:29,794 [INFO] __main__ — 뉴스 시점 제외 [YW]: 15건 (>14일/파싱실패)
2026-08-16 21:54:30,097 [INFO] __main__ — 뉴스 시점 제외 [ES큐브]: 15건 (>14일/파싱실패)
2026-08-16 21:54:30,513 [INFO] __main__ — 뉴스 시점 제외 [제이피아이헬스케어]: 5건 (>14일/파싱실패)
2026-08-16 21:54:31,463 [INFO] __main__ — 뉴스 시점 제외 [앱코]: 5건 (>14일/파싱실패)
2026-08-16 21:54:33,549 [INFO] __main__ — 뉴스 시점 제외 [한국팩키지]: 14건 (>14일/파싱실패)
2026-08-16 21:54:34,247 [INFO] __main__ — 뉴스 시점 제외 [상신전자]: 8건 (>14일/파싱실패)
2026-08-16 21:54:34,698 [INFO] __main__ — 뉴스 시점 제외 [삼일기업공사]: 12건 (>14일/파싱실패)
2026-08-16 21:54:36,126 [INFO] __main__ — 뉴스 시점 제외 [씨큐브]: 11건 (>14일/파싱실패)
2026-08-16 21:54:36,326 [INFO] __main__ — 뉴스 시점 제외 [콜마바이오텍]: 11건 (>14일/파싱실패)
2026-08-16 21:54:36,797 [INFO] __main__ — 뉴스 시점 제외 [동일기연]: 10건 (>14일/파싱실패)
2026-08-16 21:54:37,042 [INFO] __main__ — 뉴스 시점 제외 [DH오토리드]: 12건 (>14일/파싱실패)
2026-08-16 21:54:37,487 [INFO] __main__ — 뉴스 시점 제외 [서연탑메탈]: 8건 (>14일/파싱실패)
2026-08-16 21:54:38,197 [INFO] __main__ — 뉴스 시점 제외 [아세아텍]: 1건 (>14일/파싱실패)
2026-08-16 21:54:38,912 [INFO] __main__ — 뉴스 시점 제외 [이엠넷]: 13건 (>14일/파싱실패)
2026-08-16 21:54:40,288 [INFO] __main__ — 뉴스 시점 제외 [오디텍]: 2건 (>14일/파싱실패)
2026-08-16 21:54:40,976 [INFO] __main__ — 뉴스 시점 제외 [코셈]: 15건 (>14일/파싱실패)
2026-08-16 21:54:40,995 [INFO] __main__ — 뉴스 시점 제외 [에코캡]: 10건 (>14일/파싱실패)
2026-08-16 21:54:41,687 [INFO] __main__ — 뉴스 시점 제외 [다산디엠씨]: 10건 (>14일/파싱실패)
2026-08-16 21:54:42,389 [INFO] __main__ — 뉴스 시점 제외 [메가엠디]: 7건 (>14일/파싱실패)
2026-08-16 21:54:42,613 [INFO] __main__ — 뉴스 시점 제외 [유니온바이오메트릭스]: 10건 (>14일/파싱실패)
2026-08-16 21:54:44,451 [INFO] __main__ — 뉴스 시점 제외 [제이엔비]: 11건 (>14일/파싱실패)
2026-08-16 21:54:44,499 [INFO] __main__ — 뉴스 시점 제외 [케이씨티]: 12건 (>14일/파싱실패)
2026-08-16 21:54:45,142 [INFO] __main__ — 뉴스 시점 제외 [티디에스팜]: 12건 (>14일/파싱실패)
2026-08-16 21:54:45,184 [INFO] __main__ — 뉴스 시점 제외 [와토스코리아]: 11건 (>14일/파싱실패)
2026-08-16 21:54:45,839 [INFO] __main__ — 뉴스 시점 제외 [에스에이티]: 13건 (>14일/파싱실패)
2026-08-16 21:54:45,863 [INFO] __main__ — 뉴스 시점 제외 [파인디지털]: 9건 (>14일/파싱실패)
2026-08-16 21:54:46,100 [INFO] __main__ — 뉴스 시점 제외 [에스프리즘]: 13건 (>14일/파싱실패)
2026-08-16 21:54:46,782 [INFO] __main__ — 뉴스 시점 제외 [시큐브]: 9건 (>14일/파싱실패)
2026-08-16 21:54:47,211 [INFO] __main__ — 뉴스 시점 제외 [신화콘텍]: 12건 (>14일/파싱실패)
2026-08-16 21:54:47,490 [INFO] __main__ — 뉴스 시점 제외 [팸텍]: 2건 (>14일/파싱실패)
2026-08-16 21:54:48,007 [INFO] __main__ — POOL_A 후보 부정뉴스 2차 조회: 550개
2026-08-16 21:54:48,010 [INFO] __main__ — POOL_A: 894개 (A:639 B:123 동시:132) | 부정게이트 제외:7
  대형:57 중형:167 소형:670
2026-08-16 21:54:48,042 [INFO] __main__ — 대조군 표본(무신호): 40개 / 모집단 1361개 → pool_history
2026-08-16 21:54:48,045 [INFO] __main__ —   → POOL_A: 894개
2026-08-16 21:54:48,046 [INFO] __main__ — ▶ Step 2: 하드 필터링
2026-08-16 21:54:48,047 [INFO] __main__ — 하드 필터 제거: 869개 | 과열배제 155 | 이격도상한 65 | 이격도하한 16 | MA추세 590 | RSI과열 8 | 거래대금 35
2026-08-16 21:54:48,050 [INFO] __main__ — 과열 gated 기록: 155개 → gated_tickers
2026-08-16 21:54:48,053 [INFO] __main__ — 대조군 표본(필터탈락): 179개 / 모집단 869개 → pool_history
2026-08-16 21:54:48,053 [INFO] __main__ — POOL_B: 25개 | 대형:0 중형:8 소형:17
2026-08-16 21:54:48,053 [INFO] __main__ —   → POOL_B: 25개
2026-08-16 21:54:48,053 [INFO] __main__ — ▶ Step 3: 스코어링 (FinBERT 감성 분석)
2026-08-16 21:54:48,053 [INFO] __main__ — NaverClient: 3개 키 로드 (DataLab·검색 독립 회전)
2026-08-16 21:54:48,053 [INFO] __main__ — 텍스트 신규 수집: 25종목 (캐시 적중 0종목)
2026-08-16 21:54:48,732 [INFO] __main__ — 뉴스 시점 제외 [이수화학]: 24건 (>14일/파싱실패)
2026-08-16 21:54:48,735 [INFO] __main__ — 봇 주가요약 제외 [SK이터닉스]: 1건
2026-08-16 21:54:53,082 [INFO] __main__ — 봇 주가요약 제외 [서흥]: 1건
2026-08-16 21:54:53,275 [INFO] __main__ — 뉴스 시점 제외 [삼화전자]: 20건 (>14일/파싱실패)
2026-08-16 21:54:57,332 [INFO] __main__ — 봇 주가요약 제외 [제주반도체]: 2건
2026-08-16 21:54:57,570 [INFO] __main__ — 뉴스 시점 제외 [에스에이엠티]: 19건 (>14일/파싱실패)
2026-08-16 21:55:01,880 [INFO] __main__ — 뉴스 시점 제외 [와이지-원]: 18건 (>14일/파싱실패)
2026-08-16 21:55:06,167 [INFO] __main__ — 뉴스 시점 제외 [한국알콜]: 21건 (>14일/파싱실패)
2026-08-16 21:55:14,629 [INFO] __main__ — 뉴스 시점 제외 [비엠티]: 16건 (>14일/파싱실패)
2026-08-16 21:55:14,797 [INFO] __main__ — 뉴스 시점 제외 [화신정공]: 17건 (>14일/파싱실패)
2026-08-16 21:55:18,865 [INFO] __main__ — 뉴스 시점 제외 [청담글로벌]: 20건 (>14일/파싱실패)
2026-08-16 21:55:19,093 [INFO] __main__ — 뉴스 시점 제외 [데이타솔루션]: 14건 (>14일/파싱실패)
2026-08-16 21:55:26,887 [INFO] __main__ — 기사 보존(수집): 186건 (25종목) → news_articles
2026-08-16 21:55:26,895 [INFO] __main__ — 공시 보존(수집): 64건 (25종목) → dart_filings
2026-08-16 21:55:26,896 [INFO] __main__ — 수집 완료: 뉴스 186건 | 공시 64건
2026-08-16 21:55:26,897 [INFO] __main__ — FinBERT 감성 분석 (finbert 모드)...
2026-08-16 21:55:26,897 [INFO] __main__ — FinBERT 로딩: snunlp/KR-FinBert-SC (CPU, batch=8)
2026-08-16 21:55:27,012 [INFO] httpx — HTTP Request: GET https://huggingface.co/api/agent-harnesses "HTTP/1.1 200 OK"
2026-08-16 21:55:27,119 [INFO] httpx — HTTP Request: HEAD https://huggingface.co/snunlp/KR-FinBert-SC/resolve/main/config.json "HTTP/1.1 307 Temporary Redirect"
2026-08-16 21:55:27,120 [WARNING] huggingface_hub.utils._http — Warning: You are sending unauthenticated requests to the HF Hub. Please set a HF_TOKEN to enable higher rate limits and faster downloads.
2026-08-16 21:55:27,126 [INFO] httpx — HTTP Request: HEAD https://huggingface.co/api/resolve-cache/models/snunlp/KR-FinBert-SC/f8586286cc3161fb648e9fee09a456069fd846d0/config.json "HTTP/1.1 200 OK"
2026-08-16 21:55:27,184 [INFO] httpx — HTTP Request: HEAD https://huggingface.co/snunlp/KR-FinBert-SC/resolve/main/model.safetensors "HTTP/1.1 404 Not Found"
2026-08-16 21:55:27,232 [INFO] httpx — HTTP Request: GET https://huggingface.co/api/models/snunlp/KR-FinBert-SC "HTTP/1.1 200 OK"
2026-08-16 21:55:27,301 [INFO] httpx — HTTP Request: GET https://huggingface.co/api/models/snunlp/KR-FinBert-SC/commits/main "HTTP/1.1 200 OK"
2026-08-16 21:55:27,354 [INFO] httpx — HTTP Request: GET https://huggingface.co/api/models/snunlp/KR-FinBert-SC/tree/main/additional_chat_templates?recursive=false&expand=false "HTTP/1.1 404 Not Found"
2026-08-16 21:55:27,354 [INFO] httpx — HTTP Request: GET https://huggingface.co/api/models/snunlp/KR-FinBert-SC/discussions?p=0 "HTTP/1.1 200 OK"
2026-08-16 21:55:27,398 [INFO] httpx — HTTP Request: GET https://huggingface.co/api/models/snunlp/KR-FinBert-SC/tree/main?recursive=true&expand=false "HTTP/1.1 200 OK"
2026-08-16 21:55:27,415 [INFO] httpx — HTTP Request: GET https://huggingface.co/api/models/snunlp/KR-FinBert-SC/commits/refs%2Fpr%2F3 "HTTP/1.1 200 OK"
2026-08-16 21:55:27,458 [INFO] httpx — HTTP Request: HEAD https://huggingface.co/snunlp/KR-FinBert-SC/resolve/refs%2Fpr%2F3/model.safetensors.index.json "HTTP/1.1 404 Not Found"
2026-08-16 21:55:27,462 [INFO] httpx — HTTP Request: HEAD https://huggingface.co/snunlp/KR-FinBert-SC/resolve/main/processor_config.json "HTTP/1.1 404 Not Found"
2026-08-16 21:55:27,502 [INFO] httpx — HTTP Request: HEAD https://huggingface.co/snunlp/KR-FinBert-SC/resolve/refs%2Fpr%2F3/model.safetensors "HTTP/1.1 302 Found"
2026-08-16 21:55:27,505 [INFO] httpx — HTTP Request: HEAD https://huggingface.co/snunlp/KR-FinBert-SC/resolve/main/video_preprocessor_config.json "HTTP/1.1 404 Not Found"
2026-08-16 21:55:27,548 [INFO] httpx — HTTP Request: HEAD https://huggingface.co/snunlp/KR-FinBert-SC/resolve/main/preprocessor_config.json "HTTP/1.1 404 Not Found"
2026-08-16 21:55:27,549 [INFO] __main__ — FinBERT 로드 완료 (CPU)
2026-08-16 21:55:36,133 [INFO] __main__ — Phase A.1: 매핑 신뢰도 < 0.5 → 감성 점수 폐기 20건
2026-08-16 21:55:36,133 [INFO] __main__ — 스코어링: 25개 | 집중:0 | FinBERT:finbert
2026-08-16 21:55:36,156 [INFO] __main__ —   → 25개
2026-08-16 21:55:36,156 [INFO] __main__ — ▶ Step 4: 발송
2026-08-16 21:55:41,059 [INFO] __main__ — DB 기록: 16개 / 전체 to_send 16개
2026-08-16 21:55:41,059 [INFO] __main__ — 발송: 16종목 | 누적 4~10회 6 | 신규 2
2026-08-16 21:55:41,059 [INFO] __main__ — 완료  |  소요: 1339.0초
2026-08-17 10:07:39,832 [INFO] __main__ — config 검증 완료 ✓
2026-08-17 10:07:39,832 [INFO] __main__ — ============================================================
2026-08-17 10:07:39,832 [INFO] __main__ — AlphaRadar v3.3.1  |  기준일: 20260817
2026-08-17 10:07:39,832 [INFO] __main__ — S = T×0.3 + S_text×0.4 + D×0.3
2026-08-17 10:07:39,832 [INFO] __main__ — ============================================================
2026-08-17 10:07:39,832 [INFO] __main__ — ▶ Step 0: 유니버스 필터링
2026-08-17 10:07:39,945 [INFO] __main__ — FDR 데이터 수집: 20260211 ~ 20260817
2026-08-17 10:07:41,097 [INFO] __main__ — KOSPI: 942개 | 섹터정보 829개 (DART +829개 보완)
2026-08-17 10:07:41,097 [INFO] __main__ — KOSDAQ: 1821개 | 섹터정보 1821개
2026-08-17 10:07:41,097 [INFO] __main__ — 전체: 2763개
2026-08-17 10:07:43,015 [INFO] __main__ — KIS 토큰 발급 완료
2026-08-17 10:21:48,636 [INFO] __main__ — DART corp_code 매핑: 2204/2255개 (97%)
2026-08-17 10:21:48,636 [INFO] __main__ — 유효 유니버스: 2255개
2026-08-17 10:21:48,645 [INFO] __main__ —   → 2255개
2026-08-17 10:21:48,645 [INFO] __main__ — ▶ Step 1: 신호 탐지
2026-08-17 10:21:48,646 [INFO] __main__ — NaverClient: 3개 키 로드 (DataLab·검색 독립 회전)
2026-08-17 10:21:48,646 [INFO] __main__ — 관심 지수 및 부정 뉴스 비율 조회 중...
2026-08-17 10:21:51,405 [INFO] __main__ — 봇 주가요약 제외 [금호타이어]: 1건
2026-08-17 10:21:51,544 [INFO] __main__ — 봇 주가요약 제외 [대원전선]: 1건
2026-08-17 10:21:53,745 [INFO] __main__ — 봇 주가요약 제외 [빛과전자]: 2건
2026-08-17 10:21:54,796 [INFO] __main__ — 봇 주가요약 제외 [PS일렉트로닉스]: 1건
2026-08-17 10:21:55,964 [INFO] __main__ — 봇 주가요약 제외 [광전자]: 1건
2026-08-17 10:21:57,021 [INFO] __main__ — 봇 주가요약 제외 [금호전기]: 1건
2026-08-17 10:21:58,059 [INFO] __main__ — 뉴스 시점 제외 [신스틸]: 3건 (>14일/파싱실패)
2026-08-17 10:21:58,059 [INFO] __main__ — 봇 주가요약 제외 [신스틸]: 1건
2026-08-17 10:21:59,083 [INFO] __main__ — 봇 주가요약 제외 [한라캐스트]: 1건
2026-08-17 10:22:02,207 [INFO] __main__ — 봇 주가요약 제외 [져스텍]: 2건
2026-08-17 10:22:03,260 [INFO] __main__ — 봇 주가요약 제외 [아이로보틱스]: 1건
2026-08-17 10:22:05,299 [INFO] __main__ — 봇 주가요약 제외 [후성]: 1건
2026-08-17 10:22:06,361 [INFO] __main__ — 뉴스 시점 제외 [한켐]: 1건 (>14일/파싱실패)
2026-08-17 10:22:07,412 [INFO] __main__ — 봇 주가요약 제외 [코스모로보틱스]: 4건
2026-08-17 10:22:09,493 [INFO] __main__ — 봇 주가요약 제외 [성호전자]: 1건
2026-08-17 10:22:10,505 [INFO] __main__ — 봇 주가요약 제외 [남화토건]: 1건
2026-08-17 10:22:10,550 [INFO] __main__ — 봇 주가요약 제외 [보성파워텍]: 1건
2026-08-17 10:22:10,551 [INFO] __main__ — 뉴스 시점 제외 [강동씨앤엘]: 9건 (>14일/파싱실패)
2026-08-17 10:22:11,598 [INFO] __main__ — 봇 주가요약 제외 [세아메카닉스]: 1건
2026-08-17 10:22:12,649 [INFO] __main__ — 봇 주가요약 제외 [이랜시스]: 1건
2026-08-17 10:22:13,707 [INFO] __main__ — 봇 주가요약 제외 [우리기술]: 2건
2026-08-17 10:22:14,733 [INFO] __main__ — 봇 주가요약 제외 [코칩]: 1건
2026-08-17 10:22:15,777 [INFO] __main__ — 봇 주가요약 제외 [실리콘투]: 1건
2026-08-17 10:22:18,760 [INFO] __main__ — 봇 주가요약 제외 [HPSP]: 1건
2026-08-17 10:22:23,038 [INFO] __main__ — 뉴스 시점 제외 [화신정공]: 2건 (>14일/파싱실패)
2026-08-17 10:22:26,046 [INFO] __main__ — 봇 주가요약 제외 [휴림로봇]: 1건
2026-08-17 10:22:27,185 [INFO] __main__ — 뉴스 시점 제외 [앤로보틱스]: 6건 (>14일/파싱실패)
2026-08-17 10:22:27,185 [INFO] __main__ — 봇 주가요약 제외 [앤로보틱스]: 1건
2026-08-17 10:22:28,129 [INFO] __main__ — 봇 주가요약 제외 [하나마이크론]: 1건
2026-08-17 10:22:28,131 [INFO] __main__ — 뉴스 시점 제외 [하이드로리튬]: 7건 (>14일/파싱실패)
2026-08-17 10:22:28,224 [INFO] __main__ — 봇 주가요약 제외 [스피어]: 1건
2026-08-17 10:22:31,347 [INFO] __main__ — 봇 주가요약 제외 [디아이씨]: 1건
2026-08-17 10:22:32,357 [INFO] __main__ — 뉴스 시점 제외 [KX하이텍]: 6건 (>14일/파싱실패)
2026-08-17 10:22:33,399 [INFO] __main__ — 뉴스 시점 제외 [삼화전자]: 7건 (>14일/파싱실패)
2026-08-17 10:22:34,445 [INFO] __main__ — 뉴스 시점 제외 [부국철강]: 7건 (>14일/파싱실패)
2026-08-17 10:22:36,415 [INFO] __main__ — 뉴스 시점 제외 [에스에이엠티]: 4건 (>14일/파싱실패)
2026-08-17 10:22:36,534 [INFO] __main__ — 봇 주가요약 제외 [흥구석유]: 1건
2026-08-17 10:22:37,513 [INFO] __main__ — 뉴스 시점 제외 [한성크린텍]: 9건 (>14일/파싱실패)
2026-08-17 10:22:39,521 [INFO] __main__ — 뉴스 시점 제외 [SKAI]: 10건 (>14일/파싱실패)
2026-08-17 10:22:39,589 [INFO] __main__ — 뉴스 시점 제외 [고려산업]: 10건 (>14일/파싱실패)
2026-08-17 10:22:40,643 [INFO] __main__ — 뉴스 시점 제외 [키스트론]: 12건 (>14일/파싱실패)
2026-08-17 10:22:41,614 [INFO] __main__ — 뉴스 시점 제외 [남화산업]: 9건 (>14일/파싱실패)
2026-08-17 10:22:45,745 [INFO] __main__ — 봇 주가요약 제외 [지엔씨에너지]: 2건
2026-08-17 10:22:46,780 [INFO] __main__ — 뉴스 시점 제외 [보해양조]: 4건 (>14일/파싱실패)
2026-08-17 10:22:46,858 [INFO] __main__ — 뉴스 시점 제외 [피제이메탈]: 9건 (>14일/파싱실패)
2026-08-17 10:22:47,884 [INFO] __main__ — 봇 주가요약 제외 [SK오션플랜트]: 1건
2026-08-17 10:22:51,305 [INFO] __main__ — 봇 주가요약 제외 [일승]: 2건
2026-08-17 10:22:56,004 [INFO] __main__ — 봇 주가요약 제외 [두산퓨얼셀]: 1건
2026-08-17 10:22:57,797 [INFO] __main__ — 뉴스 시점 제외 [SG세계물산]: 4건 (>14일/파싱실패)
2026-08-17 10:23:06,500 [INFO] __main__ — 봇 주가요약 제외 [폴라리스AI]: 1건
2026-08-17 10:23:08,293 [INFO] __main__ — 뉴스 시점 제외 [이수화학]: 9건 (>14일/파싱실패)
2026-08-17 10:23:08,590 [INFO] __main__ — 봇 주가요약 제외 [재영솔루텍]: 1건
2026-08-17 10:23:09,303 [INFO] __main__ — 봇 주가요약 제외 [이노테크]: 1건
2026-08-17 10:23:10,649 [INFO] __main__ — 뉴스 시점 제외 [하이딥]: 8건 (>14일/파싱실패)
2026-08-17 10:23:11,695 [INFO] __main__ — 봇 주가요약 제외 [와이씨]: 5건
2026-08-17 10:23:12,385 [INFO] __main__ — 뉴스 시점 제외 [서부T&D]: 4건 (>14일/파싱실패)
2026-08-17 10:23:18,603 [INFO] __main__ — 봇 주가요약 제외 [일진전기]: 3건
2026-08-17 10:23:19,632 [INFO] __main__ — 봇 주가요약 제외 [이수페타시스]: 2건
2026-08-17 10:23:21,067 [INFO] __main__ — 뉴스 시점 제외 [넥스틸]: 8건 (>14일/파싱실패)
2026-08-17 10:23:21,068 [INFO] __main__ — 봇 주가요약 제외 [넥스틸]: 1건
2026-08-17 10:23:23,156 [INFO] __main__ — 뉴스 시점 제외 [대원강업]: 6건 (>14일/파싱실패)
2026-08-17 10:23:24,202 [INFO] __main__ — 봇 주가요약 제외 [티엘비]: 1건
2026-08-17 10:23:28,365 [INFO] __main__ — 뉴스 시점 제외 [멤레이비티]: 11건 (>14일/파싱실패)
2026-08-17 10:23:32,500 [INFO] __main__ — 뉴스 시점 제외 [엠에스오토텍]: 9건 (>14일/파싱실패)
2026-08-17 10:23:34,518 [INFO] __main__ — 뉴스 시점 제외 [한일사료]: 11건 (>14일/파싱실패)
2026-08-17 10:23:35,601 [INFO] __main__ — 봇 주가요약 제외 [셀바스AI]: 4건
2026-08-17 10:23:39,249 [INFO] __main__ — 뉴스 시점 제외 [THE E&M]: 13건 (>14일/파싱실패)
2026-08-17 10:23:47,986 [INFO] __main__ — 뉴스 시점 제외 [알루코]: 3건 (>14일/파싱실패)
2026-08-17 10:23:51,116 [INFO] __main__ — 뉴스 시점 제외 [우리기술투자]: 9건 (>14일/파싱실패)
2026-08-17 10:23:55,510 [INFO] __main__ — 봇 주가요약 제외 [동진쎄미켐]: 1건
2026-08-17 10:24:01,573 [INFO] __main__ — 봇 주가요약 제외 [OCI홀딩스]: 1건
2026-08-17 10:24:07,589 [INFO] __main__ — 뉴스 시점 제외 [바이오플러스]: 7건 (>14일/파싱실패)
2026-08-17 10:24:08,295 [INFO] __main__ — 뉴스 시점 제외 [미래생명자원]: 8건 (>14일/파싱실패)
2026-08-17 10:24:09,684 [INFO] __main__ — 뉴스 시점 제외 [로체시스템즈]: 11건 (>14일/파싱실패)
2026-08-17 10:24:10,463 [INFO] __main__ — 봇 주가요약 제외 [산일전기]: 2건
2026-08-17 10:24:11,472 [INFO] __main__ — 봇 주가요약 제외 [코리아써키트]: 2건
2026-08-17 10:24:13,991 [INFO] __main__ — 뉴스 시점 제외 [에스와이스틸텍]: 14건 (>14일/파싱실패)
2026-08-17 10:24:17,940 [INFO] __main__ — 뉴스 시점 제외 [더블유에스아이]: 5건 (>14일/파싱실패)
2026-08-17 10:24:18,970 [INFO] __main__ — 뉴스 시점 제외 [KB스타리츠]: 13건 (>14일/파싱실패)
2026-08-17 10:24:22,879 [INFO] __main__ — 뉴스 시점 제외 [대아티아이]: 9건 (>14일/파싱실패)
2026-08-17 10:24:29,240 [INFO] __main__ — 봇 주가요약 제외 [원익QnC]: 1건
2026-08-17 10:24:30,268 [INFO] __main__ — 봇 주가요약 제외 [로보스타]: 1건
2026-08-17 10:24:32,372 [INFO] __main__ — 뉴스 시점 제외 [퀀텀레일]: 2건 (>14일/파싱실패)
2026-08-17 10:24:34,419 [INFO] __main__ — 뉴스 시점 제외 [HB솔루션]: 6건 (>14일/파싱실패)
2026-08-17 10:24:34,713 [INFO] __main__ — 뉴스 시점 제외 [휴스틸]: 3건 (>14일/파싱실패)
2026-08-17 10:24:35,346 [INFO] __main__ — 뉴스 시점 제외 [포스코스틸리온]: 4건 (>14일/파싱실패)
2026-08-17 10:24:35,470 [INFO] __main__ — 봇 주가요약 제외 [삼성에스디에스]: 2건
2026-08-17 10:24:35,749 [INFO] __main__ — 봇 주가요약 제외 [POSCO홀딩스]: 1건
2026-08-17 10:24:36,514 [INFO] __main__ — 뉴스 시점 제외 [수산세보틱스]: 8건 (>14일/파싱실패)
2026-08-17 10:24:38,875 [INFO] __main__ — 뉴스 시점 제외 [ESR켄달스퀘어리츠]: 9건 (>14일/파싱실패)
2026-08-17 10:24:41,588 [INFO] __main__ — 뉴스 시점 제외 [아남전자]: 4건 (>14일/파싱실패)
2026-08-17 10:24:46,141 [INFO] __main__ — 부정 키워드 감지: 20개 종목 (neg_ratio > 0)
2026-08-17 10:24:46,145 [INFO] __main__ — 수급일수충족·합계음수 제외: 137개
2026-08-17 10:24:52,002 [INFO] __main__ — 뉴스 시점 제외 [두산우]: 15건 (>14일/파싱실패)
2026-08-17 10:24:53,153 [INFO] __main__ — 뉴스 시점 제외 [LG전자우]: 11건 (>14일/파싱실패)
2026-08-17 10:24:53,722 [INFO] __main__ — 봇 주가요약 제외 [해성디에스]: 1건
2026-08-17 10:24:54,855 [INFO] __main__ — 봇 주가요약 제외 [삼아알미늄]: 1건
2026-08-17 10:24:56,550 [INFO] __main__ — 뉴스 시점 제외 [맵스리얼티]: 15건 (>14일/파싱실패)
2026-08-17 10:24:56,576 [INFO] __main__ — 뉴스 시점 제외 [신한알파리츠]: 14건 (>14일/파싱실패)
2026-08-17 10:24:58,343 [INFO] __main__ — 뉴스 시점 제외 [대신증권우]: 14건 (>14일/파싱실패)
2026-08-17 10:24:58,924 [INFO] __main__ — 뉴스 시점 제외 [현대차3우B]: 10건 (>14일/파싱실패)
2026-08-17 10:24:59,455 [INFO] __main__ — 뉴스 시점 제외 [조광피혁]: 14건 (>14일/파싱실패)
2026-08-17 10:25:00,025 [INFO] __main__ — 뉴스 시점 제외 [케이씨]: 5건 (>14일/파싱실패)
2026-08-17 10:25:00,062 [INFO] __main__ — 뉴스 시점 제외 [HL홀딩스]: 1건 (>14일/파싱실패)
2026-08-17 10:25:01,926 [INFO] __main__ — 뉴스 시점 제외 [삼성물산우B]: 14건 (>14일/파싱실패)
2026-08-17 10:25:02,505 [INFO] __main__ — 뉴스 시점 제외 [두산2우B]: 15건 (>14일/파싱실패)
2026-08-17 10:25:03,206 [INFO] __main__ — 봇 주가요약 제외 [서흥]: 1건
2026-08-17 10:25:03,837 [INFO] __main__ — 뉴스 시점 제외 [코스맥스비티아이]: 2건 (>14일/파싱실패)
2026-08-17 10:25:04,356 [INFO] __main__ — 뉴스 시점 제외 [미창석유]: 12건 (>14일/파싱실패)
2026-08-17 10:25:07,075 [INFO] __main__ — 뉴스 시점 제외 [노루홀딩스]: 13건 (>14일/파싱실패)
2026-08-17 10:25:07,651 [INFO] __main__ — 뉴스 시점 제외 [모토닉]: 12건 (>14일/파싱실패)
2026-08-17 10:25:07,665 [INFO] __main__ — 뉴스 시점 제외 [한농화성]: 3건 (>14일/파싱실패)
2026-08-17 10:25:08,052 [INFO] __main__ — 뉴스 시점 제외 [LG우]: 14건 (>14일/파싱실패)
2026-08-17 10:25:09,210 [INFO] __main__ — 뉴스 시점 제외 [유화증권]: 6건 (>14일/파싱실패)
2026-08-17 10:25:09,630 [INFO] __main__ — 뉴스 시점 제외 [삼익THK]: 6건 (>14일/파싱실패)
2026-08-17 10:25:10,211 [INFO] __main__ — 뉴스 시점 제외 [SYTS]: 8건 (>14일/파싱실패)
2026-08-17 10:25:10,342 [INFO] __main__ — 뉴스 시점 제외 [대창단조]: 11건 (>14일/파싱실패)
2026-08-17 10:25:11,074 [INFO] __main__ — 뉴스 시점 제외 [한국주철관]: 8건 (>14일/파싱실패)
2026-08-17 10:25:11,370 [INFO] __main__ — 뉴스 시점 제외 [금호석유화학우]: 15건 (>14일/파싱실패)
2026-08-17 10:25:11,490 [INFO] __main__ — 뉴스 시점 제외 [이구산업]: 10건 (>14일/파싱실패)
2026-08-17 10:25:12,065 [INFO] __main__ — 뉴스 시점 제외 [한진중공업홀딩스]: 13건 (>14일/파싱실패)
2026-08-17 10:25:12,524 [INFO] __main__ — 뉴스 시점 제외 [일진다이아]: 7건 (>14일/파싱실패)
2026-08-17 10:25:12,627 [INFO] __main__ — 뉴스 시점 제외 [태경산업]: 8건 (>14일/파싱실패)
2026-08-17 10:25:12,795 [INFO] __main__ — 뉴스 시점 제외 [태림포장]: 8건 (>14일/파싱실패)
2026-08-17 10:25:13,106 [INFO] __main__ — 뉴스 시점 제외 [제일파마홀딩스]: 7건 (>14일/파싱실패)
2026-08-17 10:25:13,186 [INFO] __main__ — 뉴스 시점 제외 [신영와코루]: 4건 (>14일/파싱실패)
2026-08-17 10:25:13,360 [INFO] __main__ — 뉴스 시점 제외 [경동인베스트]: 11건 (>14일/파싱실패)
2026-08-17 10:25:13,885 [INFO] __main__ — 뉴스 시점 제외 [동남합성]: 3건 (>14일/파싱실패)
2026-08-17 10:25:13,921 [INFO] __main__ — 뉴스 시점 제외 [DL이앤씨2우(전환)]: 14건 (>14일/파싱실패)
2026-08-17 10:25:14,238 [INFO] __main__ — 뉴스 시점 제외 [세이브존I&C]: 13건 (>14일/파싱실패)
2026-08-17 10:25:14,463 [INFO] __main__ — 뉴스 시점 제외 [세원정공]: 12건 (>14일/파싱실패)
2026-08-17 10:25:14,813 [INFO] __main__ — 뉴스 시점 제외 [황금에스티]: 5건 (>14일/파싱실패)
2026-08-17 10:25:15,047 [INFO] __main__ — 뉴스 시점 제외 [영보화학]: 13건 (>14일/파싱실패)
2026-08-17 10:25:15,203 [INFO] __main__ — 뉴스 시점 제외 [NI스틸]: 14건 (>14일/파싱실패)
2026-08-17 10:25:15,783 [INFO] __main__ — 뉴스 시점 제외 [DKME]: 13건 (>14일/파싱실패)
2026-08-17 10:25:15,955 [INFO] __main__ — 뉴스 시점 제외 [동인기연]: 14건 (>14일/파싱실패)
2026-08-17 10:25:16,189 [INFO] __main__ — 뉴스 시점 제외 [SK이노베이션우]: 13건 (>14일/파싱실패)
2026-08-17 10:25:16,363 [INFO] __main__ — 뉴스 시점 제외 [유한양행우]: 15건 (>14일/파싱실패)
2026-08-17 10:25:16,517 [INFO] __main__ — 뉴스 시점 제외 [CS홀딩스]: 15건 (>14일/파싱실패)
2026-08-17 10:25:17,093 [INFO] __main__ — 뉴스 시점 제외 [대림바스]: 10건 (>14일/파싱실패)
2026-08-17 10:25:17,668 [INFO] __main__ — 뉴스 시점 제외 [삼정펄프]: 14건 (>14일/파싱실패)
2026-08-17 10:25:18,084 [INFO] __main__ — 뉴스 시점 제외 [페이퍼코리아]: 14건 (>14일/파싱실패)
2026-08-17 10:25:19,062 [INFO] __main__ — 뉴스 시점 제외 [써니전자]: 13건 (>14일/파싱실패)
2026-08-17 10:25:19,258 [INFO] __main__ — 뉴스 시점 제외 [보락]: 5건 (>14일/파싱실패)
2026-08-17 10:25:19,424 [INFO] __main__ — 뉴스 시점 제외 [기신정기]: 15건 (>14일/파싱실패)
2026-08-17 10:25:19,634 [INFO] __main__ — 뉴스 시점 제외 [유안타증권우]: 15건 (>14일/파싱실패)
2026-08-17 10:25:20,211 [INFO] __main__ — 뉴스 시점 제외 [롯데칠성우]: 15건 (>14일/파싱실패)
2026-08-17 10:25:20,802 [INFO] __main__ — 뉴스 시점 제외 [DL이앤씨우]: 15건 (>14일/파싱실패)
2026-08-17 10:25:20,966 [INFO] __main__ — 뉴스 시점 제외 [대덕전자1우]: 15건 (>14일/파싱실패)
2026-08-17 10:25:21,148 [INFO] __main__ — 뉴스 시점 제외 [씨아이테크]: 10건 (>14일/파싱실패)
2026-08-17 10:25:21,379 [INFO] __main__ — 뉴스 시점 제외 [유성기업]: 15건 (>14일/파싱실패)
2026-08-17 10:25:21,542 [INFO] __main__ — 뉴스 시점 제외 [상신브레이크]: 6건 (>14일/파싱실패)
2026-08-17 10:25:21,740 [INFO] __main__ — 뉴스 시점 제외 [미래에셋맵스리츠]: 15건 (>14일/파싱실패)
2026-08-17 10:25:22,124 [INFO] __main__ — 뉴스 시점 제외 [문배철강]: 11건 (>14일/파싱실패)
2026-08-17 10:25:22,543 [INFO] __main__ — 뉴스 시점 제외 [DL우]: 15건 (>14일/파싱실패)
2026-08-17 10:25:22,702 [INFO] __main__ — 뉴스 시점 제외 [우진플라임]: 14건 (>14일/파싱실패)
2026-08-17 10:25:23,121 [INFO] __main__ — 뉴스 시점 제외 [세우글로벌]: 15건 (>14일/파싱실패)
2026-08-17 10:25:23,273 [INFO] __main__ — 뉴스 시점 제외 [화인베스틸]: 10건 (>14일/파싱실패)
2026-08-17 10:25:23,687 [INFO] __main__ — 뉴스 시점 제외 [동일제강]: 10건 (>14일/파싱실패)
2026-08-17 10:25:26,336 [INFO] __main__ — 뉴스 시점 제외 [다우데이타]: 10건 (>14일/파싱실패)
2026-08-17 10:25:26,578 [INFO] __main__ — 뉴스 시점 제외 [이엔에프테크놀로지]: 5건 (>14일/파싱실패)
2026-08-17 10:25:31,756 [INFO] __main__ — 뉴스 시점 제외 [한국알콜]: 6건 (>14일/파싱실패)
2026-08-17 10:25:32,320 [INFO] __main__ — 뉴스 시점 제외 [제이브이엠]: 2건 (>14일/파싱실패)
2026-08-17 10:25:35,630 [INFO] __main__ — 뉴스 시점 제외 [에스엔시스]: 7건 (>14일/파싱실패)
2026-08-17 10:25:35,749 [INFO] __main__ — 뉴스 시점 제외 [우주일렉트로]: 12건 (>14일/파싱실패)
2026-08-17 10:25:36,201 [INFO] __main__ — 뉴스 시점 제외 [대원산업]: 6건 (>14일/파싱실패)
2026-08-17 10:25:38,637 [INFO] __main__ — 뉴스 시점 제외 [한국정보인증]: 1건 (>14일/파싱실패)
2026-08-17 10:25:38,811 [INFO] __main__ — 뉴스 시점 제외 [국보디자인]: 8건 (>14일/파싱실패)
2026-08-17 10:25:39,380 [INFO] __main__ — 봇 주가요약 제외 [제일일렉트릭]: 1건
2026-08-17 10:25:39,960 [INFO] __main__ — 뉴스 시점 제외 [슈피겐코리아]: 3건 (>14일/파싱실패)
2026-08-17 10:25:40,212 [INFO] __main__ — 뉴스 시점 제외 [엠아이텍]: 12건 (>14일/파싱실패)
2026-08-17 10:25:40,371 [INFO] __main__ — 뉴스 시점 제외 [빅솔론]: 14건 (>14일/파싱실패)
2026-08-17 10:25:40,524 [INFO] __main__ — 뉴스 시점 제외 [아이디스]: 7건 (>14일/파싱실패)
2026-08-17 10:25:42,251 [INFO] __main__ — 뉴스 시점 제외 [시너지이노베이션]: 8건 (>14일/파싱실패)
2026-08-17 10:25:42,532 [INFO] __main__ — 뉴스 시점 제외 [퓨릿]: 10건 (>14일/파싱실패)
2026-08-17 10:25:42,818 [INFO] __main__ — 뉴스 시점 제외 [나우IB]: 4건 (>14일/파싱실패)
2026-08-17 10:25:43,474 [INFO] __main__ — 뉴스 시점 제외 [제룡산업]: 8건 (>14일/파싱실패)
2026-08-17 10:25:43,474 [INFO] __main__ — 봇 주가요약 제외 [제룡산업]: 1건
2026-08-17 10:25:43,687 [INFO] __main__ — 뉴스 시점 제외 [동방메디컬]: 4건 (>14일/파싱실패)
2026-08-17 10:25:44,959 [INFO] __main__ — 뉴스 시점 제외 [고려신용정보]: 10건 (>14일/파싱실패)
2026-08-17 10:25:45,418 [INFO] __main__ — 뉴스 시점 제외 [신화프리텍]: 6건 (>14일/파싱실패)
2026-08-17 10:25:45,545 [INFO] __main__ — 뉴스 시점 제외 [성도이엔지]: 10건 (>14일/파싱실패)
2026-08-17 10:25:45,996 [INFO] __main__ — 뉴스 시점 제외 [엠에스씨]: 12건 (>14일/파싱실패)
2026-08-17 10:25:46,691 [INFO] __main__ — 뉴스 시점 제외 [푸드나무]: 11건 (>14일/파싱실패)
2026-08-17 10:25:46,918 [INFO] __main__ — 뉴스 시점 제외 [케이엔솔]: 6건 (>14일/파싱실패)
2026-08-17 10:25:47,260 [INFO] __main__ — 뉴스 시점 제외 [유아이엘]: 12건 (>14일/파싱실패)
2026-08-17 10:25:48,992 [INFO] __main__ — 뉴스 시점 제외 [케이엔더블유]: 13건 (>14일/파싱실패)
2026-08-17 10:25:50,148 [INFO] __main__ — 뉴스 시점 제외 [탑런토탈솔루션]: 4건 (>14일/파싱실패)
2026-08-17 10:25:51,871 [INFO] __main__ — 뉴스 시점 제외 [스톰테크]: 12건 (>14일/파싱실패)
2026-08-17 10:25:52,350 [INFO] __main__ — 뉴스 시점 제외 [일지테크]: 4건 (>14일/파싱실패)
2026-08-17 10:25:52,446 [INFO] __main__ — 뉴스 시점 제외 [대림제지]: 12건 (>14일/파싱실패)
2026-08-17 10:25:53,028 [INFO] __main__ — 뉴스 시점 제외 [로보로보]: 5건 (>14일/파싱실패)
2026-08-17 10:25:53,394 [INFO] __main__ — 뉴스 시점 제외 [MDS테크]: 8건 (>14일/파싱실패)
2026-08-17 10:25:53,491 [INFO] __main__ — 뉴스 시점 제외 [제닉스로보틱스]: 11건 (>14일/파싱실패)
2026-08-17 10:25:54,758 [INFO] __main__ — 뉴스 시점 제외 [에코플라스틱]: 7건 (>14일/파싱실패)
2026-08-17 10:25:55,678 [INFO] __main__ — 뉴스 시점 제외 [쎄니트]: 14건 (>14일/파싱실패)
2026-08-17 10:25:56,361 [INFO] __main__ — 뉴스 시점 제외 [선바이오]: 12건 (>14일/파싱실패)
2026-08-17 10:25:56,936 [INFO] __main__ — 뉴스 시점 제외 [삼현철강]: 12건 (>14일/파싱실패)
2026-08-17 10:25:57,427 [INFO] __main__ — 뉴스 시점 제외 [라이온켐텍]: 8건 (>14일/파싱실패)
2026-08-17 10:25:58,048 [INFO] __main__ — 뉴스 시점 제외 [양지사]: 14건 (>14일/파싱실패)
2026-08-17 10:25:58,096 [INFO] __main__ — 뉴스 시점 제외 [시공테크]: 5건 (>14일/파싱실패)
2026-08-17 10:25:58,633 [INFO] __main__ — 뉴스 시점 제외 [이엠텍]: 11건 (>14일/파싱실패)
2026-08-17 10:26:00,383 [INFO] __main__ — 뉴스 시점 제외 [블랙야크아이앤씨]: 8건 (>14일/파싱실패)
2026-08-17 10:26:00,387 [INFO] __main__ — 뉴스 시점 제외 [엔젯]: 11건 (>14일/파싱실패)
2026-08-17 10:26:00,529 [INFO] __main__ — 뉴스 시점 제외 [스마트레이더시스템]: 9건 (>14일/파싱실패)
2026-08-17 10:26:00,956 [INFO] __main__ — 뉴스 시점 제외 [센코]: 5건 (>14일/파싱실패)
2026-08-17 10:26:01,533 [INFO] __main__ — 뉴스 시점 제외 [푸드웰]: 9건 (>14일/파싱실패)
2026-08-17 10:26:02,127 [INFO] __main__ — 뉴스 시점 제외 [샌즈랩]: 8건 (>14일/파싱실패)
2026-08-17 10:26:02,272 [INFO] __main__ — 뉴스 시점 제외 [동일금속]: 12건 (>14일/파싱실패)
2026-08-17 10:26:02,707 [INFO] __main__ — 뉴스 시점 제외 [케이엘넷]: 10건 (>14일/파싱실패)
2026-08-17 10:26:02,836 [INFO] __main__ — 뉴스 시점 제외 [셀바이오휴먼텍]: 7건 (>14일/파싱실패)
2026-08-17 10:26:03,876 [INFO] __main__ — 뉴스 시점 제외 [와이어블]: 7건 (>14일/파싱실패)
2026-08-17 10:26:04,456 [INFO] __main__ — 뉴스 시점 제외 [코스리거글로벌]: 10건 (>14일/파싱실패)
2026-08-17 10:26:05,241 [INFO] __main__ — 뉴스 시점 제외 [이건홀딩스]: 9건 (>14일/파싱실패)
2026-08-17 10:26:05,743 [INFO] __main__ — 뉴스 시점 제외 [대주산업]: 12건 (>14일/파싱실패)
2026-08-17 10:26:05,772 [INFO] __main__ — 뉴스 시점 제외 [오픈베이스]: 4건 (>14일/파싱실패)
2026-08-17 10:26:07,063 [INFO] __main__ — 뉴스 시점 제외 [코닉오토메이션]: 9건 (>14일/파싱실패)
2026-08-17 10:26:07,474 [INFO] __main__ — 뉴스 시점 제외 [코렌텍]: 13건 (>14일/파싱실패)
2026-08-17 10:26:07,646 [INFO] __main__ — 뉴스 시점 제외 [디티씨]: 3건 (>14일/파싱실패)
2026-08-17 10:26:09,497 [INFO] __main__ — 뉴스 시점 제외 [삼진식품]: 13건 (>14일/파싱실패)
2026-08-17 10:26:09,545 [INFO] __main__ — 뉴스 시점 제외 [SG&G]: 10건 (>14일/파싱실패)
2026-08-17 10:26:10,029 [INFO] __main__ — 뉴스 시점 제외 [알피바이오]: 9건 (>14일/파싱실패)
2026-08-17 10:26:10,213 [INFO] __main__ — 뉴스 시점 제외 [홈캐스트]: 15건 (>14일/파싱실패)
2026-08-17 10:26:11,357 [INFO] __main__ — 뉴스 시점 제외 [제노레이]: 12건 (>14일/파싱실패)
2026-08-17 10:26:11,363 [INFO] __main__ — 뉴스 시점 제외 [HC홈센타]: 12건 (>14일/파싱실패)
2026-08-17 10:26:11,871 [INFO] __main__ — 뉴스 시점 제외 [프로이천]: 8건 (>14일/파싱실패)
2026-08-17 10:26:11,946 [INFO] __main__ — 봇 주가요약 제외 [에이텀]: 1건
2026-08-17 10:26:13,026 [INFO] __main__ — 뉴스 시점 제외 [YW]: 15건 (>14일/파싱실패)
2026-08-17 10:26:13,228 [INFO] __main__ — 뉴스 시점 제외 [제이피아이헬스케어]: 6건 (>14일/파싱실패)
2026-08-17 10:26:16,065 [INFO] __main__ — 뉴스 시점 제외 [한국팩키지]: 14건 (>14일/파싱실패)
2026-08-17 10:26:16,681 [INFO] __main__ — 뉴스 시점 제외 [삼일기업공사]: 11건 (>14일/파싱실패)
2026-08-17 10:26:17,362 [INFO] __main__ — 뉴스 시점 제외 [쓰리에이로직스]: 14건 (>14일/파싱실패)
2026-08-17 10:26:17,934 [INFO] __main__ — 뉴스 시점 제외 [콜마바이오텍]: 12건 (>14일/파싱실패)
2026-08-17 10:26:17,938 [INFO] __main__ — 뉴스 시점 제외 [효성오앤비]: 11건 (>14일/파싱실패)
2026-08-17 10:26:18,515 [INFO] __main__ — 뉴스 시점 제외 [동일기연]: 10건 (>14일/파싱실패)
2026-08-17 10:26:19,094 [INFO] __main__ — 뉴스 시점 제외 [서암기계공업]: 7건 (>14일/파싱실패)
2026-08-17 10:26:19,109 [INFO] __main__ — 뉴스 시점 제외 [씨큐브]: 12건 (>14일/파싱실패)
2026-08-17 10:26:19,685 [INFO] __main__ — 뉴스 시점 제외 [하이즈항공]: 7건 (>14일/파싱실패)
2026-08-17 10:26:19,834 [INFO] __main__ — 뉴스 시점 제외 [백금T&A]: 5건 (>14일/파싱실패)
2026-08-17 10:26:20,272 [INFO] __main__ — 뉴스 시점 제외 [서연탑메탈]: 9건 (>14일/파싱실패)
2026-08-17 10:26:20,845 [INFO] __main__ — 뉴스 시점 제외 [바이오톡스텍]: 4건 (>14일/파싱실패)
2026-08-17 10:26:20,893 [INFO] __main__ — 뉴스 시점 제외 [이엠넷]: 13건 (>14일/파싱실패)
2026-08-17 10:26:22,631 [INFO] __main__ — 뉴스 시점 제외 [오디텍]: 2건 (>14일/파싱실패)
2026-08-17 10:26:22,723 [INFO] __main__ — 뉴스 시점 제외 [코셈]: 15건 (>14일/파싱실패)
2026-08-17 10:26:23,139 [INFO] __main__ — 뉴스 시점 제외 [에코캡]: 10건 (>14일/파싱실패)
2026-08-17 10:26:23,290 [INFO] __main__ — 뉴스 시점 제외 [다산디엠씨]: 10건 (>14일/파싱실패)
2026-08-17 10:26:23,718 [INFO] __main__ — 뉴스 시점 제외 [메가엠디]: 7건 (>14일/파싱실패)
2026-08-17 10:26:23,873 [INFO] __main__ — 뉴스 시점 제외 [DH오토웨어]: 13건 (>14일/파싱실패)
2026-08-17 10:26:24,294 [INFO] __main__ — 뉴스 시점 제외 [솔디펜스]: 4건 (>14일/파싱실패)
2026-08-17 10:26:26,022 [INFO] __main__ — 뉴스 시점 제외 [케이씨티]: 12건 (>14일/파싱실패)
2026-08-17 10:26:26,154 [INFO] __main__ — 뉴스 시점 제외 [제이엔비]: 11건 (>14일/파싱실패)
2026-08-17 10:26:26,751 [INFO] __main__ — 뉴스 시점 제외 [티디에스팜]: 12건 (>14일/파싱실패)
2026-08-17 10:26:27,180 [INFO] __main__ — 뉴스 시점 제외 [와토스코리아]: 11건 (>14일/파싱실패)
2026-08-17 10:26:27,317 [INFO] __main__ — 뉴스 시점 제외 [파인디지털]: 9건 (>14일/파싱실패)
2026-08-17 10:26:27,389 [INFO] __main__ — 뉴스 시점 제외 [에스프리즘]: 13건 (>14일/파싱실패)
2026-08-17 10:26:28,529 [INFO] __main__ — 뉴스 시점 제외 [신화콘텍]: 12건 (>14일/파싱실패)
2026-08-17 10:26:28,904 [INFO] __main__ — 뉴스 시점 제외 [시큐브]: 9건 (>14일/파싱실패)
2026-08-17 10:26:29,006 [INFO] __main__ — POOL_A 후보 부정뉴스 2차 조회: 523개
2026-08-17 10:26:29,009 [INFO] __main__ — POOL_A: 748개 (A:732 B:5 동시:11) | 부정게이트 제외:5
  대형:40 중형:122 소형:586
2026-08-17 10:26:29,013 [INFO] __main__ — 대조군 표본(무신호): 40개 / 모집단 1507개 → pool_history
2026-08-17 10:26:29,016 [INFO] __main__ —   → POOL_A: 748개
2026-08-17 10:26:29,016 [INFO] __main__ — ▶ Step 2: 하드 필터링
2026-08-17 10:26:29,017 [INFO] __main__ — 하드 필터 제거: 732개 | 과열배제 125 | 이격도상한 48 | 이격도하한 12 | MA추세 503 | RSI과열 7 | 거래대금 37
2026-08-17 10:26:29,019 [INFO] __main__ — 과열 gated 기록: 125개 → gated_tickers
2026-08-17 10:26:29,021 [INFO] __main__ — 대조군 표본(필터탈락): 176개 / 모집단 732개 → pool_history
2026-08-17 10:26:29,021 [INFO] __main__ — POOL_B: 16개 | 대형:0 중형:5 소형:11
2026-08-17 10:26:29,021 [INFO] __main__ —   → POOL_B: 16개
2026-08-17 10:26:29,021 [INFO] __main__ — ▶ Step 3: 스코어링 (FinBERT 감성 분석)
2026-08-17 10:26:29,021 [INFO] __main__ — NaverClient: 3개 키 로드 (DataLab·검색 독립 회전)
2026-08-17 10:26:29,022 [INFO] __main__ — 텍스트 캐시 전체 적중: 16종목 (외부 API 0건)
2026-08-17 10:26:29,025 [INFO] __main__ — 기사 보존(캐시): 121건 (16종목) → news_articles
2026-08-17 10:26:29,027 [INFO] __main__ — 공시 보존(캐시): 42건 (16종목) → dart_filings
2026-08-17 10:26:29,027 [INFO] __main__ — FinBERT 감성 분석 (finbert 모드)...
2026-08-17 10:26:29,027 [INFO] __main__ — FinBERT 로딩: snunlp/KR-FinBert-SC (CPU, batch=8)
2026-08-17 10:26:29,114 [INFO] httpx — HTTP Request: GET https://huggingface.co/api/agent-harnesses "HTTP/1.1 200 OK"
2026-08-17 10:26:29,183 [INFO] httpx — HTTP Request: HEAD https://huggingface.co/snunlp/KR-FinBert-SC/resolve/main/config.json "HTTP/1.1 307 Temporary Redirect"
2026-08-17 10:26:29,190 [INFO] httpx — HTTP Request: HEAD https://huggingface.co/api/resolve-cache/models/snunlp/KR-FinBert-SC/f8586286cc3161fb648e9fee09a456069fd846d0/config.json "HTTP/1.1 200 OK"
2026-08-17 10:26:29,280 [INFO] httpx — HTTP Request: HEAD https://huggingface.co/snunlp/KR-FinBert-SC/resolve/main/model.safetensors "HTTP/1.1 404 Not Found"
2026-08-17 10:26:29,353 [INFO] httpx — HTTP Request: GET https://huggingface.co/api/models/snunlp/KR-FinBert-SC "HTTP/1.1 200 OK"
2026-08-17 10:26:29,443 [INFO] httpx — HTTP Request: GET https://huggingface.co/api/models/snunlp/KR-FinBert-SC/commits/main "HTTP/1.1 200 OK"
2026-08-17 10:26:29,500 [INFO] httpx — HTTP Request: GET https://huggingface.co/api/models/snunlp/KR-FinBert-SC/tree/main/additional_chat_templates?recursive=false&expand=false "HTTP/1.1 404 Not Found"
2026-08-17 10:26:29,519 [INFO] httpx — HTTP Request: GET https://huggingface.co/api/models/snunlp/KR-FinBert-SC/discussions?p=0 "HTTP/1.1 200 OK"
2026-08-17 10:26:29,604 [INFO] httpx — HTTP Request: GET https://huggingface.co/api/models/snunlp/KR-FinBert-SC/commits/refs%2Fpr%2F3 "HTTP/1.1 200 OK"
2026-08-17 10:26:29,609 [INFO] httpx — HTTP Request: GET https://huggingface.co/api/models/snunlp/KR-FinBert-SC/tree/main?recursive=true&expand=false "HTTP/1.1 200 OK"
2026-08-17 10:26:29,673 [INFO] httpx — HTTP Request: HEAD https://huggingface.co/snunlp/KR-FinBert-SC/resolve/refs%2Fpr%2F3/model.safetensors.index.json "HTTP/1.1 404 Not Found"
2026-08-17 10:26:29,673 [WARNING] huggingface_hub.utils._http — Warning: You are sending unauthenticated requests to the HF Hub. Please set a HF_TOKEN to enable higher rate limits and faster downloads.
2026-08-17 10:26:29,694 [INFO] httpx — HTTP Request: HEAD https://huggingface.co/snunlp/KR-FinBert-SC/resolve/main/processor_config.json "HTTP/1.1 404 Not Found"
2026-08-17 10:26:29,747 [INFO] httpx — HTTP Request: HEAD https://huggingface.co/snunlp/KR-FinBert-SC/resolve/refs%2Fpr%2F3/model.safetensors "HTTP/1.1 302 Found"
2026-08-17 10:26:29,765 [INFO] httpx — HTTP Request: HEAD https://huggingface.co/snunlp/KR-FinBert-SC/resolve/main/video_preprocessor_config.json "HTTP/1.1 404 Not Found"
2026-08-17 10:26:29,833 [INFO] httpx — HTTP Request: HEAD https://huggingface.co/snunlp/KR-FinBert-SC/resolve/main/preprocessor_config.json "HTTP/1.1 404 Not Found"
2026-08-17 10:26:29,834 [INFO] __main__ — FinBERT 로드 완료 (CPU)
2026-08-17 10:26:35,110 [INFO] __main__ — Phase A.1: 매핑 신뢰도 < 0.5 → 감성 점수 폐기 12건
2026-08-17 10:26:35,110 [INFO] __main__ — 스코어링: 16개 | 집중:0 | FinBERT:finbert
2026-08-17 10:26:35,124 [INFO] __main__ —   → 16개
2026-08-17 10:26:35,124 [INFO] __main__ — ▶ Step 4: 발송
2026-08-17 10:26:40,600 [INFO] __main__ — DB 기록: 12개 / 전체 to_send 12개
2026-08-17 10:26:40,600 [INFO] __main__ — 발송: 12종목 | 누적 4~10회 4 | 신규 2
2026-08-17 10:26:40,600 [INFO] __main__ — 완료  |  소요: 1140.8초
