2026-05-26 03:08:16,850 [INFO] __main__ — config 검증 완료 ✓
2026-05-26 03:08:16,850 [INFO] __main__ — ============================================================
2026-05-26 03:08:16,850 [INFO] __main__ — AlphaRadar v3.3  |  기준일: 20260526
2026-05-26 03:08:16,850 [INFO] __main__ — S = T×0.3 + S_text×0.4 + D×0.3
2026-05-26 03:08:16,850 [INFO] __main__ — ============================================================
2026-05-26 03:08:16,850 [INFO] __main__ — ▶ Step 0: 유니버스 필터링
2026-05-26 03:08:17,031 [INFO] __main__ — FDR 데이터 수집: 20251120 ~ 20260526
2026-05-26 03:08:18,511 [INFO] __main__ — KOSPI: 948개 | 섹터정보 838개 (DART +838개 보완)
2026-05-26 03:08:18,512 [INFO] __main__ — KOSDAQ: 1822개 | 섹터정보 1822개
2026-05-26 03:08:18,512 [INFO] __main__ — 전체: 2770개
2026-05-26 03:08:21,476 [INFO] __main__ — KIS 토큰 발급 완료
2026-05-26 03:31:06,139 [INFO] __main__ — DART corp_code 매핑: 2312/2369개 (97%)
2026-05-26 03:31:06,139 [INFO] __main__ — 유효 유니버스: 2369개
2026-05-26 03:31:06,150 [INFO] __main__ —   → 2369개
2026-05-26 03:31:06,150 [INFO] __main__ — ▶ Step 1: 신호 탐지
2026-05-26 03:31:06,150 [INFO] __main__ — NaverClient: 3개 키 로드 (DataLab·검색 독립 회전)
2026-05-26 03:31:06,150 [INFO] __main__ — 관심 지수 및 부정 뉴스 비율 조회 중...
2026-05-26 03:31:10,224 [INFO] __main__ — Naver datalab 키1 한도/인증 오류 → 키2 전환
2026-05-26 03:34:52,546 [INFO] __main__ — 부정 키워드 감지: 19개 종목 (neg_ratio > 0)
2026-05-26 03:34:52,552 [INFO] __main__ — POOL_A: 1178개 (A:1167 B:3 동시:8)
  대형:62 중형:218 소형:898
2026-05-26 03:34:52,557 [INFO] __main__ —   → POOL_A: 1178개
2026-05-26 03:34:52,557 [INFO] __main__ — ▶ Step 2: 하드 필터링
2026-05-26 03:34:52,558 [INFO] __main__ — 하드 필터 제거: 1012개 | 이격도상한 45 | 이격도하한 461 | MA추세 212 | RSI과열 3 | 거래대금 291
2026-05-26 03:34:52,559 [INFO] __main__ — POOL_B: 166개 | 대형:8 중형:51 소형:107
2026-05-26 03:34:52,559 [INFO] __main__ —   → POOL_B: 166개
2026-05-26 03:34:52,559 [INFO] __main__ — ▶ Step 3: 스코어링 (FinBERT 감성 분석)
2026-05-26 03:34:52,559 [INFO] __main__ — NaverClient: 3개 키 로드 (DataLab·검색 독립 회전)
2026-05-26 03:34:52,559 [INFO] __main__ — 텍스트 신규 수집: 166종목 (캐시 적중 0종목)
2026-05-26 03:38:56,556 [INFO] __main__ — 수집 완료: 뉴스 1601건 | 공시 1694건
2026-05-26 03:38:56,556 [INFO] __main__ — FinBERT 감성 분석 (finbert 모드)...
2026-05-26 03:38:56,557 [INFO] __main__ — FinBERT 로딩: snunlp/KR-FinBert-SC (CPU, batch=8)
2026-05-26 03:38:56,648 [INFO] httpx — HTTP Request: HEAD https://huggingface.co/snunlp/KR-FinBert-SC/resolve/main/config.json "HTTP/1.1 307 Temporary Redirect"
2026-05-26 03:38:56,656 [INFO] httpx — HTTP Request: HEAD https://huggingface.co/api/resolve-cache/models/snunlp/KR-FinBert-SC/f8586286cc3161fb648e9fee09a456069fd846d0/config.json "HTTP/1.1 200 OK"
2026-05-26 03:38:56,708 [INFO] httpx — HTTP Request: HEAD https://huggingface.co/snunlp/KR-FinBert-SC/resolve/main/model.safetensors "HTTP/1.1 404 Not Found"
2026-05-26 03:38:56,751 [INFO] httpx — HTTP Request: GET https://huggingface.co/api/models/snunlp/KR-FinBert-SC "HTTP/1.1 200 OK"
2026-05-26 03:38:56,802 [INFO] httpx — HTTP Request: GET https://huggingface.co/api/models/snunlp/KR-FinBert-SC/commits/main "HTTP/1.1 200 OK"
2026-05-26 03:38:56,850 [INFO] httpx — HTTP Request: GET https://huggingface.co/api/models/snunlp/KR-FinBert-SC/discussions?p=0 "HTTP/1.1 200 OK"
2026-05-26 03:38:56,872 [INFO] httpx — HTTP Request: GET https://huggingface.co/api/models/snunlp/KR-FinBert-SC/tree/main/additional_chat_templates?recursive=false&expand=false "HTTP/1.1 404 Not Found"
2026-05-26 03:38:56,910 [INFO] httpx — HTTP Request: GET https://huggingface.co/api/models/snunlp/KR-FinBert-SC/tree/main?recursive=true&expand=false "HTTP/1.1 200 OK"
2026-05-26 03:38:56,917 [INFO] httpx — HTTP Request: GET https://huggingface.co/api/models/snunlp/KR-FinBert-SC/commits/refs%2Fpr%2F3 "HTTP/1.1 200 OK"
2026-05-26 03:38:56,931 [INFO] __main__ — FinBERT 로드 완료 (CPU)
2026-05-26 03:38:56,975 [INFO] httpx — HTTP Request: HEAD https://huggingface.co/snunlp/KR-FinBert-SC/resolve/refs%2Fpr%2F3/model.safetensors.index.json "HTTP/1.1 404 Not Found"
2026-05-26 03:38:56,975 [WARNING] huggingface_hub.utils._http — Warning: You are sending unauthenticated requests to the HF Hub. Please set a HF_TOKEN to enable higher rate limits and faster downloads.
2026-05-26 03:38:57,018 [INFO] httpx — HTTP Request: HEAD https://huggingface.co/snunlp/KR-FinBert-SC/resolve/refs%2Fpr%2F3/model.safetensors "HTTP/1.1 302 Found"
2026-05-26 03:45:12,675 [INFO] __main__ — 스코어링: 166개 | 집중:1 | FinBERT:finbert
2026-05-26 03:45:12,694 [INFO] __main__ —   → 166개
2026-05-26 03:45:12,694 [INFO] __main__ — ▶ Step 4: 발송
2026-05-26 03:45:19,553 [INFO] __main__ — DB 기록: 89개 / 전체 to_send 89개
2026-05-26 03:45:19,553 [INFO] __main__ — 발송: 집중 1 / 주시 20
2026-05-26 03:45:19,553 [INFO] __main__ — 완료  |  소요: 2222.7초
2026-05-26 06:01:42,692 [INFO] __main__ — config 검증 완료 ✓
2026-05-26 06:01:42,693 [INFO] __main__ — ============================================================
2026-05-26 06:01:42,693 [INFO] __main__ — AlphaRadar v3.3.1  |  기준일: 20260526
2026-05-26 06:01:42,693 [INFO] __main__ — S = T×0.3 + S_text×0.4 + D×0.3
2026-05-26 06:01:42,693 [INFO] __main__ — ============================================================
2026-05-26 06:01:42,693 [INFO] __main__ — ▶ Step 0: 유니버스 필터링
2026-05-26 06:01:42,880 [INFO] __main__ — FDR 데이터 수집: 20251120 ~ 20260526
2026-05-26 06:01:45,018 [INFO] __main__ — KOSPI: 948개 | 섹터정보 838개 (DART +838개 보완)
2026-05-26 06:01:45,018 [INFO] __main__ — KOSDAQ: 1822개 | 섹터정보 1822개
2026-05-26 06:01:45,019 [INFO] __main__ — 전체: 2770개
2026-05-26 06:01:50,883 [INFO] __main__ — KIS 토큰 발급 완료
2026-05-26 06:25:11,202 [INFO] __main__ — DART corp_code 매핑: 2310/2367개 (97%)
2026-05-26 06:25:11,202 [INFO] __main__ — 유효 유니버스: 2367개
2026-05-26 06:25:11,214 [INFO] __main__ —   → 2367개
2026-05-26 06:25:11,214 [INFO] __main__ — ▶ Step 1: 신호 탐지
2026-05-26 06:25:11,214 [INFO] __main__ — NaverClient: 3개 키 로드 (DataLab·검색 독립 회전)
2026-05-26 06:25:11,214 [INFO] __main__ — 관심 지수 및 부정 뉴스 비율 조회 중...
2026-05-26 06:25:15,120 [INFO] __main__ — Naver datalab 키1 한도/인증 오류 → 키2 전환
2026-05-26 06:28:47,465 [INFO] __main__ — 부정 키워드 감지: 17개 종목 (neg_ratio > 0)
2026-05-26 06:28:47,473 [INFO] __main__ — POOL_A: 1204개 (A:1193 B:3 동시:8)
  대형:65 중형:226 소형:913
2026-05-26 06:28:47,480 [INFO] __main__ —   → POOL_A: 1204개
2026-05-26 06:28:47,480 [INFO] __main__ — ▶ Step 2: 하드 필터링
2026-05-26 06:28:47,482 [INFO] __main__ — 하드 필터 제거: 1028개 | 이격도상한 51 | 이격도하한 501 | MA추세 213 | RSI과열 3 | 거래대금 260
2026-05-26 06:28:47,483 [INFO] __main__ — POOL_B: 176개 | 대형:10 중형:50 소형:116
2026-05-26 06:28:47,483 [INFO] __main__ —   → POOL_B: 176개
2026-05-26 06:28:47,483 [INFO] __main__ — ▶ Step 3: 스코어링 (FinBERT 감성 분석)
2026-05-26 06:28:47,483 [INFO] __main__ — NaverClient: 3개 키 로드 (DataLab·검색 독립 회전)
2026-05-26 06:28:47,486 [INFO] __main__ — 텍스트 신규 수집: 34종목 (캐시 적중 142종목)
2026-05-26 06:29:36,397 [INFO] __main__ — 수집 완료: 뉴스 1917건 | 공시 2018건
2026-05-26 06:29:36,397 [INFO] __main__ — FinBERT 감성 분석 (finbert 모드)...
2026-05-26 06:29:36,397 [INFO] __main__ — FinBERT 로딩: snunlp/KR-FinBert-SC (CPU, batch=8)
2026-05-26 06:29:36,547 [INFO] httpx — HTTP Request: HEAD https://huggingface.co/snunlp/KR-FinBert-SC/resolve/main/config.json "HTTP/1.1 307 Temporary Redirect"
2026-05-26 06:29:36,547 [WARNING] huggingface_hub.utils._http — Warning: You are sending unauthenticated requests to the HF Hub. Please set a HF_TOKEN to enable higher rate limits and faster downloads.
2026-05-26 06:29:36,570 [INFO] httpx — HTTP Request: HEAD https://huggingface.co/api/resolve-cache/models/snunlp/KR-FinBert-SC/f8586286cc3161fb648e9fee09a456069fd846d0/config.json "HTTP/1.1 200 OK"
2026-05-26 06:29:36,649 [INFO] httpx — HTTP Request: HEAD https://huggingface.co/snunlp/KR-FinBert-SC/resolve/main/model.safetensors "HTTP/1.1 404 Not Found"
2026-05-26 06:29:36,730 [INFO] httpx — HTTP Request: GET https://huggingface.co/api/models/snunlp/KR-FinBert-SC "HTTP/1.1 200 OK"
2026-05-26 06:29:36,811 [INFO] httpx — HTTP Request: GET https://huggingface.co/api/models/snunlp/KR-FinBert-SC/commits/main "HTTP/1.1 200 OK"
2026-05-26 06:29:36,857 [INFO] httpx — HTTP Request: GET https://huggingface.co/api/models/snunlp/KR-FinBert-SC/tree/main/additional_chat_templates?recursive=false&expand=false "HTTP/1.1 404 Not Found"
2026-05-26 06:29:36,882 [INFO] httpx — HTTP Request: GET https://huggingface.co/api/models/snunlp/KR-FinBert-SC/discussions?p=0 "HTTP/1.1 200 OK"
2026-05-26 06:29:36,934 [INFO] httpx — HTTP Request: GET https://huggingface.co/api/models/snunlp/KR-FinBert-SC/tree/main?recursive=true&expand=false "HTTP/1.1 200 OK"
2026-05-26 06:29:36,955 [INFO] __main__ — FinBERT 로드 완료 (CPU)
2026-05-26 06:29:37,019 [INFO] httpx — HTTP Request: GET https://huggingface.co/api/models/snunlp/KR-FinBert-SC/commits/refs%2Fpr%2F3 "HTTP/1.1 200 OK"
2026-05-26 06:29:37,085 [INFO] httpx — HTTP Request: HEAD https://huggingface.co/snunlp/KR-FinBert-SC/resolve/refs%2Fpr%2F3/model.safetensors.index.json "HTTP/1.1 404 Not Found"
2026-05-26 06:29:37,156 [INFO] httpx — HTTP Request: HEAD https://huggingface.co/snunlp/KR-FinBert-SC/resolve/refs%2Fpr%2F3/model.safetensors "HTTP/1.1 302 Found"
2026-05-26 06:56:36,019 [INFO] __main__ — config 검증 완료 ✓
2026-05-26 06:56:36,019 [INFO] __main__ — ============================================================
2026-05-26 06:56:36,019 [INFO] __main__ — AlphaRadar v3.3.1  |  기준일: 20260526
2026-05-26 06:56:36,020 [INFO] __main__ — S = T×0.3 + S_text×0.4 + D×0.3
2026-05-26 06:56:36,020 [INFO] __main__ — ============================================================
2026-05-26 06:56:36,020 [INFO] __main__ — ▶ Step 0: 유니버스 필터링
2026-05-26 06:56:36,214 [INFO] __main__ — FDR 데이터 수집: 20251120 ~ 20260526
2026-05-26 06:56:37,469 [INFO] __main__ — KOSPI: 948개 | 섹터정보 838개 (DART +838개 보완)
2026-05-26 06:56:37,470 [INFO] __main__ — KOSDAQ: 1822개 | 섹터정보 1822개
2026-05-26 06:56:37,470 [INFO] __main__ — 전체: 2770개
2026-05-26 06:56:37,470 [INFO] __main__ — 제한: 200개
2026-05-26 06:56:39,894 [INFO] __main__ — KIS 토큰 발급 완료
2026-05-26 06:57:58,864 [INFO] __main__ — DART corp_code 매핑: 195/200개 (97%)
2026-05-26 06:57:58,864 [INFO] __main__ — 유효 유니버스: 200개
2026-05-26 06:57:58,866 [INFO] __main__ —   → 200개
2026-05-26 06:57:58,866 [INFO] __main__ — ▶ Step 1: 신호 탐지
2026-05-26 06:57:58,867 [INFO] __main__ — NaverClient: 3개 키 로드 (DataLab·검색 독립 회전)
2026-05-26 06:57:58,867 [INFO] __main__ — 관심 지수 및 부정 뉴스 비율 조회 중...
2026-05-26 06:58:03,208 [INFO] __main__ — Naver datalab 키1 한도/인증 오류 → 키2 전환
2026-05-26 06:58:06,722 [INFO] __main__ — Naver datalab 키2 한도/인증 오류 → 키3 전환
2026-05-26 06:59:34,057 [INFO] __main__ — 부정 키워드 감지: 7개 종목 (neg_ratio > 0)
2026-05-26 06:59:34,058 [INFO] __main__ — POOL_A: 74개 (A:72 B:2 동시:0)
  대형:45 중형:29 소형:0
2026-05-26 06:59:34,060 [INFO] __main__ —   → POOL_A: 74개
2026-05-26 06:59:34,060 [INFO] __main__ — ▶ Step 2: 하드 필터링
2026-05-26 06:59:34,061 [INFO] __main__ — 하드 필터 제거: 65개 | 이격도상한 12 | 이격도하한 4 | MA추세 13 | RSI과열 1 | 거래대금 35
2026-05-26 06:59:34,061 [INFO] __main__ — POOL_B: 9개 | 대형:5 중형:4 소형:0
2026-05-26 06:59:34,061 [INFO] __main__ —   → POOL_B: 9개
2026-05-26 06:59:34,061 [INFO] __main__ — ▶ Step 3: 스코어링 (FinBERT 감성 분석)
2026-05-26 06:59:34,061 [INFO] __main__ — NaverClient: 3개 키 로드 (DataLab·검색 독립 회전)
2026-05-26 06:59:34,064 [INFO] __main__ — 텍스트 캐시 전체 적중: 9종목 (외부 API 0건)
2026-05-26 06:59:34,064 [INFO] __main__ — FinBERT 감성 분석 (finbert 모드)...
2026-05-26 06:59:34,064 [INFO] __main__ — FinBERT 로딩: snunlp/KR-FinBert-SC (CPU, batch=8)
2026-05-26 06:59:34,160 [INFO] httpx — HTTP Request: HEAD https://huggingface.co/snunlp/KR-FinBert-SC/resolve/main/config.json "HTTP/1.1 307 Temporary Redirect"
2026-05-26 06:59:34,167 [INFO] httpx — HTTP Request: HEAD https://huggingface.co/api/resolve-cache/models/snunlp/KR-FinBert-SC/f8586286cc3161fb648e9fee09a456069fd846d0/config.json "HTTP/1.1 200 OK"
2026-05-26 06:59:34,221 [INFO] httpx — HTTP Request: HEAD https://huggingface.co/snunlp/KR-FinBert-SC/resolve/main/model.safetensors "HTTP/1.1 404 Not Found"
2026-05-26 06:59:34,267 [INFO] httpx — HTTP Request: GET https://huggingface.co/api/models/snunlp/KR-FinBert-SC "HTTP/1.1 200 OK"
2026-05-26 06:59:34,317 [INFO] httpx — HTTP Request: GET https://huggingface.co/api/models/snunlp/KR-FinBert-SC/commits/main "HTTP/1.1 200 OK"
2026-05-26 06:59:34,368 [INFO] httpx — HTTP Request: GET https://huggingface.co/api/models/snunlp/KR-FinBert-SC/discussions?p=0 "HTTP/1.1 200 OK"
2026-05-26 06:59:34,388 [INFO] httpx — HTTP Request: GET https://huggingface.co/api/models/snunlp/KR-FinBert-SC/tree/main/additional_chat_templates?recursive=false&expand=false "HTTP/1.1 404 Not Found"
2026-05-26 06:59:34,420 [INFO] httpx — HTTP Request: GET https://huggingface.co/api/models/snunlp/KR-FinBert-SC/commits/refs%2Fpr%2F3 "HTTP/1.1 200 OK"
2026-05-26 06:59:34,429 [INFO] httpx — HTTP Request: GET https://huggingface.co/api/models/snunlp/KR-FinBert-SC/tree/main?recursive=true&expand=false "HTTP/1.1 200 OK"
2026-05-26 06:59:34,450 [INFO] __main__ — FinBERT 로드 완료 (CPU)
2026-05-26 06:59:34,458 [INFO] httpx — HTTP Request: HEAD https://huggingface.co/snunlp/KR-FinBert-SC/resolve/refs%2Fpr%2F3/model.safetensors.index.json "HTTP/1.1 404 Not Found"
2026-05-26 06:59:34,458 [WARNING] huggingface_hub.utils._http — Warning: You are sending unauthenticated requests to the HF Hub. Please set a HF_TOKEN to enable higher rate limits and faster downloads.
2026-05-26 06:59:34,499 [INFO] httpx — HTTP Request: HEAD https://huggingface.co/snunlp/KR-FinBert-SC/resolve/refs%2Fpr%2F3/model.safetensors "HTTP/1.1 302 Found"
2026-05-26 07:00:48,768 [INFO] __main__ — Phase A.1: 매핑 신뢰도 < 0.5 → 감성 점수 폐기 7건
2026-05-26 07:00:48,768 [INFO] __main__ — 스코어링: 9개 | 집중:0 | FinBERT:finbert
2026-05-26 07:00:48,784 [INFO] __main__ —   → 9개
2026-05-26 07:00:48,784 [INFO] __main__ — ▶ Step 4: 발송
2026-05-26 07:00:48,784 [INFO] __main__ — ▶ [DRY RUN] 콘솔 출력
2026-05-26 07:00:48,784 [INFO] __main__ — 발송: 집중 0 / 주시 0
2026-05-26 07:00:48,785 [INFO] __main__ — 완료  |  소요: 252.8초
2026-05-26 14:10:15,317 [INFO] __main__ — config 검증 완료 ✓
2026-05-26 14:10:15,317 [INFO] __main__ — ============================================================
2026-05-26 14:10:15,317 [INFO] __main__ — AlphaRadar v3.3.1  |  기준일: 20260526
2026-05-26 14:10:15,318 [INFO] __main__ — S = T×0.3 + S_text×0.4 + D×0.3
2026-05-26 14:10:15,318 [INFO] __main__ — ============================================================
2026-05-26 14:10:15,318 [INFO] __main__ — ▶ Step 0: 유니버스 필터링
2026-05-26 14:10:15,501 [INFO] __main__ — FDR 데이터 수집: 20251120 ~ 20260526
2026-05-26 14:10:16,936 [INFO] __main__ — KOSPI: 948개 | 섹터정보 838개 (DART +838개 보완)
2026-05-26 14:10:16,937 [INFO] __main__ — KOSDAQ: 1822개 | 섹터정보 1822개
2026-05-26 14:10:16,937 [INFO] __main__ — 전체: 2770개
2026-05-26 14:10:19,406 [INFO] __main__ — KIS 토큰 발급 완료
2026-05-26 14:27:01,711 [INFO] __main__ — DART corp_code 매핑: 2310/2367개 (97%)
2026-05-26 14:27:01,711 [INFO] __main__ — 유효 유니버스: 2367개
2026-05-26 14:27:01,723 [INFO] __main__ —   → 2367개
2026-05-26 14:27:01,723 [INFO] __main__ — ▶ Step 1: 신호 탐지
2026-05-26 14:27:01,723 [INFO] __main__ — NaverClient: 3개 키 로드 (DataLab·검색 독립 회전)
2026-05-26 14:27:01,723 [INFO] __main__ — 관심 지수 및 부정 뉴스 비율 조회 중...
2026-05-26 14:27:05,943 [INFO] __main__ — Naver datalab 키1 한도/인증 오류 → 키2 전환
2026-05-26 14:27:10,093 [INFO] __main__ — Naver datalab 키2 한도/인증 오류 → 키3 전환
2026-05-26 14:31:13,367 [INFO] __main__ — 부정 키워드 감지: 18개 종목 (neg_ratio > 0)
2026-05-26 14:31:13,374 [INFO] __main__ — POOL_A: 936개 (A:924 B:4 동시:8)
  대형:54 중형:177 소형:705
2026-05-26 14:31:13,379 [INFO] __main__ —   → POOL_A: 936개
2026-05-26 14:31:13,379 [INFO] __main__ — ▶ Step 2: 하드 필터링
2026-05-26 14:31:13,380 [INFO] __main__ — 하드 필터 제거: 774개 | 이격도상한 48 | 이격도하한 313 | MA추세 180 | RSI과열 3 | 거래대금 230
2026-05-26 14:31:13,381 [INFO] __main__ — POOL_B: 162개 | 대형:7 중형:45 소형:110
2026-05-26 14:31:13,381 [INFO] __main__ —   → POOL_B: 162개
2026-05-26 14:31:13,381 [INFO] __main__ — ▶ Step 3: 스코어링 (FinBERT 감성 분석)
2026-05-26 14:31:13,381 [INFO] __main__ — NaverClient: 3개 키 로드 (DataLab·검색 독립 회전)
2026-05-26 14:31:13,384 [INFO] __main__ — 텍스트 신규 수집: 37종목 (캐시 적중 125종목)
2026-05-26 14:32:18,216 [INFO] __main__ — 수집 완료: 뉴스 1945건 | 공시 2052건
2026-05-26 14:32:18,217 [INFO] __main__ — FinBERT 감성 분석 (finbert 모드)...
2026-05-26 14:32:18,217 [INFO] __main__ — FinBERT 로딩: snunlp/KR-FinBert-SC (CPU, batch=8)
2026-05-26 14:32:18,277 [INFO] httpx — HTTP Request: HEAD https://huggingface.co/snunlp/KR-FinBert-SC/resolve/main/config.json "HTTP/1.1 307 Temporary Redirect"
2026-05-26 14:32:18,277 [WARNING] huggingface_hub.utils._http — Warning: You are sending unauthenticated requests to the HF Hub. Please set a HF_TOKEN to enable higher rate limits and faster downloads.
2026-05-26 14:32:18,282 [INFO] httpx — HTTP Request: HEAD https://huggingface.co/api/resolve-cache/models/snunlp/KR-FinBert-SC/f8586286cc3161fb648e9fee09a456069fd846d0/config.json "HTTP/1.1 200 OK"
2026-05-26 14:32:18,318 [INFO] httpx — HTTP Request: HEAD https://huggingface.co/snunlp/KR-FinBert-SC/resolve/main/model.safetensors "HTTP/1.1 404 Not Found"
2026-05-26 14:32:18,347 [INFO] httpx — HTTP Request: GET https://huggingface.co/api/models/snunlp/KR-FinBert-SC "HTTP/1.1 200 OK"
2026-05-26 14:32:18,397 [INFO] httpx — HTTP Request: GET https://huggingface.co/api/models/snunlp/KR-FinBert-SC/commits/main "HTTP/1.1 200 OK"
2026-05-26 14:32:18,425 [INFO] httpx — HTTP Request: GET https://huggingface.co/api/models/snunlp/KR-FinBert-SC/discussions?p=0 "HTTP/1.1 200 OK"
2026-05-26 14:32:18,443 [INFO] httpx — HTTP Request: GET https://huggingface.co/api/models/snunlp/KR-FinBert-SC/tree/main/additional_chat_templates?recursive=false&expand=false "HTTP/1.1 404 Not Found"
2026-05-26 14:32:18,456 [INFO] httpx — HTTP Request: GET https://huggingface.co/api/models/snunlp/KR-FinBert-SC/commits/refs%2Fpr%2F3 "HTTP/1.1 200 OK"
2026-05-26 14:32:18,466 [INFO] httpx — HTTP Request: GET https://huggingface.co/api/models/snunlp/KR-FinBert-SC/tree/main?recursive=true&expand=false "HTTP/1.1 200 OK"
2026-05-26 14:32:18,488 [INFO] __main__ — FinBERT 로드 완료 (CPU)
2026-05-26 14:32:18,489 [INFO] httpx — HTTP Request: HEAD https://huggingface.co/snunlp/KR-FinBert-SC/resolve/refs%2Fpr%2F3/model.safetensors.index.json "HTTP/1.1 404 Not Found"
2026-05-26 14:32:18,507 [INFO] httpx — HTTP Request: HEAD https://huggingface.co/snunlp/KR-FinBert-SC/resolve/refs%2Fpr%2F3/model.safetensors "HTTP/1.1 302 Found"
2026-05-26 14:34:27,484 [INFO] __main__ — Phase A.1: 매핑 신뢰도 < 0.5 → 감성 점수 폐기 135건
2026-05-26 14:34:27,485 [INFO] __main__ — 스코어링: 162개 | 집중:0 | FinBERT:finbert
2026-05-26 14:34:27,504 [INFO] __main__ —   → 162개
2026-05-26 14:34:27,504 [INFO] __main__ — ▶ Step 4: 발송
2026-05-26 14:34:31,607 [INFO] __main__ — DB 기록: 53개 / 전체 to_send 53개
2026-05-26 14:34:31,608 [INFO] __main__ — 발송: 집중 0 / 주시 11
2026-05-26 14:34:31,608 [INFO] __main__ — 완료  |  소요: 1456.3초
2026-05-26 16:46:45,060 [INFO] __main__ — config 검증 완료 ✓
2026-05-26 16:46:45,060 [INFO] __main__ — ============================================================
2026-05-26 16:46:45,060 [INFO] __main__ — AlphaRadar v3.3.1  |  기준일: 20260526
2026-05-26 16:46:45,060 [INFO] __main__ — S = T×0.3 + S_text×0.4 + D×0.3
2026-05-26 16:46:45,060 [INFO] __main__ — ============================================================
2026-05-26 16:46:45,061 [INFO] __main__ — ▶ Step 0: 유니버스 필터링
2026-05-26 16:46:45,370 [INFO] __main__ — FDR 데이터 수집: 20251120 ~ 20260526
2026-05-26 16:46:46,686 [INFO] __main__ — KOSPI: 948개 | 섹터정보 838개 (DART +838개 보완)
2026-05-26 16:46:46,687 [INFO] __main__ — KOSDAQ: 1822개 | 섹터정보 1822개
2026-05-26 16:46:46,687 [INFO] __main__ — 전체: 2770개
2026-05-26 16:46:48,425 [INFO] __main__ — KIS 토큰 발급 완료
2026-05-26 17:01:11,397 [INFO] __main__ — DART corp_code 매핑: 2310/2367개 (97%)
2026-05-26 17:01:11,398 [INFO] __main__ — 유효 유니버스: 2367개
2026-05-26 17:01:11,408 [INFO] __main__ —   → 2367개
2026-05-26 17:01:11,408 [INFO] __main__ — ▶ Step 1: 신호 탐지
2026-05-26 17:01:11,408 [INFO] __main__ — NaverClient: 3개 키 로드 (DataLab·검색 독립 회전)
2026-05-26 17:01:11,409 [INFO] __main__ — 관심 지수 및 부정 뉴스 비율 조회 중...
2026-05-26 17:04:08,324 [INFO] __main__ — 부정 키워드 감지: 18개 종목 (neg_ratio > 0)
2026-05-26 17:04:08,329 [INFO] __main__ — POOL_A: 871개 (A:859 B:5 동시:7)
  대형:53 중형:165 소형:653
2026-05-26 17:04:08,333 [INFO] __main__ —   → POOL_A: 871개
2026-05-26 17:04:08,333 [INFO] __main__ — ▶ Step 2: 하드 필터링
2026-05-26 17:04:08,334 [INFO] __main__ — 하드 필터 제거: 721개 | 이격도상한 44 | 이격도하한 296 | MA추세 176 | RSI과열 3 | 거래대금 202
2026-05-26 17:04:08,335 [INFO] __main__ — POOL_B: 150개 | 대형:8 중형:40 소형:102
2026-05-26 17:04:08,335 [INFO] __main__ —   → POOL_B: 150개
2026-05-26 17:04:08,335 [INFO] __main__ — ▶ Step 3: 스코어링 (FinBERT 감성 분석)
2026-05-26 17:04:08,335 [INFO] __main__ — NaverClient: 3개 키 로드 (DataLab·검색 독립 회전)
2026-05-26 17:04:08,338 [INFO] __main__ — 텍스트 신규 수집: 5종목 (캐시 적중 145종목)
2026-05-26 17:04:16,715 [INFO] __main__ — 수집 완료: 뉴스 1992건 | 공시 2090건
2026-05-26 17:04:16,715 [INFO] __main__ — FinBERT 감성 분석 (finbert 모드)...
2026-05-26 17:04:16,715 [INFO] __main__ — FinBERT 로딩: snunlp/KR-FinBert-SC (CPU, batch=8)
2026-05-26 17:04:16,833 [INFO] httpx — HTTP Request: HEAD https://huggingface.co/snunlp/KR-FinBert-SC/resolve/main/config.json "HTTP/1.1 307 Temporary Redirect"
2026-05-26 17:04:16,840 [INFO] httpx — HTTP Request: HEAD https://huggingface.co/api/resolve-cache/models/snunlp/KR-FinBert-SC/f8586286cc3161fb648e9fee09a456069fd846d0/config.json "HTTP/1.1 200 OK"
2026-05-26 17:04:16,934 [INFO] httpx — HTTP Request: HEAD https://huggingface.co/snunlp/KR-FinBert-SC/resolve/main/model.safetensors "HTTP/1.1 404 Not Found"
2026-05-26 17:04:17,019 [INFO] httpx — HTTP Request: GET https://huggingface.co/api/models/snunlp/KR-FinBert-SC "HTTP/1.1 200 OK"
2026-05-26 17:04:17,122 [INFO] httpx — HTTP Request: GET https://huggingface.co/api/models/snunlp/KR-FinBert-SC/commits/main "HTTP/1.1 200 OK"
2026-05-26 17:04:17,139 [INFO] httpx — HTTP Request: GET https://huggingface.co/api/models/snunlp/KR-FinBert-SC/tree/main/additional_chat_templates?recursive=false&expand=false "HTTP/1.1 404 Not Found"
2026-05-26 17:04:17,206 [INFO] httpx — HTTP Request: GET https://huggingface.co/api/models/snunlp/KR-FinBert-SC/discussions?p=0 "HTTP/1.1 200 OK"
2026-05-26 17:04:17,224 [INFO] httpx — HTTP Request: GET https://huggingface.co/api/models/snunlp/KR-FinBert-SC/tree/main?recursive=true&expand=false "HTTP/1.1 200 OK"
2026-05-26 17:04:17,245 [INFO] __main__ — FinBERT 로드 완료 (CPU)
2026-05-26 17:04:17,296 [INFO] httpx — HTTP Request: GET https://huggingface.co/api/models/snunlp/KR-FinBert-SC/commits/refs%2Fpr%2F3 "HTTP/1.1 200 OK"
2026-05-26 17:04:17,375 [INFO] httpx — HTTP Request: HEAD https://huggingface.co/snunlp/KR-FinBert-SC/resolve/refs%2Fpr%2F3/model.safetensors.index.json "HTTP/1.1 404 Not Found"
2026-05-26 17:04:17,376 [WARNING] huggingface_hub.utils._http — Warning: You are sending unauthenticated requests to the HF Hub. Please set a HF_TOKEN to enable higher rate limits and faster downloads.
2026-05-26 17:04:17,462 [INFO] httpx — HTTP Request: HEAD https://huggingface.co/snunlp/KR-FinBert-SC/resolve/refs%2Fpr%2F3/model.safetensors "HTTP/1.1 302 Found"
2026-05-26 17:06:09,346 [INFO] __main__ — Phase A.1: 매핑 신뢰도 < 0.5 → 감성 점수 폐기 126건
2026-05-26 17:06:09,346 [INFO] __main__ — 스코어링: 150개 | 집중:0 | FinBERT:finbert
2026-05-26 17:06:09,366 [INFO] __main__ —   → 150개
2026-05-26 17:06:09,366 [INFO] __main__ — ▶ Step 4: 발송
2026-05-26 17:06:14,274 [INFO] __main__ — DB 기록: 50개 / 전체 to_send 50개
2026-05-26 17:06:14,274 [INFO] __main__ — 발송: 집중 0 / 주시 7
2026-05-26 17:06:14,274 [INFO] __main__ — 완료  |  소요: 1169.2초
