2026-08-27 00:46:23,304 [INFO] __main__ — config 검증 완료 ✓
2026-08-27 00:46:23,304 [INFO] __main__ — KIS 조회 도메인: 실전 (https://openapi.koreainvestment.com:9443)
2026-08-27 00:46:23,304 [INFO] __main__ — ============================================================
2026-08-27 00:46:23,304 [INFO] __main__ — AlphaRadar v3.3.1  |  기준일: 20260827
2026-08-27 00:46:23,304 [INFO] __main__ — S = T×0.3 + S_text×0.4 + D×0.3
2026-08-27 00:46:23,304 [INFO] __main__ — ============================================================
2026-08-27 00:46:23,304 [INFO] __main__ — ▶ Step 0: 유니버스 필터링
2026-08-27 00:46:23,447 [INFO] __main__ — FDR 데이터 수집: 20260221 ~ 20260827
2026-08-27 00:46:24,823 [INFO] __main__ — master universe 메타: 캐시 사용 2760개 (year=2026)
2026-08-27 00:46:24,826 [INFO] __main__ — master 보강: 등급 836개 | FnGuide/KSIC 2553개 | 섹터(fg_industry) 2553개
2026-08-27 00:46:24,826 [INFO] __main__ — KOSPI: 944개 | 섹터정보 832개 (DART +829개 보완)
2026-08-27 00:46:24,827 [INFO] __main__ — KOSDAQ: 1823개 | 섹터정보 1750개
2026-08-27 00:46:24,827 [INFO] __main__ — 전체: 2767개
2026-08-27 00:46:27,450 [INFO] __main__ — KIS 토큰 발급 완료
2026-08-27 00:54:03,627 [INFO] __main__ — DART corp_code 매핑: 876/899개 (97%)
2026-08-27 00:54:03,627 [INFO] __main__ — 유효 유니버스: 899개
2026-08-27 00:54:03,635 [INFO] __main__ —   → 899개
2026-08-27 00:54:03,635 [INFO] __main__ — ▶ Step 1: 신호 탐지
2026-08-27 00:54:03,635 [INFO] __main__ — NaverClient: 3개 키 로드 (DataLab·검색 독립 회전)
2026-08-27 00:54:03,635 [INFO] __main__ — 관심 지수 및 부정 뉴스 비율 조회 중...
2026-08-27 00:54:05,621 [INFO] __main__ — 봇 주가요약 제외 [우리기술투자]: 1건
2026-08-27 00:54:07,305 [INFO] __main__ — 봇 주가요약 제외 [금호건설]: 2건
2026-08-27 00:54:07,324 [INFO] __main__ — 봇 주가요약 제외 [대우건설]: 1건
2026-08-27 00:54:07,325 [INFO] __main__ — 봇 주가요약 제외 [빛과전자]: 2건
2026-08-27 00:54:09,145 [INFO] __main__ — 봇 주가요약 제외 [대한광통신]: 1건
2026-08-27 00:54:12,335 [INFO] __main__ — 봇 주가요약 제외 [갤럭시아머니트리]: 1건
2026-08-27 00:54:15,975 [INFO] __main__ — 봇 주가요약 제외 [PS일렉트로닉스]: 4건
2026-08-27 00:54:17,832 [INFO] __main__ — 봇 주가요약 제외 [대원전선]: 2건
2026-08-27 00:54:21,634 [INFO] __main__ — 봇 주가요약 제외 [후성]: 3건
2026-08-27 00:54:22,121 [INFO] __main__ — 봇 주가요약 제외 [HPSP]: 1건
2026-08-27 00:54:23,670 [INFO] __main__ — 봇 주가요약 제외 [금호타이어]: 1건
2026-08-27 00:54:27,094 [INFO] __main__ — 봇 주가요약 제외 [코오롱티슈진]: 4건
2026-08-27 00:54:27,688 [INFO] __main__ — 봇 주가요약 제외 [SK이터닉스]: 6건
2026-08-27 00:54:28,050 [INFO] __main__ — 봇 주가요약 제외 [광전자]: 2건
2026-08-27 00:54:29,360 [INFO] __main__ — 봇 주가요약 제외 [삼성E&A]: 1건
2026-08-27 00:54:31,985 [INFO] __main__ — 봇 주가요약 제외 [아이티센글로벌]: 2건
2026-08-27 00:54:33,623 [INFO] __main__ — 봇 주가요약 제외 [페니트리움바이오]: 1건
2026-08-27 00:54:33,636 [INFO] __main__ — 봇 주가요약 제외 [보성파워텍]: 1건
2026-08-27 00:54:37,629 [INFO] __main__ — 봇 주가요약 제외 [파미셀]: 1건
2026-08-27 00:54:38,119 [INFO] __main__ — 봇 주가요약 제외 [하나마이크론]: 3건
2026-08-27 00:54:39,125 [INFO] __main__ — 봇 주가요약 제외 [디앤디파마텍]: 1건
2026-08-27 00:54:40,827 [INFO] __main__ — 봇 주가요약 제외 [SFA반도체]: 1건
2026-08-27 00:54:42,143 [INFO] __main__ — 봇 주가요약 제외 [와이씨]: 1건
2026-08-27 00:54:42,186 [INFO] __main__ — 봇 주가요약 제외 [신풍제약]: 2건
2026-08-27 00:54:44,910 [INFO] __main__ — 봇 주가요약 제외 [두산퓨얼셀]: 5건
2026-08-27 00:54:47,765 [INFO] __main__ — 봇 주가요약 제외 [제주반도체]: 2건
2026-08-27 00:54:47,808 [INFO] __main__ — 봇 주가요약 제외 [티엘비]: 1건
2026-08-27 00:54:53,974 [INFO] __main__ — 봇 주가요약 제외 [현대무벡스]: 2건
2026-08-27 00:55:02,255 [INFO] __main__ — 봇 주가요약 제외 [삼화콘덴서]: 2건
2026-08-27 00:55:03,604 [INFO] __main__ — 봇 주가요약 제외 [엘앤에프]: 1건
2026-08-27 00:55:03,681 [INFO] __main__ — 봇 주가요약 제외 [LS ELECTRIC]: 1건
2026-08-27 00:55:06,436 [INFO] __main__ — 봇 주가요약 제외 [휴림로봇]: 4건
2026-08-27 00:55:09,869 [INFO] __main__ — 봇 주가요약 제외 [티엑스알로보틱스]: 1건
2026-08-27 00:55:09,914 [INFO] __main__ — 뉴스 시점 제외 [ESR켄달스퀘어리츠]: 8건 (>14일/파싱실패)
2026-08-27 00:55:10,146 [INFO] __main__ — 봇 주가요약 제외 [성호전자]: 4건
2026-08-27 00:55:11,421 [INFO] __main__ — 봇 주가요약 제외 [현대차]: 1건
2026-08-27 00:55:12,979 [INFO] __main__ — 봇 주가요약 제외 [삼성전기]: 1건
2026-08-27 00:55:19,383 [INFO] __main__ — 뉴스 시점 제외 [제이앤티씨]: 7건 (>14일/파싱실패)
2026-08-27 00:55:20,918 [INFO] __main__ — 봇 주가요약 제외 [LG씨엔에스]: 3건
2026-08-27 00:55:22,384 [INFO] __main__ — 봇 주가요약 제외 [지엔씨에너지]: 1건
2026-08-27 00:55:23,724 [INFO] __main__ — 봇 주가요약 제외 [남해화학]: 1건
2026-08-27 00:55:26,509 [INFO] __main__ — 봇 주가요약 제외 [씨젠]: 1건
2026-08-27 00:55:26,589 [INFO] __main__ — 봇 주가요약 제외 [한화엔진]: 2건
2026-08-27 00:55:27,920 [INFO] __main__ — 봇 주가요약 제외 [비에이치아이]: 2건
2026-08-27 00:55:29,177 [INFO] __main__ — 뉴스 시점 제외 [티엠씨]: 5건 (>14일/파싱실패)
2026-08-27 00:55:30,556 [INFO] __main__ — 봇 주가요약 제외 [삼성SDI]: 1건
2026-08-27 00:55:31,877 [INFO] __main__ — 봇 주가요약 제외 [포스코엠텍]: 1건
2026-08-27 00:55:36,247 [INFO] __main__ — 봇 주가요약 제외 [동진쎄미켐]: 1건
2026-08-27 00:55:45,507 [INFO] __main__ — 봇 주가요약 제외 [테크윙]: 5건
2026-08-27 00:55:47,922 [INFO] __main__ — 봇 주가요약 제외 [코리아써키트]: 3건
2026-08-27 00:55:51,120 [INFO] __main__ — 뉴스 시점 제외 [엘브이엠씨홀딩스]: 11건 (>14일/파싱실패)
2026-08-27 00:55:52,097 [INFO] __main__ — 봇 주가요약 제외 [에스피지]: 2건
2026-08-27 00:56:08,680 [INFO] __main__ — 뉴스 시점 제외 [서부T&D]: 2건 (>14일/파싱실패)
2026-08-27 00:56:10,003 [INFO] __main__ — 봇 주가요약 제외 [일진전기]: 1건
2026-08-27 00:56:11,541 [INFO] __main__ — 봇 주가요약 제외 [SNT에너지]: 2건
2026-08-27 00:56:13,021 [INFO] __main__ — 봇 주가요약 제외 [두산로보틱스]: 2건
2026-08-27 00:56:17,452 [INFO] __main__ — 봇 주가요약 제외 [POSCO홀딩스]: 1건
2026-08-27 00:56:21,887 [INFO] __main__ — 뉴스 시점 제외 [엘티씨]: 6건 (>14일/파싱실패)
2026-08-27 00:56:23,193 [INFO] __main__ — 뉴스 시점 제외 [한선엔지니어링]: 8건 (>14일/파싱실패)
2026-08-27 00:56:24,725 [INFO] __main__ — 봇 주가요약 제외 [피에스케이]: 1건
2026-08-27 00:56:28,673 [INFO] __main__ — 봇 주가요약 제외 [클로봇]: 1건
2026-08-27 00:56:37,458 [INFO] __main__ — 뉴스 시점 제외 [유니셈]: 7건 (>14일/파싱실패)
2026-08-27 00:56:38,537 [INFO] __main__ — 뉴스 시점 제외 [넥스틸]: 6건 (>14일/파싱실패)
2026-08-27 00:56:42,717 [INFO] __main__ — 봇 주가요약 제외 [OCI홀딩스]: 3건
2026-08-27 00:56:44,216 [INFO] __main__ — 뉴스 시점 제외 [심텍홀딩스]: 5건 (>14일/파싱실패)
2026-08-27 00:56:47,147 [INFO] __main__ — 뉴스 시점 제외 [휴스틸]: 6건 (>14일/파싱실패)
2026-08-27 00:56:47,215 [INFO] __main__ — 뉴스 시점 제외 [네패스아크]: 5건 (>14일/파싱실패)
2026-08-27 00:56:48,665 [INFO] __main__ — 봇 주가요약 제외 [한전KPS]: 1건
2026-08-27 00:56:54,456 [INFO] __main__ — 봇 주가요약 제외 [원익QnC]: 1건
2026-08-27 00:56:57,128 [INFO] __main__ — 봇 주가요약 제외 [유진로봇]: 1건
2026-08-27 00:56:57,876 [INFO] __main__ — 봇 주가요약 제외 [강원에너지]: 1건
2026-08-27 00:57:04,127 [INFO] __main__ — 뉴스 시점 제외 [대원강업]: 7건 (>14일/파싱실패)
2026-08-27 00:57:05,013 [INFO] __main__ — 뉴스 시점 제외 [아이마켓코리아]: 12건 (>14일/파싱실패)
2026-08-27 00:57:09,524 [INFO] __main__ — 봇 주가요약 제외 [SK]: 1건
2026-08-27 00:57:17,236 [INFO] __main__ — 봇 주가요약 제외 [에스앤에스텍]: 1건
2026-08-27 00:57:17,704 [INFO] __main__ — 뉴스 시점 제외 [이지홀딩스]: 9건 (>14일/파싱실패)
2026-08-27 00:57:17,921 [INFO] __main__ — 뉴스 시점 제외 [KB스타리츠]: 8건 (>14일/파싱실패)
2026-08-27 00:57:19,481 [INFO] __main__ — 봇 주가요약 제외 [로보티즈]: 2건
2026-08-27 00:57:22,212 [INFO] __main__ — 뉴스 시점 제외 [아세아제지]: 6건 (>14일/파싱실패)
2026-08-27 00:57:26,139 [INFO] __main__ — 봇 주가요약 제외 [ISC]: 1건
2026-08-27 00:57:26,732 [INFO] __main__ — 뉴스 시점 제외 [KB발해인프라]: 15건 (>14일/파싱실패)
2026-08-27 00:57:28,462 [INFO] __main__ — 뉴스 시점 제외 [신한알파리츠]: 9건 (>14일/파싱실패)
2026-08-27 00:57:32,443 [INFO] __main__ — 뉴스 시점 제외 [미래에셋증권2우B]: 13건 (>14일/파싱실패)
2026-08-27 00:57:33,082 [INFO] __main__ — 뉴스 시점 제외 [STX엔진]: 1건 (>14일/파싱실패)
2026-08-27 00:57:37,102 [INFO] __main__ — 봇 주가요약 제외 [피에스케이홀딩스]: 2건
2026-08-27 00:57:42,423 [INFO] __main__ — 뉴스 시점 제외 [오리엔탈정공]: 11건 (>14일/파싱실패)
2026-08-27 00:57:43,156 [INFO] __main__ — 봇 주가요약 제외 [달바글로벌]: 4건
2026-08-27 00:57:44,514 [INFO] __main__ — 뉴스 시점 제외 [현대차2우B]: 10건 (>14일/파싱실패)
2026-08-27 00:57:46,956 [INFO] __main__ — 봇 주가요약 제외 [가온전선]: 1건
2026-08-27 00:57:48,240 [INFO] __main__ — 봇 주가요약 제외 [SKC]: 1건
2026-08-27 00:57:48,570 [INFO] __main__ — 봇 주가요약 제외 [대주전자재료]: 1건
2026-08-27 00:57:49,599 [INFO] __main__ — 뉴스 시점 제외 [맵스리얼티]: 15건 (>14일/파싱실패)
2026-08-27 00:57:50,920 [INFO] __main__ — 봇 주가요약 제외 [삼현]: 1건
2026-08-27 00:57:54,966 [INFO] __main__ — 뉴스 시점 제외 [SIMPAC]: 11건 (>14일/파싱실패)
2026-08-27 00:57:57,698 [INFO] __main__ — 봇 주가요약 제외 [로킷헬스케어]: 1건
2026-08-27 00:57:59,047 [INFO] __main__ — 뉴스 시점 제외 [한화3우B]: 9건 (>14일/파싱실패)
2026-08-27 00:57:59,056 [INFO] __main__ — 봇 주가요약 제외 [삼천당제약]: 1건
2026-08-27 00:58:00,399 [INFO] __main__ — 뉴스 시점 제외 [이지스밸류플러스리츠]: 12건 (>14일/파싱실패)
2026-08-27 00:58:01,733 [INFO] __main__ — 봇 주가요약 제외 [에스비비테크]: 1건
2026-08-27 00:58:02,013 [INFO] __main__ — 봇 주가요약 제외 [바이넥스]: 1건
2026-08-27 00:58:04,460 [INFO] __main__ — 봇 주가요약 제외 [하이젠알앤엠]: 1건
2026-08-27 00:58:05,869 [INFO] __main__ — 뉴스 시점 제외 [신한서부티엔디리츠]: 9건 (>14일/파싱실패)
2026-08-27 00:58:06,032 [INFO] __main__ — 뉴스 시점 제외 [코스모화학]: 7건 (>14일/파싱실패)
2026-08-27 00:58:08,564 [INFO] __main__ — 뉴스 시점 제외 [한양디지텍]: 5건 (>14일/파싱실패)
2026-08-27 00:58:10,033 [INFO] __main__ — 부정 키워드 감지: 20개 종목 (neg_ratio > 0)
2026-08-27 00:58:10,035 [INFO] __main__ — 수급일수충족·합계음수 제외: 112개
2026-08-27 00:58:15,750 [INFO] __main__ — 뉴스 시점 제외 [두산우]: 15건 (>14일/파싱실패)
2026-08-27 00:58:17,420 [INFO] __main__ — 뉴스 시점 제외 [LG전자우]: 15건 (>14일/파싱실패)
2026-08-27 00:58:17,865 [INFO] __main__ — 뉴스 시점 제외 [삼성화재우]: 14건 (>14일/파싱실패)
2026-08-27 00:58:20,788 [INFO] __main__ — 뉴스 시점 제외 [GS피앤엘]: 11건 (>14일/파싱실패)
2026-08-27 00:58:21,497 [INFO] __main__ — 봇 주가요약 제외 [OCI]: 1건
2026-08-27 00:58:22,238 [INFO] __main__ — 뉴스 시점 제외 [한국쉘석유]: 12건 (>14일/파싱실패)
2026-08-27 00:58:23,862 [INFO] __main__ — 뉴스 시점 제외 [한일홀딩스]: 10건 (>14일/파싱실패)
2026-08-27 00:58:24,217 [INFO] __main__ — 뉴스 시점 제외 [CJ4우(전환)]: 15건 (>14일/파싱실패)
2026-08-27 00:58:26,474 [INFO] __main__ — 뉴스 시점 제외 [아모레퍼시픽우]: 15건 (>14일/파싱실패)
2026-08-27 00:58:27,145 [INFO] __main__ — 뉴스 시점 제외 [현대차3우B]: 13건 (>14일/파싱실패)
2026-08-27 00:58:28,073 [INFO] __main__ — 뉴스 시점 제외 [KPX홀딩스]: 10건 (>14일/파싱실패)
2026-08-27 00:58:28,981 [INFO] __main__ — 뉴스 시점 제외 [신대양제지]: 13건 (>14일/파싱실패)
2026-08-27 00:58:29,907 [INFO] __main__ — 뉴스 시점 제외 [일진하이솔루스]: 10건 (>14일/파싱실패)
2026-08-27 00:58:30,746 [INFO] __main__ — 뉴스 시점 제외 [율촌화학]: 5건 (>14일/파싱실패)
2026-08-27 00:58:32,184 [INFO] __main__ — 뉴스 시점 제외 [삼성물산우B]: 15건 (>14일/파싱실패)
2026-08-27 00:58:34,354 [INFO] __main__ — 뉴스 시점 제외 [두산2우B]: 15건 (>14일/파싱실패)
2026-08-27 00:58:35,098 [INFO] __main__ — 뉴스 시점 제외 [TCC스틸]: 8건 (>14일/파싱실패)
2026-08-27 00:58:35,839 [INFO] __main__ — 뉴스 시점 제외 [송원산업]: 11건 (>14일/파싱실패)
2026-08-27 00:58:39,498 [INFO] __main__ — 뉴스 시점 제외 [노루홀딩스]: 12건 (>14일/파싱실패)
2026-08-27 00:58:39,527 [INFO] __main__ — 뉴스 시점 제외 [천일고속]: 14건 (>14일/파싱실패)
2026-08-27 00:58:40,240 [INFO] __main__ — 뉴스 시점 제외 [LG우]: 15건 (>14일/파싱실패)
2026-08-27 00:58:41,915 [INFO] __main__ — 뉴스 시점 제외 [제룡전기]: 3건 (>14일/파싱실패)
2026-08-27 00:58:41,915 [INFO] __main__ — 봇 주가요약 제외 [제룡전기]: 3건
2026-08-27 00:58:42,779 [INFO] __main__ — 봇 주가요약 제외 [로보스타]: 1건
2026-08-27 00:58:47,328 [INFO] __main__ — 뉴스 시점 제외 [티로보틱스]: 4건 (>14일/파싱실패)
2026-08-27 00:58:47,328 [INFO] __main__ — 봇 주가요약 제외 [티로보틱스]: 1건
2026-08-27 00:58:48,047 [INFO] __main__ — 뉴스 시점 제외 [한국알콜]: 7건 (>14일/파싱실패)
2026-08-27 00:58:49,852 [INFO] __main__ — 뉴스 시점 제외 [피에이치에이]: 11건 (>14일/파싱실패)
2026-08-27 00:58:50,570 [INFO] __main__ — 뉴스 시점 제외 [서호전기]: 11건 (>14일/파싱실패)
2026-08-27 00:58:51,307 [INFO] __main__ — 뉴스 시점 제외 [대원산업]: 10건 (>14일/파싱실패)
2026-08-27 00:58:51,334 [INFO] __main__ — 뉴스 시점 제외 [필에너지]: 9건 (>14일/파싱실패)
2026-08-27 00:58:52,024 [INFO] __main__ — 뉴스 시점 제외 [이지바이오]: 10건 (>14일/파싱실패)
2026-08-27 00:58:52,055 [INFO] __main__ — 뉴스 시점 제외 [미래나노텍]: 11건 (>14일/파싱실패)
2026-08-27 00:58:53,254 [INFO] __main__ — 뉴스 시점 제외 [아스테라시스]: 5건 (>14일/파싱실패)
2026-08-27 00:58:53,621 [INFO] __main__ — POOL_A 후보 부정뉴스 2차 조회: 168개
2026-08-27 00:58:53,623 [INFO] __main__ — POOL_A: 574개 (A:205 B:187 동시:182) | 부정게이트 제외:2
  대형:87 중형:248 소형:239
2026-08-27 00:58:53,630 [INFO] __main__ — 대조군 표본(무신호): 40개 / 모집단 325개 → pool_history
2026-08-27 00:58:53,633 [INFO] __main__ —   → POOL_A: 574개
2026-08-27 00:58:53,633 [INFO] __main__ — ▶ Step 2: 하드 필터링
2026-08-27 00:58:53,634 [INFO] __main__ — 하드 필터 제거: 567개 | 과열배제 141 | 이격도상한 6 | 이격도하한 19 | MA추세 328 | RSI과열 5 | 거래대금 68
2026-08-27 00:58:53,635 [INFO] __main__ — 과열 gated 기록: 141개 → gated_tickers
2026-08-27 00:58:53,637 [INFO] __main__ — 대조군 표본(필터탈락): 150개 / 모집단 567개 → pool_history
2026-08-27 00:58:53,638 [INFO] __main__ — POOL_B: 7개 | 대형:0 중형:4 소형:3
2026-08-27 00:58:53,638 [INFO] __main__ —   → POOL_B: 7개
2026-08-27 00:58:53,638 [INFO] __main__ — ▶ Step 3: 스코어링 (FinBERT 감성 분석)
2026-08-27 00:58:53,638 [INFO] __main__ — NaverClient: 3개 키 로드 (DataLab·검색 독립 회전)
2026-08-27 00:58:53,638 [INFO] __main__ — 텍스트 신규 수집: 7종목 (캐시 적중 0종목)
2026-08-27 00:58:54,276 [INFO] __main__ — 봇 주가요약 제외 [대원전선]: 13건
2026-08-27 00:58:54,345 [INFO] __main__ — 봇 주가요약 제외 [한미사이언스]: 1건
2026-08-27 00:58:59,040 [INFO] __main__ — 봇 주가요약 제외 [제주반도체]: 8건
2026-08-27 00:58:59,304 [INFO] __main__ — 뉴스 시점 제외 [뉴파워프라즈마]: 5건 (>14일/파싱실패)
2026-08-27 00:59:08,106 [INFO] __main__ — 기사 보존(수집): 68건 (7종목) → news_articles
2026-08-27 00:59:08,107 [INFO] __main__ — 공시 보존(수집): 24건 (7종목) → dart_filings
2026-08-27 00:59:08,108 [INFO] __main__ — 수집 완료: 뉴스 68건 | 공시 24건
2026-08-27 00:59:08,108 [INFO] __main__ — FinBERT 감성 분석 (finbert 모드)...
2026-08-27 00:59:08,108 [INFO] __main__ — FinBERT 로딩: snunlp/KR-FinBert-SC (CPU, batch=8)
2026-08-27 00:59:08,181 [INFO] httpx — HTTP Request: GET https://huggingface.co/api/agent-harnesses "HTTP/1.1 200 OK"
2026-08-27 00:59:08,207 [INFO] httpx — HTTP Request: HEAD https://huggingface.co/snunlp/KR-FinBert-SC/resolve/main/config.json "HTTP/1.1 307 Temporary Redirect"
2026-08-27 00:59:08,219 [INFO] httpx — HTTP Request: HEAD https://huggingface.co/api/resolve-cache/models/snunlp/KR-FinBert-SC/f8586286cc3161fb648e9fee09a456069fd846d0/config.json "HTTP/1.1 200 OK"
2026-08-27 00:59:08,271 [INFO] httpx — HTTP Request: HEAD https://huggingface.co/snunlp/KR-FinBert-SC/resolve/main/model.safetensors "HTTP/1.1 404 Not Found"
2026-08-27 00:59:08,272 [WARNING] huggingface_hub.utils._http — Warning: You are sending unauthenticated requests to the HF Hub. Please set a HF_TOKEN to enable higher rate limits and faster downloads.
2026-08-27 00:59:08,312 [INFO] httpx — HTTP Request: GET https://huggingface.co/api/models/snunlp/KR-FinBert-SC "HTTP/1.1 200 OK"
2026-08-27 00:59:08,364 [INFO] httpx — HTTP Request: GET https://huggingface.co/api/models/snunlp/KR-FinBert-SC/commits/main "HTTP/1.1 200 OK"
2026-08-27 00:59:08,400 [INFO] httpx — HTTP Request: GET https://huggingface.co/api/models/snunlp/KR-FinBert-SC/discussions?p=0 "HTTP/1.1 200 OK"
2026-08-27 00:59:08,430 [INFO] httpx — HTTP Request: GET https://huggingface.co/api/models/snunlp/KR-FinBert-SC/tree/main/additional_chat_templates?recursive=false&expand=false "HTTP/1.1 404 Not Found"
2026-08-27 00:59:08,438 [INFO] httpx — HTTP Request: GET https://huggingface.co/api/models/snunlp/KR-FinBert-SC/commits/refs%2Fpr%2F3 "HTTP/1.1 200 OK"
2026-08-27 00:59:08,456 [INFO] httpx — HTTP Request: GET https://huggingface.co/api/models/snunlp/KR-FinBert-SC/tree/main?recursive=true&expand=false "HTTP/1.1 200 OK"
2026-08-27 00:59:08,477 [INFO] httpx — HTTP Request: HEAD https://huggingface.co/snunlp/KR-FinBert-SC/resolve/refs%2Fpr%2F3/model.safetensors.index.json "HTTP/1.1 404 Not Found"
2026-08-27 00:59:08,498 [INFO] httpx — HTTP Request: HEAD https://huggingface.co/snunlp/KR-FinBert-SC/resolve/main/processor_config.json "HTTP/1.1 404 Not Found"
2026-08-27 00:59:08,503 [INFO] httpx — HTTP Request: HEAD https://huggingface.co/snunlp/KR-FinBert-SC/resolve/refs%2Fpr%2F3/model.safetensors "HTTP/1.1 302 Found"
2026-08-27 00:59:08,528 [INFO] httpx — HTTP Request: HEAD https://huggingface.co/snunlp/KR-FinBert-SC/resolve/main/video_preprocessor_config.json "HTTP/1.1 404 Not Found"
2026-08-27 00:59:08,551 [INFO] httpx — HTTP Request: HEAD https://huggingface.co/snunlp/KR-FinBert-SC/resolve/main/preprocessor_config.json "HTTP/1.1 404 Not Found"
2026-08-27 00:59:08,552 [INFO] __main__ — FinBERT 로드 완료 (CPU)
2026-08-27 00:59:19,403 [INFO] __main__ — Phase A.1: 매핑 신뢰도 < 0.5 → 감성 점수 폐기 6건
2026-08-27 00:59:19,403 [INFO] __main__ — [shadow] 필드별 검사 기준 폐기 0/7종목 (집행 6건 — 변동 없음)
2026-08-27 00:59:19,404 [INFO] __main__ — 스코어링: 7개 | 집중:0 | FinBERT:finbert
2026-08-27 00:59:19,421 [INFO] __main__ —   → 7개
2026-08-27 00:59:19,421 [INFO] __main__ — ▶ Step 4: 발송
2026-08-27 00:59:22,480 [INFO] __main__ — DB 기록: 4개 / 전체 to_send 4개
2026-08-27 00:59:22,480 [INFO] __main__ — 발송: 4종목 | 누적 4~10회 0 | 신규 0
2026-08-27 00:59:22,480 [INFO] __main__ — 완료  |  소요: 779.2초
2026-08-27 00:59:23,645 [INFO] track_outcomes — pool_history 대조군 3631건 추적 대상 포함
2026-08-27 00:59:23,686 [INFO] track_outcomes — 고아 행 139건 복원 (targets에서 탈락한 미완 키)
2026-08-27 00:59:23,686 [INFO] track_outcomes — 대상 11414건 | 갱신 필요 7589건 | 완료 스킵 3964건
2026-08-27 00:59:23,688 [INFO] track_outcomes —   가격 조회 고유 종목 1708개 (기존 967 + 대조군 추가 741)
2026-08-27 01:34:48,250 [INFO] track_outcomes — outcomes 적재: 신규 338건 | 갱신(신규+보완) 1530건
