2026-08-31 17:13:27,120 [INFO] __main__ — config 검증 완료 ✓
2026-08-31 17:13:27,120 [INFO] __main__ — KIS 조회 도메인: 실전 (https://openapi.koreainvestment.com:9443)
2026-08-31 17:13:27,120 [INFO] __main__ — ============================================================
2026-08-31 17:13:27,121 [INFO] __main__ — AlphaRadar v3.3.1  |  기준일: 20260901
2026-08-31 17:13:27,121 [INFO] __main__ — S = T×0.3 + S_text×0.4 + D×0.3
2026-08-31 17:13:27,121 [INFO] __main__ — ============================================================
2026-08-31 17:13:27,121 [INFO] __main__ — ▶ Step 0: 유니버스 필터링
2026-08-31 17:13:27,269 [INFO] __main__ — FDR 데이터 수집: 20260226 ~ 20260901
2026-08-31 17:13:29,380 [INFO] __main__ — master universe 메타: 캐시 사용 2760개 (year=2026)
2026-08-31 17:13:29,383 [INFO] __main__ — master 보강: 등급 836개 | FnGuide/KSIC 2552개 | 섹터(fg_industry) 2552개
2026-08-31 17:13:29,383 [INFO] __main__ — KOSPI: 943개 | 섹터정보 831개 (DART +828개 보완)
2026-08-31 17:13:29,384 [INFO] __main__ — KOSDAQ: 1823개 | 섹터정보 1750개
2026-08-31 17:13:29,384 [INFO] __main__ — 전체: 2766개
2026-08-31 17:13:31,958 [INFO] __main__ — KIS 토큰 발급 완료
2026-08-31 17:21:01,921 [INFO] __main__ — DART corp_code 매핑: 879/902개 (97%)
2026-08-31 17:21:01,922 [INFO] __main__ — 유효 유니버스: 902개
2026-08-31 17:21:01,929 [INFO] __main__ —   → 902개
2026-08-31 17:21:01,929 [INFO] __main__ — ▶ Step 1: 신호 탐지
2026-08-31 17:21:01,929 [INFO] __main__ — NaverClient: 3개 키 로드 (DataLab·검색 독립 회전)
2026-08-31 17:21:01,929 [INFO] __main__ — 관심 지수 및 부정 뉴스 비율 조회 중...
2026-08-31 17:21:04,080 [INFO] __main__ — 봇 주가요약 제외 [금호건설]: 1건
2026-08-31 17:21:05,779 [INFO] __main__ — 봇 주가요약 제외 [대한광통신]: 2건
2026-08-31 17:21:05,805 [INFO] __main__ — 봇 주가요약 제외 [빛과전자]: 2건
2026-08-31 17:21:07,514 [INFO] __main__ — 봇 주가요약 제외 [신라젠]: 1건
2026-08-31 17:21:09,254 [INFO] __main__ — 봇 주가요약 제외 [KBI메탈]: 3건
2026-08-31 17:21:13,811 [INFO] __main__ — 봇 주가요약 제외 [우리기술]: 1건
2026-08-31 17:21:17,038 [INFO] __main__ — 봇 주가요약 제외 [대원전선]: 5건
2026-08-31 17:21:18,779 [INFO] __main__ — 봇 주가요약 제외 [PS일렉트로닉스]: 3건
2026-08-31 17:21:21,779 [INFO] __main__ — 봇 주가요약 제외 [금호타이어]: 2건
2026-08-31 17:21:21,962 [INFO] __main__ — 봇 주가요약 제외 [HPSP]: 2건
2026-08-31 17:21:23,109 [INFO] __main__ — 봇 주가요약 제외 [원익홀딩스]: 2건
2026-08-31 17:21:23,123 [INFO] __main__ — 봇 주가요약 제외 [페니트리움바이오]: 1건
2026-08-31 17:21:23,494 [INFO] __main__ — 봇 주가요약 제외 [후성]: 2건
2026-08-31 17:21:24,834 [INFO] __main__ — 봇 주가요약 제외 [신풍제약]: 1건
2026-08-31 17:21:28,843 [INFO] __main__ — 봇 주가요약 제외 [광전자]: 3건
2026-08-31 17:21:28,849 [INFO] __main__ — 봇 주가요약 제외 [보성파워텍]: 2건
2026-08-31 17:21:30,187 [INFO] __main__ — 봇 주가요약 제외 [삼성E&A]: 1건
2026-08-31 17:21:32,854 [INFO] __main__ — 봇 주가요약 제외 [코오롱티슈진]: 2건
2026-08-31 17:21:32,856 [INFO] __main__ — 봇 주가요약 제외 [대한전선]: 2건
2026-08-31 17:21:35,713 [INFO] __main__ — 봇 주가요약 제외 [한화솔루션]: 1건
2026-08-31 17:21:36,994 [INFO] __main__ — 뉴스 시점 제외 [ESR켄달스퀘어리츠]: 10건 (>14일/파싱실패)
2026-08-31 17:21:38,402 [INFO] __main__ — 봇 주가요약 제외 [엑스게이트]: 1건
2026-08-31 17:21:38,427 [INFO] __main__ — 봇 주가요약 제외 [서진시스템]: 2건
2026-08-31 17:21:43,727 [INFO] __main__ — 뉴스 시점 제외 [맥쿼리인프라]: 11건 (>14일/파싱실패)
2026-08-31 17:21:45,083 [INFO] __main__ — 봇 주가요약 제외 [한미글로벌]: 1건
2026-08-31 17:21:47,956 [INFO] __main__ — 봇 주가요약 제외 [SFA반도체]: 2건
2026-08-31 17:21:50,732 [INFO] __main__ — 봇 주가요약 제외 [삼화콘덴서]: 5건
2026-08-31 17:21:50,760 [INFO] __main__ — 봇 주가요약 제외 [한전기술]: 2건
2026-08-31 17:21:52,055 [INFO] __main__ — 봇 주가요약 제외 [성호전자]: 8건
2026-08-31 17:21:54,065 [INFO] __main__ — 봇 주가요약 제외 [현대무벡스]: 1건
2026-08-31 17:22:03,238 [INFO] __main__ — 봇 주가요약 제외 [대덕전자]: 2건
2026-08-31 17:22:03,244 [INFO] __main__ — 봇 주가요약 제외 [RF머트리얼즈]: 2건
2026-08-31 17:22:04,583 [INFO] __main__ — 뉴스 시점 제외 [티엠씨]: 9건 (>14일/파싱실패)
2026-08-31 17:22:06,192 [INFO] __main__ — 봇 주가요약 제외 [두산퓨얼셀]: 4건
2026-08-31 17:22:07,469 [INFO] __main__ — 봇 주가요약 제외 [애경케미칼]: 2건
2026-08-31 17:22:08,811 [INFO] __main__ — 봇 주가요약 제외 [휴림로봇]: 1건
2026-08-31 17:22:08,992 [INFO] __main__ — 뉴스 시점 제외 [제이앤티씨]: 8건 (>14일/파싱실패)
2026-08-31 17:22:08,996 [INFO] __main__ — 봇 주가요약 제외 [LG씨엔에스]: 2건
2026-08-31 17:22:10,355 [INFO] __main__ — 봇 주가요약 제외 [이수페타시스]: 2건
2026-08-31 17:22:10,356 [INFO] __main__ — 봇 주가요약 제외 [디앤디파마텍]: 1건
2026-08-31 17:22:10,359 [INFO] __main__ — 봇 주가요약 제외 [LS ELECTRIC]: 2건
2026-08-31 17:22:16,351 [INFO] __main__ — 봇 주가요약 제외 [스피어]: 1건
2026-08-31 17:22:24,243 [INFO] __main__ — 봇 주가요약 제외 [한화엔진]: 1건
2026-08-31 17:22:25,562 [INFO] __main__ — 봇 주가요약 제외 [원익IPS]: 1건
2026-08-31 17:22:30,175 [INFO] __main__ — 봇 주가요약 제외 [지엔씨에너지]: 3건
2026-08-31 17:22:30,182 [INFO] __main__ — 뉴스 시점 제외 [레이크머티리얼즈]: 3건 (>14일/파싱실패)
2026-08-31 17:22:30,794 [INFO] __main__ — 봇 주가요약 제외 [리노공업]: 1건
2026-08-31 17:22:33,049 [INFO] __main__ — 봇 주가요약 제외 [지아이이노베이션]: 1건
2026-08-31 17:22:34,573 [INFO] __main__ — 봇 주가요약 제외 [포스코엠텍]: 1건
2026-08-31 17:22:42,617 [INFO] __main__ — 봇 주가요약 제외 [우진]: 1건
2026-08-31 17:22:44,537 [INFO] __main__ — 봇 주가요약 제외 [LG이노텍]: 1건
2026-08-31 17:22:46,173 [INFO] __main__ — 봇 주가요약 제외 [한국콜마]: 2건
2026-08-31 17:22:48,358 [INFO] __main__ — 봇 주가요약 제외 [테크윙]: 7건
2026-08-31 17:22:48,879 [INFO] __main__ — 봇 주가요약 제외 [에이프릴바이오]: 2건
2026-08-31 17:22:51,156 [INFO] __main__ — 봇 주가요약 제외 [쿠콘]: 1건
2026-08-31 17:22:51,756 [INFO] __main__ — 뉴스 시점 제외 [엘브이엠씨홀딩스]: 11건 (>14일/파싱실패)
2026-08-31 17:22:52,905 [INFO] __main__ — 뉴스 시점 제외 [와이지-원]: 4건 (>14일/파싱실패)
2026-08-31 17:22:54,502 [INFO] __main__ — 뉴스 시점 제외 [샘씨엔에스]: 4건 (>14일/파싱실패)
2026-08-31 17:22:55,602 [INFO] __main__ — 봇 주가요약 제외 [산일전기]: 1건
2026-08-31 17:22:55,830 [INFO] __main__ — 봇 주가요약 제외 [가온전선]: 2건
2026-08-31 17:23:03,120 [INFO] __main__ — 봇 주가요약 제외 [큐리언트]: 1건
2026-08-31 17:23:05,042 [INFO] __main__ — 봇 주가요약 제외 [일진전기]: 1건
2026-08-31 17:23:05,073 [INFO] __main__ — 봇 주가요약 제외 [바이오니아]: 1건
2026-08-31 17:23:07,708 [INFO] __main__ — 봇 주가요약 제외 [SNT에너지]: 3건
2026-08-31 17:23:08,538 [INFO] __main__ — 봇 주가요약 제외 [코리아써키트]: 1건
2026-08-31 17:23:11,187 [INFO] __main__ — 뉴스 시점 제외 [에스에이엠티]: 5건 (>14일/파싱실패)
2026-08-31 17:23:11,683 [INFO] __main__ — 봇 주가요약 제외 [엠앤씨솔루션]: 2건
2026-08-31 17:23:12,523 [INFO] __main__ — 봇 주가요약 제외 [동진쎄미켐]: 1건
2026-08-31 17:23:15,752 [INFO] __main__ — 봇 주가요약 제외 [클로봇]: 3건
2026-08-31 17:23:17,013 [INFO] __main__ — 봇 주가요약 제외 [삼표시멘트]: 1건
2026-08-31 17:23:17,906 [INFO] __main__ — 봇 주가요약 제외 [에이비엘바이오]: 1건
2026-08-31 17:23:21,916 [INFO] __main__ — 봇 주가요약 제외 [에스피지]: 1건
2026-08-31 17:23:22,442 [INFO] __main__ — 뉴스 시점 제외 [엘티씨]: 9건 (>14일/파싱실패)
2026-08-31 17:23:23,707 [INFO] __main__ — 봇 주가요약 제외 [한국카본]: 1건
2026-08-31 17:23:23,784 [INFO] __main__ — 봇 주가요약 제외 [두산로보틱스]: 1건
2026-08-31 17:23:26,028 [INFO] __main__ — 뉴스 시점 제외 [서부T&D]: 1건 (>14일/파싱실패)
2026-08-31 17:23:30,388 [INFO] __main__ — 봇 주가요약 제외 [POSCO홀딩스]: 2건
2026-08-31 17:23:30,481 [INFO] __main__ — 봇 주가요약 제외 [삼아알미늄]: 1건
2026-08-31 17:23:33,322 [INFO] __main__ — 뉴스 시점 제외 [한선엔지니어링]: 12건 (>14일/파싱실패)
2026-08-31 17:23:34,254 [INFO] __main__ — 봇 주가요약 제외 [풍산]: 1건
2026-08-31 17:23:35,576 [INFO] __main__ — 봇 주가요약 제외 [에스앤에스텍]: 1건
2026-08-31 17:23:42,190 [INFO] __main__ — 뉴스 시점 제외 [넥스틸]: 7건 (>14일/파싱실패)
2026-08-31 17:23:48,694 [INFO] __main__ — 뉴스 시점 제외 [삼양컴텍]: 11건 (>14일/파싱실패)
2026-08-31 17:23:53,297 [INFO] __main__ — 봇 주가요약 제외 [원익QnC]: 1건
2026-08-31 17:23:56,179 [INFO] __main__ — 봇 주가요약 제외 [강원에너지]: 1건
2026-08-31 17:23:59,581 [INFO] __main__ — 봇 주가요약 제외 [세진중공업]: 1건
2026-08-31 17:24:05,200 [INFO] __main__ — 뉴스 시점 제외 [대원강업]: 11건 (>14일/파싱실패)
2026-08-31 17:24:06,156 [INFO] __main__ — 뉴스 시점 제외 [네패스아크]: 4건 (>14일/파싱실패)
2026-08-31 17:24:06,611 [INFO] __main__ — 봇 주가요약 제외 [유진로봇]: 1건
2026-08-31 17:24:11,341 [INFO] __main__ — 뉴스 시점 제외 [파이버프로]: 10건 (>14일/파싱실패)
2026-08-31 17:24:15,618 [INFO] __main__ — 뉴스 시점 제외 [KB발해인프라]: 14건 (>14일/파싱실패)
2026-08-31 17:24:17,032 [INFO] __main__ — 뉴스 시점 제외 [한솔아이원스]: 1건 (>14일/파싱실패)
2026-08-31 17:24:19,900 [INFO] __main__ — 뉴스 시점 제외 [현대차2우B]: 5건 (>14일/파싱실패)
2026-08-31 17:24:19,901 [INFO] __main__ — 뉴스 시점 제외 [KB스타리츠]: 8건 (>14일/파싱실패)
2026-08-31 17:24:28,642 [INFO] __main__ — 뉴스 시점 제외 [아이마켓코리아]: 12건 (>14일/파싱실패)
2026-08-31 17:24:29,935 [INFO] __main__ — 봇 주가요약 제외 [케이씨텍]: 1건
2026-08-31 17:24:32,615 [INFO] __main__ — 뉴스 시점 제외 [아세아제지]: 10건 (>14일/파싱실패)
2026-08-31 17:24:33,553 [INFO] __main__ — 뉴스 시점 제외 [신한알파리츠]: 9건 (>14일/파싱실패)
2026-08-31 17:24:37,639 [INFO] __main__ — 뉴스 시점 제외 [송원산업]: 10건 (>14일/파싱실패)
2026-08-31 17:24:39,932 [INFO] __main__ — 뉴스 시점 제외 [미래에셋증권2우B]: 13건 (>14일/파싱실패)
2026-08-31 17:24:43,987 [INFO] __main__ — 봇 주가요약 제외 [제룡전기]: 1건
2026-08-31 17:24:54,607 [INFO] __main__ — 뉴스 시점 제외 [한화3우B]: 5건 (>14일/파싱실패)
2026-08-31 17:24:55,243 [INFO] __main__ — 봇 주가요약 제외 [LIG디펜스앤에어로스페이스]: 2건
2026-08-31 17:24:55,441 [INFO] __main__ — 뉴스 시점 제외 [오리엔탈정공]: 13건 (>14일/파싱실패)
2026-08-31 17:24:58,293 [INFO] __main__ — 봇 주가요약 제외 [비츠로테크]: 1건
2026-08-31 17:25:04,119 [INFO] __main__ — 뉴스 시점 제외 [이지스밸류플러스리츠]: 10건 (>14일/파싱실패)
2026-08-31 17:25:05,361 [INFO] __main__ — 뉴스 시점 제외 [코스모화학]: 4건 (>14일/파싱실패)
2026-08-31 17:25:06,414 [INFO] __main__ — 뉴스 시점 제외 [현대차우]: 6건 (>14일/파싱실패)
2026-08-31 17:25:11,906 [INFO] __main__ — 봇 주가요약 제외 [디아이]: 1건
2026-08-31 17:25:12,464 [INFO] __main__ — 뉴스 시점 제외 [세보엠이씨]: 9건 (>14일/파싱실패)
2026-08-31 17:25:13,231 [INFO] __main__ — 뉴스 시점 제외 [명신산업]: 11건 (>14일/파싱실패)
2026-08-31 17:25:13,918 [INFO] __main__ — 부정 키워드 감지: 23개 종목 (neg_ratio > 0)
2026-08-31 17:25:13,920 [INFO] __main__ — 수급일수충족·합계음수 제외: 75개
2026-08-31 17:25:20,535 [INFO] __main__ — 뉴스 시점 제외 [두산우]: 15건 (>14일/파싱실패)
2026-08-31 17:25:21,653 [INFO] __main__ — 뉴스 시점 제외 [삼성전기우]: 9건 (>14일/파싱실패)
2026-08-31 17:25:23,417 [INFO] __main__ — 뉴스 시점 제외 [LG전자우]: 11건 (>14일/파싱실패)
2026-08-31 17:25:24,152 [INFO] __main__ — 뉴스 시점 제외 [삼성화재우]: 14건 (>14일/파싱실패)
2026-08-31 17:25:28,214 [INFO] __main__ — 뉴스 시점 제외 [맵스리얼티]: 15건 (>14일/파싱실패)
2026-08-31 17:25:28,943 [INFO] __main__ — 뉴스 시점 제외 [한국쉘석유]: 10건 (>14일/파싱실패)
2026-08-31 17:25:29,686 [INFO] __main__ — 뉴스 시점 제외 [한일홀딩스]: 11건 (>14일/파싱실패)
2026-08-31 17:25:31,832 [INFO] __main__ — 뉴스 시점 제외 [CJ4우(전환)]: 15건 (>14일/파싱실패)
2026-08-31 17:25:31,872 [INFO] __main__ — 뉴스 시점 제외 [대신증권우]: 15건 (>14일/파싱실패)
2026-08-31 17:25:34,069 [INFO] __main__ — 뉴스 시점 제외 [신대양제지]: 13건 (>14일/파싱실패)
2026-08-31 17:25:37,117 [INFO] __main__ — 뉴스 시점 제외 [국도화학]: 11건 (>14일/파싱실패)
2026-08-31 17:25:37,120 [INFO] __main__ — 뉴스 시점 제외 [SIMPAC]: 13건 (>14일/파싱실패)
2026-08-31 17:25:37,866 [INFO] __main__ — 뉴스 시점 제외 [서연이화]: 2건 (>14일/파싱실패)
2026-08-31 17:25:37,871 [INFO] __main__ — 뉴스 시점 제외 [삼성물산우B]: 15건 (>14일/파싱실패)
2026-08-31 17:25:38,607 [INFO] __main__ — 뉴스 시점 제외 [두산2우B]: 14건 (>14일/파싱실패)
2026-08-31 17:25:39,540 [INFO] __main__ — 뉴스 시점 제외 [수산인더스트리]: 8건 (>14일/파싱실패)
2026-08-31 17:25:40,276 [INFO] __main__ — 뉴스 시점 제외 [TCC스틸]: 6건 (>14일/파싱실패)
2026-08-31 17:25:41,752 [INFO] __main__ — 뉴스 시점 제외 [서울가스]: 13건 (>14일/파싱실패)
2026-08-31 17:25:44,657 [INFO] __main__ — 뉴스 시점 제외 [PKC]: 9건 (>14일/파싱실패)
2026-08-31 17:25:44,688 [INFO] __main__ — 뉴스 시점 제외 [노루홀딩스]: 13건 (>14일/파싱실패)
2026-08-31 17:25:45,413 [INFO] __main__ — 뉴스 시점 제외 [SK우]: 14건 (>14일/파싱실패)
2026-08-31 17:25:46,066 [INFO] __main__ — 뉴스 시점 제외 [천일고속]: 13건 (>14일/파싱실패)
2026-08-31 17:25:46,104 [INFO] __main__ — 뉴스 시점 제외 [LG우]: 15건 (>14일/파싱실패)
2026-08-31 17:25:47,023 [INFO] __main__ — 뉴스 시점 제외 [진양홀딩스]: 10건 (>14일/파싱실패)
2026-08-31 17:25:47,519 [INFO] __main__ — 봇 주가요약 제외 [AJ네트웍스]: 1건
2026-08-31 17:25:49,383 [INFO] __main__ — 봇 주가요약 제외 [로보스타]: 1건
2026-08-31 17:25:50,114 [INFO] __main__ — 뉴스 시점 제외 [하이젠알앤엠]: 5건 (>14일/파싱실패)
2026-08-31 17:25:50,114 [INFO] __main__ — 봇 주가요약 제외 [하이젠알앤엠]: 1건
2026-08-31 17:25:54,509 [INFO] __main__ — 뉴스 시점 제외 [인화정공]: 6건 (>14일/파싱실패)
2026-08-31 17:25:54,654 [INFO] __main__ — 뉴스 시점 제외 [한국알콜]: 6건 (>14일/파싱실패)
2026-08-31 17:25:55,543 [INFO] __main__ — 봇 주가요약 제외 [티로보틱스]: 1건
2026-08-31 17:25:56,465 [INFO] __main__ — 뉴스 시점 제외 [진성티이씨]: 5건 (>14일/파싱실패)
2026-08-31 17:25:57,919 [INFO] __main__ — 봇 주가요약 제외 [오픈엣지테크놀로지]: 1건
2026-08-31 17:25:58,116 [INFO] __main__ — 뉴스 시점 제외 [필에너지]: 9건 (>14일/파싱실패)
2026-08-31 17:25:59,032 [INFO] __main__ — 뉴스 시점 제외 [덕양에너젠]: 6건 (>14일/파싱실패)
2026-08-31 17:25:59,364 [INFO] __main__ — 뉴스 시점 제외 [서호전기]: 10건 (>14일/파싱실패)
2026-08-31 17:26:00,282 [INFO] __main__ — 봇 주가요약 제외 [칩스앤미디어]: 1건
2026-08-31 17:26:00,482 [INFO] __main__ — 뉴스 시점 제외 [이지바이오]: 7건 (>14일/파싱실패)
2026-08-31 17:26:00,815 [INFO] __main__ — 뉴스 시점 제외 [미래나노텍]: 11건 (>14일/파싱실패)
2026-08-31 17:26:02,854 [INFO] __main__ — 뉴스 시점 제외 [와이씨켐]: 1건 (>14일/파싱실패)
2026-08-31 17:26:02,955 [INFO] __main__ — POOL_A 후보 부정뉴스 2차 조회: 188개
2026-08-31 17:26:02,957 [INFO] __main__ — POOL_A: 447개 (A:443 B:0 동시:4) | 부정게이트 제외:7
  대형:72 중형:188 소형:187
2026-08-31 17:26:02,961 [INFO] __main__ — 대조군 표본(무신호): 40개 / 모집단 455개 → pool_history
2026-08-31 17:26:02,963 [INFO] __main__ —   → POOL_A: 447개
2026-08-31 17:26:02,963 [INFO] __main__ — ▶ Step 2: 하드 필터링
2026-08-31 17:26:02,964 [INFO] __main__ — 하드 필터 제거: 438개 | 과열배제 69 | 이격도상한 8 | 이격도하한 12 | MA추세 273 | RSI과열 3 | 거래대금 73
2026-08-31 17:26:02,966 [INFO] __main__ — 과열 gated 기록: 69개 → gated_tickers
2026-08-31 17:26:02,968 [INFO] __main__ — 대조군 표본(필터탈락): 143개 / 모집단 438개 → pool_history
2026-08-31 17:26:02,968 [INFO] __main__ — POOL_B: 9개 | 대형:1 중형:6 소형:2
2026-08-31 17:26:02,968 [INFO] __main__ —   → POOL_B: 9개
2026-08-31 17:26:02,968 [INFO] __main__ — ▶ Step 3: 스코어링 (FinBERT 감성 분석)
2026-08-31 17:26:02,969 [INFO] __main__ — NaverClient: 3개 키 로드 (DataLab·검색 독립 회전)
2026-08-31 17:26:02,969 [INFO] __main__ — 텍스트 신규 수집: 9종목 (캐시 적중 0종목)
2026-08-31 17:26:03,976 [INFO] __main__ — 봇 주가요약 제외 [SK이터닉스]: 2건
2026-08-31 17:26:08,679 [INFO] __main__ — 봇 주가요약 제외 [제주반도체]: 1건
2026-08-31 17:26:16,812 [INFO] __main__ — 기사 보존(수집): 85건 (9종목) → news_articles
2026-08-31 17:26:16,814 [INFO] __main__ — 공시 보존(수집): 36건 (9종목) → dart_filings
2026-08-31 17:26:16,814 [INFO] __main__ — 수집 완료: 뉴스 85건 | 공시 36건
2026-08-31 17:26:16,814 [INFO] __main__ — FinBERT 감성 분석 (finbert 모드)...
2026-08-31 17:26:16,814 [INFO] __main__ — FinBERT 로딩: snunlp/KR-FinBert-SC (CPU, batch=8)
2026-08-31 17:26:16,874 [INFO] httpx — HTTP Request: GET https://huggingface.co/api/agent-harnesses "HTTP/1.1 200 OK"
2026-08-31 17:26:16,891 [INFO] httpx — HTTP Request: HEAD https://huggingface.co/snunlp/KR-FinBert-SC/resolve/main/config.json "HTTP/1.1 307 Temporary Redirect"
2026-08-31 17:26:16,892 [WARNING] huggingface_hub.utils._http — Warning: You are sending unauthenticated requests to the HF Hub. Please set a HF_TOKEN to enable higher rate limits and faster downloads.
2026-08-31 17:26:16,898 [INFO] httpx — HTTP Request: HEAD https://huggingface.co/api/resolve-cache/models/snunlp/KR-FinBert-SC/f8586286cc3161fb648e9fee09a456069fd846d0/config.json "HTTP/1.1 200 OK"
2026-08-31 17:26:16,938 [INFO] httpx — HTTP Request: HEAD https://huggingface.co/snunlp/KR-FinBert-SC/resolve/main/model.safetensors "HTTP/1.1 404 Not Found"
2026-08-31 17:26:16,961 [INFO] httpx — HTTP Request: GET https://huggingface.co/api/models/snunlp/KR-FinBert-SC "HTTP/1.1 200 OK"
2026-08-31 17:26:16,995 [INFO] httpx — HTTP Request: GET https://huggingface.co/api/models/snunlp/KR-FinBert-SC/commits/main "HTTP/1.1 200 OK"
2026-08-31 17:26:17,050 [INFO] httpx — HTTP Request: GET https://huggingface.co/api/models/snunlp/KR-FinBert-SC/discussions?p=0 "HTTP/1.1 200 OK"
2026-08-31 17:26:17,114 [INFO] httpx — HTTP Request: GET https://huggingface.co/api/models/snunlp/KR-FinBert-SC/commits/refs%2Fpr%2F3 "HTTP/1.1 200 OK"
2026-08-31 17:26:17,122 [INFO] httpx — HTTP Request: GET https://huggingface.co/api/models/snunlp/KR-FinBert-SC/tree/main/additional_chat_templates?recursive=false&expand=false "HTTP/1.1 404 Not Found"
2026-08-31 17:26:17,133 [INFO] httpx — HTTP Request: HEAD https://huggingface.co/snunlp/KR-FinBert-SC/resolve/refs%2Fpr%2F3/model.safetensors.index.json "HTTP/1.1 404 Not Found"
2026-08-31 17:26:17,143 [INFO] httpx — HTTP Request: GET https://huggingface.co/api/models/snunlp/KR-FinBert-SC/tree/main?recursive=true&expand=false "HTTP/1.1 200 OK"
2026-08-31 17:26:17,164 [INFO] httpx — HTTP Request: HEAD https://huggingface.co/snunlp/KR-FinBert-SC/resolve/refs%2Fpr%2F3/model.safetensors "HTTP/1.1 302 Found"
2026-08-31 17:26:17,180 [INFO] httpx — HTTP Request: HEAD https://huggingface.co/snunlp/KR-FinBert-SC/resolve/main/processor_config.json "HTTP/1.1 404 Not Found"
2026-08-31 17:26:17,201 [INFO] httpx — HTTP Request: HEAD https://huggingface.co/snunlp/KR-FinBert-SC/resolve/main/video_preprocessor_config.json "HTTP/1.1 404 Not Found"
2026-08-31 17:26:17,222 [INFO] httpx — HTTP Request: HEAD https://huggingface.co/snunlp/KR-FinBert-SC/resolve/main/preprocessor_config.json "HTTP/1.1 404 Not Found"
2026-08-31 17:26:17,223 [INFO] __main__ — FinBERT 로드 완료 (CPU)
2026-08-31 17:26:28,547 [INFO] __main__ — Phase A.1: 매핑 신뢰도 < 0.5 → 감성 점수 폐기 5건
2026-08-31 17:26:28,547 [INFO] __main__ — [shadow] 필드별 검사 기준 폐기 1/9종목 (집행 5건 — 변동 없음)
2026-08-31 17:26:28,547 [INFO] __main__ — 스코어링: 9개 | 집중:0 | FinBERT:finbert
2026-08-31 17:26:28,563 [INFO] __main__ —   → 9개
2026-08-31 17:26:28,563 [INFO] __main__ — ▶ Step 4: 발송
2026-08-31 17:26:32,098 [INFO] __main__ — DB 기록: 6개 / 전체 to_send 6개
2026-08-31 17:26:32,098 [INFO] __main__ — 발송: 6종목 | 누적 4~10회 1 | 신규 3
2026-08-31 17:26:32,098 [INFO] __main__ — 완료  |  소요: 785.0초
2026-08-31 17:26:33,206 [INFO] track_outcomes — pool_history 대조군 4325건 추적 대상 포함
2026-08-31 17:26:33,252 [INFO] track_outcomes — 고아 행 146건 복원 (targets에서 탈락한 미완 키)
2026-08-31 17:26:33,252 [INFO] track_outcomes — 대상 12582건 | 갱신 필요 8683건 | 완료 스킵 4045건
2026-08-31 17:26:33,254 [INFO] track_outcomes —   가격 조회 고유 종목 1740개 (기존 976 + 대조군 추가 764)
2026-08-31 18:02:08,312 [INFO] track_outcomes — outcomes 적재: 신규 261건 | 갱신(신규+보완) 1265건
2026-09-01 00:36:08,886 [INFO] __main__ — config 검증 완료 ✓
2026-09-01 00:36:08,886 [INFO] __main__ — KIS 조회 도메인: 실전 (https://openapi.koreainvestment.com:9443)
2026-09-01 00:36:08,886 [INFO] __main__ — ============================================================
2026-09-01 00:36:08,886 [INFO] __main__ — AlphaRadar v3.3.1  |  기준일: 20260901
2026-09-01 00:36:08,886 [INFO] __main__ — S = T×0.3 + S_text×0.4 + D×0.3
2026-09-01 00:36:08,886 [INFO] __main__ — ============================================================
2026-09-01 00:36:08,886 [INFO] __main__ — ▶ Step 0: 유니버스 필터링
2026-09-01 00:36:08,988 [INFO] __main__ — FDR 데이터 수집: 20260226 ~ 20260901
2026-09-01 00:36:10,724 [INFO] __main__ — master universe 메타: 캐시 사용 2760개 (year=2026)
2026-09-01 00:36:10,727 [INFO] __main__ — master 보강: 등급 836개 | FnGuide/KSIC 2552개 | 섹터(fg_industry) 2552개
2026-09-01 00:36:10,727 [INFO] __main__ — KOSPI: 943개 | 섹터정보 831개 (DART +828개 보완)
2026-09-01 00:36:10,728 [INFO] __main__ — KOSDAQ: 1823개 | 섹터정보 1750개
2026-09-01 00:36:10,728 [INFO] __main__ — 전체: 2766개
2026-09-01 00:36:12,996 [INFO] __main__ — KIS 토큰 발급 완료
2026-09-01 00:42:57,015 [INFO] __main__ — DART corp_code 매핑: 879/902개 (97%)
2026-09-01 00:42:57,015 [INFO] __main__ — 유효 유니버스: 902개
2026-09-01 00:42:57,021 [INFO] __main__ —   → 902개
2026-09-01 00:42:57,022 [INFO] __main__ — ▶ Step 1: 신호 탐지
2026-09-01 00:42:57,022 [INFO] __main__ — NaverClient: 3개 키 로드 (DataLab·검색 독립 회전)
2026-09-01 00:42:57,022 [INFO] __main__ — 관심 지수 및 부정 뉴스 비율 조회 중...
2026-09-01 00:42:58,614 [INFO] __main__ — 봇 주가요약 제외 [금호건설]: 1건
2026-09-01 00:42:58,634 [INFO] __main__ — 봇 주가요약 제외 [빛과전자]: 2건
2026-09-01 00:43:00,011 [INFO] __main__ — 봇 주가요약 제외 [대한광통신]: 2건
2026-09-01 00:43:01,450 [INFO] __main__ — 봇 주가요약 제외 [신라젠]: 1건
2026-09-01 00:43:02,685 [INFO] __main__ — 봇 주가요약 제외 [KBI메탈]: 3건
2026-09-01 00:43:07,635 [INFO] __main__ — 봇 주가요약 제외 [대원전선]: 5건
2026-09-01 00:43:07,704 [INFO] __main__ — 봇 주가요약 제외 [PS일렉트로닉스]: 3건
2026-09-01 00:43:09,271 [INFO] __main__ — 봇 주가요약 제외 [원익홀딩스]: 2건
2026-09-01 00:43:11,450 [INFO] __main__ — 봇 주가요약 제외 [페니트리움바이오]: 1건
2026-09-01 00:43:12,630 [INFO] __main__ — 봇 주가요약 제외 [HPSP]: 2건
2026-09-01 00:43:14,094 [INFO] __main__ — 봇 주가요약 제외 [후성]: 2건
2026-09-01 00:43:14,948 [INFO] __main__ — 봇 주가요약 제외 [신풍제약]: 1건
2026-09-01 00:43:16,243 [INFO] __main__ — 봇 주가요약 제외 [광전자]: 2건
2026-09-01 00:43:18,506 [INFO] __main__ — 봇 주가요약 제외 [삼성E&A]: 1건
2026-09-01 00:43:19,708 [INFO] __main__ — 봇 주가요약 제외 [대한전선]: 2건
2026-09-01 00:43:20,998 [INFO] __main__ — 봇 주가요약 제외 [보성파워텍]: 2건
2026-09-01 00:43:21,196 [INFO] __main__ — 봇 주가요약 제외 [코오롱티슈진]: 2건
2026-09-01 00:43:22,195 [INFO] __main__ — 뉴스 시점 제외 [ESR켄달스퀘어리츠]: 10건 (>14일/파싱실패)
2026-09-01 00:43:23,388 [INFO] __main__ — 봇 주가요약 제외 [서진시스템]: 2건
2026-09-01 00:43:24,618 [INFO] __main__ — 봇 주가요약 제외 [엑스게이트]: 1건
2026-09-01 00:43:26,436 [INFO] __main__ — 봇 주가요약 제외 [한미글로벌]: 1건
2026-09-01 00:43:29,919 [INFO] __main__ — 봇 주가요약 제외 [SFA반도체]: 1건
2026-09-01 00:43:33,585 [INFO] __main__ — 봇 주가요약 제외 [성호전자]: 7건
2026-09-01 00:43:34,862 [INFO] __main__ — 뉴스 시점 제외 [맥쿼리인프라]: 11건 (>14일/파싱실패)
2026-09-01 00:43:35,923 [INFO] __main__ — 봇 주가요약 제외 [삼화콘덴서]: 5건
2026-09-01 00:43:35,928 [INFO] __main__ — 봇 주가요약 제외 [현대무벡스]: 1건
2026-09-01 00:43:39,576 [INFO] __main__ — 봇 주가요약 제외 [애경케미칼]: 2건
2026-09-01 00:43:39,597 [INFO] __main__ — 뉴스 시점 제외 [티엠씨]: 9건 (>14일/파싱실패)
2026-09-01 00:43:40,968 [INFO] __main__ — 봇 주가요약 제외 [RF머트리얼즈]: 2건
2026-09-01 00:43:40,980 [INFO] __main__ — 봇 주가요약 제외 [한전기술]: 2건
2026-09-01 00:43:43,607 [INFO] __main__ — 봇 주가요약 제외 [대덕전자]: 2건
2026-09-01 00:43:47,624 [INFO] __main__ — 봇 주가요약 제외 [LG씨엔에스]: 2건
2026-09-01 00:43:48,556 [INFO] __main__ — 봇 주가요약 제외 [휴림로봇]: 1건
2026-09-01 00:43:48,806 [INFO] __main__ — 봇 주가요약 제외 [LS ELECTRIC]: 2건
2026-09-01 00:43:51,861 [INFO] __main__ — 뉴스 시점 제외 [제이앤티씨]: 8건 (>14일/파싱실패)
2026-09-01 00:43:52,054 [INFO] __main__ — 봇 주가요약 제외 [디앤디파마텍]: 1건
2026-09-01 00:43:53,245 [INFO] __main__ — 봇 주가요약 제외 [두산퓨얼셀]: 4건
2026-09-01 00:43:54,773 [INFO] __main__ — 봇 주가요약 제외 [이수페타시스]: 2건
2026-09-01 00:43:57,199 [INFO] __main__ — 봇 주가요약 제외 [한화엔진]: 1건
2026-09-01 00:44:03,816 [INFO] __main__ — 뉴스 시점 제외 [레이크머티리얼즈]: 3건 (>14일/파싱실패)
2026-09-01 00:44:04,051 [INFO] __main__ — 봇 주가요약 제외 [지아이이노베이션]: 1건
2026-09-01 00:44:14,010 [INFO] __main__ — 봇 주가요약 제외 [지엔씨에너지]: 2건
2026-09-01 00:44:17,711 [INFO] __main__ — 봇 주가요약 제외 [쿠콘]: 1건
2026-09-01 00:44:19,693 [INFO] __main__ — 봇 주가요약 제외 [산일전기]: 1건
2026-09-01 00:44:24,244 [INFO] __main__ — 봇 주가요약 제외 [SNT에너지]: 3건
2026-09-01 00:44:26,585 [INFO] __main__ — 봇 주가요약 제외 [엠앤씨솔루션]: 2건
2026-09-01 00:44:28,480 [INFO] __main__ — 뉴스 시점 제외 [엘브이엠씨홀딩스]: 11건 (>14일/파싱실패)
2026-09-01 00:44:28,971 [INFO] __main__ — 봇 주가요약 제외 [큐리언트]: 1건
2026-09-01 00:44:30,265 [INFO] __main__ — 봇 주가요약 제외 [테크윙]: 7건
2026-09-01 00:44:33,332 [INFO] __main__ — 봇 주가요약 제외 [포스코엠텍]: 1건
2026-09-01 00:44:34,814 [INFO] __main__ — 봇 주가요약 제외 [바이오니아]: 1건
2026-09-01 00:44:37,591 [INFO] __main__ — 뉴스 시점 제외 [에스에이엠티]: 5건 (>14일/파싱실패)
2026-09-01 00:44:39,985 [INFO] __main__ — 봇 주가요약 제외 [코리아써키트]: 1건
2026-09-01 00:44:41,809 [INFO] __main__ — 뉴스 시점 제외 [샘씨엔에스]: 4건 (>14일/파싱실패)
2026-09-01 00:44:42,981 [INFO] __main__ — 봇 주가요약 제외 [클로봇]: 1건
2026-09-01 00:44:45,295 [INFO] __main__ — 봇 주가요약 제외 [삼표시멘트]: 1건
2026-09-01 00:44:51,394 [INFO] __main__ — 뉴스 시점 제외 [와이지-원]: 4건 (>14일/파싱실패)
2026-09-01 00:44:51,451 [INFO] __main__ — 봇 주가요약 제외 [한국카본]: 1건
2026-09-01 00:44:55,479 [INFO] __main__ — 봇 주가요약 제외 [두산로보틱스]: 1건
2026-09-01 00:44:59,446 [INFO] __main__ — 봇 주가요약 제외 [POSCO홀딩스]: 1건
2026-09-01 00:45:00,793 [INFO] __main__ — 뉴스 시점 제외 [서부T&D]: 2건 (>14일/파싱실패)
2026-09-01 00:45:02,012 [INFO] __main__ — 봇 주가요약 제외 [삼아알미늄]: 1건
2026-09-01 00:45:04,071 [INFO] __main__ — 뉴스 시점 제외 [엘티씨]: 9건 (>14일/파싱실패)
2026-09-01 00:45:05,183 [INFO] __main__ — 봇 주가요약 제외 [에스피지]: 1건
2026-09-01 00:45:05,432 [INFO] __main__ — 뉴스 시점 제외 [넥스틸]: 7건 (>14일/파싱실패)
2026-09-01 00:45:07,982 [INFO] __main__ — 봇 주가요약 제외 [에스앤에스텍]: 1건
2026-09-01 00:45:10,658 [INFO] __main__ — 뉴스 시점 제외 [한선엔지니어링]: 12건 (>14일/파싱실패)
2026-09-01 00:45:13,830 [INFO] __main__ — 봇 주가요약 제외 [디아이]: 1건
2026-09-01 00:45:16,761 [INFO] __main__ — 뉴스 시점 제외 [삼양컴텍]: 10건 (>14일/파싱실패)
2026-09-01 00:45:31,693 [INFO] __main__ — 봇 주가요약 제외 [원익QnC]: 1건
2026-09-01 00:45:34,956 [INFO] __main__ — 뉴스 시점 제외 [명신산업]: 11건 (>14일/파싱실패)
2026-09-01 00:45:40,196 [INFO] __main__ — 뉴스 시점 제외 [송원산업]: 10건 (>14일/파싱실패)
2026-09-01 00:45:40,257 [INFO] __main__ — 뉴스 시점 제외 [현대차2우B]: 4건 (>14일/파싱실패)
2026-09-01 00:45:41,531 [INFO] __main__ — 봇 주가요약 제외 [유진로봇]: 1건
2026-09-01 00:45:42,940 [INFO] __main__ — 뉴스 시점 제외 [대원강업]: 10건 (>14일/파싱실패)
2026-09-01 00:45:44,196 [INFO] __main__ — 뉴스 시점 제외 [KB스타리츠]: 8건 (>14일/파싱실패)
2026-09-01 00:45:45,368 [INFO] __main__ — 봇 주가요약 제외 [풍산]: 1건
2026-09-01 00:45:47,789 [INFO] __main__ — 봇 주가요약 제외 [케이씨텍]: 1건
2026-09-01 00:45:49,002 [INFO] __main__ — 뉴스 시점 제외 [KB발해인프라]: 14건 (>14일/파싱실패)
2026-09-01 00:45:55,279 [INFO] __main__ — 뉴스 시점 제외 [네패스아크]: 4건 (>14일/파싱실패)
2026-09-01 00:45:58,692 [INFO] __main__ — 뉴스 시점 제외 [한솔아이원스]: 1건 (>14일/파싱실패)
2026-09-01 00:45:59,875 [INFO] __main__ — 봇 주가요약 제외 [제룡전기]: 1건
2026-09-01 00:46:01,544 [INFO] __main__ — 뉴스 시점 제외 [신한알파리츠]: 9건 (>14일/파싱실패)
2026-09-01 00:46:02,815 [INFO] __main__ — 뉴스 시점 제외 [미래에셋증권2우B]: 12건 (>14일/파싱실패)
2026-09-01 00:46:07,148 [INFO] __main__ — 봇 주가요약 제외 [강원에너지]: 1건
2026-09-01 00:46:12,422 [INFO] __main__ — 뉴스 시점 제외 [현대차우]: 5건 (>14일/파싱실패)
2026-09-01 00:46:20,021 [INFO] __main__ — 뉴스 시점 제외 [세보엠이씨]: 9건 (>14일/파싱실패)
2026-09-01 00:46:22,527 [INFO] __main__ — 뉴스 시점 제외 [코스모화학]: 4건 (>14일/파싱실패)
2026-09-01 00:46:24,984 [INFO] __main__ — 봇 주가요약 제외 [LIG디펜스앤에어로스페이스]: 1건
2026-09-01 00:46:25,237 [INFO] __main__ — 뉴스 시점 제외 [이지스밸류플러스리츠]: 10건 (>14일/파싱실패)
2026-09-01 00:46:26,371 [INFO] __main__ — 뉴스 시점 제외 [오리엔탈정공]: 10건 (>14일/파싱실패)
2026-09-01 00:46:27,349 [INFO] __main__ — 봇 주가요약 제외 [비츠로테크]: 1건
2026-09-01 00:46:28,865 [INFO] __main__ — 뉴스 시점 제외 [진양홀딩스]: 10건 (>14일/파싱실패)
2026-09-01 00:46:32,574 [INFO] __main__ — 뉴스 시점 제외 [디어유]: 10건 (>14일/파싱실패)
2026-09-01 00:46:35,466 [INFO] __main__ — 부정 키워드 감지: 23개 종목 (neg_ratio > 0)
2026-09-01 00:46:35,468 [INFO] __main__ — 수급일수충족·합계음수 제외: 75개
2026-09-01 00:46:41,349 [INFO] __main__ — 뉴스 시점 제외 [두산우]: 14건 (>14일/파싱실패)
2026-09-01 00:46:42,149 [INFO] __main__ — 뉴스 시점 제외 [삼성전기우]: 8건 (>14일/파싱실패)
2026-09-01 00:46:44,109 [INFO] __main__ — 뉴스 시점 제외 [LG전자우]: 9건 (>14일/파싱실패)
2026-09-01 00:46:44,270 [INFO] __main__ — 뉴스 시점 제외 [삼성화재우]: 14건 (>14일/파싱실패)
2026-09-01 00:46:46,833 [INFO] __main__ — 뉴스 시점 제외 [GS피앤엘]: 8건 (>14일/파싱실패)
2026-09-01 00:46:49,182 [INFO] __main__ — 뉴스 시점 제외 [한국쉘석유]: 9건 (>14일/파싱실패)
2026-09-01 00:46:50,487 [INFO] __main__ — 뉴스 시점 제외 [한일홀딩스]: 11건 (>14일/파싱실패)
2026-09-01 00:46:50,671 [INFO] __main__ — 뉴스 시점 제외 [한화3우B]: 3건 (>14일/파싱실패)
2026-09-01 00:46:51,979 [INFO] __main__ — 뉴스 시점 제외 [대신증권우]: 15건 (>14일/파싱실패)
2026-09-01 00:46:52,806 [INFO] __main__ — 뉴스 시점 제외 [CJ4우(전환)]: 14건 (>14일/파싱실패)
2026-09-01 00:46:55,603 [INFO] __main__ — 뉴스 시점 제외 [신대양제지]: 13건 (>14일/파싱실패)
2026-09-01 00:46:56,951 [INFO] __main__ — 뉴스 시점 제외 [삼성물산우B]: 15건 (>14일/파싱실패)
2026-09-01 00:46:56,966 [INFO] __main__ — 뉴스 시점 제외 [SIMPAC]: 13건 (>14일/파싱실패)
2026-09-01 00:46:57,616 [INFO] __main__ — 뉴스 시점 제외 [국도화학]: 11건 (>14일/파싱실패)
2026-09-01 00:46:57,624 [INFO] __main__ — 뉴스 시점 제외 [아세아제지]: 10건 (>14일/파싱실패)
2026-09-01 00:46:58,938 [INFO] __main__ — 뉴스 시점 제외 [서연이화]: 2건 (>14일/파싱실패)
2026-09-01 00:46:58,949 [INFO] __main__ — 뉴스 시점 제외 [두산2우B]: 13건 (>14일/파싱실패)
2026-09-01 00:46:59,612 [INFO] __main__ — 뉴스 시점 제외 [수산인더스트리]: 8건 (>14일/파싱실패)
2026-09-01 00:47:00,608 [INFO] __main__ — 뉴스 시점 제외 [TCC스틸]: 6건 (>14일/파싱실패)
2026-09-01 00:47:03,949 [INFO] __main__ — 뉴스 시점 제외 [PKC]: 9건 (>14일/파싱실패)
2026-09-01 00:47:04,585 [INFO] __main__ — 뉴스 시점 제외 [노루홀딩스]: 13건 (>14일/파싱실패)
2026-09-01 00:47:05,268 [INFO] __main__ — 뉴스 시점 제외 [SK우]: 13건 (>14일/파싱실패)
2026-09-01 00:47:06,052 [INFO] __main__ — 뉴스 시점 제외 [천일고속]: 13건 (>14일/파싱실패)
2026-09-01 00:47:06,589 [INFO] __main__ — 뉴스 시점 제외 [LG우]: 15건 (>14일/파싱실패)
2026-09-01 00:47:09,091 [INFO] __main__ — 뉴스 시점 제외 [하이젠알앤엠]: 3건 (>14일/파싱실패)
2026-09-01 00:47:09,091 [INFO] __main__ — 봇 주가요약 제외 [하이젠알앤엠]: 1건
2026-09-01 00:47:12,312 [INFO] __main__ — 뉴스 시점 제외 [인화정공]: 3건 (>14일/파싱실패)
2026-09-01 00:47:13,002 [INFO] __main__ — 뉴스 시점 제외 [한국알콜]: 6건 (>14일/파싱실패)
2026-09-01 00:47:13,236 [INFO] __main__ — 봇 주가요약 제외 [티로보틱스]: 1건
2026-09-01 00:47:13,878 [INFO] __main__ — 뉴스 시점 제외 [진성티이씨]: 5건 (>14일/파싱실패)
2026-09-01 00:47:14,936 [INFO] __main__ — 봇 주가요약 제외 [오픈엣지테크놀로지]: 1건
2026-09-01 00:47:15,571 [INFO] __main__ — 뉴스 시점 제외 [덕양에너젠]: 5건 (>14일/파싱실패)
2026-09-01 00:47:15,799 [INFO] __main__ — 뉴스 시점 제외 [필에너지]: 7건 (>14일/파싱실패)
2026-09-01 00:47:16,225 [INFO] __main__ — 뉴스 시점 제외 [서호전기]: 10건 (>14일/파싱실패)
2026-09-01 00:47:16,869 [INFO] __main__ — 봇 주가요약 제외 [칩스앤미디어]: 1건
2026-09-01 00:47:17,112 [INFO] __main__ — 뉴스 시점 제외 [이지바이오]: 7건 (>14일/파싱실패)
2026-09-01 00:47:17,576 [INFO] __main__ — 뉴스 시점 제외 [미래나노텍]: 8건 (>14일/파싱실패)
2026-09-01 00:47:18,862 [INFO] __main__ — 뉴스 시점 제외 [와이씨켐]: 1건 (>14일/파싱실패)
2026-09-01 00:47:19,552 [INFO] __main__ — POOL_A 후보 부정뉴스 2차 조회: 189개
2026-09-01 00:47:19,553 [INFO] __main__ — POOL_A: 441개 (A:418 B:7 동시:16) | 부정게이트 제외:5
  대형:70 중형:187 소형:184
2026-09-01 00:47:19,693 [INFO] __main__ — 대조군 표본(무신호): 40개 / 모집단 461개 → pool_history
2026-09-01 00:47:19,694 [INFO] __main__ —   → POOL_A: 441개
2026-09-01 00:47:19,695 [INFO] __main__ — ▶ Step 2: 하드 필터링
2026-09-01 00:47:19,695 [INFO] __main__ — 하드 필터 제거: 437개 | 과열배제 63 | 이격도상한 9 | 이격도하한 17 | MA추세 267 | RSI과열 2 | 거래대금 79
2026-09-01 00:47:19,730 [INFO] __main__ — 과열 gated 기록: 63개 → gated_tickers
2026-09-01 00:47:19,735 [INFO] __main__ — 대조군 표본(필터탈락): 148개 / 모집단 437개 → pool_history
2026-09-01 00:47:19,735 [INFO] __main__ — POOL_B: 4개 | 대형:0 중형:3 소형:1
2026-09-01 00:47:19,735 [INFO] __main__ —   → POOL_B: 4개
2026-09-01 00:47:19,735 [INFO] __main__ — ▶ Step 3: 스코어링 (FinBERT 감성 분석)
2026-09-01 00:47:19,735 [INFO] __main__ — NaverClient: 3개 키 로드 (DataLab·검색 독립 회전)
2026-09-01 00:47:19,736 [INFO] __main__ — 텍스트 캐시 전체 적중: 4종목 (외부 API 0건)
2026-09-01 00:47:19,746 [INFO] __main__ — 기사 보존(캐시): 35건 (4종목) → news_articles
2026-09-01 00:47:19,749 [INFO] __main__ — 공시 보존(캐시): 11건 (4종목) → dart_filings
2026-09-01 14:16:43,486 [INFO] __main__ — config 검증 완료 ✓
2026-09-01 14:16:43,486 [INFO] __main__ — KIS 조회 도메인: 실전 (https://openapi.koreainvestment.com:9443)
2026-09-01 14:16:43,486 [INFO] __main__ — ============================================================
2026-09-01 14:16:43,486 [INFO] __main__ — AlphaRadar v3.3.1  |  기준일: 20260901
2026-09-01 14:16:43,486 [INFO] __main__ — S = T×0.3 + S_text×0.4 + D×0.3
2026-09-01 14:16:43,486 [INFO] __main__ — ============================================================
2026-09-01 14:16:43,486 [INFO] __main__ — ▶ Step 0: 유니버스 필터링
2026-09-01 14:16:43,597 [INFO] __main__ — FDR 데이터 수집: 20260226 ~ 20260901
2026-09-01 14:16:44,797 [INFO] __main__ — master universe 메타: 캐시 사용 2760개 (year=2026)
2026-09-01 14:16:44,799 [INFO] __main__ — master 보강: 등급 836개 | FnGuide/KSIC 2551개 | 섹터(fg_industry) 2551개
2026-09-01 14:16:44,800 [INFO] __main__ — KOSPI: 943개 | 섹터정보 831개 (DART +828개 보완)
2026-09-01 14:16:44,800 [INFO] __main__ — KOSDAQ: 1822개 | 섹터정보 1749개
2026-09-01 14:16:44,800 [INFO] __main__ — 전체: 2765개
2026-09-01 14:16:47,510 [INFO] __main__ — KIS 토큰 발급 완료
2026-09-01 14:24:27,072 [INFO] __main__ — DART corp_code 매핑: 878/901개 (97%)
2026-09-01 14:24:27,072 [INFO] __main__ — 유효 유니버스: 901개
2026-09-01 14:24:27,078 [INFO] __main__ —   → 901개
2026-09-01 14:24:27,078 [INFO] __main__ — ▶ Step 1: 신호 탐지
2026-09-01 14:24:27,078 [INFO] __main__ — NaverClient: 3개 키 로드 (DataLab·검색 독립 회전)
2026-09-01 14:24:27,078 [INFO] __main__ — 관심 지수 및 부정 뉴스 비율 조회 중...
2026-09-01 14:24:31,328 [INFO] __main__ — Naver datalab 키1 한도/인증 오류 → 키2 전환
2026-09-01 14:24:32,942 [INFO] __main__ — 봇 주가요약 제외 [금호건설]: 2건
2026-09-01 14:24:34,454 [INFO] __main__ — 봇 주가요약 제외 [빛과전자]: 4건
2026-09-01 14:24:34,546 [INFO] __main__ — 봇 주가요약 제외 [대한광통신]: 2건
2026-09-01 14:24:36,166 [INFO] __main__ — 봇 주가요약 제외 [KBI메탈]: 3건
2026-09-01 14:24:36,191 [INFO] __main__ — 봇 주가요약 제외 [우리기술투자]: 2건
2026-09-01 14:24:38,113 [INFO] __main__ — 봇 주가요약 제외 [신라젠]: 1건
2026-09-01 14:24:39,854 [INFO] __main__ — 봇 주가요약 제외 [우리기술]: 2건
2026-09-01 14:24:45,605 [INFO] __main__ — 봇 주가요약 제외 [PS일렉트로닉스]: 3건
2026-09-01 14:24:45,878 [INFO] __main__ — 봇 주가요약 제외 [대원전선]: 6건
2026-09-01 14:24:46,962 [INFO] __main__ — 봇 주가요약 제외 [피노]: 1건
2026-09-01 14:24:49,089 [INFO] __main__ — 봇 주가요약 제외 [원익홀딩스]: 2건
2026-09-01 14:24:49,731 [INFO] __main__ — 봇 주가요약 제외 [페니트리움바이오]: 1건
2026-09-01 14:24:51,761 [INFO] __main__ — 봇 주가요약 제외 [후성]: 4건
2026-09-01 14:24:53,342 [INFO] __main__ — 봇 주가요약 제외 [온코닉테라퓨틱스]: 1건
2026-09-01 14:24:55,053 [INFO] __main__ — 봇 주가요약 제외 [대아티아이]: 1건
2026-09-01 14:24:57,708 [INFO] __main__ — 봇 주가요약 제외 [삼성E&A]: 1건
2026-09-01 14:25:00,013 [INFO] __main__ — 봇 주가요약 제외 [코오롱티슈진]: 3건
2026-09-01 14:25:01,325 [INFO] __main__ — 봇 주가요약 제외 [보성파워텍]: 2건
2026-09-01 14:25:01,329 [INFO] __main__ — 봇 주가요약 제외 [서진시스템]: 2건
2026-09-01 14:25:01,727 [INFO] __main__ — 봇 주가요약 제외 [바이오니아]: 1건
2026-09-01 14:25:02,668 [INFO] __main__ — 봇 주가요약 제외 [우리로]: 1건
2026-09-01 14:25:03,999 [INFO] __main__ — 봇 주가요약 제외 [SK이터닉스]: 2건
2026-09-01 14:25:05,722 [INFO] __main__ — 뉴스 시점 제외 [ESR켄달스퀘어리츠]: 10건 (>14일/파싱실패)
2026-09-01 14:25:06,949 [INFO] __main__ — 봇 주가요약 제외 [제주반도체]: 2건
2026-09-01 14:25:08,274 [INFO] __main__ — 봇 주가요약 제외 [엑스게이트]: 1건
2026-09-01 14:25:09,435 [INFO] __main__ — 봇 주가요약 제외 [한미글로벌]: 1건
2026-09-01 14:25:17,483 [INFO] __main__ — 뉴스 시점 제외 [맥쿼리인프라]: 11건 (>14일/파싱실패)
2026-09-01 14:25:18,846 [INFO] __main__ — 봇 주가요약 제외 [성호전자]: 5건
2026-09-01 14:25:20,270 [INFO] __main__ — 봇 주가요약 제외 [현대무벡스]: 1건
2026-09-01 14:25:21,829 [INFO] __main__ — 봇 주가요약 제외 [삼화콘덴서]: 6건
2026-09-01 14:25:23,173 [INFO] __main__ — 봇 주가요약 제외 [애경케미칼]: 2건
2026-09-01 14:25:24,516 [INFO] __main__ — 봇 주가요약 제외 [휴림로봇]: 1건
2026-09-01 14:25:24,577 [INFO] __main__ — 봇 주가요약 제외 [RF머트리얼즈]: 1건
2026-09-01 14:25:25,883 [INFO] __main__ — 봇 주가요약 제외 [대덕전자]: 1건
2026-09-01 14:25:27,222 [INFO] __main__ — 봇 주가요약 제외 [한전기술]: 3건
2026-09-01 14:25:27,233 [INFO] __main__ — 뉴스 시점 제외 [티엠씨]: 9건 (>14일/파싱실패)
2026-09-01 14:25:30,449 [INFO] __main__ — 봇 주가요약 제외 [두산퓨얼셀]: 4건
2026-09-01 14:25:30,460 [INFO] __main__ — 봇 주가요약 제외 [LG씨엔에스]: 3건
2026-09-01 14:25:33,309 [INFO] __main__ — 봇 주가요약 제외 [LS ELECTRIC]: 2건
2026-09-01 14:25:33,337 [INFO] __main__ — 봇 주가요약 제외 [한화엔진]: 1건
2026-09-01 14:25:36,559 [INFO] __main__ — 뉴스 시점 제외 [제이앤티씨]: 7건 (>14일/파싱실패)
2026-09-01 14:25:40,435 [INFO] __main__ — 봇 주가요약 제외 [이수페타시스]: 1건
2026-09-01 14:25:46,187 [INFO] __main__ — 봇 주가요약 제외 [신흥에스이씨]: 1건
2026-09-01 14:25:48,133 [INFO] __main__ — 봇 주가요약 제외 [지엔씨에너지]: 3건
2026-09-01 14:25:50,468 [INFO] __main__ — 봇 주가요약 제외 [지아이이노베이션]: 1건
2026-09-01 14:25:52,432 [INFO] __main__ — 봇 주가요약 제외 [LG이노텍]: 1건
2026-09-01 14:26:07,443 [INFO] __main__ — 봇 주가요약 제외 [SNT에너지]: 4건
2026-09-01 14:26:08,829 [INFO] __main__ — 뉴스 시점 제외 [엘브이엠씨홀딩스]: 11건 (>14일/파싱실패)
2026-09-01 14:26:10,125 [INFO] __main__ — 봇 주가요약 제외 [산일전기]: 1건
2026-09-01 14:26:10,168 [INFO] __main__ — 봇 주가요약 제외 [한국콜마]: 1건
2026-09-01 14:26:14,120 [INFO] __main__ — 뉴스 시점 제외 [와이지-원]: 3건 (>14일/파싱실패)
2026-09-01 14:26:15,444 [INFO] __main__ — 뉴스 시점 제외 [에스에이엠티]: 5건 (>14일/파싱실패)
2026-09-01 14:26:17,066 [INFO] __main__ — 봇 주가요약 제외 [테크윙]: 7건
2026-09-01 14:26:17,797 [INFO] __main__ — 봇 주가요약 제외 [엠앤씨솔루션]: 1건
2026-09-01 14:26:25,265 [INFO] __main__ — 봇 주가요약 제외 [포스코엠텍]: 1건
2026-09-01 14:26:30,258 [INFO] __main__ — 봇 주가요약 제외 [케이엔알시스템]: 2건
2026-09-01 14:26:31,344 [INFO] __main__ — 봇 주가요약 제외 [삼표시멘트]: 1건
2026-09-01 14:26:32,015 [INFO] __main__ — 봇 주가요약 제외 [코리아써키트]: 1건
2026-09-01 14:26:34,442 [INFO] __main__ — 봇 주가요약 제외 [클로봇]: 1건
2026-09-01 14:26:39,890 [INFO] __main__ — 봇 주가요약 제외 [HLB제약]: 1건
2026-09-01 14:26:41,434 [INFO] __main__ — 봇 주가요약 제외 [두산로보틱스]: 2건
2026-09-01 14:26:42,803 [INFO] __main__ — 봇 주가요약 제외 [POSCO홀딩스]: 2건
2026-09-01 14:26:46,662 [INFO] __main__ — 봇 주가요약 제외 [한국카본]: 1건
2026-09-01 14:26:47,760 [INFO] __main__ — 봇 주가요약 제외 [디아이]: 1건
2026-09-01 14:26:50,898 [INFO] __main__ — 뉴스 시점 제외 [서부T&D]: 2건 (>14일/파싱실패)
2026-09-01 14:26:52,420 [INFO] __main__ — 봇 주가요약 제외 [삼아알미늄]: 2건
2026-09-01 14:26:53,761 [INFO] __main__ — 봇 주가요약 제외 [삼성에스디에스]: 2건
2026-09-01 14:26:56,417 [INFO] __main__ — 뉴스 시점 제외 [엘티씨]: 8건 (>14일/파싱실패)
2026-09-01 14:26:57,334 [INFO] __main__ — 뉴스 시점 제외 [넥스틸]: 7건 (>14일/파싱실패)
2026-09-01 14:26:58,692 [INFO] __main__ — 봇 주가요약 제외 [에스피지]: 1건
2026-09-01 14:27:00,719 [INFO] __main__ — 봇 주가요약 제외 [에스앤에스텍]: 1건
2026-09-01 14:27:06,718 [INFO] __main__ — 뉴스 시점 제외 [삼양컴텍]: 10건 (>14일/파싱실패)
2026-09-01 14:27:11,417 [INFO] __main__ — 뉴스 시점 제외 [명신산업]: 11건 (>14일/파싱실패)
2026-09-01 14:27:15,331 [INFO] __main__ — 봇 주가요약 제외 [대주전자재료]: 1건
2026-09-01 14:27:18,069 [INFO] __main__ — 봇 주가요약 제외 [이수스페셜티케미컬]: 1건
2026-09-01 14:27:19,382 [INFO] __main__ — 봇 주가요약 제외 [OCI홀딩스]: 1건
2026-09-01 14:27:22,041 [INFO] __main__ — 봇 주가요약 제외 [원익QnC]: 1건
2026-09-01 14:27:26,025 [INFO] __main__ — 봇 주가요약 제외 [HD현대일렉트릭]: 1건
2026-09-01 14:27:26,758 [INFO] __main__ — 뉴스 시점 제외 [KB스타리츠]: 7건 (>14일/파싱실패)
2026-09-01 14:27:29,049 [INFO] __main__ — 봇 주가요약 제외 [유진로봇]: 1건
2026-09-01 14:27:31,762 [INFO] __main__ — 뉴스 시점 제외 [송원산업]: 11건 (>14일/파싱실패)
2026-09-01 14:27:33,679 [INFO] __main__ — 봇 주가요약 제외 [한전KPS]: 1건
2026-09-01 14:27:36,507 [INFO] __main__ — 뉴스 시점 제외 [KB발해인프라]: 14건 (>14일/파싱실패)
2026-09-01 14:27:37,819 [INFO] __main__ — 봇 주가요약 제외 [케이씨텍]: 1건
2026-09-01 14:27:39,190 [INFO] __main__ — 뉴스 시점 제외 [네패스아크]: 4건 (>14일/파싱실패)
2026-09-01 14:27:40,448 [INFO] __main__ — 뉴스 시점 제외 [미래에셋증권2우B]: 12건 (>14일/파싱실패)
2026-09-01 14:27:41,955 [INFO] __main__ — 뉴스 시점 제외 [현대차2우B]: 3건 (>14일/파싱실패)
2026-09-01 14:27:43,301 [INFO] __main__ — 뉴스 시점 제외 [대원강업]: 10건 (>14일/파싱실패)
2026-09-01 14:27:55,382 [INFO] __main__ — 봇 주가요약 제외 [달바글로벌]: 2건
2026-09-01 14:27:55,631 [INFO] __main__ — 봇 주가요약 제외 [제룡전기]: 1건
2026-09-01 14:28:01,297 [INFO] __main__ — 뉴스 시점 제외 [신한알파리츠]: 8건 (>14일/파싱실패)
2026-09-01 14:28:03,970 [INFO] __main__ — 봇 주가요약 제외 [강원에너지]: 1건
2026-09-01 14:28:10,618 [INFO] __main__ — 뉴스 시점 제외 [코스모화학]: 4건 (>14일/파싱실패)
2026-09-01 14:28:11,981 [INFO] __main__ — 봇 주가요약 제외 [휴온스]: 1건
2026-09-01 14:28:15,983 [INFO] __main__ — 뉴스 시점 제외 [현대차우]: 5건 (>14일/파싱실패)
2026-09-01 14:28:18,546 [INFO] __main__ — 봇 주가요약 제외 [에스엠]: 1건
2026-09-01 14:28:18,658 [INFO] __main__ — 뉴스 시점 제외 [세보엠이씨]: 9건 (>14일/파싱실패)
2026-09-01 14:28:20,185 [INFO] __main__ — 뉴스 시점 제외 [이지스밸류플러스리츠]: 10건 (>14일/파싱실패)
2026-09-01 14:28:21,180 [INFO] __main__ — 뉴스 시점 제외 [오리엔탈정공]: 8건 (>14일/파싱실패)
2026-09-01 14:28:21,493 [INFO] __main__ — 봇 주가요약 제외 [LIG디펜스앤에어로스페이스]: 2건
2026-09-01 14:28:21,507 [INFO] __main__ — 봇 주가요약 제외 [휴온스글로벌]: 1건
2026-09-01 14:28:25,515 [INFO] __main__ — 봇 주가요약 제외 [비츠로테크]: 1건
2026-09-01 14:28:26,935 [INFO] __main__ — 부정 키워드 감지: 22개 종목 (neg_ratio > 0)
2026-09-01 14:28:26,937 [INFO] __main__ — 수급일수충족·합계음수 제외: 73개
2026-09-01 14:28:28,309 [INFO] __main__ — 봇 주가요약 제외 [삼양식품]: 1건
2026-09-01 14:28:33,143 [INFO] __main__ — 봇 주가요약 제외 [SK가스]: 1건
2026-09-01 14:28:34,628 [INFO] __main__ — 뉴스 시점 제외 [두산우]: 14건 (>14일/파싱실패)
2026-09-01 14:28:35,545 [INFO] __main__ — 뉴스 시점 제외 [삼성전기우]: 9건 (>14일/파싱실패)
2026-09-01 14:28:36,268 [INFO] __main__ — 뉴스 시점 제외 [삼성화재우]: 14건 (>14일/파싱실패)
2026-09-01 14:28:36,276 [INFO] __main__ — 뉴스 시점 제외 [LG전자우]: 9건 (>14일/파싱실패)
2026-09-01 14:28:38,451 [INFO] __main__ — 뉴스 시점 제외 [GS피앤엘]: 6건 (>14일/파싱실패)
2026-09-01 14:28:40,854 [INFO] __main__ — 봇 주가요약 제외 [OCI]: 1건
2026-09-01 14:28:41,545 [INFO] __main__ — 뉴스 시점 제외 [한국쉘석유]: 9건 (>14일/파싱실패)
2026-09-01 14:28:43,011 [INFO] __main__ — 뉴스 시점 제외 [한화3우B]: 3건 (>14일/파싱실패)
2026-09-01 14:28:43,918 [INFO] __main__ — 뉴스 시점 제외 [CJ4우(전환)]: 14건 (>14일/파싱실패)
2026-09-01 14:28:43,943 [INFO] __main__ — 뉴스 시점 제외 [한일홀딩스]: 11건 (>14일/파싱실패)
2026-09-01 14:28:44,826 [INFO] __main__ — 뉴스 시점 제외 [대신증권우]: 15건 (>14일/파싱실패)
2026-09-01 14:28:48,319 [INFO] __main__ — 뉴스 시점 제외 [신대양제지]: 13건 (>14일/파싱실패)
2026-09-01 14:28:50,708 [INFO] __main__ — 뉴스 시점 제외 [삼성물산우B]: 15건 (>14일/파싱실패)
2026-09-01 14:28:50,726 [INFO] __main__ — 뉴스 시점 제외 [국도화학]: 11건 (>14일/파싱실패)
2026-09-01 14:28:51,624 [INFO] __main__ — 뉴스 시점 제외 [아세아제지]: 10건 (>14일/파싱실패)
2026-09-01 14:28:51,633 [INFO] __main__ — 뉴스 시점 제외 [SIMPAC]: 13건 (>14일/파싱실패)
2026-09-01 14:28:53,307 [INFO] __main__ — 뉴스 시점 제외 [서연이화]: 2건 (>14일/파싱실패)
2026-09-01 14:28:54,219 [INFO] __main__ — 뉴스 시점 제외 [수산인더스트리]: 8건 (>14일/파싱실패)
2026-09-01 14:28:54,749 [INFO] __main__ — 뉴스 시점 제외 [TCC스틸]: 6건 (>14일/파싱실패)
2026-09-01 14:28:54,947 [INFO] __main__ — 뉴스 시점 제외 [두산2우B]: 13건 (>14일/파싱실패)
2026-09-01 14:28:56,401 [INFO] __main__ — 뉴스 시점 제외 [서울가스]: 12건 (>14일/파싱실패)
2026-09-01 14:28:59,490 [INFO] __main__ — 뉴스 시점 제외 [SK우]: 12건 (>14일/파싱실패)
2026-09-01 14:28:59,502 [INFO] __main__ — 뉴스 시점 제외 [PKC]: 9건 (>14일/파싱실패)
2026-09-01 14:29:00,419 [INFO] __main__ — 뉴스 시점 제외 [LG우]: 15건 (>14일/파싱실패)
2026-09-01 14:29:00,434 [INFO] __main__ — 뉴스 시점 제외 [노루홀딩스]: 12건 (>14일/파싱실패)
2026-09-01 14:29:01,344 [INFO] __main__ — 뉴스 시점 제외 [천일고속]: 13건 (>14일/파싱실패)
2026-09-01 14:29:02,065 [INFO] __main__ — 뉴스 시점 제외 [진양홀딩스]: 10건 (>14일/파싱실패)
2026-09-01 14:29:02,992 [INFO] __main__ — 봇 주가요약 제외 [솔브레인]: 1건
2026-09-01 14:29:05,132 [INFO] __main__ — 뉴스 시점 제외 [하이젠알앤엠]: 2건 (>14일/파싱실패)
2026-09-01 14:29:05,132 [INFO] __main__ — 봇 주가요약 제외 [하이젠알앤엠]: 1건
2026-09-01 14:29:08,581 [INFO] __main__ — 뉴스 시점 제외 [인화정공]: 2건 (>14일/파싱실패)
2026-09-01 14:29:10,057 [INFO] __main__ — 뉴스 시점 제외 [한국알콜]: 5건 (>14일/파싱실패)
2026-09-01 14:29:10,797 [INFO] __main__ — 뉴스 시점 제외 [진성티이씨]: 3건 (>14일/파싱실패)
2026-09-01 14:29:12,227 [INFO] __main__ — 뉴스 시점 제외 [필에너지]: 5건 (>14일/파싱실패)
2026-09-01 14:29:12,234 [INFO] __main__ — 뉴스 시점 제외 [덕양에너젠]: 5건 (>14일/파싱실패)
2026-09-01 14:29:12,993 [INFO] __main__ — 봇 주가요약 제외 [오픈엣지테크놀로지]: 1건
2026-09-01 14:29:13,004 [INFO] __main__ — 뉴스 시점 제외 [서호전기]: 10건 (>14일/파싱실패)
2026-09-01 14:29:13,700 [INFO] __main__ — 봇 주가요약 제외 [칩스앤미디어]: 1건
2026-09-01 14:29:15,354 [INFO] __main__ — 뉴스 시점 제외 [이지바이오]: 6건 (>14일/파싱실패)
2026-09-01 14:29:15,360 [INFO] __main__ — 뉴스 시점 제외 [미래나노텍]: 6건 (>14일/파싱실패)
2026-09-01 14:29:17,117 [INFO] __main__ — POOL_A 후보 부정뉴스 2차 조회: 189개
2026-09-01 14:29:17,119 [INFO] __main__ — POOL_A: 453개 (A:429 B:6 동시:18) | 부정게이트 제외:3
  대형:70 중형:193 소형:190
2026-09-01 14:29:17,233 [INFO] __main__ — 대조군 표본(무신호): 40개 / 모집단 448개 → pool_history
2026-09-01 14:29:17,235 [INFO] __main__ —   → POOL_A: 453개
2026-09-01 14:29:17,235 [INFO] __main__ — ▶ Step 2: 하드 필터링
2026-09-01 14:29:17,235 [INFO] __main__ — 하드 필터 제거: 444개 | 과열배제 62 | 이격도상한 8 | 이격도하한 18 | MA추세 275 | RSI과열 2 | 거래대금 79
2026-09-01 14:29:17,237 [INFO] __main__ — 과열 gated 기록: 62개 → gated_tickers
2026-09-01 14:29:17,250 [INFO] __main__ — 대조군 표본(필터탈락): 148개 / 모집단 444개 → pool_history
2026-09-01 14:29:17,250 [INFO] __main__ — POOL_B: 9개 | 대형:0 중형:6 소형:3
2026-09-01 14:29:17,251 [INFO] __main__ —   → POOL_B: 9개
2026-09-01 14:29:17,251 [INFO] __main__ — ▶ Step 3: 스코어링 (FinBERT 감성 분석)
2026-09-01 14:29:17,251 [INFO] __main__ — NaverClient: 3개 키 로드 (DataLab·검색 독립 회전)
2026-09-01 14:29:17,251 [INFO] __main__ — 텍스트 신규 수집: 3종목 (캐시 적중 6종목)
2026-09-01 14:29:17,900 [INFO] __main__ — 뉴스 시점 제외 [세보엠이씨]: 24건 (>14일/파싱실패)
2026-09-01 14:29:22,932 [INFO] __main__ — 기사 보존(수집): 78건 (9종목) → news_articles
2026-09-01 14:29:22,934 [INFO] __main__ — 공시 보존(수집): 31건 (9종목) → dart_filings
2026-09-01 14:29:22,935 [INFO] __main__ — 수집 완료: 뉴스 108건 | 공시 47건
2026-09-01 14:29:22,935 [INFO] __main__ — FinBERT 감성 분석 (finbert 모드)...
2026-09-01 14:29:22,935 [INFO] __main__ — FinBERT 로딩: snunlp/KR-FinBert-SC (CPU, batch=8)
2026-09-01 14:29:23,006 [INFO] httpx — HTTP Request: GET https://huggingface.co/api/agent-harnesses "HTTP/1.1 200 OK"
2026-09-01 14:29:23,025 [INFO] httpx — HTTP Request: HEAD https://huggingface.co/snunlp/KR-FinBert-SC/resolve/main/config.json "HTTP/1.1 307 Temporary Redirect"
2026-09-01 14:29:23,025 [WARNING] huggingface_hub.utils._http — Warning: You are sending unauthenticated requests to the HF Hub. Please set a HF_TOKEN to enable higher rate limits and faster downloads.
2026-09-01 14:29:23,031 [INFO] httpx — HTTP Request: HEAD https://huggingface.co/api/resolve-cache/models/snunlp/KR-FinBert-SC/f8586286cc3161fb648e9fee09a456069fd846d0/config.json "HTTP/1.1 200 OK"
2026-09-01 14:29:23,065 [INFO] httpx — HTTP Request: HEAD https://huggingface.co/snunlp/KR-FinBert-SC/resolve/main/model.safetensors "HTTP/1.1 404 Not Found"
2026-09-01 14:29:23,089 [INFO] httpx — HTTP Request: GET https://huggingface.co/api/models/snunlp/KR-FinBert-SC "HTTP/1.1 200 OK"
2026-09-01 14:29:23,136 [INFO] httpx — HTTP Request: GET https://huggingface.co/api/models/snunlp/KR-FinBert-SC/commits/main "HTTP/1.1 200 OK"
2026-09-01 14:29:23,166 [INFO] httpx — HTTP Request: GET https://huggingface.co/api/models/snunlp/KR-FinBert-SC/discussions?p=0 "HTTP/1.1 200 OK"
2026-09-01 14:29:23,182 [INFO] httpx — HTTP Request: GET https://huggingface.co/api/models/snunlp/KR-FinBert-SC/tree/main/additional_chat_templates?recursive=false&expand=false "HTTP/1.1 404 Not Found"
2026-09-01 14:29:23,203 [INFO] httpx — HTTP Request: GET https://huggingface.co/api/models/snunlp/KR-FinBert-SC/tree/main?recursive=true&expand=false "HTTP/1.1 200 OK"
2026-09-01 14:29:23,219 [INFO] httpx — HTTP Request: GET https://huggingface.co/api/models/snunlp/KR-FinBert-SC/commits/refs%2Fpr%2F3 "HTTP/1.1 200 OK"
2026-09-01 14:29:23,238 [INFO] httpx — HTTP Request: HEAD https://huggingface.co/snunlp/KR-FinBert-SC/resolve/refs%2Fpr%2F3/model.safetensors.index.json "HTTP/1.1 404 Not Found"
2026-09-01 14:29:23,240 [INFO] httpx — HTTP Request: HEAD https://huggingface.co/snunlp/KR-FinBert-SC/resolve/main/processor_config.json "HTTP/1.1 404 Not Found"
2026-09-01 14:29:23,257 [INFO] httpx — HTTP Request: HEAD https://huggingface.co/snunlp/KR-FinBert-SC/resolve/main/video_preprocessor_config.json "HTTP/1.1 404 Not Found"
2026-09-01 14:29:23,264 [INFO] httpx — HTTP Request: HEAD https://huggingface.co/snunlp/KR-FinBert-SC/resolve/refs%2Fpr%2F3/model.safetensors "HTTP/1.1 302 Found"
2026-09-01 14:29:23,277 [INFO] httpx — HTTP Request: HEAD https://huggingface.co/snunlp/KR-FinBert-SC/resolve/main/preprocessor_config.json "HTTP/1.1 404 Not Found"
2026-09-01 14:29:23,278 [INFO] __main__ — FinBERT 로드 완료 (CPU)
2026-09-01 14:29:33,039 [INFO] __main__ — Phase A.1: 매핑 신뢰도 < 0.5 → 감성 점수 폐기 5건
2026-09-01 14:29:33,040 [INFO] __main__ — [shadow] 필드별 검사 기준 폐기 1/9종목 (집행 5건 — 변동 없음)
2026-09-01 14:29:33,040 [INFO] __main__ — 스코어링: 9개 | 집중:0 | FinBERT:finbert
2026-09-01 14:29:33,105 [INFO] __main__ —   → 9개
2026-09-01 14:29:33,106 [INFO] __main__ — ▶ Step 4: 발송
2026-09-01 14:29:36,806 [INFO] __main__ — DB 기록: 7개 / 전체 to_send 7개
2026-09-01 14:29:36,806 [INFO] __main__ — 발송: 7종목 | 누적 4~10회 1 | 신규 2
2026-09-01 14:29:36,806 [INFO] __main__ — 완료  |  소요: 773.3초
2026-09-01 14:29:37,782 [INFO] track_outcomes — pool_history 대조군 4504건 추적 대상 포함
2026-09-01 14:29:37,823 [INFO] track_outcomes — 고아 행 162건 복원 (targets에서 탈락한 미완 키)
2026-09-01 14:29:37,823 [INFO] track_outcomes — 대상 12782건 | 갱신 필요 8874건 | 완료 스킵 4070건
2026-09-01 14:29:37,825 [INFO] track_outcomes —   가격 조회 고유 종목 1748개 (기존 977 + 대조군 추가 771)
2026-09-01 15:05:41,883 [INFO] track_outcomes — outcomes 적재: 신규 216건 | 갱신(신규+보완) 2114건
