2026-09-06 22:53:26,550 [INFO] __main__ — config 검증 완료 ✓
2026-09-06 22:53:26,550 [INFO] __main__ — KIS 조회 도메인: 실전 (https://openapi.koreainvestment.com:9443)
2026-09-06 22:53:26,550 [INFO] __main__ — ============================================================
2026-09-06 22:53:26,551 [INFO] __main__ — AlphaRadar v3.3.1  |  기준일: 20260907
2026-09-06 22:53:26,551 [INFO] __main__ — S = T×0.3 + S_text×0.4 + D×0.3
2026-09-06 22:53:26,551 [INFO] __main__ — ============================================================
2026-09-06 22:53:26,551 [INFO] __main__ — ▶ Step 0: 유니버스 필터링
2026-09-06 22:53:26,844 [INFO] __main__ — FDR 데이터 수집: 20260304 ~ 20260907
2026-09-06 22:53:28,072 [INFO] __main__ — master universe 메타: 캐시 사용 2760개 (year=2026)
2026-09-06 22:53:28,074 [INFO] __main__ — master 보강: 등급 836개 | FnGuide/KSIC 2550개 | 섹터(fg_industry) 2550개
2026-09-06 22:53:28,074 [INFO] __main__ — KOSPI: 943개 | 섹터정보 831개 (DART +828개 보완)
2026-09-06 22:53:28,075 [INFO] __main__ — KOSDAQ: 1822개 | 섹터정보 1748개
2026-09-06 22:53:28,075 [INFO] __main__ — 전체: 2765개
2026-09-06 22:53:29,845 [INFO] __main__ — KIS 토큰 발급 완료
2026-09-06 22:59:00,737 [INFO] __main__ — DART corp_code 매핑: 874/897개 (97%)
2026-09-06 22:59:00,737 [INFO] __main__ — 유효 유니버스: 897개
2026-09-06 22:59:00,744 [INFO] __main__ —   → 897개
2026-09-06 22:59:00,744 [INFO] __main__ — ▶ Step 1: 신호 탐지
2026-09-06 22:59:00,744 [INFO] __main__ — NaverClient: 3개 키 로드 (DataLab·검색 독립 회전)
2026-09-06 22:59:00,744 [INFO] __main__ — 관심 지수 및 부정 뉴스 비율 조회 중...
2026-09-06 22:59:03,619 [INFO] __main__ — 봇 주가요약 제외 [금호건설]: 1건
2026-09-06 22:59:03,622 [INFO] __main__ — 봇 주가요약 제외 [흥아해운]: 2건
2026-09-06 22:59:04,704 [INFO] __main__ — 봇 주가요약 제외 [아난티]: 1건
2026-09-06 22:59:05,792 [INFO] __main__ — 봇 주가요약 제외 [KBI메탈]: 1건
2026-09-06 22:59:07,170 [INFO] __main__ — 봇 주가요약 제외 [대한광통신]: 1건
2026-09-06 22:59:08,183 [INFO] __main__ — 봇 주가요약 제외 [더즌]: 1건
2026-09-06 22:59:08,407 [INFO] __main__ — 봇 주가요약 제외 [대아티아이]: 3건
2026-09-06 22:59:09,504 [INFO] __main__ — 봇 주가요약 제외 [빛과전자]: 7건
2026-09-06 22:59:11,858 [INFO] __main__ — 봇 주가요약 제외 [와이씨]: 1건
2026-09-06 22:59:12,412 [INFO] __main__ — 봇 주가요약 제외 [비에이치]: 2건
2026-09-06 22:59:13,817 [INFO] __main__ — 봇 주가요약 제외 [PS일렉트로닉스]: 1건
2026-09-06 22:59:16,222 [INFO] __main__ — 봇 주가요약 제외 [파인엠텍]: 1건
2026-09-06 22:59:20,245 [INFO] __main__ — 봇 주가요약 제외 [HPSP]: 2건
2026-09-06 22:59:20,263 [INFO] __main__ — 봇 주가요약 제외 [대원전선]: 2건
2026-09-06 22:59:23,205 [INFO] __main__ — 봇 주가요약 제외 [신라젠]: 1건
2026-09-06 22:59:24,184 [INFO] __main__ — 봇 주가요약 제외 [제주반도체]: 1건
2026-09-06 22:59:25,612 [INFO] __main__ — 봇 주가요약 제외 [헥토파이낸셜]: 1건
2026-09-06 22:59:28,141 [INFO] __main__ — 뉴스 시점 제외 [ESR켄달스퀘어리츠]: 9건 (>14일/파싱실패)
2026-09-06 22:59:29,543 [INFO] __main__ — 봇 주가요약 제외 [코오롱티슈진]: 3건
2026-09-06 22:59:31,496 [INFO] __main__ — 봇 주가요약 제외 [저스템]: 1건
2026-09-06 22:59:32,975 [INFO] __main__ — 봇 주가요약 제외 [휴림로봇]: 1건
2026-09-06 22:59:33,124 [INFO] __main__ — 봇 주가요약 제외 [코스모로보틱스]: 2건
2026-09-06 22:59:33,435 [INFO] __main__ — 봇 주가요약 제외 [성호전자]: 3건
2026-09-06 22:59:36,027 [INFO] __main__ — 봇 주가요약 제외 [현대무벡스]: 1건
2026-09-06 22:59:36,876 [INFO] __main__ — 봇 주가요약 제외 [대덕전자]: 2건
2026-09-06 22:59:37,842 [INFO] __main__ — 봇 주가요약 제외 [티엑스알로보틱스]: 1건
2026-09-06 22:59:39,787 [INFO] __main__ — 뉴스 시점 제외 [맥쿼리인프라]: 12건 (>14일/파싱실패)
2026-09-06 22:59:41,828 [INFO] __main__ — 봇 주가요약 제외 [넥스틸]: 1건
2026-09-06 22:59:42,651 [INFO] __main__ — 뉴스 시점 제외 [와이지-원]: 9건 (>14일/파싱실패)
2026-09-06 22:59:43,767 [INFO] __main__ — 봇 주가요약 제외 [삼화콘덴서]: 4건
2026-09-06 22:59:44,724 [INFO] __main__ — 봇 주가요약 제외 [디앤디파마텍]: 1건
2026-09-06 22:59:49,357 [INFO] __main__ — 뉴스 시점 제외 [샘씨엔에스]: 4건 (>14일/파싱실패)
2026-09-06 22:59:50,325 [INFO] __main__ — 봇 주가요약 제외 [LG씨엔에스]: 3건
2026-09-06 22:59:53,188 [INFO] __main__ — 봇 주가요약 제외 [지엔씨에너지]: 1건
2026-09-06 22:59:53,782 [INFO] __main__ — 봇 주가요약 제외 [지아이이노베이션]: 1건
2026-09-06 22:59:54,727 [INFO] __main__ — 봇 주가요약 제외 [휴스틸]: 1건
2026-09-06 22:59:55,281 [INFO] __main__ — 봇 주가요약 제외 [보성파워텍]: 2건
2026-09-06 22:59:56,648 [INFO] __main__ — 봇 주가요약 제외 [네오셈]: 1건
2026-09-06 22:59:59,122 [INFO] __main__ — 봇 주가요약 제외 [명신산업]: 1건
2026-09-06 23:00:00,086 [INFO] __main__ — 봇 주가요약 제외 [이수페타시스]: 1건
2026-09-06 23:00:00,649 [INFO] __main__ — 뉴스 시점 제외 [LS머트리얼즈]: 7건 (>14일/파싱실패)
2026-09-06 23:00:06,900 [INFO] __main__ — 봇 주가요약 제외 [SNT에너지]: 2건
2026-09-06 23:00:06,945 [INFO] __main__ — 봇 주가요약 제외 [케이엔알시스템]: 1건
2026-09-06 23:00:07,911 [INFO] __main__ — 뉴스 시점 제외 [GRT]: 2건 (>14일/파싱실패)
2026-09-06 23:00:09,107 [INFO] __main__ — 뉴스 시점 제외 [에스에이엠티]: 9건 (>14일/파싱실패)
2026-09-06 23:00:13,602 [INFO] __main__ — 봇 주가요약 제외 [클로봇]: 2건
2026-09-06 23:00:13,731 [INFO] __main__ — 뉴스 시점 제외 [서부T&D]: 4건 (>14일/파싱실패)
2026-09-06 23:00:18,798 [INFO] __main__ — 봇 주가요약 제외 [HLB제약]: 1건
2026-09-06 23:00:21,713 [INFO] __main__ — 봇 주가요약 제외 [신흥에스이씨]: 1건
2026-09-06 23:00:32,310 [INFO] __main__ — 봇 주가요약 제외 [파두]: 1건
2026-09-06 23:00:32,512 [INFO] __main__ — 뉴스 시점 제외 [엘브이엠씨홀딩스]: 10건 (>14일/파싱실패)
2026-09-06 23:00:37,450 [INFO] __main__ — 봇 주가요약 제외 [두산로보틱스]: 2건
2026-09-06 23:00:39,349 [INFO] __main__ — 봇 주가요약 제외 [쿠콘]: 1건
2026-09-06 23:00:40,330 [INFO] __main__ — 봇 주가요약 제외 [한전기술]: 1건
2026-09-06 23:00:51,077 [INFO] __main__ — 봇 주가요약 제외 [전진건설로봇]: 2건
2026-09-06 23:00:54,952 [INFO] __main__ — 뉴스 시점 제외 [송원산업]: 11건 (>14일/파싱실패)
2026-09-06 23:00:55,923 [INFO] __main__ — 봇 주가요약 제외 [산일전기]: 1건
2026-09-06 23:00:56,851 [INFO] __main__ — 뉴스 시점 제외 [나이스정보통신]: 6건 (>14일/파싱실패)
2026-09-06 23:00:58,784 [INFO] __main__ — 봇 주가요약 제외 [삼성에스디에스]: 1건
2026-09-06 23:01:01,822 [INFO] __main__ — 뉴스 시점 제외 [동국홀딩스]: 10건 (>14일/파싱실패)
2026-09-06 23:01:04,752 [INFO] __main__ — 뉴스 시점 제외 [한솔아이원스]: 3건 (>14일/파싱실패)
2026-09-06 23:01:09,762 [INFO] __main__ — 뉴스 시점 제외 [KB스타리츠]: 8건 (>14일/파싱실패)
2026-09-06 23:01:11,954 [INFO] __main__ — 봇 주가요약 제외 [한국카본]: 1건
2026-09-06 23:01:12,793 [INFO] __main__ — 뉴스 시점 제외 [베뉴지]: 6건 (>14일/파싱실패)
2026-09-06 23:01:14,026 [INFO] __main__ — 봇 주가요약 제외 [이수스페셜티케미컬]: 1건
2026-09-06 23:01:15,123 [INFO] __main__ — 봇 주가요약 제외 [삼아알미늄]: 1건
2026-09-06 23:01:21,025 [INFO] __main__ — 뉴스 시점 제외 [성우하이텍]: 3건 (>14일/파싱실패)
2026-09-06 23:01:21,261 [INFO] __main__ — 뉴스 시점 제외 [미래에셋증권2우B]: 11건 (>14일/파싱실패)
2026-09-06 23:01:22,584 [INFO] __main__ — 봇 주가요약 제외 [성광벤드]: 1건
2026-09-06 23:01:23,550 [INFO] __main__ — 뉴스 시점 제외 [엘티씨]: 10건 (>14일/파싱실패)
2026-09-06 23:01:30,298 [INFO] __main__ — 뉴스 시점 제외 [삼양컴텍]: 10건 (>14일/파싱실패)
2026-09-06 23:01:30,603 [INFO] __main__ — 봇 주가요약 제외 [삼현]: 1건
2026-09-06 23:01:33,725 [INFO] __main__ — 뉴스 시점 제외 [KB발해인프라]: 14건 (>14일/파싱실패)
2026-09-06 23:01:34,443 [INFO] __main__ — 뉴스 시점 제외 [네패스아크]: 10건 (>14일/파싱실패)
2026-09-06 23:01:36,613 [INFO] __main__ — 뉴스 시점 제외 [싸이맥스]: 7건 (>14일/파싱실패)
2026-09-06 23:01:37,292 [INFO] __main__ — 뉴스 시점 제외 [큐리옥스바이오시스템즈]: 4건 (>14일/파싱실패)
2026-09-06 23:01:42,324 [INFO] __main__ — 뉴스 시점 제외 [이지스밸류플러스리츠]: 10건 (>14일/파싱실패)
2026-09-06 23:01:45,223 [INFO] __main__ — 봇 주가요약 제외 [로보스타]: 2건
2026-09-06 23:01:47,627 [INFO] __main__ — 뉴스 시점 제외 [이뮨온시아]: 10건 (>14일/파싱실패)
2026-09-06 23:01:49,044 [INFO] __main__ — 뉴스 시점 제외 [유니셈]: 5건 (>14일/파싱실패)
2026-09-06 23:01:57,719 [INFO] __main__ — 뉴스 시점 제외 [디어유]: 3건 (>14일/파싱실패)
2026-09-06 23:02:00,342 [INFO] __main__ — 봇 주가요약 제외 [동성화인텍]: 1건
2026-09-06 23:02:02,614 [INFO] __main__ — 뉴스 시점 제외 [오리엔탈정공]: 8건 (>14일/파싱실패)
2026-09-06 23:02:06,355 [INFO] __main__ — 부정 키워드 감지: 22개 종목 (neg_ratio > 0)
2026-09-06 23:02:06,357 [INFO] __main__ — 수급일수충족·합계음수 제외: 56개
2026-09-06 23:02:10,107 [INFO] __main__ — 뉴스 시점 제외 [삼성전기우]: 9건 (>14일/파싱실패)
2026-09-06 23:02:10,117 [INFO] __main__ — 봇 주가요약 제외 [세아베스틸지주]: 1건
2026-09-06 23:02:10,669 [INFO] __main__ — 뉴스 시점 제외 [LG전자우]: 7건 (>14일/파싱실패)
2026-09-06 23:02:12,074 [INFO] __main__ — 뉴스 시점 제외 [GS피앤엘]: 6건 (>14일/파싱실패)
2026-09-06 23:02:12,615 [INFO] __main__ — 뉴스 시점 제외 [한화3우B]: 3건 (>14일/파싱실패)
2026-09-06 23:02:12,976 [INFO] __main__ — 뉴스 시점 제외 [미원에스씨]: 5건 (>14일/파싱실패)
2026-09-06 23:02:13,155 [INFO] __main__ — 뉴스 시점 제외 [한일홀딩스]: 12건 (>14일/파싱실패)
2026-09-06 23:02:13,522 [INFO] __main__ — 뉴스 시점 제외 [세아홀딩스]: 1건 (>14일/파싱실패)
2026-09-06 23:02:13,695 [INFO] __main__ — 뉴스 시점 제외 [CJ4우(전환)]: 14건 (>14일/파싱실패)
2026-09-06 23:02:15,143 [INFO] __main__ — 뉴스 시점 제외 [신대양제지]: 13건 (>14일/파싱실패)
2026-09-06 23:02:15,658 [INFO] __main__ — 뉴스 시점 제외 [제이에스코퍼레이션]: 10건 (>14일/파싱실패)
2026-09-06 23:02:15,876 [INFO] __main__ — 뉴스 시점 제외 [삼성물산우B]: 15건 (>14일/파싱실패)
2026-09-06 23:02:17,411 [INFO] __main__ — 뉴스 시점 제외 [서연이화]: 7건 (>14일/파싱실패)
2026-09-06 23:02:19,843 [INFO] __main__ — 뉴스 시점 제외 [미원화학]: 13건 (>14일/파싱실패)
2026-09-06 23:02:21,705 [INFO] __main__ — 뉴스 시점 제외 [씨엠티엑스]: 9건 (>14일/파싱실패)
2026-09-06 23:02:24,917 [INFO] __main__ — 봇 주가요약 제외 [마이크로컨텍솔]: 1건
2026-09-06 23:02:24,989 [INFO] __main__ — 봇 주가요약 제외 [휴온스글로벌]: 1건
2026-09-06 23:02:25,463 [INFO] __main__ — 뉴스 시점 제외 [한국알콜]: 8건 (>14일/파싱실패)
2026-09-06 23:02:26,019 [INFO] __main__ — 뉴스 시점 제외 [진성티이씨]: 6건 (>14일/파싱실패)
2026-09-06 23:02:26,200 [INFO] __main__ — 뉴스 시점 제외 [에코아이]: 12건 (>14일/파싱실패)
2026-09-06 23:02:26,577 [INFO] __main__ — 뉴스 시점 제외 [한양디지텍]: 7건 (>14일/파싱실패)
2026-09-06 23:02:27,097 [INFO] __main__ — 뉴스 시점 제외 [필에너지]: 4건 (>14일/파싱실패)
2026-09-06 23:02:27,641 [INFO] __main__ — 봇 주가요약 제외 [도우인시스]: 1건
2026-09-06 23:02:28,164 [INFO] __main__ — 뉴스 시점 제외 [서호전기]: 10건 (>14일/파싱실패)
2026-09-06 23:02:28,177 [INFO] __main__ — 봇 주가요약 제외 [칩스앤미디어]: 1건
2026-09-06 23:02:29,366 [INFO] __main__ — POOL_A 후보 부정뉴스 2차 조회: 120개
2026-09-06 23:02:29,367 [INFO] __main__ — POOL_A: 418개 (A:231 B:106 동시:81) | 부정게이트 제외:2
  대형:64 중형:188 소형:166
2026-09-06 23:02:29,374 [INFO] __main__ — 대조군 표본(무신호): 40개 / 모집단 479개 → pool_history
2026-09-06 23:02:29,376 [INFO] __main__ —   → POOL_A: 418개
2026-09-06 23:02:29,376 [INFO] __main__ — ▶ Step 2: 하드 필터링
2026-09-06 23:02:29,377 [INFO] __main__ — 하드 필터 제거: 404개 | 과열배제 42 | 이격도상한 5 | 이격도하한 47 | MA추세 232 | RSI과열 5 | 거래대금 73
2026-09-06 23:02:29,378 [INFO] __main__ — 과열 gated 기록: 42개 → gated_tickers
2026-09-06 23:02:29,381 [INFO] __main__ — 대조군 표본(필터탈락): 170개 / 모집단 404개 → pool_history
2026-09-06 23:02:29,382 [INFO] __main__ — POOL_B: 14개 | 대형:1 중형:10 소형:3
2026-09-06 23:02:29,382 [INFO] __main__ —   → POOL_B: 14개
2026-09-06 23:02:29,382 [INFO] __main__ — ▶ Step 3: 스코어링 (FinBERT 감성 분석)
2026-09-06 23:02:29,382 [INFO] __main__ — NaverClient: 3개 키 로드 (DataLab·검색 독립 회전)
2026-09-06 23:02:29,382 [INFO] __main__ — 텍스트 신규 수집: 14종목 (캐시 적중 0종목)
2026-09-06 23:02:33,725 [INFO] __main__ — 뉴스 시점 제외 [송원산업]: 26건 (>14일/파싱실패)
2026-09-06 23:02:40,749 [INFO] __main__ — 봇 주가요약 제외 [로보스타]: 2건
2026-09-06 23:02:44,573 [INFO] __main__ — 봇 주가요약 제외 [저스템]: 1건
2026-09-06 23:02:47,799 [INFO] __main__ — 기사 보존(수집): 124건 (14종목) → news_articles
2026-09-06 23:02:47,801 [INFO] __main__ — 공시 보존(수집): 43건 (14종목) → dart_filings
2026-09-06 23:02:47,802 [INFO] __main__ — 수집 완료: 뉴스 124건 | 공시 43건
2026-09-06 23:02:47,802 [INFO] __main__ — FinBERT 감성 분석 (finbert 모드)...
2026-09-06 23:02:47,802 [INFO] __main__ — FinBERT 로딩: snunlp/KR-FinBert-SC (CPU, batch=8)
2026-09-06 23:02:47,958 [INFO] httpx — HTTP Request: GET https://huggingface.co/api/agent-harnesses "HTTP/1.1 200 OK"
2026-09-06 23:02:48,052 [INFO] httpx — HTTP Request: HEAD https://huggingface.co/snunlp/KR-FinBert-SC/resolve/main/config.json "HTTP/1.1 307 Temporary Redirect"
2026-09-06 23:02:48,052 [WARNING] huggingface_hub.utils._http — Warning: You are sending unauthenticated requests to the HF Hub. Please set a HF_TOKEN to enable higher rate limits and faster downloads.
2026-09-06 23:02:48,067 [INFO] httpx — HTTP Request: HEAD https://huggingface.co/api/resolve-cache/models/snunlp/KR-FinBert-SC/f8586286cc3161fb648e9fee09a456069fd846d0/config.json?%2Fsnunlp%2FKR-FinBert-SC%2Fresolve%2Fmain%2Fconfig.json=&etag=%22bd00b2460e394f69e29e6438699e074cbac9584e%22 "HTTP/1.1 200 OK"
2026-09-06 23:02:48,216 [INFO] httpx — HTTP Request: HEAD https://huggingface.co/snunlp/KR-FinBert-SC/resolve/main/model.safetensors "HTTP/1.1 404 Not Found"
2026-09-06 23:02:48,314 [INFO] httpx — HTTP Request: GET https://huggingface.co/api/models/snunlp/KR-FinBert-SC "HTTP/1.1 200 OK"
2026-09-06 23:02:48,484 [INFO] httpx — HTTP Request: GET https://huggingface.co/api/models/snunlp/KR-FinBert-SC/tree/main/additional_chat_templates?recursive=false&expand=false "HTTP/1.1 404 Not Found"
2026-09-06 23:02:48,522 [INFO] httpx — HTTP Request: GET https://huggingface.co/api/models/snunlp/KR-FinBert-SC/commits/main "HTTP/1.1 200 OK"
2026-09-06 23:02:48,588 [INFO] httpx — HTTP Request: GET https://huggingface.co/api/models/snunlp/KR-FinBert-SC/tree/main?recursive=true&expand=false "HTTP/1.1 200 OK"
2026-09-06 23:02:48,630 [INFO] httpx — HTTP Request: GET https://huggingface.co/api/models/snunlp/KR-FinBert-SC/discussions?p=0 "HTTP/1.1 200 OK"
2026-09-06 23:02:48,705 [INFO] httpx — HTTP Request: HEAD https://huggingface.co/snunlp/KR-FinBert-SC/resolve/main/processor_config.json "HTTP/1.1 404 Not Found"
2026-09-06 23:02:48,738 [INFO] httpx — HTTP Request: GET https://huggingface.co/api/models/snunlp/KR-FinBert-SC/commits/refs%2Fpr%2F3 "HTTP/1.1 200 OK"
2026-09-06 23:02:48,804 [INFO] httpx — HTTP Request: HEAD https://huggingface.co/snunlp/KR-FinBert-SC/resolve/main/video_preprocessor_config.json "HTTP/1.1 404 Not Found"
2026-09-06 23:02:48,835 [INFO] httpx — HTTP Request: HEAD https://huggingface.co/snunlp/KR-FinBert-SC/resolve/refs%2Fpr%2F3/model.safetensors.index.json "HTTP/1.1 404 Not Found"
2026-09-06 23:02:48,934 [INFO] httpx — HTTP Request: HEAD https://huggingface.co/snunlp/KR-FinBert-SC/resolve/main/preprocessor_config.json "HTTP/1.1 404 Not Found"
2026-09-06 23:02:48,935 [INFO] __main__ — FinBERT 로드 완료 (CPU)
2026-09-06 23:02:48,938 [INFO] httpx — HTTP Request: HEAD https://huggingface.co/snunlp/KR-FinBert-SC/resolve/refs%2Fpr%2F3/model.safetensors "HTTP/1.1 302 Found"
2026-09-06 23:03:07,042 [INFO] __main__ — Phase A.1: 매핑 신뢰도 < 0.5 → 감성 점수 폐기 7건
2026-09-06 23:03:07,043 [INFO] __main__ — [shadow] 필드별 검사 기준 폐기 0/14종목 (집행 7건 — 변동 없음)
2026-09-06 23:03:07,043 [INFO] __main__ — 스코어링: 14개 | 집중:0 | FinBERT:finbert
2026-09-06 23:03:07,059 [INFO] __main__ —   → 14개
2026-09-06 23:03:07,059 [INFO] __main__ — ▶ Step 4: 발송
2026-09-06 23:03:11,352 [INFO] __main__ — DB 기록: 9개 / 전체 to_send 9개
2026-09-06 23:03:11,352 [INFO] __main__ — 발송: 9종목 | 누적 4~10회 2 | 신규 0
2026-09-06 23:03:11,352 [INFO] __main__ — 완료  |  소요: 584.8초
2026-09-06 23:03:12,365 [INFO] track_outcomes — pool_history 대조군 5572건 추적 대상 포함
2026-09-06 23:03:12,445 [INFO] track_outcomes — 고아 행 186건 복원 (targets에서 탈락한 미완 키)
2026-09-06 23:03:12,446 [INFO] track_outcomes — 대상 14143건 | 갱신 필요 8861건 | 완료 스킵 5468건
2026-09-06 23:03:12,448 [INFO] track_outcomes —   가격 조회 고유 종목 1609개 (기존 590 + 대조군 추가 1019)
2026-09-06 23:25:30,722 [INFO] track_outcomes — outcomes 적재: 신규 266건 | 갱신(신규+보완) 266건
