2026-08-11 22:01:27,203 [INFO] __main__ — config 검증 완료 ✓
2026-08-11 22:01:27,204 [INFO] __main__ — ============================================================
2026-08-11 22:01:27,204 [INFO] __main__ — AlphaRadar v3.3.1  |  기준일: 20260812
2026-08-11 22:01:27,204 [INFO] __main__ — S = T×0.3 + S_text×0.4 + D×0.3
2026-08-11 22:01:27,204 [INFO] __main__ — ============================================================
2026-08-11 22:01:27,204 [INFO] __main__ — ▶ Step 0: 유니버스 필터링
2026-08-11 22:01:27,371 [INFO] __main__ — FDR 데이터 수집: 20260206 ~ 20260812
2026-08-11 22:01:28,678 [INFO] __main__ — KOSPI: 942개 | 섹터정보 832개 (DART +832개 보완)
2026-08-11 22:01:28,679 [INFO] __main__ — KOSDAQ: 1819개 | 섹터정보 1819개
2026-08-11 22:01:28,679 [INFO] __main__ — 전체: 2761개
2026-08-11 22:01:30,663 [INFO] __main__ — KIS 토큰 발급 완료
2026-08-11 22:15:33,933 [INFO] __main__ — DART corp_code 매핑: 2194/2252개 (97%)
2026-08-11 22:15:33,934 [INFO] __main__ — 유효 유니버스: 2252개
2026-08-11 22:15:33,946 [INFO] __main__ —   → 2252개
2026-08-11 22:15:33,946 [INFO] __main__ — ▶ Step 1: 신호 탐지
2026-08-11 22:15:33,946 [INFO] __main__ — NaverClient: 3개 키 로드 (DataLab·검색 독립 회전)
2026-08-11 22:15:33,946 [INFO] __main__ — 관심 지수 및 부정 뉴스 비율 조회 중...
2026-08-11 22:15:35,432 [INFO] __main__ — 봇 주가요약 제외 [빛과전자]: 2건
2026-08-11 22:15:36,709 [INFO] __main__ — 봇 주가요약 제외 [광전자]: 2건
2026-08-11 22:15:37,718 [INFO] __main__ — 봇 주가요약 제외 [KBI메탈]: 2건
2026-08-11 22:15:38,027 [INFO] __main__ — 봇 주가요약 제외 [레몬헬스케어]: 2건
2026-08-11 22:15:40,184 [INFO] __main__ — 봇 주가요약 제외 [이랜시스]: 1건
2026-08-11 22:15:43,392 [INFO] __main__ — 봇 주가요약 제외 [신스틸]: 1건
2026-08-11 22:15:43,405 [INFO] __main__ — 봇 주가요약 제외 [코스모로보틱스]: 3건
2026-08-11 22:15:44,387 [INFO] __main__ — 봇 주가요약 제외 [코오롱티슈진]: 2건
2026-08-11 22:15:44,413 [INFO] __main__ — 봇 주가요약 제외 [뉴엔AI]: 2건
2026-08-11 22:15:45,436 [INFO] __main__ — 봇 주가요약 제외 [혜인]: 1건
2026-08-11 22:15:46,425 [INFO] __main__ — 봇 주가요약 제외 [마키나락스]: 1건
2026-08-11 22:15:46,470 [INFO] __main__ — 봇 주가요약 제외 [폴라리스AI]: 3건
2026-08-11 22:15:48,545 [INFO] __main__ — 봇 주가요약 제외 [센서뷰]: 1건
2026-08-11 22:15:50,577 [INFO] __main__ — 봇 주가요약 제외 [성호전자]: 2건
2026-08-11 22:15:51,584 [INFO] __main__ — 봇 주가요약 제외 [아진엑스텍]: 1건
2026-08-11 22:15:52,695 [INFO] __main__ — 봇 주가요약 제외 [디앤디파마텍]: 1건
2026-08-11 22:15:53,709 [INFO] __main__ — 봇 주가요약 제외 [져스텍]: 1건
2026-08-11 22:15:56,882 [INFO] __main__ — 봇 주가요약 제외 [후성]: 1건
2026-08-11 22:15:57,787 [INFO] __main__ — 봇 주가요약 제외 [SFA반도체]: 2건
2026-08-11 22:15:59,884 [INFO] __main__ — 봇 주가요약 제외 [대한전선]: 4건
2026-08-11 22:15:59,891 [INFO] __main__ — 봇 주가요약 제외 [휴림로봇]: 3건
2026-08-11 22:16:03,059 [INFO] __main__ — 봇 주가요약 제외 [HPSP]: 1건
2026-08-11 22:16:03,987 [INFO] __main__ — 봇 주가요약 제외 [삼성E&A]: 1건
2026-08-11 22:16:08,016 [INFO] __main__ — 봇 주가요약 제외 [현대무벡스]: 2건
2026-08-11 22:16:08,053 [INFO] __main__ — 봇 주가요약 제외 [일승]: 2건
2026-08-11 22:16:09,034 [INFO] __main__ — 봇 주가요약 제외 [비에이치]: 1건
2026-08-11 22:16:10,032 [INFO] __main__ — 봇 주가요약 제외 [두산퓨얼셀]: 2건
2026-08-11 22:16:10,081 [INFO] __main__ — 봇 주가요약 제외 [셀바스AI]: 5건
2026-08-11 22:16:10,199 [INFO] __main__ — 봇 주가요약 제외 [기가레인]: 1건
2026-08-11 22:16:11,075 [INFO] __main__ — 뉴스 시점 제외 [넥스틸]: 2건 (>14일/파싱실패)
2026-08-11 22:16:11,075 [INFO] __main__ — 봇 주가요약 제외 [넥스틸]: 1건
2026-08-11 22:16:11,111 [INFO] __main__ — 뉴스 시점 제외 [화신정공]: 6건 (>14일/파싱실패)
2026-08-11 22:16:13,248 [INFO] __main__ — 뉴스 시점 제외 [저스템]: 4건 (>14일/파싱실패)
2026-08-11 22:16:15,271 [INFO] __main__ — 뉴스 시점 제외 [하이드로리튬]: 6건 (>14일/파싱실패)
2026-08-11 22:16:16,215 [INFO] __main__ — 봇 주가요약 제외 [오리엔트바이오]: 1건
2026-08-11 22:16:17,219 [INFO] __main__ — 봇 주가요약 제외 [하나마이크론]: 1건
2026-08-11 22:16:18,268 [INFO] __main__ — 봇 주가요약 제외 [미래에셋벤처투자]: 1건
2026-08-11 22:16:19,335 [INFO] __main__ — 봇 주가요약 제외 [쏠리드]: 1건
2026-08-11 22:16:23,451 [INFO] __main__ — 뉴스 시점 제외 [한성크린텍]: 10건 (>14일/파싱실패)
2026-08-11 22:16:27,533 [INFO] __main__ — 뉴스 시점 제외 [맥쿼리인프라]: 10건 (>14일/파싱실패)
2026-08-11 22:16:28,572 [INFO] __main__ — 봇 주가요약 제외 [LG씨엔에스]: 3건
2026-08-11 22:16:29,420 [INFO] __main__ — 봇 주가요약 제외 [오이솔루션]: 2건
2026-08-11 22:16:29,589 [INFO] __main__ — 봇 주가요약 제외 [지엔씨에너지]: 1건
2026-08-11 22:16:31,456 [INFO] __main__ — 뉴스 시점 제외 [키스트론]: 10건 (>14일/파싱실패)
2026-08-11 22:16:31,652 [INFO] __main__ — 봇 주가요약 제외 [클로봇]: 1건
2026-08-11 22:16:32,466 [INFO] __main__ — 뉴스 시점 제외 [에스에이엠티]: 6건 (>14일/파싱실패)
2026-08-11 22:16:32,687 [INFO] __main__ — 봇 주가요약 제외 [현대힘스]: 1건
2026-08-11 22:16:33,715 [INFO] __main__ — 뉴스 시점 제외 [로보로보]: 5건 (>14일/파싱실패)
2026-08-11 22:16:33,735 [INFO] __main__ — 봇 주가요약 제외 [선도전기]: 1건
2026-08-11 22:16:35,630 [INFO] __main__ — 뉴스 시점 제외 [피제이메탈]: 9건 (>14일/파싱실패)
2026-08-11 22:16:38,842 [INFO] __main__ — 뉴스 시점 제외 [KX하이텍]: 8건 (>14일/파싱실패)
2026-08-11 22:16:39,093 [INFO] __main__ — 봇 주가요약 제외 [대덕전자]: 1건
2026-08-11 22:16:40,998 [INFO] __main__ — 봇 주가요약 제외 [SK오션플랜트]: 3건
2026-08-11 22:16:43,152 [INFO] __main__ — 봇 주가요약 제외 [서진시스템]: 1건
2026-08-11 22:16:47,210 [INFO] __main__ — 봇 주가요약 제외 [마녀공장]: 1건
2026-08-11 22:16:48,254 [INFO] __main__ — 봇 주가요약 제외 [삼화콘덴서]: 2건
2026-08-11 22:16:49,280 [INFO] __main__ — 봇 주가요약 제외 [브이엠]: 1건
2026-08-11 22:16:49,505 [INFO] __main__ — 뉴스 시점 제외 [삼화전자]: 8건 (>14일/파싱실패)
2026-08-11 22:16:51,337 [INFO] __main__ — 봇 주가요약 제외 [한화엔진]: 2건
2026-08-11 22:16:51,343 [INFO] __main__ — 봇 주가요약 제외 [RFHIC]: 1건
2026-08-11 22:16:52,366 [INFO] __main__ — 봇 주가요약 제외 [보성파워텍]: 6건
2026-08-11 22:16:53,396 [INFO] __main__ — 뉴스 시점 제외 [HB테크놀러지]: 1건 (>14일/파싱실패)
2026-08-11 22:16:55,397 [INFO] __main__ — 봇 주가요약 제외 [엘앤에프]: 2건
2026-08-11 22:16:55,751 [INFO] __main__ — 뉴스 시점 제외 [보해양조]: 6건 (>14일/파싱실패)
2026-08-11 22:16:57,789 [INFO] __main__ — 뉴스 시점 제외 [네오이뮨텍]: 7건 (>14일/파싱실패)
2026-08-11 22:16:58,435 [INFO] __main__ — 뉴스 시점 제외 [서부T&D]: 8건 (>14일/파싱실패)
2026-08-11 22:16:58,813 [INFO] __main__ — 뉴스 시점 제외 [와이지-원]: 5건 (>14일/파싱실패)
2026-08-11 22:16:59,506 [INFO] __main__ — 뉴스 시점 제외 [한일사료]: 11건 (>14일/파싱실패)
2026-08-11 22:17:00,843 [INFO] __main__ — 봇 주가요약 제외 [테크윙]: 2건
2026-08-11 22:17:01,470 [INFO] __main__ — 뉴스 시점 제외 [앤로보틱스]: 7건 (>14일/파싱실패)
2026-08-11 22:17:03,493 [INFO] __main__ — 봇 주가요약 제외 [티엘비]: 2건
2026-08-11 22:17:03,602 [INFO] __main__ — 뉴스 시점 제외 [LS머트리얼즈]: 5건 (>14일/파싱실패)
2026-08-11 22:17:04,613 [INFO] __main__ — 봇 주가요약 제외 [OCI홀딩스]: 1건
2026-08-11 22:17:05,521 [INFO] __main__ — 봇 주가요약 제외 [LS ELECTRIC]: 2건
2026-08-11 22:17:07,865 [INFO] __main__ — 봇 주가요약 제외 [이수페타시스]: 2건
2026-08-11 22:17:08,309 [INFO] __main__ — 뉴스 시점 제외 [제이엔케이글로벌]: 6건 (>14일/파싱실패)
2026-08-11 22:17:09,112 [INFO] __main__ — 봇 주가요약 제외 [와이씨]: 4건
2026-08-11 22:17:11,440 [INFO] __main__ — 뉴스 시점 제외 [엘브이엠씨홀딩스]: 13건 (>14일/파싱실패)
2026-08-11 22:17:13,330 [INFO] __main__ — 봇 주가요약 제외 [동화기업]: 1건
2026-08-11 22:17:23,532 [INFO] __main__ — 뉴스 시점 제외 [비투엔]: 13건 (>14일/파싱실패)
2026-08-11 22:17:24,553 [INFO] __main__ — 뉴스 시점 제외 [HB솔루션]: 6건 (>14일/파싱실패)
2026-08-11 22:17:25,147 [INFO] __main__ — 뉴스 시점 제외 [부국철강]: 5건 (>14일/파싱실패)
2026-08-11 22:17:26,834 [INFO] __main__ — 봇 주가요약 제외 [동진쎄미켐]: 3건
2026-08-11 22:17:27,573 [INFO] __main__ — 봇 주가요약 제외 [대명에너지]: 2건
2026-08-11 22:17:32,962 [INFO] __main__ — 뉴스 시점 제외 [THE E&M]: 13건 (>14일/파싱실패)
2026-08-11 22:17:33,398 [INFO] __main__ — 봇 주가요약 제외 [비에이치아이]: 1건
2026-08-11 22:17:33,649 [INFO] __main__ — 봇 주가요약 제외 [코리아써키트]: 2건
2026-08-11 22:17:35,674 [INFO] __main__ — 봇 주가요약 제외 [피에스케이]: 1건
2026-08-11 22:17:39,745 [INFO] __main__ — 뉴스 시점 제외 [감성코퍼레이션]: 10건 (>14일/파싱실패)
2026-08-11 22:17:41,841 [INFO] __main__ — 뉴스 시점 제외 [에스와이스틸텍]: 10건 (>14일/파싱실패)
2026-08-11 22:17:42,285 [INFO] __main__ — 봇 주가요약 제외 [제일일렉트릭]: 1건
2026-08-11 22:17:42,817 [INFO] __main__ — 봇 주가요약 제외 [비츠로넥스텍]: 1건
2026-08-11 22:17:43,304 [INFO] __main__ — 뉴스 시점 제외 [이구산업]: 6건 (>14일/파싱실패)
2026-08-11 22:17:43,906 [INFO] __main__ — 봇 주가요약 제외 [제룡산업]: 1건
2026-08-11 22:17:44,369 [INFO] __main__ — 뉴스 시점 제외 [우리기술투자]: 7건 (>14일/파싱실패)
2026-08-11 22:17:49,495 [INFO] __main__ — 봇 주가요약 제외 [삼성에스디에스]: 1건
2026-08-11 22:17:49,900 [INFO] __main__ — 봇 주가요약 제외 [현대로템]: 1건
2026-08-11 22:17:52,517 [INFO] __main__ — 뉴스 시점 제외 [코데즈컴바인]: 4건 (>14일/파싱실패)
2026-08-11 22:17:56,118 [INFO] __main__ — 뉴스 시점 제외 [퀀텀레일]: 2건 (>14일/파싱실패)
2026-08-11 22:17:58,139 [INFO] __main__ — 봇 주가요약 제외 [산일전기]: 1건
2026-08-11 22:17:58,617 [INFO] __main__ — 봇 주가요약 제외 [로보스타]: 1건
2026-08-11 22:17:59,141 [INFO] __main__ — 뉴스 시점 제외 [KB스타리츠]: 14건 (>14일/파싱실패)
2026-08-11 22:17:59,641 [INFO] __main__ — 뉴스 시점 제외 [삼성제약]: 2건 (>14일/파싱실패)
2026-08-11 22:18:01,051 [INFO] __main__ — 뉴스 시점 제외 [로체시스템즈]: 11건 (>14일/파싱실패)
2026-08-11 22:18:02,161 [INFO] __main__ — 뉴스 시점 제외 [성문전자]: 6건 (>14일/파싱실패)
2026-08-11 22:18:07,120 [INFO] __main__ — 뉴스 시점 제외 [네오셈]: 2건 (>14일/파싱실패)
2026-08-11 22:18:19,426 [INFO] __main__ — 뉴스 시점 제외 [제이엠티]: 6건 (>14일/파싱실패)
2026-08-11 22:18:19,817 [INFO] __main__ — 뉴스 시점 제외 [HDC현대EP]: 9건 (>14일/파싱실패)
2026-08-11 22:18:20,895 [INFO] __main__ — 뉴스 시점 제외 [대주산업]: 12건 (>14일/파싱실패)
2026-08-11 22:18:28,049 [INFO] __main__ — 뉴스 시점 제외 [제닉스로보틱스]: 3건 (>14일/파싱실패)
2026-08-11 22:18:29,174 [INFO] __main__ — 부정 키워드 감지: 24개 종목 (neg_ratio > 0)
2026-08-11 22:18:29,178 [INFO] __main__ — 수급일수충족·합계음수 제외: 94개
2026-08-11 22:18:31,975 [INFO] __main__ — 뉴스 시점 제외 [현대차2우B]: 7건 (>14일/파싱실패)
2026-08-11 22:18:33,735 [INFO] __main__ — 뉴스 시점 제외 [DN오토모티브]: 5건 (>14일/파싱실패)
2026-08-11 22:18:37,784 [INFO] __main__ — 뉴스 시점 제외 [삼성화재우]: 15건 (>14일/파싱실패)
2026-08-11 22:18:38,455 [INFO] __main__ — 뉴스 시점 제외 [LG전자우]: 10건 (>14일/파싱실패)
2026-08-11 22:18:41,742 [INFO] __main__ — 뉴스 시점 제외 [신한알파리츠]: 14건 (>14일/파싱실패)
2026-08-11 22:18:42,466 [INFO] __main__ — 뉴스 시점 제외 [미원에스씨]: 2건 (>14일/파싱실패)
2026-08-11 22:18:42,894 [INFO] __main__ — 뉴스 시점 제외 [맵스리얼티]: 15건 (>14일/파싱실패)
2026-08-11 22:18:44,074 [INFO] __main__ — 뉴스 시점 제외 [세아홀딩스]: 6건 (>14일/파싱실패)
2026-08-11 22:18:44,641 [INFO] __main__ — 뉴스 시점 제외 [대신증권우]: 15건 (>14일/파싱실패)
2026-08-11 22:18:44,771 [INFO] __main__ — 뉴스 시점 제외 [아모레퍼시픽우]: 11건 (>14일/파싱실패)
2026-08-11 22:18:45,345 [INFO] __main__ — 뉴스 시점 제외 [코람코더원리츠]: 9건 (>14일/파싱실패)
2026-08-11 22:18:45,346 [INFO] __main__ — 뉴스 시점 제외 [현대차3우B]: 12건 (>14일/파싱실패)
2026-08-11 22:18:45,922 [INFO] __main__ — 뉴스 시점 제외 [농심홀딩스]: 12건 (>14일/파싱실패)
2026-08-11 22:18:47,130 [INFO] __main__ — 뉴스 시점 제외 [일진하이솔루스]: 8건 (>14일/파싱실패)
2026-08-11 22:18:47,477 [INFO] __main__ — 뉴스 시점 제외 [KISCO홀딩스]: 2건 (>14일/파싱실패)
2026-08-11 22:18:48,043 [INFO] __main__ — 뉴스 시점 제외 [KPX홀딩스]: 13건 (>14일/파싱실패)
2026-08-11 22:18:48,263 [INFO] __main__ — 뉴스 시점 제외 [국도화학]: 4건 (>14일/파싱실패)
2026-08-11 22:18:49,962 [INFO] __main__ — 봇 주가요약 제외 [서흥]: 1건
2026-08-11 22:18:50,311 [INFO] __main__ — 뉴스 시점 제외 [삼성SDI우]: 15건 (>14일/파싱실패)
2026-08-11 22:18:50,525 [INFO] __main__ — 뉴스 시점 제외 [일진홀딩스]: 10건 (>14일/파싱실패)
2026-08-11 22:18:51,039 [INFO] __main__ — 뉴스 시점 제외 [삼성물산우B]: 14건 (>14일/파싱실패)
2026-08-11 22:18:51,600 [INFO] __main__ — 뉴스 시점 제외 [송원산업]: 3건 (>14일/파싱실패)
2026-08-11 22:18:52,233 [INFO] __main__ — 뉴스 시점 제외 [일성아이에스]: 6건 (>14일/파싱실패)
2026-08-11 22:18:52,793 [INFO] __main__ — 뉴스 시점 제외 [이지스밸류플러스리츠]: 12건 (>14일/파싱실패)
2026-08-11 22:18:53,149 [INFO] __main__ — 뉴스 시점 제외 [삼영전자]: 10건 (>14일/파싱실패)
2026-08-11 22:18:54,998 [INFO] __main__ — 뉴스 시점 제외 [LG생활건강우]: 10건 (>14일/파싱실패)
2026-08-11 22:18:55,616 [INFO] __main__ — 뉴스 시점 제외 [미원화학]: 13건 (>14일/파싱실패)
2026-08-11 22:18:56,759 [INFO] __main__ — 뉴스 시점 제외 [LG우]: 14건 (>14일/파싱실패)
2026-08-11 22:18:58,255 [INFO] __main__ — 뉴스 시점 제외 [진양홀딩스]: 12건 (>14일/파싱실패)
2026-08-11 22:18:58,396 [INFO] __main__ — 뉴스 시점 제외 [동성케미컬]: 7건 (>14일/파싱실패)
2026-08-11 22:18:59,017 [INFO] __main__ — 뉴스 시점 제외 [대신증권2우B]: 14건 (>14일/파싱실패)
2026-08-11 22:18:59,583 [INFO] __main__ — 뉴스 시점 제외 [미래에셋증권우]: 14건 (>14일/파싱실패)
2026-08-11 22:18:59,949 [INFO] __main__ — 뉴스 시점 제외 [유화증권]: 7건 (>14일/파싱실패)
2026-08-11 22:19:00,115 [INFO] __main__ — 뉴스 시점 제외 [해태제과식품]: 10건 (>14일/파싱실패)
2026-08-11 22:19:00,153 [INFO] __main__ — 뉴스 시점 제외 [유수홀딩스]: 12건 (>14일/파싱실패)
2026-08-11 22:19:00,517 [INFO] __main__ — 뉴스 시점 제외 [SYTS]: 6건 (>14일/파싱실패)
2026-08-11 22:19:01,084 [INFO] __main__ — 뉴스 시점 제외 [조선내화]: 9건 (>14일/파싱실패)
2026-08-11 22:19:01,262 [INFO] __main__ — 뉴스 시점 제외 [CJ제일제당 우]: 13건 (>14일/파싱실패)
2026-08-11 22:19:01,827 [INFO] __main__ — 뉴스 시점 제외 [아모레퍼시픽홀딩스3우C]: 13건 (>14일/파싱실패)
2026-08-11 22:19:02,204 [INFO] __main__ — 뉴스 시점 제외 [NH올원리츠]: 9건 (>14일/파싱실패)
2026-08-11 22:19:02,434 [INFO] __main__ — 뉴스 시점 제외 [한국주철관]: 6건 (>14일/파싱실패)
2026-08-11 22:19:02,765 [INFO] __main__ — 뉴스 시점 제외 [신라교역]: 11건 (>14일/파싱실패)
2026-08-11 22:19:03,550 [INFO] __main__ — 뉴스 시점 제외 [태경산업]: 3건 (>14일/파싱실패)
2026-08-11 22:19:03,556 [INFO] __main__ — 뉴스 시점 제외 [한진중공업홀딩스]: 11건 (>14일/파싱실패)
2026-08-11 22:19:04,128 [INFO] __main__ — 뉴스 시점 제외 [디씨엠]: 12건 (>14일/파싱실패)
2026-08-11 22:19:04,686 [INFO] __main__ — 뉴스 시점 제외 [디와이파워]: 4건 (>14일/파싱실패)
2026-08-11 22:19:05,837 [INFO] __main__ — 뉴스 시점 제외 [태림포장]: 11건 (>14일/파싱실패)
2026-08-11 22:19:05,840 [INFO] __main__ — 뉴스 시점 제외 [미원홀딩스]: 13건 (>14일/파싱실패)
2026-08-11 22:19:06,425 [INFO] __main__ — 뉴스 시점 제외 [현대코퍼레이션홀딩스]: 11건 (>14일/파싱실패)
2026-08-11 22:19:06,749 [INFO] __main__ — 뉴스 시점 제외 [대성홀딩스]: 9건 (>14일/파싱실패)
2026-08-11 22:19:06,995 [INFO] __main__ — 뉴스 시점 제외 [티에이치엔]: 11건 (>14일/파싱실패)
2026-08-11 22:19:07,558 [INFO] __main__ — 뉴스 시점 제외 [DL이앤씨2우(전환)]: 14건 (>14일/파싱실패)
2026-08-11 22:19:08,137 [INFO] __main__ — 뉴스 시점 제외 [아시아나IDT]: 12건 (>14일/파싱실패)
2026-08-11 22:19:08,712 [INFO] __main__ — 뉴스 시점 제외 [황금에스티]: 5건 (>14일/파싱실패)
2026-08-11 22:19:09,724 [INFO] __main__ — 뉴스 시점 제외 [NI스틸]: 12건 (>14일/파싱실패)
2026-08-11 22:19:10,305 [INFO] __main__ — 뉴스 시점 제외 [태양금속]: 7건 (>14일/파싱실패)
2026-08-11 22:19:10,443 [INFO] __main__ — 뉴스 시점 제외 [티와이홀딩스]: 8건 (>14일/파싱실패)
2026-08-11 22:19:11,017 [INFO] __main__ — 뉴스 시점 제외 [유한양행우]: 14건 (>14일/파싱실패)
2026-08-11 22:19:11,567 [INFO] __main__ — 뉴스 시점 제외 [사조오양]: 8건 (>14일/파싱실패)
2026-08-11 22:19:11,592 [INFO] __main__ — 뉴스 시점 제외 [한신기계]: 9건 (>14일/파싱실패)
2026-08-11 22:19:12,134 [INFO] __main__ — 뉴스 시점 제외 [대영포장]: 4건 (>14일/파싱실패)
2026-08-11 22:19:12,301 [INFO] __main__ — 뉴스 시점 제외 [SK이노베이션우]: 12건 (>14일/파싱실패)
2026-08-11 22:19:12,302 [INFO] __main__ — 뉴스 시점 제외 [CS홀딩스]: 13건 (>14일/파싱실패)
2026-08-11 22:19:12,874 [INFO] __main__ — 뉴스 시점 제외 [화천기공]: 10건 (>14일/파싱실패)
2026-08-11 22:19:13,276 [INFO] __main__ — 뉴스 시점 제외 [페이퍼코리아]: 14건 (>14일/파싱실패)
2026-08-11 22:19:13,590 [INFO] __main__ — 뉴스 시점 제외 [NH프라임리츠]: 12건 (>14일/파싱실패)
2026-08-11 22:19:13,838 [INFO] __main__ — 뉴스 시점 제외 [두산퓨얼셀1우]: 12건 (>14일/파싱실패)
2026-08-11 22:19:14,170 [INFO] __main__ — 뉴스 시점 제외 [동원모빌리티]: 5건 (>14일/파싱실패)
2026-08-11 22:19:14,868 [INFO] __main__ — 뉴스 시점 제외 [태경케미컬]: 9건 (>14일/파싱실패)
2026-08-11 22:19:15,585 [INFO] __main__ — 뉴스 시점 제외 [써니전자]: 13건 (>14일/파싱실패)
2026-08-11 22:19:16,171 [INFO] __main__ — 뉴스 시점 제외 [보락]: 1건 (>14일/파싱실패)
2026-08-11 22:19:16,871 [INFO] __main__ — 뉴스 시점 제외 [기신정기]: 13건 (>14일/파싱실패)
2026-08-11 22:19:17,167 [INFO] __main__ — 뉴스 시점 제외 [삼화왕관]: 13건 (>14일/파싱실패)
2026-08-11 22:19:17,453 [INFO] __main__ — 뉴스 시점 제외 [SJM]: 7건 (>14일/파싱실패)
2026-08-11 22:19:17,735 [INFO] __main__ — 뉴스 시점 제외 [BYC우]: 11건 (>14일/파싱실패)
2026-08-11 22:19:18,166 [INFO] __main__ — 뉴스 시점 제외 [인팩]: 10건 (>14일/파싱실패)
2026-08-11 22:19:18,749 [INFO] __main__ — 뉴스 시점 제외 [아진전자부품]: 9건 (>14일/파싱실패)
2026-08-11 22:19:18,750 [INFO] __main__ — 뉴스 시점 제외 [진양산업]: 12건 (>14일/파싱실패)
2026-08-11 22:19:18,898 [INFO] __main__ — 뉴스 시점 제외 [미래에셋맵스리츠]: 15건 (>14일/파싱실패)
2026-08-11 22:19:19,465 [INFO] __main__ — 뉴스 시점 제외 [한화솔루션우]: 10건 (>14일/파싱실패)
2026-08-11 22:19:19,472 [INFO] __main__ — 뉴스 시점 제외 [상신브레이크]: 12건 (>14일/파싱실패)
2026-08-11 22:19:20,186 [INFO] __main__ — 뉴스 시점 제외 [한창제지]: 4건 (>14일/파싱실패)
2026-08-11 22:19:20,878 [INFO] __main__ — 뉴스 시점 제외 [화인베스틸]: 8건 (>14일/파싱실패)
2026-08-11 22:19:20,887 [INFO] __main__ — 뉴스 시점 제외 [디와이에이]: 7건 (>14일/파싱실패)
2026-08-11 22:19:22,179 [INFO] __main__ — 뉴스 시점 제외 [한익스프레스]: 1건 (>14일/파싱실패)
2026-08-11 22:19:24,306 [INFO] __main__ — 봇 주가요약 제외 [원익QnC]: 3건
2026-08-11 22:19:26,484 [INFO] __main__ — 뉴스 시점 제외 [동성화인텍]: 5건 (>14일/파싱실패)
2026-08-11 22:19:33,897 [INFO] __main__ — 뉴스 시점 제외 [리파인]: 9건 (>14일/파싱실패)
2026-08-11 22:19:34,752 [INFO] __main__ — 뉴스 시점 제외 [대원산업]: 4건 (>14일/파싱실패)
2026-08-11 22:19:35,018 [INFO] __main__ — 뉴스 시점 제외 [도우인시스]: 2건 (>14일/파싱실패)
2026-08-11 22:19:35,039 [INFO] __main__ — 봇 주가요약 제외 [칩스앤미디어]: 1건
2026-08-11 22:19:35,736 [INFO] __main__ — 뉴스 시점 제외 [이지바이오]: 10건 (>14일/파싱실패)
2026-08-11 22:19:37,262 [INFO] __main__ — 뉴스 시점 제외 [해성산업]: 9건 (>14일/파싱실패)
2026-08-11 22:19:42,664 [INFO] __main__ — 뉴스 시점 제외 [아이패밀리에스씨]: 2건 (>14일/파싱실패)
2026-08-11 22:19:44,344 [INFO] __main__ — 뉴스 시점 제외 [인선이엔티]: 9건 (>14일/파싱실패)
2026-08-11 22:19:44,612 [INFO] __main__ — 뉴스 시점 제외 [퓨릿]: 10건 (>14일/파싱실패)
2026-08-11 22:19:45,216 [INFO] __main__ — 뉴스 시점 제외 [동방메디컬]: 4건 (>14일/파싱실패)
2026-08-11 22:19:45,335 [INFO] __main__ — 봇 주가요약 제외 [오로스테크놀로지]: 1건
2026-08-11 22:19:45,783 [INFO] __main__ — 뉴스 시점 제외 [슈프리마에이치큐]: 4건 (>14일/파싱실패)
2026-08-11 22:19:46,349 [INFO] __main__ — 뉴스 시점 제외 [신화프리텍]: 7건 (>14일/파싱실패)
2026-08-11 22:19:47,049 [INFO] __main__ — 뉴스 시점 제외 [성도이엔지]: 4건 (>14일/파싱실패)
2026-08-11 22:19:48,623 [INFO] __main__ — 뉴스 시점 제외 [유아이엘]: 12건 (>14일/파싱실패)
2026-08-11 22:19:50,350 [INFO] __main__ — 뉴스 시점 제외 [메타바이오메드]: 4건 (>14일/파싱실패)
2026-08-11 22:19:50,583 [INFO] __main__ — 뉴스 시점 제외 [우리손에프앤지]: 12건 (>14일/파싱실패)
2026-08-11 22:19:50,915 [INFO] __main__ — 뉴스 시점 제외 [스모트로닉]: 8건 (>14일/파싱실패)
2026-08-11 22:19:51,111 [INFO] __main__ — 뉴스 시점 제외 [대정화금]: 11건 (>14일/파싱실패)
2026-08-11 22:19:51,707 [INFO] __main__ — 뉴스 시점 제외 [나인앤컴퍼니]: 11건 (>14일/파싱실패)
2026-08-11 22:19:52,045 [INFO] __main__ — 뉴스 시점 제외 [스톰테크]: 9건 (>14일/파싱실패)
2026-08-11 22:19:53,375 [INFO] __main__ — 뉴스 시점 제외 [에이치피오]: 10건 (>14일/파싱실패)
2026-08-11 22:19:53,968 [INFO] __main__ — 뉴스 시점 제외 [디와이피엔에프]: 12건 (>14일/파싱실패)
2026-08-11 22:19:55,066 [INFO] __main__ — 뉴스 시점 제외 [서원인텍]: 8건 (>14일/파싱실패)
2026-08-11 22:19:55,655 [INFO] __main__ — 뉴스 시점 제외 [동국S&C]: 8건 (>14일/파싱실패)
2026-08-11 22:19:56,009 [INFO] __main__ — 뉴스 시점 제외 [삼아제약]: 5건 (>14일/파싱실패)
2026-08-11 22:19:56,219 [INFO] __main__ — 뉴스 시점 제외 [지에프아이]: 7건 (>14일/파싱실패)
2026-08-11 22:19:56,577 [INFO] __main__ — 뉴스 시점 제외 [이니텍]: 10건 (>14일/파싱실패)
2026-08-11 22:19:57,154 [INFO] __main__ — 뉴스 시점 제외 [대림제지]: 13건 (>14일/파싱실패)
2026-08-11 22:19:58,551 [INFO] __main__ — 뉴스 시점 제외 [에코플라스틱]: 8건 (>14일/파싱실패)
2026-08-11 22:20:00,162 [INFO] __main__ — 뉴스 시점 제외 [선바이오]: 11건 (>14일/파싱실패)
2026-08-11 22:20:00,237 [INFO] __main__ — 뉴스 시점 제외 [포커스에이아이]: 8건 (>14일/파싱실패)
2026-08-11 22:20:00,553 [INFO] __main__ — 뉴스 시점 제외 [동국생명과학]: 12건 (>14일/파싱실패)
2026-08-11 22:20:00,733 [INFO] __main__ — 뉴스 시점 제외 [한국가구]: 3건 (>14일/파싱실패)
2026-08-11 22:20:02,504 [INFO] __main__ — 뉴스 시점 제외 [엔브이에이치코리아]: 13건 (>14일/파싱실패)
2026-08-11 22:20:02,543 [INFO] __main__ — 뉴스 시점 제외 [시공테크]: 9건 (>14일/파싱실패)
2026-08-11 22:20:02,833 [INFO] __main__ — 뉴스 시점 제외 [HC보광산업]: 11건 (>14일/파싱실패)
2026-08-11 22:20:03,067 [INFO] __main__ — 뉴스 시점 제외 [삼현철강]: 9건 (>14일/파싱실패)
2026-08-11 22:20:03,115 [INFO] __main__ — 뉴스 시점 제외 [라이온켐텍]: 10건 (>14일/파싱실패)
2026-08-11 22:20:03,397 [INFO] __main__ — 뉴스 시점 제외 [피제이전자]: 7건 (>14일/파싱실패)
2026-08-11 22:20:03,623 [INFO] __main__ — 뉴스 시점 제외 [양지사]: 14건 (>14일/파싱실패)
2026-08-11 22:20:04,750 [INFO] __main__ — 뉴스 시점 제외 [바이오에프디엔씨]: 1건 (>14일/파싱실패)
2026-08-11 22:20:05,325 [INFO] __main__ — 뉴스 시점 제외 [한일단조]: 6건 (>14일/파싱실패)
2026-08-11 22:20:06,533 [INFO] __main__ — 뉴스 시점 제외 [푸드웰]: 12건 (>14일/파싱실패)
2026-08-11 22:20:06,813 [INFO] __main__ — 뉴스 시점 제외 [셀바이오휴먼텍]: 11건 (>14일/파싱실패)
2026-08-11 22:20:07,108 [INFO] __main__ — 뉴스 시점 제외 [잉크테크]: 7건 (>14일/파싱실패)
2026-08-11 22:20:07,385 [INFO] __main__ — 뉴스 시점 제외 [센코]: 4건 (>14일/파싱실패)
2026-08-11 22:20:09,269 [INFO] __main__ — 뉴스 시점 제외 [코츠테크놀로지]: 7건 (>14일/파싱실패)
2026-08-11 22:20:09,413 [INFO] __main__ — 뉴스 시점 제외 [와이어블]: 6건 (>14일/파싱실패)
2026-08-11 22:20:09,982 [INFO] __main__ — 뉴스 시점 제외 [나래나노텍]: 8건 (>14일/파싱실패)
2026-08-11 22:20:10,402 [INFO] __main__ — 뉴스 시점 제외 [엔젯]: 10건 (>14일/파싱실패)
2026-08-11 22:20:10,892 [INFO] __main__ — 뉴스 시점 제외 [에스엠씨지]: 9건 (>14일/파싱실패)
2026-08-11 22:20:10,953 [INFO] __main__ — 뉴스 시점 제외 [알파칩스]: 7건 (>14일/파싱실패)
2026-08-11 22:20:11,456 [INFO] __main__ — 뉴스 시점 제외 [토탈소프트]: 10건 (>14일/파싱실패)
2026-08-11 22:20:12,079 [INFO] __main__ — 뉴스 시점 제외 [코렌텍]: 13건 (>14일/파싱실패)
2026-08-11 22:20:12,734 [INFO] __main__ — 뉴스 시점 제외 [동우팜투테이블]: 5건 (>14일/파싱실패)
2026-08-11 22:20:13,308 [INFO] __main__ — 뉴스 시점 제외 [진양제약]: 5건 (>14일/파싱실패)
2026-08-11 22:20:14,017 [INFO] __main__ — 뉴스 시점 제외 [디티씨]: 11건 (>14일/파싱실패)
2026-08-11 22:20:14,035 [INFO] __main__ — 뉴스 시점 제외 [푸른로보틱스]: 1건 (>14일/파싱실패)
2026-08-11 22:20:14,733 [INFO] __main__ — 뉴스 시점 제외 [구영테크]: 10건 (>14일/파싱실패)
2026-08-11 22:20:14,746 [INFO] __main__ — 뉴스 시점 제외 [엠투엔]: 8건 (>14일/파싱실패)
2026-08-11 22:20:15,867 [INFO] __main__ — 뉴스 시점 제외 [경창산업]: 6건 (>14일/파싱실패)
2026-08-11 22:20:16,015 [INFO] __main__ — 뉴스 시점 제외 [세코닉스]: 3건 (>14일/파싱실패)
2026-08-11 22:20:16,437 [INFO] __main__ — 뉴스 시점 제외 [삼진식품]: 14건 (>14일/파싱실패)
2026-08-11 22:20:16,454 [INFO] __main__ — 뉴스 시점 제외 [아이엠비디엑스]: 9건 (>14일/파싱실패)
2026-08-11 22:20:17,299 [INFO] __main__ — 뉴스 시점 제외 [SM Life Design]: 13건 (>14일/파싱실패)
2026-08-11 22:20:17,585 [INFO] __main__ — 뉴스 시점 제외 [제노레이]: 11건 (>14일/파싱실패)
2026-08-11 22:20:17,877 [INFO] __main__ — 뉴스 시점 제외 [HC홈센타]: 12건 (>14일/파싱실패)
2026-08-11 22:20:18,174 [INFO] __main__ — 뉴스 시점 제외 [윈팩]: 7건 (>14일/파싱실패)
2026-08-11 22:20:18,753 [INFO] __main__ — 뉴스 시점 제외 [HB인베스트먼트]: 5건 (>14일/파싱실패)
2026-08-11 22:20:19,012 [INFO] __main__ — 뉴스 시점 제외 [제이피아이헬스케어]: 2건 (>14일/파싱실패)
2026-08-11 22:20:19,324 [INFO] __main__ — 뉴스 시점 제외 [비아이매트릭스]: 11건 (>14일/파싱실패)
2026-08-11 22:20:19,337 [INFO] __main__ — 뉴스 시점 제외 [YW]: 15건 (>14일/파싱실패)
2026-08-11 22:20:19,900 [INFO] __main__ — 뉴스 시점 제외 [셀로맥스사이언스]: 5건 (>14일/파싱실패)
2026-08-11 22:20:21,052 [INFO] __main__ — 뉴스 시점 제외 [오비고]: 14건 (>14일/파싱실패)
2026-08-11 22:20:21,521 [INFO] __main__ — 뉴스 시점 제외 [에어레인]: 10건 (>14일/파싱실패)
2026-08-11 22:20:22,227 [INFO] __main__ — 뉴스 시점 제외 [NHN벅스]: 4건 (>14일/파싱실패)
2026-08-11 22:20:22,939 [INFO] __main__ — 뉴스 시점 제외 [한국팩키지]: 13건 (>14일/파싱실패)
2026-08-11 22:20:22,941 [INFO] __main__ — 뉴스 시점 제외 [상신전자]: 9건 (>14일/파싱실패)
2026-08-11 22:20:23,495 [INFO] __main__ — 뉴스 시점 제외 [진바이오텍]: 13건 (>14일/파싱실패)
2026-08-11 22:20:24,359 [INFO] __main__ — 뉴스 시점 제외 [린드먼아시아]: 14건 (>14일/파싱실패)
2026-08-11 22:20:24,626 [INFO] __main__ — 뉴스 시점 제외 [보라티알]: 10건 (>14일/파싱실패)
2026-08-11 22:20:24,937 [INFO] __main__ — 뉴스 시점 제외 [효성오앤비]: 10건 (>14일/파싱실패)
2026-08-11 22:20:25,203 [INFO] __main__ — 뉴스 시점 제외 [서연탑메탈]: 7건 (>14일/파싱실패)
2026-08-11 22:20:25,496 [INFO] __main__ — 뉴스 시점 제외 [백금T&A]: 3건 (>14일/파싱실패)
2026-08-11 22:20:26,335 [INFO] __main__ — 뉴스 시점 제외 [DH오토리드]: 13건 (>14일/파싱실패)
2026-08-11 22:20:26,912 [INFO] __main__ — 뉴스 시점 제외 [마이크로디지탈]: 10건 (>14일/파싱실패)
2026-08-11 22:20:27,208 [INFO] __main__ — 뉴스 시점 제외 [모헨즈]: 11건 (>14일/파싱실패)
2026-08-11 22:20:27,469 [INFO] __main__ — 뉴스 시점 제외 [이엠넷]: 12건 (>14일/파싱실패)
2026-08-11 22:20:27,915 [INFO] __main__ — 뉴스 시점 제외 [넥스턴앤롤코리아]: 11건 (>14일/파싱실패)
2026-08-11 22:20:28,337 [INFO] __main__ — 뉴스 시점 제외 [하이딥]: 9건 (>14일/파싱실패)
2026-08-11 22:20:29,041 [INFO] __main__ — 뉴스 시점 제외 [메가엠디]: 8건 (>14일/파싱실패)
2026-08-11 22:20:29,157 [INFO] __main__ — 뉴스 시점 제외 [다산디엠씨]: 12건 (>14일/파싱실패)
2026-08-11 22:20:29,743 [INFO] __main__ — 뉴스 시점 제외 [에코캡]: 9건 (>14일/파싱실패)
2026-08-11 22:20:30,930 [INFO] __main__ — 뉴스 시점 제외 [제이엔비]: 12건 (>14일/파싱실패)
2026-08-11 22:20:31,515 [INFO] __main__ — 뉴스 시점 제외 [베노티앤알]: 5건 (>14일/파싱실패)
2026-08-11 22:20:32,093 [INFO] __main__ — 뉴스 시점 제외 [에스에이티]: 13건 (>14일/파싱실패)
2026-08-11 22:20:33,157 [INFO] __main__ — 뉴스 시점 제외 [시큐브]: 3건 (>14일/파싱실패)
2026-08-11 22:20:33,258 [INFO] __main__ — POOL_A 후보 부정뉴스 2차 조회: 637개
2026-08-11 22:20:33,262 [INFO] __main__ — POOL_A: 859개 (A:810 B:19 동시:30) | 부정게이트 제외:3
  대형:41 중형:131 소형:687
2026-08-11 22:20:33,269 [INFO] __main__ —   → POOL_A: 859개
2026-08-11 22:20:33,269 [INFO] __main__ — ▶ Step 2: 하드 필터링
2026-08-11 22:20:33,270 [INFO] __main__ — 하드 필터 제거: 854개 | 과열배제 136 | 이격도상한 39 | 이격도하한 11 | MA추세 626 | RSI과열 12 | 거래대금 30
2026-08-11 22:20:33,273 [INFO] __main__ — 과열 gated 기록: 136개 → gated_tickers
2026-08-11 22:20:33,274 [INFO] __main__ — POOL_B: 5개 | 대형:0 중형:2 소형:3
2026-08-11 22:20:33,274 [INFO] __main__ —   → POOL_B: 5개
2026-08-11 22:20:33,274 [INFO] __main__ — ▶ Step 3: 스코어링 (FinBERT 감성 분석)
2026-08-11 22:20:33,274 [INFO] __main__ — NaverClient: 3개 키 로드 (DataLab·검색 독립 회전)
2026-08-11 22:20:33,274 [INFO] __main__ — 텍스트 신규 수집: 5종목 (캐시 적중 0종목)
2026-08-11 22:20:33,770 [INFO] __main__ — 뉴스 시점 제외 [이수화학]: 23건 (>14일/파싱실패)
2026-08-11 22:20:38,214 [INFO] __main__ — 뉴스 시점 제외 [데이타솔루션]: 16건 (>14일/파싱실패)
2026-08-11 22:20:41,563 [INFO] __main__ — 기사 보존(수집): 41건 (5종목) → news_articles
2026-08-11 22:20:41,565 [INFO] __main__ — 공시 보존(수집): 8건 (5종목) → dart_filings
2026-08-11 22:20:41,565 [INFO] __main__ — 수집 완료: 뉴스 41건 | 공시 8건
2026-08-11 22:20:41,566 [INFO] __main__ — FinBERT 감성 분석 (finbert 모드)...
2026-08-11 22:20:41,566 [INFO] __main__ — FinBERT 로딩: snunlp/KR-FinBert-SC (CPU, batch=8)
2026-08-11 22:20:41,679 [INFO] httpx — HTTP Request: GET https://huggingface.co/api/agent-harnesses "HTTP/1.1 200 OK"
2026-08-11 22:20:41,758 [INFO] httpx — HTTP Request: HEAD https://huggingface.co/snunlp/KR-FinBert-SC/resolve/main/config.json "HTTP/1.1 307 Temporary Redirect"
2026-08-11 22:20:41,764 [INFO] httpx — HTTP Request: HEAD https://huggingface.co/api/resolve-cache/models/snunlp/KR-FinBert-SC/f8586286cc3161fb648e9fee09a456069fd846d0/config.json "HTTP/1.1 200 OK"
2026-08-11 22:20:41,863 [INFO] httpx — HTTP Request: HEAD https://huggingface.co/snunlp/KR-FinBert-SC/resolve/main/model.safetensors "HTTP/1.1 404 Not Found"
2026-08-11 22:20:41,864 [WARNING] huggingface_hub.utils._http — Warning: You are sending unauthenticated requests to the HF Hub. Please set a HF_TOKEN to enable higher rate limits and faster downloads.
2026-08-11 22:20:42,018 [INFO] httpx — HTTP Request: GET https://huggingface.co/api/models/snunlp/KR-FinBert-SC "HTTP/1.1 200 OK"
2026-08-11 22:20:42,099 [INFO] httpx — HTTP Request: GET https://huggingface.co/api/models/snunlp/KR-FinBert-SC/tree/main/additional_chat_templates?recursive=false&expand=false "HTTP/1.1 404 Not Found"
2026-08-11 22:20:42,104 [INFO] httpx — HTTP Request: GET https://huggingface.co/api/models/snunlp/KR-FinBert-SC/commits/main "HTTP/1.1 200 OK"
2026-08-11 22:20:42,182 [INFO] httpx — HTTP Request: GET https://huggingface.co/api/models/snunlp/KR-FinBert-SC/tree/main?recursive=true&expand=false "HTTP/1.1 200 OK"
2026-08-11 22:20:42,199 [INFO] httpx — HTTP Request: GET https://huggingface.co/api/models/snunlp/KR-FinBert-SC/discussions?p=0 "HTTP/1.1 200 OK"
2026-08-11 22:20:42,280 [INFO] httpx — HTTP Request: HEAD https://huggingface.co/snunlp/KR-FinBert-SC/resolve/main/processor_config.json "HTTP/1.1 404 Not Found"
2026-08-11 22:20:42,288 [INFO] httpx — HTTP Request: GET https://huggingface.co/api/models/snunlp/KR-FinBert-SC/commits/refs%2Fpr%2F3 "HTTP/1.1 200 OK"
2026-08-11 22:20:42,365 [INFO] httpx — HTTP Request: HEAD https://huggingface.co/snunlp/KR-FinBert-SC/resolve/main/video_preprocessor_config.json "HTTP/1.1 404 Not Found"
2026-08-11 22:20:42,367 [INFO] httpx — HTTP Request: HEAD https://huggingface.co/snunlp/KR-FinBert-SC/resolve/refs%2Fpr%2F3/model.safetensors.index.json "HTTP/1.1 404 Not Found"
2026-08-11 22:20:42,446 [INFO] httpx — HTTP Request: HEAD https://huggingface.co/snunlp/KR-FinBert-SC/resolve/main/preprocessor_config.json "HTTP/1.1 404 Not Found"
2026-08-11 22:20:42,447 [INFO] httpx — HTTP Request: HEAD https://huggingface.co/snunlp/KR-FinBert-SC/resolve/refs%2Fpr%2F3/model.safetensors "HTTP/1.1 302 Found"
2026-08-11 22:20:42,448 [INFO] __main__ — FinBERT 로드 완료 (CPU)
2026-08-11 22:20:45,411 [INFO] __main__ — Phase A.1: 매핑 신뢰도 < 0.5 → 감성 점수 폐기 3건
2026-08-11 22:20:45,411 [INFO] __main__ — 스코어링: 5개 | 집중:0 | FinBERT:finbert
2026-08-11 22:20:45,426 [INFO] __main__ —   → 5개
2026-08-11 22:20:45,426 [INFO] __main__ — ▶ Step 4: 발송
2026-08-11 22:20:49,024 [WARNING] __main__ — 텔레그램 발송 실패 그룹 → mark_sent skip 1개 (다음 실행 시 재발송 대상)
2026-08-11 22:20:49,025 [INFO] __main__ — DB 기록: 0개 / 전체 to_send 1개
2026-08-11 22:20:49,025 [INFO] __main__ — 발송: 집중 0 / 주시 0
2026-08-11 22:20:49,025 [INFO] __main__ — 완료  |  소요: 1161.8초
