2026-09-28 17:48:28,125 [INFO] __main__ — config 검증 완료 ✓
2026-09-28 17:48:28,125 [INFO] __main__ — KIS 조회 도메인: 실전 (https://openapi.koreainvestment.com:9443)
2026-09-28 17:48:28,125 [INFO] __main__ — ============================================================
2026-09-28 17:48:28,125 [INFO] __main__ — AlphaRadar v3.3.1  |  기준일: 20260929  |  런: am
2026-09-28 17:48:28,125 [INFO] __main__ — S = T×0.3 + S_text×0.4 + D×0.3
2026-09-28 17:48:28,125 [INFO] __main__ — ============================================================
2026-09-28 17:48:28,125 [INFO] __main__ — ▶ Step 0: 유니버스 필터링
2026-09-28 17:48:28,446 [INFO] __main__ — FDR 데이터 수집: 20260326 ~ 20260929
2026-09-28 17:48:29,822 [INFO] __main__ — master universe 메타: 캐시 사용 2760개 (year=2026)
2026-09-28 17:48:29,824 [INFO] __main__ — master 보강: 등급 833개 | FnGuide/KSIC 2543개 | 섹터(fg_industry) 2543개
2026-09-28 17:48:29,825 [INFO] __main__ — KOSPI: 942개 | 섹터정보 830개 (DART +827개 보완)
2026-09-28 17:48:29,826 [INFO] __main__ — KOSDAQ: 1821개 | 섹터정보 1742개
2026-09-28 17:48:29,826 [INFO] __main__ — 전체: 2763개
2026-09-28 17:48:31,797 [INFO] __main__ — KIS 토큰 발급 완료
2026-09-28 17:55:36,201 [INFO] __main__ — DART corp_code 매핑: 885/910개 (97%)
2026-09-28 17:55:36,201 [INFO] __main__ — 유효 유니버스: 910개
2026-09-28 17:55:36,209 [INFO] __main__ —   → 910개
2026-09-28 17:55:36,209 [INFO] __main__ — ▶ Step 1: 신호 탐지
2026-09-28 17:55:36,210 [INFO] __main__ — NaverClient: 3개 키 로드 (DataLab·검색 독립 회전)
2026-09-28 17:55:36,210 [INFO] __main__ — 관심 지수 및 부정 뉴스 비율 조회 중...
2026-09-28 17:55:38,032 [INFO] __main__ — 봇 주가요약 제외 [SFA반도체]: 1건
2026-09-28 17:55:39,656 [INFO] __main__ — 봇 주가요약 제외 [빛과전자]: 3건
2026-09-28 17:55:41,247 [INFO] __main__ — 봇 주가요약 제외 [드림시큐리티]: 2건
2026-09-28 17:55:41,251 [INFO] __main__ — 봇 주가요약 제외 [엑스게이트]: 2건
2026-09-28 17:55:41,252 [INFO] __main__ — 봇 주가요약 제외 [우리로]: 2건
2026-09-28 17:55:42,831 [INFO] __main__ — 봇 주가요약 제외 [삼미금속]: 2건
2026-09-28 17:55:42,848 [INFO] __main__ — 봇 주가요약 제외 [성호전자]: 3건
2026-09-28 17:55:42,855 [INFO] __main__ — 봇 주가요약 제외 [KBI메탈]: 2건
2026-09-28 17:55:44,272 [INFO] __main__ — 봇 주가요약 제외 [대한전선]: 1건
2026-09-28 17:55:44,298 [INFO] __main__ — 봇 주가요약 제외 [우리기술투자]: 2건
2026-09-28 17:55:47,115 [INFO] __main__ — 봇 주가요약 제외 [아주IB투자]: 3건
2026-09-28 17:55:47,139 [INFO] __main__ — 봇 주가요약 제외 [우리기술]: 2건
2026-09-28 17:55:48,693 [INFO] __main__ — 봇 주가요약 제외 [인제니아테라퓨틱스(Reg.S)]: 1건
2026-09-28 17:55:48,715 [INFO] __main__ — 봇 주가요약 제외 [후성]: 3건
2026-09-28 17:55:51,889 [INFO] __main__ — 봇 주가요약 제외 [LG디스플레이]: 1건
2026-09-28 17:55:54,684 [INFO] __main__ — 봇 주가요약 제외 [이뮨온시아]: 2건
2026-09-28 17:55:56,119 [INFO] __main__ — 봇 주가요약 제외 [티이엠씨]: 2건
2026-09-28 17:55:59,900 [INFO] __main__ — 봇 주가요약 제외 [금호건설]: 1건
2026-09-28 17:56:02,334 [INFO] __main__ — 봇 주가요약 제외 [티엠씨]: 1건
2026-09-28 17:56:03,558 [INFO] __main__ — 봇 주가요약 제외 [제이앤티씨]: 1건
2026-09-28 17:56:03,603 [INFO] __main__ — 봇 주가요약 제외 [뉴파워프라즈마]: 1건
2026-09-28 17:56:04,289 [INFO] __main__ — 봇 주가요약 제외 [아이씨티케이]: 2건
2026-09-28 17:56:04,854 [INFO] __main__ — 봇 주가요약 제외 [휴림로봇]: 1건
2026-09-28 17:56:05,530 [INFO] __main__ — 봇 주가요약 제외 [피노]: 1건
2026-09-28 17:56:07,336 [INFO] __main__ — 봇 주가요약 제외 [오름테라퓨틱]: 1건
2026-09-28 17:56:09,418 [INFO] __main__ — 봇 주가요약 제외 [대덕전자]: 1건
2026-09-28 17:56:11,202 [INFO] __main__ — 봇 주가요약 제외 [HPSP]: 1건
2026-09-28 17:56:14,351 [INFO] __main__ — 뉴스 시점 제외 [대아티아이]: 7건 (>14일/파싱실패)
2026-09-28 17:56:14,678 [INFO] __main__ — 봇 주가요약 제외 [이수페타시스]: 2건
2026-09-28 17:56:15,914 [INFO] __main__ — 봇 주가요약 제외 [메가터치]: 1건
2026-09-28 17:56:16,781 [INFO] __main__ — 봇 주가요약 제외 [저스템]: 1건
2026-09-28 17:56:17,429 [INFO] __main__ — 봇 주가요약 제외 [한솔테크닉스]: 1건
2026-09-28 17:56:22,404 [INFO] __main__ — 봇 주가요약 제외 [엠케이전자]: 1건
2026-09-28 17:56:23,312 [INFO] __main__ — 봇 주가요약 제외 [피델릭스]: 1건
2026-09-28 17:56:24,883 [INFO] __main__ — 봇 주가요약 제외 [티엘비]: 1건
2026-09-28 17:56:25,767 [INFO] __main__ — 봇 주가요약 제외 [제주반도체]: 2건
2026-09-28 17:56:28,595 [INFO] __main__ — 봇 주가요약 제외 [한양디지텍]: 1건
2026-09-28 17:56:29,474 [INFO] __main__ — 봇 주가요약 제외 [SK이터닉스]: 1건
2026-09-28 17:56:29,838 [INFO] __main__ — 봇 주가요약 제외 [RFHIC]: 1건
2026-09-28 17:56:30,395 [INFO] __main__ — 봇 주가요약 제외 [페니트리움바이오]: 2건
2026-09-28 17:56:35,330 [INFO] __main__ — 뉴스 시점 제외 [KB스타리츠]: 8건 (>14일/파싱실패)
2026-09-28 17:56:36,046 [INFO] __main__ — 봇 주가요약 제외 [코오롱티슈진]: 2건
2026-09-28 17:56:37,492 [INFO] __main__ — 봇 주가요약 제외 [일진전기]: 2건
2026-09-28 17:56:38,160 [INFO] __main__ — 봇 주가요약 제외 [실리콘투]: 1건
2026-09-28 17:56:38,736 [INFO] __main__ — 뉴스 시점 제외 [엘브이엠씨홀딩스]: 11건 (>14일/파싱실패)
2026-09-28 17:56:40,005 [INFO] __main__ — 뉴스 시점 제외 [맥쿼리인프라]: 4건 (>14일/파싱실패)
2026-09-28 17:56:41,247 [INFO] __main__ — 봇 주가요약 제외 [코미코]: 2건
2026-09-28 17:56:42,475 [INFO] __main__ — 뉴스 시점 제외 [와이지-원]: 7건 (>14일/파싱실패)
2026-09-28 17:56:43,119 [INFO] __main__ — 봇 주가요약 제외 [파두]: 2건
2026-09-28 17:56:43,698 [INFO] __main__ — 봇 주가요약 제외 [두산퓨얼셀]: 2건
2026-09-28 17:56:44,354 [INFO] __main__ — 뉴스 시점 제외 [KB발해인프라]: 14건 (>14일/파싱실패)
2026-09-28 17:56:47,410 [INFO] __main__ — 뉴스 시점 제외 [글로벌텍스프리]: 10건 (>14일/파싱실패)
2026-09-28 17:56:48,656 [INFO] __main__ — 봇 주가요약 제외 [오이솔루션]: 2건
2026-09-28 17:56:51,169 [INFO] __main__ — 봇 주가요약 제외 [갤럭시아머니트리]: 1건
2026-09-28 17:56:52,284 [INFO] __main__ — 봇 주가요약 제외 [LG씨엔에스]: 1건
2026-09-28 17:56:52,411 [INFO] __main__ — 봇 주가요약 제외 [서울반도체]: 2건
2026-09-28 17:56:52,422 [INFO] __main__ — 봇 주가요약 제외 [가온전선]: 1건
2026-09-28 17:56:59,631 [INFO] __main__ — 뉴스 시점 제외 [동국홀딩스]: 9건 (>14일/파싱실패)
2026-09-28 17:57:00,255 [INFO] __main__ — 봇 주가요약 제외 [에이비엘바이오]: 1건
2026-09-28 17:57:00,869 [INFO] __main__ — 뉴스 시점 제외 [에스에이엠티]: 8건 (>14일/파싱실패)
2026-09-28 17:57:02,730 [INFO] __main__ — 봇 주가요약 제외 [명신산업]: 1건
2026-09-28 17:57:12,157 [INFO] __main__ — 뉴스 시점 제외 [ESR켄달스퀘어리츠]: 11건 (>14일/파싱실패)
2026-09-28 17:57:20,092 [INFO] __main__ — 봇 주가요약 제외 [피에스케이]: 1건
2026-09-28 17:57:22,127 [INFO] __main__ — 뉴스 시점 제외 [하림지주]: 2건 (>14일/파싱실패)
2026-09-28 17:57:23,781 [INFO] __main__ — 뉴스 시점 제외 [유니셈]: 8건 (>14일/파싱실패)
2026-09-28 17:57:23,781 [INFO] __main__ — 봇 주가요약 제외 [유니셈]: 2건
2026-09-28 17:57:27,054 [INFO] __main__ — 뉴스 시점 제외 [서부T&D]: 6건 (>14일/파싱실패)
2026-09-28 17:57:29,542 [INFO] __main__ — 봇 주가요약 제외 [아스플로]: 2건
2026-09-28 17:57:29,986 [INFO] __main__ — 뉴스 시점 제외 [미래에셋증권2우B]: 4건 (>14일/파싱실패)
2026-09-28 17:57:33,277 [INFO] __main__ — 봇 주가요약 제외 [칩스앤미디어]: 1건
2026-09-28 17:57:35,731 [INFO] __main__ — 봇 주가요약 제외 [태성]: 1건
2026-09-28 17:57:36,186 [INFO] __main__ — 뉴스 시점 제외 [휴스틸]: 12건 (>14일/파싱실패)
2026-09-28 17:57:42,230 [INFO] __main__ — 봇 주가요약 제외 [알지노믹스]: 1건
2026-09-28 17:57:44,727 [INFO] __main__ — 뉴스 시점 제외 [디아이씨]: 8건 (>14일/파싱실패)
2026-09-28 17:57:47,184 [INFO] __main__ — 봇 주가요약 제외 [유니테스트]: 1건
2026-09-28 17:57:48,485 [INFO] __main__ — 봇 주가요약 제외 [테스]: 1건
2026-09-28 17:57:48,527 [INFO] __main__ — 봇 주가요약 제외 [필옵틱스]: 1건
2026-09-28 17:57:49,655 [INFO] __main__ — 봇 주가요약 제외 [해성디에스]: 1건
2026-09-28 17:57:50,879 [INFO] __main__ — 봇 주가요약 제외 [파이버프로]: 1건
2026-09-28 17:57:52,230 [INFO] __main__ — 봇 주가요약 제외 [에스피지]: 1건
2026-09-28 17:57:57,863 [INFO] __main__ — 뉴스 시점 제외 [이수화학]: 4건 (>14일/파싱실패)
2026-09-28 17:57:59,452 [INFO] __main__ — 봇 주가요약 제외 [티로보틱스]: 1건
2026-09-28 17:57:59,457 [INFO] __main__ — 봇 주가요약 제외 [산일전기]: 1건
2026-09-28 17:58:05,023 [INFO] __main__ — 봇 주가요약 제외 [가온칩스]: 1건
2026-09-28 17:58:06,073 [INFO] __main__ — 뉴스 시점 제외 [남해화학]: 5건 (>14일/파싱실패)
2026-09-28 17:58:08,597 [INFO] __main__ — 뉴스 시점 제외 [맵스리얼티]: 13건 (>14일/파싱실패)
2026-09-28 17:58:15,133 [INFO] __main__ — 봇 주가요약 제외 [에스앤에스텍]: 2건
2026-09-28 17:58:16,363 [INFO] __main__ — 봇 주가요약 제외 [서울바이오시스]: 1건
2026-09-28 17:58:18,867 [INFO] __main__ — 봇 주가요약 제외 [원익QnC]: 1건
2026-09-28 17:58:24,648 [INFO] __main__ — 봇 주가요약 제외 [켐트로닉스]: 2건
2026-09-28 17:58:25,081 [INFO] __main__ — 뉴스 시점 제외 [신한알파리츠]: 11건 (>14일/파싱실패)
2026-09-28 17:58:31,289 [INFO] __main__ — 봇 주가요약 제외 [코스모신소재]: 1건
2026-09-28 17:58:38,897 [INFO] __main__ — 뉴스 시점 제외 [현대차2우B]: 10건 (>14일/파싱실패)
2026-09-28 17:58:39,747 [INFO] __main__ — 봇 주가요약 제외 [대주전자재료]: 1건
2026-09-28 17:58:41,377 [INFO] __main__ — 뉴스 시점 제외 [한국알콜]: 10건 (>14일/파싱실패)
2026-09-28 17:58:43,862 [INFO] __main__ — 봇 주가요약 제외 [펩트론]: 1건
2026-09-28 17:58:47,856 [INFO] __main__ — 봇 주가요약 제외 [SFA]: 1건
2026-09-28 17:58:48,496 [INFO] __main__ — 봇 주가요약 제외 [범한퓨얼셀]: 1건
2026-09-28 17:58:51,573 [INFO] __main__ — 뉴스 시점 제외 [젬백스]: 9건 (>14일/파싱실패)
2026-09-28 17:58:52,201 [INFO] __main__ — 뉴스 시점 제외 [이지홀딩스]: 10건 (>14일/파싱실패)
2026-09-28 17:58:55,903 [INFO] __main__ — 봇 주가요약 제외 [에스비비테크]: 1건
2026-09-28 17:58:56,369 [INFO] __main__ — 뉴스 시점 제외 [한화리츠]: 10건 (>14일/파싱실패)
2026-09-28 17:59:01,000 [INFO] __main__ — 뉴스 시점 제외 [대원강업]: 5건 (>14일/파싱실패)
2026-09-28 17:59:03,501 [INFO] __main__ — 뉴스 시점 제외 [코람코라이프인프라리츠]: 7건 (>14일/파싱실패)
2026-09-28 17:59:05,708 [INFO] __main__ — 뉴스 시점 제외 [신흥에스이씨]: 4건 (>14일/파싱실패)
2026-09-28 17:59:11,296 [INFO] __main__ — 봇 주가요약 제외 [하나머티리얼즈]: 1건
2026-09-28 17:59:11,398 [INFO] __main__ — 부정 키워드 감지: 17개 종목 (neg_ratio > 0)
2026-09-28 17:59:11,400 [INFO] __main__ — 수급일수충족·합계음수 제외: 68개
2026-09-28 17:59:13,370 [INFO] __main__ — 봇 주가요약 제외 [코스맥스]: 1건
2026-09-28 17:59:15,547 [INFO] __main__ — 뉴스 시점 제외 [삼성전기우]: 8건 (>14일/파싱실패)
2026-09-28 17:59:18,774 [INFO] __main__ — 뉴스 시점 제외 [미원상사]: 6건 (>14일/파싱실패)
2026-09-28 17:59:19,433 [INFO] __main__ — 뉴스 시점 제외 [한화3우B]: 13건 (>14일/파싱실패)
2026-09-28 17:59:19,475 [INFO] __main__ — 뉴스 시점 제외 [CJ4우(전환)]: 15건 (>14일/파싱실패)
2026-09-28 17:59:20,151 [INFO] __main__ — 뉴스 시점 제외 [풍산홀딩스]: 10건 (>14일/파싱실패)
2026-09-28 17:59:20,829 [INFO] __main__ — 봇 주가요약 제외 [케이씨]: 1건
2026-09-28 17:59:21,456 [INFO] __main__ — 뉴스 시점 제외 [조광피혁]: 9건 (>14일/파싱실패)
2026-09-28 17:59:21,523 [INFO] __main__ — 뉴스 시점 제외 [아모레퍼시픽우]: 12건 (>14일/파싱실패)
2026-09-28 17:59:22,175 [INFO] __main__ — 뉴스 시점 제외 [신대양제지]: 15건 (>14일/파싱실패)
2026-09-28 17:59:22,822 [INFO] __main__ — 뉴스 시점 제외 [일진홀딩스]: 1건 (>14일/파싱실패)
2026-09-28 17:59:22,882 [INFO] __main__ — 뉴스 시점 제외 [S-Oil우]: 13건 (>14일/파싱실패)
2026-09-28 17:59:24,929 [INFO] __main__ — 뉴스 시점 제외 [송원산업]: 9건 (>14일/파싱실패)
2026-09-28 17:59:25,621 [INFO] __main__ — 뉴스 시점 제외 [이지스밸류플러스리츠]: 10건 (>14일/파싱실패)
2026-09-28 17:59:26,203 [INFO] __main__ — 뉴스 시점 제외 [삼영전자]: 11건 (>14일/파싱실패)
2026-09-28 17:59:26,302 [INFO] __main__ — 뉴스 시점 제외 [신한서부티엔디리츠]: 11건 (>14일/파싱실패)
2026-09-28 17:59:27,591 [INFO] __main__ — 뉴스 시점 제외 [대신밸류리츠]: 14건 (>14일/파싱실패)
2026-09-28 17:59:27,661 [INFO] __main__ — 뉴스 시점 제외 [미원화학]: 11건 (>14일/파싱실패)
2026-09-28 17:59:28,345 [INFO] __main__ — 뉴스 시점 제외 [LG생활건강우]: 12건 (>14일/파싱실패)
2026-09-28 17:59:28,353 [INFO] __main__ — 뉴스 시점 제외 [LG우]: 14건 (>14일/파싱실패)
2026-09-28 17:59:28,934 [INFO] __main__ — 뉴스 시점 제외 [천일고속]: 12건 (>14일/파싱실패)
2026-09-28 17:59:29,723 [INFO] __main__ — 뉴스 시점 제외 [큐리옥스바이오시스템즈]: 10건 (>14일/파싱실패)
2026-09-28 17:59:30,285 [INFO] __main__ — 봇 주가요약 제외 [솔브레인홀딩스]: 1건
2026-09-28 17:59:32,437 [INFO] __main__ — 뉴스 시점 제외 [삼지전자]: 3건 (>14일/파싱실패)
2026-09-28 17:59:33,664 [INFO] __main__ — 뉴스 시점 제외 [토모큐브]: 5건 (>14일/파싱실패)
2026-09-28 17:59:35,690 [INFO] __main__ — 봇 주가요약 제외 [매커스]: 1건
2026-09-28 17:59:37,223 [INFO] __main__ — 뉴스 시점 제외 [한라IMS]: 8건 (>14일/파싱실패)
2026-09-28 17:59:37,908 [INFO] __main__ — 뉴스 시점 제외 [필에너지]: 8건 (>14일/파싱실패)
2026-09-28 17:59:38,583 [INFO] __main__ — 봇 주가요약 제외 [우주일렉트로]: 1건
2026-09-28 17:59:38,603 [INFO] __main__ — 뉴스 시점 제외 [케이티알파]: 12건 (>14일/파싱실패)
2026-09-28 17:59:39,261 [INFO] __main__ — 봇 주가요약 제외 [대명에너지]: 1건
2026-09-28 17:59:39,269 [INFO] __main__ — 뉴스 시점 제외 [피에이치에이]: 8건 (>14일/파싱실패)
2026-09-28 17:59:41,992 [INFO] __main__ — 뉴스 시점 제외 [JTC]: 7건 (>14일/파싱실패)
2026-09-28 17:59:42,628 [INFO] __main__ — 뉴스 시점 제외 [엠로]: 5건 (>14일/파싱실패)
2026-09-28 17:59:42,774 [INFO] __main__ — POOL_A 후보 부정뉴스 2차 조회: 135개
2026-09-28 17:59:42,775 [INFO] __main__ — POOL_A: 358개 (A:357 B:1 동시:0) | 부정게이트 제외:2
  대형:37 중형:151 소형:170
2026-09-28 17:59:42,778 [INFO] __main__ — 대조군 표본(무신호): 40개 / 모집단 552개 → pool_history
2026-09-28 17:59:42,780 [INFO] __main__ —   → POOL_A: 358개
2026-09-28 17:59:42,780 [INFO] __main__ — ▶ Step 2: 하드 필터링
2026-09-28 17:59:42,781 [INFO] __main__ — 하드 필터 제거: 342개 | 과열배제 57 | 이격도상한 11 | 이격도하한 5 | MA추세 189 | RSI과열 5 | 거래대금 75
2026-09-28 17:59:42,782 [INFO] __main__ — 과열 gated 기록: 57개 → gated_tickers
2026-09-28 17:59:42,784 [INFO] __main__ — 대조군 표본(필터탈락): 141개 / 모집단 342개 → pool_history
2026-09-28 17:59:42,785 [INFO] __main__ — POOL_B: 16개 | 대형:2 중형:8 소형:6
2026-09-28 17:59:42,785 [INFO] __main__ —   → POOL_B: 16개
2026-09-28 17:59:42,785 [INFO] __main__ — ▶ Step 3: 스코어링 (FinBERT 감성 분석)
2026-09-28 17:59:42,785 [INFO] __main__ — NaverClient: 3개 키 로드 (DataLab·검색 독립 회전)
2026-09-28 17:59:42,785 [INFO] __main__ — 텍스트 신규 수집: 16종목 (캐시 적중 0종목)
2026-09-28 17:59:43,389 [INFO] __main__ — 봇 주가요약 제외 [SK이터닉스]: 4건
2026-09-28 17:59:43,416 [INFO] __main__ — 뉴스 시점 제외 [삼성전기우]: 23건 (>14일/파싱실패)
2026-09-28 17:59:44,086 [INFO] __main__ — 봇 주가요약 제외 [광전자]: 2건
2026-09-28 17:59:47,463 [INFO] __main__ — 봇 주가요약 제외 [HPSP]: 1건
2026-09-28 17:59:48,662 [INFO] __main__ — 봇 주가요약 제외 [테스]: 1건
2026-09-28 17:59:51,661 [INFO] __main__ — 봇 주가요약 제외 [제이앤티씨]: 1건
2026-09-28 17:59:52,372 [INFO] __main__ — 봇 주가요약 제외 [지엔씨에너지]: 2건
2026-09-28 17:59:55,883 [INFO] __main__ — 봇 주가요약 제외 [우리기술투자]: 2건
2026-09-28 17:59:56,740 [INFO] __main__ — 뉴스 시점 제외 [저스템]: 18건 (>14일/파싱실패)
2026-09-28 17:59:56,740 [INFO] __main__ — 봇 주가요약 제외 [저스템]: 1건
2026-09-28 18:00:00,078 [INFO] __main__ — 봇 주가요약 제외 [삼미금속]: 4건
2026-09-28 18:00:00,417 [INFO] __main__ — 봇 주가요약 제외 [더즌]: 2건
2026-09-28 18:00:00,983 [INFO] __main__ — 뉴스 시점 제외 [티씨머티리얼즈]: 21건 (>14일/파싱실패)
2026-09-28 18:00:04,496 [INFO] __main__ — 기사 보존(수집): 118건 (16종목) → news_articles
2026-09-28 18:00:04,498 [INFO] __main__ — 공시 보존(수집): 23건 (16종목) → dart_filings
2026-09-28 18:00:04,499 [INFO] __main__ — 수집 완료: 뉴스 118건 | 공시 23건
2026-09-28 18:00:04,499 [INFO] __main__ — FinBERT 감성 분석 (finbert 모드)...
2026-09-28 18:00:04,499 [INFO] __main__ — FinBERT 로딩: snunlp/KR-FinBert-SC (CPU, batch=8)
2026-09-28 18:00:04,569 [INFO] httpx — HTTP Request: GET https://huggingface.co/api/agent-harnesses "HTTP/1.1 200 OK"
2026-09-28 18:00:04,615 [INFO] httpx — HTTP Request: HEAD https://huggingface.co/snunlp/KR-FinBert-SC/resolve/main/config.json "HTTP/1.1 307 Temporary Redirect"
2026-09-28 18:00:04,615 [WARNING] huggingface_hub.utils._http — Warning: You are sending unauthenticated requests to the HF Hub. Please set a HF_TOKEN to enable higher rate limits and faster downloads.
2026-09-28 18:00:04,624 [INFO] httpx — HTTP Request: HEAD https://huggingface.co/api/resolve-cache/models/snunlp/KR-FinBert-SC/f8586286cc3161fb648e9fee09a456069fd846d0/config.json?%2Fsnunlp%2FKR-FinBert-SC%2Fresolve%2Fmain%2Fconfig.json=&etag=%22bd00b2460e394f69e29e6438699e074cbac9584e%22 "HTTP/1.1 200 OK"
2026-09-28 18:00:04,691 [INFO] httpx — HTTP Request: HEAD https://huggingface.co/snunlp/KR-FinBert-SC/resolve/main/model.safetensors "HTTP/1.1 404 Not Found"
2026-09-28 18:00:04,736 [INFO] httpx — HTTP Request: GET https://huggingface.co/api/models/snunlp/KR-FinBert-SC "HTTP/1.1 200 OK"
2026-09-28 18:00:04,809 [INFO] httpx — HTTP Request: GET https://huggingface.co/api/models/snunlp/KR-FinBert-SC/commits/main "HTTP/1.1 200 OK"
2026-09-28 18:00:04,857 [INFO] httpx — HTTP Request: GET https://huggingface.co/api/models/snunlp/KR-FinBert-SC/tree/main/additional_chat_templates?recursive=false&expand=false "HTTP/1.1 404 Not Found"
2026-09-28 18:00:04,858 [INFO] httpx — HTTP Request: GET https://huggingface.co/api/models/snunlp/KR-FinBert-SC/discussions?p=0 "HTTP/1.1 200 OK"
2026-09-28 18:00:04,899 [INFO] httpx — HTTP Request: GET https://huggingface.co/api/models/snunlp/KR-FinBert-SC/tree/main?recursive=true&expand=false "HTTP/1.1 200 OK"
2026-09-28 18:00:04,918 [INFO] httpx — HTTP Request: GET https://huggingface.co/api/models/snunlp/KR-FinBert-SC/commits/refs%2Fpr%2F3 "HTTP/1.1 200 OK"
2026-09-28 18:00:04,958 [INFO] httpx — HTTP Request: HEAD https://huggingface.co/snunlp/KR-FinBert-SC/resolve/refs%2Fpr%2F3/model.safetensors.index.json "HTTP/1.1 404 Not Found"
2026-09-28 18:00:04,959 [INFO] httpx — HTTP Request: HEAD https://huggingface.co/snunlp/KR-FinBert-SC/resolve/main/processor_config.json "HTTP/1.1 404 Not Found"
2026-09-28 18:00:04,993 [INFO] httpx — HTTP Request: HEAD https://huggingface.co/snunlp/KR-FinBert-SC/resolve/main/video_preprocessor_config.json "HTTP/1.1 404 Not Found"
2026-09-28 18:00:04,999 [INFO] httpx — HTTP Request: HEAD https://huggingface.co/snunlp/KR-FinBert-SC/resolve/refs%2Fpr%2F3/model.safetensors "HTTP/1.1 302 Found"
2026-09-28 18:00:05,031 [INFO] httpx — HTTP Request: HEAD https://huggingface.co/snunlp/KR-FinBert-SC/resolve/main/preprocessor_config.json "HTTP/1.1 404 Not Found"
2026-09-28 18:00:05,032 [INFO] __main__ — FinBERT 로드 완료 (CPU)
2026-09-28 18:00:23,899 [INFO] __main__ — Phase A.1: 매핑 신뢰도 < 0.5 → 감성 점수 폐기 12건
2026-09-28 18:00:23,899 [INFO] __main__ — [shadow] 필드별 검사 기준 폐기 0/15종목 (집행 12건 — 변동 없음)
2026-09-28 18:00:23,899 [INFO] __main__ — 스코어링: 16개 | 집중:0 | FinBERT:finbert
2026-09-28 18:00:23,917 [INFO] __main__ —   → 16개
2026-09-28 18:00:23,917 [INFO] __main__ — ▶ Step 4: 발송
2026-09-28 18:00:27,819 [INFO] __main__ — DB 기록: 9개 / 전체 to_send 9개
2026-09-28 18:00:27,819 [INFO] __main__ — 발송: 9종목 | 누적 4~10회 1 | 신규 0
2026-09-28 18:00:27,819 [INFO] __main__ — 완료  |  소요: 719.7초
2026-09-28 18:00:29,103 [INFO] track_outcomes — pool_history 대조군 10042건 추적 대상 포함
2026-09-28 18:00:29,179 [INFO] track_outcomes — 고아 행 150건 복원 (targets에서 탈락한 미완 키)
2026-09-28 18:00:29,179 [INFO] track_outcomes — 대상 19998건 | 갱신 필요 8789건 | 완료 스킵 11359건
2026-09-28 18:00:29,181 [INFO] track_outcomes —   가격 조회 고유 종목 945개 (기존 359 + 대조군 추가 586)
2026-09-28 18:18:09,799 [INFO] track_outcomes — outcomes 적재: 신규 254건 | 갱신(신규+보완) 402건
