2026-06-07 23:42:53,852 [INFO] __main__ — config 검증 완료 ✓
2026-06-07 23:42:53,852 [INFO] __main__ — ============================================================
2026-06-07 23:42:53,852 [INFO] __main__ — AlphaRadar v3.3.1  |  기준일: 20260607
2026-06-07 23:42:53,852 [INFO] __main__ — S = T×0.3 + S_text×0.4 + D×0.3
2026-06-07 23:42:53,852 [INFO] __main__ — ============================================================
2026-06-07 23:42:53,852 [INFO] __main__ — ▶ Step 0: 유니버스 필터링
2026-06-07 23:42:54,021 [INFO] __main__ — 날짜 조정: 20260607 → 20260605
2026-06-07 23:42:54,021 [INFO] __main__ — FDR 데이터 수집: 20251130 ~ 20260605
2026-06-07 23:42:55,771 [INFO] __main__ — KOSPI: 948개 | 섹터정보 838개 (DART +838개 보완)
2026-06-07 23:42:55,772 [INFO] __main__ — KOSDAQ: 1822개 | 섹터정보 1822개
2026-06-07 23:42:55,772 [INFO] __main__ — 전체: 2770개
2026-06-07 23:42:58,711 [INFO] __main__ — KIS 토큰 발급 완료
2026-06-07 23:59:02,741 [INFO] __main__ — DART corp_code 매핑: 2227/2280개 (97%)
2026-06-07 23:59:02,741 [INFO] __main__ — 유효 유니버스: 2280개
2026-06-07 23:59:02,752 [INFO] __main__ —   → 2280개
2026-06-07 23:59:02,752 [INFO] __main__ — ▶ Step 1: 신호 탐지
2026-06-07 23:59:02,752 [INFO] __main__ — NaverClient: 3개 키 로드 (DataLab·검색 독립 회전)
2026-06-07 23:59:02,752 [INFO] __main__ — 관심 지수 및 부정 뉴스 비율 조회 중...
2026-06-08 00:03:07,896 [INFO] __main__ — 부정 키워드 감지: 26개 종목 (neg_ratio > 0)
2026-06-08 00:03:07,902 [INFO] __main__ — POOL_A: 1012개 (A:999 B:2 동시:11)
  대형:74 중형:183 소형:755
2026-06-08 00:03:07,907 [INFO] __main__ —   → POOL_A: 1012개
2026-06-08 00:03:07,907 [INFO] __main__ — ▶ Step 2: 하드 필터링
2026-06-08 00:03:07,908 [INFO] __main__ — 하드 필터 제거: 940개 | 이격도상한 37 | 이격도하한 695 | MA추세 127 | RSI과열 2 | 거래대금 79
2026-06-08 00:03:07,908 [INFO] __main__ — POOL_B: 72개 | 대형:16 중형:18 소형:38
2026-06-08 00:03:07,908 [INFO] __main__ —   → POOL_B: 72개
2026-06-08 00:03:07,908 [INFO] __main__ — ▶ Step 3: 스코어링 (FinBERT 감성 분석)
2026-06-08 00:03:07,908 [INFO] __main__ — NaverClient: 3개 키 로드 (DataLab·검색 독립 회전)
2026-06-08 00:03:07,908 [INFO] __main__ — 텍스트 신규 수집: 72종목 (캐시 적중 0종목)
2026-06-08 00:04:56,820 [INFO] __main__ — 수집 완료: 뉴스 603건 | 공시 647건
2026-06-08 00:04:56,820 [INFO] __main__ — FinBERT 감성 분석 (finbert 모드)...
2026-06-08 00:04:56,820 [INFO] __main__ — FinBERT 로딩: snunlp/KR-FinBert-SC (CPU, batch=8)
2026-06-08 00:04:56,899 [INFO] httpx — HTTP Request: HEAD https://huggingface.co/snunlp/KR-FinBert-SC/resolve/main/config.json "HTTP/1.1 307 Temporary Redirect"
2026-06-08 00:04:56,899 [WARNING] huggingface_hub.utils._http — Warning: You are sending unauthenticated requests to the HF Hub. Please set a HF_TOKEN to enable higher rate limits and faster downloads.
2026-06-08 00:04:56,905 [INFO] httpx — HTTP Request: HEAD https://huggingface.co/api/resolve-cache/models/snunlp/KR-FinBert-SC/f8586286cc3161fb648e9fee09a456069fd846d0/config.json "HTTP/1.1 200 OK"
2026-06-08 00:04:56,943 [INFO] httpx — HTTP Request: HEAD https://huggingface.co/snunlp/KR-FinBert-SC/resolve/main/model.safetensors "HTTP/1.1 404 Not Found"
2026-06-08 00:04:56,969 [INFO] httpx — HTTP Request: GET https://huggingface.co/api/models/snunlp/KR-FinBert-SC "HTTP/1.1 200 OK"
2026-06-08 00:04:57,023 [INFO] httpx — HTTP Request: GET https://huggingface.co/api/models/snunlp/KR-FinBert-SC/commits/main "HTTP/1.1 200 OK"
2026-06-08 00:04:57,054 [INFO] httpx — HTTP Request: GET https://huggingface.co/api/models/snunlp/KR-FinBert-SC/discussions?p=0 "HTTP/1.1 200 OK"
2026-06-08 00:04:57,077 [INFO] httpx — HTTP Request: GET https://huggingface.co/api/models/snunlp/KR-FinBert-SC/tree/main/additional_chat_templates?recursive=false&expand=false "HTTP/1.1 404 Not Found"
2026-06-08 00:04:57,086 [INFO] httpx — HTTP Request: GET https://huggingface.co/api/models/snunlp/KR-FinBert-SC/commits/refs%2Fpr%2F3 "HTTP/1.1 200 OK"
2026-06-08 00:04:57,104 [INFO] httpx — HTTP Request: HEAD https://huggingface.co/snunlp/KR-FinBert-SC/resolve/refs%2Fpr%2F3/model.safetensors.index.json "HTTP/1.1 404 Not Found"
2026-06-08 00:04:57,109 [INFO] httpx — HTTP Request: GET https://huggingface.co/api/models/snunlp/KR-FinBert-SC/tree/main?recursive=true&expand=false "HTTP/1.1 200 OK"
2026-06-08 00:04:57,128 [INFO] __main__ — FinBERT 로드 완료 (CPU)
2026-06-08 00:04:57,129 [INFO] httpx — HTTP Request: HEAD https://huggingface.co/snunlp/KR-FinBert-SC/resolve/refs%2Fpr%2F3/model.safetensors "HTTP/1.1 302 Found"
2026-06-08 00:05:44,710 [INFO] __main__ — Phase A.1: 매핑 신뢰도 < 0.5 → 감성 점수 폐기 56건
2026-06-08 00:05:44,710 [INFO] __main__ — 스코어링: 72개 | 집중:0 | FinBERT:finbert
2026-06-08 00:05:44,728 [INFO] __main__ —   → 72개
2026-06-08 00:05:44,728 [INFO] __main__ — ▶ Step 4: 발송
2026-06-08 00:05:48,621 [INFO] __main__ — DB 기록: 10개 / 전체 to_send 10개
2026-06-08 00:05:48,621 [INFO] __main__ — 발송: 집중 0 / 주시 2
2026-06-08 00:05:48,621 [INFO] __main__ — 완료  |  소요: 1374.8초
