2026-06-09 12:24:43,285 [INFO] __main__ — config 검증 완료 ✓
2026-06-09 12:24:43,285 [INFO] __main__ — ============================================================
2026-06-09 12:24:43,285 [INFO] __main__ — AlphaRadar v3.3.1  |  기준일: 20260609
2026-06-09 12:24:43,285 [INFO] __main__ — S = T×0.3 + S_text×0.4 + D×0.3
2026-06-09 12:24:43,286 [INFO] __main__ — ============================================================
2026-06-09 12:24:43,286 [INFO] __main__ — ▶ Step 0: 유니버스 필터링
2026-06-09 12:24:43,452 [INFO] __main__ — FDR 데이터 수집: 20251204 ~ 20260609
2026-06-09 12:24:43,477 [WARNING] __main__ — 목록 조회 실패 (KOSPI): Failed to load data from http://data.krx.co.kr/comm/bldAttendant/executeForResourceBundle.cmd?baseName=krx.mdc.i18n.component&key=B128.bld
2026-06-09 12:24:43,489 [WARNING] __main__ — 목록 조회 실패 (KOSDAQ): Failed to load data from http://data.krx.co.kr/comm/bldAttendant/executeForResourceBundle.cmd?baseName=krx.mdc.i18n.component&key=B128.bld
2026-06-09 12:24:43,490 [INFO] __main__ —   → 0개
2026-06-09 12:24:43,490 [INFO] __main__ — ▶ Step 1: 신호 탐지
2026-06-09 12:24:43,490 [INFO] __main__ — NaverClient: 3개 키 로드 (DataLab·검색 독립 회전)
2026-06-09 12:24:43,490 [INFO] __main__ — 관심 지수 및 부정 뉴스 비율 조회 중...
2026-06-09 12:24:43,490 [INFO] __main__ — 부정 키워드 감지: 0개 종목 (neg_ratio > 0)
2026-06-09 12:24:43,490 [INFO] __main__ — POOL_A: 0개 (A:0 B:0 동시:0)
  대형:0 중형:0 소형:0
2026-06-09 12:24:43,490 [INFO] __main__ —   → POOL_A: 0개
2026-06-09 12:24:43,490 [INFO] __main__ — ▶ Step 2: 하드 필터링
2026-06-09 12:24:43,490 [INFO] __main__ — 하드 필터 제거: 0개 | 이격도상한 0 | 이격도하한 0 | MA추세 0 | RSI과열 0 | 거래대금 0
2026-06-09 12:24:43,490 [INFO] __main__ — POOL_B: 0개 | 대형:0 중형:0 소형:0
2026-06-09 12:24:43,490 [INFO] __main__ —   → POOL_B: 0개
2026-06-09 12:24:43,491 [INFO] __main__ — ▶ Step 3: 스코어링 (FinBERT 감성 분석)
2026-06-09 12:24:43,491 [INFO] __main__ — NaverClient: 3개 키 로드 (DataLab·검색 독립 회전)
2026-06-09 12:24:43,491 [INFO] __main__ — 텍스트 캐시 전체 적중: 0종목 (외부 API 0건)
2026-06-09 12:24:43,491 [INFO] __main__ — FinBERT 감성 분석 (finbert 모드)...
2026-06-09 12:24:43,491 [INFO] __main__ — FinBERT 로딩: snunlp/KR-FinBert-SC (CPU, batch=8)
2026-06-09 12:24:43,547 [INFO] httpx — HTTP Request: HEAD https://huggingface.co/snunlp/KR-FinBert-SC/resolve/main/config.json "HTTP/1.1 429 Too Many Requests"
2026-06-09 12:24:43,569 [INFO] httpx — HTTP Request: HEAD https://huggingface.co/snunlp/KR-FinBert-SC/resolve/main/model.safetensors "HTTP/1.1 429 Too Many Requests"
2026-06-09 12:24:43,575 [INFO] httpx — HTTP Request: GET https://huggingface.co/api/models/snunlp/KR-FinBert-SC "HTTP/1.1 429 Too Many Requests"
2026-06-09 12:24:43,695 [INFO] httpx — HTTP Request: GET https://huggingface.co/api/models/snunlp/KR-FinBert-SC/tree/main/additional_chat_templates?recursive=false&expand=false "HTTP/1.1 429 Too Many Requests"
2026-06-09 12:24:43,699 [INFO] httpx — HTTP Request: GET https://huggingface.co/api/models/snunlp/KR-FinBert-SC/tree/main?recursive=true&expand=false "HTTP/1.1 429 Too Many Requests"
2026-06-09 12:24:43,722 [INFO] __main__ — FinBERT 로드 완료 (CPU)
2026-06-09 12:24:43,722 [INFO] __main__ — 스코어링: 0개 | 집중:0 | FinBERT:finbert
2026-06-09 12:24:43,725 [INFO] __main__ —   → 0개
2026-06-09 12:24:43,725 [INFO] __main__ — ▶ Step 4: 발송
2026-06-09 12:24:46,226 [INFO] __main__ — DB 기록: 0개 / 전체 to_send 0개
2026-06-09 12:24:46,226 [INFO] __main__ — 발송: 집중 0 / 주시 0
2026-06-09 12:24:46,226 [INFO] __main__ — 완료  |  소요: 2.9초
