2026-10-01 16:41:23,070 [INFO] __main__ — config 검증 완료 ✓
2026-10-01 16:41:23,071 [INFO] __main__ — KIS 조회 도메인: 실전 (https://openapi.koreainvestment.com:9443)
2026-10-01 16:41:23,071 [INFO] __main__ — ============================================================
2026-10-01 16:41:23,071 [INFO] __main__ — AlphaRadar v3.3.1  |  기준일: 20261002  |  런: am
2026-10-01 16:41:23,071 [INFO] __main__ — S = T×0.3 + S_text×0.4 + D×0.3
2026-10-01 16:41:23,071 [INFO] __main__ — ============================================================
2026-10-01 16:41:23,071 [INFO] __main__ — ▶ Step 0: 유니버스 필터링
2026-10-01 16:41:23,373 [INFO] __main__ — FDR 데이터 수집: 20260329 ~ 20261002
2026-10-01 16:41:25,265 [WARNING] __main__ — 목록 조회 실패 (KOSPI): Failed to load data from http://data.krx.co.kr/comm/bldAttendant/executeForResourceBundle.cmd?baseName=krx.mdc.i18n.component&key=B128.bld — 폴백
2026-10-01 16:41:25,571 [WARNING] __main__ — 목록 CSV 캐시 폴백 (KOSPI): 2026-10-01 자 942개
2026-10-01 16:41:25,950 [WARNING] __main__ — 목록 조회 실패 (KOSDAQ): Failed to load data from http://data.krx.co.kr/comm/bldAttendant/executeForResourceBundle.cmd?baseName=krx.mdc.i18n.component&key=B128.bld — 폴백
2026-10-01 16:41:25,951 [WARNING] __main__ — 목록 CSV 캐시 폴백 (KOSDAQ): 2026-10-01 자 1824개
2026-10-01 16:41:25,983 [INFO] __main__ — master universe 메타: 캐시 사용 2760개 (year=2026)
2026-10-01 16:41:25,986 [INFO] __main__ — master 보강: 등급 833개 | FnGuide/KSIC 2542개 | 섹터(fg_industry) 2542개
2026-10-01 16:41:25,986 [INFO] __main__ — KOSPI: 942개 | 섹터정보 830개 (DART +827개 보완)
2026-10-01 16:41:25,987 [INFO] __main__ — KOSDAQ: 1824개 | 섹터정보 1741개
2026-10-01 16:41:25,987 [INFO] __main__ — 전체: 2766개
2026-10-01 16:41:27,683 [INFO] __main__ — KIS 토큰 발급 완료
2026-10-01 16:47:08,692 [INFO] __main__ — DART corp_code 매핑: 893/917개 (97%)
2026-10-01 16:47:08,692 [INFO] __main__ — 유효 유니버스: 917개
2026-10-01 16:47:08,699 [INFO] __main__ —   → 917개
2026-10-01 16:47:08,699 [INFO] __main__ — ▶ Step 1: 신호 탐지
2026-10-01 16:47:08,699 [INFO] __main__ — NaverClient: 3개 키 로드 (DataLab·검색 독립 회전)
2026-10-01 16:47:08,699 [INFO] __main__ — 관심 지수 및 부정 뉴스 비율 조회 중...
2026-10-01 16:47:10,110 [INFO] __main__ — 봇 주가요약 제외 [한온시스템]: 2건
2026-10-01 16:47:11,353 [INFO] __main__ — 봇 주가요약 제외 [SFA반도체]: 2건
2026-10-01 16:47:11,354 [INFO] __main__ — 봇 주가요약 제외 [대한광통신]: 2건
2026-10-01 16:47:13,834 [INFO] __main__ — 봇 주가요약 제외 [드림시큐리티]: 2건
2026-10-01 16:47:14,929 [INFO] __main__ — 봇 주가요약 제외 [빛과전자]: 3건
2026-10-01 16:47:15,079 [INFO] __main__ — 봇 주가요약 제외 [성호전자]: 2건
2026-10-01 16:47:16,140 [INFO] __main__ — 봇 주가요약 제외 [우리로]: 4건
2026-10-01 16:47:16,146 [INFO] __main__ — 봇 주가요약 제외 [삼미금속]: 5건
2026-10-01 16:47:20,106 [INFO] __main__ — 봇 주가요약 제외 [와이씨]: 4건
2026-10-01 16:47:20,508 [INFO] __main__ — 봇 주가요약 제외 [쓰리빌리언]: 1건
2026-10-01 16:47:23,139 [INFO] __main__ — 봇 주가요약 제외 [원익홀딩스]: 1건
2026-10-01 16:47:23,491 [INFO] __main__ — 봇 주가요약 제외 [아주IB투자]: 3건
2026-10-01 16:47:24,113 [INFO] __main__ — 봇 주가요약 제외 [서진시스템]: 1건
2026-10-01 16:47:25,101 [INFO] __main__ — 봇 주가요약 제외 [KBI메탈]: 2건
2026-10-01 16:47:28,354 [INFO] __main__ — 봇 주가요약 제외 [에이팩트]: 2건
2026-10-01 16:47:29,001 [INFO] __main__ — 봇 주가요약 제외 [LS머트리얼즈]: 1건
2026-10-01 16:47:29,004 [INFO] __main__ — 봇 주가요약 제외 [고영]: 1건
2026-10-01 16:47:30,961 [INFO] __main__ — 봇 주가요약 제외 [대덕전자]: 1건
2026-10-01 16:47:30,967 [INFO] __main__ — 봇 주가요약 제외 [광전자]: 2건
2026-10-01 16:47:32,947 [INFO] __main__ — 봇 주가요약 제외 [대원전선]: 2건
2026-10-01 16:47:33,251 [INFO] __main__ — 봇 주가요약 제외 [우리기술투자]: 2건
2026-10-01 16:47:33,892 [INFO] __main__ — 봇 주가요약 제외 [메가터치]: 2건
2026-10-01 16:47:34,203 [INFO] __main__ — 봇 주가요약 제외 [저스템]: 2건
2026-10-01 16:47:35,164 [INFO] __main__ — 봇 주가요약 제외 [휴림로봇]: 2건
2026-10-01 16:47:35,852 [INFO] __main__ — 봇 주가요약 제외 [TCC스틸]: 1건
2026-10-01 16:47:36,145 [INFO] __main__ — 봇 주가요약 제외 [뉴파워프라즈마]: 1건
2026-10-01 16:47:36,813 [INFO] __main__ — 봇 주가요약 제외 [한선엔지니어링]: 1건
2026-10-01 16:47:39,044 [INFO] __main__ — 뉴스 시점 제외 [페니트리움바이오]: 3건 (>14일/파싱실패)
2026-10-01 16:47:39,045 [INFO] __main__ — 봇 주가요약 제외 [페니트리움바이오]: 2건
2026-10-01 16:47:39,715 [INFO] __main__ — 봇 주가요약 제외 [제이앤티씨]: 1건
2026-10-01 16:47:41,947 [INFO] __main__ — 봇 주가요약 제외 [삼화콘덴서]: 2건
2026-10-01 16:47:42,919 [INFO] __main__ — 봇 주가요약 제외 [코리아써키트]: 3건
2026-10-01 16:47:46,532 [INFO] __main__ — 봇 주가요약 제외 [테크윙]: 2건
2026-10-01 16:47:46,572 [INFO] __main__ — 봇 주가요약 제외 [RF머트리얼즈]: 2건
2026-10-01 16:47:46,786 [INFO] __main__ — 봇 주가요약 제외 [현대바이오]: 1건
2026-10-01 16:47:47,544 [INFO] __main__ — 봇 주가요약 제외 [동진쎄미켐]: 2건
2026-10-01 16:47:48,508 [INFO] __main__ — 봇 주가요약 제외 [아모텍]: 1건
2026-10-01 16:47:48,590 [INFO] __main__ — 봇 주가요약 제외 [필옵틱스]: 3건
2026-10-01 16:47:49,476 [INFO] __main__ — 봇 주가요약 제외 [파두]: 1건
2026-10-01 16:47:49,571 [INFO] __main__ — 뉴스 시점 제외 [대아티아이]: 11건 (>14일/파싱실패)
2026-10-01 16:47:49,688 [INFO] __main__ — 봇 주가요약 제외 [코오롱티슈진]: 2건
2026-10-01 16:47:50,549 [INFO] __main__ — 뉴스 시점 제외 [엘브이엠씨홀딩스]: 11건 (>14일/파싱실패)
2026-10-01 16:47:52,499 [INFO] __main__ — 봇 주가요약 제외 [이수페타시스]: 2건
2026-10-01 16:47:53,468 [INFO] __main__ — 봇 주가요약 제외 [브이엠]: 4건
2026-10-01 16:47:54,551 [INFO] __main__ — 봇 주가요약 제외 [파인엠텍]: 1건
2026-10-01 16:47:58,211 [INFO] __main__ — 봇 주가요약 제외 [두산퓨얼셀]: 1건
2026-10-01 16:47:58,294 [INFO] __main__ — 봇 주가요약 제외 [티엘비]: 3건
2026-10-01 16:47:59,182 [INFO] __main__ — 뉴스 시점 제외 [맥쿼리인프라]: 6건 (>14일/파싱실패)
2026-10-01 16:48:00,145 [INFO] __main__ — 봇 주가요약 제외 [SK이터닉스]: 6건
2026-10-01 16:48:02,555 [INFO] __main__ — 봇 주가요약 제외 [태성]: 2건
2026-10-01 16:48:03,595 [INFO] __main__ — 봇 주가요약 제외 [마키나락스]: 2건
2026-10-01 16:48:05,123 [INFO] __main__ — 뉴스 시점 제외 [와이지-원]: 7건 (>14일/파싱실패)
2026-10-01 16:48:06,092 [INFO] __main__ — 봇 주가요약 제외 [비에이치]: 1건
2026-10-01 16:48:08,490 [INFO] __main__ — 봇 주가요약 제외 [디앤디파마텍]: 1건
2026-10-01 16:48:08,504 [INFO] __main__ — 봇 주가요약 제외 [일진전기]: 1건
2026-10-01 16:48:09,026 [INFO] __main__ — 봇 주가요약 제외 [오름테라퓨틱]: 2건
2026-10-01 16:48:09,699 [INFO] __main__ — 봇 주가요약 제외 [한양디지텍]: 1건
2026-10-01 16:48:10,810 [INFO] __main__ — 뉴스 시점 제외 [글로벌텍스프리]: 12건 (>14일/파싱실패)
2026-10-01 16:48:11,657 [INFO] __main__ — 봇 주가요약 제외 [코미코]: 1건
2026-10-01 16:48:11,768 [INFO] __main__ — 뉴스 시점 제외 [유니셈]: 4건 (>14일/파싱실패)
2026-10-01 16:48:11,769 [INFO] __main__ — 봇 주가요약 제외 [유니셈]: 2건
2026-10-01 16:48:12,215 [INFO] __main__ — 뉴스 시점 제외 [티씨머티리얼즈]: 8건 (>14일/파싱실패)
2026-10-01 16:48:13,823 [INFO] __main__ — 뉴스 시점 제외 [에스에이엠티]: 5건 (>14일/파싱실패)
2026-10-01 16:48:15,372 [INFO] __main__ — 봇 주가요약 제외 [LG씨엔에스]: 1건
2026-10-01 16:48:16,049 [INFO] __main__ — 봇 주가요약 제외 [KG스틸]: 1건
2026-10-01 16:48:17,171 [INFO] __main__ — 봇 주가요약 제외 [알지노믹스]: 1건
2026-10-01 16:48:18,290 [INFO] __main__ — 봇 주가요약 제외 [미래에셋벤처투자]: 1건
2026-10-01 16:48:19,350 [INFO] __main__ — 봇 주가요약 제외 [아스플로]: 2건
2026-10-01 16:48:19,361 [INFO] __main__ — 뉴스 시점 제외 [동국홀딩스]: 9건 (>14일/파싱실패)
2026-10-01 16:48:20,362 [INFO] __main__ — 봇 주가요약 제외 [지엔씨에너지]: 4건
2026-10-01 16:48:21,587 [INFO] __main__ — 뉴스 시점 제외 [서부T&D]: 3건 (>14일/파싱실패)
2026-10-01 16:48:25,446 [INFO] __main__ — 봇 주가요약 제외 [OCI홀딩스]: 2건
2026-10-01 16:48:26,411 [INFO] __main__ — 봇 주가요약 제외 [오이솔루션]: 2건
2026-10-01 16:48:28,638 [INFO] __main__ — 봇 주가요약 제외 [테스]: 1건
2026-10-01 16:48:31,252 [INFO] __main__ — 봇 주가요약 제외 [비에이치아이]: 1건
2026-10-01 16:48:31,537 [INFO] __main__ — 봇 주가요약 제외 [삼현]: 1건
2026-10-01 16:48:35,282 [INFO] __main__ — 봇 주가요약 제외 [켐트로닉스]: 2건
2026-10-01 16:48:38,571 [INFO] __main__ — 봇 주가요약 제외 [코세스]: 1건
2026-10-01 16:48:38,578 [INFO] __main__ — 봇 주가요약 제외 [RFHIC]: 1건
2026-10-01 16:48:39,602 [INFO] __main__ — 봇 주가요약 제외 [이노스페이스]: 1건
2026-10-01 16:48:40,565 [INFO] __main__ — 봇 주가요약 제외 [신성이엔지]: 1건
2026-10-01 16:48:41,517 [INFO] __main__ — 봇 주가요약 제외 [네패스]: 1건
2026-10-01 16:48:41,520 [INFO] __main__ — 봇 주가요약 제외 [SKC]: 1건
2026-10-01 16:48:42,528 [INFO] __main__ — 봇 주가요약 제외 [칩스앤미디어]: 2건
2026-10-01 16:48:43,512 [INFO] __main__ — 봇 주가요약 제외 [네패스아크]: 1건
2026-10-01 16:48:44,523 [INFO] __main__ — 봇 주가요약 제외 [지투지바이오]: 1건
2026-10-01 16:48:45,473 [INFO] __main__ — 봇 주가요약 제외 [두산테스나]: 2건
2026-10-01 16:48:46,487 [INFO] __main__ — 봇 주가요약 제외 [두산로보틱스]: 1건
2026-10-01 16:48:47,397 [INFO] __main__ — 뉴스 시점 제외 [하림지주]: 7건 (>14일/파싱실패)
2026-10-01 16:48:49,527 [INFO] __main__ — 뉴스 시점 제외 [미래에셋증권2우B]: 3건 (>14일/파싱실패)
2026-10-01 16:48:50,303 [INFO] __main__ — 뉴스 시점 제외 [ESR켄달스퀘어리츠]: 11건 (>14일/파싱실패)
2026-10-01 16:48:51,266 [INFO] __main__ — 봇 주가요약 제외 [원익QnC]: 2건
2026-10-01 16:48:52,455 [INFO] __main__ — 뉴스 시점 제외 [코미팜]: 7건 (>14일/파싱실패)
2026-10-01 16:48:53,195 [INFO] __main__ — 뉴스 시점 제외 [베뉴지]: 11건 (>14일/파싱실패)
2026-10-01 16:48:54,471 [INFO] __main__ — 뉴스 시점 제외 [KB스타리츠]: 9건 (>14일/파싱실패)
2026-10-01 16:48:55,362 [INFO] __main__ — 봇 주가요약 제외 [갤럭시아머니트리]: 1건
2026-10-01 16:48:57,081 [INFO] __main__ — 뉴스 시점 제외 [상신이디피]: 7건 (>14일/파싱실패)
2026-10-01 16:48:58,352 [INFO] __main__ — 봇 주가요약 제외 [디지털대성]: 1건
2026-10-01 16:49:01,537 [INFO] __main__ — 봇 주가요약 제외 [유진테크]: 1건
2026-10-01 16:49:03,911 [INFO] __main__ — 봇 주가요약 제외 [리가켐바이오]: 1건
2026-10-01 16:49:04,478 [INFO] __main__ — 봇 주가요약 제외 [태광]: 1건
2026-10-01 16:49:04,480 [INFO] __main__ — 봇 주가요약 제외 [클로봇]: 1건
2026-10-01 16:49:05,459 [INFO] __main__ — 봇 주가요약 제외 [산일전기]: 2건
2026-10-01 16:49:07,440 [INFO] __main__ — 봇 주가요약 제외 [성광벤드]: 1건
2026-10-01 16:49:10,971 [INFO] __main__ — 봇 주가요약 제외 [코스모신소재]: 1건
2026-10-01 16:49:13,874 [INFO] __main__ — 봇 주가요약 제외 [대주전자재료]: 4건
2026-10-01 16:49:14,706 [INFO] __main__ — 봇 주가요약 제외 [HD현대일렉트릭]: 1건
2026-10-01 16:49:17,179 [INFO] __main__ — 봇 주가요약 제외 [해성디에스]: 1건
2026-10-01 16:49:17,753 [INFO] __main__ — 뉴스 시점 제외 [한국알콜]: 11건 (>14일/파싱실패)
2026-10-01 16:49:18,850 [INFO] __main__ — 뉴스 시점 제외 [슈어소프트테크]: 6건 (>14일/파싱실패)
2026-10-01 16:49:19,162 [INFO] __main__ — 봇 주가요약 제외 [비나텍]: 1건
2026-10-01 16:49:23,117 [INFO] __main__ — 뉴스 시점 제외 [이지홀딩스]: 11건 (>14일/파싱실패)
2026-10-01 16:49:26,127 [INFO] __main__ — 뉴스 시점 제외 [아스테라시스]: 7건 (>14일/파싱실패)
2026-10-01 16:49:28,286 [INFO] __main__ — 봇 주가요약 제외 [명신산업]: 1건
2026-10-01 16:49:32,208 [INFO] __main__ — 봇 주가요약 제외 [가온칩스]: 2건
2026-10-01 16:49:35,420 [INFO] __main__ — 뉴스 시점 제외 [젬백스]: 8건 (>14일/파싱실패)
2026-10-01 16:49:36,575 [INFO] __main__ — 봇 주가요약 제외 [오픈엣지테크놀로지]: 2건
2026-10-01 16:49:37,407 [INFO] __main__ — 뉴스 시점 제외 [KB발해인프라]: 11건 (>14일/파싱실패)
2026-10-01 16:49:37,422 [INFO] __main__ — 봇 주가요약 제외 [엔켐]: 1건
2026-10-01 16:49:37,574 [INFO] __main__ — 뉴스 시점 제외 [현대차2우B]: 10건 (>14일/파싱실패)
2026-10-01 16:49:39,408 [INFO] __main__ — 봇 주가요약 제외 [가온전선]: 2건
2026-10-01 16:49:40,392 [INFO] __main__ — 봇 주가요약 제외 [피엔티]: 2건
2026-10-01 16:49:45,311 [INFO] __main__ — 봇 주가요약 제외 [하나머티리얼즈]: 1건
2026-10-01 16:49:47,398 [INFO] __main__ — 봇 주가요약 제외 [DSC인베스트먼트]: 1건
2026-10-01 16:49:52,229 [INFO] __main__ — 뉴스 시점 제외 [신한알파리츠]: 11건 (>14일/파싱실패)
2026-10-01 16:49:54,179 [INFO] __main__ — 뉴스 시점 제외 [신성에스티]: 2건 (>14일/파싱실패)
2026-10-01 16:49:57,230 [INFO] __main__ — 부정 키워드 감지: 22개 종목 (neg_ratio > 0)
2026-10-01 16:49:57,231 [INFO] __main__ — 수급일수충족·합계음수 제외: 63개
2026-10-01 16:50:00,012 [INFO] __main__ — 뉴스 시점 제외 [삼성전기우]: 7건 (>14일/파싱실패)
2026-10-01 16:50:00,599 [INFO] __main__ — 뉴스 시점 제외 [LG전자우]: 10건 (>14일/파싱실패)
2026-10-01 16:50:00,936 [INFO] __main__ — 뉴스 시점 제외 [한화리츠]: 11건 (>14일/파싱실패)
2026-10-01 16:50:02,610 [INFO] __main__ — 뉴스 시점 제외 [맵스리얼티]: 13건 (>14일/파싱실패)
2026-10-01 16:50:03,151 [INFO] __main__ — 뉴스 시점 제외 [미원에스씨]: 3건 (>14일/파싱실패)
2026-10-01 16:50:03,644 [INFO] __main__ — 뉴스 시점 제외 [미원상사]: 8건 (>14일/파싱실패)
2026-10-01 16:50:04,187 [INFO] __main__ — 뉴스 시점 제외 [CJ4우(전환)]: 15건 (>14일/파싱실패)
2026-10-01 16:50:04,721 [INFO] __main__ — 뉴스 시점 제외 [세아홀딩스]: 12건 (>14일/파싱실패)
2026-10-01 16:50:05,487 [INFO] __main__ — 뉴스 시점 제외 [조광피혁]: 8건 (>14일/파싱실패)
2026-10-01 16:50:05,854 [INFO] __main__ — 뉴스 시점 제외 [아모레퍼시픽우]: 13건 (>14일/파싱실패)
2026-10-01 16:50:06,398 [INFO] __main__ — 뉴스 시점 제외 [코람코라이프인프라리츠]: 6건 (>14일/파싱실패)
2026-10-01 16:50:07,099 [INFO] __main__ — 뉴스 시점 제외 [삼영무역]: 12건 (>14일/파싱실패)
2026-10-01 16:50:07,971 [INFO] __main__ — 뉴스 시점 제외 [일진홀딩스]: 1건 (>14일/파싱실패)
2026-10-01 16:50:08,181 [INFO] __main__ — 뉴스 시점 제외 [S-Oil우]: 13건 (>14일/파싱실패)
2026-10-01 16:50:10,421 [INFO] __main__ — 뉴스 시점 제외 [삼영전자]: 13건 (>14일/파싱실패)
2026-10-01 16:50:10,435 [INFO] __main__ — 뉴스 시점 제외 [아이마켓코리아]: 5건 (>14일/파싱실패)
2026-10-01 16:50:10,437 [INFO] __main__ — 뉴스 시점 제외 [이지스밸류플러스리츠]: 10건 (>14일/파싱실패)
2026-10-01 16:50:10,970 [INFO] __main__ — 뉴스 시점 제외 [신한서부티엔디리츠]: 10건 (>14일/파싱실패)
2026-10-01 16:50:12,071 [INFO] __main__ — 뉴스 시점 제외 [대신밸류리츠]: 14건 (>14일/파싱실패)
2026-10-01 16:50:12,079 [INFO] __main__ — 뉴스 시점 제외 [모토닉]: 13건 (>14일/파싱실패)
2026-10-01 16:50:12,635 [INFO] __main__ — 뉴스 시점 제외 [SK우]: 14건 (>14일/파싱실패)
2026-10-01 16:50:13,181 [INFO] __main__ — 봇 주가요약 제외 [티에스이]: 1건
2026-10-01 16:50:13,186 [INFO] __main__ — 봇 주가요약 제외 [솔브레인]: 1건
2026-10-01 16:50:13,726 [INFO] __main__ — 뉴스 시점 제외 [큐리옥스바이오시스템즈]: 8건 (>14일/파싱실패)
2026-10-01 16:50:14,263 [INFO] __main__ — 봇 주가요약 제외 [솔브레인홀딩스]: 1건
2026-10-01 16:50:14,938 [INFO] __main__ — 뉴스 시점 제외 [제룡전기]: 4건 (>14일/파싱실패)
2026-10-01 16:50:16,003 [INFO] __main__ — 봇 주가요약 제외 [타이거일렉]: 1건
2026-10-01 16:50:16,499 [INFO] __main__ — 뉴스 시점 제외 [삼지전자]: 6건 (>14일/파싱실패)
2026-10-01 16:50:16,570 [INFO] __main__ — 뉴스 시점 제외 [포스코엠텍]: 6건 (>14일/파싱실패)
2026-10-01 16:50:16,570 [INFO] __main__ — 봇 주가요약 제외 [포스코엠텍]: 1건
2026-10-01 16:50:18,817 [INFO] __main__ — 봇 주가요약 제외 [에이디테크놀로지]: 1건
2026-10-01 16:50:19,496 [INFO] __main__ — 봇 주가요약 제외 [매커스]: 1건
2026-10-01 16:50:20,048 [INFO] __main__ — 뉴스 시점 제외 [골프존홀딩스]: 8건 (>14일/파싱실패)
2026-10-01 16:50:21,414 [INFO] __main__ — 뉴스 시점 제외 [인투셀]: 3건 (>14일/파싱실패)
2026-10-01 16:50:22,272 [INFO] __main__ — 뉴스 시점 제외 [한라IMS]: 3건 (>14일/파싱실패)
2026-10-01 16:50:22,945 [INFO] __main__ — 뉴스 시점 제외 [세보엠이씨]: 11건 (>14일/파싱실패)
2026-10-01 16:50:25,040 [INFO] __main__ — 뉴스 시점 제외 [피에이치에이]: 9건 (>14일/파싱실패)
2026-10-01 16:50:25,058 [INFO] __main__ — 뉴스 시점 제외 [케이티알파]: 12건 (>14일/파싱실패)
2026-10-01 16:50:25,059 [INFO] __main__ — 봇 주가요약 제외 [대명에너지]: 1건
2026-10-01 16:50:25,838 [INFO] __main__ — 뉴스 시점 제외 [에스엔시스]: 7건 (>14일/파싱실패)
2026-10-01 16:50:27,689 [INFO] __main__ — 뉴스 시점 제외 [엠로]: 3건 (>14일/파싱실패)
2026-10-01 16:50:27,919 [INFO] __main__ — 뉴스 시점 제외 [JTC]: 6건 (>14일/파싱실패)
2026-10-01 16:50:28,338 [INFO] __main__ — POOL_A 후보 부정뉴스 2차 조회: 157개
2026-10-01 16:50:28,340 [INFO] __main__ — POOL_A: 641개 (A:156 B:239 동시:246) | 부정게이트 제외:9
  대형:96 중형:281 소형:264
2026-10-01 16:50:28,349 [INFO] __main__ — 대조군 표본(무신호): 40개 / 모집단 276개 → pool_history
2026-10-01 16:50:28,352 [INFO] __main__ —   → POOL_A: 641개
2026-10-01 16:50:28,352 [INFO] __main__ — ▶ Step 2: 하드 필터링
2026-10-01 16:50:28,352 [INFO] __main__ — 하드 필터 제거: 625개 | 과열배제 113 | 이격도상한 31 | 이격도하한 27 | MA추세 343 | RSI과열 12 | 거래대금 99
2026-10-01 16:50:28,354 [INFO] __main__ — 과열 gated 기록: 113개 → gated_tickers
2026-10-01 16:50:28,357 [INFO] __main__ — 대조군 표본(필터탈락): 190개 / 모집단 625개 → pool_history
2026-10-01 16:50:28,357 [INFO] __main__ — POOL_B: 16개 | 대형:0 중형:7 소형:9
2026-10-01 16:50:28,357 [INFO] __main__ —   → POOL_B: 16개
2026-10-01 16:50:28,358 [INFO] __main__ — ▶ Step 3: 스코어링 (FinBERT 감성 분석)
2026-10-01 16:50:28,358 [INFO] __main__ — NaverClient: 3개 키 로드 (DataLab·검색 독립 회전)
2026-10-01 16:50:28,358 [INFO] __main__ — 텍스트 신규 수집: 16종목 (캐시 적중 0종목)
2026-10-01 16:50:28,809 [INFO] __main__ — 봇 주가요약 제외 [대원전선]: 5건
2026-10-01 16:50:28,822 [INFO] __main__ — 봇 주가요약 제외 [SK이터닉스]: 6건
2026-10-01 16:50:29,060 [INFO] __main__ — 봇 주가요약 제외 [광전자]: 3건
2026-10-01 16:50:32,520 [INFO] __main__ — 뉴스 시점 제외 [키다리스튜디오]: 2건 (>14일/파싱실패)
2026-10-01 16:50:36,078 [INFO] __main__ — 봇 주가요약 제외 [로보티즈]: 2건
2026-10-01 16:50:36,089 [INFO] __main__ — 봇 주가요약 제외 [제이앤티씨]: 1건
2026-10-01 16:50:39,594 [INFO] __main__ — 봇 주가요약 제외 [HLB이노베이션]: 1건
2026-10-01 16:50:39,629 [INFO] __main__ — 봇 주가요약 제외 [우리기술투자]: 2건
2026-10-01 16:50:42,676 [INFO] __main__ — 봇 주가요약 제외 [마키나락스]: 2건
2026-10-01 16:50:43,050 [INFO] __main__ — 봇 주가요약 제외 [KBI메탈]: 2건
2026-10-01 16:50:43,052 [INFO] __main__ — 뉴스 시점 제외 [상신이디피]: 22건 (>14일/파싱실패)
2026-10-01 16:50:45,864 [INFO] __main__ — 뉴스 시점 제외 [티씨머티리얼즈]: 23건 (>14일/파싱실패)
2026-10-01 16:50:48,592 [INFO] __main__ — 기사 보존(수집): 134건 (16종목) → news_articles
2026-10-01 16:50:48,594 [INFO] __main__ — 공시 보존(수집): 17건 (16종목) → dart_filings
2026-10-01 16:50:48,595 [INFO] __main__ — 수집 완료: 뉴스 134건 | 공시 17건
2026-10-01 16:50:48,595 [INFO] __main__ — FinBERT 감성 분석 (finbert 모드)...
2026-10-01 16:50:48,595 [INFO] __main__ — FinBERT 로딩: snunlp/KR-FinBert-SC (CPU, batch=8)
2026-10-01 16:50:48,762 [INFO] httpx — HTTP Request: GET https://huggingface.co/api/agent-harnesses "HTTP/1.1 200 OK"
2026-10-01 16:50:48,859 [INFO] httpx — HTTP Request: GET https://huggingface.co/api/models/snunlp/KR-FinBert-SC "HTTP/1.1 200 OK"
2026-10-01 16:50:48,980 [INFO] httpx — HTTP Request: HEAD https://huggingface.co/snunlp/KR-FinBert-SC/resolve/main/model.safetensors "HTTP/1.1 404 Not Found"
2026-10-01 16:50:48,980 [WARNING] huggingface_hub.utils._http — Warning: You are sending unauthenticated requests to the HF Hub. Please set a HF_TOKEN to enable higher rate limits and faster downloads.
2026-10-01 16:50:49,079 [INFO] httpx — HTTP Request: GET https://huggingface.co/api/models/snunlp/KR-FinBert-SC "HTTP/1.1 200 OK"
2026-10-01 16:50:49,205 [INFO] httpx — HTTP Request: GET https://huggingface.co/api/models/snunlp/KR-FinBert-SC/commits/main "HTTP/1.1 200 OK"
2026-10-01 16:50:49,245 [INFO] httpx — HTTP Request: GET https://huggingface.co/api/models/snunlp/KR-FinBert-SC/tree/main/additional_chat_templates?recursive=false&expand=false "HTTP/1.1 404 Not Found"
2026-10-01 16:50:49,304 [INFO] httpx — HTTP Request: GET https://huggingface.co/api/models/snunlp/KR-FinBert-SC/discussions?p=0 "HTTP/1.1 200 OK"
2026-10-01 16:50:49,355 [INFO] httpx — HTTP Request: GET https://huggingface.co/api/models/snunlp/KR-FinBert-SC/tree/main?recursive=true&expand=false "HTTP/1.1 200 OK"
2026-10-01 16:50:49,422 [INFO] httpx — HTTP Request: GET https://huggingface.co/api/models/snunlp/KR-FinBert-SC/commits/refs%2Fpr%2F3 "HTTP/1.1 200 OK"
2026-10-01 16:50:49,461 [INFO] httpx — HTTP Request: HEAD https://huggingface.co/snunlp/KR-FinBert-SC/resolve/f8586286cc3161fb648e9fee09a456069fd846d0/processor_config.json "HTTP/1.1 404 Not Found"
2026-10-01 16:50:49,520 [INFO] httpx — HTTP Request: HEAD https://huggingface.co/snunlp/KR-FinBert-SC/resolve/refs%2Fpr%2F3/model.safetensors.index.json "HTTP/1.1 404 Not Found"
2026-10-01 16:50:49,577 [INFO] httpx — HTTP Request: HEAD https://huggingface.co/snunlp/KR-FinBert-SC/resolve/f8586286cc3161fb648e9fee09a456069fd846d0/video_preprocessor_config.json "HTTP/1.1 404 Not Found"
2026-10-01 16:50:49,737 [INFO] httpx — HTTP Request: HEAD https://huggingface.co/snunlp/KR-FinBert-SC/resolve/refs%2Fpr%2F3/model.safetensors "HTTP/1.1 302 Found"
2026-10-01 16:50:49,832 [INFO] httpx — HTTP Request: HEAD https://huggingface.co/snunlp/KR-FinBert-SC/resolve/f8586286cc3161fb648e9fee09a456069fd846d0/preprocessor_config.json "HTTP/1.1 404 Not Found"
2026-10-01 16:50:49,833 [INFO] __main__ — FinBERT 로드 완료 (CPU)
2026-10-01 16:51:08,103 [INFO] __main__ — Phase A.1: 매핑 신뢰도 < 0.5 → 감성 점수 폐기 13건
2026-10-01 16:51:08,103 [INFO] __main__ — [shadow] 필드별 검사 기준 폐기 0/16종목 (집행 13건 — 변동 없음)
2026-10-01 16:51:08,103 [INFO] __main__ — 스코어링: 16개 | 집중:0 | FinBERT:finbert
2026-10-01 16:51:08,120 [INFO] __main__ —   → 16개
2026-10-01 16:51:08,120 [INFO] __main__ — ▶ Step 4: 발송
2026-10-01 16:51:11,679 [INFO] __main__ — DB 기록: 10개 / 전체 to_send 10개
2026-10-01 16:51:11,679 [INFO] __main__ — 발송: 10종목 | 누적 4~10회 5 | 신규 2
2026-10-01 16:51:11,679 [INFO] __main__ — 완료  |  소요: 588.6초
2026-10-01 16:51:12,796 [INFO] track_outcomes — pool_history 대조군 10702건 추적 대상 포함
2026-10-01 16:51:12,875 [INFO] track_outcomes — 고아 행 143건 복원 (targets에서 탈락한 미완 키)
2026-10-01 16:51:12,876 [INFO] track_outcomes — 대상 20968건 | 갱신 필요 8816건 | 완료 스킵 12295건
2026-10-01 16:51:12,878 [INFO] track_outcomes —   가격 조회 고유 종목 949개 (기존 313 + 대조군 추가 636)
2026-10-01 17:04:35,508 [INFO] track_outcomes — outcomes 적재: 신규 359건 | 갱신(신규+보완) 1976건
